total number of nestable workpieces：924
Start priority-first combined packing.
Start nesting on the 1th large board, remaining blocks count: 209
Utilization of the 1th large board: 94.32306275194841, Time taken for this board: 3.063s
-------------------------------------------------------------------
Start nesting on the 2th large board, remaining blocks count: 207
Utilization of the 2th large board: 94.20212980381618, Time taken for this board: 5.71s
-------------------------------------------------------------------
Start nesting on the 3th large board, remaining blocks count: 205
Utilization of the 3th large board: 92.6847621607095, Time taken for this board: 9.042s
-------------------------------------------------------------------
Start nesting on the 4th large board, remaining blocks count: 205
Utilization of the 4th large board: 92.6847621607095, Time taken for this board: 12.791s
-------------------------------------------------------------------
Start nesting on the 5th large board, remaining blocks count: 204
Utilization of the 5th large board: 96.73320343993551, Time taken for this board: 16.169s
-------------------------------------------------------------------
Start nesting on the 6th large board, remaining blocks count: 204
Utilization of the 6th large board: 96.36495565708142, Time taken for this board: 19.156s
-------------------------------------------------------------------
Start nesting on the 7th large board, remaining blocks count: 200
Utilization of the 7th large board: 93.07256113947864, Time taken for this board: 22.12s
-------------------------------------------------------------------
Start nesting on the 8th large board, remaining blocks count: 198
Utilization of the 8th large board: 94.31577532921257, Time taken for this board: 24.57s
-------------------------------------------------------------------
Start nesting on the 9th large board, remaining blocks count: 198
Utilization of the 9th large board: 94.31577532921257, Time taken for this board: 26.969s
-------------------------------------------------------------------
Start nesting on the 10th large board, remaining blocks count: 198
Utilization of the 10th large board: 94.31577532921257, Time taken for this board: 29.377s
-------------------------------------------------------------------
Start nesting on the 11th large board, remaining blocks count: 196
Utilization of the 11th large board: 92.13779897876914, Time taken for this board: 31.635s
-------------------------------------------------------------------
Start nesting on the 12th large board, remaining blocks count: 196
Utilization of the 12th large board: 92.13779897876914, Time taken for this board: 33.969s
-------------------------------------------------------------------
Start nesting on the 13th large board, remaining blocks count: 196
Utilization of the 13th large board: 92.13779897876914, Time taken for this board: 36.159s
-------------------------------------------------------------------
Start nesting on the 14th large board, remaining blocks count: 196
Utilization of the 14th large board: 92.13779897876914, Time taken for this board: 38.398s
-------------------------------------------------------------------
Start nesting on the 15th large board, remaining blocks count: 195
Utilization of the 15th large board: 92.95691682343455, Time taken for this board: 40.231s
-------------------------------------------------------------------
Start nesting on the 16th large board, remaining blocks count: 193
Utilization of the 16th large board: 89.02492609513573, Time taken for this board: 41.594s
-------------------------------------------------------------------
Start nesting on the 17th large board, remaining blocks count: 193
Utilization of the 17th large board: 89.02492609513573, Time taken for this board: 42.981s
-------------------------------------------------------------------
Start nesting on the 18th large board, remaining blocks count: 192
Utilization of the 18th large board: 90.28970706799247, Time taken for this board: 44.296s
-------------------------------------------------------------------
Start nesting on the 19th large board, remaining blocks count: 192
Utilization of the 19th large board: 90.28970706799247, Time taken for this board: 45.986000000000004s
-------------------------------------------------------------------
Start nesting on the 20th large board, remaining blocks count: 189
Utilization of the 20th large board: 90.64957336737436, Time taken for this board: 47.441s
-------------------------------------------------------------------
Start nesting on the 21th large board, remaining blocks count: 189
Utilization of the 21th large board: 90.64957336737436, Time taken for this board: 48.895s
-------------------------------------------------------------------
Start nesting on the 22th large board, remaining blocks count: 187
Utilization of the 22th large board: 90.34021432410643, Time taken for this board: 50.312s
-------------------------------------------------------------------
Start nesting on the 23th large board, remaining blocks count: 183
Utilization of the 23th large board: 97.25127653856491, Time taken for this board: 51.884s
-------------------------------------------------------------------
Start nesting on the 24th large board, remaining blocks count: 179
Utilization of the 24th large board: 97.1991400161247, Time taken for this board: 53.472s
-------------------------------------------------------------------
Start nesting on the 25th large board, remaining blocks count: 175
Utilization of the 25th large board: 96.72897070679925, Time taken for this board: 55.107s
-------------------------------------------------------------------
Start nesting on the 26th large board, remaining blocks count: 173
Utilization of the 26th large board: 96.59147406611126, Time taken for this board: 56.642s
-------------------------------------------------------------------
Start nesting on the 27th large board, remaining blocks count: 173
Utilization of the 27th large board: 96.59147406611126, Time taken for this board: 58.152s
-------------------------------------------------------------------
Start nesting on the 28th large board, remaining blocks count: 170
Utilization of the 28th large board: 96.91584923407687, Time taken for this board: 60.009s
-------------------------------------------------------------------
Start nesting on the 29th large board, remaining blocks count: 168
Utilization of the 29th large board: 96.28490325181403, Time taken for this board: 61.744s
-------------------------------------------------------------------
Start nesting on the 30th large board, remaining blocks count: 164
Utilization of the 30th large board: 96.01666218758399, Time taken for this board: 63.487s
-------------------------------------------------------------------
Start nesting on the 31th large board, remaining blocks count: 162
Utilization of the 31th large board: 95.75661784466541, Time taken for this board: 65.196s
-------------------------------------------------------------------
Start nesting on the 32th large board, remaining blocks count: 162
Utilization of the 32th large board: 95.75661784466541, Time taken for this board: 66.869s
-------------------------------------------------------------------
Start nesting on the 33th large board, remaining blocks count: 160
Utilization of the 33th large board: 95.69457135178716, Time taken for this board: 68.542s
-------------------------------------------------------------------
Start nesting on the 34th large board, remaining blocks count: 160
Utilization of the 34th large board: 95.69457135178716, Time taken for this board: 70.21900000000001s
-------------------------------------------------------------------
Start nesting on the 35th large board, remaining blocks count: 156
Utilization of the 35th large board: 95.65123622682076, Time taken for this board: 71.858s
-------------------------------------------------------------------
Start nesting on the 36th large board, remaining blocks count: 154
Utilization of the 36th large board: 95.5236159634507, Time taken for this board: 73.353s
-------------------------------------------------------------------
Start nesting on the 37th large board, remaining blocks count: 152
Utilization of the 37th large board: 95.20723595807578, Time taken for this board: 74.896s
-------------------------------------------------------------------
Start nesting on the 38th large board, remaining blocks count: 150
Utilization of the 38th large board: 95.18758398280032, Time taken for this board: 76.395s
-------------------------------------------------------------------
Start nesting on the 39th large board, remaining blocks count: 148
Utilization of the 39th large board: 94.96254367105617, Time taken for this board: 77.83s
-------------------------------------------------------------------
Start nesting on the 40th large board, remaining blocks count: 145
Utilization of the 40th large board: 88.64391292663262, Time taken for this board: 78.425s
-------------------------------------------------------------------
Start nesting on the 41th large board, remaining blocks count: 145
Utilization of the 41th large board: 88.64391292663262, Time taken for this board: 79.035s
-------------------------------------------------------------------
Start nesting on the 42th large board, remaining blocks count: 142
Utilization of the 42th large board: 99.05331228164471, Time taken for this board: 80.19200000000001s
-------------------------------------------------------------------
Start nesting on the 43th large board, remaining blocks count: 136
Utilization of the 43th large board: 98.85514646600376, Time taken for this board: 81.315s
-------------------------------------------------------------------
Start nesting on the 44th large board, remaining blocks count: 132
Utilization of the 44th large board: 98.67508734211233, Time taken for this board: 82.406s
-------------------------------------------------------------------
Start nesting on the 45th large board, remaining blocks count: 130
Utilization of the 45th large board: 99.00483740929857, Time taken for this board: 83.458s
-------------------------------------------------------------------
Start nesting on the 46th large board, remaining blocks count: 126
Utilization of the 46th large board: 99.25396398817523, Time taken for this board: 84.001s
-------------------------------------------------------------------
Start nesting on the 47th large board, remaining blocks count: 120
Utilization of the 47th large board: 99.17599435635582, Time taken for this board: 84.517s
-------------------------------------------------------------------
Start nesting on the 48th large board, remaining blocks count: 116
Utilization of the 48th large board: 99.07521499596884, Time taken for this board: 84.988s
-------------------------------------------------------------------
Start nesting on the 49th large board, remaining blocks count: 110
Utilization of the 49th large board: 98.0559661381349, Time taken for this board: 85.404s
-------------------------------------------------------------------
Start nesting on the 50th large board, remaining blocks count: 108
Utilization of the 50th large board: 98.05284197796291, Time taken for this board: 85.812s
-------------------------------------------------------------------
Start nesting on the 51th large board, remaining blocks count: 104
Utilization of the 51th large board: 97.80012093523246, Time taken for this board: 86.22s
-------------------------------------------------------------------
Start nesting on the 52th large board, remaining blocks count: 102
Utilization of the 52th large board: 97.93839021768342, Time taken for this board: 86.60000000000001s
-------------------------------------------------------------------
Start nesting on the 53th large board, remaining blocks count: 100
Utilization of the 53th large board: 98.11448535339962, Time taken for this board: 86.983s
-------------------------------------------------------------------
Start nesting on the 54th large board, remaining blocks count: 100
Utilization of the 54th large board: 98.11448535339962, Time taken for this board: 87.38s
-------------------------------------------------------------------
Start nesting on the 55th large board, remaining blocks count: 96
Utilization of the 55th large board: 97.89962375705454, Time taken for this board: 87.762s
-------------------------------------------------------------------
Start nesting on the 56th large board, remaining blocks count: 96
Utilization of the 56th large board: 98.20438054286481, Time taken for this board: 88.111s
-------------------------------------------------------------------
Start nesting on the 57th large board, remaining blocks count: 90
Utilization of the 57th large board: 97.63964660037624, Time taken for this board: 88.429s
-------------------------------------------------------------------
Start nesting on the 58th large board, remaining blocks count: 84
Utilization of the 58th large board: 97.08761085729644, Time taken for this board: 88.709s
-------------------------------------------------------------------
Start nesting on the 59th large board, remaining blocks count: 80
Utilization of the 59th large board: 97.57279629131955, Time taken for this board: 88.956s
-------------------------------------------------------------------
Start nesting on the 60th large board, remaining blocks count: 78
Utilization of the 60th large board: 97.28604541789842, Time taken for this board: 89.193s
-------------------------------------------------------------------
Start nesting on the 61th large board, remaining blocks count: 74
Utilization of the 61th large board: 96.96694436979307, Time taken for this board: 89.418s
-------------------------------------------------------------------
Start nesting on the 62th large board, remaining blocks count: 74
Utilization of the 62th large board: 96.96694436979307, Time taken for this board: 89.649s
-------------------------------------------------------------------
Start nesting on the 63th large board, remaining blocks count: 72
Utilization of the 63th large board: 96.70253292125771, Time taken for this board: 89.872s
-------------------------------------------------------------------
Start nesting on the 64th large board, remaining blocks count: 66
Utilization of the 64th large board: 95.56134103735556, Time taken for this board: 90.077s
-------------------------------------------------------------------
Start nesting on the 65th large board, remaining blocks count: 64
Utilization of the 65th large board: 95.29635850577802, Time taken for this board: 90.168s
-------------------------------------------------------------------
Start nesting on the 66th large board, remaining blocks count: 62
Utilization of the 66th large board: 95.22423407686105, Time taken for this board: 90.251s
-------------------------------------------------------------------
Start nesting on the 67th large board, remaining blocks count: 60
Utilization of the 67th large board: 95.20169309325449, Time taken for this board: 90.33500000000001s
-------------------------------------------------------------------
Start nesting on the 68th large board, remaining blocks count: 60
Utilization of the 68th large board: 95.20169309325449, Time taken for this board: 90.41s
-------------------------------------------------------------------
Start nesting on the 69th large board, remaining blocks count: 56
Utilization of the 69th large board: 95.1649758129535, Time taken for this board: 90.474s
-------------------------------------------------------------------
Start nesting on the 70th large board, remaining blocks count: 54
Utilization of the 70th large board: 94.55616769685568, Time taken for this board: 90.541s
-------------------------------------------------------------------
Start nesting on the 71th large board, remaining blocks count: 50
Utilization of the 71th large board: 96.05079279763504, Time taken for this board: 90.60600000000001s
-------------------------------------------------------------------
Start nesting on the 72th large board, remaining blocks count: 46
Utilization of the 72th large board: 96.06275194840097, Time taken for this board: 90.659s
-------------------------------------------------------------------
Start nesting on the 73th large board, remaining blocks count: 42
Utilization of the 73th large board: 95.53211502284333, Time taken for this board: 90.699s
-------------------------------------------------------------------
Start nesting on the 74th large board, remaining blocks count: 38
Utilization of the 74th large board: 93.40815640956733, Time taken for this board: 90.72800000000001s
-------------------------------------------------------------------
Start nesting on the 75th large board, remaining blocks count: 34
Utilization of the 75th large board: 92.45169309325449, Time taken for this board: 90.76s
-------------------------------------------------------------------
Start nesting on the 76th large board, remaining blocks count: 30
Utilization of the 76th large board: 96.42139209889814, Time taken for this board: 90.774s
-------------------------------------------------------------------
Start nesting on the 77th large board, remaining blocks count: 26
Utilization of the 77th large board: 90.96785138403655, Time taken for this board: 90.784s
-------------------------------------------------------------------
Start nesting on the 78th large board, remaining blocks count: 22
Utilization of the 78th large board: 92.1194571351787, Time taken for this board: 90.792s
-------------------------------------------------------------------
Start nesting on the 79th large board, remaining blocks count: 20
Utilization of the 79th large board: 91.85864015049717, Time taken for this board: 90.8s
-------------------------------------------------------------------
Start nesting on the 80th large board, remaining blocks count: 14
Utilization of the 80th large board: 91.3512496640688, Time taken for this board: 90.803s
-------------------------------------------------------------------
Start nesting on the 81th large board, remaining blocks count: 12
Utilization of the 81th large board: 84.07350174684224, Time taken for this board: 90.804s
-------------------------------------------------------------------
Start nesting on the 82th large board, remaining blocks count: 4
Utilization of the 82th large board: 39.885245901639344, Time taken for this board: 90.804s
-------------------------------------------------------------------
Start global repack optimization for 82 boards, time=278.701s.
Start improving solution by repacking.
Selecting boards with low utilization for repacking...
iter54		 Improve solution by repack 0.39885245901639343->0.3968496371943026 , unplacedBoxesSize:3
currentRepackCostTime:0.109s , currentRepackMaxTime:278.701s
iter58		 Improve solution by repack 0.3968496371943026->0.38292394517602796 , unplacedBoxesSize:2
currentRepackCostTime:0.115s , currentRepackMaxTime:278.701s
iter110		 Improve solution by repack 0.38292394517602796->0.3811461972588014 , unplacedBoxesSize:2
currentRepackCostTime:0.211s , currentRepackMaxTime:278.701s
iter126		 Improve solution by repack 0.3811461972588014->0.3283606557377049 , unplacedBoxesSize:2
currentRepackCostTime:0.247s , currentRepackMaxTime:278.701s
iter169		 Improve solution by repack 0.3283606557377049->0.3243664337543671 , unplacedBoxesSize:2
currentRepackCostTime:0.338s , currentRepackMaxTime:278.701s
iter215		 Improve solution by repack 0.3243664337543671->0.31403050255307713 , unplacedBoxesSize:3
currentRepackCostTime:0.43s , currentRepackMaxTime:278.701s
iter225		 Improve solution by repack 0.31403050255307713->0.29720370868046225 , unplacedBoxesSize:2
currentRepackCostTime:0.455s , currentRepackMaxTime:278.701s
iter228		 Improve solution by repack 0.29720370868046225->0.29323300188121476 , unplacedBoxesSize:2
currentRepackCostTime:0.466s , currentRepackMaxTime:278.701s
iter309		 Improve solution by repack 0.29323300188121476->0.27964189733942485 , unplacedBoxesSize:2
currentRepackCostTime:0.661s , currentRepackMaxTime:278.701s
iter337		 Improve solution by repack 0.27964189733942485->0.2699153453372749 , unplacedBoxesSize:2
currentRepackCostTime:0.728s , currentRepackMaxTime:278.701s
iter343		 Improve solution by repack 0.2699153453372749->0.2655771298038162 , unplacedBoxesSize:2
currentRepackCostTime:0.737s , currentRepackMaxTime:278.701s
iter773		 Improve solution by repack 0.2655771298038162->0.25349231792528887 , unplacedBoxesSize:4
currentRepackCostTime:1.686s , currentRepackMaxTime:278.701s
iter776		 Improve solution by repack 0.25349231792528887->0.2520451491534534 , unplacedBoxesSize:2
currentRepackCostTime:1.699s , currentRepackMaxTime:278.701s
iter791		 Improve solution by repack 0.2520451491534534->0.239798441279226 , unplacedBoxesSize:2
currentRepackCostTime:1.729s , currentRepackMaxTime:278.701s
iter792		 Improve solution by repack 0.239798441279226->0.23380610051061543 , unplacedBoxesSize:2
currentRepackCostTime:1.733s , currentRepackMaxTime:278.701s
iter830		 Improve solution by repack 0.23380610051061543->0.22085259338887395 , unplacedBoxesSize:2
currentRepackCostTime:1.829s , currentRepackMaxTime:278.701s
iter852		 Improve solution by repack 0.22085259338887395->0.17285810266057514 , unplacedBoxesSize:1
currentRepackCostTime:1.8920000000000001s , currentRepackMaxTime:278.701s
iter1397		 Improve solution by repack 0.17285810266057514->0.15298810803547433 , unplacedBoxesSize:1
currentRepackCostTime:3.004s , currentRepackMaxTime:278.701s
iter1438		 Improve solution by repack 0.15298810803547433->0.12434560601988713 , unplacedBoxesSize:1
currentRepackCostTime:3.072s , currentRepackMaxTime:278.701s
Selecting boards with low utilization for repacking...
Selecting boards with low utilization for repacking...
iter2		 Improve solution by repack 0.8864391292663263->0.2255764579414136 , unplacedBoxesSize:2
currentRepackCostTime:21.165s , currentRepackMaxTime:278.701s
iter12		 Improve solution by repack 0.2255764579414136->0.21862671324912655 , unplacedBoxesSize:2
currentRepackCostTime:21.189s , currentRepackMaxTime:278.701s
iter49		 Improve solution by repack 0.21862671324912655->0.21843926363880678 , unplacedBoxesSize:2
currentRepackCostTime:21.272000000000002s , currentRepackMaxTime:278.701s
iter60		 Improve solution by repack 0.21843926363880678->0.21565237839290513 , unplacedBoxesSize:2
currentRepackCostTime:21.308s , currentRepackMaxTime:278.701s
iter390		 Improve solution by repack 0.21565237839290513->0.1843261220102123 , unplacedBoxesSize:2
currentRepackCostTime:22.152s , currentRepackMaxTime:278.701s
iter400		 Improve solution by repack 0.1843261220102123->0.17285810266057514 , unplacedBoxesSize:1
currentRepackCostTime:22.181s , currentRepackMaxTime:278.701s
iter821		 Improve solution by repack 0.17285810266057514->0.15644181671593657 , unplacedBoxesSize:1
currentRepackCostTime:22.995s , currentRepackMaxTime:278.701s
iter1194		 Improve solution by repack 0.15644181671593657->0.15565170653050253 , unplacedBoxesSize:1
currentRepackCostTime:23.69s , currentRepackMaxTime:278.701s
iter1767		 Improve solution by repack 0.15565170653050253->0.1129857565170653 , unplacedBoxesSize:1
currentRepackCostTime:24.825s , currentRepackMaxTime:278.701s
iter1780		 Improve solution by repack 0.1129857565170653->0.10778352593388874 , unplacedBoxesSize:1
currentRepackCostTime:24.852s , currentRepackMaxTime:278.701s
iter2099		 Improve solution by repack 0.10778352593388874->0.1070337274926095 , unplacedBoxesSize:1
currentRepackCostTime:25.519000000000002s , currentRepackMaxTime:278.701s
iter4336		 Improve solution by repack 0.1070337274926095->0.09671324912657887 , unplacedBoxesSize:1
currentRepackCostTime:30.167s , currentRepackMaxTime:278.701s
iter4569		 Improve solution by repack 0.09671324912657887->0.09271902714324107 , unplacedBoxesSize:1
currentRepackCostTime:30.646s , currentRepackMaxTime:278.701s
Selecting boards with low utilization for repacking...
Selecting boards with low utilization for repacking...
iter9		 Improve solution by repack 0.8864391292663263->0.8522897070679926 , unplacedBoxesSize:3
currentRepackCostTime:48.732s , currentRepackMaxTime:278.701s
iter15		 Improve solution by repack 0.8522897070679926->0.2025503896801935 , unplacedBoxesSize:1
currentRepackCostTime:48.743s , currentRepackMaxTime:278.701s
iter58		 Improve solution by repack 0.2025503896801935->0.15644181671593657 , unplacedBoxesSize:1
currentRepackCostTime:48.82s , currentRepackMaxTime:278.701s
iter92		 Improve solution by repack 0.15644181671593657->0.14166017199677505 , unplacedBoxesSize:2
currentRepackCostTime:48.896s , currentRepackMaxTime:278.701s
iter158		 Improve solution by repack 0.14166017199677505->0.11377586670249933 , unplacedBoxesSize:1
currentRepackCostTime:49.08s , currentRepackMaxTime:278.701s
iter167		 Improve solution by repack 0.11377586670249933->0.1129857565170653 , unplacedBoxesSize:1
currentRepackCostTime:49.099000000000004s , currentRepackMaxTime:278.701s
iter216		 Improve solution by repack 0.1129857565170653->0.1127882289707068 , unplacedBoxesSize:1
currentRepackCostTime:49.194s , currentRepackMaxTime:278.701s
iter231		 Improve solution by repack 0.1127882289707068->0.10797097554420855 , unplacedBoxesSize:1
currentRepackCostTime:49.229s , currentRepackMaxTime:278.701s
iter245		 Improve solution by repack 0.10797097554420855->0.1078688524590164 , unplacedBoxesSize:1
currentRepackCostTime:49.255s , currentRepackMaxTime:278.701s
iter252		 Improve solution by repack 0.1078688524590164->0.09271902714324107 , unplacedBoxesSize:1
currentRepackCostTime:49.267s , currentRepackMaxTime:278.701s
Selecting boards with low utilization for repacking...
Selecting boards with low utilization for repacking...
iter22		 Improve solution by repack 0.8543214189733943->0.8522897070679926 , unplacedBoxesSize:3
currentRepackCostTime:69.21000000000001s , currentRepackMaxTime:278.701s
iter54		 Improve solution by repack 0.8522897070679926->0.8477156678312282 , unplacedBoxesSize:3
currentRepackCostTime:69.273s , currentRepackMaxTime:278.701s
iter112		 Improve solution by repack 0.8477156678312282->0.11377586670249933 , unplacedBoxesSize:1
currentRepackCostTime:69.374s , currentRepackMaxTime:278.701s
iter196		 Improve solution by repack 0.11377586670249933->0.1127882289707068 , unplacedBoxesSize:1
currentRepackCostTime:69.526s , currentRepackMaxTime:278.701s
iter268		 Improve solution by repack 0.1127882289707068->0.09671324912657887 , unplacedBoxesSize:1
currentRepackCostTime:69.666s , currentRepackMaxTime:278.701s
iter501		 Improve solution by repack 0.09671324912657887->0.09271902714324107 , unplacedBoxesSize:1
currentRepackCostTime:70.162s , currentRepackMaxTime:278.701s
Selecting boards with low utilization for repacking...
Selecting boards with low utilization for repacking...
iter4		 Improve solution by repack 0.8785568395592583->0.8689881752217146 , unplacedBoxesSize:4
currentRepackCostTime:89.676s , currentRepackMaxTime:278.701s
iter36		 Improve solution by repack 0.8689881752217146->0.11103466809997312 , unplacedBoxesSize:1
currentRepackCostTime:89.745s , currentRepackMaxTime:278.701s
iter814		 Improve solution by repack 0.11103466809997312->0.10961703843052943 , unplacedBoxesSize:1
currentRepackCostTime:91.384s , currentRepackMaxTime:278.701s
iter851		 Improve solution by repack 0.10961703843052943->0.09671324912657887 , unplacedBoxesSize:1
currentRepackCostTime:91.45700000000001s , currentRepackMaxTime:278.701s
iter909		 Improve solution by repack 0.09671324912657887->0.09271902714324107 , unplacedBoxesSize:1
currentRepackCostTime:91.575s , currentRepackMaxTime:278.701s
Selecting boards with low utilization for repacking...
Selecting boards with low utilization for repacking...
iter5		 Improve solution by repack 0.8902492609513571->0.8881349099704381 , unplacedBoxesSize:3
currentRepackCostTime:110.18900000000001s , currentRepackMaxTime:278.701s
iter77		 Improve solution by repack 0.8881349099704381->0.11834990593926363 , unplacedBoxesSize:1
currentRepackCostTime:110.309s , currentRepackMaxTime:278.701s
iter249		 Improve solution by repack 0.11834990593926363->0.10778352593388874 , unplacedBoxesSize:1
currentRepackCostTime:110.655s , currentRepackMaxTime:278.701s
iter356		 Improve solution by repack 0.10778352593388874->0.1070337274926095 , unplacedBoxesSize:1
currentRepackCostTime:110.878s , currentRepackMaxTime:278.701s
iter2984		 Improve solution by repack 0.1070337274926095->0.09705724267669981 , unplacedBoxesSize:1
currentRepackCostTime:116.483s , currentRepackMaxTime:278.701s
iter3005		 Improve solution by repack 0.09705724267669981->0.09271902714324107 , unplacedBoxesSize:1
currentRepackCostTime:116.522s , currentRepackMaxTime:278.701s
iter3034		 Improve solution by repack 0.09271902714324107->0.08340902983069066 , unplacedBoxesSize:1
currentRepackCostTime:116.583s , currentRepackMaxTime:278.701s
Selecting boards with low utilization for repacking...
Selecting boards with low utilization for repacking...
iter31		 Improve solution by repack 0.8858102660575115->0.08340902983069066 , unplacedBoxesSize:1
currentRepackCostTime:131.183s , currentRepackMaxTime:278.701s
Selecting boards with low utilization for repacking...
Selecting boards with low utilization for repacking...
iter19		 Improve solution by repack 0.8858102660575115->0.08340902983069066 , unplacedBoxesSize:1
currentRepackCostTime:152.012s , currentRepackMaxTime:278.701s
Selecting boards with low utilization for repacking...
Selecting boards with low utilization for repacking...
iter26		 Improve solution by repack 0.8902492609513571->0.08340902983069066 , unplacedBoxesSize:1
currentRepackCostTime:172.594s , currentRepackMaxTime:278.701s
Selecting boards with low utilization for repacking...
Selecting boards with low utilization for repacking...
iter1		 Improve solution by repack 0.8902492609513571->0.8881349099704381 , unplacedBoxesSize:3
currentRepackCostTime:193.098s , currentRepackMaxTime:278.701s
iter59		 Improve solution by repack 0.8881349099704381->0.11834990593926363 , unplacedBoxesSize:1
currentRepackCostTime:193.197s , currentRepackMaxTime:278.701s
iter164		 Improve solution by repack 0.11834990593926363->0.11063894114485352 , unplacedBoxesSize:2
currentRepackCostTime:193.391s , currentRepackMaxTime:278.701s
iter172		 Improve solution by repack 0.11063894114485352->0.09671324912657887 , unplacedBoxesSize:1
currentRepackCostTime:193.411s , currentRepackMaxTime:278.701s
iter180		 Improve solution by repack 0.09671324912657887->0.08340902983069066 , unplacedBoxesSize:1
currentRepackCostTime:193.42600000000002s , currentRepackMaxTime:278.701s
Selecting boards with low utilization for repacking...
Selecting boards with low utilization for repacking...
iter80		 Improve solution by repack 0.8664982531577532->0.08340902983069066 , unplacedBoxesSize:1
currentRepackCostTime:214.00900000000001s , currentRepackMaxTime:278.701s
Selecting boards with low utilization for repacking...
Selecting boards with low utilization for repacking...
iter100		 Improve solution by repack 0.8664982531577532->0.17285810266057514 , unplacedBoxesSize:1
currentRepackCostTime:234.77s , currentRepackMaxTime:278.701s
iter136		 Improve solution by repack 0.17285810266057514->0.15565170653050253 , unplacedBoxesSize:1
currentRepackCostTime:234.85s , currentRepackMaxTime:278.701s
iter196		 Improve solution by repack 0.15565170653050253->0.08340902983069066 , unplacedBoxesSize:1
currentRepackCostTime:234.965s , currentRepackMaxTime:278.701s
Selecting boards with low utilization for repacking...
Selecting boards with low utilization for repacking...
iter13		 Improve solution by repack 0.8664982531577532->0.08340902983069066 , unplacedBoxesSize:1
currentRepackCostTime:255.32s , currentRepackMaxTime:278.701s
Selecting boards with low utilization for repacking...
Selecting boards with low utilization for repacking...
iter44		 Improve solution by repack 0.8664982531577532->0.08340902983069066 , unplacedBoxesSize:1
currentRepackCostTime:276.333s , currentRepackMaxTime:278.701s
Global repack result: 82 -> 82 boards.
Start nesting on the 1th large board, remaining blocks count: 248
Utilization of the 1th large board: 98.77596748185972, Time taken for this board: 4.567s
-------------------------------------------------------------------
Start nesting on the 2th large board, remaining blocks count: 245
Utilization of the 2th large board: 98.32091507659231, Time taken for this board: 10.152000000000001s
-------------------------------------------------------------------
Start nesting on the 3th large board, remaining blocks count: 236
Utilization of the 3th large board: 99.52768073098629, Time taken for this board: 18.899s
-------------------------------------------------------------------
Start nesting on the 4th large board, remaining blocks count: 229
Utilization of the 4th large board: 98.93916285944638, Time taken for this board: 26.207s
-------------------------------------------------------------------
Start nesting on the 5th large board, remaining blocks count: 223
Utilization of the 5th large board: 99.2100241870465, Time taken for this board: 31.205000000000002s
-------------------------------------------------------------------
Start nesting on the 6th large board, remaining blocks count: 222
Utilization of the 6th large board: 99.44645256651438, Time taken for this board: 38.364000000000004s
-------------------------------------------------------------------
Start nesting on the 7th large board, remaining blocks count: 218
Utilization of the 7th large board: 99.5711166353131, Time taken for this board: 48.61s
-------------------------------------------------------------------
Start nesting on the 8th large board, remaining blocks count: 209
Utilization of the 8th large board: 99.04514915345338, Time taken for this board: 56.476s
-------------------------------------------------------------------
Start nesting on the 9th large board, remaining blocks count: 200
Utilization of the 9th large board: 99.58159768879334, Time taken for this board: 61.358000000000004s
-------------------------------------------------------------------
Start nesting on the 10th large board, remaining blocks count: 193
Utilization of the 10th large board: 99.54115157215803, Time taken for this board: 65.962s
-------------------------------------------------------------------
Start nesting on the 11th large board, remaining blocks count: 190
Utilization of the 11th large board: 99.49492743886053, Time taken for this board: 72.44200000000001s
-------------------------------------------------------------------
Start nesting on the 12th large board, remaining blocks count: 186
Utilization of the 12th large board: 99.45169309325449, Time taken for this board: 78.401s
-------------------------------------------------------------------
Start nesting on the 13th large board, remaining blocks count: 178
Utilization of the 13th large board: 99.4310669174953, Time taken for this board: 85.121s
-------------------------------------------------------------------
Start nesting on the 14th large board, remaining blocks count: 172
Utilization of the 14th large board: 99.44302606826122, Time taken for this board: 89.813s
-------------------------------------------------------------------
Start nesting on the 15th large board, remaining blocks count: 170
Utilization of the 15th large board: 99.02831671593657, Time taken for this board: 94.419s
-------------------------------------------------------------------
Start nesting on the 16th large board, remaining blocks count: 158
Utilization of the 16th large board: 99.03624697661918, Time taken for this board: 99.20700000000001s
-------------------------------------------------------------------
Start nesting on the 17th large board, remaining blocks count: 154
Utilization of the 17th large board: 99.02825181402848, Time taken for this board: 103.86500000000001s
-------------------------------------------------------------------
Start nesting on the 18th large board, remaining blocks count: 146
Utilization of the 18th large board: 99.39317387798978, Time taken for this board: 108.551s
-------------------------------------------------------------------
Start nesting on the 19th large board, remaining blocks count: 138
Utilization of the 19th large board: 99.20431335662457, Time taken for this board: 113.068s
-------------------------------------------------------------------
Start nesting on the 20th large board, remaining blocks count: 132
Utilization of the 20th large board: 98.88010615425961, Time taken for this board: 116.965s
-------------------------------------------------------------------
Start nesting on the 21th large board, remaining blocks count: 126
Utilization of the 21th large board: 98.90016124697662, Time taken for this board: 118.812s
-------------------------------------------------------------------
Start nesting on the 22th large board, remaining blocks count: 118
Utilization of the 22th large board: 98.83811475409836, Time taken for this board: 120.148s
-------------------------------------------------------------------
Start nesting on the 23th large board, remaining blocks count: 108
Utilization of the 23th large board: 98.69930798172534, Time taken for this board: 121.32600000000001s
-------------------------------------------------------------------
Start nesting on the 24th large board, remaining blocks count: 98
Utilization of the 24th large board: 98.98955253963989, Time taken for this board: 122.181s
-------------------------------------------------------------------
Start nesting on the 25th large board, remaining blocks count: 90
Utilization of the 25th large board: 98.83878661650094, Time taken for this board: 123.066s
-------------------------------------------------------------------
Start nesting on the 26th large board, remaining blocks count: 82
Utilization of the 26th large board: 98.1777076054824, Time taken for this board: 123.85600000000001s
-------------------------------------------------------------------
Start nesting on the 27th large board, remaining blocks count: 72
Utilization of the 27th large board: 98.78157753292126, Time taken for this board: 124.44s
-------------------------------------------------------------------
Start nesting on the 28th large board, remaining blocks count: 66
Utilization of the 28th large board: 98.28883364686912, Time taken for this board: 124.917s
-------------------------------------------------------------------
Start nesting on the 29th large board, remaining blocks count: 58
Utilization of the 29th large board: 97.91443832303143, Time taken for this board: 125.051s
-------------------------------------------------------------------
Start nesting on the 30th large board, remaining blocks count: 52
Utilization of the 30th large board: 96.64747379736629, Time taken for this board: 125.144s
-------------------------------------------------------------------
Start nesting on the 31th large board, remaining blocks count: 46
Utilization of the 31th large board: 96.40567051867777, Time taken for this board: 125.224s
-------------------------------------------------------------------
Start nesting on the 32th large board, remaining blocks count: 42
Utilization of the 32th large board: 90.37127116366568, Time taken for this board: 125.297s
-------------------------------------------------------------------
Start nesting on the 33th large board, remaining blocks count: 40
Utilization of the 33th large board: 90.05536146197258, Time taken for this board: 125.354s
-------------------------------------------------------------------
Start nesting on the 34th large board, remaining blocks count: 34
Utilization of the 34th large board: 91.4891158290782, Time taken for this board: 125.417s
-------------------------------------------------------------------
Start nesting on the 35th large board, remaining blocks count: 32
Utilization of the 35th large board: 87.6042730448804, Time taken for this board: 125.435s
-------------------------------------------------------------------
Start nesting on the 36th large board, remaining blocks count: 30
Utilization of the 36th large board: 86.50564364418167, Time taken for this board: 125.45400000000001s
-------------------------------------------------------------------
Start nesting on the 37th large board, remaining blocks count: 22
Utilization of the 37th large board: 94.9680193496372, Time taken for this board: 125.473s
-------------------------------------------------------------------
Start nesting on the 38th large board, remaining blocks count: 20
Utilization of the 38th large board: 88.21257726417629, Time taken for this board: 125.49000000000001s
-------------------------------------------------------------------
Start nesting on the 39th large board, remaining blocks count: 16
Utilization of the 39th large board: 86.22682074711099, Time taken for this board: 125.49600000000001s
-------------------------------------------------------------------
Start nesting on the 40th large board, remaining blocks count: 14
Utilization of the 40th large board: 85.96439129266327, Time taken for this board: 125.501s
-------------------------------------------------------------------
Start nesting on the 41th large board, remaining blocks count: 10
Utilization of the 41th large board: 85.47702230583177, Time taken for this board: 125.50500000000001s
-------------------------------------------------------------------
Start nesting on the 42th large board, remaining blocks count: 8
Utilization of the 42th large board: 79.2823165815641, Time taken for this board: 125.506s
-------------------------------------------------------------------
Start nesting on the 43th large board, remaining blocks count: 2
Utilization of the 43th large board: 31.80193496371943, Time taken for this board: 125.506s
-------------------------------------------------------------------
Start global repack optimization for 43 boards, time=94.189s.
Start improving solution by repacking.
Selecting boards with low utilization for repacking...
iter26		 Improve solution by repack 0.3180193496371943->0.26248185971513033 , unplacedBoxesSize:2
currentRepackCostTime:0.227s , currentRepackMaxTime:94.189s
iter38		 Improve solution by repack 0.26248185971513033->0.2112735151840903 , unplacedBoxesSize:3
currentRepackCostTime:0.357s , currentRepackMaxTime:94.189s
iter39		 Improve solution by repack 0.2112735151840903->0.18341406879871 , unplacedBoxesSize:4
currentRepackCostTime:0.362s , currentRepackMaxTime:94.189s
iter40		 Improve solution by repack 0.18341406879871->0.15380274119860252 , unplacedBoxesSize:3
currentRepackCostTime:0.383s , currentRepackMaxTime:94.189s
iter42		 Improve solution by repack 0.15380274119860252->0.10588282719699006 , unplacedBoxesSize:1
currentRepackCostTime:0.40800000000000003s , currentRepackMaxTime:94.189s
iter45		 Improve solution by repack 0.10588282719699006->0.10347218489653319 , unplacedBoxesSize:1
currentRepackCostTime:0.425s , currentRepackMaxTime:94.189s
iter75		 Improve solution by repack 0.10347218489653319->0.09668771835528084 , unplacedBoxesSize:1
currentRepackCostTime:0.743s , currentRepackMaxTime:94.189s
iter95		 Improve solution by repack 0.09668771835528084->0.08608438591776404 , unplacedBoxesSize:2
currentRepackCostTime:0.9430000000000001s , currentRepackMaxTime:94.189s
iter97		 Improve solution by repack 0.08608438591776404->0.07610722923945176 , unplacedBoxesSize:2
currentRepackCostTime:0.9550000000000001s , currentRepackMaxTime:94.189s
iter103		 Improve solution by repack 0.07610722923945176->0.07268879333512497 , unplacedBoxesSize:3
currentRepackCostTime:1.036s , currentRepackMaxTime:94.189s
iter107		 Improve solution by repack 0.07268879333512497->0.0489545821015856 , unplacedBoxesSize:2
currentRepackCostTime:1.08s , currentRepackMaxTime:94.189s
iter121		 Improve solution by repack 0.0489545821015856->0.03968288094598226 , unplacedBoxesSize:2
currentRepackCostTime:1.2530000000000001s , currentRepackMaxTime:94.189s
iter132		 Improve solution by repack 0.03968288094598226->0.01984144047299113 , unplacedBoxesSize:1
currentRepackCostTime:1.395s , currentRepackMaxTime:94.189s
iter136		 Improve solution by repack 0.01984144047299113->0.0 , unplacedBoxesSize:0
currentRepackCostTime:1.438s , currentRepackMaxTime:94.189s
Improved success. Continue searching for another removable board.
Selecting boards with low utilization for repacking...
iter2		 Improve solution by repack 0.8622682074711099->0.8603937113679119 , unplacedBoxesSize:8
currentRepackCostTime:1.459s , currentRepackMaxTime:94.189s
iter6		 Improve solution by repack 0.8603937113679119->0.8478248454716474 , unplacedBoxesSize:8
currentRepackCostTime:1.514s , currentRepackMaxTime:94.189s
iter22		 Improve solution by repack 0.8478248454716474->0.8074391964525666 , unplacedBoxesSize:7
currentRepackCostTime:1.695s , currentRepackMaxTime:94.189s
iter38		 Improve solution by repack 0.8074391964525666->0.8026659500134372 , unplacedBoxesSize:9
currentRepackCostTime:1.855s , currentRepackMaxTime:94.189s
iter44		 Improve solution by repack 0.8026659500134372->0.7738040849234077 , unplacedBoxesSize:8
currentRepackCostTime:1.936s , currentRepackMaxTime:94.189s
iter50		 Improve solution by repack 0.7738040849234077->0.769680193496372 , unplacedBoxesSize:8
currentRepackCostTime:2.016s , currentRepackMaxTime:94.189s
iter58		 Improve solution by repack 0.769680193496372->0.7645941951088417 , unplacedBoxesSize:9
currentRepackCostTime:2.112s , currentRepackMaxTime:94.189s
iter70		 Improve solution by repack 0.7645941951088417->0.762034399355012 , unplacedBoxesSize:9
currentRepackCostTime:2.266s , currentRepackMaxTime:94.189s
iter76		 Improve solution by repack 0.762034399355012->0.753865896264445 , unplacedBoxesSize:8
currentRepackCostTime:2.356s , currentRepackMaxTime:94.189s
iter85		 Improve solution by repack 0.753865896264445->0.7452660575114216 , unplacedBoxesSize:8
currentRepackCostTime:2.455s , currentRepackMaxTime:94.189s
iter88		 Improve solution by repack 0.7452660575114216->0.7273266595001344 , unplacedBoxesSize:10
currentRepackCostTime:2.5s , currentRepackMaxTime:94.189s
iter90		 Improve solution by repack 0.7273266595001344->0.7077418704649288 , unplacedBoxesSize:8
currentRepackCostTime:2.539s , currentRepackMaxTime:94.189s
iter91		 Improve solution by repack 0.7077418704649288->0.6987234614350981 , unplacedBoxesSize:8
currentRepackCostTime:2.545s , currentRepackMaxTime:94.189s
iter100		 Improve solution by repack 0.6987234614350981->0.6896103198065037 , unplacedBoxesSize:7
currentRepackCostTime:2.669s , currentRepackMaxTime:94.189s
iter147		 Improve solution by repack 0.6896103198065037->0.675655737704918 , unplacedBoxesSize:6
currentRepackCostTime:3.21s , currentRepackMaxTime:94.189s
iter195		 Improve solution by repack 0.675655737704918->0.6672735823703306 , unplacedBoxesSize:7
currentRepackCostTime:3.717s , currentRepackMaxTime:94.189s
iter221		 Improve solution by repack 0.6672735823703306->0.6641262429454448 , unplacedBoxesSize:6
currentRepackCostTime:4.061s , currentRepackMaxTime:94.189s
iter241		 Improve solution by repack 0.6641262429454448->0.6428577667293738 , unplacedBoxesSize:4
currentRepackCostTime:4.277s , currentRepackMaxTime:94.189s
iter242		 Improve solution by repack 0.6428577667293738->0.6391050792797635 , unplacedBoxesSize:8
currentRepackCostTime:4.289s , currentRepackMaxTime:94.189s
iter247		 Improve solution by repack 0.6391050792797635->0.6254756785810266 , unplacedBoxesSize:7
currentRepackCostTime:4.363s , currentRepackMaxTime:94.189s
iter250		 Improve solution by repack 0.6254756785810266->0.6167965600644988 , unplacedBoxesSize:7
currentRepackCostTime:4.404s , currentRepackMaxTime:94.189s
iter255		 Improve solution by repack 0.6167965600644988->0.6087113679118517 , unplacedBoxesSize:7
currentRepackCostTime:4.4590000000000005s , currentRepackMaxTime:94.189s
iter262		 Improve solution by repack 0.6087113679118517->0.6064270357430798 , unplacedBoxesSize:7
currentRepackCostTime:4.5280000000000005s , currentRepackMaxTime:94.189s
iter271		 Improve solution by repack 0.6064270357430798->0.5846788497715668 , unplacedBoxesSize:7
currentRepackCostTime:4.656s , currentRepackMaxTime:94.189s
iter273		 Improve solution by repack 0.5846788497715668->0.5757336737436173 , unplacedBoxesSize:7
currentRepackCostTime:4.682s , currentRepackMaxTime:94.189s
iter289		 Improve solution by repack 0.5757336737436173->0.5439142703574308 , unplacedBoxesSize:6
currentRepackCostTime:4.9s , currentRepackMaxTime:94.189s
iter300		 Improve solution by repack 0.5439142703574308->0.5438779897876915 , unplacedBoxesSize:6
currentRepackCostTime:5.045s , currentRepackMaxTime:94.189s
iter302		 Improve solution by repack 0.5438779897876915->0.5405401773716743 , unplacedBoxesSize:6
currentRepackCostTime:5.072s , currentRepackMaxTime:94.189s
iter317		 Improve solution by repack 0.5405401773716743->0.5358398280032249 , unplacedBoxesSize:6
currentRepackCostTime:5.274s , currentRepackMaxTime:94.189s
iter326		 Improve solution by repack 0.5358398280032249->0.5324657350174684 , unplacedBoxesSize:6
currentRepackCostTime:5.372s , currentRepackMaxTime:94.189s
iter384		 Improve solution by repack 0.5324657350174684->0.5321324912657888 , unplacedBoxesSize:7
currentRepackCostTime:6.023s , currentRepackMaxTime:94.189s
iter391		 Improve solution by repack 0.5321324912657888->0.5309473259876377 , unplacedBoxesSize:7
currentRepackCostTime:6.111s , currentRepackMaxTime:94.189s
iter392		 Improve solution by repack 0.5309473259876377->0.5260655737704918 , unplacedBoxesSize:7
currentRepackCostTime:6.1160000000000005s , currentRepackMaxTime:94.189s
iter397		 Improve solution by repack 0.5260655737704918->0.5167374361730718 , unplacedBoxesSize:5
currentRepackCostTime:6.183s , currentRepackMaxTime:94.189s
iter409		 Improve solution by repack 0.5167374361730718->0.50352862133835 , unplacedBoxesSize:5
currentRepackCostTime:6.32s , currentRepackMaxTime:94.189s
iter432		 Improve solution by repack 0.50352862133835->0.5008667024993281 , unplacedBoxesSize:6
currentRepackCostTime:6.5920000000000005s , currentRepackMaxTime:94.189s
iter438		 Improve solution by repack 0.5008667024993281->0.4982360252620263 , unplacedBoxesSize:5
currentRepackCostTime:6.675s , currentRepackMaxTime:94.189s
iter458		 Improve solution by repack 0.4982360252620263->0.49542629669443694 , unplacedBoxesSize:5
currentRepackCostTime:6.915s , currentRepackMaxTime:94.189s
iter506		 Improve solution by repack 0.49542629669443694->0.49448904864283794 , unplacedBoxesSize:5
currentRepackCostTime:7.434s , currentRepackMaxTime:94.189s
iter665		 Improve solution by repack 0.49448904864283794->0.48964660037624297 , unplacedBoxesSize:5
currentRepackCostTime:9.162s , currentRepackMaxTime:94.189s
iter729		 Improve solution by repack 0.48964660037624297->0.4870192824509541 , unplacedBoxesSize:5
currentRepackCostTime:9.870000000000001s , currentRepackMaxTime:94.189s
iter849		 Improve solution by repack 0.4870192824509541->0.48564565976887936 , unplacedBoxesSize:3
currentRepackCostTime:11.163s , currentRepackMaxTime:94.189s
iter888		 Improve solution by repack 0.48564565976887936->0.48283593120129 , unplacedBoxesSize:3
currentRepackCostTime:11.53s , currentRepackMaxTime:94.189s
iter921		 Improve solution by repack 0.48283593120129->0.48167092179521637 , unplacedBoxesSize:3
currentRepackCostTime:11.822000000000001s , currentRepackMaxTime:94.189s
iter1302		 Improve solution by repack 0.48167092179521637->0.47466742811072293 , unplacedBoxesSize:2
currentRepackCostTime:15.244s , currentRepackMaxTime:94.189s
iter1335		 Improve solution by repack 0.47466742811072293->0.47340432679387257 , unplacedBoxesSize:2
currentRepackCostTime:15.514000000000001s , currentRepackMaxTime:94.189s
iter1387		 Improve solution by repack 0.47340432679387257->0.46606758935769954 , unplacedBoxesSize:2
currentRepackCostTime:15.889000000000001s , currentRepackMaxTime:94.189s
Selecting boards with low utilization for repacking...
Selecting boards with low utilization for repacking...
iter24		 Improve solution by repack 0.9467105616769685->0.9333542502015587 , unplacedBoxesSize:8
currentRepackCostTime:32.511s , currentRepackMaxTime:94.189s
iter28		 Improve solution by repack 0.9333542502015587->0.5050362805697394 , unplacedBoxesSize:7
currentRepackCostTime:32.564s , currentRepackMaxTime:94.189s
iter29		 Improve solution by repack 0.5050362805697394->0.4991117979037893 , unplacedBoxesSize:5
currentRepackCostTime:32.573s , currentRepackMaxTime:94.189s
iter74		 Improve solution by repack 0.4991117979037893->0.4971620532115023 , unplacedBoxesSize:6
currentRepackCostTime:33.109s , currentRepackMaxTime:94.189s
iter87		 Improve solution by repack 0.4971620532115023->0.48257524858908896 , unplacedBoxesSize:6
currentRepackCostTime:33.267s , currentRepackMaxTime:94.189s
iter130		 Improve solution by repack 0.48257524858908896->0.4670894920720236 , unplacedBoxesSize:7
currentRepackCostTime:33.843s , currentRepackMaxTime:94.189s
iter352		 Improve solution by repack 0.4670894920720236->0.46694168234345607 , unplacedBoxesSize:7
currentRepackCostTime:37.065s , currentRepackMaxTime:94.189s
iter588		 Improve solution by repack 0.46694168234345607->0.4639142703574308 , unplacedBoxesSize:7
currentRepackCostTime:40.493s , currentRepackMaxTime:94.189s
iter674		 Improve solution by repack 0.4639142703574308->0.4612066648750336 , unplacedBoxesSize:6
currentRepackCostTime:41.736000000000004s , currentRepackMaxTime:94.189s
iter689		 Improve solution by repack 0.4612066648750336->0.459756785810266 , unplacedBoxesSize:5
currentRepackCostTime:41.9s , currentRepackMaxTime:94.189s
iter722		 Improve solution by repack 0.459756785810266->0.4563826928245095 , unplacedBoxesSize:5
currentRepackCostTime:42.284s , currentRepackMaxTime:94.189s
iter734		 Improve solution by repack 0.4563826928245095->0.45524858908895455 , unplacedBoxesSize:5
currentRepackCostTime:42.445s , currentRepackMaxTime:94.189s
iter769		 Improve solution by repack 0.45524858908895455->0.4548750335931201 , unplacedBoxesSize:6
currentRepackCostTime:42.891s , currentRepackMaxTime:94.189s
iter793		 Improve solution by repack 0.4548750335931201->0.4458640150497178 , unplacedBoxesSize:5
currentRepackCostTime:43.151s , currentRepackMaxTime:94.189s
iter796		 Improve solution by repack 0.4458640150497178->0.4451142166084386 , unplacedBoxesSize:5
currentRepackCostTime:43.194s , currentRepackMaxTime:94.189s
iter811		 Improve solution by repack 0.4451142166084386->0.44208680462241334 , unplacedBoxesSize:5
currentRepackCostTime:43.354s , currentRepackMaxTime:94.189s
iter819		 Improve solution by repack 0.44208680462241334->0.4412123757054555 , unplacedBoxesSize:4
currentRepackCostTime:43.449s , currentRepackMaxTime:94.189s
iter838		 Improve solution by repack 0.4412123757054555->0.43709318731523783 , unplacedBoxesSize:6
currentRepackCostTime:43.634s , currentRepackMaxTime:94.189s
iter843		 Improve solution by repack 0.43709318731523783->0.43279797097554423 , unplacedBoxesSize:6
currentRepackCostTime:43.682s , currentRepackMaxTime:94.189s
iter861		 Improve solution by repack 0.43279797097554423->0.4293089895189465 , unplacedBoxesSize:6
currentRepackCostTime:43.944s , currentRepackMaxTime:94.189s
iter865		 Improve solution by repack 0.4293089895189465->0.42900262026337005 , unplacedBoxesSize:6
currentRepackCostTime:44.002s , currentRepackMaxTime:94.189s
iter866		 Improve solution by repack 0.42900262026337005->0.4285551599032518 , unplacedBoxesSize:6
currentRepackCostTime:44.021s , currentRepackMaxTime:94.189s
iter960		 Improve solution by repack 0.4285551599032518->0.4257454313356624 , unplacedBoxesSize:6
currentRepackCostTime:45.439s , currentRepackMaxTime:94.189s
iter971		 Improve solution by repack 0.4257454313356624->0.4228480247245364 , unplacedBoxesSize:7
currentRepackCostTime:45.565s , currentRepackMaxTime:94.189s
iter989		 Improve solution by repack 0.4228480247245364->0.4212990459553883 , unplacedBoxesSize:6
currentRepackCostTime:45.862s , currentRepackMaxTime:94.189s
iter1056		 Improve solution by repack 0.4212990459553883->0.4197782854071486 , unplacedBoxesSize:5
currentRepackCostTime:46.783s , currentRepackMaxTime:94.189s
iter1188		 Improve solution by repack 0.4197782854071486->0.41732867508734206 , unplacedBoxesSize:6
currentRepackCostTime:48.265s , currentRepackMaxTime:94.189s
iter1263		 Improve solution by repack 0.41732867508734206->0.41654729911314164 , unplacedBoxesSize:5
currentRepackCostTime:49.283s , currentRepackMaxTime:94.189s
iter1365		 Improve solution by repack 0.41654729911314164->0.415235151840903 , unplacedBoxesSize:5
currentRepackCostTime:50.478s , currentRepackMaxTime:94.189s
iter1379		 Improve solution by repack 0.415235151840903->0.4142616232195646 , unplacedBoxesSize:5
currentRepackCostTime:50.653s , currentRepackMaxTime:94.189s
iter1699		 Improve solution by repack 0.4142616232195646->0.41379736629938185 , unplacedBoxesSize:3
currentRepackCostTime:54.391s , currentRepackMaxTime:94.189s
iter2277		 Improve solution by repack 0.41379736629938185->0.4056664875033593 , unplacedBoxesSize:5
currentRepackCostTime:59.774s , currentRepackMaxTime:94.189s
iter2290		 Improve solution by repack 0.4056664875033593->0.4026844262295082 , unplacedBoxesSize:5
currentRepackCostTime:59.919000000000004s , currentRepackMaxTime:94.189s
iter2326		 Improve solution by repack 0.4026844262295082->0.3969910642300457 , unplacedBoxesSize:5
currentRepackCostTime:60.385s , currentRepackMaxTime:94.189s
iter2334		 Improve solution by repack 0.3969910642300457->0.3966161650094061 , unplacedBoxesSize:5
currentRepackCostTime:60.476s , currentRepackMaxTime:94.189s
iter2347		 Improve solution by repack 0.3966161650094061->0.3935161918839022 , unplacedBoxesSize:5
currentRepackCostTime:60.641s , currentRepackMaxTime:94.189s
iter2351		 Improve solution by repack 0.3935161918839022->0.3934799113141628 , unplacedBoxesSize:5
currentRepackCostTime:60.683s , currentRepackMaxTime:94.189s
iter2430		 Improve solution by repack 0.3934799113141628->0.3875137731792529 , unplacedBoxesSize:5
currentRepackCostTime:61.629s , currentRepackMaxTime:94.189s
iter2476		 Improve solution by repack 0.3875137731792529->0.38320142434829346 , unplacedBoxesSize:6
currentRepackCostTime:62.241s , currentRepackMaxTime:94.189s
iter3150		 Improve solution by repack 0.38320142434829346->0.3785655737704918 , unplacedBoxesSize:6
currentRepackCostTime:71.446s , currentRepackMaxTime:94.189s
iter3546		 Improve solution by repack 0.3785655737704918->0.37530838484278417 , unplacedBoxesSize:6
currentRepackCostTime:77.117s , currentRepackMaxTime:94.189s
iter3600		 Improve solution by repack 0.37530838484278417->0.3722688793335125 , unplacedBoxesSize:5
currentRepackCostTime:77.893s , currentRepackMaxTime:94.189s
iter3605		 Improve solution by repack 0.3722688793335125->0.36100980919107767 , unplacedBoxesSize:5
currentRepackCostTime:77.95400000000001s , currentRepackMaxTime:94.189s
iter3631		 Improve solution by repack 0.36100980919107767->0.35876041386724 , unplacedBoxesSize:5
currentRepackCostTime:78.254s , currentRepackMaxTime:94.189s
iter3682		 Improve solution by repack 0.35876041386724->0.35872413329750064 , unplacedBoxesSize:5
currentRepackCostTime:78.816s , currentRepackMaxTime:94.189s
Global repack result: 43 -> 42 boards.
