total number of nestable workpieces：83
Start priority-first combined packing.
Start nesting on the 1th large board, remaining blocks count: 77
Utilization of the 1th large board: 99.09902714324106, Time taken for this board: 0.775s
-------------------------------------------------------------------
Start nesting on the 2th large board, remaining blocks count: 65
Utilization of the 2th large board: 98.75453507121742, Time taken for this board: 2.122s
-------------------------------------------------------------------
Start nesting on the 3th large board, remaining blocks count: 49
Utilization of the 3th large board: 98.90815640956733, Time taken for this board: 2.462s
-------------------------------------------------------------------
Start nesting on the 4th large board, remaining blocks count: 34
Utilization of the 4th large board: 96.68663800053749, Time taken for this board: 2.89s
-------------------------------------------------------------------
Start nesting on the 5th large board, remaining blocks count: 8
Utilization of the 5th large board: 17.41823434560602, Time taken for this board: 2.89s
-------------------------------------------------------------------
Start global repack optimization for 5 boards, time=410.766s.
Start improving solution by repacking.
Selecting boards with low utilization for repacking...
Selecting boards with low utilization for repacking...
iter2		 Improve solution by repack 0.966866380005375->0.1889269819940876 , unplacedBoxesSize:4
currentRepackCostTime:0.251s , currentRepackMaxTime:410.766s
iter3		 Improve solution by repack 0.1889269819940876->0.18377116366568125 , unplacedBoxesSize:6
currentRepackCostTime:0.301s , currentRepackMaxTime:410.766s
iter4		 Improve solution by repack 0.18377116366568125->0.1809822628325719 , unplacedBoxesSize:6
currentRepackCostTime:0.325s , currentRepackMaxTime:410.766s
Selecting boards with low utilization for repacking...
iter2		 Improve solution by repack 0.9663978097285676->0.1809822628325719 , unplacedBoxesSize:6
currentRepackCostTime:0.744s , currentRepackMaxTime:410.766s
Selecting boards with low utilization for repacking...
iter1		 Improve solution by repack 0.9890815640956733->0.9886320881483472 , unplacedBoxesSize:14
currentRepackCostTime:1.24s , currentRepackMaxTime:410.766s
iter2		 Improve solution by repack 0.9886320881483472->0.21325584520290244 , unplacedBoxesSize:5
currentRepackCostTime:1.27s , currentRepackMaxTime:410.766s
iter3		 Improve solution by repack 0.21325584520290244->0.2116521096479441 , unplacedBoxesSize:5
currentRepackCostTime:1.308s , currentRepackMaxTime:410.766s
iter4		 Improve solution by repack 0.2116521096479441->0.21163732867508733 , unplacedBoxesSize:5
currentRepackCostTime:1.327s , currentRepackMaxTime:410.766s
iter5		 Improve solution by repack 0.21163732867508733->0.2074697661918839 , unplacedBoxesSize:4
currentRepackCostTime:1.34s , currentRepackMaxTime:410.766s
iter8		 Improve solution by repack 0.2074697661918839->0.20360118247782852 , unplacedBoxesSize:4
currentRepackCostTime:1.393s , currentRepackMaxTime:410.766s
iter12		 Improve solution by repack 0.20360118247782852->0.19926027949475947 , unplacedBoxesSize:4
currentRepackCostTime:1.471s , currentRepackMaxTime:410.766s
Selecting boards with low utilization for repacking...
iter1		 Improve solution by repack 0.9741292125772641->0.19576592313894114 , unplacedBoxesSize:4
currentRepackCostTime:1.841s , currentRepackMaxTime:410.766s
iter7		 Improve solution by repack 0.19576592313894114->0.19044477291050793 , unplacedBoxesSize:4
currentRepackCostTime:1.953s , currentRepackMaxTime:410.766s
iter11		 Improve solution by repack 0.19044477291050793->0.18950948669712445 , unplacedBoxesSize:4
currentRepackCostTime:2.049s , currentRepackMaxTime:410.766s
Selecting boards with low utilization for repacking...
Completed repack sweep without reducing board count. No-reduction sweeps: 1/3
Selecting boards with low utilization for repacking...
Selecting boards with low utilization for repacking...
iter1		 Improve solution by repack 0.974788027411986->0.20854402042461706 , unplacedBoxesSize:6
currentRepackCostTime:2.6430000000000002s , currentRepackMaxTime:410.766s
iter11		 Improve solution by repack 0.20854402042461706->0.2053076592313894 , unplacedBoxesSize:4
currentRepackCostTime:2.852s , currentRepackMaxTime:410.766s
iter12		 Improve solution by repack 0.2053076592313894->0.20089553883364686 , unplacedBoxesSize:5
currentRepackCostTime:2.859s , currentRepackMaxTime:410.766s
iter15		 Improve solution by repack 0.20089553883364686->0.2007807041117979 , unplacedBoxesSize:4
currentRepackCostTime:2.9330000000000003s , currentRepackMaxTime:410.766s
iter25		 Improve solution by repack 0.2007807041117979->0.19973730180059124 , unplacedBoxesSize:4
currentRepackCostTime:3.132s , currentRepackMaxTime:410.766s
Selecting boards with low utilization for repacking...
iter1		 Improve solution by repack 0.9764848159097017->0.20335662456328946 , unplacedBoxesSize:6
currentRepackCostTime:3.475s , currentRepackMaxTime:410.766s
iter7		 Improve solution by repack 0.20335662456328946->0.20242536952432144 , unplacedBoxesSize:4
currentRepackCostTime:3.581s , currentRepackMaxTime:410.766s
Selecting boards with low utilization for repacking...
iter1		 Improve solution by repack 0.978051545283526->0.9667971781779091 , unplacedBoxesSize:17
currentRepackCostTime:3.869s , currentRepackMaxTime:410.766s
iter2		 Improve solution by repack 0.9667971781779091->0.21273313625369525 , unplacedBoxesSize:5
currentRepackCostTime:3.895s , currentRepackMaxTime:410.766s
iter4		 Improve solution by repack 0.21273313625369525->0.21258527277613543 , unplacedBoxesSize:4
currentRepackCostTime:3.9370000000000003s , currentRepackMaxTime:410.766s
iter8		 Improve solution by repack 0.21258527277613543->0.20819470572426765 , unplacedBoxesSize:7
currentRepackCostTime:4.019s , currentRepackMaxTime:410.766s
iter14		 Improve solution by repack 0.20819470572426765->0.2017528890083311 , unplacedBoxesSize:7
currentRepackCostTime:4.171s , currentRepackMaxTime:410.766s
iter16		 Improve solution by repack 0.2017528890083311->0.1990184090298307 , unplacedBoxesSize:5
currentRepackCostTime:4.184s , currentRepackMaxTime:410.766s
Selecting boards with low utilization for repacking...
iter1		 Improve solution by repack 0.9689706530502553->0.9675368986831497 , unplacedBoxesSize:12
currentRepackCostTime:4.485s , currentRepackMaxTime:410.766s
iter2		 Improve solution by repack 0.9675368986831497->0.9634532652512766 , unplacedBoxesSize:15
currentRepackCostTime:4.491s , currentRepackMaxTime:410.766s
iter5		 Improve solution by repack 0.9634532652512766->0.20787624294544477 , unplacedBoxesSize:5
currentRepackCostTime:4.5520000000000005s , currentRepackMaxTime:410.766s
iter9		 Improve solution by repack 0.20787624294544477->0.19710225745767268 , unplacedBoxesSize:5
currentRepackCostTime:4.656s , currentRepackMaxTime:410.766s
iter15		 Improve solution by repack 0.19710225745767268->0.18300792797635043 , unplacedBoxesSize:6
currentRepackCostTime:4.758s , currentRepackMaxTime:410.766s
Selecting boards with low utilization for repacking...
Completed repack sweep without reducing board count. No-reduction sweeps: 2/3
Selecting boards with low utilization for repacking...
Selecting boards with low utilization for repacking...
iter1		 Improve solution by repack 0.9806500268744962->0.19619860252620264 , unplacedBoxesSize:7
currentRepackCostTime:5.439s , currentRepackMaxTime:410.766s
iter3		 Improve solution by repack 0.19619860252620264->0.19345606019887127 , unplacedBoxesSize:7
currentRepackCostTime:5.462s , currentRepackMaxTime:410.766s
iter5		 Improve solution by repack 0.19345606019887127->0.1930193496371943 , unplacedBoxesSize:6
currentRepackCostTime:5.516s , currentRepackMaxTime:410.766s
Selecting boards with low utilization for repacking...
iter2		 Improve solution by repack 0.974957565170653->0.21894316044074175 , unplacedBoxesSize:3
currentRepackCostTime:5.885s , currentRepackMaxTime:410.766s
iter4		 Improve solution by repack 0.21894316044074175->0.21860991668906207 , unplacedBoxesSize:6
currentRepackCostTime:5.937s , currentRepackMaxTime:410.766s
iter9		 Improve solution by repack 0.21860991668906207->0.20429051330287556 , unplacedBoxesSize:6
currentRepackCostTime:6.043s , currentRepackMaxTime:410.766s
Selecting boards with low utilization for repacking...
iter1		 Improve solution by repack 0.9722947460360118->0.20429051330287556 , unplacedBoxesSize:6
currentRepackCostTime:6.338s , currentRepackMaxTime:410.766s
Selecting boards with low utilization for repacking...
iter1		 Improve solution by repack 0.9740876108572964->0.20429051330287556 , unplacedBoxesSize:6
currentRepackCostTime:6.79s , currentRepackMaxTime:410.766s
Selecting boards with low utilization for repacking...
Completed repack sweep without reducing board count. No-reduction sweeps: 3/3
Global repack result: 5 -> 5 boards.
Start nesting on the 1th large board, remaining blocks count: 17
Utilization of the 1th large board: 91.22675356087072, Time taken for this board: 0.013000000000000001s
-------------------------------------------------------------------
Start nesting on the 2th large board, remaining blocks count: 10
Utilization of the 2th large board: 71.2747917226552, Time taken for this board: 0.019s
-------------------------------------------------------------------
Start global repack optimization for 2 boards, time=589.823s.
Start improving solution by repacking.
Selecting boards with low utilization for repacking...
iter1		 Improve solution by repack 0.712747917226552->0.6872870196183821 , unplacedBoxesSize:5
currentRepackCostTime:0.004s , currentRepackMaxTime:589.823s
Selecting boards with low utilization for repacking...
iter1		 Improve solution by repack 0.9377284332168772->0.6872870196183821 , unplacedBoxesSize:5
currentRepackCostTime:0.011s , currentRepackMaxTime:589.823s
Selecting boards with low utilization for repacking...
Completed repack sweep without reducing board count. No-reduction sweeps: 1/3
Selecting boards with low utilization for repacking...
Selecting boards with low utilization for repacking...
iter1		 Improve solution by repack 0.9377284332168772->0.6872870196183821 , unplacedBoxesSize:5
currentRepackCostTime:0.023s , currentRepackMaxTime:589.823s
Selecting boards with low utilization for repacking...
Completed repack sweep without reducing board count. No-reduction sweeps: 2/3
Selecting boards with low utilization for repacking...
Selecting boards with low utilization for repacking...
iter1		 Improve solution by repack 0.9377284332168772->0.6872870196183821 , unplacedBoxesSize:5
currentRepackCostTime:0.034s , currentRepackMaxTime:589.823s
Selecting boards with low utilization for repacking...
Completed repack sweep without reducing board count. No-reduction sweeps: 3/3
Global repack result: 2 -> 2 boards.
