total number of nestable workpieces：517
Processing color group: 0 (1/1), boxes: 517
searchTime: 1000
Start nesting on the 1th large board, remaining blocks count: 86
Utilization of the 1th large board: 94.7826525127654, Time taken for this board: 0.432s
-------------------------------------------------------------------
Start nesting on the 2th large board, remaining blocks count: 86
Utilization of the 2th large board: 94.7826525127654, Time taken for this board: 0.645s
-------------------------------------------------------------------
Start nesting on the 3th large board, remaining blocks count: 85
Utilization of the 3th large board: 94.09691615157215, Time taken for this board: 0.848s
-------------------------------------------------------------------
Start nesting on the 4th large board, remaining blocks count: 85
Utilization of the 4th large board: 94.09691615157215, Time taken for this board: 1.056s
-------------------------------------------------------------------
Start nesting on the 5th large board, remaining blocks count: 82
Utilization of the 5th large board: 93.37338753023381, Time taken for this board: 1.308s
-------------------------------------------------------------------
Start nesting on the 6th large board, remaining blocks count: 82
Utilization of the 6th large board: 93.37338753023381, Time taken for this board: 1.551s
-------------------------------------------------------------------
Start nesting on the 7th large board, remaining blocks count: 82
Utilization of the 7th large board: 93.37338753023381, Time taken for this board: 1.797s
-------------------------------------------------------------------
Start nesting on the 8th large board, remaining blocks count: 82
Utilization of the 8th large board: 93.37338753023381, Time taken for this board: 2.051s
-------------------------------------------------------------------
Start nesting on the 9th large board, remaining blocks count: 80
Utilization of the 9th large board: 92.3783593120129, Time taken for this board: 2.329s
-------------------------------------------------------------------
Start nesting on the 10th large board, remaining blocks count: 80
Utilization of the 10th large board: 92.3783593120129, Time taken for this board: 2.6s
-------------------------------------------------------------------
Start nesting on the 11th large board, remaining blocks count: 80
Utilization of the 11th large board: 92.3783593120129, Time taken for this board: 2.891s
-------------------------------------------------------------------
Start nesting on the 12th large board, remaining blocks count: 80
Utilization of the 12th large board: 92.3783593120129, Time taken for this board: 3.161s
-------------------------------------------------------------------
Start nesting on the 13th large board, remaining blocks count: 79
Utilization of the 13th large board: 95.90807242676699, Time taken for this board: 3.485s
-------------------------------------------------------------------
Start nesting on the 14th large board, remaining blocks count: 79
Utilization of the 14th large board: 95.90807242676699, Time taken for this board: 3.798s
-------------------------------------------------------------------
Start nesting on the 15th large board, remaining blocks count: 78
Utilization of the 15th large board: 84.02939398011287, Time taken for this board: 4.1s
-------------------------------------------------------------------
Start nesting on the 16th large board, remaining blocks count: 78
Utilization of the 16th large board: 84.02939398011287, Time taken for this board: 4.398s
-------------------------------------------------------------------
Start nesting on the 17th large board, remaining blocks count: 77
Utilization of the 17th large board: 95.48681470034936, Time taken for this board: 4.72s
-------------------------------------------------------------------
Start nesting on the 18th large board, remaining blocks count: 77
Utilization of the 18th large board: 95.48681470034936, Time taken for this board: 5.073s
-------------------------------------------------------------------
Start nesting on the 19th large board, remaining blocks count: 76
Utilization of the 19th large board: 95.77870532115023, Time taken for this board: 5.425s
-------------------------------------------------------------------
Start nesting on the 20th large board, remaining blocks count: 76
Utilization of the 20th large board: 95.77870532115023, Time taken for this board: 5.757000000000001s
-------------------------------------------------------------------
Start nesting on the 21th large board, remaining blocks count: 73
Utilization of the 21th large board: 95.91712577264175, Time taken for this board: 5.986s
-------------------------------------------------------------------
Start nesting on the 22th large board, remaining blocks count: 71
Utilization of the 22th large board: 95.64057041117978, Time taken for this board: 6.211s
-------------------------------------------------------------------
Start nesting on the 23th large board, remaining blocks count: 71
Utilization of the 23th large board: 95.51384036549315, Time taken for this board: 6.432s
-------------------------------------------------------------------
Start nesting on the 24th large board, remaining blocks count: 70
Utilization of the 24th large board: 95.20075248589089, Time taken for this board: 6.7410000000000005s
-------------------------------------------------------------------
Start nesting on the 25th large board, remaining blocks count: 70
Utilization of the 25th large board: 95.20075248589089, Time taken for this board: 7.056s
-------------------------------------------------------------------
Start nesting on the 26th large board, remaining blocks count: 70
Utilization of the 26th large board: 95.20075248589089, Time taken for this board: 7.363s
-------------------------------------------------------------------
Start nesting on the 27th large board, remaining blocks count: 70
Utilization of the 27th large board: 95.20075248589089, Time taken for this board: 7.743s
-------------------------------------------------------------------
Start nesting on the 28th large board, remaining blocks count: 70
Utilization of the 28th large board: 95.20075248589089, Time taken for this board: 8.053s
-------------------------------------------------------------------
Start nesting on the 29th large board, remaining blocks count: 70
Utilization of the 29th large board: 94.97759338887396, Time taken for this board: 8.398s
-------------------------------------------------------------------
Start nesting on the 30th large board, remaining blocks count: 67
Utilization of the 30th large board: 96.223175893577, Time taken for this board: 8.645s
-------------------------------------------------------------------
Start nesting on the 31th large board, remaining blocks count: 67
Utilization of the 31th large board: 96.223175893577, Time taken for this board: 8.889s
-------------------------------------------------------------------
Start nesting on the 32th large board, remaining blocks count: 67
Utilization of the 32th large board: 96.223175893577, Time taken for this board: 9.120000000000001s
-------------------------------------------------------------------
Start nesting on the 33th large board, remaining blocks count: 67
Utilization of the 33th large board: 96.223175893577, Time taken for this board: 9.398s
-------------------------------------------------------------------
Start nesting on the 34th large board, remaining blocks count: 66
Utilization of the 34th large board: 97.87232934694974, Time taken for this board: 9.616s
-------------------------------------------------------------------
Start nesting on the 35th large board, remaining blocks count: 63
Utilization of the 35th large board: 99.09303614619726, Time taken for this board: 9.731s
-------------------------------------------------------------------
Start nesting on the 36th large board, remaining blocks count: 62
Utilization of the 36th large board: 97.71758263907552, Time taken for this board: 9.879s
-------------------------------------------------------------------
Start nesting on the 37th large board, remaining blocks count: 57
Utilization of the 37th large board: 97.32870868046224, Time taken for this board: 10.064s
-------------------------------------------------------------------
Start nesting on the 38th large board, remaining blocks count: 57
Utilization of the 38th large board: 97.27296089760819, Time taken for this board: 10.218s
-------------------------------------------------------------------
Start nesting on the 39th large board, remaining blocks count: 50
Utilization of the 39th large board: 95.63959621069606, Time taken for this board: 10.445s
-------------------------------------------------------------------
Start nesting on the 40th large board, remaining blocks count: 48
Utilization of the 40th large board: 95.4492743886052, Time taken for this board: 10.579s
-------------------------------------------------------------------
Start nesting on the 41th large board, remaining blocks count: 48
Utilization of the 41th large board: 95.4492743886052, Time taken for this board: 10.725s
-------------------------------------------------------------------
Start nesting on the 42th large board, remaining blocks count: 48
Utilization of the 42th large board: 95.09916689062081, Time taken for this board: 10.856s
-------------------------------------------------------------------
Start nesting on the 43th large board, remaining blocks count: 46
Utilization of the 43th large board: 92.25907014243482, Time taken for this board: 10.931000000000001s
-------------------------------------------------------------------
Start nesting on the 44th large board, remaining blocks count: 46
Utilization of the 44th large board: 92.23871271163667, Time taken for this board: 11.009s
-------------------------------------------------------------------
Start nesting on the 45th large board, remaining blocks count: 44
Utilization of the 45th large board: 92.22720706799247, Time taken for this board: 11.093s
-------------------------------------------------------------------
Start nesting on the 46th large board, remaining blocks count: 38
Utilization of the 46th large board: 89.48708344531039, Time taken for this board: 11.13s
-------------------------------------------------------------------
Start nesting on the 47th large board, remaining blocks count: 36
Utilization of the 47th large board: 96.43121808653589, Time taken for this board: 11.154s
-------------------------------------------------------------------
Start nesting on the 48th large board, remaining blocks count: 35
Utilization of the 48th large board: 84.65452835259339, Time taken for this board: 11.177s
-------------------------------------------------------------------
Start nesting on the 49th large board, remaining blocks count: 35
Utilization of the 49th large board: 84.65452835259339, Time taken for this board: 11.195s
-------------------------------------------------------------------
Start nesting on the 50th large board, remaining blocks count: 33
Utilization of the 50th large board: 83.90016124697662, Time taken for this board: 11.216000000000001s
-------------------------------------------------------------------
Start nesting on the 51th large board, remaining blocks count: 31
Utilization of the 51th large board: 82.85056100510616, Time taken for this board: 11.223s
-------------------------------------------------------------------
Start nesting on the 52th large board, remaining blocks count: 29
Utilization of the 52th large board: 82.39883431873153, Time taken for this board: 11.229000000000001s
-------------------------------------------------------------------
Start nesting on the 53th large board, remaining blocks count: 27
Utilization of the 53th large board: 82.1729709755442, Time taken for this board: 11.236s
-------------------------------------------------------------------
Start nesting on the 54th large board, remaining blocks count: 25
Utilization of the 54th large board: 81.57269551195915, Time taken for this board: 11.241s
-------------------------------------------------------------------
Start nesting on the 55th large board, remaining blocks count: 25
Utilization of the 55th large board: 81.57269551195915, Time taken for this board: 11.245000000000001s
-------------------------------------------------------------------
Start nesting on the 56th large board, remaining blocks count: 23
Utilization of the 56th large board: 81.5038800053749, Time taken for this board: 11.251s
-------------------------------------------------------------------
Start nesting on the 57th large board, remaining blocks count: 23
Utilization of the 57th large board: 81.5038800053749, Time taken for this board: 11.256s
-------------------------------------------------------------------
Start nesting on the 58th large board, remaining blocks count: 21
Utilization of the 58th large board: 81.15666151572158, Time taken for this board: 11.26s
-------------------------------------------------------------------
Start nesting on the 59th large board, remaining blocks count: 21
Utilization of the 59th large board: 81.15666151572158, Time taken for this board: 11.266s
-------------------------------------------------------------------
Start nesting on the 60th large board, remaining blocks count: 19
Utilization of the 60th large board: 81.12096882558451, Time taken for this board: 11.271s
-------------------------------------------------------------------
Start nesting on the 61th large board, remaining blocks count: 17
Utilization of the 61th large board: 81.00139411448535, Time taken for this board: 11.277000000000001s
-------------------------------------------------------------------
Start nesting on the 62th large board, remaining blocks count: 16
Utilization of the 62th large board: 96.81107229239453, Time taken for this board: 11.279s
-------------------------------------------------------------------
Start nesting on the 63th large board, remaining blocks count: 16
Utilization of the 63th large board: 96.61636656812684, Time taken for this board: 11.282s
-------------------------------------------------------------------
Start nesting on the 64th large board, remaining blocks count: 16
Utilization of the 64th large board: 96.61636656812684, Time taken for this board: 11.284s
-------------------------------------------------------------------
Start nesting on the 65th large board, remaining blocks count: 16
Utilization of the 65th large board: 96.05835124966406, Time taken for this board: 11.287s
-------------------------------------------------------------------
Start nesting on the 66th large board, remaining blocks count: 14
Utilization of the 66th large board: 94.49581765654393, Time taken for this board: 11.290000000000001s
-------------------------------------------------------------------
Start nesting on the 67th large board, remaining blocks count: 12
Utilization of the 67th large board: 93.26827465735018, Time taken for this board: 11.292s
-------------------------------------------------------------------
Start nesting on the 68th large board, remaining blocks count: 12
Utilization of the 68th large board: 95.43405670518678, Time taken for this board: 11.294s
-------------------------------------------------------------------
Start nesting on the 69th large board, remaining blocks count: 10
Utilization of the 69th large board: 95.41201961838215, Time taken for this board: 11.296s
-------------------------------------------------------------------
Start nesting on the 70th large board, remaining blocks count: 8
Utilization of the 70th large board: 92.16645391023918, Time taken for this board: 11.297s
-------------------------------------------------------------------
Start nesting on the 71th large board, remaining blocks count: 6
Utilization of the 71th large board: 87.01474737973662, Time taken for this board: 11.297s
-------------------------------------------------------------------
Start nesting on the 72th large board, remaining blocks count: 4
Utilization of the 72th large board: 82.54309997312549, Time taken for this board: 11.298s
-------------------------------------------------------------------
Start nesting on the 73th large board, remaining blocks count: 4
Utilization of the 73th large board: 82.54309997312549, Time taken for this board: 11.298s
-------------------------------------------------------------------
Start nesting on the 74th large board, remaining blocks count: 4
Utilization of the 74th large board: 82.54309997312549, Time taken for this board: 11.298s
-------------------------------------------------------------------
Start nesting on the 75th large board, remaining blocks count: 4
Utilization of the 75th large board: 82.54309997312549, Time taken for this board: 11.298s
-------------------------------------------------------------------
Start nesting on the 76th large board, remaining blocks count: 4
Utilization of the 76th large board: 82.54309997312549, Time taken for this board: 11.298s
-------------------------------------------------------------------
Start nesting on the 77th large board, remaining blocks count: 4
Utilization of the 77th large board: 82.54309997312549, Time taken for this board: 11.298s
-------------------------------------------------------------------
Start nesting on the 78th large board, remaining blocks count: 4
Utilization of the 78th large board: 82.54309997312549, Time taken for this board: 11.298s
-------------------------------------------------------------------
Start nesting on the 79th large board, remaining blocks count: 4
Utilization of the 79th large board: 72.43476216070948, Time taken for this board: 11.298s
-------------------------------------------------------------------
Start nesting on the 80th large board, remaining blocks count: 4
Utilization of the 80th large board: 72.43476216070948, Time taken for this board: 11.299s
-------------------------------------------------------------------
Start nesting on the 81th large board, remaining blocks count: 4
Utilization of the 81th large board: 58.889209889814566, Time taken for this board: 11.299s
-------------------------------------------------------------------
Found solution: 81


Lower Bound LB=75
Start improving solution by repacking.
Selecting boards with low utilization for repacking...
iter2		 Improve solution by repack 0.5888920988981456->0.5423871271163666 , unplacedBoxesSize:5
currentRepackCostTime:0.023s , currentRepackMaxTime:587.392s
iter1		 Improve solution by repack 0.5423871271163666->0.47815170653050254 , unplacedBoxesSize:2
currentRepackCostTime:0.027s , currentRepackMaxTime:587.392s
iter26		 Improve solution by repack 0.47815170653050254->0.46816749529696317 , unplacedBoxesSize:4
currentRepackCostTime:0.182s , currentRepackMaxTime:587.392s
iter4		 Improve solution by repack 0.46816749529696317->0.4289969094329481 , unplacedBoxesSize:3
currentRepackCostTime:0.202s , currentRepackMaxTime:587.392s
iter2		 Improve solution by repack 0.4289969094329481->0.4084963719430261 , unplacedBoxesSize:2
currentRepackCostTime:0.20500000000000002s , currentRepackMaxTime:587.392s
iter11		 Improve solution by repack 0.4084963719430261->0.3988830287557108 , unplacedBoxesSize:2
currentRepackCostTime:0.241s , currentRepackMaxTime:587.392s
iter6		 Improve solution by repack 0.3988830287557108->0.34704800456866436 , unplacedBoxesSize:3
currentRepackCostTime:0.268s , currentRepackMaxTime:587.392s
iter1		 Improve solution by repack 0.34704800456866436->0.29065876108572963 , unplacedBoxesSize:3
currentRepackCostTime:0.272s , currentRepackMaxTime:587.392s
iter2		 Improve solution by repack 0.29065876108572963->0.23907585326525127 , unplacedBoxesSize:1
currentRepackCostTime:0.276s , currentRepackMaxTime:587.392s
iter13		 Improve solution by repack 0.23907585326525127->0.12072460360118248 , unplacedBoxesSize:1
currentRepackCostTime:0.33s , currentRepackMaxTime:587.392s
iter6		 Improve solution by repack 0.12072460360118248->0.10639377855415211 , unplacedBoxesSize:3
currentRepackCostTime:0.362s , currentRepackMaxTime:587.392s
iter3		 Improve solution by repack 0.10639377855415211->0.1045508599838753 , unplacedBoxesSize:2
currentRepackCostTime:0.369s , currentRepackMaxTime:587.392s
iter2		 Improve solution by repack 0.1045508599838753->0.05958310937919914 , unplacedBoxesSize:1
currentRepackCostTime:0.377s , currentRepackMaxTime:587.392s
iter4		 Improve solution by repack 0.05958310937919914->0.0 , unplacedBoxesSize:0
currentRepackCostTime:0.385s , currentRepackMaxTime:587.392s
Improved success.
Found solution 80
Start improving solution by repacking.
Selecting boards with low utilization for repacking...
iter3		 Improve solution by repack 0.8100139411448536->0.7382805361461972 , unplacedBoxesSize:5
currentRepackCostTime:0.017s , currentRepackMaxTime:587.0060000000001s
iter3		 Improve solution by repack 0.7382805361461972->0.6954409097016931 , unplacedBoxesSize:6
currentRepackCostTime:0.047s , currentRepackMaxTime:587.0060000000001s
iter3		 Improve solution by repack 0.6954409097016931->0.5938024052674012 , unplacedBoxesSize:5
currentRepackCostTime:0.062s , currentRepackMaxTime:587.0060000000001s
iter2		 Improve solution by repack 0.5938024052674012->0.5914290513302876 , unplacedBoxesSize:4
currentRepackCostTime:0.07s , currentRepackMaxTime:587.0060000000001s
iter3		 Improve solution by repack 0.5914290513302876->0.5797902109647944 , unplacedBoxesSize:3
currentRepackCostTime:0.076s , currentRepackMaxTime:587.0060000000001s
iter5		 Improve solution by repack 0.5797902109647944->0.5521469363074443 , unplacedBoxesSize:4
currentRepackCostTime:0.096s , currentRepackMaxTime:587.0060000000001s
iter5		 Improve solution by repack 0.5521469363074443->0.5394714122547702 , unplacedBoxesSize:4
currentRepackCostTime:0.113s , currentRepackMaxTime:587.0060000000001s
iter1		 Improve solution by repack 0.5394714122547702->0.5326955119591508 , unplacedBoxesSize:4
currentRepackCostTime:0.114s , currentRepackMaxTime:587.0060000000001s
iter1		 Improve solution by repack 0.5326955119591508->0.47815170653050254 , unplacedBoxesSize:2
currentRepackCostTime:0.116s , currentRepackMaxTime:587.0060000000001s
iter5		 Improve solution by repack 0.47815170653050254->0.470704447729105 , unplacedBoxesSize:3
currentRepackCostTime:0.129s , currentRepackMaxTime:587.0060000000001s
iter7		 Improve solution by repack 0.470704447729105->0.4636975947325988 , unplacedBoxesSize:3
currentRepackCostTime:0.17200000000000001s , currentRepackMaxTime:587.0060000000001s
iter5		 Improve solution by repack 0.4636975947325988->0.46329447729105083 , unplacedBoxesSize:4
currentRepackCostTime:0.189s , currentRepackMaxTime:587.0060000000001s
iter1		 Improve solution by repack 0.46329447729105083->0.4051279897876915 , unplacedBoxesSize:2
currentRepackCostTime:0.192s , currentRepackMaxTime:587.0060000000001s
iter3		 Improve solution by repack 0.4051279897876915->0.39482766729373825 , unplacedBoxesSize:4
currentRepackCostTime:0.20700000000000002s , currentRepackMaxTime:587.0060000000001s
iter1		 Improve solution by repack 0.39482766729373825->0.36217381080354744 , unplacedBoxesSize:3
currentRepackCostTime:0.215s , currentRepackMaxTime:587.0060000000001s
iter2		 Improve solution by repack 0.36217381080354744->0.35848360655737704 , unplacedBoxesSize:3
currentRepackCostTime:0.22s , currentRepackMaxTime:587.0060000000001s
iter2		 Improve solution by repack 0.35848360655737704->0.35242508734211236 , unplacedBoxesSize:3
currentRepackCostTime:0.224s , currentRepackMaxTime:587.0060000000001s
iter5		 Improve solution by repack 0.35242508734211236->0.3021036011824778 , unplacedBoxesSize:2
currentRepackCostTime:0.252s , currentRepackMaxTime:587.0060000000001s
iter6		 Improve solution by repack 0.3021036011824778->0.3000295619457135 , unplacedBoxesSize:2
currentRepackCostTime:0.274s , currentRepackMaxTime:587.0060000000001s
iter10		 Improve solution by repack 0.3000295619457135->0.27337342112335394 , unplacedBoxesSize:2
currentRepackCostTime:0.31s , currentRepackMaxTime:587.0060000000001s
iter3		 Improve solution by repack 0.27337342112335394->0.23907585326525127 , unplacedBoxesSize:1
currentRepackCostTime:0.313s , currentRepackMaxTime:587.0060000000001s
iter54		 Improve solution by repack 0.23907585326525127->0.23653890083310938 , unplacedBoxesSize:2
currentRepackCostTime:0.514s , currentRepackMaxTime:587.0060000000001s
iter1		 Improve solution by repack 0.23653890083310938->0.22462174146734748 , unplacedBoxesSize:2
currentRepackCostTime:0.524s , currentRepackMaxTime:587.0060000000001s
iter3		 Improve solution by repack 0.22462174146734748->0.1990195847890352 , unplacedBoxesSize:2
currentRepackCostTime:0.534s , currentRepackMaxTime:587.0060000000001s
iter2		 Improve solution by repack 0.1990195847890352->0.18981087073367375 , unplacedBoxesSize:2
currentRepackCostTime:0.542s , currentRepackMaxTime:587.0060000000001s
iter7		 Improve solution by repack 0.18981087073367375->0.12072460360118248 , unplacedBoxesSize:1
currentRepackCostTime:0.5740000000000001s , currentRepackMaxTime:587.0060000000001s
iter18		 Improve solution by repack 0.12072460360118248->0.08715667831228165 , unplacedBoxesSize:1
currentRepackCostTime:0.646s , currentRepackMaxTime:587.0060000000001s
iter4		 Improve solution by repack 0.08715667831228165->0.06908626713249127 , unplacedBoxesSize:1
currentRepackCostTime:0.658s , currentRepackMaxTime:587.0060000000001s
iter3		 Improve solution by repack 0.06908626713249127->0.06302774791722655 , unplacedBoxesSize:1
currentRepackCostTime:0.668s , currentRepackMaxTime:587.0060000000001s
iter19		 Improve solution by repack 0.06302774791722655->0.033386186509002956 , unplacedBoxesSize:1
currentRepackCostTime:0.759s , currentRepackMaxTime:587.0060000000001s
iter1		 Improve solution by repack 0.033386186509002956->0.03318261220102123 , unplacedBoxesSize:1
currentRepackCostTime:0.763s , currentRepackMaxTime:587.0060000000001s
iter3		 Improve solution by repack 0.03318261220102123->0.0 , unplacedBoxesSize:0
currentRepackCostTime:0.768s , currentRepackMaxTime:587.0060000000001s
Improved success.
Found solution 79
Start improving solution by repacking.
Selecting boards with low utilization for repacking...
iter1		 Improve solution by repack 0.8115666151572157->0.7839999328137598 , unplacedBoxesSize:5
currentRepackCostTime:0.008s , currentRepackMaxTime:586.238s
iter2		 Improve solution by repack 0.7839999328137598->0.7820639613007256 , unplacedBoxesSize:6
currentRepackCostTime:0.017s , currentRepackMaxTime:586.238s
iter2		 Improve solution by repack 0.7820639613007256->0.7550655065842515 , unplacedBoxesSize:5
currentRepackCostTime:0.021s , currentRepackMaxTime:586.238s
iter1		 Improve solution by repack 0.7550655065842515->0.7172275597957538 , unplacedBoxesSize:3
currentRepackCostTime:0.024s , currentRepackMaxTime:586.238s
iter35		 Improve solution by repack 0.7172275597957538->0.70277344799785 , unplacedBoxesSize:4
currentRepackCostTime:0.178s , currentRepackMaxTime:586.238s
iter33		 Improve solution by repack 0.70277344799785->0.6876491534533727 , unplacedBoxesSize:4
currentRepackCostTime:0.375s , currentRepackMaxTime:586.238s
iter1		 Improve solution by repack 0.6876491534533727->0.6680727626981995 , unplacedBoxesSize:4
currentRepackCostTime:0.377s , currentRepackMaxTime:586.238s
iter19		 Improve solution by repack 0.6680727626981995->0.6679625772641763 , unplacedBoxesSize:4
currentRepackCostTime:0.462s , currentRepackMaxTime:586.238s
iter1		 Improve solution by repack 0.6679625772641763->0.6630522708949208 , unplacedBoxesSize:4
currentRepackCostTime:0.47000000000000003s , currentRepackMaxTime:586.238s
iter11		 Improve solution by repack 0.6630522708949208->0.6624022440204246 , unplacedBoxesSize:4
currentRepackCostTime:0.511s , currentRepackMaxTime:586.238s
iter1		 Improve solution by repack 0.6624022440204246->0.6511142837946788 , unplacedBoxesSize:7
currentRepackCostTime:0.523s , currentRepackMaxTime:586.238s
iter1		 Improve solution by repack 0.6511142837946788->0.6230504232733136 , unplacedBoxesSize:6
currentRepackCostTime:0.528s , currentRepackMaxTime:586.238s
iter8		 Improve solution by repack 0.6230504232733136->0.6117572561139478 , unplacedBoxesSize:6
currentRepackCostTime:0.5650000000000001s , currentRepackMaxTime:586.238s
iter1		 Improve solution by repack 0.6117572561139478->0.6036230180059123 , unplacedBoxesSize:5
currentRepackCostTime:0.5720000000000001s , currentRepackMaxTime:586.238s
iter3		 Improve solution by repack 0.6036230180059123->0.5988763101316851 , unplacedBoxesSize:3
currentRepackCostTime:0.583s , currentRepackMaxTime:586.238s
iter13		 Improve solution by repack 0.5988763101316851->0.5939660037624295 , unplacedBoxesSize:3
currentRepackCostTime:0.638s , currentRepackMaxTime:586.238s
iter11		 Improve solution by repack 0.5939660037624295->0.5655724267669981 , unplacedBoxesSize:4
currentRepackCostTime:0.6900000000000001s , currentRepackMaxTime:586.238s
iter3		 Improve solution by repack 0.5655724267669981->0.5647097554420855 , unplacedBoxesSize:6
currentRepackCostTime:0.715s , currentRepackMaxTime:586.238s
iter1		 Improve solution by repack 0.5647097554420855->0.544811206664875 , unplacedBoxesSize:4
currentRepackCostTime:0.724s , currentRepackMaxTime:586.238s
iter8		 Improve solution by repack 0.544811206664875->0.5411794544477291 , unplacedBoxesSize:3
currentRepackCostTime:0.768s , currentRepackMaxTime:586.238s
iter15		 Improve solution by repack 0.5411794544477291->0.5342303816178446 , unplacedBoxesSize:4
currentRepackCostTime:0.8320000000000001s , currentRepackMaxTime:586.238s
iter1		 Improve solution by repack 0.5342303816178446->0.5083116097823166 , unplacedBoxesSize:5
currentRepackCostTime:0.835s , currentRepackMaxTime:586.238s
iter6		 Improve solution by repack 0.5083116097823166->0.5075710494490728 , unplacedBoxesSize:4
currentRepackCostTime:0.873s , currentRepackMaxTime:586.238s
iter6		 Improve solution by repack 0.5075710494490728->0.47501881214727226 , unplacedBoxesSize:4
currentRepackCostTime:0.903s , currentRepackMaxTime:586.238s
iter6		 Improve solution by repack 0.47501881214727226->0.46816749529696317 , unplacedBoxesSize:4
currentRepackCostTime:0.929s , currentRepackMaxTime:586.238s
iter9		 Improve solution by repack 0.46816749529696317->0.4201850980919108 , unplacedBoxesSize:4
currentRepackCostTime:0.971s , currentRepackMaxTime:586.238s
iter2		 Improve solution by repack 0.4201850980919108->0.39318664337543674 , unplacedBoxesSize:3
currentRepackCostTime:0.981s , currentRepackMaxTime:586.238s
iter7		 Improve solution by repack 0.39318664337543674->0.39272809728567587 , unplacedBoxesSize:4
currentRepackCostTime:1.0170000000000001s , currentRepackMaxTime:586.238s
iter1		 Improve solution by repack 0.39272809728567587->0.38135716205321146 , unplacedBoxesSize:3
currentRepackCostTime:1.022s , currentRepackMaxTime:586.238s
iter9		 Improve solution by repack 0.38135716205321146->0.3749318059661381 , unplacedBoxesSize:3
currentRepackCostTime:1.048s , currentRepackMaxTime:586.238s
iter3		 Improve solution by repack 0.3749318059661381->0.36887328675087344 , unplacedBoxesSize:3
currentRepackCostTime:1.054s , currentRepackMaxTime:586.238s
iter2		 Improve solution by repack 0.36887328675087344->0.36329313356624565 , unplacedBoxesSize:3
currentRepackCostTime:1.061s , currentRepackMaxTime:586.238s
iter2		 Improve solution by repack 0.36329313356624565->0.3584463181940339 , unplacedBoxesSize:4
currentRepackCostTime:1.074s , currentRepackMaxTime:586.238s
iter2		 Improve solution by repack 0.3584463181940339->0.35489015049717815 , unplacedBoxesSize:2
currentRepackCostTime:1.083s , currentRepackMaxTime:586.238s
iter36		 Improve solution by repack 0.35489015049717815->0.3523531980650363 , unplacedBoxesSize:3
currentRepackCostTime:1.248s , currentRepackMaxTime:586.238s
iter3		 Improve solution by repack 0.3523531980650363->0.33528621338349907 , unplacedBoxesSize:3
currentRepackCostTime:1.2610000000000001s , currentRepackMaxTime:586.238s
iter16		 Improve solution by repack 0.33528621338349907->0.308838013974738 , unplacedBoxesSize:3
currentRepackCostTime:1.334s , currentRepackMaxTime:586.238s
iter2		 Improve solution by repack 0.308838013974738->0.3082723058317656 , unplacedBoxesSize:2
currentRepackCostTime:1.34s , currentRepackMaxTime:586.238s
iter1		 Improve solution by repack 0.3082723058317656->0.30816212039774254 , unplacedBoxesSize:2
currentRepackCostTime:1.344s , currentRepackMaxTime:586.238s
iter11		 Improve solution by repack 0.30816212039774254->0.3021036011824778 , unplacedBoxesSize:2
currentRepackCostTime:1.371s , currentRepackMaxTime:586.238s
iter6		 Improve solution by repack 0.3021036011824778->0.3000295619457135 , unplacedBoxesSize:2
currentRepackCostTime:1.407s , currentRepackMaxTime:586.238s
iter19		 Improve solution by repack 0.3000295619457135->0.29749260951357165 , unplacedBoxesSize:3
currentRepackCostTime:1.465s , currentRepackMaxTime:586.238s
iter1		 Improve solution by repack 0.29749260951357165->0.2903461771029293 , unplacedBoxesSize:4
currentRepackCostTime:1.472s , currentRepackMaxTime:586.238s
iter1		 Improve solution by repack 0.2903461771029293->0.2697215130341306 , unplacedBoxesSize:3
currentRepackCostTime:1.482s , currentRepackMaxTime:586.238s
iter5		 Improve solution by repack 0.2697215130341306->0.23653890083310938 , unplacedBoxesSize:2
currentRepackCostTime:1.508s , currentRepackMaxTime:586.238s
iter12		 Improve solution by repack 0.23653890083310938->0.2315721580220371 , unplacedBoxesSize:3
currentRepackCostTime:1.548s , currentRepackMaxTime:586.238s
iter1		 Improve solution by repack 0.2315721580220371->0.2204753426498253 , unplacedBoxesSize:3
currentRepackCostTime:1.55s , currentRepackMaxTime:586.238s
iter10		 Improve solution by repack 0.2204753426498253->0.21819336199946252 , unplacedBoxesSize:3
currentRepackCostTime:1.599s , currentRepackMaxTime:586.238s
iter2		 Improve solution by repack 0.21819336199946252->0.2042287019618382 , unplacedBoxesSize:3
currentRepackCostTime:1.612s , currentRepackMaxTime:586.238s
iter6		 Improve solution by repack 0.2042287019618382->0.18446150228433217 , unplacedBoxesSize:3
currentRepackCostTime:1.633s , currentRepackMaxTime:586.238s
iter3		 Improve solution by repack 0.18446150228433217->0.17430395055092715 , unplacedBoxesSize:1
currentRepackCostTime:1.643s , currentRepackMaxTime:586.238s
iter11		 Improve solution by repack 0.17430395055092715->0.15502217145928512 , unplacedBoxesSize:2
currentRepackCostTime:1.677s , currentRepackMaxTime:586.238s
iter1		 Improve solution by repack 0.15502217145928512->0.15411079011018544 , unplacedBoxesSize:2
currentRepackCostTime:1.684s , currentRepackMaxTime:586.238s
iter1		 Improve solution by repack 0.15411079011018544->0.1539072158022037 , unplacedBoxesSize:2
currentRepackCostTime:1.691s , currentRepackMaxTime:586.238s
iter6		 Improve solution by repack 0.1539072158022037->0.12072460360118248 , unplacedBoxesSize:1
currentRepackCostTime:1.708s , currentRepackMaxTime:586.238s
iter21		 Improve solution by repack 0.12072460360118248->0.1158142972319269 , unplacedBoxesSize:1
currentRepackCostTime:1.7790000000000001s , currentRepackMaxTime:586.238s
iter4		 Improve solution by repack 0.1158142972319269->0.10163850443429186 , unplacedBoxesSize:1
currentRepackCostTime:1.8s , currentRepackMaxTime:586.238s
iter10		 Improve solution by repack 0.10163850443429186->0.08745532115022844 , unplacedBoxesSize:1
currentRepackCostTime:1.843s , currentRepackMaxTime:586.238s
iter14		 Improve solution by repack 0.08745532115022844->0.0840714861596345 , unplacedBoxesSize:1
currentRepackCostTime:1.9000000000000001s , currentRepackMaxTime:586.238s
iter23		 Improve solution by repack 0.0840714861596345->0.06352593388873959 , unplacedBoxesSize:1
currentRepackCostTime:1.979s , currentRepackMaxTime:586.238s
iter21		 Improve solution by repack 0.06352593388873959->0.06302774791722655 , unplacedBoxesSize:1
currentRepackCostTime:2.065s , currentRepackMaxTime:586.238s
iter20		 Improve solution by repack 0.06302774791722655->0.06095370868046224 , unplacedBoxesSize:1
currentRepackCostTime:2.134s , currentRepackMaxTime:586.238s
iter287		 Improve solution by repack 0.06095370868046224->0.05958310937919914 , unplacedBoxesSize:1
currentRepackCostTime:3.46s , currentRepackMaxTime:586.238s
iter23		 Improve solution by repack 0.05958310937919914->0.035464592851384036 , unplacedBoxesSize:1
currentRepackCostTime:3.56s , currentRepackMaxTime:586.238s
iter1		 Improve solution by repack 0.035464592851384036->0.03429756785810266 , unplacedBoxesSize:1
currentRepackCostTime:3.565s , currentRepackMaxTime:586.238s
iter2		 Improve solution by repack 0.03429756785810266->0.033386186509002956 , unplacedBoxesSize:1
currentRepackCostTime:3.5700000000000003s , currentRepackMaxTime:586.238s
iter6		 Improve solution by repack 0.033386186509002956->0.03318261220102123 , unplacedBoxesSize:1
currentRepackCostTime:3.611s , currentRepackMaxTime:586.238s
iter50		 Improve solution by repack 0.03318261220102123->0.0 , unplacedBoxesSize:0
currentRepackCostTime:3.818s , currentRepackMaxTime:586.238s
Improved success.
Found solution 78
Start improving solution by repacking.
Selecting boards with low utilization for repacking...
iter1		 Improve solution by repack 0.8894228701961838->0.8873437919914002 , unplacedBoxesSize:7
currentRepackCostTime:0.007s , currentRepackMaxTime:582.4200000000001s
iter4		 Improve solution by repack 0.8873437919914002->0.887233606557377 , unplacedBoxesSize:7
currentRepackCostTime:0.041s , currentRepackMaxTime:582.4200000000001s
iter78		 Improve solution by repack 0.887233606557377->0.8825435030905671 , unplacedBoxesSize:6
currentRepackCostTime:0.399s , currentRepackMaxTime:582.4200000000001s
iter32		 Improve solution by repack 0.8825435030905671->0.8767669981187853 , unplacedBoxesSize:6
currentRepackCostTime:0.536s , currentRepackMaxTime:582.4200000000001s
iter2		 Improve solution by repack 0.8767669981187853->0.8763632088148348 , unplacedBoxesSize:6
currentRepackCostTime:0.544s , currentRepackMaxTime:582.4200000000001s
iter1		 Improve solution by repack 0.8763632088148348->0.8732780166621875 , unplacedBoxesSize:6
currentRepackCostTime:0.548s , currentRepackMaxTime:582.4200000000001s
iter1		 Improve solution by repack 0.8732780166621875->0.859077364955657 , unplacedBoxesSize:7
currentRepackCostTime:0.558s , currentRepackMaxTime:582.4200000000001s
iter5		 Improve solution by repack 0.859077364955657->0.8572517468422468 , unplacedBoxesSize:5
currentRepackCostTime:0.5760000000000001s , currentRepackMaxTime:582.4200000000001s
iter8		 Improve solution by repack 0.8572517468422468->0.8305049045955388 , unplacedBoxesSize:5
currentRepackCostTime:0.612s , currentRepackMaxTime:582.4200000000001s
iter77		 Improve solution by repack 0.8305049045955388->0.8255945982262832 , unplacedBoxesSize:5
currentRepackCostTime:0.9440000000000001s , currentRepackMaxTime:582.4200000000001s
iter565		 Improve solution by repack 0.8255945982262832->0.8246450886858372 , unplacedBoxesSize:7
currentRepackCostTime:3.443s , currentRepackMaxTime:582.4200000000001s
iter8		 Improve solution by repack 0.8246450886858372->0.8137725073904863 , unplacedBoxesSize:7
currentRepackCostTime:3.479s , currentRepackMaxTime:582.4200000000001s
iter2		 Improve solution by repack 0.8137725073904863->0.81125520693362 , unplacedBoxesSize:7
currentRepackCostTime:3.495s , currentRepackMaxTime:582.4200000000001s
iter2		 Improve solution by repack 0.81125520693362->0.8107000806234883 , unplacedBoxesSize:7
currentRepackCostTime:3.515s , currentRepackMaxTime:582.4200000000001s
iter225		 Improve solution by repack 0.8107000806234883->0.7976756920182747 , unplacedBoxesSize:8
currentRepackCostTime:4.665s , currentRepackMaxTime:582.4200000000001s
iter6		 Improve solution by repack 0.7976756920182747->0.7974721177102929 , unplacedBoxesSize:8
currentRepackCostTime:4.698s , currentRepackMaxTime:582.4200000000001s
iter6		 Improve solution by repack 0.7974721177102929->0.7870985622144585 , unplacedBoxesSize:8
currentRepackCostTime:4.727s , currentRepackMaxTime:582.4200000000001s
iter1		 Improve solution by repack 0.7870985622144585->0.7830013773179253 , unplacedBoxesSize:7
currentRepackCostTime:4.729s , currentRepackMaxTime:582.4200000000001s
iter15		 Improve solution by repack 0.7830013773179253->0.7760363477559796 , unplacedBoxesSize:8
currentRepackCostTime:4.801s , currentRepackMaxTime:582.4200000000001s
iter9		 Improve solution by repack 0.7760363477559796->0.7748693227626982 , unplacedBoxesSize:8
currentRepackCostTime:4.847s , currentRepackMaxTime:582.4200000000001s
iter4		 Improve solution by repack 0.7748693227626982->0.7501175759204516 , unplacedBoxesSize:7
currentRepackCostTime:4.86s , currentRepackMaxTime:582.4200000000001s
iter14		 Improve solution by repack 0.7501175759204516->0.7450090701424348 , unplacedBoxesSize:6
currentRepackCostTime:4.936s , currentRepackMaxTime:582.4200000000001s
iter3		 Improve solution by repack 0.7450090701424348->0.7392246707874227 , unplacedBoxesSize:6
currentRepackCostTime:4.953s , currentRepackMaxTime:582.4200000000001s
iter6		 Improve solution by repack 0.7392246707874227->0.739021096479441 , unplacedBoxesSize:6
currentRepackCostTime:4.984s , currentRepackMaxTime:582.4200000000001s
iter6		 Improve solution by repack 0.739021096479441->0.7199349973125504 , unplacedBoxesSize:6
currentRepackCostTime:5.013s , currentRepackMaxTime:582.4200000000001s
iter7		 Improve solution by repack 0.7199349973125504->0.6787651169040582 , unplacedBoxesSize:2
currentRepackCostTime:5.056s , currentRepackMaxTime:582.4200000000001s
iter10		 Improve solution by repack 0.6787651169040582->0.6496170384305294 , unplacedBoxesSize:5
currentRepackCostTime:5.089s , currentRepackMaxTime:582.4200000000001s
iter24		 Improve solution by repack 0.6496170384305294->0.6271486159634507 , unplacedBoxesSize:4
currentRepackCostTime:5.2330000000000005s , currentRepackMaxTime:582.4200000000001s
iter107		 Improve solution by repack 0.6271486159634507->0.6208163128191346 , unplacedBoxesSize:5
currentRepackCostTime:5.737s , currentRepackMaxTime:582.4200000000001s
iter63		 Improve solution by repack 0.6208163128191346->0.619904931470035 , unplacedBoxesSize:5
currentRepackCostTime:6.051s , currentRepackMaxTime:582.4200000000001s
iter4		 Improve solution by repack 0.619904931470035->0.6197013571620532 , unplacedBoxesSize:5
currentRepackCostTime:6.073s , currentRepackMaxTime:582.4200000000001s
iter14		 Improve solution by repack 0.6197013571620532->0.5939660037624295 , unplacedBoxesSize:3
currentRepackCostTime:6.142s , currentRepackMaxTime:582.4200000000001s
iter578		 Improve solution by repack 0.5939660037624295->0.586518744961032 , unplacedBoxesSize:4
currentRepackCostTime:8.483s , currentRepackMaxTime:582.4200000000001s
Selecting boards with low utilization for repacking...
iter2		 Improve solution by repack 0.8996795216339694->0.8983008599838753 , unplacedBoxesSize:6
currentRepackCostTime:12.896s , currentRepackMaxTime:582.4200000000001s
iter19		 Improve solution by repack 0.8983008599838753->0.8841373286750874 , unplacedBoxesSize:6
currentRepackCostTime:12.984s , currentRepackMaxTime:582.4200000000001s
iter2		 Improve solution by repack 0.8841373286750874->0.8722497312550389 , unplacedBoxesSize:5
currentRepackCostTime:12.992s , currentRepackMaxTime:582.4200000000001s
iter24		 Improve solution by repack 0.8722497312550389->0.7172275597957538 , unplacedBoxesSize:3
currentRepackCostTime:13.123000000000001s , currentRepackMaxTime:582.4200000000001s
iter47		 Improve solution by repack 0.7172275597957538->0.7097803009943563 , unplacedBoxesSize:4
currentRepackCostTime:13.280000000000001s , currentRepackMaxTime:582.4200000000001s
iter131		 Improve solution by repack 0.7097803009943563->0.6524556570814297 , unplacedBoxesSize:3
currentRepackCostTime:13.843s , currentRepackMaxTime:582.4200000000001s
iter176		 Improve solution by repack 0.6524556570814297->0.619904931470035 , unplacedBoxesSize:5
currentRepackCostTime:14.524000000000001s , currentRepackMaxTime:582.4200000000001s
iter7		 Improve solution by repack 0.619904931470035->0.6197013571620532 , unplacedBoxesSize:5
currentRepackCostTime:14.574s , currentRepackMaxTime:582.4200000000001s
iter55		 Improve solution by repack 0.6197013571620532->0.586518744961032 , unplacedBoxesSize:4
currentRepackCostTime:14.84s , currentRepackMaxTime:582.4200000000001s
Selecting boards with low utilization for repacking...
iter15		 Improve solution by repack 0.8772110991668907->0.8740133700618113 , unplacedBoxesSize:6
currentRepackCostTime:19.18s , currentRepackMaxTime:582.4200000000001s
iter6		 Improve solution by repack 0.8740133700618113->0.8598891427035742 , unplacedBoxesSize:4
currentRepackCostTime:19.211000000000002s , currentRepackMaxTime:582.4200000000001s
iter6		 Improve solution by repack 0.8598891427035742->0.855351048105348 , unplacedBoxesSize:3
currentRepackCostTime:19.234s , currentRepackMaxTime:582.4200000000001s
iter2		 Improve solution by repack 0.855351048105348->0.8470276807309862 , unplacedBoxesSize:6
currentRepackCostTime:19.244s , currentRepackMaxTime:582.4200000000001s
iter3		 Improve solution by repack 0.8470276807309862->0.8430290916420317 , unplacedBoxesSize:3
currentRepackCostTime:19.259s , currentRepackMaxTime:582.4200000000001s
iter5		 Improve solution by repack 0.8430290916420317->0.8381187852727762 , unplacedBoxesSize:3
currentRepackCostTime:19.28s , currentRepackMaxTime:582.4200000000001s
iter10		 Improve solution by repack 0.8381187852727762->0.5820488443966676 , unplacedBoxesSize:3
currentRepackCostTime:19.309s , currentRepackMaxTime:582.4200000000001s
iter12		 Improve solution by repack 0.5820488443966676->0.5797902109647944 , unplacedBoxesSize:3
currentRepackCostTime:19.354s , currentRepackMaxTime:582.4200000000001s
iter5		 Improve solution by repack 0.5797902109647944->0.5695690002687449 , unplacedBoxesSize:4
currentRepackCostTime:19.372s , currentRepackMaxTime:582.4200000000001s
iter9		 Improve solution by repack 0.5695690002687449->0.5646586938994894 , unplacedBoxesSize:4
currentRepackCostTime:19.41s , currentRepackMaxTime:582.4200000000001s
iter1		 Improve solution by repack 0.5646586938994894->0.5625802875571083 , unplacedBoxesSize:4
currentRepackCostTime:19.421s , currentRepackMaxTime:582.4200000000001s
iter11		 Improve solution by repack 0.5625802875571083->0.5623767132491265 , unplacedBoxesSize:4
currentRepackCostTime:19.467s , currentRepackMaxTime:582.4200000000001s
iter60		 Improve solution by repack 0.5623767132491265->0.5622231926901371 , unplacedBoxesSize:3
currentRepackCostTime:19.747s , currentRepackMaxTime:582.4200000000001s
iter7		 Improve solution by repack 0.5622231926901371->0.5472379736629938 , unplacedBoxesSize:3
currentRepackCostTime:19.765s , currentRepackMaxTime:582.4200000000001s
iter37		 Improve solution by repack 0.5472379736629938->0.5416776404192422 , unplacedBoxesSize:3
currentRepackCostTime:19.892s , currentRepackMaxTime:582.4200000000001s
iter11		 Improve solution by repack 0.5416776404192422->0.5222069000268745 , unplacedBoxesSize:3
currentRepackCostTime:19.93s , currentRepackMaxTime:582.4200000000001s
iter23		 Improve solution by repack 0.5222069000268745->0.5177333042192959 , unplacedBoxesSize:3
currentRepackCostTime:20.05s , currentRepackMaxTime:582.4200000000001s
iter18		 Improve solution by repack 0.5177333042192959->0.5124492743886052 , unplacedBoxesSize:3
currentRepackCostTime:20.13s , currentRepackMaxTime:582.4200000000001s
iter3		 Improve solution by repack 0.5124492743886052->0.5113343187315238 , unplacedBoxesSize:3
currentRepackCostTime:20.146s , currentRepackMaxTime:582.4200000000001s
iter127		 Improve solution by repack 0.5113343187315238->0.4805250604676163 , unplacedBoxesSize:3
currentRepackCostTime:20.697s , currentRepackMaxTime:582.4200000000001s
iter1		 Improve solution by repack 0.4805250604676163->0.4756147540983607 , unplacedBoxesSize:3
currentRepackCostTime:20.7s , currentRepackMaxTime:582.4200000000001s
iter11		 Improve solution by repack 0.4756147540983607->0.4632571889277076 , unplacedBoxesSize:4
currentRepackCostTime:20.744s , currentRepackMaxTime:582.4200000000001s
Selecting boards with low utilization for repacking...
iter31		 Improve solution by repack 0.9087780502553078->0.5157944772910508 , unplacedBoxesSize:5
currentRepackCostTime:25.513s , currentRepackMaxTime:582.4200000000001s
iter11		 Improve solution by repack 0.5157944772910508->0.48422752620263365 , unplacedBoxesSize:4
currentRepackCostTime:25.571s , currentRepackMaxTime:582.4200000000001s
iter1		 Improve solution by repack 0.48422752620263365->0.4632571889277076 , unplacedBoxesSize:4
currentRepackCostTime:25.578s , currentRepackMaxTime:582.4200000000001s
