total number of nestable workpieces：126
Start priority-first combined packing.
Start nesting on the 1th large board, remaining blocks count: 80
Utilization of the 1th large board: 97.91799919376513, Time taken for this board: 0.71s
-------------------------------------------------------------------
Start nesting on the 2th large board, remaining blocks count: 75
Utilization of the 2th large board: 98.10857296425692, Time taken for this board: 2.122s
-------------------------------------------------------------------
Start nesting on the 3th large board, remaining blocks count: 68
Utilization of the 3th large board: 98.81241601719968, Time taken for this board: 3.493s
-------------------------------------------------------------------
Start nesting on the 4th large board, remaining blocks count: 48
Utilization of the 4th large board: 97.3742693496372, Time taken for this board: 3.765s
-------------------------------------------------------------------
Start nesting on the 5th large board, remaining blocks count: 31
Utilization of the 5th large board: 97.22413329750067, Time taken for this board: 3.89s
-------------------------------------------------------------------
Start nesting on the 6th large board, remaining blocks count: 14
Utilization of the 6th large board: 81.82336737436172, Time taken for this board: 3.9s
-------------------------------------------------------------------
Start global repack optimization for 6 boards, time=410.321s.
Start improving solution by repacking.
Selecting boards with low utilization for repacking...
iter2		 Improve solution by repack 0.8182336737436173->0.8144101048105349 , unplacedBoxesSize:16
currentRepackCostTime:0.068s , currentRepackMaxTime:410.321s
iter3		 Improve solution by repack 0.8144101048105349->0.8085245901639344 , unplacedBoxesSize:15
currentRepackCostTime:0.088s , currentRepackMaxTime:410.321s
iter4		 Improve solution by repack 0.8085245901639344->0.8057094866971244 , unplacedBoxesSize:15
currentRepackCostTime:0.105s , currentRepackMaxTime:410.321s
iter5		 Improve solution by repack 0.8057094866971244->0.7977354877721042 , unplacedBoxesSize:17
currentRepackCostTime:0.11800000000000001s , currentRepackMaxTime:410.321s
iter9		 Improve solution by repack 0.7977354877721042->0.795919779629132 , unplacedBoxesSize:18
currentRepackCostTime:0.248s , currentRepackMaxTime:410.321s
iter20		 Improve solution by repack 0.795919779629132->0.7949284466541252 , unplacedBoxesSize:17
currentRepackCostTime:0.622s , currentRepackMaxTime:410.321s
iter22		 Improve solution by repack 0.7949284466541252->0.7946332471109917 , unplacedBoxesSize:17
currentRepackCostTime:0.707s , currentRepackMaxTime:410.321s
Selecting boards with low utilization for repacking...
iter1		 Improve solution by repack 0.9722413329750068->0.971069269013706 , unplacedBoxesSize:16
currentRepackCostTime:1.594s , currentRepackMaxTime:410.321s
iter2		 Improve solution by repack 0.971069269013706->0.8473577331362537 , unplacedBoxesSize:16
currentRepackCostTime:1.6340000000000001s , currentRepackMaxTime:410.321s
iter3		 Improve solution by repack 0.8473577331362537->0.841146365224402 , unplacedBoxesSize:17
currentRepackCostTime:1.6620000000000001s , currentRepackMaxTime:410.321s
iter5		 Improve solution by repack 0.841146365224402->0.833463786616501 , unplacedBoxesSize:23
currentRepackCostTime:1.746s , currentRepackMaxTime:410.321s
iter6		 Improve solution by repack 0.833463786616501->0.8238902512765386 , unplacedBoxesSize:15
currentRepackCostTime:1.7670000000000001s , currentRepackMaxTime:410.321s
iter7		 Improve solution by repack 0.8238902512765386->0.819844799785004 , unplacedBoxesSize:13
currentRepackCostTime:1.793s , currentRepackMaxTime:410.321s
iter9		 Improve solution by repack 0.819844799785004->0.8173280032249395 , unplacedBoxesSize:14
currentRepackCostTime:1.858s , currentRepackMaxTime:410.321s
iter10		 Improve solution by repack 0.8173280032249395->0.8166937651169041 , unplacedBoxesSize:13
currentRepackCostTime:1.867s , currentRepackMaxTime:410.321s
iter15		 Improve solution by repack 0.8166937651169041->0.8151478097285676 , unplacedBoxesSize:12
currentRepackCostTime:2.013s , currentRepackMaxTime:410.321s
iter23		 Improve solution by repack 0.8151478097285676->0.8117152647137866 , unplacedBoxesSize:13
currentRepackCostTime:2.259s , currentRepackMaxTime:410.321s
iter33		 Improve solution by repack 0.8117152647137866->0.8109355683955926 , unplacedBoxesSize:13
currentRepackCostTime:2.527s , currentRepackMaxTime:410.321s
iter35		 Improve solution by repack 0.8109355683955926->0.8088420451491535 , unplacedBoxesSize:11
currentRepackCostTime:2.608s , currentRepackMaxTime:410.321s
iter36		 Improve solution by repack 0.8088420451491535->0.807372682074711 , unplacedBoxesSize:14
currentRepackCostTime:2.624s , currentRepackMaxTime:410.321s
iter44		 Improve solution by repack 0.807372682074711->0.7876038027411987 , unplacedBoxesSize:14
currentRepackCostTime:2.86s , currentRepackMaxTime:410.321s
iter55		 Improve solution by repack 0.7876038027411987->0.7860501209352325 , unplacedBoxesSize:10
currentRepackCostTime:3.1470000000000002s , currentRepackMaxTime:410.321s
Selecting boards with low utilization for repacking...
iter4		 Improve solution by repack 0.97646096479441->0.7940526740123622 , unplacedBoxesSize:16
currentRepackCostTime:3.757s , currentRepackMaxTime:410.321s
iter15		 Improve solution by repack 0.7940526740123622->0.7929756785810267 , unplacedBoxesSize:15
currentRepackCostTime:4.0760000000000005s , currentRepackMaxTime:410.321s
Selecting boards with low utilization for repacking...
iter6		 Improve solution by repack 0.9813192018274658->0.7933831631281912 , unplacedBoxesSize:15
currentRepackCostTime:4.743s , currentRepackMaxTime:410.321s
iter11		 Improve solution by repack 0.7933831631281912->0.7927472453641495 , unplacedBoxesSize:14
currentRepackCostTime:4.92s , currentRepackMaxTime:410.321s
iter14		 Improve solution by repack 0.7927472453641495->0.789447393173878 , unplacedBoxesSize:18
currentRepackCostTime:5.0040000000000004s , currentRepackMaxTime:410.321s
iter20		 Improve solution by repack 0.789447393173878->0.7880761220102123 , unplacedBoxesSize:17
currentRepackCostTime:5.176s , currentRepackMaxTime:410.321s
Selecting boards with low utilization for repacking...
iter2		 Improve solution by repack 0.9777882289707068->0.7927472453641495 , unplacedBoxesSize:14
currentRepackCostTime:6.123s , currentRepackMaxTime:410.321s
iter7		 Improve solution by repack 0.7927472453641495->0.789447393173878 , unplacedBoxesSize:18
currentRepackCostTime:6.23s , currentRepackMaxTime:410.321s
iter19		 Improve solution by repack 0.789447393173878->0.7880761220102123 , unplacedBoxesSize:17
currentRepackCostTime:6.636s , currentRepackMaxTime:410.321s
Selecting boards with low utilization for repacking...
iter1		 Improve solution by repack 0.99256248320344->0.9803369389948938 , unplacedBoxesSize:14
currentRepackCostTime:7.506s , currentRepackMaxTime:410.321s
iter6		 Improve solution by repack 0.9803369389948938->0.9752596748185972 , unplacedBoxesSize:12
currentRepackCostTime:7.597s , currentRepackMaxTime:410.321s
iter9		 Improve solution by repack 0.9752596748185972->0.7927472453641495 , unplacedBoxesSize:14
currentRepackCostTime:7.69s , currentRepackMaxTime:410.321s
iter21		 Improve solution by repack 0.7927472453641495->0.789447393173878 , unplacedBoxesSize:18
currentRepackCostTime:7.976s , currentRepackMaxTime:410.321s
iter28		 Improve solution by repack 0.789447393173878->0.7880761220102123 , unplacedBoxesSize:17
currentRepackCostTime:8.249s , currentRepackMaxTime:410.321s
Selecting boards with low utilization for repacking...
Completed repack sweep without reducing board count. No-reduction sweeps: 1/3
Selecting boards with low utilization for repacking...
Selecting boards with low utilization for repacking...
iter3		 Improve solution by repack 0.9777882289707068->0.7968620666487504 , unplacedBoxesSize:17
currentRepackCostTime:9.378s , currentRepackMaxTime:410.321s
iter4		 Improve solution by repack 0.7968620666487504->0.7957682746573501 , unplacedBoxesSize:15
currentRepackCostTime:9.387s , currentRepackMaxTime:410.321s
iter10		 Improve solution by repack 0.7957682746573501->0.7954914673474872 , unplacedBoxesSize:14
currentRepackCostTime:9.603s , currentRepackMaxTime:410.321s
iter12		 Improve solution by repack 0.7954914673474872->0.7938249126578877 , unplacedBoxesSize:18
currentRepackCostTime:9.673s , currentRepackMaxTime:410.321s
iter15		 Improve solution by repack 0.7938249126578877->0.7935000671862402 , unplacedBoxesSize:20
currentRepackCostTime:9.768s , currentRepackMaxTime:410.321s
iter25		 Improve solution by repack 0.7935000671862402->0.786355482397205 , unplacedBoxesSize:19
currentRepackCostTime:10.131s , currentRepackMaxTime:410.321s
iter29		 Improve solution by repack 0.786355482397205->0.7835363477559797 , unplacedBoxesSize:21
currentRepackCostTime:10.239s , currentRepackMaxTime:410.321s
iter40		 Improve solution by repack 0.7835363477559797->0.7829246170384305 , unplacedBoxesSize:20
currentRepackCostTime:10.617s , currentRepackMaxTime:410.321s
Selecting boards with low utilization for repacking...
iter1		 Improve solution by repack 0.9803369389948938->0.7949596882558453 , unplacedBoxesSize:16
currentRepackCostTime:11.319s , currentRepackMaxTime:410.321s
iter2		 Improve solution by repack 0.7949596882558453->0.791183317656544 , unplacedBoxesSize:21
currentRepackCostTime:11.375s , currentRepackMaxTime:410.321s
iter6		 Improve solution by repack 0.791183317656544->0.7897441883902176 , unplacedBoxesSize:20
currentRepackCostTime:11.521s , currentRepackMaxTime:410.321s
iter21		 Improve solution by repack 0.7897441883902176->0.7867513773179252 , unplacedBoxesSize:16
currentRepackCostTime:12.067s , currentRepackMaxTime:410.321s
Selecting boards with low utilization for repacking...
iter1		 Improve solution by repack 0.9838272641762966->0.801800255307713 , unplacedBoxesSize:21
currentRepackCostTime:12.845s , currentRepackMaxTime:410.321s
iter8		 Improve solution by repack 0.801800255307713->0.7995055092717012 , unplacedBoxesSize:20
currentRepackCostTime:13.053s , currentRepackMaxTime:410.321s
iter16		 Improve solution by repack 0.7995055092717012->0.7887631013168502 , unplacedBoxesSize:20
currentRepackCostTime:13.325000000000001s , currentRepackMaxTime:410.321s
iter17		 Improve solution by repack 0.7887631013168502->0.7852586670249933 , unplacedBoxesSize:19
currentRepackCostTime:13.336s , currentRepackMaxTime:410.321s
Selecting boards with low utilization for repacking...
iter2		 Improve solution by repack 0.9900165446116636->0.9824607800322493 , unplacedBoxesSize:16
currentRepackCostTime:14.278s , currentRepackMaxTime:410.321s
iter3		 Improve solution by repack 0.9824607800322493->0.8056439801128729 , unplacedBoxesSize:20
currentRepackCostTime:14.338000000000001s , currentRepackMaxTime:410.321s
iter4		 Improve solution by repack 0.8056439801128729->0.7896318194033862 , unplacedBoxesSize:16
currentRepackCostTime:14.375s , currentRepackMaxTime:410.321s
Selecting boards with low utilization for repacking...
iter1		 Improve solution by repack 0.99256248320344->0.9777882289707068 , unplacedBoxesSize:9
currentRepackCostTime:15.261000000000001s , currentRepackMaxTime:410.321s
iter4		 Improve solution by repack 0.9777882289707068->0.7955149825315775 , unplacedBoxesSize:20
currentRepackCostTime:15.312000000000001s , currentRepackMaxTime:410.321s
iter17		 Improve solution by repack 0.7955149825315775->0.7901750201558722 , unplacedBoxesSize:18
currentRepackCostTime:15.757s , currentRepackMaxTime:410.321s
Selecting boards with low utilization for repacking...
Completed repack sweep without reducing board count. No-reduction sweeps: 2/3
Selecting boards with low utilization for repacking...
Selecting boards with low utilization for repacking...
iter2		 Improve solution by repack 0.9777882289707068->0.7955149825315775 , unplacedBoxesSize:20
currentRepackCostTime:17.305s , currentRepackMaxTime:410.321s
iter7		 Improve solution by repack 0.7955149825315775->0.7901750201558722 , unplacedBoxesSize:18
currentRepackCostTime:17.526s , currentRepackMaxTime:410.321s
iter11		 Improve solution by repack 0.7901750201558722->0.7880180059123891 , unplacedBoxesSize:14
currentRepackCostTime:17.63s , currentRepackMaxTime:410.321s
iter15		 Improve solution by repack 0.7880180059123891->0.7859016393442623 , unplacedBoxesSize:12
currentRepackCostTime:17.729s , currentRepackMaxTime:410.321s
iter23		 Improve solution by repack 0.7859016393442623->0.7842184560601989 , unplacedBoxesSize:14
currentRepackCostTime:17.977s , currentRepackMaxTime:410.321s
iter26		 Improve solution by repack 0.7842184560601989->0.7829948266595002 , unplacedBoxesSize:20
currentRepackCostTime:18.042s , currentRepackMaxTime:410.321s
iter30		 Improve solution by repack 0.7829948266595002->0.7808784600913733 , unplacedBoxesSize:18
currentRepackCostTime:18.153s , currentRepackMaxTime:410.321s
Selecting boards with low utilization for repacking...
iter1		 Improve solution by repack 0.9803369389948938->0.7986186509002956 , unplacedBoxesSize:18
currentRepackCostTime:18.678s , currentRepackMaxTime:410.321s
iter6		 Improve solution by repack 0.7986186509002956->0.7899496103198066 , unplacedBoxesSize:21
currentRepackCostTime:18.78s , currentRepackMaxTime:410.321s
iter9		 Improve solution by repack 0.7899496103198066->0.783230986294007 , unplacedBoxesSize:18
currentRepackCostTime:18.857s , currentRepackMaxTime:410.321s
Selecting boards with low utilization for repacking...
iter3		 Improve solution by repack 0.9838272641762966->0.8170300322493954 , unplacedBoxesSize:13
currentRepackCostTime:19.642s , currentRepackMaxTime:410.321s
iter4		 Improve solution by repack 0.8170300322493954->0.8152373353937115 , unplacedBoxesSize:17
currentRepackCostTime:19.696s , currentRepackMaxTime:410.321s
iter6		 Improve solution by repack 0.8152373353937115->0.8145312080085998 , unplacedBoxesSize:16
currentRepackCostTime:19.744s , currentRepackMaxTime:410.321s
iter18		 Improve solution by repack 0.8145312080085998->0.8138353265251277 , unplacedBoxesSize:17
currentRepackCostTime:20.136s , currentRepackMaxTime:410.321s
iter20		 Improve solution by repack 0.8138353265251277->0.8136902042461704 , unplacedBoxesSize:13
currentRepackCostTime:20.247s , currentRepackMaxTime:410.321s
iter24		 Improve solution by repack 0.8136902042461704->0.8093902848696588 , unplacedBoxesSize:14
currentRepackCostTime:20.295s , currentRepackMaxTime:410.321s
iter29		 Improve solution by repack 0.8093902848696588->0.8076515049717818 , unplacedBoxesSize:18
currentRepackCostTime:20.442s , currentRepackMaxTime:410.321s
iter33		 Improve solution by repack 0.8076515049717818->0.8067656543939801 , unplacedBoxesSize:18
currentRepackCostTime:20.616s , currentRepackMaxTime:410.321s
iter37		 Improve solution by repack 0.8067656543939801->0.8055264041924214 , unplacedBoxesSize:18
currentRepackCostTime:20.755s , currentRepackMaxTime:410.321s
iter41		 Improve solution by repack 0.8055264041924214->0.802905468959957 , unplacedBoxesSize:17
currentRepackCostTime:20.892s , currentRepackMaxTime:410.321s
iter44		 Improve solution by repack 0.802905468959957->0.7950675221714593 , unplacedBoxesSize:17
currentRepackCostTime:20.984s , currentRepackMaxTime:410.321s
iter50		 Improve solution by repack 0.7950675221714593->0.7918681134103736 , unplacedBoxesSize:19
currentRepackCostTime:21.254s , currentRepackMaxTime:410.321s
Selecting boards with low utilization for repacking...
iter1		 Improve solution by repack 0.9879176464660038->0.9863114754098361 , unplacedBoxesSize:11
currentRepackCostTime:22.084s , currentRepackMaxTime:410.321s
iter3		 Improve solution by repack 0.9863114754098361->0.7959443026068262 , unplacedBoxesSize:18
currentRepackCostTime:22.1s , currentRepackMaxTime:410.321s
iter12		 Improve solution by repack 0.7959443026068262->0.7949529696318194 , unplacedBoxesSize:17
currentRepackCostTime:22.356s , currentRepackMaxTime:410.321s
Selecting boards with low utilization for repacking...
iter2		 Improve solution by repack 0.9890668671056169->0.9830415210964794 , unplacedBoxesSize:10
currentRepackCostTime:22.985s , currentRepackMaxTime:410.321s
iter4		 Improve solution by repack 0.9830415210964794->0.9782770088685836 , unplacedBoxesSize:12
currentRepackCostTime:23.037s , currentRepackMaxTime:410.321s
iter7		 Improve solution by repack 0.9782770088685836->0.8074103063692556 , unplacedBoxesSize:20
currentRepackCostTime:23.125s , currentRepackMaxTime:410.321s
iter8		 Improve solution by repack 0.8074103063692556->0.8067760682612201 , unplacedBoxesSize:21
currentRepackCostTime:23.136s , currentRepackMaxTime:410.321s
iter10		 Improve solution by repack 0.8067760682612201->0.8053218220908358 , unplacedBoxesSize:17
currentRepackCostTime:23.186s , currentRepackMaxTime:410.321s
iter14		 Improve solution by repack 0.8053218220908358->0.8019148078473528 , unplacedBoxesSize:16
currentRepackCostTime:23.349s , currentRepackMaxTime:410.321s
iter19		 Improve solution by repack 0.8019148078473528->0.8011075651706531 , unplacedBoxesSize:17
currentRepackCostTime:23.45s , currentRepackMaxTime:410.321s
iter23		 Improve solution by repack 0.8011075651706531->0.7943375436710561 , unplacedBoxesSize:12
currentRepackCostTime:23.597s , currentRepackMaxTime:410.321s
iter28		 Improve solution by repack 0.7943375436710561->0.7939952297769417 , unplacedBoxesSize:7
currentRepackCostTime:23.725s , currentRepackMaxTime:410.321s
iter36		 Improve solution by repack 0.7939952297769417->0.7917575920451491 , unplacedBoxesSize:13
currentRepackCostTime:23.904s , currentRepackMaxTime:410.321s
Selecting boards with low utilization for repacking...
Completed repack sweep without reducing board count. No-reduction sweeps: 3/3
Global repack result: 6 -> 6 boards.
Start nesting on the 1th large board, remaining blocks count: 45
Utilization of the 1th large board: 95.92167764041923, Time taken for this board: 0.121s
-------------------------------------------------------------------
Start nesting on the 2th large board, remaining blocks count: 40
Utilization of the 2th large board: 96.53821553345874, Time taken for this board: 0.342s
-------------------------------------------------------------------
Start nesting on the 3th large board, remaining blocks count: 26
Utilization of the 3th large board: 96.85983270626176, Time taken for this board: 0.41000000000000003s
-------------------------------------------------------------------
Start nesting on the 4th large board, remaining blocks count: 14
Utilization of the 4th large board: 73.72824845471648, Time taken for this board: 0.418s
-------------------------------------------------------------------
Start global repack optimization for 4 boards, time=571.041s.
Start improving solution by repacking.
Selecting boards with low utilization for repacking...
iter4		 Improve solution by repack 0.7372824845471648->0.727482531577533 , unplacedBoxesSize:10
currentRepackCostTime:0.059000000000000004s , currentRepackMaxTime:571.041s
iter8		 Improve solution by repack 0.727482531577533->0.72645055092717 , unplacedBoxesSize:12
currentRepackCostTime:0.115s , currentRepackMaxTime:571.041s
iter11		 Improve solution by repack 0.72645055092717->0.7171158626713249 , unplacedBoxesSize:12
currentRepackCostTime:0.14200000000000002s , currentRepackMaxTime:571.041s
iter12		 Improve solution by repack 0.7171158626713249->0.7159779629131954 , unplacedBoxesSize:11
currentRepackCostTime:0.147s , currentRepackMaxTime:571.041s
Selecting boards with low utilization for repacking...
iter4		 Improve solution by repack 0.9689815909701692->0.7352238981456597 , unplacedBoxesSize:11
currentRepackCostTime:0.263s , currentRepackMaxTime:571.041s
iter5		 Improve solution by repack 0.7352238981456597->0.726394786347756 , unplacedBoxesSize:10
currentRepackCostTime:0.269s , currentRepackMaxTime:571.041s
Selecting boards with low utilization for repacking...
iter1		 Improve solution by repack 0.9669450080623488->0.9554318395592584 , unplacedBoxesSize:12
currentRepackCostTime:0.365s , currentRepackMaxTime:571.041s
iter4		 Improve solution by repack 0.9554318395592584->0.7628950550927169 , unplacedBoxesSize:8
currentRepackCostTime:0.391s , currentRepackMaxTime:571.041s
iter5		 Improve solution by repack 0.7628950550927169->0.7418451021230852 , unplacedBoxesSize:7
currentRepackCostTime:0.395s , currentRepackMaxTime:571.041s
Selecting boards with low utilization for repacking...
iter1		 Improve solution by repack 0.9761738779897876->0.7460279494759473 , unplacedBoxesSize:7
currentRepackCostTime:0.492s , currentRepackMaxTime:571.041s
iter5		 Improve solution by repack 0.7460279494759473->0.7382959553883365 , unplacedBoxesSize:13
currentRepackCostTime:0.519s , currentRepackMaxTime:571.041s
iter6		 Improve solution by repack 0.7382959553883365->0.7313606893308251 , unplacedBoxesSize:13
currentRepackCostTime:0.541s , currentRepackMaxTime:571.041s
iter8		 Improve solution by repack 0.7313606893308251->0.7246620532115023 , unplacedBoxesSize:13
currentRepackCostTime:0.5650000000000001s , currentRepackMaxTime:571.041s
Selecting boards with low utilization for repacking...
Completed repack sweep without reducing board count. No-reduction sweeps: 1/3
Selecting boards with low utilization for repacking...
Selecting boards with low utilization for repacking...
iter1		 Improve solution by repack 0.9606636320881484->0.7267454985219027 , unplacedBoxesSize:10
currentRepackCostTime:0.791s , currentRepackMaxTime:571.041s
iter2		 Improve solution by repack 0.7267454985219027->0.7180426968556839 , unplacedBoxesSize:11
currentRepackCostTime:0.807s , currentRepackMaxTime:571.041s
iter3		 Improve solution by repack 0.7180426968556839->0.7062819134641226 , unplacedBoxesSize:10
currentRepackCostTime:0.8130000000000001s , currentRepackMaxTime:571.041s
Selecting boards with low utilization for repacking...
iter1		 Improve solution by repack 0.966471109916689->0.9664681537221177 , unplacedBoxesSize:9
currentRepackCostTime:0.909s , currentRepackMaxTime:571.041s
iter2		 Improve solution by repack 0.9664681537221177->0.7130504232733137 , unplacedBoxesSize:9
currentRepackCostTime:0.914s , currentRepackMaxTime:571.041s
Selecting boards with low utilization for repacking...
iter1		 Improve solution by repack 0.9838548105348024->0.7130504232733137 , unplacedBoxesSize:9
currentRepackCostTime:1.026s , currentRepackMaxTime:571.041s
Selecting boards with low utilization for repacking...
Completed repack sweep without reducing board count. No-reduction sweeps: 2/3
Selecting boards with low utilization for repacking...
Selecting boards with low utilization for repacking...
iter1		 Improve solution by repack 0.9596996439129266->0.7130504232733137 , unplacedBoxesSize:9
currentRepackCostTime:1.21s , currentRepackMaxTime:571.041s
Selecting boards with low utilization for repacking...
iter1		 Improve solution by repack 0.9738748656275195->0.7306881550658426 , unplacedBoxesSize:11
currentRepackCostTime:1.338s , currentRepackMaxTime:571.041s
iter3		 Improve solution by repack 0.7306881550658426->0.7130504232733137 , unplacedBoxesSize:9
currentRepackCostTime:1.348s , currentRepackMaxTime:571.041s
Selecting boards with low utilization for repacking...
iter1		 Improve solution by repack 0.9838548105348024->0.9701665882827196 , unplacedBoxesSize:12
currentRepackCostTime:1.451s , currentRepackMaxTime:571.041s
iter4		 Improve solution by repack 0.9701665882827196->0.7146392098898147 , unplacedBoxesSize:10
currentRepackCostTime:1.487s , currentRepackMaxTime:571.041s
iter5		 Improve solution by repack 0.7146392098898147->0.7062819134641226 , unplacedBoxesSize:10
currentRepackCostTime:1.492s , currentRepackMaxTime:571.041s
Selecting boards with low utilization for repacking...
Completed repack sweep without reducing board count. No-reduction sweeps: 3/3
Global repack result: 4 -> 4 boards.
