total number of nestable workpieces：80
Processing color group: 0 (1/2), boxes: 31
Allocated time: 232.5s
searchTime: 1000
Start nesting on the 1th large board, remaining blocks count: 40
Utilization of the 1th large board: 97.83122816447191, Time taken for this board: 0.338s
-------------------------------------------------------------------
Start nesting on the 2th large board, remaining blocks count: 16
Utilization of the 2th large board: 96.59691615157215, Time taken for this board: 0.341s
-------------------------------------------------------------------
Start nesting on the 3th large board, remaining blocks count: 8
Utilization of the 3th large board: 41.72661918839022, Time taken for this board: 0.341s
-------------------------------------------------------------------
Found solution: 3


Processing color group: 1 (2/2), boxes: 49
Allocated time: 367.5s
searchTime: 1000
Start nesting on the 1th large board, remaining blocks count: 77
Utilization of the 1th large board: 99.08882020962108, Time taken for this board: 0.608s
-------------------------------------------------------------------
Start nesting on the 2th large board, remaining blocks count: 65
Utilization of the 2th large board: 99.26350443429186, Time taken for this board: 1.36s
-------------------------------------------------------------------
Start nesting on the 3th large board, remaining blocks count: 50
Utilization of the 3th large board: 98.50628191346411, Time taken for this board: 1.609s
-------------------------------------------------------------------
Start nesting on the 4th large board, remaining blocks count: 24
Utilization of the 4th large board: 95.03439666756248, Time taken for this board: 1.637s
-------------------------------------------------------------------
Start nesting on the 5th large board, remaining blocks count: 6
Utilization of the 5th large board: 17.487772104273045, Time taken for this board: 1.637s
-------------------------------------------------------------------
Found solution: 5


Start improving solution by repacking.
Selecting boards with low utilization for repacking...
iter2		 Improve solution by repack 0.17487772104273044->0.16479306638000538 , unplacedBoxesSize:2
currentRepackCostTime:0.026000000000000002s , currentRepackMaxTime:365.863s
Selecting boards with low utilization for repacking...
iter4		 Improve solution by repack 0.975097393173878->0.17277747917226552 , unplacedBoxesSize:3
currentRepackCostTime:0.276s , currentRepackMaxTime:365.863s
Selecting boards with low utilization for repacking...
iter1		 Improve solution by repack 0.9762194302606826->0.20749260951357162 , unplacedBoxesSize:4
currentRepackCostTime:0.456s , currentRepackMaxTime:365.863s
Selecting boards with low utilization for repacking...
iter1		 Improve solution by repack 0.9790331631281913->0.2002472453641494 , unplacedBoxesSize:3
currentRepackCostTime:0.679s , currentRepackMaxTime:365.863s
iter1		 Improve solution by repack 0.2002472453641494->0.18554555227089492 , unplacedBoxesSize:3
currentRepackCostTime:0.6900000000000001s , currentRepackMaxTime:365.863s
iter6		 Improve solution by repack 0.18554555227089492->0.18172534264982532 , unplacedBoxesSize:3
currentRepackCostTime:0.799s , currentRepackMaxTime:365.863s
Selecting boards with low utilization for repacking...
iter1		 Improve solution by repack 0.9850628191346413->0.2044604944907283 , unplacedBoxesSize:2
currentRepackCostTime:1.024s , currentRepackMaxTime:365.863s
iter4		 Improve solution by repack 0.2044604944907283->0.20426834184359044 , unplacedBoxesSize:2
currentRepackCostTime:1.095s , currentRepackMaxTime:365.863s
Selecting boards with low utilization for repacking...
All low-utilization boards have been repacked once. Restarting repacking process...
Selecting boards with low utilization for repacking...
Selecting boards with low utilization for repacking...
iter1		 Improve solution by repack 0.9694541117979039->0.2027821822090836 , unplacedBoxesSize:4
currentRepackCostTime:1.341s , currentRepackMaxTime:365.863s
iter2		 Improve solution by repack 0.2027821822090836->0.1960528083848428 , unplacedBoxesSize:5
currentRepackCostTime:1.377s , currentRepackMaxTime:365.863s
Selecting boards with low utilization for repacking...
iter1		 Improve solution by repack 0.9718785272776136->0.9679931470034937 , unplacedBoxesSize:11
currentRepackCostTime:1.572s , currentRepackMaxTime:365.863s
iter1		 Improve solution by repack 0.9679931470034937->0.9575692018274657 , unplacedBoxesSize:13
currentRepackCostTime:1.596s , currentRepackMaxTime:365.863s
iter1		 Improve solution by repack 0.9575692018274657->0.21231456597688791 , unplacedBoxesSize:3
currentRepackCostTime:1.623s , currentRepackMaxTime:365.863s
iter6		 Improve solution by repack 0.21231456597688791->0.2095310400429992 , unplacedBoxesSize:3
currentRepackCostTime:1.725s , currentRepackMaxTime:365.863s
Selecting boards with low utilization for repacking...
iter1		 Improve solution by repack 0.9639777613544745->0.22597890352055902 , unplacedBoxesSize:3
currentRepackCostTime:1.885s , currentRepackMaxTime:365.863s
iter1		 Improve solution by repack 0.22597890352055902->0.2101310131685031 , unplacedBoxesSize:3
currentRepackCostTime:1.913s , currentRepackMaxTime:365.863s
Selecting boards with low utilization for repacking...
iter1		 Improve solution by repack 0.9631752217145928->0.9575309056705187 , unplacedBoxesSize:13
currentRepackCostTime:2.12s , currentRepackMaxTime:365.863s
iter1		 Improve solution by repack 0.9575309056705187->0.23389277076054824 , unplacedBoxesSize:4
currentRepackCostTime:2.13s , currentRepackMaxTime:365.863s
iter1		 Improve solution by repack 0.23389277076054824->0.21537086804622416 , unplacedBoxesSize:4
currentRepackCostTime:2.141s , currentRepackMaxTime:365.863s
Selecting boards with low utilization for repacking...
All low-utilization boards have been repacked once. Restarting repacking process...
Selecting boards with low utilization for repacking...
iter6		 Improve solution by repack 0.21537086804622416->0.20937449610319808 , unplacedBoxesSize:3
currentRepackCostTime:2.424s , currentRepackMaxTime:365.863s
Selecting boards with low utilization for repacking...
iter1		 Improve solution by repack 0.9573797366299381->0.21334385917764043 , unplacedBoxesSize:5
currentRepackCostTime:2.559s , currentRepackMaxTime:365.863s
iter3		 Improve solution by repack 0.21334385917764043->0.20805495834453103 , unplacedBoxesSize:5
currentRepackCostTime:2.623s , currentRepackMaxTime:365.863s
iter3		 Improve solution by repack 0.20805495834453103->0.20684426229508196 , unplacedBoxesSize:3
currentRepackCostTime:2.676s , currentRepackMaxTime:365.863s
Selecting boards with low utilization for repacking...
iter1		 Improve solution by repack 0.9642948535339962->0.9430092717011557 , unplacedBoxesSize:15
currentRepackCostTime:2.882s , currentRepackMaxTime:365.863s
iter1		 Improve solution by repack 0.9430092717011557->0.942618247782854 , unplacedBoxesSize:15
currentRepackCostTime:2.899s , currentRepackMaxTime:365.863s
iter1		 Improve solution by repack 0.942618247782854->0.20071956463316312 , unplacedBoxesSize:5
currentRepackCostTime:2.923s , currentRepackMaxTime:365.863s
Selecting boards with low utilization for repacking...
iter1		 Improve solution by repack 0.968447635044343->0.21058384842784197 , unplacedBoxesSize:6
currentRepackCostTime:3.123s , currentRepackMaxTime:365.863s
iter1		 Improve solution by repack 0.21058384842784197->0.1892024993281376 , unplacedBoxesSize:7
currentRepackCostTime:3.154s , currentRepackMaxTime:365.863s
iter4		 Improve solution by repack 0.1892024993281376->0.18049785004031174 , unplacedBoxesSize:6
currentRepackCostTime:3.224s , currentRepackMaxTime:365.863s
Selecting boards with low utilization for repacking...
iter1		 Improve solution by repack 0.9761928648212846->0.9750910373555496 , unplacedBoxesSize:15
currentRepackCostTime:3.36s , currentRepackMaxTime:365.863s
iter1		 Improve solution by repack 0.9750910373555496->0.1963000537489922 , unplacedBoxesSize:6
currentRepackCostTime:3.379s , currentRepackMaxTime:365.863s
iter4		 Improve solution by repack 0.1963000537489922->0.19547970975544207 , unplacedBoxesSize:4
currentRepackCostTime:3.448s , currentRepackMaxTime:365.863s
iter4		 Improve solution by repack 0.19547970975544207->0.18848696586938996 , unplacedBoxesSize:4
currentRepackCostTime:3.511s , currentRepackMaxTime:365.863s
iter3		 Improve solution by repack 0.18848696586938996->0.18020155872077398 , unplacedBoxesSize:3
currentRepackCostTime:3.585s , currentRepackMaxTime:365.863s
Selecting boards with low utilization for repacking...
All low-utilization boards have been repacked once. Restarting repacking process...
