total number of nestable workpieces：164
Start priority-first combined packing.
Start nesting on the 1th large board, remaining blocks count: 87
Utilization of the 1th large board: 99.44275732330019, Time taken for this board: 1.0s
-------------------------------------------------------------------
Start nesting on the 2th large board, remaining blocks count: 82
Utilization of the 2th large board: 99.30092717011557, Time taken for this board: 2.0s
-------------------------------------------------------------------
Start nesting on the 3th large board, remaining blocks count: 74
Utilization of the 3th large board: 98.86341037355551, Time taken for this board: 3.0s
-------------------------------------------------------------------
Start nesting on the 4th large board, remaining blocks count: 62
Utilization of the 4th large board: 98.01834184359043, Time taken for this board: 3.329s
-------------------------------------------------------------------
Start nesting on the 5th large board, remaining blocks count: 48
Utilization of the 5th large board: 95.03473528621339, Time taken for this board: 3.5140000000000002s
-------------------------------------------------------------------
Start nesting on the 6th large board, remaining blocks count: 45
Utilization of the 6th large board: 97.45075248589089, Time taken for this board: 3.735s
-------------------------------------------------------------------
Start nesting on the 7th large board, remaining blocks count: 34
Utilization of the 7th large board: 97.40257995162591, Time taken for this board: 3.895s
-------------------------------------------------------------------
Start nesting on the 8th large board, remaining blocks count: 25
Utilization of the 8th large board: 97.40199207202366, Time taken for this board: 3.95s
-------------------------------------------------------------------
Start nesting on the 9th large board, remaining blocks count: 18
Utilization of the 9th large board: 95.3083848427842, Time taken for this board: 4.008s
-------------------------------------------------------------------
Start nesting on the 10th large board, remaining blocks count: 10
Utilization of the 10th large board: 58.17172803009943, Time taken for this board: 4.0120000000000005s
-------------------------------------------------------------------
Start nesting on the 1th large board, remaining blocks count: 25
Utilization of the 1th large board: 97.38457403923677, Time taken for this board: 0.031s
-------------------------------------------------------------------
Start nesting on the 2th large board, remaining blocks count: 18
Utilization of the 2th large board: 94.55660440741737, Time taken for this board: 0.046s
-------------------------------------------------------------------
Start nesting on the 3th large board, remaining blocks count: 14
Utilization of the 3th large board: 91.74882424079547, Time taken for this board: 0.049s
-------------------------------------------------------------------
Start nesting on the 4th large board, remaining blocks count: 7
Utilization of the 4th large board: 79.08660306369256, Time taken for this board: 0.049s
-------------------------------------------------------------------
Start nesting on the 5th large board, remaining blocks count: 3
Utilization of the 5th large board: 54.25913732867509, Time taken for this board: 0.049s
-------------------------------------------------------------------
Start nesting on the 6th large board, remaining blocks count: 1
Utilization of the 6th large board: 22.024321418973393, Time taken for this board: 0.049s
-------------------------------------------------------------------
