total number of nestable workpieces：216
Start priority-first combined packing.
Start nesting on the 1th large board, remaining blocks count: 149
Utilization of the 1th large board: 98.83458747648481, Time taken for this board: 1.0s
-------------------------------------------------------------------
Start nesting on the 2th large board, remaining blocks count: 145
Utilization of the 2th large board: 98.08022037086805, Time taken for this board: 2.0s
-------------------------------------------------------------------
Start nesting on the 3th large board, remaining blocks count: 133
Utilization of the 3th large board: 98.20579145391024, Time taken for this board: 3.001s
-------------------------------------------------------------------
Start nesting on the 4th large board, remaining blocks count: 118
Utilization of the 4th large board: 99.13726148884709, Time taken for this board: 4.003s
-------------------------------------------------------------------
Start nesting on the 5th large board, remaining blocks count: 102
Utilization of the 5th large board: 98.50272104273044, Time taken for this board: 5.005s
-------------------------------------------------------------------
Start nesting on the 6th large board, remaining blocks count: 88
Utilization of the 6th large board: 99.1792192958882, Time taken for this board: 6.005s
-------------------------------------------------------------------
Start nesting on the 7th large board, remaining blocks count: 68
Utilization of the 7th large board: 98.89488712711638, Time taken for this board: 6.956s
-------------------------------------------------------------------
Start nesting on the 8th large board, remaining blocks count: 50
Utilization of the 8th large board: 98.53675087342113, Time taken for this board: 7.206s
-------------------------------------------------------------------
Start nesting on the 9th large board, remaining blocks count: 30
Utilization of the 9th large board: 97.34332168771836, Time taken for this board: 7.301s
-------------------------------------------------------------------
Start nesting on the 10th large board, remaining blocks count: 12
Utilization of the 10th large board: 65.95384305294276, Time taken for this board: 7.313s
-------------------------------------------------------------------
Start nesting on the 1th large board, remaining blocks count: 98
Utilization of the 1th large board: 98.8397608169847, Time taken for this board: 0.761s
-------------------------------------------------------------------
Start nesting on the 2th large board, remaining blocks count: 89
Utilization of the 2th large board: 98.11836435098093, Time taken for this board: 1.7610000000000001s
-------------------------------------------------------------------
Start nesting on the 3th large board, remaining blocks count: 85
Utilization of the 3th large board: 98.50506785810266, Time taken for this board: 2.761s
-------------------------------------------------------------------
Start nesting on the 4th large board, remaining blocks count: 65
Utilization of the 4th large board: 97.79654326793873, Time taken for this board: 3.4290000000000003s
-------------------------------------------------------------------
Start nesting on the 5th large board, remaining blocks count: 49
Utilization of the 5th large board: 96.6384876377318, Time taken for this board: 3.606s
-------------------------------------------------------------------
Start nesting on the 6th large board, remaining blocks count: 44
Utilization of the 6th large board: 96.75910373555496, Time taken for this board: 3.741s
-------------------------------------------------------------------
Start nesting on the 7th large board, remaining blocks count: 34
Utilization of the 7th large board: 96.83252149959688, Time taken for this board: 3.8320000000000003s
-------------------------------------------------------------------
Start nesting on the 8th large board, remaining blocks count: 18
Utilization of the 8th large board: 91.11753392905132, Time taken for this board: 3.864s
-------------------------------------------------------------------
Start nesting on the 9th large board, remaining blocks count: 4
Utilization of the 9th large board: 16.082874227358236, Time taken for this board: 3.864s
-------------------------------------------------------------------
