total number of nestable workpieces：514
Start priority-first combined packing.
Start nesting on the 1th large board, remaining blocks count: 198
Utilization of the 1th large board: 97.66500940607365, Time taken for this board: 4.284s
-------------------------------------------------------------------
Start nesting on the 2th large board, remaining blocks count: 188
Utilization of the 2th large board: 96.58495700080623, Time taken for this board: 8.105s
-------------------------------------------------------------------
Start nesting on the 3th large board, remaining blocks count: 180
Utilization of the 3th large board: 91.90170653050257, Time taken for this board: 10.998000000000001s
-------------------------------------------------------------------
Start nesting on the 4th large board, remaining blocks count: 175
Utilization of the 4th large board: 93.87815775329213, Time taken for this board: 14.124s
-------------------------------------------------------------------
Start nesting on the 5th large board, remaining blocks count: 168
Utilization of the 5th large board: 97.49486025262027, Time taken for this board: 17.149s
-------------------------------------------------------------------
Start nesting on the 6th large board, remaining blocks count: 154
Utilization of the 6th large board: 98.05566380005375, Time taken for this board: 21.2s
-------------------------------------------------------------------
Start nesting on the 7th large board, remaining blocks count: 143
Utilization of the 7th large board: 99.18624025799515, Time taken for this board: 26.429000000000002s
-------------------------------------------------------------------
Start nesting on the 8th large board, remaining blocks count: 117
Utilization of the 8th large board: 98.64579414135984, Time taken for this board: 27.859s
-------------------------------------------------------------------
Start nesting on the 9th large board, remaining blocks count: 101
Utilization of the 9th large board: 98.47742542327332, Time taken for this board: 29.005s
-------------------------------------------------------------------
Start nesting on the 10th large board, remaining blocks count: 89
Utilization of the 10th large board: 97.9228366030637, Time taken for this board: 29.741s
-------------------------------------------------------------------
Start nesting on the 11th large board, remaining blocks count: 77
Utilization of the 11th large board: 98.36922198333781, Time taken for this board: 30.43s
-------------------------------------------------------------------
Start nesting on the 12th large board, remaining blocks count: 63
Utilization of the 12th large board: 98.35971513034131, Time taken for this board: 30.702s
-------------------------------------------------------------------
Start nesting on the 13th large board, remaining blocks count: 55
Utilization of the 13th large board: 97.84647944101049, Time taken for this board: 30.917s
-------------------------------------------------------------------
Start nesting on the 14th large board, remaining blocks count: 41
Utilization of the 14th large board: 93.95300322493952, Time taken for this board: 31.013s
-------------------------------------------------------------------
Start nesting on the 15th large board, remaining blocks count: 35
Utilization of the 15th large board: 92.3031779091642, Time taken for this board: 31.091s
-------------------------------------------------------------------
Start nesting on the 16th large board, remaining blocks count: 21
Utilization of the 16th large board: 90.59980515990326, Time taken for this board: 31.107s
-------------------------------------------------------------------
Start nesting on the 17th large board, remaining blocks count: 13
Utilization of the 17th large board: 86.45800859983875, Time taken for this board: 31.112000000000002s
-------------------------------------------------------------------
Start nesting on the 18th large board, remaining blocks count: 7
Utilization of the 18th large board: 84.67186240257995, Time taken for this board: 31.113s
-------------------------------------------------------------------
Start nesting on the 19th large board, remaining blocks count: 6
Utilization of the 19th large board: 84.5756517065305, Time taken for this board: 31.113s
-------------------------------------------------------------------
Start nesting on the 20th large board, remaining blocks count: 6
Utilization of the 20th large board: 84.5756517065305, Time taken for this board: 31.114s
-------------------------------------------------------------------
Start nesting on the 21th large board, remaining blocks count: 6
Utilization of the 21th large board: 84.5756517065305, Time taken for this board: 31.115000000000002s
-------------------------------------------------------------------
Start nesting on the 22th large board, remaining blocks count: 6
Utilization of the 22th large board: 84.5756517065305, Time taken for this board: 31.116s
-------------------------------------------------------------------
Start nesting on the 23th large board, remaining blocks count: 6
Utilization of the 23th large board: 84.5756517065305, Time taken for this board: 31.116s
-------------------------------------------------------------------
Start nesting on the 24th large board, remaining blocks count: 4
Utilization of the 24th large board: 83.6242945444773, Time taken for this board: 31.116s
-------------------------------------------------------------------
Start nesting on the 25th large board, remaining blocks count: 2
Utilization of the 25th large board: 81.05563020693361, Time taken for this board: 31.116s
-------------------------------------------------------------------
Start nesting on the 26th large board, remaining blocks count: 2
Utilization of the 26th large board: 81.05563020693361, Time taken for this board: 31.116s
-------------------------------------------------------------------
Start nesting on the 27th large board, remaining blocks count: 2
Utilization of the 27th large board: 27.018543402311206, Time taken for this board: 31.116s
-------------------------------------------------------------------
Start global repack optimization for 27 boards, time=292.718s.
Start improving solution by repacking.
Selecting boards with low utilization for repacking...
iter3		 Improve solution by repack 0.27018543402311207->0.21494490728298846 , unplacedBoxesSize:2
currentRepackCostTime:0.026000000000000002s , currentRepackMaxTime:292.718s
iter4		 Improve solution by repack 0.21494490728298846->0.19958613276001075 , unplacedBoxesSize:2
currentRepackCostTime:0.033s , currentRepackMaxTime:292.718s
iter8		 Improve solution by repack 0.19958613276001075->0.14630509271701156 , unplacedBoxesSize:2
currentRepackCostTime:0.077s , currentRepackMaxTime:292.718s
iter10		 Improve solution by repack 0.14630509271701156->0.12103869927438861 , unplacedBoxesSize:2
currentRepackCostTime:0.089s , currentRepackMaxTime:292.718s
iter17		 Improve solution by repack 0.12103869927438861->0.07224603601182478 , unplacedBoxesSize:2
currentRepackCostTime:0.166s , currentRepackMaxTime:292.718s
iter19		 Improve solution by repack 0.07224603601182478->0.04119927438860521 , unplacedBoxesSize:1
currentRepackCostTime:0.201s , currentRepackMaxTime:292.718s
iter24		 Improve solution by repack 0.04119927438860521->0.0 , unplacedBoxesSize:0
currentRepackCostTime:0.245s , currentRepackMaxTime:292.718s
Improved success. Continue searching for another removable board.
Selecting boards with low utilization for repacking...
iter16		 Improve solution by repack 0.845756517065305->0.816673945176028 , unplacedBoxesSize:10
currentRepackCostTime:0.358s , currentRepackMaxTime:292.718s
iter17		 Improve solution by repack 0.816673945176028->0.7985255979575383 , unplacedBoxesSize:9
currentRepackCostTime:0.367s , currentRepackMaxTime:292.718s
iter24		 Improve solution by repack 0.7985255979575383->0.7894584789035206 , unplacedBoxesSize:10
currentRepackCostTime:0.429s , currentRepackMaxTime:292.718s
iter27		 Improve solution by repack 0.7894584789035206->0.7824858908895458 , unplacedBoxesSize:9
currentRepackCostTime:0.452s , currentRepackMaxTime:292.718s
iter31		 Improve solution by repack 0.7824858908895458->0.780171324912658 , unplacedBoxesSize:9
currentRepackCostTime:0.484s , currentRepackMaxTime:292.718s
iter38		 Improve solution by repack 0.780171324912658->0.7766279226014512 , unplacedBoxesSize:9
currentRepackCostTime:0.562s , currentRepackMaxTime:292.718s
iter50		 Improve solution by repack 0.7766279226014512->0.7666386723998925 , unplacedBoxesSize:10
currentRepackCostTime:0.7030000000000001s , currentRepackMaxTime:292.718s
iter51		 Improve solution by repack 0.7666386723998925->0.7615614082235959 , unplacedBoxesSize:9
currentRepackCostTime:0.713s , currentRepackMaxTime:292.718s
iter126		 Improve solution by repack 0.7615614082235959->0.7388359983875302 , unplacedBoxesSize:9
currentRepackCostTime:1.495s , currentRepackMaxTime:292.718s
iter131		 Improve solution by repack 0.7388359983875302->0.7242260145122279 , unplacedBoxesSize:9
currentRepackCostTime:1.549s , currentRepackMaxTime:292.718s
iter170		 Improve solution by repack 0.7242260145122279->0.7194692287019617 , unplacedBoxesSize:9
currentRepackCostTime:1.926s , currentRepackMaxTime:292.718s
iter244		 Improve solution by repack 0.7194692287019617->0.7170639613007257 , unplacedBoxesSize:9
currentRepackCostTime:2.626s , currentRepackMaxTime:292.718s
iter309		 Improve solution by repack 0.7170639613007257->0.716717952163397 , unplacedBoxesSize:8
currentRepackCostTime:3.3280000000000003s , currentRepackMaxTime:292.718s
iter396		 Improve solution by repack 0.716717952163397->0.7128157753292127 , unplacedBoxesSize:9
currentRepackCostTime:4.1370000000000005s , currentRepackMaxTime:292.718s
iter406		 Improve solution by repack 0.7128157753292127->0.7091144853533996 , unplacedBoxesSize:8
currentRepackCostTime:4.26s , currentRepackMaxTime:292.718s
iter415		 Improve solution by repack 0.7091144853533996->0.6933603198065036 , unplacedBoxesSize:8
currentRepackCostTime:4.358s , currentRepackMaxTime:292.718s
iter427		 Improve solution by repack 0.6933603198065036->0.6905341306100511 , unplacedBoxesSize:8
currentRepackCostTime:4.483s , currentRepackMaxTime:292.718s
iter430		 Improve solution by repack 0.6905341306100511->0.685615090029562 , unplacedBoxesSize:8
currentRepackCostTime:4.531s , currentRepackMaxTime:292.718s
iter447		 Improve solution by repack 0.685615090029562->0.6806960494490728 , unplacedBoxesSize:8
currentRepackCostTime:4.684s , currentRepackMaxTime:292.718s
iter451		 Improve solution by repack 0.6806960494490728->0.6764149422198334 , unplacedBoxesSize:8
currentRepackCostTime:4.713s , currentRepackMaxTime:292.718s
iter478		 Improve solution by repack 0.6764149422198334->0.6734610991668907 , unplacedBoxesSize:9
currentRepackCostTime:4.981s , currentRepackMaxTime:292.718s
iter479		 Improve solution by repack 0.6734610991668907->0.657228903520559 , unplacedBoxesSize:9
currentRepackCostTime:4.993s , currentRepackMaxTime:292.718s
iter494		 Improve solution by repack 0.657228903520559->0.6542327331362536 , unplacedBoxesSize:9
currentRepackCostTime:5.163s , currentRepackMaxTime:292.718s
iter495		 Improve solution by repack 0.6542327331362536->0.643360655737705 , unplacedBoxesSize:8
currentRepackCostTime:5.176s , currentRepackMaxTime:292.718s
iter508		 Improve solution by repack 0.643360655737705->0.6390795485084655 , unplacedBoxesSize:8
currentRepackCostTime:5.293s , currentRepackMaxTime:292.718s
Selecting boards with low utilization for repacking...
iter2		 Improve solution by repack 0.8739246842246708->0.8686626578876647 , unplacedBoxesSize:8
currentRepackCostTime:9.927s , currentRepackMaxTime:292.718s
iter3		 Improve solution by repack 0.8686626578876647->0.6906852996506315 , unplacedBoxesSize:8
currentRepackCostTime:9.939s , currentRepackMaxTime:292.718s
iter7		 Improve solution by repack 0.6906852996506315->0.6822467078742274 , unplacedBoxesSize:8
currentRepackCostTime:9.979000000000001s , currentRepackMaxTime:292.718s
iter12		 Improve solution by repack 0.6822467078742274->0.665274455791454 , unplacedBoxesSize:8
currentRepackCostTime:10.039s , currentRepackMaxTime:292.718s
iter32		 Improve solution by repack 0.665274455791454->0.6419282450954045 , unplacedBoxesSize:7
currentRepackCostTime:10.268s , currentRepackMaxTime:292.718s
iter70		 Improve solution by repack 0.6419282450954045->0.6371714592851384 , unplacedBoxesSize:7
currentRepackCostTime:10.61s , currentRepackMaxTime:292.718s
iter78		 Improve solution by repack 0.6371714592851384->0.6302794947594732 , unplacedBoxesSize:8
currentRepackCostTime:10.686s , currentRepackMaxTime:292.718s
iter95		 Improve solution by repack 0.6302794947594732->0.6262362268207471 , unplacedBoxesSize:8
currentRepackCostTime:10.837s , currentRepackMaxTime:292.718s
iter103		 Improve solution by repack 0.6262362268207471->0.6202146600376243 , unplacedBoxesSize:8
currentRepackCostTime:10.922s , currentRepackMaxTime:292.718s
iter119		 Improve solution by repack 0.6202146600376243->0.6161159634506853 , unplacedBoxesSize:7
currentRepackCostTime:11.042s , currentRepackMaxTime:292.718s
iter124		 Improve solution by repack 0.6161159634506853->0.6150480381617844 , unplacedBoxesSize:8
currentRepackCostTime:11.096s , currentRepackMaxTime:292.718s
iter133		 Improve solution by repack 0.6150480381617844->0.6115288228970707 , unplacedBoxesSize:7
currentRepackCostTime:11.169s , currentRepackMaxTime:292.718s
iter136		 Improve solution by repack 0.6115288228970707->0.6060145122278957 , unplacedBoxesSize:6
currentRepackCostTime:11.188s , currentRepackMaxTime:292.718s
iter140		 Improve solution by repack 0.6060145122278957->0.6032948132222521 , unplacedBoxesSize:7
currentRepackCostTime:11.223s , currentRepackMaxTime:292.718s
iter141		 Improve solution by repack 0.6032948132222521->0.5972816447191616 , unplacedBoxesSize:7
currentRepackCostTime:11.229000000000001s , currentRepackMaxTime:292.718s
iter146		 Improve solution by repack 0.5972816447191616->0.5778201424348294 , unplacedBoxesSize:8
currentRepackCostTime:11.281s , currentRepackMaxTime:292.718s
iter161		 Improve solution by repack 0.5778201424348294->0.5692192958882021 , unplacedBoxesSize:8
currentRepackCostTime:11.462s , currentRepackMaxTime:292.718s
iter163		 Improve solution by repack 0.5692192958882021->0.5539330825047031 , unplacedBoxesSize:7
currentRepackCostTime:11.486s , currentRepackMaxTime:292.718s
iter268		 Improve solution by repack 0.5539330825047031->0.5520780704111797 , unplacedBoxesSize:7
currentRepackCostTime:12.511000000000001s , currentRepackMaxTime:292.718s
iter286		 Improve solution by repack 0.5520780704111797->0.5474489384574039 , unplacedBoxesSize:7
currentRepackCostTime:12.701s , currentRepackMaxTime:292.718s
iter296		 Improve solution by repack 0.5474489384574039->0.5464935501209353 , unplacedBoxesSize:7
currentRepackCostTime:12.817s , currentRepackMaxTime:292.718s
Selecting boards with low utilization for repacking...
iter1		 Improve solution by repack 0.9051740123622682->0.9030694033861865 , unplacedBoxesSize:8
currentRepackCostTime:16.398s , currentRepackMaxTime:292.718s
iter8		 Improve solution by repack 0.9030694033861865->0.5496203977425423 , unplacedBoxesSize:8
currentRepackCostTime:16.463s , currentRepackMaxTime:292.718s
iter32		 Improve solution by repack 0.5496203977425423->0.5464935501209353 , unplacedBoxesSize:7
currentRepackCostTime:16.71s , currentRepackMaxTime:292.718s
iter232		 Improve solution by repack 0.5464935501209353->0.5428826256382693 , unplacedBoxesSize:7
currentRepackCostTime:18.763s , currentRepackMaxTime:292.718s
iter235		 Improve solution by repack 0.5428826256382693->0.5414938860521366 , unplacedBoxesSize:8
currentRepackCostTime:18.787s , currentRepackMaxTime:292.718s
iter237		 Improve solution by repack 0.5414938860521366->0.537006517065305 , unplacedBoxesSize:7
currentRepackCostTime:18.804000000000002s , currentRepackMaxTime:292.718s
iter238		 Improve solution by repack 0.537006517065305->0.5362929991937652 , unplacedBoxesSize:7
currentRepackCostTime:18.815s , currentRepackMaxTime:292.718s
iter262		 Improve solution by repack 0.5362929991937652->0.5316638672399893 , unplacedBoxesSize:7
currentRepackCostTime:19.057000000000002s , currentRepackMaxTime:292.718s
iter267		 Improve solution by repack 0.5316638672399893->0.5293493012631013 , unplacedBoxesSize:7
currentRepackCostTime:19.099s , currentRepackMaxTime:292.718s
iter274		 Improve solution by repack 0.5293493012631013->0.5166803278688524 , unplacedBoxesSize:6
currentRepackCostTime:19.166s , currentRepackMaxTime:292.718s
iter277		 Improve solution by repack 0.5166803278688524->0.5158015318462779 , unplacedBoxesSize:6
currentRepackCostTime:19.187s , currentRepackMaxTime:292.718s
iter298		 Improve solution by repack 0.5158015318462779->0.5108787960225746 , unplacedBoxesSize:6
currentRepackCostTime:19.387s , currentRepackMaxTime:292.718s
iter476		 Improve solution by repack 0.5108787960225746->0.5061220102123085 , unplacedBoxesSize:6
currentRepackCostTime:20.971s , currentRepackMaxTime:292.718s
Selecting boards with low utilization for repacking...
iter4		 Improve solution by repack 0.9060017468422468->0.8971425692018276 , unplacedBoxesSize:7
currentRepackCostTime:25.622s , currentRepackMaxTime:292.718s
iter5		 Improve solution by repack 0.8971425692018276->0.8933549449072831 , unplacedBoxesSize:7
currentRepackCostTime:25.631s , currentRepackMaxTime:292.718s
iter23		 Improve solution by repack 0.8933549449072831->0.5749099704380543 , unplacedBoxesSize:3
currentRepackCostTime:25.774s , currentRepackMaxTime:292.718s
iter29		 Improve solution by repack 0.5749099704380543->0.5650900295619457 , unplacedBoxesSize:5
currentRepackCostTime:25.806s , currentRepackMaxTime:292.718s
iter30		 Improve solution by repack 0.5650900295619457->0.5211730717549046 , unplacedBoxesSize:6
currentRepackCostTime:25.816s , currentRepackMaxTime:292.718s
iter44		 Improve solution by repack 0.5211730717549046->0.515159903251814 , unplacedBoxesSize:6
currentRepackCostTime:25.964000000000002s , currentRepackMaxTime:292.718s
iter157		 Improve solution by repack 0.515159903251814->0.5108787960225746 , unplacedBoxesSize:6
currentRepackCostTime:26.959s , currentRepackMaxTime:292.718s
iter219		 Improve solution by repack 0.5108787960225746->0.5068355280838485 , unplacedBoxesSize:6
currentRepackCostTime:27.533s , currentRepackMaxTime:292.718s
iter241		 Improve solution by repack 0.5068355280838485->0.4990728298844397 , unplacedBoxesSize:5
currentRepackCostTime:27.746000000000002s , currentRepackMaxTime:292.718s
iter253		 Improve solution by repack 0.4990728298844397->0.49618818865896264 , unplacedBoxesSize:5
currentRepackCostTime:27.87s , currentRepackMaxTime:292.718s
iter533		 Improve solution by repack 0.49618818865896264->0.48059762160709485 , unplacedBoxesSize:5
currentRepackCostTime:30.139s , currentRepackMaxTime:292.718s
iter536		 Improve solution by repack 0.48059762160709485->0.4769316044074174 , unplacedBoxesSize:6
currentRepackCostTime:30.172s , currentRepackMaxTime:292.718s
iter538		 Improve solution by repack 0.4769316044074174->0.46961401504971784 , unplacedBoxesSize:6
currentRepackCostTime:30.186s , currentRepackMaxTime:292.718s
iter545		 Improve solution by repack 0.46961401504971784->0.46469497446922875 , unplacedBoxesSize:6
currentRepackCostTime:30.245s , currentRepackMaxTime:292.718s
iter563		 Improve solution by repack 0.46469497446922875->0.4646170384305294 , unplacedBoxesSize:6
currentRepackCostTime:30.418s , currentRepackMaxTime:292.718s
iter570		 Improve solution by repack 0.4646170384305294->0.4613470841171728 , unplacedBoxesSize:6
currentRepackCostTime:30.504s , currentRepackMaxTime:292.718s
Selecting boards with low utilization for repacking...
iter4		 Improve solution by repack 0.9126340365493147->0.8957027680730986 , unplacedBoxesSize:7
currentRepackCostTime:34.566s , currentRepackMaxTime:292.718s
iter25		 Improve solution by repack 0.8957027680730986->0.5108787960225746 , unplacedBoxesSize:6
currentRepackCostTime:34.723s , currentRepackMaxTime:292.718s
iter130		 Improve solution by repack 0.5108787960225746->0.49644719161515727 , unplacedBoxesSize:6
currentRepackCostTime:35.625s , currentRepackMaxTime:292.718s
iter137		 Improve solution by repack 0.49644719161515727->0.49524455791453914 , unplacedBoxesSize:6
currentRepackCostTime:35.69s , currentRepackMaxTime:292.718s
iter190		 Improve solution by repack 0.49524455791453914->0.4811414942219834 , unplacedBoxesSize:7
currentRepackCostTime:36.217s , currentRepackMaxTime:292.718s
iter196		 Improve solution by repack 0.4811414942219834->0.4709513571620532 , unplacedBoxesSize:6
currentRepackCostTime:36.277s , currentRepackMaxTime:292.718s
iter227		 Improve solution by repack 0.4709513571620532->0.45781140822359584 , unplacedBoxesSize:5
currentRepackCostTime:36.599000000000004s , currentRepackMaxTime:292.718s
iter372		 Improve solution by repack 0.45781140822359584->0.4530841843590433 , unplacedBoxesSize:6
currentRepackCostTime:37.833s , currentRepackMaxTime:292.718s
iter443		 Improve solution by repack 0.4530841843590433->0.45225510615425957 , unplacedBoxesSize:5
currentRepackCostTime:38.452s , currentRepackMaxTime:292.718s
iter449		 Improve solution by repack 0.45225510615425957->0.44624193765116904 , unplacedBoxesSize:5
currentRepackCostTime:38.503s , currentRepackMaxTime:292.718s
Selecting boards with low utilization for repacking...
iter4		 Improve solution by repack 0.9094977828540715->0.4860860655737705 , unplacedBoxesSize:6
currentRepackCostTime:43.168s , currentRepackMaxTime:292.718s
iter30		 Improve solution by repack 0.4860860655737705->0.48299617038430526 , unplacedBoxesSize:5
currentRepackCostTime:43.448s , currentRepackMaxTime:292.718s
iter64		 Improve solution by repack 0.48299617038430526->0.46307410642300456 , unplacedBoxesSize:6
currentRepackCostTime:43.709s , currentRepackMaxTime:292.718s
iter88		 Improve solution by repack 0.46307410642300456->0.457060937919914 , unplacedBoxesSize:6
currentRepackCostTime:43.956s , currentRepackMaxTime:292.718s
iter96		 Improve solution by repack 0.457060937919914->0.4510477694168234 , unplacedBoxesSize:6
currentRepackCostTime:44.017s , currentRepackMaxTime:292.718s
iter101		 Improve solution by repack 0.4510477694168234->0.4481164337543671 , unplacedBoxesSize:6
currentRepackCostTime:44.073s , currentRepackMaxTime:292.718s
iter281		 Improve solution by repack 0.4481164337543671->0.44798810803547434 , unplacedBoxesSize:6
currentRepackCostTime:45.887s , currentRepackMaxTime:292.718s
iter337		 Improve solution by repack 0.44798810803547434->0.44598394248857837 , unplacedBoxesSize:6
currentRepackCostTime:46.454s , currentRepackMaxTime:292.718s
iter338		 Improve solution by repack 0.44598394248857837->0.4444101048105348 , unplacedBoxesSize:5
currentRepackCostTime:46.469s , currentRepackMaxTime:292.718s
iter344		 Improve solution by repack 0.4444101048105348->0.441764310669175 , unplacedBoxesSize:5
currentRepackCostTime:46.517s , currentRepackMaxTime:292.718s
iter378		 Improve solution by repack 0.441764310669175->0.44067018274657355 , unplacedBoxesSize:5
currentRepackCostTime:46.822s , currentRepackMaxTime:292.718s
iter421		 Improve solution by repack 0.44067018274657355->0.44047836603063695 , unplacedBoxesSize:4
currentRepackCostTime:47.214s , currentRepackMaxTime:292.718s
Selecting boards with low utilization for repacking...
iter11		 Improve solution by repack 0.9139565976887934->0.46605751142166085 , unplacedBoxesSize:5
currentRepackCostTime:51.626s , currentRepackMaxTime:292.718s
iter34		 Improve solution by repack 0.46605751142166085->0.46436542596076325 , unplacedBoxesSize:5
currentRepackCostTime:51.86s , currentRepackMaxTime:292.718s
iter63		 Improve solution by repack 0.46436542596076325->0.4633845068529965 , unplacedBoxesSize:5
currentRepackCostTime:52.093s , currentRepackMaxTime:292.718s
iter92		 Improve solution by repack 0.4633845068529965->0.45957437516796557 , unplacedBoxesSize:6
currentRepackCostTime:52.388s , currentRepackMaxTime:292.718s
iter95		 Improve solution by repack 0.45957437516796557->0.4513564901908089 , unplacedBoxesSize:6
currentRepackCostTime:52.419000000000004s , currentRepackMaxTime:292.718s
iter102		 Improve solution by repack 0.4513564901908089->0.4450839828003225 , unplacedBoxesSize:5
currentRepackCostTime:52.506s , currentRepackMaxTime:292.718s
iter116		 Improve solution by repack 0.4450839828003225->0.441583579682881 , unplacedBoxesSize:5
currentRepackCostTime:52.641s , currentRepackMaxTime:292.718s
iter158		 Improve solution by repack 0.441583579682881->0.4306513705993013 , unplacedBoxesSize:5
currentRepackCostTime:53.046s , currentRepackMaxTime:292.718s
iter176		 Improve solution by repack 0.4306513705993013->0.4300134372480516 , unplacedBoxesSize:5
currentRepackCostTime:53.224000000000004s , currentRepackMaxTime:292.718s
iter437		 Improve solution by repack 0.4300134372480516->0.4257323300188121 , unplacedBoxesSize:5
currentRepackCostTime:55.63s , currentRepackMaxTime:292.718s
Selecting boards with low utilization for repacking...
iter3		 Improve solution by repack 0.9130542864821285->0.5068355280838485 , unplacedBoxesSize:6
currentRepackCostTime:60.584s , currentRepackMaxTime:292.718s
iter17		 Improve solution by repack 0.5068355280838485->0.49945747110991673 , unplacedBoxesSize:6
currentRepackCostTime:60.744s , currentRepackMaxTime:292.718s
iter52		 Improve solution by repack 0.49945747110991673->0.4863232330018812 , unplacedBoxesSize:6
currentRepackCostTime:61.097s , currentRepackMaxTime:292.718s
iter64		 Improve solution by repack 0.4863232330018812->0.48202364955657084 , unplacedBoxesSize:7
currentRepackCostTime:61.218s , currentRepackMaxTime:292.718s
iter66		 Improve solution by repack 0.48202364955657084->0.47796795216339694 , unplacedBoxesSize:8
currentRepackCostTime:61.24s , currentRepackMaxTime:292.718s
iter86		 Improve solution by repack 0.47796795216339694->0.4665113544746036 , unplacedBoxesSize:6
currentRepackCostTime:61.447s , currentRepackMaxTime:292.718s
iter88		 Improve solution by repack 0.4665113544746036->0.45705522708949203 , unplacedBoxesSize:6
currentRepackCostTime:61.469s , currentRepackMaxTime:292.718s
iter172		 Improve solution by repack 0.45705522708949203->0.4444709083579683 , unplacedBoxesSize:6
currentRepackCostTime:62.328s , currentRepackMaxTime:292.718s
iter280		 Improve solution by repack 0.4444709083579683->0.4424385245901639 , unplacedBoxesSize:7
currentRepackCostTime:63.396s , currentRepackMaxTime:292.718s
iter283		 Improve solution by repack 0.4424385245901639->0.440353399623757 , unplacedBoxesSize:6
currentRepackCostTime:63.423s , currentRepackMaxTime:292.718s
iter306		 Improve solution by repack 0.440353399623757->0.4349472588013975 , unplacedBoxesSize:7
currentRepackCostTime:63.668s , currentRepackMaxTime:292.718s
iter312		 Improve solution by repack 0.4349472588013975->0.4335864015049718 , unplacedBoxesSize:5
currentRepackCostTime:63.749s , currentRepackMaxTime:292.718s
iter455		 Improve solution by repack 0.4335864015049718->0.4308357968288095 , unplacedBoxesSize:7
currentRepackCostTime:65.037s , currentRepackMaxTime:292.718s
iter465		 Improve solution by repack 0.4308357968288095->0.4229521633969363 , unplacedBoxesSize:6
currentRepackCostTime:65.187s , currentRepackMaxTime:292.718s
iter480		 Improve solution by repack 0.4229521633969363->0.42245935232464393 , unplacedBoxesSize:5
currentRepackCostTime:65.33200000000001s , currentRepackMaxTime:292.718s
iter494		 Improve solution by repack 0.42245935232464393->0.42212140553614624 , unplacedBoxesSize:6
currentRepackCostTime:65.43900000000001s , currentRepackMaxTime:292.718s
iter497		 Improve solution by repack 0.42212140553614624->0.4204373824240796 , unplacedBoxesSize:7
currentRepackCostTime:65.47200000000001s , currentRepackMaxTime:292.718s
iter501		 Improve solution by repack 0.4204373824240796->0.4176457941413599 , unplacedBoxesSize:5
currentRepackCostTime:65.534s , currentRepackMaxTime:292.718s
iter702		 Improve solution by repack 0.4176457941413599->0.41261589626444506 , unplacedBoxesSize:6
currentRepackCostTime:67.382s , currentRepackMaxTime:292.718s
iter732		 Improve solution by repack 0.41261589626444506->0.40808754367105615 , unplacedBoxesSize:6
currentRepackCostTime:67.786s , currentRepackMaxTime:292.718s
iter901		 Improve solution by repack 0.40808754367105615->0.4078651572158022 , unplacedBoxesSize:5
currentRepackCostTime:69.709s , currentRepackMaxTime:292.718s
iter1181		 Improve solution by repack 0.4078651572158022->0.40469127922601456 , unplacedBoxesSize:6
currentRepackCostTime:72.32300000000001s , currentRepackMaxTime:292.718s
iter1193		 Improve solution by repack 0.40469127922601456->0.40114384574039236 , unplacedBoxesSize:6
currentRepackCostTime:72.44500000000001s , currentRepackMaxTime:292.718s
iter1252		 Improve solution by repack 0.40114384574039236->0.3905321150228433 , unplacedBoxesSize:4
currentRepackCostTime:73.164s , currentRepackMaxTime:292.718s
Selecting boards with low utilization for repacking...
iter8		 Improve solution by repack 0.9196375302338081->0.3905321150228433 , unplacedBoxesSize:4
currentRepackCostTime:76.42s , currentRepackMaxTime:292.718s
Selecting boards with low utilization for repacking...
iter11		 Improve solution by repack 0.9222940741736092->0.9208868583714055 , unplacedBoxesSize:9
currentRepackCostTime:81.871s , currentRepackMaxTime:292.718s
iter13		 Improve solution by repack 0.9208868583714055->0.42043234345606023 , unplacedBoxesSize:5
currentRepackCostTime:81.89s , currentRepackMaxTime:292.718s
iter62		 Improve solution by repack 0.42043234345606023->0.41343825584520294 , unplacedBoxesSize:5
currentRepackCostTime:82.357s , currentRepackMaxTime:292.718s
iter115		 Improve solution by repack 0.41343825584520294->0.410704447729105 , unplacedBoxesSize:6
currentRepackCostTime:82.911s , currentRepackMaxTime:292.718s
iter126		 Improve solution by repack 0.410704447729105->0.4084923407686106 , unplacedBoxesSize:6
currentRepackCostTime:83.028s , currentRepackMaxTime:292.718s
iter137		 Improve solution by repack 0.4084923407686106->0.40677371674281104 , unplacedBoxesSize:5
currentRepackCostTime:83.16s , currentRepackMaxTime:292.718s
iter148		 Improve solution by repack 0.40677371674281104->0.39545115560333244 , unplacedBoxesSize:4
currentRepackCostTime:83.267s , currentRepackMaxTime:292.718s
iter216		 Improve solution by repack 0.39545115560333244->0.39068026068261225 , unplacedBoxesSize:5
currentRepackCostTime:83.802s , currentRepackMaxTime:292.718s
iter292		 Improve solution by repack 0.39068026068261225->0.39001478097285674 , unplacedBoxesSize:5
currentRepackCostTime:84.496s , currentRepackMaxTime:292.718s
iter299		 Improve solution by repack 0.39001478097285674->0.3889206530502553 , unplacedBoxesSize:5
currentRepackCostTime:84.549s , currentRepackMaxTime:292.718s
iter302		 Improve solution by repack 0.3889206530502553->0.37888336468691214 , unplacedBoxesSize:5
currentRepackCostTime:84.59700000000001s , currentRepackMaxTime:292.718s
Selecting boards with low utilization for repacking...
iter1		 Improve solution by repack 0.9270632894383231->0.37888336468691214 , unplacedBoxesSize:5
currentRepackCostTime:87.907s , currentRepackMaxTime:292.718s
Selecting boards with low utilization for repacking...
iter4		 Improve solution by repack 0.9329978500403117->0.37888336468691214 , unplacedBoxesSize:5
currentRepackCostTime:94.008s , currentRepackMaxTime:292.718s
Selecting boards with low utilization for repacking...
iter3		 Improve solution by repack 0.938132558452029->0.3989989250201559 , unplacedBoxesSize:5
currentRepackCostTime:100.139s , currentRepackMaxTime:292.718s
iter16		 Improve solution by repack 0.3989989250201559->0.3905321150228433 , unplacedBoxesSize:4
currentRepackCostTime:100.272s , currentRepackMaxTime:292.718s
iter78		 Improve solution by repack 0.3905321150228433->0.3857753292125773 , unplacedBoxesSize:4
currentRepackCostTime:100.762s , currentRepackMaxTime:292.718s
iter216		 Improve solution by repack 0.3857753292125773->0.37888336468691214 , unplacedBoxesSize:5
currentRepackCostTime:101.952s , currentRepackMaxTime:292.718s
Selecting boards with low utilization for repacking...
iter2		 Improve solution by repack 0.9187486562751948->0.37888336468691214 , unplacedBoxesSize:5
currentRepackCostTime:106.148s , currentRepackMaxTime:292.718s
Selecting boards with low utilization for repacking...
iter7		 Improve solution by repack 0.9387768744961031->0.9363527949475947 , unplacedBoxesSize:7
currentRepackCostTime:112.456s , currentRepackMaxTime:292.718s
iter8		 Improve solution by repack 0.9363527949475947->0.9346069604944908 , unplacedBoxesSize:6
currentRepackCostTime:112.462s , currentRepackMaxTime:292.718s
iter32		 Improve solution by repack 0.9346069604944908->0.4246418973394249 , unplacedBoxesSize:6
currentRepackCostTime:112.60600000000001s , currentRepackMaxTime:292.718s
iter41		 Improve solution by repack 0.4246418973394249->0.4195323837678044 , unplacedBoxesSize:6
currentRepackCostTime:112.69200000000001s , currentRepackMaxTime:292.718s
iter182		 Improve solution by repack 0.4195323837678044->0.4173925020155872 , unplacedBoxesSize:5
currentRepackCostTime:114.166s , currentRepackMaxTime:292.718s
iter194		 Improve solution by repack 0.4173925020155872->0.4110417226552002 , unplacedBoxesSize:4
currentRepackCostTime:114.293s , currentRepackMaxTime:292.718s
iter203		 Improve solution by repack 0.4110417226552002->0.4072315909701693 , unplacedBoxesSize:5
currentRepackCostTime:114.377s , currentRepackMaxTime:292.718s
Selecting boards with low utilization for repacking...
iter1		 Improve solution by repack 0.9446650765923139->0.9358146331631281 , unplacedBoxesSize:7
currentRepackCostTime:118.714s , currentRepackMaxTime:292.718s
iter7		 Improve solution by repack 0.9358146331631281->0.5042142569201827 , unplacedBoxesSize:6
currentRepackCostTime:118.762s , currentRepackMaxTime:292.718s
iter16		 Improve solution by repack 0.5042142569201827->0.5037190943294814 , unplacedBoxesSize:7
currentRepackCostTime:118.84s , currentRepackMaxTime:292.718s
iter34		 Improve solution by repack 0.5037190943294814->0.4900409836065574 , unplacedBoxesSize:7
currentRepackCostTime:119.031s , currentRepackMaxTime:292.718s
iter36		 Improve solution by repack 0.4900409836065574->0.46279461166353125 , unplacedBoxesSize:6
currentRepackCostTime:119.044s , currentRepackMaxTime:292.718s
iter46		 Improve solution by repack 0.46279461166353125->0.46004434291857027 , unplacedBoxesSize:5
currentRepackCostTime:119.168s , currentRepackMaxTime:292.718s
iter63		 Improve solution by repack 0.46004434291857027->0.45623421123353936 , unplacedBoxesSize:6
currentRepackCostTime:119.293s , currentRepackMaxTime:292.718s
iter103		 Improve solution by repack 0.45623421123353936->0.4545021499596883 , unplacedBoxesSize:6
currentRepackCostTime:119.72s , currentRepackMaxTime:292.718s
iter133		 Improve solution by repack 0.4545021499596883->0.45334789035205586 , unplacedBoxesSize:7
currentRepackCostTime:120.047s , currentRepackMaxTime:292.718s
iter229		 Improve solution by repack 0.45334789035205586->0.4335864015049718 , unplacedBoxesSize:5
currentRepackCostTime:121.07900000000001s , currentRepackMaxTime:292.718s
iter244		 Improve solution by repack 0.4335864015049718->0.4278621338349906 , unplacedBoxesSize:5
currentRepackCostTime:121.208s , currentRepackMaxTime:292.718s
iter327		 Improve solution by repack 0.4278621338349906->0.42484412792260146 , unplacedBoxesSize:4
currentRepackCostTime:121.936s , currentRepackMaxTime:292.718s
iter379		 Improve solution by repack 0.42484412792260146->0.42342884977156675 , unplacedBoxesSize:5
currentRepackCostTime:122.355s , currentRepackMaxTime:292.718s
iter394		 Improve solution by repack 0.42342884977156675->0.42164371136791184 , unplacedBoxesSize:5
currentRepackCostTime:122.46900000000001s , currentRepackMaxTime:292.718s
iter400		 Improve solution by repack 0.42164371136791184->0.42122950819672134 , unplacedBoxesSize:4
currentRepackCostTime:122.514s , currentRepackMaxTime:292.718s
iter420		 Improve solution by repack 0.42122950819672134->0.39780401773716745 , unplacedBoxesSize:5
currentRepackCostTime:122.702s , currentRepackMaxTime:292.718s
iter431		 Improve solution by repack 0.39780401773716745->0.39696217414673474 , unplacedBoxesSize:5
currentRepackCostTime:122.822s , currentRepackMaxTime:292.718s
iter477		 Improve solution by repack 0.39696217414673474->0.3926696452566515 , unplacedBoxesSize:4
currentRepackCostTime:123.29s , currentRepackMaxTime:292.718s
iter613		 Improve solution by repack 0.3926696452566515->0.3826837543671056 , unplacedBoxesSize:4
currentRepackCostTime:124.421s , currentRepackMaxTime:292.718s
iter878		 Improve solution by repack 0.3826837543671056->0.38163934426229507 , unplacedBoxesSize:5
currentRepackCostTime:126.622s , currentRepackMaxTime:292.718s
iter912		 Improve solution by repack 0.38163934426229507->0.3721892636388068 , unplacedBoxesSize:4
currentRepackCostTime:126.932s , currentRepackMaxTime:292.718s
iter915		 Improve solution by repack 0.3721892636388068->0.3679081564095673 , unplacedBoxesSize:4
currentRepackCostTime:126.952s , currentRepackMaxTime:292.718s
Selecting boards with low utilization for repacking...
iter26		 Improve solution by repack 0.9132450954044612->0.38978231658156404 , unplacedBoxesSize:5
currentRepackCostTime:130.448s , currentRepackMaxTime:292.718s
iter35		 Improve solution by repack 0.38978231658156404->0.3862842649825316 , unplacedBoxesSize:6
currentRepackCostTime:130.548s , currentRepackMaxTime:292.718s
iter48		 Improve solution by repack 0.3862842649825316->0.38319436979306637 , unplacedBoxesSize:5
currentRepackCostTime:130.696s , currentRepackMaxTime:292.718s
iter164		 Improve solution by repack 0.38319436979306637->0.3788944504165547 , unplacedBoxesSize:5
currentRepackCostTime:131.831s , currentRepackMaxTime:292.718s
iter200		 Improve solution by repack 0.3788944504165547->0.37366198602526207 , unplacedBoxesSize:5
currentRepackCostTime:132.177s , currentRepackMaxTime:292.718s
iter224		 Improve solution by repack 0.37366198602526207->0.363367710292932 , unplacedBoxesSize:5
currentRepackCostTime:132.383s , currentRepackMaxTime:292.718s
Selecting boards with low utilization for repacking...
iter2		 Improve solution by repack 0.9441638672399892->0.9343133566245633 , unplacedBoxesSize:8
currentRepackCostTime:136.516s , currentRepackMaxTime:292.718s
iter27		 Improve solution by repack 0.9343133566245633->0.43118113410373554 , unplacedBoxesSize:5
currentRepackCostTime:136.705s , currentRepackMaxTime:292.718s
iter112		 Improve solution by repack 0.43118113410373554->0.4189838081160978 , unplacedBoxesSize:6
currentRepackCostTime:137.466s , currentRepackMaxTime:292.718s
iter113		 Improve solution by repack 0.4189838081160978->0.4173713383499059 , unplacedBoxesSize:6
currentRepackCostTime:137.473s , currentRepackMaxTime:292.718s
iter141		 Improve solution by repack 0.4173713383499059->0.4084856221445848 , unplacedBoxesSize:5
currentRepackCostTime:137.788s , currentRepackMaxTime:292.718s
iter187		 Improve solution by repack 0.4084856221445848->0.4078651572158022 , unplacedBoxesSize:5
currentRepackCostTime:138.192s , currentRepackMaxTime:292.718s
iter231		 Improve solution by repack 0.4078651572158022->0.40242407954850845 , unplacedBoxesSize:4
currentRepackCostTime:138.642s , currentRepackMaxTime:292.718s
iter258		 Improve solution by repack 0.40242407954850845->0.4000456866433754 , unplacedBoxesSize:4
currentRepackCostTime:138.869s , currentRepackMaxTime:292.718s
iter463		 Improve solution by repack 0.4000456866433754->0.3965452835259339 , unplacedBoxesSize:4
currentRepackCostTime:140.613s , currentRepackMaxTime:292.718s
iter472		 Improve solution by repack 0.3965452835259339->0.3905321150228433 , unplacedBoxesSize:4
currentRepackCostTime:140.691s , currentRepackMaxTime:292.718s
iter499		 Improve solution by repack 0.3905321150228433->0.38857162053211497 , unplacedBoxesSize:5
currentRepackCostTime:140.901s , currentRepackMaxTime:292.718s
iter519		 Improve solution by repack 0.38857162053211497->0.38386757592045145 , unplacedBoxesSize:4
currentRepackCostTime:141.109s , currentRepackMaxTime:292.718s
iter529		 Improve solution by repack 0.38386757592045145->0.37489787691480786 , unplacedBoxesSize:4
currentRepackCostTime:141.19s , currentRepackMaxTime:292.718s
iter629		 Improve solution by repack 0.37489787691480786->0.3726649422198334 , unplacedBoxesSize:4
currentRepackCostTime:142.038s , currentRepackMaxTime:292.718s
Selecting boards with low utilization for repacking...
iter6		 Improve solution by repack 0.9379642569201827->0.4917441547970976 , unplacedBoxesSize:6
currentRepackCostTime:145.106s , currentRepackMaxTime:292.718s
iter11		 Improve solution by repack 0.4917441547970976->0.47876209352324645 , unplacedBoxesSize:6
currentRepackCostTime:145.169s , currentRepackMaxTime:292.718s
iter15		 Improve solution by repack 0.47876209352324645->0.4769349637194303 , unplacedBoxesSize:5
currentRepackCostTime:145.214s , currentRepackMaxTime:292.718s
iter40		 Improve solution by repack 0.4769349637194303->0.45961099166890623 , unplacedBoxesSize:6
currentRepackCostTime:145.428s , currentRepackMaxTime:292.718s
iter46		 Improve solution by repack 0.45961099166890623->0.43626478097285676 , unplacedBoxesSize:5
currentRepackCostTime:145.483s , currentRepackMaxTime:292.718s
iter145		 Improve solution by repack 0.43626478097285676->0.4328214861596345 , unplacedBoxesSize:6
currentRepackCostTime:146.34s , currentRepackMaxTime:292.718s
iter159		 Improve solution by repack 0.4328214861596345->0.43099435635581834 , unplacedBoxesSize:5
currentRepackCostTime:146.502s , currentRepackMaxTime:292.718s
iter224		 Improve solution by repack 0.43099435635581834->0.42423844396667565 , unplacedBoxesSize:5
currentRepackCostTime:147.086s , currentRepackMaxTime:292.718s
iter265		 Improve solution by repack 0.42423844396667565->0.420232800322494 , unplacedBoxesSize:4
currentRepackCostTime:147.434s , currentRepackMaxTime:292.718s
iter270		 Improve solution by repack 0.420232800322494->0.41627519484009673 , unplacedBoxesSize:6
currentRepackCostTime:147.476s , currentRepackMaxTime:292.718s
iter273		 Improve solution by repack 0.41627519484009673->0.4129625772641763 , unplacedBoxesSize:5
currentRepackCostTime:147.52s , currentRepackMaxTime:292.718s
iter333		 Improve solution by repack 0.4129625772641763->0.4086814700349368 , unplacedBoxesSize:5
currentRepackCostTime:148.091s , currentRepackMaxTime:292.718s
iter396		 Improve solution by repack 0.4086814700349368->0.40654393980112874 , unplacedBoxesSize:5
currentRepackCostTime:148.707s , currentRepackMaxTime:292.718s
iter420		 Improve solution by repack 0.40654393980112874->0.4044994625100779 , unplacedBoxesSize:5
currentRepackCostTime:148.883s , currentRepackMaxTime:292.718s
iter531		 Improve solution by repack 0.4044994625100779->0.40323669712442894 , unplacedBoxesSize:5
currentRepackCostTime:149.862s , currentRepackMaxTime:292.718s
Selecting boards with low utilization for repacking...
iter1		 Improve solution by repack 0.925159903251814->0.917466406879871 , unplacedBoxesSize:6
currentRepackCostTime:154.03900000000002s , currentRepackMaxTime:292.718s
iter2		 Improve solution by repack 0.917466406879871->0.9161888605213653 , unplacedBoxesSize:7
currentRepackCostTime:154.042s , currentRepackMaxTime:292.718s
iter6		 Improve solution by repack 0.9161888605213653->0.5110410507927976 , unplacedBoxesSize:6
currentRepackCostTime:154.078s , currentRepackMaxTime:292.718s
iter7		 Improve solution by repack 0.5110410507927976->0.4873716742811072 , unplacedBoxesSize:2
currentRepackCostTime:154.086s , currentRepackMaxTime:292.718s
iter106		 Improve solution by repack 0.4873716742811072->0.48254871002418703 , unplacedBoxesSize:6
currentRepackCostTime:154.684s , currentRepackMaxTime:292.718s
iter127		 Improve solution by repack 0.48254871002418703->0.47567858102660576 , unplacedBoxesSize:5
currentRepackCostTime:154.90200000000002s , currentRepackMaxTime:292.718s
iter205		 Improve solution by repack 0.47567858102660576->0.47276639344262295 , unplacedBoxesSize:6
currentRepackCostTime:155.58100000000002s , currentRepackMaxTime:292.718s
iter233		 Improve solution by repack 0.47276639344262295->0.46956664875033594 , unplacedBoxesSize:6
currentRepackCostTime:155.865s , currentRepackMaxTime:292.718s
iter261		 Improve solution by repack 0.46956664875033594->0.4652643778554152 , unplacedBoxesSize:6
currentRepackCostTime:156.155s , currentRepackMaxTime:292.718s
iter268		 Improve solution by repack 0.4652643778554152->0.45793973394248855 , unplacedBoxesSize:5
currentRepackCostTime:156.224s , currentRepackMaxTime:292.718s
iter331		 Improve solution by repack 0.45793973394248855->0.4330499193765117 , unplacedBoxesSize:5
currentRepackCostTime:156.742s , currentRepackMaxTime:292.718s
iter348		 Improve solution by repack 0.4330499193765117->0.43174549852190275 , unplacedBoxesSize:5
currentRepackCostTime:156.882s , currentRepackMaxTime:292.718s
iter376		 Improve solution by repack 0.43174549852190275->0.4300134372480516 , unplacedBoxesSize:5
currentRepackCostTime:157.156s , currentRepackMaxTime:292.718s
iter415		 Improve solution by repack 0.4300134372480516->0.42617407954850844 , unplacedBoxesSize:5
currentRepackCostTime:157.494s , currentRepackMaxTime:292.718s
iter626		 Improve solution by repack 0.42617407954850844->0.4257323300188121 , unplacedBoxesSize:5
currentRepackCostTime:159.526s , currentRepackMaxTime:292.718s
Selecting boards with low utilization for repacking...
iter1		 Improve solution by repack 0.9329131953775867->0.9300557645794142 , unplacedBoxesSize:7
currentRepackCostTime:162.76s , currentRepackMaxTime:292.718s
iter7		 Improve solution by repack 0.9300557645794142->0.5485507927976351 , unplacedBoxesSize:7
currentRepackCostTime:162.80700000000002s , currentRepackMaxTime:292.718s
iter32		 Improve solution by repack 0.5485507927976351->0.5261865090029562 , unplacedBoxesSize:6
currentRepackCostTime:163.044s , currentRepackMaxTime:292.718s
iter52		 Improve solution by repack 0.5261865090029562->0.5201347084117173 , unplacedBoxesSize:7
currentRepackCostTime:163.234s , currentRepackMaxTime:292.718s
iter55		 Improve solution by repack 0.5201347084117173->0.5139350980919108 , unplacedBoxesSize:6
currentRepackCostTime:163.26s , currentRepackMaxTime:292.718s
iter65		 Improve solution by repack 0.5139350980919108->0.5104346949744692 , unplacedBoxesSize:6
currentRepackCostTime:163.348s , currentRepackMaxTime:292.718s
iter88		 Improve solution by repack 0.5104346949744692->0.5099882424079548 , unplacedBoxesSize:8
currentRepackCostTime:163.54s , currentRepackMaxTime:292.718s
iter90		 Improve solution by repack 0.5099882424079548->0.5087254770223057 , unplacedBoxesSize:8
currentRepackCostTime:163.562s , currentRepackMaxTime:292.718s
iter99		 Improve solution by repack 0.5087254770223057->0.4969779629131954 , unplacedBoxesSize:6
currentRepackCostTime:163.68s , currentRepackMaxTime:292.718s
iter104		 Improve solution by repack 0.4969779629131954->0.49192690137059936 , unplacedBoxesSize:7
currentRepackCostTime:163.727s , currentRepackMaxTime:292.718s
iter140		 Improve solution by repack 0.49192690137059936->0.4909647944101048 , unplacedBoxesSize:6
currentRepackCostTime:164.114s , currentRepackMaxTime:292.718s
iter192		 Improve solution by repack 0.4909647944101048->0.4816675624832034 , unplacedBoxesSize:7
currentRepackCostTime:164.56900000000002s , currentRepackMaxTime:292.718s
iter197		 Improve solution by repack 0.4816675624832034->0.46638134909970436 , unplacedBoxesSize:6
currentRepackCostTime:164.618s , currentRepackMaxTime:292.718s
iter235		 Improve solution by repack 0.46638134909970436->0.4642290378930395 , unplacedBoxesSize:6
currentRepackCostTime:165.012s , currentRepackMaxTime:292.718s
iter238		 Improve solution by repack 0.4642290378930395->0.46004434291857027 , unplacedBoxesSize:5
currentRepackCostTime:165.035s , currentRepackMaxTime:292.718s
iter272		 Improve solution by repack 0.46004434291857027->0.4592024993281376 , unplacedBoxesSize:5
currentRepackCostTime:165.338s , currentRepackMaxTime:292.718s
iter288		 Improve solution by repack 0.4592024993281376->0.45563255845202905 , unplacedBoxesSize:6
currentRepackCostTime:165.50300000000001s , currentRepackMaxTime:292.718s
iter301		 Improve solution by repack 0.45563255845202905->0.44961938994893846 , unplacedBoxesSize:6
currentRepackCostTime:165.65200000000002s , currentRepackMaxTime:292.718s
iter406		 Improve solution by repack 0.44961938994893846->0.4486384708411717 , unplacedBoxesSize:6
currentRepackCostTime:166.71200000000002s , currentRepackMaxTime:292.718s
Selecting boards with low utilization for repacking...
iter8		 Improve solution by repack 0.922571889277076->0.47567858102660576 , unplacedBoxesSize:5
currentRepackCostTime:172.604s , currentRepackMaxTime:292.718s
iter12		 Improve solution by repack 0.47567858102660576->0.47247816447191615 , unplacedBoxesSize:6
currentRepackCostTime:172.641s , currentRepackMaxTime:292.718s
iter129		 Improve solution by repack 0.47247816447191615->0.456002082773448 , unplacedBoxesSize:6
currentRepackCostTime:173.798s , currentRepackMaxTime:292.718s
iter137		 Improve solution by repack 0.456002082773448->0.45461099166890623 , unplacedBoxesSize:6
currentRepackCostTime:173.89000000000001s , currentRepackMaxTime:292.718s
iter273		 Improve solution by repack 0.45461099166890623->0.4486384708411717 , unplacedBoxesSize:6
currentRepackCostTime:175.20600000000002s , currentRepackMaxTime:292.718s
Selecting boards with low utilization for repacking...
iter1		 Improve solution by repack 0.9338400295619458->0.9308754367105617 , unplacedBoxesSize:9
currentRepackCostTime:179.121s , currentRepackMaxTime:292.718s
iter8		 Improve solution by repack 0.9308754367105617->0.5092414673474872 , unplacedBoxesSize:7
currentRepackCostTime:179.185s , currentRepackMaxTime:292.718s
iter15		 Improve solution by repack 0.5092414673474872->0.49806268476216065 , unplacedBoxesSize:6
currentRepackCostTime:179.29s , currentRepackMaxTime:292.718s
iter39		 Improve solution by repack 0.49806268476216065->0.49805898951894656 , unplacedBoxesSize:6
currentRepackCostTime:179.54s , currentRepackMaxTime:292.718s
iter50		 Improve solution by repack 0.49805898951894656->0.49313994893845736 , unplacedBoxesSize:6
currentRepackCostTime:179.629s , currentRepackMaxTime:292.718s
iter103		 Improve solution by repack 0.49313994893845736->0.4908495700080623 , unplacedBoxesSize:7
currentRepackCostTime:180.15800000000002s , currentRepackMaxTime:292.718s
iter140		 Improve solution by repack 0.4908495700080623->0.4808129535071217 , unplacedBoxesSize:6
currentRepackCostTime:180.633s , currentRepackMaxTime:292.718s
iter144		 Improve solution by repack 0.4808129535071217->0.47567858102660576 , unplacedBoxesSize:5
currentRepackCostTime:180.663s , currentRepackMaxTime:292.718s
iter173		 Improve solution by repack 0.47567858102660576->0.47186844934157485 , unplacedBoxesSize:6
currentRepackCostTime:180.904s , currentRepackMaxTime:292.718s
iter185		 Improve solution by repack 0.47186844934157485->0.47151068261220097 , unplacedBoxesSize:6
currentRepackCostTime:181.007s , currentRepackMaxTime:292.718s
iter194		 Improve solution by repack 0.47151068261220097->0.4540456194571352 , unplacedBoxesSize:5
currentRepackCostTime:181.106s , currentRepackMaxTime:292.718s
iter240		 Improve solution by repack 0.4540456194571352->0.4511609782316581 , unplacedBoxesSize:5
currentRepackCostTime:181.544s , currentRepackMaxTime:292.718s
iter306		 Improve solution by repack 0.4511609782316581->0.44912657887664603 , unplacedBoxesSize:5
currentRepackCostTime:182.147s , currentRepackMaxTime:292.718s
iter395		 Improve solution by repack 0.44912657887664603->0.4486384708411717 , unplacedBoxesSize:6
currentRepackCostTime:182.987s , currentRepackMaxTime:292.718s
Selecting boards with low utilization for repacking...
iter8		 Improve solution by repack 0.961601048105348->0.9421993415748454 , unplacedBoxesSize:9
currentRepackCostTime:189.137s , currentRepackMaxTime:292.718s
iter17		 Improve solution by repack 0.9421993415748454->0.4837153990862671 , unplacedBoxesSize:6
currentRepackCostTime:189.21s , currentRepackMaxTime:292.718s
iter32		 Improve solution by repack 0.4837153990862671->0.47525933888739585 , unplacedBoxesSize:6
currentRepackCostTime:189.366s , currentRepackMaxTime:292.718s
iter44		 Improve solution by repack 0.47525933888739585->0.4692461703843053 , unplacedBoxesSize:6
currentRepackCostTime:189.489s , currentRepackMaxTime:292.718s
iter86		 Improve solution by repack 0.4692461703843053->0.46585528083848426 , unplacedBoxesSize:6
currentRepackCostTime:189.964s , currentRepackMaxTime:292.718s
iter172		 Improve solution by repack 0.46585528083848426->0.4481164337543671 , unplacedBoxesSize:6
currentRepackCostTime:190.858s , currentRepackMaxTime:292.718s
iter336		 Improve solution by repack 0.4481164337543671->0.44798810803547434 , unplacedBoxesSize:6
currentRepackCostTime:192.511s , currentRepackMaxTime:292.718s
Selecting boards with low utilization for repacking...
iter5		 Improve solution by repack 0.9635212308519215->0.48918738242407955 , unplacedBoxesSize:7
currentRepackCostTime:199.275s , currentRepackMaxTime:292.718s
iter132		 Improve solution by repack 0.48918738242407955->0.4873054958344531 , unplacedBoxesSize:6
currentRepackCostTime:200.641s , currentRepackMaxTime:292.718s
iter264		 Improve solution by repack 0.4873054958344531->0.48377149959688254 , unplacedBoxesSize:7
currentRepackCostTime:201.927s , currentRepackMaxTime:292.718s
iter279		 Improve solution by repack 0.48377149959688254->0.4808129535071217 , unplacedBoxesSize:6
currentRepackCostTime:202.096s , currentRepackMaxTime:292.718s
iter286		 Improve solution by repack 0.4808129535071217->0.48060131685030905 , unplacedBoxesSize:5
currentRepackCostTime:202.162s , currentRepackMaxTime:292.718s
iter309		 Improve solution by repack 0.48060131685030905->0.4758740929857565 , unplacedBoxesSize:6
currentRepackCostTime:202.367s , currentRepackMaxTime:292.718s
iter313		 Improve solution by repack 0.4758740929857565->0.47436072292394516 , unplacedBoxesSize:7
currentRepackCostTime:202.412s , currentRepackMaxTime:292.718s
iter320		 Improve solution by repack 0.47436072292394516->0.47263605213652243 , unplacedBoxesSize:5
currentRepackCostTime:202.497s , currentRepackMaxTime:292.718s
iter340		 Improve solution by repack 0.47263605213652243->0.46993113410373555 , unplacedBoxesSize:5
currentRepackCostTime:202.696s , currentRepackMaxTime:292.718s
iter382		 Improve solution by repack 0.46993113410373555->0.46501209352324646 , unplacedBoxesSize:5
currentRepackCostTime:203.05700000000002s , currentRepackMaxTime:292.718s
iter459		 Improve solution by repack 0.46501209352324646->0.4635763235689331 , unplacedBoxesSize:6
currentRepackCostTime:203.723s , currentRepackMaxTime:292.718s
iter463		 Improve solution by repack 0.4635763235689331->0.4633845068529965 , unplacedBoxesSize:5
currentRepackCostTime:203.756s , currentRepackMaxTime:292.718s
iter500		 Improve solution by repack 0.4633845068529965->0.46196922870196183 , unplacedBoxesSize:6
currentRepackCostTime:204.059s , currentRepackMaxTime:292.718s
iter516		 Improve solution by repack 0.46196922870196183->0.45865728298844394 , unplacedBoxesSize:6
currentRepackCostTime:204.22s , currentRepackMaxTime:292.718s
iter531		 Improve solution by repack 0.45865728298844394->0.4584217952163397 , unplacedBoxesSize:6
currentRepackCostTime:204.403s , currentRepackMaxTime:292.718s
iter610		 Improve solution by repack 0.4584217952163397->0.4582380408492341 , unplacedBoxesSize:7
currentRepackCostTime:205.249s , currentRepackMaxTime:292.718s
iter611		 Improve solution by repack 0.4582380408492341->0.4450910373555496 , unplacedBoxesSize:6
currentRepackCostTime:205.27s , currentRepackMaxTime:292.718s
iter691		 Improve solution by repack 0.4450910373555496->0.4410185434023112 , unplacedBoxesSize:6
currentRepackCostTime:206.127s , currentRepackMaxTime:292.718s
iter908		 Improve solution by repack 0.4410185434023112->0.43789371136791183 , unplacedBoxesSize:6
currentRepackCostTime:208.36s , currentRepackMaxTime:292.718s
iter919		 Improve solution by repack 0.43789371136791183->0.43089962375705454 , unplacedBoxesSize:6
currentRepackCostTime:208.47s , currentRepackMaxTime:292.718s
iter969		 Improve solution by repack 0.43089962375705454->0.4257323300188121 , unplacedBoxesSize:5
currentRepackCostTime:209.014s , currentRepackMaxTime:292.718s
Selecting boards with low utilization for repacking...
iter4		 Improve solution by repack 0.970435702768073->0.9429803816178446 , unplacedBoxesSize:8
currentRepackCostTime:212.108s , currentRepackMaxTime:292.718s
iter7		 Improve solution by repack 0.9429803816178446->0.5108787960225746 , unplacedBoxesSize:6
currentRepackCostTime:212.14000000000001s , currentRepackMaxTime:292.718s
iter56		 Improve solution by repack 0.5108787960225746->0.4762217817790917 , unplacedBoxesSize:6
currentRepackCostTime:212.583s , currentRepackMaxTime:292.718s
iter66		 Improve solution by repack 0.4762217817790917->0.47567858102660576 , unplacedBoxesSize:5
currentRepackCostTime:212.666s , currentRepackMaxTime:292.718s
iter118		 Improve solution by repack 0.47567858102660576->0.4709217952163397 , unplacedBoxesSize:5
currentRepackCostTime:213.13s , currentRepackMaxTime:292.718s
iter147		 Improve solution by repack 0.4709217952163397->0.4677213786616501 , unplacedBoxesSize:6
currentRepackCostTime:213.406s , currentRepackMaxTime:292.718s
iter305		 Improve solution by repack 0.4677213786616501->0.46585528083848426 , unplacedBoxesSize:6
currentRepackCostTime:214.972s , currentRepackMaxTime:292.718s
iter310		 Improve solution by repack 0.46585528083848426->0.4615425960763236 , unplacedBoxesSize:7
currentRepackCostTime:215.02700000000002s , currentRepackMaxTime:292.718s
iter313		 Improve solution by repack 0.4615425960763236->0.4565902983069068 , unplacedBoxesSize:6
currentRepackCostTime:215.046s , currentRepackMaxTime:292.718s
iter317		 Improve solution by repack 0.4565902983069068->0.44047836603063695 , unplacedBoxesSize:4
currentRepackCostTime:215.078s , currentRepackMaxTime:292.718s
Selecting boards with low utilization for repacking...
Completed repack sweep without reducing board count. No-reduction sweeps: 1/3
Selecting boards with low utilization for repacking...
Selecting boards with low utilization for repacking...
iter4		 Improve solution by repack 0.9109527008868583->0.9053386186509004 , unplacedBoxesSize:8
currentRepackCostTime:220.375s , currentRepackMaxTime:292.718s
iter14		 Improve solution by repack 0.9053386186509004->0.8899798441279226 , unplacedBoxesSize:8
currentRepackCostTime:220.457s , currentRepackMaxTime:292.718s
iter31		 Improve solution by repack 0.8899798441279226->0.43775866702499333 , unplacedBoxesSize:5
currentRepackCostTime:220.589s , currentRepackMaxTime:292.718s
iter186		 Improve solution by repack 0.43775866702499333->0.43065506584251545 , unplacedBoxesSize:5
currentRepackCostTime:222.038s , currentRepackMaxTime:292.718s
iter202		 Improve solution by repack 0.43065506584251545->0.4300134372480516 , unplacedBoxesSize:5
currentRepackCostTime:222.178s , currentRepackMaxTime:292.718s
iter295		 Improve solution by repack 0.4300134372480516->0.4257323300188121 , unplacedBoxesSize:5
currentRepackCostTime:223.074s , currentRepackMaxTime:292.718s
Selecting boards with low utilization for repacking...
iter4		 Improve solution by repack 0.8878366030636925->0.5168919645256651 , unplacedBoxesSize:6
currentRepackCostTime:226.379s , currentRepackMaxTime:292.718s
iter8		 Improve solution by repack 0.5168919645256651->0.5134681537221177 , unplacedBoxesSize:6
currentRepackCostTime:226.411s , currentRepackMaxTime:292.718s
iter21		 Improve solution by repack 0.5134681537221177->0.46095639613007255 , unplacedBoxesSize:6
currentRepackCostTime:226.526s , currentRepackMaxTime:292.718s
iter35		 Improve solution by repack 0.46095639613007255->0.45781140822359584 , unplacedBoxesSize:5
currentRepackCostTime:226.671s , currentRepackMaxTime:292.718s
iter76		 Improve solution by repack 0.45781140822359584->0.43174549852190275 , unplacedBoxesSize:5
currentRepackCostTime:226.99800000000002s , currentRepackMaxTime:292.718s
iter109		 Improve solution by repack 0.43174549852190275->0.4300134372480516 , unplacedBoxesSize:5
currentRepackCostTime:227.318s , currentRepackMaxTime:292.718s
iter115		 Improve solution by repack 0.4300134372480516->0.4257323300188121 , unplacedBoxesSize:5
currentRepackCostTime:227.364s , currentRepackMaxTime:292.718s
Selecting boards with low utilization for repacking...
iter7		 Improve solution by repack 0.9136532518140285->0.8989088954582101 , unplacedBoxesSize:6
currentRepackCostTime:232.381s , currentRepackMaxTime:292.718s
iter15		 Improve solution by repack 0.8989088954582101->0.4738753023380812 , unplacedBoxesSize:6
currentRepackCostTime:232.443s , currentRepackMaxTime:292.718s
iter40		 Improve solution by repack 0.4738753023380812->0.4669316044074174 , unplacedBoxesSize:6
currentRepackCostTime:232.673s , currentRepackMaxTime:292.718s
iter71		 Improve solution by repack 0.4669316044074174->0.4300134372480516 , unplacedBoxesSize:5
currentRepackCostTime:232.975s , currentRepackMaxTime:292.718s
iter106		 Improve solution by repack 0.4300134372480516->0.4291205321150228 , unplacedBoxesSize:6
currentRepackCostTime:233.306s , currentRepackMaxTime:292.718s
iter108		 Improve solution by repack 0.4291205321150228->0.4248394248857834 , unplacedBoxesSize:6
currentRepackCostTime:233.324s , currentRepackMaxTime:292.718s
iter232		 Improve solution by repack 0.4248394248857834->0.4237631013168503 , unplacedBoxesSize:6
currentRepackCostTime:234.56900000000002s , currentRepackMaxTime:292.718s
Selecting boards with low utilization for repacking...
iter2		 Improve solution by repack 0.8945700080623489->0.4335864015049718 , unplacedBoxesSize:5
currentRepackCostTime:238.80700000000002s , currentRepackMaxTime:292.718s
iter72		 Improve solution by repack 0.4335864015049718->0.4237631013168503 , unplacedBoxesSize:6
currentRepackCostTime:239.404s , currentRepackMaxTime:292.718s
Selecting boards with low utilization for repacking...
iter1		 Improve solution by repack 0.9220212980381618->0.9202754635850577 , unplacedBoxesSize:9
currentRepackCostTime:245.268s , currentRepackMaxTime:292.718s
iter4		 Improve solution by repack 0.9202754635850577->0.43412960225745767 , unplacedBoxesSize:6
currentRepackCostTime:245.286s , currentRepackMaxTime:292.718s
iter8		 Improve solution by repack 0.43412960225745767->0.43174549852190275 , unplacedBoxesSize:5
currentRepackCostTime:245.32s , currentRepackMaxTime:292.718s
iter50		 Improve solution by repack 0.43174549852190275->0.4306513705993013 , unplacedBoxesSize:5
currentRepackCostTime:245.731s , currentRepackMaxTime:292.718s
Selecting boards with low utilization for repacking...
iter16		 Improve solution by repack 0.9271476081698468->0.5061220102123085 , unplacedBoxesSize:6
currentRepackCostTime:251.422s , currentRepackMaxTime:292.718s
Selecting boards with low utilization for repacking...
iter2		 Improve solution by repack 0.9141722655200214->0.5576797231926901 , unplacedBoxesSize:7
currentRepackCostTime:257.4s , currentRepackMaxTime:292.718s
iter5		 Improve solution by repack 0.5576797231926901->0.555260682612201 , unplacedBoxesSize:7
currentRepackCostTime:257.424s , currentRepackMaxTime:292.718s
iter6		 Improve solution by repack 0.555260682612201->0.5407531577532921 , unplacedBoxesSize:8
currentRepackCostTime:257.444s , currentRepackMaxTime:292.718s
iter7		 Improve solution by repack 0.5407531577532921->0.5134395995700081 , unplacedBoxesSize:6
currentRepackCostTime:257.452s , currentRepackMaxTime:292.718s
iter34		 Improve solution by repack 0.5134395995700081->0.5020787422735824 , unplacedBoxesSize:6
currentRepackCostTime:257.721s , currentRepackMaxTime:292.718s
iter100		 Improve solution by repack 0.5020787422735824->0.4980354743348562 , unplacedBoxesSize:6
currentRepackCostTime:258.374s , currentRepackMaxTime:292.718s
iter186		 Improve solution by repack 0.4980354743348562->0.4817051867777479 , unplacedBoxesSize:6
currentRepackCostTime:259.154s , currentRepackMaxTime:292.718s
iter216		 Improve solution by repack 0.4817051867777479->0.4709217952163397 , unplacedBoxesSize:5
currentRepackCostTime:259.445s , currentRepackMaxTime:292.718s
iter231		 Improve solution by repack 0.4709217952163397->0.4671116635313088 , unplacedBoxesSize:6
currentRepackCostTime:259.588s , currentRepackMaxTime:292.718s
iter327		 Improve solution by repack 0.4671116635313088->0.4613470841171728 , unplacedBoxesSize:6
currentRepackCostTime:260.571s , currentRepackMaxTime:292.718s
iter330		 Improve solution by repack 0.4613470841171728->0.45865728298844394 , unplacedBoxesSize:6
currentRepackCostTime:260.606s , currentRepackMaxTime:292.718s
iter348		 Improve solution by repack 0.45865728298844394->0.45781140822359584 , unplacedBoxesSize:5
currentRepackCostTime:260.802s , currentRepackMaxTime:292.718s
iter359		 Improve solution by repack 0.45781140822359584->0.45739216608438593 , unplacedBoxesSize:6
currentRepackCostTime:260.884s , currentRepackMaxTime:292.718s
iter400		 Improve solution by repack 0.45739216608438593->0.4437573904864284 , unplacedBoxesSize:6
currentRepackCostTime:261.361s , currentRepackMaxTime:292.718s
iter414		 Improve solution by repack 0.4437573904864284->0.43966406879871006 , unplacedBoxesSize:6
currentRepackCostTime:261.512s , currentRepackMaxTime:292.718s
iter448		 Improve solution by repack 0.43966406879871006->0.42829313356624565 , unplacedBoxesSize:5
currentRepackCostTime:261.891s , currentRepackMaxTime:292.718s
iter452		 Improve solution by repack 0.42829313356624565->0.42698871271163663 , unplacedBoxesSize:5
currentRepackCostTime:261.94s , currentRepackMaxTime:292.718s
Selecting boards with low utilization for repacking...
iter9		 Improve solution by repack 0.9137190943294813->0.9064861596345068 , unplacedBoxesSize:8
currentRepackCostTime:266.997s , currentRepackMaxTime:292.718s
iter16		 Improve solution by repack 0.9064861596345068->0.5140056436441817 , unplacedBoxesSize:7
currentRepackCostTime:267.041s , currentRepackMaxTime:292.718s
iter18		 Improve solution by repack 0.5140056436441817->0.46402983069067455 , unplacedBoxesSize:6
currentRepackCostTime:267.068s , currentRepackMaxTime:292.718s
iter177		 Improve solution by repack 0.46402983069067455->0.45231053480247246 , unplacedBoxesSize:6
currentRepackCostTime:268.696s , currentRepackMaxTime:292.718s
iter186		 Improve solution by repack 0.45231053480247246->0.4509194436979307 , unplacedBoxesSize:6
currentRepackCostTime:268.795s , currentRepackMaxTime:292.718s
iter244		 Improve solution by repack 0.4509194436979307->0.4486384708411717 , unplacedBoxesSize:6
currentRepackCostTime:269.374s , currentRepackMaxTime:292.718s
iter314		 Improve solution by repack 0.4486384708411717->0.4438816850309057 , unplacedBoxesSize:6
currentRepackCostTime:270.087s , currentRepackMaxTime:292.718s
iter414		 Improve solution by repack 0.4438816850309057->0.4390630878796023 , unplacedBoxesSize:5
currentRepackCostTime:271.127s , currentRepackMaxTime:292.718s
iter456		 Improve solution by repack 0.4390630878796023->0.43775866702499333 , unplacedBoxesSize:5
currentRepackCostTime:271.55400000000003s , currentRepackMaxTime:292.718s
iter508		 Improve solution by repack 0.43775866702499333->0.4257323300188121 , unplacedBoxesSize:5
currentRepackCostTime:272.051s , currentRepackMaxTime:292.718s
Selecting boards with low utilization for repacking...
iter4		 Improve solution by repack 0.9242955522708949->0.9226763638806772 , unplacedBoxesSize:9
currentRepackCostTime:276.457s , currentRepackMaxTime:292.718s
iter7		 Improve solution by repack 0.9226763638806772->0.9193691212039775 , unplacedBoxesSize:9
currentRepackCostTime:276.48s , currentRepackMaxTime:292.718s
iter9		 Improve solution by repack 0.9193691212039775->0.47567858102660576 , unplacedBoxesSize:5
currentRepackCostTime:276.497s , currentRepackMaxTime:292.718s
iter83		 Improve solution by repack 0.47567858102660576->0.46771701155603335 , unplacedBoxesSize:5
currentRepackCostTime:277.118s , currentRepackMaxTime:292.718s
iter323		 Improve solution by repack 0.46771701155603335->0.46736025262026337 , unplacedBoxesSize:6
currentRepackCostTime:279.315s , currentRepackMaxTime:292.718s
iter388		 Improve solution by repack 0.46736025262026337->0.4662698199408761 , unplacedBoxesSize:6
currentRepackCostTime:280.038s , currentRepackMaxTime:292.718s
iter399		 Improve solution by repack 0.4662698199408761->0.4630694033861865 , unplacedBoxesSize:7
currentRepackCostTime:280.123s , currentRepackMaxTime:292.718s
iter407		 Improve solution by repack 0.4630694033861865->0.4613470841171728 , unplacedBoxesSize:6
currentRepackCostTime:280.178s , currentRepackMaxTime:292.718s
iter512		 Improve solution by repack 0.4613470841171728->0.45781140822359584 , unplacedBoxesSize:5
currentRepackCostTime:281.229s , currentRepackMaxTime:292.718s
iter789		 Improve solution by repack 0.45781140822359584->0.4530841843590433 , unplacedBoxesSize:6
currentRepackCostTime:283.656s , currentRepackMaxTime:292.718s
iter835		 Improve solution by repack 0.4530841843590433->0.4509194436979307 , unplacedBoxesSize:6
currentRepackCostTime:284.14s , currentRepackMaxTime:292.718s
iter887		 Improve solution by repack 0.4509194436979307->0.4486384708411717 , unplacedBoxesSize:6
currentRepackCostTime:284.702s , currentRepackMaxTime:292.718s
iter954		 Improve solution by repack 0.4486384708411717->0.4450910373555496 , unplacedBoxesSize:6
currentRepackCostTime:285.402s , currentRepackMaxTime:292.718s
Selecting boards with low utilization for repacking...
iter6		 Improve solution by repack 0.9282810400429992->0.9254595538833646 , unplacedBoxesSize:10
currentRepackCostTime:289.192s , currentRepackMaxTime:292.718s
iter8		 Improve solution by repack 0.9254595538833646->0.9015311744154798 , unplacedBoxesSize:12
currentRepackCostTime:289.213s , currentRepackMaxTime:292.718s
iter13		 Improve solution by repack 0.9015311744154798->0.8985014109110454 , unplacedBoxesSize:11
currentRepackCostTime:289.264s , currentRepackMaxTime:292.718s
iter14		 Improve solution by repack 0.8985014109110454->0.8984822628325718 , unplacedBoxesSize:11
currentRepackCostTime:289.273s , currentRepackMaxTime:292.718s
iter21		 Improve solution by repack 0.8984822628325718->0.8928466809997312 , unplacedBoxesSize:12
currentRepackCostTime:289.35s , currentRepackMaxTime:292.718s
iter26		 Improve solution by repack 0.8928466809997312->0.8908022037086805 , unplacedBoxesSize:12
currentRepackCostTime:289.408s , currentRepackMaxTime:292.718s
iter27		 Improve solution by repack 0.8908022037086805->0.8877123085192153 , unplacedBoxesSize:11
currentRepackCostTime:289.419s , currentRepackMaxTime:292.718s
iter31		 Improve solution by repack 0.8877123085192153->0.48814532383767806 , unplacedBoxesSize:7
currentRepackCostTime:289.47s , currentRepackMaxTime:292.718s
iter40		 Improve solution by repack 0.48814532383767806->0.4850480381617845 , unplacedBoxesSize:7
currentRepackCostTime:289.575s , currentRepackMaxTime:292.718s
iter49		 Improve solution by repack 0.4850480381617845->0.4839757457672669 , unplacedBoxesSize:7
currentRepackCostTime:289.709s , currentRepackMaxTime:292.718s
iter80		 Improve solution by repack 0.4839757457672669->0.48272809728567584 , unplacedBoxesSize:6
currentRepackCostTime:290.129s , currentRepackMaxTime:292.718s
iter92		 Improve solution by repack 0.48272809728567584->0.47247110991668906 , unplacedBoxesSize:6
currentRepackCostTime:290.247s , currentRepackMaxTime:292.718s
iter95		 Improve solution by repack 0.47247110991668906->0.46878661650094067 , unplacedBoxesSize:6
currentRepackCostTime:290.27500000000003s , currentRepackMaxTime:292.718s
iter122		 Improve solution by repack 0.46878661650094067->0.46402983069067455 , unplacedBoxesSize:6
currentRepackCostTime:290.528s , currentRepackMaxTime:292.718s
iter167		 Improve solution by repack 0.46402983069067455->0.45986025262026337 , unplacedBoxesSize:6
currentRepackCostTime:290.921s , currentRepackMaxTime:292.718s
iter185		 Improve solution by repack 0.45986025262026337->0.44168402311206667 , unplacedBoxesSize:5
currentRepackCostTime:291.103s , currentRepackMaxTime:292.718s
iter196		 Improve solution by repack 0.44168402311206667->0.44047836603063695 , unplacedBoxesSize:4
currentRepackCostTime:291.212s , currentRepackMaxTime:292.718s
Global repack result: 27 -> 26 boards.
Start nesting on the 1th large board, remaining blocks count: 281
Utilization of the 1th large board: 99.0583848427842, Time taken for this board: 50.871s
-------------------------------------------------------------------
Start nesting on the 2th large board, remaining blocks count: 269
Utilization of the 2th large board: 99.50891897339426, Time taken for this board: 101.154s
-------------------------------------------------------------------
Start nesting on the 3th large board, remaining blocks count: 255
Utilization of the 3th large board: 99.71963181940339, Time taken for this board: 129.056s
-------------------------------------------------------------------
Start nesting on the 4th large board, remaining blocks count: 243
Utilization of the 4th large board: 99.69163195377585, Time taken for this board: 155.39000000000001s
-------------------------------------------------------------------
Start nesting on the 5th large board, remaining blocks count: 225
Utilization of the 5th large board: 99.54121875839829, Time taken for this board: 176.609s
-------------------------------------------------------------------
Start nesting on the 6th large board, remaining blocks count: 205
Utilization of the 6th large board: 99.45404461166353, Time taken for this board: 200.09s
-------------------------------------------------------------------
Start nesting on the 7th large board, remaining blocks count: 183
Utilization of the 7th large board: 99.52942757323301, Time taken for this board: 219.839s
-------------------------------------------------------------------
Start nesting on the 8th large board, remaining blocks count: 169
Utilization of the 8th large board: 99.42344127922601, Time taken for this board: 233.389s
-------------------------------------------------------------------
Start nesting on the 9th large board, remaining blocks count: 143
Utilization of the 9th large board: 99.159634506853, Time taken for this board: 248.241s
-------------------------------------------------------------------
Start nesting on the 10th large board, remaining blocks count: 117
Utilization of the 10th large board: 99.07289707067993, Time taken for this board: 252.787s
-------------------------------------------------------------------
Start nesting on the 11th large board, remaining blocks count: 107
Utilization of the 11th large board: 98.95646331631282, Time taken for this board: 256.732s
-------------------------------------------------------------------
Start nesting on the 12th large board, remaining blocks count: 82
Utilization of the 12th large board: 98.91658828271969, Time taken for this board: 259.644s
-------------------------------------------------------------------
Start nesting on the 13th large board, remaining blocks count: 62
Utilization of the 13th large board: 98.09073501746842, Time taken for this board: 261.047s
-------------------------------------------------------------------
Start nesting on the 14th large board, remaining blocks count: 38
Utilization of the 14th large board: 81.05200214995969, Time taken for this board: 263.189s
-------------------------------------------------------------------
Start global repack optimization for 14 boards, time=12.958s.
Start improving solution by repacking.
Selecting boards with low utilization for repacking...
Selecting boards with low utilization for repacking...
iter6		 Improve solution by repack 0.9809073501746842->0.8529713114754098 , unplacedBoxesSize:27
currentRepackCostTime:8.45s , currentRepackMaxTime:12.958s
iter20		 Improve solution by repack 0.8529713114754098->0.8455099435635582 , unplacedBoxesSize:25
currentRepackCostTime:10.072000000000001s , currentRepackMaxTime:12.958s
Global repack result: 14 -> 14 boards.
