total number of nestable workpieces：505
Start priority-first combined packing.
Start nesting on the 1th large board, remaining blocks count: 3
Utilization of the 1th large board: 67.85998387530235, Time taken for this board: 0.033s
-------------------------------------------------------------------
Start nesting on the 2th large board, remaining blocks count: 2
Utilization of the 2th large board: 62.71015855952702, Time taken for this board: 0.038s
-------------------------------------------------------------------
Start nesting on the 3th large board, remaining blocks count: 2
Utilization of the 3th large board: 62.71015855952702, Time taken for this board: 0.038s
-------------------------------------------------------------------
Start nesting on the 4th large board, remaining blocks count: 2
Utilization of the 4th large board: 62.71015855952702, Time taken for this board: 0.039s
-------------------------------------------------------------------
Start nesting on the 5th large board, remaining blocks count: 1
Utilization of the 5th large board: 53.940741736092455, Time taken for this board: 0.039s
-------------------------------------------------------------------
Start nesting on the 1th large board, remaining blocks count: 80
Utilization of the 1th large board: 94.7826525127654, Time taken for this board: 0.137s
-------------------------------------------------------------------
Start nesting on the 2th large board, remaining blocks count: 80
Utilization of the 2th large board: 94.7826525127654, Time taken for this board: 0.268s
-------------------------------------------------------------------
Start nesting on the 3th large board, remaining blocks count: 79
Utilization of the 3th large board: 94.09691615157215, Time taken for this board: 0.41100000000000003s
-------------------------------------------------------------------
Start nesting on the 4th large board, remaining blocks count: 79
Utilization of the 4th large board: 94.09691615157215, Time taken for this board: 0.549s
-------------------------------------------------------------------
Start nesting on the 5th large board, remaining blocks count: 76
Utilization of the 5th large board: 93.37338753023381, Time taken for this board: 0.7000000000000001s
-------------------------------------------------------------------
Start nesting on the 6th large board, remaining blocks count: 76
Utilization of the 6th large board: 93.37338753023381, Time taken for this board: 0.865s
-------------------------------------------------------------------
Start nesting on the 7th large board, remaining blocks count: 76
Utilization of the 7th large board: 93.37338753023381, Time taken for this board: 1.014s
-------------------------------------------------------------------
Start nesting on the 8th large board, remaining blocks count: 76
Utilization of the 8th large board: 93.37338753023381, Time taken for this board: 1.161s
-------------------------------------------------------------------
Start nesting on the 9th large board, remaining blocks count: 74
Utilization of the 9th large board: 92.3783593120129, Time taken for this board: 1.298s
-------------------------------------------------------------------
Start nesting on the 10th large board, remaining blocks count: 74
Utilization of the 10th large board: 92.3783593120129, Time taken for this board: 1.438s
-------------------------------------------------------------------
Start nesting on the 11th large board, remaining blocks count: 74
Utilization of the 11th large board: 92.3783593120129, Time taken for this board: 1.58s
-------------------------------------------------------------------
Start nesting on the 12th large board, remaining blocks count: 74
Utilization of the 12th large board: 92.3783593120129, Time taken for this board: 1.722s
-------------------------------------------------------------------
Start nesting on the 13th large board, remaining blocks count: 73
Utilization of the 13th large board: 90.26491030636925, Time taken for this board: 1.899s
-------------------------------------------------------------------
Start nesting on the 14th large board, remaining blocks count: 72
Utilization of the 14th large board: 90.26481063763102, Time taken for this board: 2.089s
-------------------------------------------------------------------
Start nesting on the 15th large board, remaining blocks count: 72
Utilization of the 15th large board: 90.26481063763102, Time taken for this board: 2.281s
-------------------------------------------------------------------
Start nesting on the 16th large board, remaining blocks count: 72
Utilization of the 16th large board: 90.26481063763102, Time taken for this board: 2.473s
-------------------------------------------------------------------
Start nesting on the 17th large board, remaining blocks count: 71
Utilization of the 17th large board: 95.23506785810267, Time taken for this board: 2.685s
-------------------------------------------------------------------
Start nesting on the 18th large board, remaining blocks count: 71
Utilization of the 18th large board: 95.23506785810267, Time taken for this board: 2.896s
-------------------------------------------------------------------
Start nesting on the 19th large board, remaining blocks count: 66
Utilization of the 19th large board: 84.02939398011287, Time taken for this board: 3.094s
-------------------------------------------------------------------
Start nesting on the 20th large board, remaining blocks count: 66
Utilization of the 20th large board: 84.02939398011287, Time taken for this board: 3.2920000000000003s
-------------------------------------------------------------------
Start nesting on the 21th large board, remaining blocks count: 65
Utilization of the 21th large board: 95.09043267938726, Time taken for this board: 3.505s
-------------------------------------------------------------------
Start nesting on the 22th large board, remaining blocks count: 65
Utilization of the 22th large board: 95.09043267938726, Time taken for this board: 3.731s
-------------------------------------------------------------------
Start nesting on the 23th large board, remaining blocks count: 64
Utilization of the 23th large board: 95.24492743886053, Time taken for this board: 3.851s
-------------------------------------------------------------------
Start nesting on the 24th large board, remaining blocks count: 62
Utilization of the 24th large board: 94.86690405804892, Time taken for this board: 3.967s
-------------------------------------------------------------------
Start nesting on the 25th large board, remaining blocks count: 61
Utilization of the 25th large board: 95.51384036549315, Time taken for this board: 4.053s
-------------------------------------------------------------------
Start nesting on the 26th large board, remaining blocks count: 61
Utilization of the 26th large board: 95.51384036549315, Time taken for this board: 4.14s
-------------------------------------------------------------------
Start nesting on the 27th large board, remaining blocks count: 60
Utilization of the 27th large board: 96.71660843859179, Time taken for this board: 4.25s
-------------------------------------------------------------------
Start nesting on the 28th large board, remaining blocks count: 59
Utilization of the 28th large board: 92.35381953775867, Time taken for this board: 4.36s
-------------------------------------------------------------------
Start nesting on the 29th large board, remaining blocks count: 59
Utilization of the 29th large board: 92.35381953775867, Time taken for this board: 4.465s
-------------------------------------------------------------------
Start nesting on the 30th large board, remaining blocks count: 58
Utilization of the 30th large board: 95.66490862671324, Time taken for this board: 4.574s
-------------------------------------------------------------------
Start nesting on the 31th large board, remaining blocks count: 57
Utilization of the 31th large board: 95.00792797635044, Time taken for this board: 4.712s
-------------------------------------------------------------------
Start nesting on the 32th large board, remaining blocks count: 56
Utilization of the 32th large board: 96.23159097016931, Time taken for this board: 4.848s
-------------------------------------------------------------------
Start nesting on the 33th large board, remaining blocks count: 52
Utilization of the 33th large board: 95.12019618382155, Time taken for this board: 4.974s
-------------------------------------------------------------------
Start nesting on the 34th large board, remaining blocks count: 52
Utilization of the 34th large board: 95.12019618382155, Time taken for this board: 5.101s
-------------------------------------------------------------------
Start nesting on the 35th large board, remaining blocks count: 52
Utilization of the 35th large board: 95.12019618382155, Time taken for this board: 5.228s
-------------------------------------------------------------------
Start nesting on the 36th large board, remaining blocks count: 52
Utilization of the 36th large board: 95.10850577801666, Time taken for this board: 5.354s
-------------------------------------------------------------------
Start nesting on the 37th large board, remaining blocks count: 50
Utilization of the 37th large board: 94.28003224939532, Time taken for this board: 5.482s
-------------------------------------------------------------------
Start nesting on the 38th large board, remaining blocks count: 50
Utilization of the 38th large board: 93.48988847084117, Time taken for this board: 5.607s
-------------------------------------------------------------------
Start nesting on the 39th large board, remaining blocks count: 48
Utilization of the 39th large board: 93.67977358237033, Time taken for this board: 5.721s
-------------------------------------------------------------------
Start nesting on the 40th large board, remaining blocks count: 48
Utilization of the 40th large board: 92.62125436710562, Time taken for this board: 5.827s
-------------------------------------------------------------------
Start nesting on the 41th large board, remaining blocks count: 40
Utilization of the 41th large board: 90.37137194302606, Time taken for this board: 5.894s
-------------------------------------------------------------------
Start nesting on the 42th large board, remaining blocks count: 40
Utilization of the 42th large board: 90.34090298306907, Time taken for this board: 5.961s
-------------------------------------------------------------------
Start nesting on the 43th large board, remaining blocks count: 40
Utilization of the 43th large board: 90.34090298306907, Time taken for this board: 6.027s
-------------------------------------------------------------------
Start nesting on the 44th large board, remaining blocks count: 40
Utilization of the 44th large board: 89.48708344531039, Time taken for this board: 6.087s
-------------------------------------------------------------------
Start nesting on the 45th large board, remaining blocks count: 38
Utilization of the 45th large board: 86.02593388873957, Time taken for this board: 6.123s
-------------------------------------------------------------------
Start nesting on the 46th large board, remaining blocks count: 38
Utilization of the 46th large board: 85.71741467347486, Time taken for this board: 6.159s
-------------------------------------------------------------------
Start nesting on the 47th large board, remaining blocks count: 32
Utilization of the 47th large board: 83.90016124697662, Time taken for this board: 6.1690000000000005s
-------------------------------------------------------------------
Start nesting on the 48th large board, remaining blocks count: 32
Utilization of the 48th large board: 83.90016124697662, Time taken for this board: 6.18s
-------------------------------------------------------------------
Start nesting on the 49th large board, remaining blocks count: 30
Utilization of the 49th large board: 82.62469766191884, Time taken for this board: 6.19s
-------------------------------------------------------------------
Start nesting on the 50th large board, remaining blocks count: 28
Utilization of the 50th large board: 82.1729709755442, Time taken for this board: 6.199s
-------------------------------------------------------------------
Start nesting on the 51th large board, remaining blocks count: 28
Utilization of the 51th large board: 82.1729709755442, Time taken for this board: 6.2090000000000005s
-------------------------------------------------------------------
Start nesting on the 52th large board, remaining blocks count: 26
Utilization of the 52th large board: 81.9821620532115, Time taken for this board: 6.218s
-------------------------------------------------------------------
Start nesting on the 53th large board, remaining blocks count: 26
Utilization of the 53th large board: 95.53332437516796, Time taken for this board: 6.227s
-------------------------------------------------------------------
Start nesting on the 54th large board, remaining blocks count: 23
Utilization of the 54th large board: 90.18110051061542, Time taken for this board: 6.234s
-------------------------------------------------------------------
Start nesting on the 55th large board, remaining blocks count: 20
Utilization of the 55th large board: 97.05022171459285, Time taken for this board: 6.2410000000000005s
-------------------------------------------------------------------
Start nesting on the 56th large board, remaining blocks count: 18
Utilization of the 56th large board: 96.82435837140552, Time taken for this board: 6.248s
-------------------------------------------------------------------
Start nesting on the 57th large board, remaining blocks count: 16
Utilization of the 57th large board: 96.81107229239453, Time taken for this board: 6.251s
-------------------------------------------------------------------
Start nesting on the 58th large board, remaining blocks count: 14
Utilization of the 58th large board: 96.61636656812684, Time taken for this board: 6.2540000000000004s
-------------------------------------------------------------------
Start nesting on the 59th large board, remaining blocks count: 14
Utilization of the 59th large board: 96.61636656812684, Time taken for this board: 6.257000000000001s
-------------------------------------------------------------------
Start nesting on the 60th large board, remaining blocks count: 14
Utilization of the 60th large board: 95.50033593120129, Time taken for this board: 6.26s
-------------------------------------------------------------------
Start nesting on the 61th large board, remaining blocks count: 12
Utilization of the 61th large board: 95.4560937919914, Time taken for this board: 6.2620000000000005s
-------------------------------------------------------------------
Start nesting on the 62th large board, remaining blocks count: 10
Utilization of the 62th large board: 95.41201961838215, Time taken for this board: 6.264s
-------------------------------------------------------------------
Start nesting on the 63th large board, remaining blocks count: 10
Utilization of the 63th large board: 95.41201961838215, Time taken for this board: 6.267s
-------------------------------------------------------------------
Start nesting on the 64th large board, remaining blocks count: 10
Utilization of the 64th large board: 95.41201961838215, Time taken for this board: 6.269s
-------------------------------------------------------------------
Start nesting on the 65th large board, remaining blocks count: 6
Utilization of the 65th large board: 86.32377049180327, Time taken for this board: 6.269s
-------------------------------------------------------------------
Start nesting on the 66th large board, remaining blocks count: 4
Utilization of the 66th large board: 82.54309997312549, Time taken for this board: 6.269s
-------------------------------------------------------------------
Start nesting on the 67th large board, remaining blocks count: 4
Utilization of the 67th large board: 72.43476216070948, Time taken for this board: 6.2700000000000005s
-------------------------------------------------------------------
Start nesting on the 68th large board, remaining blocks count: 4
Utilization of the 68th large board: 82.54309997312549, Time taken for this board: 6.2700000000000005s
-------------------------------------------------------------------
Start nesting on the 69th large board, remaining blocks count: 4
Utilization of the 69th large board: 83.03413061005106, Time taken for this board: 6.2700000000000005s
-------------------------------------------------------------------
Start nesting on the 70th large board, remaining blocks count: 4
Utilization of the 70th large board: 72.43476216070948, Time taken for this board: 6.2700000000000005s
-------------------------------------------------------------------
Start nesting on the 71th large board, remaining blocks count: 4
Utilization of the 71th large board: 82.54309997312549, Time taken for this board: 6.2700000000000005s
-------------------------------------------------------------------
Start nesting on the 72th large board, remaining blocks count: 4
Utilization of the 72th large board: 71.94373152378392, Time taken for this board: 6.271s
-------------------------------------------------------------------
Start nesting on the 73th large board, remaining blocks count: 2
Utilization of the 73th large board: 81.07000806234883, Time taken for this board: 6.271s
-------------------------------------------------------------------
Start nesting on the 74th large board, remaining blocks count: 2
Utilization of the 74th large board: 81.07000806234883, Time taken for this board: 6.271s
-------------------------------------------------------------------
Start nesting on the 75th large board, remaining blocks count: 2
Utilization of the 75th large board: 34.744289169578074, Time taken for this board: 6.271s
-------------------------------------------------------------------
