total number of nestable workpieces：437
Start priority-first combined packing.
Start nesting on the 1th large board, remaining blocks count: 277
Utilization of the 1th large board: 99.33001881214727, Time taken for this board: 18.243000000000002s
-------------------------------------------------------------------
Start nesting on the 2th large board, remaining blocks count: 270
Utilization of the 2th large board: 98.3233048911583, Time taken for this board: 39.926s
-------------------------------------------------------------------
Start nesting on the 3th large board, remaining blocks count: 259
Utilization of the 3th large board: 98.31172735823704, Time taken for this board: 60.636s
-------------------------------------------------------------------
Start nesting on the 4th large board, remaining blocks count: 251
Utilization of the 4th large board: 98.33905536146197, Time taken for this board: 70.043s
-------------------------------------------------------------------
Start nesting on the 5th large board, remaining blocks count: 240
Utilization of the 5th large board: 98.03890083310938, Time taken for this board: 77.409s
-------------------------------------------------------------------
Start nesting on the 6th large board, remaining blocks count: 232
Utilization of the 6th large board: 98.95366165009405, Time taken for this board: 85.908s
-------------------------------------------------------------------
Start nesting on the 7th large board, remaining blocks count: 223
Utilization of the 7th large board: 98.02445579145392, Time taken for this board: 92.245s
-------------------------------------------------------------------
Start nesting on the 8th large board, remaining blocks count: 216
Utilization of the 8th large board: 98.79951625907015, Time taken for this board: 99.617s
-------------------------------------------------------------------
Start nesting on the 9th large board, remaining blocks count: 205
Utilization of the 9th large board: 97.77581631281913, Time taken for this board: 106.142s
-------------------------------------------------------------------
Start nesting on the 10th large board, remaining blocks count: 197
Utilization of the 10th large board: 97.25895256651438, Time taken for this board: 112.759s
-------------------------------------------------------------------
Start nesting on the 11th large board, remaining blocks count: 192
Utilization of the 11th large board: 97.94645256651438, Time taken for this board: 119.775s
-------------------------------------------------------------------
Start nesting on the 12th large board, remaining blocks count: 184
Utilization of the 12th large board: 98.75967481859715, Time taken for this board: 127.25s
-------------------------------------------------------------------
Start nesting on the 13th large board, remaining blocks count: 176
Utilization of the 13th large board: 97.75587879602257, Time taken for this board: 135.222s
-------------------------------------------------------------------
Start nesting on the 14th large board, remaining blocks count: 161
Utilization of the 14th large board: 98.12033055630206, Time taken for this board: 141.4s
-------------------------------------------------------------------
Start nesting on the 15th large board, remaining blocks count: 151
Utilization of the 15th large board: 99.1035675893577, Time taken for this board: 147.397s
-------------------------------------------------------------------
Start nesting on the 16th large board, remaining blocks count: 148
Utilization of the 16th large board: 98.60622144584788, Time taken for this board: 153.75s
-------------------------------------------------------------------
Start nesting on the 17th large board, remaining blocks count: 140
Utilization of the 17th large board: 99.1569806503628, Time taken for this board: 157.338s
-------------------------------------------------------------------
Start nesting on the 18th large board, remaining blocks count: 126
Utilization of the 18th large board: 98.93251142166083, Time taken for this board: 159.334s
-------------------------------------------------------------------
Start nesting on the 19th large board, remaining blocks count: 108
Utilization of the 19th large board: 99.01553681805966, Time taken for this board: 160.666s
-------------------------------------------------------------------
Start nesting on the 20th large board, remaining blocks count: 92
Utilization of the 20th large board: 98.70260010749799, Time taken for this board: 161.558s
-------------------------------------------------------------------
Start nesting on the 21th large board, remaining blocks count: 82
Utilization of the 21th large board: 98.60057780166622, Time taken for this board: 162.687s
-------------------------------------------------------------------
Start nesting on the 22th large board, remaining blocks count: 72
Utilization of the 22th large board: 98.48589088954583, Time taken for this board: 163.714s
-------------------------------------------------------------------
Start nesting on the 23th large board, remaining blocks count: 60
Utilization of the 23th large board: 97.8053110722924, Time taken for this board: 164.21s
-------------------------------------------------------------------
Start nesting on the 24th large board, remaining blocks count: 48
Utilization of the 24th large board: 96.8127855415211, Time taken for this board: 164.43200000000002s
-------------------------------------------------------------------
Start nesting on the 25th large board, remaining blocks count: 38
Utilization of the 25th large board: 96.60954716474066, Time taken for this board: 164.614s
-------------------------------------------------------------------
Start nesting on the 26th large board, remaining blocks count: 26
Utilization of the 26th large board: 95.87476484815909, Time taken for this board: 164.666s
-------------------------------------------------------------------
Start nesting on the 27th large board, remaining blocks count: 16
Utilization of the 27th large board: 82.86707202364956, Time taken for this board: 164.685s
-------------------------------------------------------------------
Start global repack optimization for 27 boards, time=297.025s.
Start improving solution by repacking.
Selecting boards with low utilization for repacking...
iter70		 Improve solution by repack 0.8286707202364956->0.8277055898951895 , unplacedBoxesSize:15
currentRepackCostTime:1.222s , currentRepackMaxTime:297.025s
iter47		 Improve solution by repack 0.8277055898951895->0.8244843456060199 , unplacedBoxesSize:16
currentRepackCostTime:2.259s , currentRepackMaxTime:297.025s
iter8		 Improve solution by repack 0.8244843456060199->0.8186574509540446 , unplacedBoxesSize:14
currentRepackCostTime:2.419s , currentRepackMaxTime:297.025s
iter258		 Improve solution by repack 0.8186574509540446->0.8151597352862133 , unplacedBoxesSize:13
currentRepackCostTime:7.814s , currentRepackMaxTime:297.025s
iter16		 Improve solution by repack 0.8151597352862133->0.8116443832303145 , unplacedBoxesSize:11
currentRepackCostTime:8.118s , currentRepackMaxTime:297.025s
Selecting boards with low utilization for repacking...
iter16		 Improve solution by repack 0.9705759540446116->0.8577509406073637 , unplacedBoxesSize:14
currentRepackCostTime:19.737000000000002s , currentRepackMaxTime:297.025s
iter7		 Improve solution by repack 0.8577509406073637->0.8547574576726686 , unplacedBoxesSize:18
currentRepackCostTime:19.852s , currentRepackMaxTime:297.025s
iter8		 Improve solution by repack 0.8547574576726686->0.8525078943832304 , unplacedBoxesSize:15
currentRepackCostTime:20.119s , currentRepackMaxTime:297.025s
iter1		 Improve solution by repack 0.8525078943832304->0.8480717549045956 , unplacedBoxesSize:15
currentRepackCostTime:20.128s , currentRepackMaxTime:297.025s
iter3		 Improve solution by repack 0.8480717549045956->0.8423978769148078 , unplacedBoxesSize:13
currentRepackCostTime:20.162s , currentRepackMaxTime:297.025s
iter1		 Improve solution by repack 0.8423978769148078->0.8398872950819672 , unplacedBoxesSize:11
currentRepackCostTime:20.173000000000002s , currentRepackMaxTime:297.025s
iter20		 Improve solution by repack 0.8398872950819672->0.8362797299113142 , unplacedBoxesSize:12
currentRepackCostTime:20.461000000000002s , currentRepackMaxTime:297.025s
iter9		 Improve solution by repack 0.8362797299113142->0.8259222991131416 , unplacedBoxesSize:13
currentRepackCostTime:20.62s , currentRepackMaxTime:297.025s
iter18		 Improve solution by repack 0.8259222991131416->0.8165615761891964 , unplacedBoxesSize:13
currentRepackCostTime:20.933s , currentRepackMaxTime:297.025s
iter2		 Improve solution by repack 0.8165615761891964->0.8157109983875303 , unplacedBoxesSize:10
currentRepackCostTime:20.955000000000002s , currentRepackMaxTime:297.025s
iter16		 Improve solution by repack 0.8157109983875303->0.8128020021499598 , unplacedBoxesSize:9
currentRepackCostTime:21.251s , currentRepackMaxTime:297.025s
iter45		 Improve solution by repack 0.8128020021499598->0.810317454985219 , unplacedBoxesSize:6
currentRepackCostTime:21.942s , currentRepackMaxTime:297.025s
iter7		 Improve solution by repack 0.810317454985219->0.8096254367105618 , unplacedBoxesSize:8
currentRepackCostTime:22.021s , currentRepackMaxTime:297.025s
iter7		 Improve solution by repack 0.8096254367105618->0.8069870330556301 , unplacedBoxesSize:8
currentRepackCostTime:22.123s , currentRepackMaxTime:297.025s
iter238		 Improve solution by repack 0.8069870330556301->0.8050292260145122 , unplacedBoxesSize:8
currentRepackCostTime:25.484s , currentRepackMaxTime:297.025s
iter8		 Improve solution by repack 0.8050292260145122->0.804225510615426 , unplacedBoxesSize:8
currentRepackCostTime:25.581s , currentRepackMaxTime:297.025s
iter56		 Improve solution by repack 0.804225510615426->0.7977910843859178 , unplacedBoxesSize:12
currentRepackCostTime:26.396s , currentRepackMaxTime:297.025s
iter115		 Improve solution by repack 0.7977910843859178->0.7957728097285677 , unplacedBoxesSize:12
currentRepackCostTime:28.419s , currentRepackMaxTime:297.025s
iter80		 Improve solution by repack 0.7957728097285677->0.7914473595807578 , unplacedBoxesSize:12
currentRepackCostTime:29.925s , currentRepackMaxTime:297.025s
Selecting boards with low utilization for repacking...
iter8		 Improve solution by repack 0.9751768677774791->0.7951009473259876 , unplacedBoxesSize:12
currentRepackCostTime:37.169000000000004s , currentRepackMaxTime:297.025s
Selecting boards with low utilization for repacking...
iter2		 Improve solution by repack 0.9764943899489384->0.819463013974738 , unplacedBoxesSize:15
currentRepackCostTime:49.792s , currentRepackMaxTime:297.025s
iter11		 Improve solution by repack 0.819463013974738->0.8126017871539908 , unplacedBoxesSize:15
currentRepackCostTime:50.039s , currentRepackMaxTime:297.025s
iter76		 Improve solution by repack 0.8126017871539908->0.8123842717011556 , unplacedBoxesSize:15
currentRepackCostTime:51.653s , currentRepackMaxTime:297.025s
iter35		 Improve solution by repack 0.8123842717011556->0.8122713988175222 , unplacedBoxesSize:17
currentRepackCostTime:52.315s , currentRepackMaxTime:297.025s
iter141		 Improve solution by repack 0.8122713988175222->0.8109527008868583 , unplacedBoxesSize:10
currentRepackCostTime:55.687s , currentRepackMaxTime:297.025s
iter50		 Improve solution by repack 0.8109527008868583->0.8099805159903253 , unplacedBoxesSize:10
currentRepackCostTime:56.636s , currentRepackMaxTime:297.025s
iter36		 Improve solution by repack 0.8099805159903253->0.8007457672668638 , unplacedBoxesSize:9
currentRepackCostTime:57.274s , currentRepackMaxTime:297.025s
iter127		 Improve solution by repack 0.8007457672668638->0.8007066648750336 , unplacedBoxesSize:14
currentRepackCostTime:59.507s , currentRepackMaxTime:297.025s
iter24		 Improve solution by repack 0.8007066648750336->0.7995075248589089 , unplacedBoxesSize:10
currentRepackCostTime:59.978s , currentRepackMaxTime:297.025s
iter125		 Improve solution by repack 0.7995075248589089->0.7963585057780166 , unplacedBoxesSize:14
currentRepackCostTime:62.134s , currentRepackMaxTime:297.025s
iter28		 Improve solution by repack 0.7963585057780166->0.7945248253157753 , unplacedBoxesSize:9
currentRepackCostTime:62.723s , currentRepackMaxTime:297.025s
iter15		 Improve solution by repack 0.7945248253157753->0.785097923945176 , unplacedBoxesSize:9
currentRepackCostTime:62.982s , currentRepackMaxTime:297.025s
iter121		 Improve solution by repack 0.785097923945176->0.7802605146466004 , unplacedBoxesSize:8
currentRepackCostTime:64.974s , currentRepackMaxTime:297.025s
iter91		 Improve solution by repack 0.7802605146466004->0.7786609782316581 , unplacedBoxesSize:7
currentRepackCostTime:66.413s , currentRepackMaxTime:297.025s
iter170		 Improve solution by repack 0.7786609782316581->0.7775272104273044 , unplacedBoxesSize:7
currentRepackCostTime:68.906s , currentRepackMaxTime:297.025s
Selecting boards with low utilization for repacking...
iter5		 Improve solution by repack 0.976555193496372->0.9685286213383499 , unplacedBoxesSize:12
currentRepackCostTime:74.116s , currentRepackMaxTime:297.025s
iter40		 Improve solution by repack 0.9685286213383499->0.7986893644181672 , unplacedBoxesSize:14
currentRepackCostTime:74.783s , currentRepackMaxTime:297.025s
Selecting boards with low utilization for repacking...
iter12		 Improve solution by repack 0.9742233270626175->0.8055754501478098 , unplacedBoxesSize:17
currentRepackCostTime:87.989s , currentRepackMaxTime:297.025s
iter45		 Improve solution by repack 0.8055754501478098->0.8036068933082505 , unplacedBoxesSize:19
currentRepackCostTime:88.887s , currentRepackMaxTime:297.025s
iter15		 Improve solution by repack 0.8036068933082505->0.8012555428648213 , unplacedBoxesSize:24
currentRepackCostTime:89.285s , currentRepackMaxTime:297.025s
iter80		 Improve solution by repack 0.8012555428648213->0.8006732061273851 , unplacedBoxesSize:22
currentRepackCostTime:91.477s , currentRepackMaxTime:297.025s
iter7		 Improve solution by repack 0.8006732061273851->0.80056251679656 , unplacedBoxesSize:22
currentRepackCostTime:91.67s , currentRepackMaxTime:297.025s
iter29		 Improve solution by repack 0.80056251679656->0.7961199946251007 , unplacedBoxesSize:24
currentRepackCostTime:92.438s , currentRepackMaxTime:297.025s
iter30		 Improve solution by repack 0.7961199946251007->0.7960769954313357 , unplacedBoxesSize:24
currentRepackCostTime:93.37s , currentRepackMaxTime:297.025s
iter30		 Improve solution by repack 0.7960769954313357->0.7933500739048642 , unplacedBoxesSize:15
currentRepackCostTime:94.292s , currentRepackMaxTime:297.025s
iter226		 Improve solution by repack 0.7933500739048642->0.7933460427304487 , unplacedBoxesSize:15
currentRepackCostTime:98.339s , currentRepackMaxTime:297.025s
Selecting boards with low utilization for repacking...
iter3		 Improve solution by repack 0.9698851115291589->0.8199894181671593 , unplacedBoxesSize:20
currentRepackCostTime:109.098s , currentRepackMaxTime:297.025s
iter1		 Improve solution by repack 0.8199894181671593->0.815054420854609 , unplacedBoxesSize:19
currentRepackCostTime:109.119s , currentRepackMaxTime:297.025s
iter27		 Improve solution by repack 0.815054420854609->0.8148820881483473 , unplacedBoxesSize:20
currentRepackCostTime:109.79s , currentRepackMaxTime:297.025s
iter9		 Improve solution by repack 0.8148820881483473->0.8136042058586402 , unplacedBoxesSize:21
currentRepackCostTime:110.035s , currentRepackMaxTime:297.025s
iter1		 Improve solution by repack 0.8136042058586402->0.8132445915076593 , unplacedBoxesSize:24
currentRepackCostTime:110.054s , currentRepackMaxTime:297.025s
iter17		 Improve solution by repack 0.8132445915076593->0.8087353869927438 , unplacedBoxesSize:22
currentRepackCostTime:110.513s , currentRepackMaxTime:297.025s
iter47		 Improve solution by repack 0.8087353869927438->0.8083811945713518 , unplacedBoxesSize:24
currentRepackCostTime:111.756s , currentRepackMaxTime:297.025s
iter27		 Improve solution by repack 0.8083811945713518->0.8048152378392905 , unplacedBoxesSize:23
currentRepackCostTime:112.49900000000001s , currentRepackMaxTime:297.025s
iter6		 Improve solution by repack 0.8048152378392905->0.8015247917226552 , unplacedBoxesSize:21
currentRepackCostTime:112.646s , currentRepackMaxTime:297.025s
iter116		 Improve solution by repack 0.8015247917226552->0.7987167428110723 , unplacedBoxesSize:21
currentRepackCostTime:115.54s , currentRepackMaxTime:297.025s
iter15		 Improve solution by repack 0.7987167428110723->0.7986944033861865 , unplacedBoxesSize:12
currentRepackCostTime:115.903s , currentRepackMaxTime:297.025s
iter61		 Improve solution by repack 0.7986944033861865->0.7971976619188391 , unplacedBoxesSize:10
currentRepackCostTime:116.899s , currentRepackMaxTime:297.025s
iter31		 Improve solution by repack 0.7971976619188391->0.792819806503628 , unplacedBoxesSize:11
currentRepackCostTime:117.316s , currentRepackMaxTime:297.025s
iter108		 Improve solution by repack 0.792819806503628->0.7917140889545821 , unplacedBoxesSize:10
currentRepackCostTime:119.15s , currentRepackMaxTime:297.025s
iter58		 Improve solution by repack 0.7917140889545821->0.7908796358505777 , unplacedBoxesSize:10
currentRepackCostTime:120.096s , currentRepackMaxTime:297.025s
iter75		 Improve solution by repack 0.7908796358505777->0.7881439801128728 , unplacedBoxesSize:9
currentRepackCostTime:121.215s , currentRepackMaxTime:297.025s
iter3		 Improve solution by repack 0.7881439801128728->0.7874264310669176 , unplacedBoxesSize:9
currentRepackCostTime:121.242s , currentRepackMaxTime:297.025s
iter51		 Improve solution by repack 0.7874264310669176->0.7869789707067993 , unplacedBoxesSize:9
currentRepackCostTime:121.947s , currentRepackMaxTime:297.025s
Selecting boards with low utilization for repacking...
iter3		 Improve solution by repack 0.9670053413061005->0.800985454178984 , unplacedBoxesSize:7
currentRepackCostTime:127.397s , currentRepackMaxTime:297.025s
iter100		 Improve solution by repack 0.800985454178984->0.8004793738242408 , unplacedBoxesSize:8
currentRepackCostTime:128.613s , currentRepackMaxTime:297.025s
iter130		 Improve solution by repack 0.8004793738242408->0.7966296022574577 , unplacedBoxesSize:10
currentRepackCostTime:130.344s , currentRepackMaxTime:297.025s
iter62		 Improve solution by repack 0.7966296022574577->0.79243751679656 , unplacedBoxesSize:13
currentRepackCostTime:131.303s , currentRepackMaxTime:297.025s
iter15		 Improve solution by repack 0.79243751679656->0.789478634775598 , unplacedBoxesSize:13
currentRepackCostTime:131.624s , currentRepackMaxTime:297.025s
iter28		 Improve solution by repack 0.789478634775598->0.7877050859983875 , unplacedBoxesSize:14
currentRepackCostTime:132.07s , currentRepackMaxTime:297.025s
iter16		 Improve solution by repack 0.7877050859983875->0.7875240190808922 , unplacedBoxesSize:14
currentRepackCostTime:132.393s , currentRepackMaxTime:297.025s
iter24		 Improve solution by repack 0.7875240190808922->0.7833967683418436 , unplacedBoxesSize:12
currentRepackCostTime:132.912s , currentRepackMaxTime:297.025s
iter76		 Improve solution by repack 0.7833967683418436->0.775395055092717 , unplacedBoxesSize:13
currentRepackCostTime:134.175s , currentRepackMaxTime:297.025s
iter8		 Improve solution by repack 0.775395055092717->0.7735647339424886 , unplacedBoxesSize:13
currentRepackCostTime:134.303s , currentRepackMaxTime:297.025s
Selecting boards with low utilization for repacking...
iter7		 Improve solution by repack 0.9703554152109648->0.7825999395323838 , unplacedBoxesSize:16
currentRepackCostTime:145.381s , currentRepackMaxTime:297.025s
iter21		 Improve solution by repack 0.7825999395323838->0.7728737234614351 , unplacedBoxesSize:14
currentRepackCostTime:145.843s , currentRepackMaxTime:297.025s
iter33		 Improve solution by repack 0.7728737234614351->0.769956496909433 , unplacedBoxesSize:14
currentRepackCostTime:146.463s , currentRepackMaxTime:297.025s
iter76		 Improve solution by repack 0.769956496909433->0.7694342918570277 , unplacedBoxesSize:17
currentRepackCostTime:148.02100000000002s , currentRepackMaxTime:297.025s
iter80		 Improve solution by repack 0.7694342918570277->0.7693812147272239 , unplacedBoxesSize:17
currentRepackCostTime:149.856s , currentRepackMaxTime:297.025s
iter200		 Improve solution by repack 0.7693812147272239->0.7687451289975812 , unplacedBoxesSize:15
currentRepackCostTime:153.993s , currentRepackMaxTime:297.025s
Selecting boards with low utilization for repacking...
iter2		 Improve solution by repack 0.9780102794947595->0.7941524455791453 , unplacedBoxesSize:18
currentRepackCostTime:166.774s , currentRepackMaxTime:297.025s
iter2		 Improve solution by repack 0.7941524455791453->0.7910242542327331 , unplacedBoxesSize:17
currentRepackCostTime:166.794s , currentRepackMaxTime:297.025s
iter16		 Improve solution by repack 0.7910242542327331->0.7882400564364418 , unplacedBoxesSize:17
currentRepackCostTime:167.161s , currentRepackMaxTime:297.025s
iter2		 Improve solution by repack 0.7882400564364418->0.7836997782854072 , unplacedBoxesSize:14
currentRepackCostTime:167.193s , currentRepackMaxTime:297.025s
iter48		 Improve solution by repack 0.7836997782854072->0.7822824845471648 , unplacedBoxesSize:13
currentRepackCostTime:168.183s , currentRepackMaxTime:297.025s
iter51		 Improve solution by repack 0.7822824845471648->0.7780057444235421 , unplacedBoxesSize:12
currentRepackCostTime:169.107s , currentRepackMaxTime:297.025s
iter13		 Improve solution by repack 0.7780057444235421->0.7772608169846815 , unplacedBoxesSize:12
currentRepackCostTime:169.32s , currentRepackMaxTime:297.025s
iter78		 Improve solution by repack 0.7772608169846815->0.7771647406611126 , unplacedBoxesSize:12
currentRepackCostTime:170.691s , currentRepackMaxTime:297.025s
iter111		 Improve solution by repack 0.7771647406611126->0.776851820747111 , unplacedBoxesSize:15
currentRepackCostTime:172.81900000000002s , currentRepackMaxTime:297.025s
iter72		 Improve solution by repack 0.776851820747111->0.7758735890889545 , unplacedBoxesSize:16
currentRepackCostTime:174.407s , currentRepackMaxTime:297.025s
iter71		 Improve solution by repack 0.7758735890889545->0.7714354340231121 , unplacedBoxesSize:12
currentRepackCostTime:175.91400000000002s , currentRepackMaxTime:297.025s
iter4		 Improve solution by repack 0.7714354340231121->0.7693160440741735 , unplacedBoxesSize:10
currentRepackCostTime:175.995s , currentRepackMaxTime:297.025s
Selecting boards with low utilization for repacking...
iter6		 Improve solution by repack 0.980371371943026->0.7728009943563559 , unplacedBoxesSize:11
currentRepackCostTime:185.99s , currentRepackMaxTime:297.025s
iter13		 Improve solution by repack 0.7728009943563559->0.7694806839559258 , unplacedBoxesSize:12
currentRepackCostTime:186.238s , currentRepackMaxTime:297.025s
iter6		 Improve solution by repack 0.7694806839559258->0.769072661918839 , unplacedBoxesSize:12
currentRepackCostTime:186.351s , currentRepackMaxTime:297.025s
iter50		 Improve solution by repack 0.769072661918839->0.7682783525933888 , unplacedBoxesSize:13
currentRepackCostTime:187.156s , currentRepackMaxTime:297.025s
iter52		 Improve solution by repack 0.7682783525933888->0.7666007121741467 , unplacedBoxesSize:13
currentRepackCostTime:188.007s , currentRepackMaxTime:297.025s
iter49		 Improve solution by repack 0.7666007121741467->0.7665577129803817 , unplacedBoxesSize:13
currentRepackCostTime:189.037s , currentRepackMaxTime:297.025s
iter10		 Improve solution by repack 0.7665577129803817->0.7618734883095941 , unplacedBoxesSize:11
currentRepackCostTime:189.201s , currentRepackMaxTime:297.025s
iter138		 Improve solution by repack 0.7618734883095941->0.7614663396936308 , unplacedBoxesSize:12
currentRepackCostTime:191.75300000000001s , currentRepackMaxTime:297.025s
iter27		 Improve solution by repack 0.7614663396936308->0.7592639747379737 , unplacedBoxesSize:12
currentRepackCostTime:192.28900000000002s , currentRepackMaxTime:297.025s
iter1		 Improve solution by repack 0.7592639747379737->0.7590143778554153 , unplacedBoxesSize:9
currentRepackCostTime:192.302s , currentRepackMaxTime:297.025s
iter74		 Improve solution by repack 0.7590143778554153->0.7576048105348024 , unplacedBoxesSize:10
currentRepackCostTime:193.478s , currentRepackMaxTime:297.025s
iter293		 Improve solution by repack 0.7576048105348024->0.7556953775866702 , unplacedBoxesSize:10
currentRepackCostTime:198.406s , currentRepackMaxTime:297.025s
Selecting boards with low utilization for repacking...
iter25		 Improve solution by repack 0.9767698535339963->0.7835832101585596 , unplacedBoxesSize:13
currentRepackCostTime:210.161s , currentRepackMaxTime:297.025s
iter7		 Improve solution by repack 0.7835832101585596->0.7835657417360925 , unplacedBoxesSize:13
currentRepackCostTime:210.303s , currentRepackMaxTime:297.025s
iter17		 Improve solution by repack 0.7835657417360925->0.782340600644988 , unplacedBoxesSize:10
currentRepackCostTime:210.631s , currentRepackMaxTime:297.025s
iter10		 Improve solution by repack 0.782340600644988->0.7819536079011019 , unplacedBoxesSize:10
currentRepackCostTime:210.779s , currentRepackMaxTime:297.025s
iter2		 Improve solution by repack 0.7819536079011019->0.7776152244020424 , unplacedBoxesSize:11
currentRepackCostTime:210.803s , currentRepackMaxTime:297.025s
iter137		 Improve solution by repack 0.7776152244020424->0.776898179252889 , unplacedBoxesSize:12
currentRepackCostTime:213.046s , currentRepackMaxTime:297.025s
iter19		 Improve solution by repack 0.776898179252889->0.7745517804353669 , unplacedBoxesSize:13
currentRepackCostTime:213.35s , currentRepackMaxTime:297.025s
iter20		 Improve solution by repack 0.7745517804353669->0.774418751679656 , unplacedBoxesSize:13
currentRepackCostTime:213.73600000000002s , currentRepackMaxTime:297.025s
iter14		 Improve solution by repack 0.774418751679656->0.7681404528352592 , unplacedBoxesSize:11
currentRepackCostTime:213.979s , currentRepackMaxTime:297.025s
iter190		 Improve solution by repack 0.7681404528352592->0.76770055092717 , unplacedBoxesSize:14
currentRepackCostTime:217.346s , currentRepackMaxTime:297.025s
iter9		 Improve solution by repack 0.76770055092717->0.7672530905670518 , unplacedBoxesSize:14
currentRepackCostTime:217.548s , currentRepackMaxTime:297.025s
iter1		 Improve solution by repack 0.7672530905670518->0.7646877519484009 , unplacedBoxesSize:14
currentRepackCostTime:217.562s , currentRepackMaxTime:297.025s
iter1		 Improve solution by repack 0.7646877519484009->0.7641546291319539 , unplacedBoxesSize:12
currentRepackCostTime:217.58s , currentRepackMaxTime:297.025s
iter98		 Improve solution by repack 0.7641546291319539->0.7577850376242946 , unplacedBoxesSize:11
currentRepackCostTime:219.31900000000002s , currentRepackMaxTime:297.025s
Selecting boards with low utilization for repacking...
iter12		 Improve solution by repack 0.9740862671324914->0.7901449543133567 , unplacedBoxesSize:13
currentRepackCostTime:227.96800000000002s , currentRepackMaxTime:297.025s
iter1		 Improve solution by repack 0.7901449543133567->0.789787019618382 , unplacedBoxesSize:9
currentRepackCostTime:227.977s , currentRepackMaxTime:297.025s
iter11		 Improve solution by repack 0.789787019618382->0.7871770021499598 , unplacedBoxesSize:8
currentRepackCostTime:228.189s , currentRepackMaxTime:297.025s
iter11		 Improve solution by repack 0.7871770021499598->0.779967414673475 , unplacedBoxesSize:10
currentRepackCostTime:228.34900000000002s , currentRepackMaxTime:297.025s
iter64		 Improve solution by repack 0.779967414673475->0.7732954850846546 , unplacedBoxesSize:14
currentRepackCostTime:229.464s , currentRepackMaxTime:297.025s
iter20		 Improve solution by repack 0.7732954850846546->0.7724914337543671 , unplacedBoxesSize:15
currentRepackCostTime:229.872s , currentRepackMaxTime:297.025s
iter46		 Improve solution by repack 0.7724914337543671->0.7678441615157215 , unplacedBoxesSize:16
currentRepackCostTime:230.866s , currentRepackMaxTime:297.025s
iter5		 Improve solution by repack 0.7678441615157215->0.7641595807578608 , unplacedBoxesSize:14
currentRepackCostTime:230.98600000000002s , currentRepackMaxTime:297.025s
iter21		 Improve solution by repack 0.7641595807578608->0.7624476283257189 , unplacedBoxesSize:13
currentRepackCostTime:231.41400000000002s , currentRepackMaxTime:297.025s
iter3		 Improve solution by repack 0.7624476283257189->0.762336938994894 , unplacedBoxesSize:13
currentRepackCostTime:231.449s , currentRepackMaxTime:297.025s
iter268		 Improve solution by repack 0.762336938994894->0.7526485151840903 , unplacedBoxesSize:14
currentRepackCostTime:236.991s , currentRepackMaxTime:297.025s
iter84		 Improve solution by repack 0.7526485151840903->0.7502499664068799 , unplacedBoxesSize:13
currentRepackCostTime:238.762s , currentRepackMaxTime:297.025s
iter42		 Improve solution by repack 0.7502499664068799->0.748499764848159 , unplacedBoxesSize:13
currentRepackCostTime:239.661s , currentRepackMaxTime:297.025s
iter10		 Improve solution by repack 0.748499764848159->0.7480600309056705 , unplacedBoxesSize:15
currentRepackCostTime:239.853s , currentRepackMaxTime:297.025s
iter33		 Improve solution by repack 0.7480600309056705->0.7478074106423005 , unplacedBoxesSize:15
currentRepackCostTime:240.535s , currentRepackMaxTime:297.025s
iter11		 Improve solution by repack 0.7478074106423005->0.7452758331093792 , unplacedBoxesSize:17
currentRepackCostTime:240.80100000000002s , currentRepackMaxTime:297.025s
iter25		 Improve solution by repack 0.7452758331093792->0.7423144316044074 , unplacedBoxesSize:16
currentRepackCostTime:241.335s , currentRepackMaxTime:297.025s
iter11		 Improve solution by repack 0.7423144316044074->0.7423072090835796 , unplacedBoxesSize:16
currentRepackCostTime:241.522s , currentRepackMaxTime:297.025s
iter20		 Improve solution by repack 0.7423072090835796->0.741173441279226 , unplacedBoxesSize:14
currentRepackCostTime:241.92000000000002s , currentRepackMaxTime:297.025s
iter8		 Improve solution by repack 0.741173441279226->0.7386942690137059 , unplacedBoxesSize:13
currentRepackCostTime:242.082s , currentRepackMaxTime:297.025s
iter14		 Improve solution by repack 0.7386942690137059->0.7358860185434024 , unplacedBoxesSize:11
currentRepackCostTime:242.383s , currentRepackMaxTime:297.025s
iter185		 Improve solution by repack 0.7358860185434024->0.7327489250201559 , unplacedBoxesSize:11
currentRepackCostTime:245.788s , currentRepackMaxTime:297.025s
iter62		 Improve solution by repack 0.7327489250201559->0.7320118919645257 , unplacedBoxesSize:10
currentRepackCostTime:246.868s , currentRepackMaxTime:297.025s
iter81		 Improve solution by repack 0.7320118919645257->0.7300683619994626 , unplacedBoxesSize:10
currentRepackCostTime:248.046s , currentRepackMaxTime:297.025s
Selecting boards with low utilization for repacking...
iter2		 Improve solution by repack 0.9798678110722925->0.7612145592582639 , unplacedBoxesSize:9
currentRepackCostTime:253.852s , currentRepackMaxTime:297.025s
iter8		 Improve solution by repack 0.7612145592582639->0.7585996707874227 , unplacedBoxesSize:11
currentRepackCostTime:253.988s , currentRepackMaxTime:297.025s
iter28		 Improve solution by repack 0.7585996707874227->0.757282820478366 , unplacedBoxesSize:13
currentRepackCostTime:254.439s , currentRepackMaxTime:297.025s
iter67		 Improve solution by repack 0.757282820478366->0.7556564095673206 , unplacedBoxesSize:15
currentRepackCostTime:255.717s , currentRepackMaxTime:297.025s
iter13		 Improve solution by repack 0.7556564095673206->0.75407341440473 , unplacedBoxesSize:16
currentRepackCostTime:255.965s , currentRepackMaxTime:297.025s
iter34		 Improve solution by repack 0.75407341440473->0.7524392770760547 , unplacedBoxesSize:16
currentRepackCostTime:256.71s , currentRepackMaxTime:297.025s
iter57		 Improve solution by repack 0.7524392770760547->0.7382329145391024 , unplacedBoxesSize:14
currentRepackCostTime:258.011s , currentRepackMaxTime:297.025s
iter17		 Improve solution by repack 0.7382329145391024->0.7375390486428379 , unplacedBoxesSize:15
currentRepackCostTime:258.34000000000003s , currentRepackMaxTime:297.025s
iter26		 Improve solution by repack 0.7375390486428379->0.736856772373018 , unplacedBoxesSize:17
currentRepackCostTime:258.894s , currentRepackMaxTime:297.025s
iter39		 Improve solution by repack 0.736856772373018->0.7340020290244559 , unplacedBoxesSize:15
currentRepackCostTime:259.802s , currentRepackMaxTime:297.025s
iter36		 Improve solution by repack 0.7340020290244559->0.7313831093791993 , unplacedBoxesSize:15
currentRepackCostTime:260.644s , currentRepackMaxTime:297.025s
iter113		 Improve solution by repack 0.7313831093791993->0.7310142098898146 , unplacedBoxesSize:13
currentRepackCostTime:263.149s , currentRepackMaxTime:297.025s
iter336		 Improve solution by repack 0.7310142098898146->0.729159869658694 , unplacedBoxesSize:13
currentRepackCostTime:269.851s , currentRepackMaxTime:297.025s
iter140		 Improve solution by repack 0.729159869658694->0.7283254165546896 , unplacedBoxesSize:13
currentRepackCostTime:272.658s , currentRepackMaxTime:297.025s
iter346		 Improve solution by repack 0.7283254165546896->0.7276898347218489 , unplacedBoxesSize:13
currentRepackCostTime:279.526s , currentRepackMaxTime:297.025s
iter43		 Improve solution by repack 0.7276898347218489->0.7254848293469498 , unplacedBoxesSize:13
currentRepackCostTime:280.32800000000003s , currentRepackMaxTime:297.025s
iter35		 Improve solution by repack 0.7254848293469498->0.7249331832840634 , unplacedBoxesSize:11
currentRepackCostTime:280.971s , currentRepackMaxTime:297.025s
iter14		 Improve solution by repack 0.7249331832840634->0.7244669107766729 , unplacedBoxesSize:12
currentRepackCostTime:281.201s , currentRepackMaxTime:297.025s
iter165		 Improve solution by repack 0.7244669107766729->0.7241714592851384 , unplacedBoxesSize:13
currentRepackCostTime:284.357s , currentRepackMaxTime:297.025s
iter66		 Improve solution by repack 0.7241714592851384->0.7223392905133029 , unplacedBoxesSize:13
currentRepackCostTime:285.748s , currentRepackMaxTime:297.025s
Selecting boards with low utilization for repacking...
iter2		 Improve solution by repack 0.9822433485622144->0.7386702499328137 , unplacedBoxesSize:9
currentRepackCostTime:296.208s , currentRepackMaxTime:297.025s
iter12		 Improve solution by repack 0.7386702499328137->0.7291732733136254 , unplacedBoxesSize:15
currentRepackCostTime:296.392s , currentRepackMaxTime:297.025s
Global repack result: 27 -> 27 boards.
Start nesting on the 1th large board, remaining blocks count: 182
Utilization of the 1th large board: 98.36058855146466, Time taken for this board: 7.822s
-------------------------------------------------------------------
Start nesting on the 2th large board, remaining blocks count: 174
Utilization of the 2th large board: 98.76928245095404, Time taken for this board: 16.431s
-------------------------------------------------------------------
Start nesting on the 3th large board, remaining blocks count: 161
Utilization of the 3th large board: 99.15775329212578, Time taken for this board: 24.908s
-------------------------------------------------------------------
Start nesting on the 4th large board, remaining blocks count: 147
Utilization of the 4th large board: 99.53067051867777, Time taken for this board: 33.931s
-------------------------------------------------------------------
Start nesting on the 5th large board, remaining blocks count: 135
Utilization of the 5th large board: 98.5491131416286, Time taken for this board: 42.252s
-------------------------------------------------------------------
Start nesting on the 6th large board, remaining blocks count: 123
Utilization of the 6th large board: 99.68123488309595, Time taken for this board: 44.905s
-------------------------------------------------------------------
Start nesting on the 7th large board, remaining blocks count: 108
Utilization of the 7th large board: 99.20683284063425, Time taken for this board: 47.5s
-------------------------------------------------------------------
Start nesting on the 8th large board, remaining blocks count: 93
Utilization of the 8th large board: 98.16480784735286, Time taken for this board: 49.539s
-------------------------------------------------------------------
Start nesting on the 9th large board, remaining blocks count: 71
Utilization of the 9th large board: 98.04505542864821, Time taken for this board: 50.987s
-------------------------------------------------------------------
Start nesting on the 10th large board, remaining blocks count: 55
Utilization of the 10th large board: 98.31777076054824, Time taken for this board: 51.284s
-------------------------------------------------------------------
Start nesting on the 11th large board, remaining blocks count: 35
Utilization of the 11th large board: 97.60521331631283, Time taken for this board: 51.45s
-------------------------------------------------------------------
Start nesting on the 12th large board, remaining blocks count: 18
Utilization of the 12th large board: 94.60460763235689, Time taken for this board: 51.505s
-------------------------------------------------------------------
Start nesting on the 13th large board, remaining blocks count: 2
Utilization of the 13th large board: 2.8155737704918034, Time taken for this board: 51.505s
-------------------------------------------------------------------
Start global repack optimization for 13 boards, time=81.504s.
Start improving solution by repacking.
Selecting boards with low utilization for repacking...
iter35		 Improve solution by repack 0.028155737704918034->0.025431335662456332 , unplacedBoxesSize:2
currentRepackCostTime:0.78s , currentRepackMaxTime:81.504s
Selecting boards with low utilization for repacking...
iter2		 Improve solution by repack 0.946046076323569->0.052088148347218484 , unplacedBoxesSize:1
currentRepackCostTime:4.035s , currentRepackMaxTime:81.504s
iter10		 Improve solution by repack 0.052088148347218484->0.04377586670249933 , unplacedBoxesSize:2
currentRepackCostTime:4.221s , currentRepackMaxTime:81.504s
iter68		 Improve solution by repack 0.04377586670249933->0.030693361999462508 , unplacedBoxesSize:1
currentRepackCostTime:5.965s , currentRepackMaxTime:81.504s
iter18		 Improve solution by repack 0.030693361999462508->0.028155737704918034 , unplacedBoxesSize:1
currentRepackCostTime:6.356s , currentRepackMaxTime:81.504s
iter56		 Improve solution by repack 0.028155737704918034->0.027841977962913197 , unplacedBoxesSize:1
currentRepackCostTime:7.7s , currentRepackMaxTime:81.504s
Selecting boards with low utilization for repacking...
iter4		 Improve solution by repack 0.9683737570545552->0.052088148347218484 , unplacedBoxesSize:1
currentRepackCostTime:9.823s , currentRepackMaxTime:81.504s
iter14		 Improve solution by repack 0.052088148347218484->0.045298306906745495 , unplacedBoxesSize:2
currentRepackCostTime:10.153s , currentRepackMaxTime:81.504s
Selecting boards with low utilization for repacking...
iter5		 Improve solution by repack 0.9706006315506583->0.9642823501746842 , unplacedBoxesSize:18
currentRepackCostTime:13.952s , currentRepackMaxTime:81.504s
iter2		 Improve solution by repack 0.9642823501746842->0.9593589424885783 , unplacedBoxesSize:15
currentRepackCostTime:14.059000000000001s , currentRepackMaxTime:81.504s
iter4		 Improve solution by repack 0.9593589424885783->0.9490839156140822 , unplacedBoxesSize:18
currentRepackCostTime:14.176s , currentRepackMaxTime:81.504s
iter8		 Improve solution by repack 0.9490839156140822->0.06199543133566246 , unplacedBoxesSize:2
currentRepackCostTime:14.398s , currentRepackMaxTime:81.504s
iter78		 Improve solution by repack 0.06199543133566246->0.05903654931470036 , unplacedBoxesSize:2
currentRepackCostTime:16.424s , currentRepackMaxTime:81.504s
iter43		 Improve solution by repack 0.05903654931470036->0.05662053211502284 , unplacedBoxesSize:2
currentRepackCostTime:17.601s , currentRepackMaxTime:81.504s
iter42		 Improve solution by repack 0.05662053211502284->0.05476552002149959 , unplacedBoxesSize:2
currentRepackCostTime:18.594s , currentRepackMaxTime:81.504s
Selecting boards with low utilization for repacking...
iter6		 Improve solution by repack 0.9765896230851923->0.9731029965063155 , unplacedBoxesSize:15
currentRepackCostTime:22.356s , currentRepackMaxTime:81.504s
iter4		 Improve solution by repack 0.9731029965063155->0.09026941682343456 , unplacedBoxesSize:3
currentRepackCostTime:22.501s , currentRepackMaxTime:81.504s
iter18		 Improve solution by repack 0.09026941682343456->0.09015779024455792 , unplacedBoxesSize:2
currentRepackCostTime:23.011s , currentRepackMaxTime:81.504s
iter60		 Improve solution by repack 0.09015779024455792->0.08126578876646062 , unplacedBoxesSize:3
currentRepackCostTime:24.543s , currentRepackMaxTime:81.504s
iter8		 Improve solution by repack 0.08126578876646062->0.07937382424079549 , unplacedBoxesSize:3
currentRepackCostTime:24.775000000000002s , currentRepackMaxTime:81.504s
iter5		 Improve solution by repack 0.07937382424079549->0.0669873689868315 , unplacedBoxesSize:2
currentRepackCostTime:24.927s , currentRepackMaxTime:81.504s
iter7		 Improve solution by repack 0.0669873689868315->0.056283929051330284 , unplacedBoxesSize:2
currentRepackCostTime:25.076s , currentRepackMaxTime:81.504s
iter71		 Improve solution by repack 0.056283929051330284->0.05490056436441817 , unplacedBoxesSize:2
currentRepackCostTime:27.005s , currentRepackMaxTime:81.504s
iter5		 Improve solution by repack 0.05490056436441817->0.04251410911045418 , unplacedBoxesSize:1
currentRepackCostTime:27.079s , currentRepackMaxTime:81.504s
Selecting boards with low utilization for repacking...
iter5		 Improve solution by repack 0.97659634506853->0.07656947057242676 , unplacedBoxesSize:2
currentRepackCostTime:30.649s , currentRepackMaxTime:81.504s
iter5		 Improve solution by repack 0.07656947057242676->0.07627385111529159 , unplacedBoxesSize:3
currentRepackCostTime:30.841s , currentRepackMaxTime:81.504s
iter5		 Improve solution by repack 0.07627385111529159->0.07438188658962645 , unplacedBoxesSize:3
currentRepackCostTime:30.903000000000002s , currentRepackMaxTime:81.504s
iter10		 Improve solution by repack 0.07438188658962645->0.06768879333512497 , unplacedBoxesSize:3
currentRepackCostTime:31.207s , currentRepackMaxTime:81.504s
iter1		 Improve solution by repack 0.06768879333512497->0.06358438591776404 , unplacedBoxesSize:2
currentRepackCostTime:31.247s , currentRepackMaxTime:81.504s
Selecting boards with low utilization for repacking...
iter3		 Improve solution by repack 0.9675762563826928->0.9583495700080623 , unplacedBoxesSize:21
currentRepackCostTime:34.97s , currentRepackMaxTime:81.504s
iter2		 Improve solution by repack 0.9583495700080623->0.9551021230851922 , unplacedBoxesSize:13
currentRepackCostTime:35.021s , currentRepackMaxTime:81.504s
iter1		 Improve solution by repack 0.9551021230851922->0.07279763504434292 , unplacedBoxesSize:2
currentRepackCostTime:35.043s , currentRepackMaxTime:81.504s
iter4		 Improve solution by repack 0.07279763504434292->0.06796828809459822 , unplacedBoxesSize:2
currentRepackCostTime:35.186s , currentRepackMaxTime:81.504s
iter17		 Improve solution by repack 0.06796828809459822->0.05914942219833378 , unplacedBoxesSize:2
currentRepackCostTime:35.586s , currentRepackMaxTime:81.504s
iter13		 Improve solution by repack 0.05914942219833378->0.05844799785004031 , unplacedBoxesSize:2
currentRepackCostTime:36.082s , currentRepackMaxTime:81.504s
Selecting boards with low utilization for repacking...
iter1		 Improve solution by repack 0.9705761220102123->0.9667399556570815 , unplacedBoxesSize:26
currentRepackCostTime:39.267s , currentRepackMaxTime:81.504s
iter2		 Improve solution by repack 0.9667399556570815->0.9659172601451222 , unplacedBoxesSize:24
currentRepackCostTime:39.319s , currentRepackMaxTime:81.504s
iter1		 Improve solution by repack 0.9659172601451222->0.08039102391830152 , unplacedBoxesSize:3
currentRepackCostTime:39.355000000000004s , currentRepackMaxTime:81.504s
iter6		 Improve solution by repack 0.08039102391830152->0.07838349905939264 , unplacedBoxesSize:4
currentRepackCostTime:39.526s , currentRepackMaxTime:81.504s
iter2		 Improve solution by repack 0.07838349905939264->0.0783243751679656 , unplacedBoxesSize:5
currentRepackCostTime:39.558s , currentRepackMaxTime:81.504s
iter15		 Improve solution by repack 0.0783243751679656->0.07454447729105079 , unplacedBoxesSize:3
currentRepackCostTime:39.964s , currentRepackMaxTime:81.504s
iter8		 Improve solution by repack 0.07454447729105079->0.07161582907820478 , unplacedBoxesSize:4
currentRepackCostTime:40.126s , currentRepackMaxTime:81.504s
iter4		 Improve solution by repack 0.07161582907820478->0.06960494490728299 , unplacedBoxesSize:4
currentRepackCostTime:40.27s , currentRepackMaxTime:81.504s
iter35		 Improve solution by repack 0.06960494490728299->0.06859110118247783 , unplacedBoxesSize:2
currentRepackCostTime:41.351s , currentRepackMaxTime:81.504s
Selecting boards with low utilization for repacking...
iter4		 Improve solution by repack 0.9803685165278151->0.9725754871002418 , unplacedBoxesSize:19
currentRepackCostTime:43.622s , currentRepackMaxTime:81.504s
iter1		 Improve solution by repack 0.9725754871002418->0.1174798441279226 , unplacedBoxesSize:3
currentRepackCostTime:43.653s , currentRepackMaxTime:81.504s
iter22		 Improve solution by repack 0.1174798441279226->0.11687919914001613 , unplacedBoxesSize:4
currentRepackCostTime:44.222s , currentRepackMaxTime:81.504s
iter2		 Improve solution by repack 0.11687919914001613->0.115067186240258 , unplacedBoxesSize:3
currentRepackCostTime:44.274s , currentRepackMaxTime:81.504s
iter6		 Improve solution by repack 0.115067186240258->0.09367710292932008 , unplacedBoxesSize:2
currentRepackCostTime:44.44s , currentRepackMaxTime:81.504s
iter26		 Improve solution by repack 0.09367710292932008->0.09309258263907552 , unplacedBoxesSize:2
currentRepackCostTime:44.967s , currentRepackMaxTime:81.504s
Selecting boards with low utilization for repacking...
iter5		 Improve solution by repack 0.9732970639613007->0.9727029629131954 , unplacedBoxesSize:16
currentRepackCostTime:47.315s , currentRepackMaxTime:81.504s
iter4		 Improve solution by repack 0.9727029629131954->0.1140788766460629 , unplacedBoxesSize:4
currentRepackCostTime:47.432s , currentRepackMaxTime:81.504s
iter9		 Improve solution by repack 0.1140788766460629->0.11366702499328137 , unplacedBoxesSize:4
currentRepackCostTime:47.687s , currentRepackMaxTime:81.504s
iter5		 Improve solution by repack 0.11366702499328137->0.10673138941144852 , unplacedBoxesSize:3
currentRepackCostTime:47.812s , currentRepackMaxTime:81.504s
iter1		 Improve solution by repack 0.10673138941144852->0.09418570276807309 , unplacedBoxesSize:3
currentRepackCostTime:47.849000000000004s , currentRepackMaxTime:81.504s
iter5		 Improve solution by repack 0.09418570276807309->0.08882961569470574 , unplacedBoxesSize:2
currentRepackCostTime:47.938s , currentRepackMaxTime:81.504s
iter73		 Improve solution by repack 0.08882961569470574->0.08641158290782049 , unplacedBoxesSize:2
currentRepackCostTime:49.698s , currentRepackMaxTime:81.504s
iter40		 Improve solution by repack 0.08641158290782049->0.08572964256920183 , unplacedBoxesSize:2
currentRepackCostTime:50.548s , currentRepackMaxTime:81.504s
Selecting boards with low utilization for repacking...
iter1		 Improve solution by repack 0.9794496472722387->0.9707664942219834 , unplacedBoxesSize:12
currentRepackCostTime:52.673s , currentRepackMaxTime:81.504s
iter2		 Improve solution by repack 0.9707664942219834->0.9650265352055899 , unplacedBoxesSize:13
currentRepackCostTime:52.702s , currentRepackMaxTime:81.504s
iter2		 Improve solution by repack 0.9650265352055899->0.18401202633700617 , unplacedBoxesSize:4
currentRepackCostTime:52.754s , currentRepackMaxTime:81.504s
iter1		 Improve solution by repack 0.18401202633700617->0.12687180865358774 , unplacedBoxesSize:2
currentRepackCostTime:52.784s , currentRepackMaxTime:81.504s
iter24		 Improve solution by repack 0.12687180865358774->0.11637731792528891 , unplacedBoxesSize:2
currentRepackCostTime:53.342s , currentRepackMaxTime:81.504s
iter11		 Improve solution by repack 0.11637731792528891->0.09527411986025262 , unplacedBoxesSize:3
currentRepackCostTime:53.668s , currentRepackMaxTime:81.504s
iter2		 Improve solution by repack 0.09527411986025262->0.08801195915076593 , unplacedBoxesSize:3
currentRepackCostTime:53.69s , currentRepackMaxTime:81.504s
iter3		 Improve solution by repack 0.08801195915076593->0.08095606019887128 , unplacedBoxesSize:2
currentRepackCostTime:53.808s , currentRepackMaxTime:81.504s
iter9		 Improve solution by repack 0.08095606019887128->0.07811408223595807 , unplacedBoxesSize:2
currentRepackCostTime:54.058s , currentRepackMaxTime:81.504s
iter13		 Improve solution by repack 0.07811408223595807->0.07477291050792798 , unplacedBoxesSize:3
currentRepackCostTime:54.359s , currentRepackMaxTime:81.504s
iter10		 Improve solution by repack 0.07477291050792798->0.06752485890889547 , unplacedBoxesSize:2
currentRepackCostTime:54.625s , currentRepackMaxTime:81.504s
iter8		 Improve solution by repack 0.06752485890889547->0.06696183821553346 , unplacedBoxesSize:3
currentRepackCostTime:54.782000000000004s , currentRepackMaxTime:81.504s
iter14		 Improve solution by repack 0.06696183821553346->0.06592717011556033 , unplacedBoxesSize:2
currentRepackCostTime:55.199s , currentRepackMaxTime:81.504s
iter4		 Improve solution by repack 0.06592717011556033->0.0643899489384574 , unplacedBoxesSize:2
currentRepackCostTime:55.361000000000004s , currentRepackMaxTime:81.504s
iter4		 Improve solution by repack 0.0643899489384574->0.061646062886320886 , unplacedBoxesSize:2
currentRepackCostTime:55.454s , currentRepackMaxTime:81.504s
Selecting boards with low utilization for repacking...
iter1		 Improve solution by repack 0.9845206261757592->0.061646062886320886 , unplacedBoxesSize:2
currentRepackCostTime:58.592s , currentRepackMaxTime:81.504s
Selecting boards with low utilization for repacking...
iter3		 Improve solution by repack 0.9913457403923677->0.9789438323031443 , unplacedBoxesSize:15
currentRepackCostTime:62.559000000000005s , currentRepackMaxTime:81.504s
iter1		 Improve solution by repack 0.9789438323031443->0.9764787657887665 , unplacedBoxesSize:14
currentRepackCostTime:62.579s , currentRepackMaxTime:81.504s
iter1		 Improve solution by repack 0.9764787657887665->0.9660531443160442 , unplacedBoxesSize:16
currentRepackCostTime:62.611000000000004s , currentRepackMaxTime:81.504s
iter1		 Improve solution by repack 0.9660531443160442->0.1204891158290782 , unplacedBoxesSize:3
currentRepackCostTime:62.660000000000004s , currentRepackMaxTime:81.504s
iter1		 Improve solution by repack 0.1204891158290782->0.12009943563558183 , unplacedBoxesSize:3
currentRepackCostTime:62.662s , currentRepackMaxTime:81.504s
iter6		 Improve solution by repack 0.12009943563558183->0.1158210158559527 , unplacedBoxesSize:4
currentRepackCostTime:62.838s , currentRepackMaxTime:81.504s
iter6		 Improve solution by repack 0.1158210158559527->0.11104743348562214 , unplacedBoxesSize:4
currentRepackCostTime:62.971000000000004s , currentRepackMaxTime:81.504s
iter2		 Improve solution by repack 0.11104743348562214->0.1104629131953776 , unplacedBoxesSize:4
currentRepackCostTime:62.996s , currentRepackMaxTime:81.504s
iter5		 Improve solution by repack 0.1104629131953776->0.10519887127116366 , unplacedBoxesSize:4
currentRepackCostTime:63.109s , currentRepackMaxTime:81.504s
iter1		 Improve solution by repack 0.10519887127116366->0.08575248589088953 , unplacedBoxesSize:3
currentRepackCostTime:63.144s , currentRepackMaxTime:81.504s
iter5		 Improve solution by repack 0.08575248589088953->0.07267535608707336 , unplacedBoxesSize:2
currentRepackCostTime:63.277s , currentRepackMaxTime:81.504s
iter8		 Improve solution by repack 0.07267535608707336->0.07079011018543402 , unplacedBoxesSize:2
currentRepackCostTime:63.45s , currentRepackMaxTime:81.504s
Selecting boards with low utilization for repacking...
All low-utilization boards have been repacked once. Restarting repacking process...
Selecting boards with low utilization for repacking...
Selecting boards with low utilization for repacking...
iter5		 Improve solution by repack 0.9671468523246439->0.07267535608707336 , unplacedBoxesSize:2
currentRepackCostTime:68.33500000000001s , currentRepackMaxTime:81.504s
Selecting boards with low utilization for repacking...
iter3		 Improve solution by repack 0.969945579145391->0.09912725073904864 , unplacedBoxesSize:3
currentRepackCostTime:71.834s , currentRepackMaxTime:81.504s
iter1		 Improve solution by repack 0.09912725073904864->0.09599586804622413 , unplacedBoxesSize:3
currentRepackCostTime:71.886s , currentRepackMaxTime:81.504s
iter6		 Improve solution by repack 0.09599586804622413->0.0893899489384574 , unplacedBoxesSize:3
currentRepackCostTime:71.991s , currentRepackMaxTime:81.504s
iter15		 Improve solution by repack 0.0893899489384574->0.0871714592851384 , unplacedBoxesSize:3
currentRepackCostTime:72.501s , currentRepackMaxTime:81.504s
iter5		 Improve solution by repack 0.0871714592851384->0.08452163396936309 , unplacedBoxesSize:3
currentRepackCostTime:72.634s , currentRepackMaxTime:81.504s
iter6		 Improve solution by repack 0.08452163396936309->0.08095606019887128 , unplacedBoxesSize:2
currentRepackCostTime:72.753s , currentRepackMaxTime:81.504s
iter21		 Improve solution by repack 0.08095606019887128->0.08037153990862671 , unplacedBoxesSize:2
currentRepackCostTime:73.214s , currentRepackMaxTime:81.504s
Selecting boards with low utilization for repacking...
iter2		 Improve solution by repack 0.9684332168771836->0.1626330287557108 , unplacedBoxesSize:4
currentRepackCostTime:75.518s , currentRepackMaxTime:81.504s
iter1		 Improve solution by repack 0.1626330287557108->0.1467196318194034 , unplacedBoxesSize:4
currentRepackCostTime:75.571s , currentRepackMaxTime:81.504s
iter3		 Improve solution by repack 0.1467196318194034->0.11763964995968826 , unplacedBoxesSize:2
currentRepackCostTime:75.643s , currentRepackMaxTime:81.504s
iter2		 Improve solution by repack 0.11763964995968826->0.1046064565976888 , unplacedBoxesSize:3
currentRepackCostTime:75.663s , currentRepackMaxTime:81.504s
iter24		 Improve solution by repack 0.1046064565976888->0.09759204514915344 , unplacedBoxesSize:3
currentRepackCostTime:76.23s , currentRepackMaxTime:81.504s
iter6		 Improve solution by repack 0.09759204514915344->0.09100980919107768 , unplacedBoxesSize:2
currentRepackCostTime:76.386s , currentRepackMaxTime:81.504s
iter7		 Improve solution by repack 0.09100980919107768->0.08477761354474604 , unplacedBoxesSize:3
currentRepackCostTime:76.574s , currentRepackMaxTime:81.504s
iter31		 Improve solution by repack 0.08477761354474604->0.0809486697124429 , unplacedBoxesSize:2
currentRepackCostTime:77.402s , currentRepackMaxTime:81.504s
iter8		 Improve solution by repack 0.0809486697124429->0.08083310937919914 , unplacedBoxesSize:3
currentRepackCostTime:77.59100000000001s , currentRepackMaxTime:81.504s
iter26		 Improve solution by repack 0.08083310937919914->0.0797453641494222 , unplacedBoxesSize:3
currentRepackCostTime:78.145s , currentRepackMaxTime:81.504s
iter6		 Improve solution by repack 0.0797453641494222->0.07653050255307713 , unplacedBoxesSize:3
currentRepackCostTime:78.349s , currentRepackMaxTime:81.504s
iter43		 Improve solution by repack 0.07653050255307713->0.0740587207739855 , unplacedBoxesSize:2
currentRepackCostTime:79.558s , currentRepackMaxTime:81.504s
iter9		 Improve solution by repack 0.0740587207739855->0.0736690405804891 , unplacedBoxesSize:2
currentRepackCostTime:79.729s , currentRepackMaxTime:81.504s
iter9		 Improve solution by repack 0.0736690405804891->0.07230717549045955 , unplacedBoxesSize:1
currentRepackCostTime:79.919s , currentRepackMaxTime:81.504s
iter5		 Improve solution by repack 0.07230717549045955->0.0715815640956732 , unplacedBoxesSize:1
currentRepackCostTime:79.94800000000001s , currentRepackMaxTime:81.504s
iter54		 Improve solution by repack 0.0715815640956732->0.06899287825853265 , unplacedBoxesSize:2
currentRepackCostTime:81.23s , currentRepackMaxTime:81.504s
iter4		 Improve solution by repack 0.06899287825853265->0.06860319806503629 , unplacedBoxesSize:2
currentRepackCostTime:81.31400000000001s , currentRepackMaxTime:81.504s
Global repack result: 13 -> 13 boards.
