total number of nestable workpieces：918
Start priority-first combined packing.
Start nesting on the 1th large board, remaining blocks count: 209
Utilization of the 1th large board: 94.20212980381618, Time taken for this board: 2.8040000000000003s
-------------------------------------------------------------------
Start nesting on the 2th large board, remaining blocks count: 209
Utilization of the 2th large board: 94.20212980381618, Time taken for this board: 5.452s
-------------------------------------------------------------------
Start nesting on the 3th large board, remaining blocks count: 207
Utilization of the 3th large board: 92.6847621607095, Time taken for this board: 8.197000000000001s
-------------------------------------------------------------------
Start nesting on the 4th large board, remaining blocks count: 207
Utilization of the 4th large board: 92.6847621607095, Time taken for this board: 10.946s
-------------------------------------------------------------------
Start nesting on the 5th large board, remaining blocks count: 206
Utilization of the 5th large board: 97.45953533996239, Time taken for this board: 13.663s
-------------------------------------------------------------------
Start nesting on the 6th large board, remaining blocks count: 206
Utilization of the 6th large board: 97.45953533996239, Time taken for this board: 16.315s
-------------------------------------------------------------------
Start nesting on the 7th large board, remaining blocks count: 202
Utilization of the 7th large board: 93.17989115829077, Time taken for this board: 18.918s
-------------------------------------------------------------------
Start nesting on the 8th large board, remaining blocks count: 202
Utilization of the 8th large board: 93.17989115829077, Time taken for this board: 21.311s
-------------------------------------------------------------------
Start nesting on the 9th large board, remaining blocks count: 198
Utilization of the 9th large board: 94.31577532921257, Time taken for this board: 23.036s
-------------------------------------------------------------------
Start nesting on the 10th large board, remaining blocks count: 198
Utilization of the 10th large board: 94.31577532921257, Time taken for this board: 24.76s
-------------------------------------------------------------------
Start nesting on the 11th large board, remaining blocks count: 198
Utilization of the 11th large board: 94.31577532921257, Time taken for this board: 26.493000000000002s
-------------------------------------------------------------------
Start nesting on the 12th large board, remaining blocks count: 198
Utilization of the 12th large board: 94.31577532921257, Time taken for this board: 28.199s
-------------------------------------------------------------------
Start nesting on the 13th large board, remaining blocks count: 194
Utilization of the 13th large board: 92.13779897876914, Time taken for this board: 29.765s
-------------------------------------------------------------------
Start nesting on the 14th large board, remaining blocks count: 194
Utilization of the 14th large board: 92.13779897876914, Time taken for this board: 31.330000000000002s
-------------------------------------------------------------------
Start nesting on the 15th large board, remaining blocks count: 193
Utilization of the 15th large board: 93.76573837678043, Time taken for this board: 32.993s
-------------------------------------------------------------------
Start nesting on the 16th large board, remaining blocks count: 193
Utilization of the 16th large board: 92.95691682343455, Time taken for this board: 34.293s
-------------------------------------------------------------------
Start nesting on the 17th large board, remaining blocks count: 191
Utilization of the 17th large board: 90.168486294007, Time taken for this board: 35.261s
-------------------------------------------------------------------
Start nesting on the 18th large board, remaining blocks count: 191
Utilization of the 18th large board: 90.168486294007, Time taken for this board: 36.224000000000004s
-------------------------------------------------------------------
Start nesting on the 19th large board, remaining blocks count: 189
Utilization of the 19th large board: 90.28970706799247, Time taken for this board: 37.317s
-------------------------------------------------------------------
Start nesting on the 20th large board, remaining blocks count: 189
Utilization of the 20th large board: 90.28970706799247, Time taken for this board: 38.416000000000004s
-------------------------------------------------------------------
Start nesting on the 21th large board, remaining blocks count: 187
Utilization of the 21th large board: 90.00792797635044, Time taken for this board: 39.545s
-------------------------------------------------------------------
Start nesting on the 22th large board, remaining blocks count: 185
Utilization of the 22th large board: 88.37033055630206, Time taken for this board: 40.651s
-------------------------------------------------------------------
Start nesting on the 23th large board, remaining blocks count: 183
Utilization of the 23th large board: 97.25127653856491, Time taken for this board: 41.831s
-------------------------------------------------------------------
Start nesting on the 24th large board, remaining blocks count: 179
Utilization of the 24th large board: 97.2252082773448, Time taken for this board: 42.962s
-------------------------------------------------------------------
Start nesting on the 25th large board, remaining blocks count: 175
Utilization of the 25th large board: 96.72897070679925, Time taken for this board: 44.081s
-------------------------------------------------------------------
Start nesting on the 26th large board, remaining blocks count: 173
Utilization of the 26th large board: 96.59147406611126, Time taken for this board: 45.175000000000004s
-------------------------------------------------------------------
Start nesting on the 27th large board, remaining blocks count: 173
Utilization of the 27th large board: 96.59147406611126, Time taken for this board: 46.28s
-------------------------------------------------------------------
Start nesting on the 28th large board, remaining blocks count: 170
Utilization of the 28th large board: 96.50389680193497, Time taken for this board: 47.719s
-------------------------------------------------------------------
Start nesting on the 29th large board, remaining blocks count: 168
Utilization of the 29th large board: 96.01666218758399, Time taken for this board: 49.022s
-------------------------------------------------------------------
Start nesting on the 30th large board, remaining blocks count: 166
Utilization of the 30th large board: 95.75661784466541, Time taken for this board: 50.304s
-------------------------------------------------------------------
Start nesting on the 31th large board, remaining blocks count: 166
Utilization of the 31th large board: 95.75661784466541, Time taken for this board: 51.591s
-------------------------------------------------------------------
Start nesting on the 32th large board, remaining blocks count: 164
Utilization of the 32th large board: 95.69457135178716, Time taken for this board: 52.851s
-------------------------------------------------------------------
Start nesting on the 33th large board, remaining blocks count: 164
Utilization of the 33th large board: 95.69457135178716, Time taken for this board: 54.116s
-------------------------------------------------------------------
Start nesting on the 34th large board, remaining blocks count: 160
Utilization of the 34th large board: 95.5236159634507, Time taken for this board: 55.347s
-------------------------------------------------------------------
Start nesting on the 35th large board, remaining blocks count: 160
Utilization of the 35th large board: 95.5236159634507, Time taken for this board: 56.579s
-------------------------------------------------------------------
Start nesting on the 36th large board, remaining blocks count: 156
Utilization of the 36th large board: 95.34550524052673, Time taken for this board: 57.758s
-------------------------------------------------------------------
Start nesting on the 37th large board, remaining blocks count: 156
Utilization of the 37th large board: 95.34550524052673, Time taken for this board: 58.939s
-------------------------------------------------------------------
Start nesting on the 38th large board, remaining blocks count: 152
Utilization of the 38th large board: 95.20723595807578, Time taken for this board: 60.083s
-------------------------------------------------------------------
Start nesting on the 39th large board, remaining blocks count: 150
Utilization of the 39th large board: 95.18758398280032, Time taken for this board: 61.2s
-------------------------------------------------------------------
Start nesting on the 40th large board, remaining blocks count: 147
Utilization of the 40th large board: 88.64391292663262, Time taken for this board: 61.714s
-------------------------------------------------------------------
Start nesting on the 41th large board, remaining blocks count: 147
Utilization of the 41th large board: 88.64391292663262, Time taken for this board: 62.22s
-------------------------------------------------------------------
Start nesting on the 42th large board, remaining blocks count: 146
Utilization of the 42th large board: 98.85514646600376, Time taken for this board: 63.201s
-------------------------------------------------------------------
Start nesting on the 43th large board, remaining blocks count: 142
Utilization of the 43th large board: 98.67508734211233, Time taken for this board: 64.174s
-------------------------------------------------------------------
Start nesting on the 44th large board, remaining blocks count: 140
Utilization of the 44th large board: 99.21103198065038, Time taken for this board: 65.209s
-------------------------------------------------------------------
Start nesting on the 45th large board, remaining blocks count: 134
Utilization of the 45th large board: 99.17414673474873, Time taken for this board: 66.19s
-------------------------------------------------------------------
Start nesting on the 46th large board, remaining blocks count: 128
Utilization of the 46th large board: 99.05331228164471, Time taken for this board: 66.654s
-------------------------------------------------------------------
Start nesting on the 47th large board, remaining blocks count: 120
Utilization of the 47th large board: 98.93613947863477, Time taken for this board: 67.109s
-------------------------------------------------------------------
Start nesting on the 48th large board, remaining blocks count: 118
Utilization of the 48th large board: 98.06100510615425, Time taken for this board: 67.504s
-------------------------------------------------------------------
Start nesting on the 49th large board, remaining blocks count: 114
Utilization of the 49th large board: 98.05284197796291, Time taken for this board: 67.866s
-------------------------------------------------------------------
Start nesting on the 50th large board, remaining blocks count: 110
Utilization of the 50th large board: 98.03715399086268, Time taken for this board: 68.205s
-------------------------------------------------------------------
Start nesting on the 51th large board, remaining blocks count: 110
Utilization of the 51th large board: 98.03715399086268, Time taken for this board: 68.545s
-------------------------------------------------------------------
Start nesting on the 52th large board, remaining blocks count: 106
Utilization of the 52th large board: 97.99237436173071, Time taken for this board: 68.868s
-------------------------------------------------------------------
Start nesting on the 53th large board, remaining blocks count: 104
Utilization of the 53th large board: 98.86035339962376, Time taken for this board: 69.178s
-------------------------------------------------------------------
Start nesting on the 54th large board, remaining blocks count: 102
Utilization of the 54th large board: 98.4876041386724, Time taken for this board: 69.46900000000001s
-------------------------------------------------------------------
Start nesting on the 55th large board, remaining blocks count: 98
Utilization of the 55th large board: 97.61777747917226, Time taken for this board: 69.744s
-------------------------------------------------------------------
Start nesting on the 56th large board, remaining blocks count: 96
Utilization of the 56th large board: 97.72457000806234, Time taken for this board: 70.012s
-------------------------------------------------------------------
Start nesting on the 57th large board, remaining blocks count: 90
Utilization of the 57th large board: 97.75329212577263, Time taken for this board: 70.259s
-------------------------------------------------------------------
Start nesting on the 58th large board, remaining blocks count: 84
Utilization of the 58th large board: 97.9437987100242, Time taken for this board: 70.492s
-------------------------------------------------------------------
Start nesting on the 59th large board, remaining blocks count: 84
Utilization of the 59th large board: 97.92404595538835, Time taken for this board: 70.724s
-------------------------------------------------------------------
Start nesting on the 60th large board, remaining blocks count: 80
Utilization of the 60th large board: 97.52747917226552, Time taken for this board: 70.927s
-------------------------------------------------------------------
Start nesting on the 61th large board, remaining blocks count: 76
Utilization of the 61th large board: 96.96694436979307, Time taken for this board: 71.129s
-------------------------------------------------------------------
Start nesting on the 62th large board, remaining blocks count: 76
Utilization of the 62th large board: 96.96694436979307, Time taken for this board: 71.333s
-------------------------------------------------------------------
Start nesting on the 63th large board, remaining blocks count: 72
Utilization of the 63th large board: 97.64317387798978, Time taken for this board: 71.53s
-------------------------------------------------------------------
Start nesting on the 64th large board, remaining blocks count: 68
Utilization of the 64th large board: 97.41400161246978, Time taken for this board: 71.7s
-------------------------------------------------------------------
Start nesting on the 65th large board, remaining blocks count: 64
Utilization of the 65th large board: 96.89552539639881, Time taken for this board: 71.772s
-------------------------------------------------------------------
Start nesting on the 66th large board, remaining blocks count: 60
Utilization of the 66th large board: 96.23861193227627, Time taken for this board: 71.83500000000001s
-------------------------------------------------------------------
Start nesting on the 67th large board, remaining blocks count: 54
Utilization of the 67th large board: 95.4102391830153, Time taken for this board: 71.889s
-------------------------------------------------------------------
Start nesting on the 68th large board, remaining blocks count: 48
Utilization of the 68th large board: 95.31698468153722, Time taken for this board: 71.934s
-------------------------------------------------------------------
Start nesting on the 69th large board, remaining blocks count: 46
Utilization of the 69th large board: 94.64475275463585, Time taken for this board: 71.977s
-------------------------------------------------------------------
Start nesting on the 70th large board, remaining blocks count: 44
Utilization of the 70th large board: 94.63517871539908, Time taken for this board: 72.018s
-------------------------------------------------------------------
Start nesting on the 71th large board, remaining blocks count: 44
Utilization of the 71th large board: 94.59567320612739, Time taken for this board: 72.058s
-------------------------------------------------------------------
Start nesting on the 72th large board, remaining blocks count: 42
Utilization of the 72th large board: 95.53560870733673, Time taken for this board: 72.096s
-------------------------------------------------------------------
Start nesting on the 73th large board, remaining blocks count: 40
Utilization of the 73th large board: 95.12547030368181, Time taken for this board: 72.133s
-------------------------------------------------------------------
Start nesting on the 74th large board, remaining blocks count: 34
Utilization of the 74th large board: 94.47151303413061, Time taken for this board: 72.162s
-------------------------------------------------------------------
Start nesting on the 75th large board, remaining blocks count: 30
Utilization of the 75th large board: 92.90634238108035, Time taken for this board: 72.173s
-------------------------------------------------------------------
Start nesting on the 76th large board, remaining blocks count: 22
Utilization of the 76th large board: 89.8099973125504, Time taken for this board: 72.178s
-------------------------------------------------------------------
Start nesting on the 77th large board, remaining blocks count: 14
Utilization of the 77th large board: 96.30287557108305, Time taken for this board: 72.18s
-------------------------------------------------------------------
Start nesting on the 78th large board, remaining blocks count: 14
Utilization of the 78th large board: 88.92364283794679, Time taken for this board: 72.182s
-------------------------------------------------------------------
Start nesting on the 79th large board, remaining blocks count: 12
Utilization of the 79th large board: 88.73001209352324, Time taken for this board: 72.183s
-------------------------------------------------------------------
Start nesting on the 80th large board, remaining blocks count: 8
Utilization of the 80th large board: 73.63907551733405, Time taken for this board: 72.183s
-------------------------------------------------------------------
Start nesting on the 81th large board, remaining blocks count: 4
Utilization of the 81th large board: 51.85743079817254, Time taken for this board: 72.183s
-------------------------------------------------------------------
Start nesting on the 82th large board, remaining blocks count: 4
Utilization of the 82th large board: 51.85743079817254, Time taken for this board: 72.183s
-------------------------------------------------------------------
Start nesting on the 83th large board, remaining blocks count: 4
Utilization of the 83th large board: 34.174549852190275, Time taken for this board: 72.183s
-------------------------------------------------------------------
Start global repack optimization for 83 boards, time=290.936s.
Start improving solution by repacking.
Selecting boards with low utilization for repacking...
iter13		 Improve solution by repack 0.3417454985219027->0.2856463316312819 , unplacedBoxesSize:2
currentRepackCostTime:0.022s , currentRepackMaxTime:290.936s
iter42		 Improve solution by repack 0.2856463316312819->0.1127882289707068 , unplacedBoxesSize:1
currentRepackCostTime:0.078s , currentRepackMaxTime:290.936s
iter100		 Improve solution by repack 0.1127882289707068->0.0 , unplacedBoxesSize:0
currentRepackCostTime:0.192s , currentRepackMaxTime:290.936s
Improved success. Continue searching for another removable board.
Selecting boards with low utilization for repacking...
iter14		 Improve solution by repack 0.7042475141091104->0.6336008465466272 , unplacedBoxesSize:5
currentRepackCostTime:0.216s , currentRepackMaxTime:290.936s
iter19		 Improve solution by repack 0.6336008465466272->0.6248266595001344 , unplacedBoxesSize:5
currentRepackCostTime:0.228s , currentRepackMaxTime:290.936s
iter24		 Improve solution by repack 0.6248266595001344->0.5904592179521634 , unplacedBoxesSize:4
currentRepackCostTime:0.24s , currentRepackMaxTime:290.936s
iter25		 Improve solution by repack 0.5904592179521634->0.5902459016393443 , unplacedBoxesSize:4
currentRepackCostTime:0.241s , currentRepackMaxTime:290.936s
iter47		 Improve solution by repack 0.5902459016393443->0.5223434560601989 , unplacedBoxesSize:2
currentRepackCostTime:0.28600000000000003s , currentRepackMaxTime:290.936s
iter112		 Improve solution by repack 0.5223434560601989->0.5111287288363343 , unplacedBoxesSize:2
currentRepackCostTime:0.41500000000000004s , currentRepackMaxTime:290.936s
iter113		 Improve solution by repack 0.5111287288363343->0.49635581832840636 , unplacedBoxesSize:3
currentRepackCostTime:0.41600000000000004s , currentRepackMaxTime:290.936s
iter116		 Improve solution by repack 0.49635581832840636->0.4904488040849234 , unplacedBoxesSize:3
currentRepackCostTime:0.425s , currentRepackMaxTime:290.936s
iter141		 Improve solution by repack 0.4904488040849234->0.4864545821015856 , unplacedBoxesSize:3
currentRepackCostTime:0.47600000000000003s , currentRepackMaxTime:290.936s
iter144		 Improve solution by repack 0.4864545821015856->0.4843523246439129 , unplacedBoxesSize:4
currentRepackCostTime:0.485s , currentRepackMaxTime:290.936s
iter177		 Improve solution by repack 0.4843523246439129->0.4615993684493415 , unplacedBoxesSize:4
currentRepackCostTime:0.5710000000000001s , currentRepackMaxTime:290.936s
iter182		 Improve solution by repack 0.4615993684493415->0.45552136522440206 , unplacedBoxesSize:3
currentRepackCostTime:0.587s , currentRepackMaxTime:290.936s
iter188		 Improve solution by repack 0.45552136522440206->0.453499731255039 , unplacedBoxesSize:3
currentRepackCostTime:0.598s , currentRepackMaxTime:290.936s
iter197		 Improve solution by repack 0.453499731255039->0.45274993281375975 , unplacedBoxesSize:3
currentRepackCostTime:0.614s , currentRepackMaxTime:290.936s
iter221		 Improve solution by repack 0.45274993281375975->0.432879938188659 , unplacedBoxesSize:3
currentRepackCostTime:0.669s , currentRepackMaxTime:290.936s
iter222		 Improve solution by repack 0.432879938188659->0.4095579145391024 , unplacedBoxesSize:3
currentRepackCostTime:0.672s , currentRepackMaxTime:290.936s
iter238		 Improve solution by repack 0.4095579145391024->0.4086455253963988 , unplacedBoxesSize:3
currentRepackCostTime:0.7020000000000001s , currentRepackMaxTime:290.936s
iter250		 Improve solution by repack 0.4086455253963988->0.3943066380005375 , unplacedBoxesSize:3
currentRepackCostTime:0.731s , currentRepackMaxTime:290.936s
iter253		 Improve solution by repack 0.3943066380005375->0.3939142703574308 , unplacedBoxesSize:3
currentRepackCostTime:0.736s , currentRepackMaxTime:290.936s
iter258		 Improve solution by repack 0.3939142703574308->0.39312416017199675 , unplacedBoxesSize:3
currentRepackCostTime:0.745s , currentRepackMaxTime:290.936s
iter278		 Improve solution by repack 0.39312416017199675->0.3743227626981994 , unplacedBoxesSize:4
currentRepackCostTime:0.793s , currentRepackMaxTime:290.936s
iter283		 Improve solution by repack 0.3743227626981994->0.36247110991668907 , unplacedBoxesSize:4
currentRepackCostTime:0.806s , currentRepackMaxTime:290.936s
iter286		 Improve solution by repack 0.36247110991668907->0.3562711636656813 , unplacedBoxesSize:4
currentRepackCostTime:0.8160000000000001s , currentRepackMaxTime:290.936s
iter290		 Improve solution by repack 0.3562711636656813->0.3420639613007256 , unplacedBoxesSize:4
currentRepackCostTime:0.8270000000000001s , currentRepackMaxTime:290.936s
iter298		 Improve solution by repack 0.3420639613007256->0.3174788363343187 , unplacedBoxesSize:3
currentRepackCostTime:0.85s , currentRepackMaxTime:290.936s
iter309		 Improve solution by repack 0.3174788363343187->0.3045750470303682 , unplacedBoxesSize:3
currentRepackCostTime:0.888s , currentRepackMaxTime:290.936s
iter314		 Improve solution by repack 0.3045750470303682->0.28714189733942486 , unplacedBoxesSize:3
currentRepackCostTime:0.898s , currentRepackMaxTime:290.936s
iter362		 Improve solution by repack 0.28714189733942486->0.2776269819940876 , unplacedBoxesSize:2
currentRepackCostTime:1.024s , currentRepackMaxTime:290.936s
iter791		 Improve solution by repack 0.2776269819940876->0.25112738511152916 , unplacedBoxesSize:2
currentRepackCostTime:1.917s , currentRepackMaxTime:290.936s
iter842		 Improve solution by repack 0.25112738511152916->0.250428648212846 , unplacedBoxesSize:2
currentRepackCostTime:2.032s , currentRepackMaxTime:290.936s
iter851		 Improve solution by repack 0.250428648212846->0.24834318731523783 , unplacedBoxesSize:2
currentRepackCostTime:2.047s , currentRepackMaxTime:290.936s
iter881		 Improve solution by repack 0.24834318731523783->0.24352593388873958 , unplacedBoxesSize:2
currentRepackCostTime:2.126s , currentRepackMaxTime:290.936s
iter946		 Improve solution by repack 0.24352593388873958->0.24333848427841978 , unplacedBoxesSize:2
currentRepackCostTime:2.274s , currentRepackMaxTime:290.936s
iter1065		 Improve solution by repack 0.24333848427841978->0.24258868583714055 , unplacedBoxesSize:2
currentRepackCostTime:2.547s , currentRepackMaxTime:290.936s
iter1337		 Improve solution by repack 0.24258868583714055->0.24246036011824776 , unplacedBoxesSize:2
currentRepackCostTime:3.153s , currentRepackMaxTime:290.936s
iter1383		 Improve solution by repack 0.24246036011824776->0.23848965331900027 , unplacedBoxesSize:2
currentRepackCostTime:3.254s , currentRepackMaxTime:290.936s
iter1433		 Improve solution by repack 0.23848965331900027->0.23437516796560065 , unplacedBoxesSize:2
currentRepackCostTime:3.358s , currentRepackMaxTime:290.936s
iter1438		 Improve solution by repack 0.23437516796560065->0.2289082235958076 , unplacedBoxesSize:2
currentRepackCostTime:3.372s , currentRepackMaxTime:290.936s
iter1496		 Improve solution by repack 0.2289082235958076->0.2025503896801935 , unplacedBoxesSize:1
currentRepackCostTime:3.5s , currentRepackMaxTime:290.936s
iter1822		 Improve solution by repack 0.2025503896801935->0.20074240795485082 , unplacedBoxesSize:2
currentRepackCostTime:4.091s , currentRepackMaxTime:290.936s
iter1831		 Improve solution by repack 0.20074240795485082->0.19903218220908359 , unplacedBoxesSize:2
currentRepackCostTime:4.113s , currentRepackMaxTime:290.936s
iter1833		 Improve solution by repack 0.19903218220908359->0.1957608841709218 , unplacedBoxesSize:2
currentRepackCostTime:4.12s , currentRepackMaxTime:290.936s
iter1922		 Improve solution by repack 0.1957608841709218->0.19342649825315775 , unplacedBoxesSize:2
currentRepackCostTime:4.329s , currentRepackMaxTime:290.936s
iter2108		 Improve solution by repack 0.19342649825315775->0.190428648212846 , unplacedBoxesSize:2
currentRepackCostTime:4.775s , currentRepackMaxTime:290.936s
iter2121		 Improve solution by repack 0.190428648212846->0.18091373286750875 , unplacedBoxesSize:1
currentRepackCostTime:4.8s , currentRepackMaxTime:290.936s
iter2305		 Improve solution by repack 0.18091373286750875->0.1688873958613276 , unplacedBoxesSize:1
currentRepackCostTime:5.14s , currentRepackMaxTime:290.936s
iter2331		 Improve solution by repack 0.1688873958613276->0.15565170653050253 , unplacedBoxesSize:1
currentRepackCostTime:5.194s , currentRepackMaxTime:290.936s
Selecting boards with low utilization for repacking...
iter8		 Improve solution by repack 0.8837033055630208->0.8625040311744155 , unplacedBoxesSize:3
currentRepackCostTime:13.335s , currentRepackMaxTime:290.936s
iter45		 Improve solution by repack 0.8625040311744155->0.15565170653050253 , unplacedBoxesSize:1
currentRepackCostTime:13.392s , currentRepackMaxTime:290.936s
Selecting boards with low utilization for repacking...
iter23		 Improve solution by repack 0.8625040311744155->0.15565170653050253 , unplacedBoxesSize:1
currentRepackCostTime:26.0s , currentRepackMaxTime:290.936s
Selecting boards with low utilization for repacking...
iter48		 Improve solution by repack 0.8625040311744155->0.15565170653050253 , unplacedBoxesSize:1
currentRepackCostTime:38.723s , currentRepackMaxTime:290.936s
Selecting boards with low utilization for repacking...
iter9		 Improve solution by repack 0.9016848629400699->0.8864391292663263 , unplacedBoxesSize:4
currentRepackCostTime:51.264s , currentRepackMaxTime:290.936s
iter34		 Improve solution by repack 0.8864391292663263->0.8713672399892503 , unplacedBoxesSize:4
currentRepackCostTime:51.309000000000005s , currentRepackMaxTime:290.936s
iter38		 Improve solution by repack 0.8713672399892503->0.8598992206396131 , unplacedBoxesSize:3
currentRepackCostTime:51.321s , currentRepackMaxTime:290.936s
iter63		 Improve solution by repack 0.8598992206396131->0.2520451491534534 , unplacedBoxesSize:2
currentRepackCostTime:51.368s , currentRepackMaxTime:290.936s
iter92		 Improve solution by repack 0.2520451491534534->0.239798441279226 , unplacedBoxesSize:2
currentRepackCostTime:51.432s , currentRepackMaxTime:290.936s
iter96		 Improve solution by repack 0.239798441279226->0.2388108035474335 , unplacedBoxesSize:2
currentRepackCostTime:51.438s , currentRepackMaxTime:290.936s
iter115		 Improve solution by repack 0.2388108035474335->0.2250702096210696 , unplacedBoxesSize:2
currentRepackCostTime:51.477000000000004s , currentRepackMaxTime:290.936s
iter208		 Improve solution by repack 0.2250702096210696->0.21282350174684225 , unplacedBoxesSize:2
currentRepackCostTime:51.687s , currentRepackMaxTime:290.936s
iter280		 Improve solution by repack 0.21282350174684225->0.20701861058855148 , unplacedBoxesSize:2
currentRepackCostTime:51.843s , currentRepackMaxTime:290.936s
iter308		 Improve solution by repack 0.20701861058855148->0.18320881483472184 , unplacedBoxesSize:2
currentRepackCostTime:51.909s , currentRepackMaxTime:290.936s
iter314		 Improve solution by repack 0.18320881483472184->0.1773857833915614 , unplacedBoxesSize:2
currentRepackCostTime:51.925000000000004s , currentRepackMaxTime:290.936s
iter320		 Improve solution by repack 0.1773857833915614->0.15644181671593657 , unplacedBoxesSize:1
currentRepackCostTime:51.941s , currentRepackMaxTime:290.936s
iter672		 Improve solution by repack 0.15644181671593657->0.15565170653050253 , unplacedBoxesSize:1
currentRepackCostTime:52.601s , currentRepackMaxTime:290.936s
iter1339		 Improve solution by repack 0.15565170653050253->0.14166017199677505 , unplacedBoxesSize:2
currentRepackCostTime:53.849000000000004s , currentRepackMaxTime:290.936s
iter1357		 Improve solution by repack 0.14166017199677505->0.11377586670249933 , unplacedBoxesSize:1
currentRepackCostTime:53.887s , currentRepackMaxTime:290.936s
iter1392		 Improve solution by repack 0.11377586670249933->0.1127882289707068 , unplacedBoxesSize:1
currentRepackCostTime:53.971000000000004s , currentRepackMaxTime:290.936s
iter1405		 Improve solution by repack 0.1127882289707068->0.10923273313625369 , unplacedBoxesSize:1
currentRepackCostTime:53.994s , currentRepackMaxTime:290.936s
iter1519		 Improve solution by repack 0.10923273313625369->0.10797097554420855 , unplacedBoxesSize:1
currentRepackCostTime:54.235s , currentRepackMaxTime:290.936s
iter1543		 Improve solution by repack 0.10797097554420855->0.10778352593388874 , unplacedBoxesSize:1
currentRepackCostTime:54.294000000000004s , currentRepackMaxTime:290.936s
iter1687		 Improve solution by repack 0.10778352593388874->0.1070337274926095 , unplacedBoxesSize:1
currentRepackCostTime:54.609s , currentRepackMaxTime:290.936s
iter2756		 Improve solution by repack 0.1070337274926095->0.09671324912657887 , unplacedBoxesSize:1
currentRepackCostTime:56.755s , currentRepackMaxTime:290.936s
iter2770		 Improve solution by repack 0.09671324912657887->0.09271902714324107 , unplacedBoxesSize:1
currentRepackCostTime:56.78s , currentRepackMaxTime:290.936s
iter4994		 Improve solution by repack 0.09271902714324107->0.08738511152915883 , unplacedBoxesSize:1
currentRepackCostTime:61.336s , currentRepackMaxTime:290.936s
Selecting boards with low utilization for repacking...
iter2		 Improve solution by repack 0.8921452566514378->0.08738511152915883 , unplacedBoxesSize:1
currentRepackCostTime:71.44s , currentRepackMaxTime:290.936s
Selecting boards with low utilization for repacking...
iter11		 Improve solution by repack 0.8943825584520291->0.8928560870733674 , unplacedBoxesSize:4
currentRepackCostTime:85.008s , currentRepackMaxTime:290.936s
iter24		 Improve solution by repack 0.8928560870733674->0.8793281375974201 , unplacedBoxesSize:3
currentRepackCostTime:85.034s , currentRepackMaxTime:290.936s
iter38		 Improve solution by repack 0.8793281375974201->0.8643160440741736 , unplacedBoxesSize:2
currentRepackCostTime:85.06s , currentRepackMaxTime:290.936s
iter68		 Improve solution by repack 0.8643160440741736->0.2970814297231927 , unplacedBoxesSize:1
currentRepackCostTime:85.105s , currentRepackMaxTime:290.936s
iter95		 Improve solution by repack 0.2970814297231927->0.29452029024455795 , unplacedBoxesSize:2
currentRepackCostTime:85.146s , currentRepackMaxTime:290.936s
iter144		 Improve solution by repack 0.29452029024455795->0.11360655737704918 , unplacedBoxesSize:1
currentRepackCostTime:85.241s , currentRepackMaxTime:290.936s
iter159		 Improve solution by repack 0.11360655737704918->0.1070337274926095 , unplacedBoxesSize:1
currentRepackCostTime:85.268s , currentRepackMaxTime:290.936s
iter162		 Improve solution by repack 0.1070337274926095->0.08738511152915883 , unplacedBoxesSize:1
currentRepackCostTime:85.276s , currentRepackMaxTime:290.936s
Selecting boards with low utilization for repacking...
iter23		 Improve solution by repack 0.8837033055630208->0.08738511152915883 , unplacedBoxesSize:1
currentRepackCostTime:98.613s , currentRepackMaxTime:290.936s
Selecting boards with low utilization for repacking...
iter4		 Improve solution by repack 0.8837033055630208->0.08738511152915883 , unplacedBoxesSize:1
currentRepackCostTime:112.139s , currentRepackMaxTime:290.936s
Selecting boards with low utilization for repacking...
iter2		 Improve solution by repack 0.9028970706799248->0.8837033055630208 , unplacedBoxesSize:3
currentRepackCostTime:125.681s , currentRepackMaxTime:290.936s
iter7		 Improve solution by repack 0.8837033055630208->0.08738511152915883 , unplacedBoxesSize:1
currentRepackCostTime:125.688s , currentRepackMaxTime:290.936s
Selecting boards with low utilization for repacking...
iter13		 Improve solution by repack 0.8902492609513571->0.08738511152915883 , unplacedBoxesSize:1
currentRepackCostTime:139.45000000000002s , currentRepackMaxTime:290.936s
Selecting boards with low utilization for repacking...
iter5		 Improve solution by repack 0.9136945713517871->0.8881349099704381 , unplacedBoxesSize:3
currentRepackCostTime:153.001s , currentRepackMaxTime:290.936s
iter38		 Improve solution by repack 0.8881349099704381->0.11834990593926363 , unplacedBoxesSize:1
currentRepackCostTime:153.058s , currentRepackMaxTime:290.936s
iter146		 Improve solution by repack 0.11834990593926363->0.09671324912657887 , unplacedBoxesSize:1
currentRepackCostTime:153.266s , currentRepackMaxTime:290.936s
iter182		 Improve solution by repack 0.09671324912657887->0.08738511152915883 , unplacedBoxesSize:1
currentRepackCostTime:153.338s , currentRepackMaxTime:290.936s
Selecting boards with low utilization for repacking...
iter10		 Improve solution by repack 0.8664982531577532->0.08738511152915883 , unplacedBoxesSize:1
currentRepackCostTime:166.624s , currentRepackMaxTime:290.936s
Selecting boards with low utilization for repacking...
iter6		 Improve solution by repack 0.8664982531577532->0.08738511152915883 , unplacedBoxesSize:1
currentRepackCostTime:180.144s , currentRepackMaxTime:290.936s
Selecting boards with low utilization for repacking...
iter6		 Improve solution by repack 0.914692958882021->0.08738511152915883 , unplacedBoxesSize:1
currentRepackCostTime:193.72400000000002s , currentRepackMaxTime:290.936s
Selecting boards with low utilization for repacking...
iter9		 Improve solution by repack 0.914692958882021->0.8664982531577532 , unplacedBoxesSize:3
currentRepackCostTime:207.286s , currentRepackMaxTime:290.936s
iter10		 Improve solution by repack 0.8664982531577532->0.08738511152915883 , unplacedBoxesSize:1
currentRepackCostTime:207.287s , currentRepackMaxTime:290.936s
Selecting boards with low utilization for repacking...
iter5		 Improve solution by repack 0.9226441144853534->0.08738511152915883 , unplacedBoxesSize:1
currentRepackCostTime:220.83100000000002s , currentRepackMaxTime:290.936s
Selecting boards with low utilization for repacking...
iter4		 Improve solution by repack 0.9248926699811878->0.8664982531577532 , unplacedBoxesSize:3
currentRepackCostTime:234.512s , currentRepackMaxTime:290.936s
iter10		 Improve solution by repack 0.8664982531577532->0.08738511152915883 , unplacedBoxesSize:1
currentRepackCostTime:234.52s , currentRepackMaxTime:290.936s
Selecting boards with low utilization for repacking...
iter19		 Improve solution by repack 0.9248926699811878->0.9178732195646332 , unplacedBoxesSize:4
currentRepackCostTime:248.082s , currentRepackMaxTime:290.936s
iter31		 Improve solution by repack 0.9178732195646332->0.8921452566514378 , unplacedBoxesSize:4
currentRepackCostTime:248.106s , currentRepackMaxTime:290.936s
iter38		 Improve solution by repack 0.8921452566514378->0.15565170653050253 , unplacedBoxesSize:1
currentRepackCostTime:248.124s , currentRepackMaxTime:290.936s
iter1651		 Improve solution by repack 0.15565170653050253->0.1376404192421392 , unplacedBoxesSize:1
currentRepackCostTime:251.191s , currentRepackMaxTime:290.936s
iter1678		 Improve solution by repack 0.1376404192421392->0.1070337274926095 , unplacedBoxesSize:1
currentRepackCostTime:251.249s , currentRepackMaxTime:290.936s
iter1746		 Improve solution by repack 0.1070337274926095->0.0992016420317119 , unplacedBoxesSize:2
currentRepackCostTime:251.39000000000001s , currentRepackMaxTime:290.936s
iter1747		 Improve solution by repack 0.0992016420317119->0.08738511152915883 , unplacedBoxesSize:1
currentRepackCostTime:251.391s , currentRepackMaxTime:290.936s
iter3921		 Improve solution by repack 0.08738511152915883->0.08340902983069066 , unplacedBoxesSize:1
currentRepackCostTime:255.8s , currentRepackMaxTime:290.936s
Selecting boards with low utilization for repacking...
iter3		 Improve solution by repack 0.9268476216070949->0.914692958882021 , unplacedBoxesSize:3
currentRepackCostTime:268.369s , currentRepackMaxTime:290.936s
iter6		 Improve solution by repack 0.914692958882021->0.872766393442623 , unplacedBoxesSize:5
currentRepackCostTime:268.374s , currentRepackMaxTime:290.936s
iter11		 Improve solution by repack 0.872766393442623->0.8384224670787422 , unplacedBoxesSize:4
currentRepackCostTime:268.387s , currentRepackMaxTime:290.936s
iter51		 Improve solution by repack 0.8384224670787422->0.8326847621607095 , unplacedBoxesSize:4
currentRepackCostTime:268.475s , currentRepackMaxTime:290.936s
iter52		 Improve solution by repack 0.8326847621607095->0.08340902983069066 , unplacedBoxesSize:1
currentRepackCostTime:268.478s , currentRepackMaxTime:290.936s
Selecting boards with low utilization for repacking...
iter4		 Improve solution by repack 0.9041749529696319->0.8976289975812953 , unplacedBoxesSize:4
currentRepackCostTime:282.068s , currentRepackMaxTime:290.936s
iter9		 Improve solution by repack 0.8976289975812953->0.8837033055630208 , unplacedBoxesSize:3
currentRepackCostTime:282.077s , currentRepackMaxTime:290.936s
iter12		 Improve solution by repack 0.8837033055630208->0.8794020424617038 , unplacedBoxesSize:3
currentRepackCostTime:282.083s , currentRepackMaxTime:290.936s
iter49		 Improve solution by repack 0.8794020424617038->0.08340902983069066 , unplacedBoxesSize:1
currentRepackCostTime:282.133s , currentRepackMaxTime:290.936s
Global repack result: 83 -> 82 boards.
Start nesting on the 1th large board, remaining blocks count: 244
Utilization of the 1th large board: 98.68687852727761, Time taken for this board: 3.92s
-------------------------------------------------------------------
Start nesting on the 2th large board, remaining blocks count: 243
Utilization of the 2th large board: 98.92948804084924, Time taken for this board: 8.959s
-------------------------------------------------------------------
Start nesting on the 3th large board, remaining blocks count: 234
Utilization of the 3th large board: 98.75702096210695, Time taken for this board: 17.093s
-------------------------------------------------------------------
Start nesting on the 4th large board, remaining blocks count: 225
Utilization of the 4th large board: 99.25913732867508, Time taken for this board: 24.338s
-------------------------------------------------------------------
Start nesting on the 5th large board, remaining blocks count: 217
Utilization of the 5th large board: 99.42633028755711, Time taken for this board: 31.2s
-------------------------------------------------------------------
Start nesting on the 6th large board, remaining blocks count: 211
Utilization of the 6th large board: 99.46267804353668, Time taken for this board: 38.457s
-------------------------------------------------------------------
Start nesting on the 7th large board, remaining blocks count: 198
Utilization of the 7th large board: 99.25507256113947, Time taken for this board: 43.983000000000004s
-------------------------------------------------------------------
Start nesting on the 8th large board, remaining blocks count: 193
Utilization of the 8th large board: 99.56856355818329, Time taken for this board: 47.914s
-------------------------------------------------------------------
Start nesting on the 9th large board, remaining blocks count: 189
Utilization of the 9th large board: 99.29672803009944, Time taken for this board: 51.702s
-------------------------------------------------------------------
Start nesting on the 10th large board, remaining blocks count: 182
Utilization of the 10th large board: 99.38208814834722, Time taken for this board: 55.363s
-------------------------------------------------------------------
Start nesting on the 11th large board, remaining blocks count: 177
Utilization of the 11th large board: 98.82390486428379, Time taken for this board: 58.957s
-------------------------------------------------------------------
Start nesting on the 12th large board, remaining blocks count: 168
Utilization of the 12th large board: 99.58186643375437, Time taken for this board: 62.937000000000005s
-------------------------------------------------------------------
Start nesting on the 13th large board, remaining blocks count: 158
Utilization of the 13th large board: 99.43916285944638, Time taken for this board: 66.413s
-------------------------------------------------------------------
Start nesting on the 14th large board, remaining blocks count: 154
Utilization of the 14th large board: 99.28211502284333, Time taken for this board: 69.699s
-------------------------------------------------------------------
Start nesting on the 15th large board, remaining blocks count: 148
Utilization of the 15th large board: 99.09433250470305, Time taken for this board: 73.177s
-------------------------------------------------------------------
Start nesting on the 16th large board, remaining blocks count: 140
Utilization of the 16th large board: 99.0360118247783, Time taken for this board: 76.56400000000001s
-------------------------------------------------------------------
Start nesting on the 17th large board, remaining blocks count: 136
Utilization of the 17th large board: 99.15358774522979, Time taken for this board: 79.66s
-------------------------------------------------------------------
Start nesting on the 18th large board, remaining blocks count: 134
Utilization of the 18th large board: 99.16534533727493, Time taken for this board: 82.57600000000001s
-------------------------------------------------------------------
Start nesting on the 19th large board, remaining blocks count: 128
Utilization of the 19th large board: 98.8096613813491, Time taken for this board: 83.79s
-------------------------------------------------------------------
Start nesting on the 20th large board, remaining blocks count: 116
Utilization of the 20th large board: 99.06906745498523, Time taken for this board: 84.642s
-------------------------------------------------------------------
Start nesting on the 21th large board, remaining blocks count: 110
Utilization of the 21th large board: 99.01027949475947, Time taken for this board: 85.391s
-------------------------------------------------------------------
Start nesting on the 22th large board, remaining blocks count: 106
Utilization of the 22th large board: 98.50020155872078, Time taken for this board: 86.072s
-------------------------------------------------------------------
Start nesting on the 23th large board, remaining blocks count: 98
Utilization of the 23th large board: 98.4108102660575, Time taken for this board: 86.623s
-------------------------------------------------------------------
Start nesting on the 24th large board, remaining blocks count: 88
Utilization of the 24th large board: 98.47409970438055, Time taken for this board: 87.172s
-------------------------------------------------------------------
Start nesting on the 25th large board, remaining blocks count: 80
Utilization of the 25th large board: 98.21230851921526, Time taken for this board: 87.687s
-------------------------------------------------------------------
Start nesting on the 26th large board, remaining blocks count: 74
Utilization of the 26th large board: 98.01646062886321, Time taken for this board: 87.94800000000001s
-------------------------------------------------------------------
Start nesting on the 27th large board, remaining blocks count: 66
Utilization of the 27th large board: 98.13655603332437, Time taken for this board: 88.19800000000001s
-------------------------------------------------------------------
Start nesting on the 28th large board, remaining blocks count: 62
Utilization of the 28th large board: 93.54965063155066, Time taken for this board: 88.257s
-------------------------------------------------------------------
Start nesting on the 29th large board, remaining blocks count: 60
Utilization of the 29th large board: 92.5033593120129, Time taken for this board: 88.318s
-------------------------------------------------------------------
Start nesting on the 30th large board, remaining blocks count: 52
Utilization of the 30th large board: 94.76612469766192, Time taken for this board: 88.364s
-------------------------------------------------------------------
Start nesting on the 31th large board, remaining blocks count: 44
Utilization of the 31th large board: 94.05818328406343, Time taken for this board: 88.405s
-------------------------------------------------------------------
Start nesting on the 32th large board, remaining blocks count: 42
Utilization of the 32th large board: 94.03963988175222, Time taken for this board: 88.44200000000001s
-------------------------------------------------------------------
Start nesting on the 33th large board, remaining blocks count: 38
Utilization of the 33th large board: 92.52663934426229, Time taken for this board: 88.479s
-------------------------------------------------------------------
Start nesting on the 34th large board, remaining blocks count: 34
Utilization of the 34th large board: 90.47272238645525, Time taken for this board: 88.514s
-------------------------------------------------------------------
Start nesting on the 35th large board, remaining blocks count: 30
Utilization of the 35th large board: 85.51169040580488, Time taken for this board: 88.527s
-------------------------------------------------------------------
Start nesting on the 36th large board, remaining blocks count: 28
Utilization of the 36th large board: 84.9382558452029, Time taken for this board: 88.539s
-------------------------------------------------------------------
Start nesting on the 37th large board, remaining blocks count: 22
Utilization of the 37th large board: 86.12654528352594, Time taken for this board: 88.551s
-------------------------------------------------------------------
Start nesting on the 38th large board, remaining blocks count: 14
Utilization of the 38th large board: 86.88289438323032, Time taken for this board: 88.556s
-------------------------------------------------------------------
Start nesting on the 39th large board, remaining blocks count: 12
Utilization of the 39th large board: 86.18933082504704, Time taken for this board: 88.559s
-------------------------------------------------------------------
Start nesting on the 40th large board, remaining blocks count: 10
Utilization of the 40th large board: 85.96439129266327, Time taken for this board: 88.563s
-------------------------------------------------------------------
Start nesting on the 41th large board, remaining blocks count: 8
Utilization of the 41th large board: 85.49576726686375, Time taken for this board: 88.56400000000001s
-------------------------------------------------------------------
Start nesting on the 42th large board, remaining blocks count: 6
Utilization of the 42th large board: 79.50483740929857, Time taken for this board: 88.56400000000001s
-------------------------------------------------------------------
Start nesting on the 43th large board, remaining blocks count: 6
Utilization of the 43th large board: 58.222252082773444, Time taken for this board: 88.565s
-------------------------------------------------------------------
Start global repack optimization for 43 boards, time=145.696s.
Start improving solution by repacking.
Selecting boards with low utilization for repacking...
iter5		 Improve solution by repack 0.5822225208277344->0.5819685568395593 , unplacedBoxesSize:5
currentRepackCostTime:0.03s , currentRepackMaxTime:145.696s
iter14		 Improve solution by repack 0.5819685568395593->0.5486025262026337 , unplacedBoxesSize:5
currentRepackCostTime:0.126s , currentRepackMaxTime:145.696s
iter22		 Improve solution by repack 0.5486025262026337->0.501740123622682 , unplacedBoxesSize:6
currentRepackCostTime:0.209s , currentRepackMaxTime:145.696s
iter28		 Improve solution by repack 0.501740123622682->0.4337919914001612 , unplacedBoxesSize:7
currentRepackCostTime:0.27s , currentRepackMaxTime:145.696s
iter35		 Improve solution by repack 0.4337919914001612->0.350142434829347 , unplacedBoxesSize:5
currentRepackCostTime:0.394s , currentRepackMaxTime:145.696s
iter36		 Improve solution by repack 0.350142434829347->0.3289599570008062 , unplacedBoxesSize:3
currentRepackCostTime:0.403s , currentRepackMaxTime:145.696s
iter40		 Improve solution by repack 0.3289599570008062->0.31152714324106423 , unplacedBoxesSize:3
currentRepackCostTime:0.435s , currentRepackMaxTime:145.696s
iter42		 Improve solution by repack 0.31152714324106423->0.31133969363074443 , unplacedBoxesSize:3
currentRepackCostTime:0.446s , currentRepackMaxTime:145.696s
iter43		 Improve solution by repack 0.31133969363074443->0.2814962375705456 , unplacedBoxesSize:3
currentRepackCostTime:0.458s , currentRepackMaxTime:145.696s
iter54		 Improve solution by repack 0.2814962375705456->0.28074643912926633 , unplacedBoxesSize:3
currentRepackCostTime:0.558s , currentRepackMaxTime:145.696s
iter60		 Improve solution by repack 0.28074643912926633->0.28055898951894653 , unplacedBoxesSize:3
currentRepackCostTime:0.608s , currentRepackMaxTime:145.696s
iter68		 Improve solution by repack 0.28055898951894653->0.279168234345606 , unplacedBoxesSize:3
currentRepackCostTime:0.676s , currentRepackMaxTime:145.696s
iter80		 Improve solution by repack 0.279168234345606->0.1854797097554421 , unplacedBoxesSize:3
currentRepackCostTime:0.794s , currentRepackMaxTime:145.696s
iter85		 Improve solution by repack 0.1854797097554421->0.17232195646331633 , unplacedBoxesSize:2
currentRepackCostTime:0.865s , currentRepackMaxTime:145.696s
iter93		 Improve solution by repack 0.17232195646331633->0.1555697393173878 , unplacedBoxesSize:5
currentRepackCostTime:0.9520000000000001s , currentRepackMaxTime:145.696s
iter94		 Improve solution by repack 0.1555697393173878->0.08213786616500941 , unplacedBoxesSize:2
currentRepackCostTime:0.962s , currentRepackMaxTime:145.696s
iter99		 Improve solution by repack 0.08213786616500941->0.057660575114216614 , unplacedBoxesSize:1
currentRepackCostTime:0.997s , currentRepackMaxTime:145.696s
iter104		 Improve solution by repack 0.057660575114216614->0.03915614082235958 , unplacedBoxesSize:1
currentRepackCostTime:1.045s , currentRepackMaxTime:145.696s
iter128		 Improve solution by repack 0.03915614082235958->0.029473259876377316 , unplacedBoxesSize:1
currentRepackCostTime:1.222s , currentRepackMaxTime:145.696s
iter130		 Improve solution by repack 0.029473259876377316->0.01571620532115023 , unplacedBoxesSize:1
currentRepackCostTime:1.242s , currentRepackMaxTime:145.696s
iter133		 Improve solution by repack 0.01571620532115023->0.0 , unplacedBoxesSize:0
currentRepackCostTime:1.272s , currentRepackMaxTime:145.696s
Improved success. Continue searching for another removable board.
Selecting boards with low utilization for repacking...
iter22		 Improve solution by repack 0.9137332034399355->0.9071519752754637 , unplacedBoxesSize:9
currentRepackCostTime:1.5130000000000001s , currentRepackMaxTime:145.696s
iter28		 Improve solution by repack 0.9071519752754637->0.9019557914539101 , unplacedBoxesSize:9
currentRepackCostTime:1.601s , currentRepackMaxTime:145.696s
iter31		 Improve solution by repack 0.9019557914539101->0.9002344799785004 , unplacedBoxesSize:9
currentRepackCostTime:1.633s , currentRepackMaxTime:145.696s
iter64		 Improve solution by repack 0.9002344799785004->0.8926303413061005 , unplacedBoxesSize:8
currentRepackCostTime:2.039s , currentRepackMaxTime:145.696s
iter71		 Improve solution by repack 0.8926303413061005->0.8736119322762698 , unplacedBoxesSize:8
currentRepackCostTime:2.114s , currentRepackMaxTime:145.696s
iter88		 Improve solution by repack 0.8736119322762698->0.8560575114216608 , unplacedBoxesSize:8
currentRepackCostTime:2.305s , currentRepackMaxTime:145.696s
iter115		 Improve solution by repack 0.8560575114216608->0.855870061811341 , unplacedBoxesSize:8
currentRepackCostTime:2.578s , currentRepackMaxTime:145.696s
iter160		 Improve solution by repack 0.855870061811341->0.8426021230851921 , unplacedBoxesSize:8
currentRepackCostTime:3.093s , currentRepackMaxTime:145.696s
iter241		 Improve solution by repack 0.8426021230851921->0.8328332437516796 , unplacedBoxesSize:8
currentRepackCostTime:4.081s , currentRepackMaxTime:145.696s
iter263		 Improve solution by repack 0.8328332437516796->0.8087016259070142 , unplacedBoxesSize:8
currentRepackCostTime:4.315s , currentRepackMaxTime:145.696s
iter267		 Improve solution by repack 0.8087016259070142->0.8034369121203978 , unplacedBoxesSize:9
currentRepackCostTime:4.362s , currentRepackMaxTime:145.696s
iter270		 Improve solution by repack 0.8034369121203978->0.8011273851115291 , unplacedBoxesSize:10
currentRepackCostTime:4.426s , currentRepackMaxTime:145.696s
iter289		 Improve solution by repack 0.8011273851115291->0.7916900698736898 , unplacedBoxesSize:8
currentRepackCostTime:4.7170000000000005s , currentRepackMaxTime:145.696s
iter299		 Improve solution by repack 0.7916900698736898->0.7831174415479709 , unplacedBoxesSize:9
currentRepackCostTime:4.8500000000000005s , currentRepackMaxTime:145.696s
iter311		 Improve solution by repack 0.7831174415479709->0.7800940607363611 , unplacedBoxesSize:8
currentRepackCostTime:5.018s , currentRepackMaxTime:145.696s
iter312		 Improve solution by repack 0.7800940607363611->0.7439959016393443 , unplacedBoxesSize:7
currentRepackCostTime:5.034s , currentRepackMaxTime:145.696s
iter327		 Improve solution by repack 0.7439959016393443->0.7426051464660037 , unplacedBoxesSize:7
currentRepackCostTime:5.199s , currentRepackMaxTime:145.696s
iter344		 Improve solution by repack 0.7426051464660037->0.7425117575920452 , unplacedBoxesSize:8
currentRepackCostTime:5.393s , currentRepackMaxTime:145.696s
iter360		 Improve solution by repack 0.7425117575920452->0.7397020290244558 , unplacedBoxesSize:8
currentRepackCostTime:5.588s , currentRepackMaxTime:145.696s
iter367		 Improve solution by repack 0.7397020290244558->0.7239915345337274 , unplacedBoxesSize:8
currentRepackCostTime:5.657s , currentRepackMaxTime:145.696s
iter371		 Improve solution by repack 0.7239915345337274->0.6927348159097017 , unplacedBoxesSize:8
currentRepackCostTime:5.722s , currentRepackMaxTime:145.696s
iter372		 Improve solution by repack 0.6927348159097017->0.6873525262026337 , unplacedBoxesSize:7
currentRepackCostTime:5.729s , currentRepackMaxTime:145.696s
iter379		 Improve solution by repack 0.6873525262026337->0.6863027411986026 , unplacedBoxesSize:7
currentRepackCostTime:5.793s , currentRepackMaxTime:145.696s
iter387		 Improve solution by repack 0.6863027411986026->0.6812563826928245 , unplacedBoxesSize:8
currentRepackCostTime:5.883s , currentRepackMaxTime:145.696s
iter413		 Improve solution by repack 0.6812563826928245->0.6765278151034668 , unplacedBoxesSize:8
currentRepackCostTime:6.23s , currentRepackMaxTime:145.696s
iter428		 Improve solution by repack 0.6765278151034668->0.6725665143778555 , unplacedBoxesSize:8
currentRepackCostTime:6.439s , currentRepackMaxTime:145.696s
iter432		 Improve solution by repack 0.6725665143778555->0.6604259607632357 , unplacedBoxesSize:7
currentRepackCostTime:6.5s , currentRepackMaxTime:145.696s
iter433		 Improve solution by repack 0.6604259607632357->0.6475947325987638 , unplacedBoxesSize:7
currentRepackCostTime:6.509s , currentRepackMaxTime:145.696s
iter486		 Improve solution by repack 0.6475947325987638->0.6200067186240258 , unplacedBoxesSize:6
currentRepackCostTime:7.198s , currentRepackMaxTime:145.696s
iter605		 Improve solution by repack 0.6200067186240258->0.6152055898951895 , unplacedBoxesSize:6
currentRepackCostTime:8.416s , currentRepackMaxTime:145.696s
iter606		 Improve solution by repack 0.6152055898951895->0.6138511152915883 , unplacedBoxesSize:6
currentRepackCostTime:8.422s , currentRepackMaxTime:145.696s
iter664		 Improve solution by repack 0.6138511152915883->0.6093637463047569 , unplacedBoxesSize:6
currentRepackCostTime:9.069s , currentRepackMaxTime:145.696s
iter674		 Improve solution by repack 0.6093637463047569->0.6004084923407687 , unplacedBoxesSize:6
currentRepackCostTime:9.164s , currentRepackMaxTime:145.696s
iter879		 Improve solution by repack 0.6004084923407687->0.6001867777479173 , unplacedBoxesSize:6
currentRepackCostTime:11.419s , currentRepackMaxTime:145.696s
iter883		 Improve solution by repack 0.6001867777479173->0.5987960225745768 , unplacedBoxesSize:6
currentRepackCostTime:11.466000000000001s , currentRepackMaxTime:145.696s
iter912		 Improve solution by repack 0.5987960225745768->0.5972218489653319 , unplacedBoxesSize:6
currentRepackCostTime:11.774000000000001s , currentRepackMaxTime:145.696s
iter918		 Improve solution by repack 0.5972218489653319->0.5956436441816716 , unplacedBoxesSize:6
currentRepackCostTime:11.854000000000001s , currentRepackMaxTime:145.696s
iter995		 Improve solution by repack 0.5956436441816716->0.5892864821284601 , unplacedBoxesSize:6
currentRepackCostTime:12.659s , currentRepackMaxTime:145.696s
iter1028		 Improve solution by repack 0.5892864821284601->0.5885366836871808 , unplacedBoxesSize:6
currentRepackCostTime:13.057s , currentRepackMaxTime:145.696s
iter1059		 Improve solution by repack 0.5885366836871808->0.5871459285138403 , unplacedBoxesSize:6
currentRepackCostTime:13.424s , currentRepackMaxTime:145.696s
iter1168		 Improve solution by repack 0.5871459285138403->0.5866900698736899 , unplacedBoxesSize:6
currentRepackCostTime:14.663s , currentRepackMaxTime:145.696s
iter1173		 Improve solution by repack 0.5866900698736899->0.5852993147003493 , unplacedBoxesSize:6
currentRepackCostTime:14.732000000000001s , currentRepackMaxTime:145.696s
iter1280		 Improve solution by repack 0.5852993147003493->0.5830206933619995 , unplacedBoxesSize:5
currentRepackCostTime:15.876s , currentRepackMaxTime:145.696s
iter1508		 Improve solution by repack 0.5830206933619995->0.5720653050255308 , unplacedBoxesSize:6
currentRepackCostTime:18.148s , currentRepackMaxTime:145.696s
iter1721		 Improve solution by repack 0.5720653050255308->0.5700819672131148 , unplacedBoxesSize:6
currentRepackCostTime:20.618000000000002s , currentRepackMaxTime:145.696s
iter1857		 Improve solution by repack 0.5700819672131148->0.5661670249932814 , unplacedBoxesSize:7
currentRepackCostTime:22.145s , currentRepackMaxTime:145.696s
iter1876		 Improve solution by repack 0.5661670249932814->0.5642394517602795 , unplacedBoxesSize:6
currentRepackCostTime:22.415s , currentRepackMaxTime:145.696s
iter1932		 Improve solution by repack 0.5642394517602795->0.5630704111797904 , unplacedBoxesSize:6
currentRepackCostTime:23.080000000000002s , currentRepackMaxTime:145.696s
iter2419		 Improve solution by repack 0.5630704111797904->0.5559634506852996 , unplacedBoxesSize:6
currentRepackCostTime:28.6s , currentRepackMaxTime:145.696s
iter2445		 Improve solution by repack 0.5559634506852996->0.5429299919376511 , unplacedBoxesSize:7
currentRepackCostTime:28.892s , currentRepackMaxTime:145.696s
iter2466		 Improve solution by repack 0.5429299919376511->0.5382074711099167 , unplacedBoxesSize:7
currentRepackCostTime:29.174s , currentRepackMaxTime:145.696s
iter2499		 Improve solution by repack 0.5382074711099167->0.5327371674281107 , unplacedBoxesSize:7
currentRepackCostTime:29.607s , currentRepackMaxTime:145.696s
iter2632		 Improve solution by repack 0.5327371674281107->0.5326814028486966 , unplacedBoxesSize:7
currentRepackCostTime:31.374000000000002s , currentRepackMaxTime:145.696s
iter2680		 Improve solution by repack 0.5326814028486966->0.5248958613276001 , unplacedBoxesSize:6
currentRepackCostTime:32.006s , currentRepackMaxTime:145.696s
iter2706		 Improve solution by repack 0.5248958613276001->0.5239586132760011 , unplacedBoxesSize:6
currentRepackCostTime:32.259s , currentRepackMaxTime:145.696s
iter2780		 Improve solution by repack 0.5239586132760011->0.5225571083042193 , unplacedBoxesSize:7
currentRepackCostTime:33.174s , currentRepackMaxTime:145.696s
iter2781		 Improve solution by repack 0.5225571083042193->0.5165842515452835 , unplacedBoxesSize:6
currentRepackCostTime:33.19s , currentRepackMaxTime:145.696s
iter2785		 Improve solution by repack 0.5165842515452835->0.5149583445310401 , unplacedBoxesSize:7
currentRepackCostTime:33.237s , currentRepackMaxTime:145.696s
iter2792		 Improve solution by repack 0.5149583445310401->0.5108344531040043 , unplacedBoxesSize:7
currentRepackCostTime:33.329s , currentRepackMaxTime:145.696s
iter2817		 Improve solution by repack 0.5108344531040043->0.5030112872883634 , unplacedBoxesSize:6
currentRepackCostTime:33.735s , currentRepackMaxTime:145.696s
iter2922		 Improve solution by repack 0.5030112872883634->0.49468019349637193 , unplacedBoxesSize:6
currentRepackCostTime:34.961s , currentRepackMaxTime:145.696s
iter2994		 Improve solution by repack 0.49468019349637193->0.48195511959150766 , unplacedBoxesSize:6
currentRepackCostTime:35.795s , currentRepackMaxTime:145.696s
iter3012		 Improve solution by repack 0.48195511959150766->0.48078607901101855 , unplacedBoxesSize:6
currentRepackCostTime:36.049s , currentRepackMaxTime:145.696s
iter3086		 Improve solution by repack 0.48078607901101855->0.48041319537758664 , unplacedBoxesSize:6
currentRepackCostTime:36.993s , currentRepackMaxTime:145.696s
iter3089		 Improve solution by repack 0.48041319537758664->0.47244221983337814 , unplacedBoxesSize:5
currentRepackCostTime:37.021s , currentRepackMaxTime:145.696s
iter3263		 Improve solution by repack 0.47244221983337814->0.4694430260682612 , unplacedBoxesSize:5
currentRepackCostTime:39.001s , currentRepackMaxTime:145.696s
iter3427		 Improve solution by repack 0.4694430260682612->0.46782047836603063 , unplacedBoxesSize:5
currentRepackCostTime:41.021s , currentRepackMaxTime:145.696s
iter3533		 Improve solution by repack 0.46782047836603063->0.46723730180059125 , unplacedBoxesSize:7
currentRepackCostTime:42.245s , currentRepackMaxTime:145.696s
iter3546		 Improve solution by repack 0.46723730180059125->0.4634755442085461 , unplacedBoxesSize:6
currentRepackCostTime:42.421s , currentRepackMaxTime:145.696s
iter3646		 Improve solution by repack 0.4634755442085461->0.46328809459822623 , unplacedBoxesSize:6
currentRepackCostTime:43.762s , currentRepackMaxTime:145.696s
iter3656		 Improve solution by repack 0.46328809459822623->0.4621633969363074 , unplacedBoxesSize:6
currentRepackCostTime:43.882s , currentRepackMaxTime:145.696s
iter3707		 Improve solution by repack 0.4621633969363074->0.4619759473259876 , unplacedBoxesSize:6
currentRepackCostTime:44.559s , currentRepackMaxTime:145.696s
iter3746		 Improve solution by repack 0.4619759473259876->0.4617522171459285 , unplacedBoxesSize:6
currentRepackCostTime:45.053000000000004s , currentRepackMaxTime:145.696s
iter3759		 Improve solution by repack 0.4617522171459285->0.4561257054555227 , unplacedBoxesSize:6
currentRepackCostTime:45.217s , currentRepackMaxTime:145.696s
iter3850		 Improve solution by repack 0.4561257054555227->0.4547349502821822 , unplacedBoxesSize:6
currentRepackCostTime:46.309s , currentRepackMaxTime:145.696s
iter3931		 Improve solution by repack 0.4547349502821822->0.4535481053480247 , unplacedBoxesSize:5
currentRepackCostTime:47.363s , currentRepackMaxTime:145.696s
iter3949		 Improve solution by repack 0.4535481053480247->0.45280771298038164 , unplacedBoxesSize:6
currentRepackCostTime:47.56s , currentRepackMaxTime:145.696s
iter3954		 Improve solution by repack 0.45280771298038164->0.4517125772641763 , unplacedBoxesSize:5
currentRepackCostTime:47.615s , currentRepackMaxTime:145.696s
iter4023		 Improve solution by repack 0.4517125772641763->0.4470747110991669 , unplacedBoxesSize:5
currentRepackCostTime:48.421s , currentRepackMaxTime:145.696s
iter4034		 Improve solution by repack 0.4470747110991669->0.4409298575651706 , unplacedBoxesSize:7
currentRepackCostTime:48.554s , currentRepackMaxTime:145.696s
iter4052		 Improve solution by repack 0.4409298575651706->0.4274825315775329 , unplacedBoxesSize:7
currentRepackCostTime:48.809s , currentRepackMaxTime:145.696s
iter4090		 Improve solution by repack 0.4274825315775329->0.4271835528083848 , unplacedBoxesSize:7
currentRepackCostTime:49.447s , currentRepackMaxTime:145.696s
iter4091		 Improve solution by repack 0.4271835528083848->0.4158069067454985 , unplacedBoxesSize:6
currentRepackCostTime:49.473s , currentRepackMaxTime:145.696s
iter4124		 Improve solution by repack 0.4158069067454985->0.41507457672668635 , unplacedBoxesSize:5
currentRepackCostTime:49.953s , currentRepackMaxTime:145.696s
iter4132		 Improve solution by repack 0.41507457672668635->0.4084883095941951 , unplacedBoxesSize:6
currentRepackCostTime:50.061s , currentRepackMaxTime:145.696s
iter4396		 Improve solution by repack 0.4084883095941951->0.4034923407686106 , unplacedBoxesSize:6
currentRepackCostTime:54.0s , currentRepackMaxTime:145.696s
iter4443		 Improve solution by repack 0.4034923407686106->0.39885649019080893 , unplacedBoxesSize:6
currentRepackCostTime:54.724000000000004s , currentRepackMaxTime:145.696s
iter4499		 Improve solution by repack 0.39885649019080893->0.3985783391561409 , unplacedBoxesSize:4
currentRepackCostTime:55.629s , currentRepackMaxTime:145.696s
iter4734		 Improve solution by repack 0.3985783391561409->0.39416353130878795 , unplacedBoxesSize:5
currentRepackCostTime:58.134s , currentRepackMaxTime:145.696s
iter4738		 Improve solution by repack 0.39416353130878795->0.3916413598495028 , unplacedBoxesSize:5
currentRepackCostTime:58.182s , currentRepackMaxTime:145.696s
iter5159		 Improve solution by repack 0.3916413598495028->0.386399489384574 , unplacedBoxesSize:5
currentRepackCostTime:63.335s , currentRepackMaxTime:145.696s
iter5230		 Improve solution by repack 0.386399489384574->0.38558922332706264 , unplacedBoxesSize:6
currentRepackCostTime:64.225s , currentRepackMaxTime:145.696s
iter5318		 Improve solution by repack 0.38558922332706264->0.37954178984144044 , unplacedBoxesSize:6
currentRepackCostTime:65.421s , currentRepackMaxTime:145.696s
iter5365		 Improve solution by repack 0.37954178984144044->0.37700013437248053 , unplacedBoxesSize:6
currentRepackCostTime:66.09400000000001s , currentRepackMaxTime:145.696s
iter5436		 Improve solution by repack 0.37700013437248053->0.3717085460897608 , unplacedBoxesSize:6
currentRepackCostTime:67.145s , currentRepackMaxTime:145.696s
iter5617		 Improve solution by repack 0.3717085460897608->0.3683707336737436 , unplacedBoxesSize:6
currentRepackCostTime:69.649s , currentRepackMaxTime:145.696s
iter5625		 Improve solution by repack 0.3683707336737436->0.3672016930932545 , unplacedBoxesSize:6
currentRepackCostTime:69.78s , currentRepackMaxTime:145.696s
iter6111		 Improve solution by repack 0.3672016930932545->0.36521835528083846 , unplacedBoxesSize:6
currentRepackCostTime:76.574s , currentRepackMaxTime:145.696s
iter6236		 Improve solution by repack 0.36521835528083846->0.3626061542596076 , unplacedBoxesSize:4
currentRepackCostTime:78.36s , currentRepackMaxTime:145.696s
Selecting boards with low utilization for repacking...
iter40		 Improve solution by repack 0.9655146466003762->0.3851404192421392 , unplacedBoxesSize:5
currentRepackCostTime:95.373s , currentRepackMaxTime:145.696s
iter54		 Improve solution by repack 0.3851404192421392->0.38435434023112064 , unplacedBoxesSize:5
currentRepackCostTime:95.536s , currentRepackMaxTime:145.696s
iter157		 Improve solution by repack 0.38435434023112064->0.38126545283525937 , unplacedBoxesSize:4
currentRepackCostTime:96.83800000000001s , currentRepackMaxTime:145.696s
iter185		 Improve solution by repack 0.38126545283525937->0.38082370330556303 , unplacedBoxesSize:6
currentRepackCostTime:97.18s , currentRepackMaxTime:145.696s
iter201		 Improve solution by repack 0.38082370330556303->0.3785474334856222 , unplacedBoxesSize:6
currentRepackCostTime:97.405s , currentRepackMaxTime:145.696s
iter349		 Improve solution by repack 0.3785474334856222->0.37505038968019344 , unplacedBoxesSize:3
currentRepackCostTime:99.575s , currentRepackMaxTime:145.696s
iter490		 Improve solution by repack 0.37505038968019344->0.37486495565708144 , unplacedBoxesSize:3
currentRepackCostTime:101.014s , currentRepackMaxTime:145.696s
iter1004		 Improve solution by repack 0.37486495565708144->0.3712093523246439 , unplacedBoxesSize:3
currentRepackCostTime:105.961s , currentRepackMaxTime:145.696s
iter1018		 Improve solution by repack 0.3712093523246439->0.3705603332437517 , unplacedBoxesSize:3
currentRepackCostTime:106.08200000000001s , currentRepackMaxTime:145.696s
iter1028		 Improve solution by repack 0.3705603332437517->0.3703980784735286 , unplacedBoxesSize:3
currentRepackCostTime:106.21300000000001s , currentRepackMaxTime:145.696s
iter1421		 Improve solution by repack 0.3703980784735286->0.365762227895727 , unplacedBoxesSize:3
currentRepackCostTime:110.319s , currentRepackMaxTime:145.696s
Selecting boards with low utilization for repacking...
iter10		 Improve solution by repack 0.960581496909433->0.39560232464391293 , unplacedBoxesSize:6
currentRepackCostTime:122.32300000000001s , currentRepackMaxTime:145.696s
iter110		 Improve solution by repack 0.39560232464391293->0.3931171056167697 , unplacedBoxesSize:6
currentRepackCostTime:123.714s , currentRepackMaxTime:145.696s
iter189		 Improve solution by repack 0.3931171056167697->0.3838625369524321 , unplacedBoxesSize:5
currentRepackCostTime:124.858s , currentRepackMaxTime:145.696s
iter251		 Improve solution by repack 0.3838625369524321->0.38093926363880676 , unplacedBoxesSize:5
currentRepackCostTime:125.575s , currentRepackMaxTime:145.696s
iter885		 Improve solution by repack 0.38093926363880676->0.3794117844665412 , unplacedBoxesSize:4
currentRepackCostTime:133.617s , currentRepackMaxTime:145.696s
iter1490		 Improve solution by repack 0.3794117844665412->0.3789626444504165 , unplacedBoxesSize:4
currentRepackCostTime:140.564s , currentRepackMaxTime:145.696s
iter1574		 Improve solution by repack 0.3789626444504165->0.37746304756785815 , unplacedBoxesSize:4
currentRepackCostTime:141.475s , currentRepackMaxTime:145.696s
iter1588		 Improve solution by repack 0.37746304756785815->0.3767132491265789 , unplacedBoxesSize:4
currentRepackCostTime:141.65s , currentRepackMaxTime:145.696s
iter1632		 Improve solution by repack 0.3767132491265789->0.3766769685568396 , unplacedBoxesSize:4
currentRepackCostTime:142.124s , currentRepackMaxTime:145.696s
Global repack result: 43 -> 42 boards.
