total number of nestable workpieces：91
Start priority-first combined packing.
Start nesting on the 1th large board, remaining blocks count: 37
Utilization of the 1th large board: 98.38538027411985, Time taken for this board: 0.436s
-------------------------------------------------------------------
Start nesting on the 2th large board, remaining blocks count: 18
Utilization of the 2th large board: 69.25761196586939, Time taken for this board: 0.727s
-------------------------------------------------------------------
Start global repack optimization for 2 boards, time=322.842s.
Start improving solution by repacking.
Selecting boards with low utilization for repacking...
Selecting boards with low utilization for repacking...
iter1		 Improve solution by repack 0.9838538027411987->0.7044408737570547 , unplacedBoxesSize:24
currentRepackCostTime:0.058s , currentRepackMaxTime:322.842s
Selecting boards with low utilization for repacking...
All low-utilization boards have been repacked once. Restarting repacking process...
Selecting boards with low utilization for repacking...
Selecting boards with low utilization for repacking...
iter1		 Improve solution by repack 0.971989048642838->0.7044408737570547 , unplacedBoxesSize:24
currentRepackCostTime:0.147s , currentRepackMaxTime:322.842s
Selecting boards with low utilization for repacking...
All low-utilization boards have been repacked once. Restarting repacking process...
Selecting boards with low utilization for repacking...
Selecting boards with low utilization for repacking...
iter1		 Improve solution by repack 0.971989048642838->0.7044408737570547 , unplacedBoxesSize:24
currentRepackCostTime:0.23500000000000001s , currentRepackMaxTime:322.842s
Selecting boards with low utilization for repacking...
All low-utilization boards have been repacked once. Restarting repacking process...
Global repack result: 2 -> 2 boards.
Start nesting on the 1th large board, remaining blocks count: 22
Utilization of the 1th large board: 97.05377586670251, Time taken for this board: 0.27s
-------------------------------------------------------------------
Start nesting on the 2th large board, remaining blocks count: 18
Utilization of the 2th large board: 55.3819269013706, Time taken for this board: 0.559s
-------------------------------------------------------------------
Start global repack optimization for 2 boards, time=598.434s.
Start improving solution by repacking.
Selecting boards with low utilization for repacking...
Selecting boards with low utilization for repacking...
iter1		 Improve solution by repack 0.970537758667025->0.5542250739048643 , unplacedBoxesSize:17
currentRepackCostTime:0.081s , currentRepackMaxTime:598.434s
Selecting boards with low utilization for repacking...
All low-utilization boards have been repacked once. Restarting repacking process...
Selecting boards with low utilization for repacking...
Selecting boards with low utilization for repacking...
iter1		 Improve solution by repack 0.9701319537758667->0.5542250739048643 , unplacedBoxesSize:17
currentRepackCostTime:0.20700000000000002s , currentRepackMaxTime:598.434s
Selecting boards with low utilization for repacking...
All low-utilization boards have been repacked once. Restarting repacking process...
Selecting boards with low utilization for repacking...
Selecting boards with low utilization for repacking...
iter1		 Improve solution by repack 0.9701319537758667->0.5542250739048643 , unplacedBoxesSize:17
currentRepackCostTime:0.332s , currentRepackMaxTime:598.434s
Selecting boards with low utilization for repacking...
All low-utilization boards have been repacked once. Restarting repacking process...
Global repack result: 2 -> 2 boards.
