total number of nestable workpieces：515
Start priority-first combined packing.
Start nesting on the 1th large board, remaining blocks count: 198
Utilization of the 1th large board: 97.66500940607365, Time taken for this board: 4.289s
-------------------------------------------------------------------
Start nesting on the 2th large board, remaining blocks count: 188
Utilization of the 2th large board: 96.58495700080623, Time taken for this board: 8.094s
-------------------------------------------------------------------
Start nesting on the 3th large board, remaining blocks count: 180
Utilization of the 3th large board: 91.90170653050257, Time taken for this board: 11.079s
-------------------------------------------------------------------
Start nesting on the 4th large board, remaining blocks count: 175
Utilization of the 4th large board: 93.87815775329213, Time taken for this board: 14.225s
-------------------------------------------------------------------
Start nesting on the 5th large board, remaining blocks count: 168
Utilization of the 5th large board: 97.49486025262027, Time taken for this board: 17.297s
-------------------------------------------------------------------
Start nesting on the 6th large board, remaining blocks count: 154
Utilization of the 6th large board: 98.05566380005375, Time taken for this board: 21.416s
-------------------------------------------------------------------
Start nesting on the 7th large board, remaining blocks count: 143
Utilization of the 7th large board: 99.18624025799515, Time taken for this board: 26.753s
-------------------------------------------------------------------
Start nesting on the 8th large board, remaining blocks count: 117
Utilization of the 8th large board: 98.64579414135984, Time taken for this board: 28.262s
-------------------------------------------------------------------
Start nesting on the 9th large board, remaining blocks count: 101
Utilization of the 9th large board: 98.47742542327332, Time taken for this board: 29.407s
-------------------------------------------------------------------
Start nesting on the 10th large board, remaining blocks count: 89
Utilization of the 10th large board: 97.9228366030637, Time taken for this board: 30.094s
-------------------------------------------------------------------
Start nesting on the 11th large board, remaining blocks count: 77
Utilization of the 11th large board: 98.36922198333781, Time taken for this board: 30.747s
-------------------------------------------------------------------
Start nesting on the 12th large board, remaining blocks count: 63
Utilization of the 12th large board: 98.35971513034131, Time taken for this board: 30.986s
-------------------------------------------------------------------
Start nesting on the 13th large board, remaining blocks count: 55
Utilization of the 13th large board: 97.84647944101049, Time taken for this board: 31.213s
-------------------------------------------------------------------
Start nesting on the 14th large board, remaining blocks count: 41
Utilization of the 14th large board: 93.95300322493952, Time taken for this board: 31.317s
-------------------------------------------------------------------
Start nesting on the 15th large board, remaining blocks count: 35
Utilization of the 15th large board: 92.3031779091642, Time taken for this board: 31.396s
-------------------------------------------------------------------
Start nesting on the 16th large board, remaining blocks count: 21
Utilization of the 16th large board: 90.59980515990326, Time taken for this board: 31.412s
-------------------------------------------------------------------
Start nesting on the 17th large board, remaining blocks count: 13
Utilization of the 17th large board: 86.45800859983875, Time taken for this board: 31.416s
-------------------------------------------------------------------
Start nesting on the 18th large board, remaining blocks count: 7
Utilization of the 18th large board: 84.67186240257995, Time taken for this board: 31.417s
-------------------------------------------------------------------
Start nesting on the 19th large board, remaining blocks count: 6
Utilization of the 19th large board: 84.5756517065305, Time taken for this board: 31.417s
-------------------------------------------------------------------
Start nesting on the 20th large board, remaining blocks count: 6
Utilization of the 20th large board: 84.5756517065305, Time taken for this board: 31.419s
-------------------------------------------------------------------
Start nesting on the 21th large board, remaining blocks count: 6
Utilization of the 21th large board: 84.5756517065305, Time taken for this board: 31.419s
-------------------------------------------------------------------
Start nesting on the 22th large board, remaining blocks count: 6
Utilization of the 22th large board: 84.5756517065305, Time taken for this board: 31.419s
-------------------------------------------------------------------
Start nesting on the 23th large board, remaining blocks count: 6
Utilization of the 23th large board: 84.5756517065305, Time taken for this board: 31.421s
-------------------------------------------------------------------
Start nesting on the 24th large board, remaining blocks count: 4
Utilization of the 24th large board: 83.6242945444773, Time taken for this board: 31.421s
-------------------------------------------------------------------
Start nesting on the 25th large board, remaining blocks count: 2
Utilization of the 25th large board: 81.05563020693361, Time taken for this board: 31.421s
-------------------------------------------------------------------
Start nesting on the 26th large board, remaining blocks count: 2
Utilization of the 26th large board: 81.05563020693361, Time taken for this board: 31.421s
-------------------------------------------------------------------
Start nesting on the 27th large board, remaining blocks count: 2
Utilization of the 27th large board: 27.018543402311206, Time taken for this board: 31.421s
-------------------------------------------------------------------
Start global repack optimization for 27 boards, time=292.107s.
Start improving solution by repacking.
Selecting boards with low utilization for repacking...
iter3		 Improve solution by repack 0.27018543402311207->0.21494490728298846 , unplacedBoxesSize:2
currentRepackCostTime:0.035s , currentRepackMaxTime:292.107s
iter4		 Improve solution by repack 0.21494490728298846->0.19958613276001075 , unplacedBoxesSize:2
currentRepackCostTime:0.046s , currentRepackMaxTime:292.107s
iter8		 Improve solution by repack 0.19958613276001075->0.14630509271701156 , unplacedBoxesSize:2
currentRepackCostTime:0.092s , currentRepackMaxTime:292.107s
iter10		 Improve solution by repack 0.14630509271701156->0.12103869927438861 , unplacedBoxesSize:2
currentRepackCostTime:0.10300000000000001s , currentRepackMaxTime:292.107s
iter17		 Improve solution by repack 0.12103869927438861->0.07224603601182478 , unplacedBoxesSize:2
currentRepackCostTime:0.182s , currentRepackMaxTime:292.107s
iter19		 Improve solution by repack 0.07224603601182478->0.04119927438860521 , unplacedBoxesSize:1
currentRepackCostTime:0.217s , currentRepackMaxTime:292.107s
iter24		 Improve solution by repack 0.04119927438860521->0.0 , unplacedBoxesSize:0
currentRepackCostTime:0.266s , currentRepackMaxTime:292.107s
Improved success. Continue searching for another removable board.
Selecting boards with low utilization for repacking...
iter16		 Improve solution by repack 0.845756517065305->0.816673945176028 , unplacedBoxesSize:10
currentRepackCostTime:0.386s , currentRepackMaxTime:292.107s
iter17		 Improve solution by repack 0.816673945176028->0.7985255979575383 , unplacedBoxesSize:9
currentRepackCostTime:0.395s , currentRepackMaxTime:292.107s
iter24		 Improve solution by repack 0.7985255979575383->0.7894584789035206 , unplacedBoxesSize:10
currentRepackCostTime:0.461s , currentRepackMaxTime:292.107s
iter27		 Improve solution by repack 0.7894584789035206->0.7824858908895458 , unplacedBoxesSize:9
currentRepackCostTime:0.484s , currentRepackMaxTime:292.107s
iter31		 Improve solution by repack 0.7824858908895458->0.780171324912658 , unplacedBoxesSize:9
currentRepackCostTime:0.519s , currentRepackMaxTime:292.107s
iter38		 Improve solution by repack 0.780171324912658->0.7766279226014512 , unplacedBoxesSize:9
currentRepackCostTime:0.598s , currentRepackMaxTime:292.107s
iter50		 Improve solution by repack 0.7766279226014512->0.7666386723998925 , unplacedBoxesSize:10
currentRepackCostTime:0.747s , currentRepackMaxTime:292.107s
iter51		 Improve solution by repack 0.7666386723998925->0.7615614082235959 , unplacedBoxesSize:9
currentRepackCostTime:0.757s , currentRepackMaxTime:292.107s
iter126		 Improve solution by repack 0.7615614082235959->0.7388359983875302 , unplacedBoxesSize:9
currentRepackCostTime:1.552s , currentRepackMaxTime:292.107s
iter131		 Improve solution by repack 0.7388359983875302->0.7242260145122279 , unplacedBoxesSize:9
currentRepackCostTime:1.606s , currentRepackMaxTime:292.107s
iter170		 Improve solution by repack 0.7242260145122279->0.7194692287019617 , unplacedBoxesSize:9
currentRepackCostTime:2.0020000000000002s , currentRepackMaxTime:292.107s
iter244		 Improve solution by repack 0.7194692287019617->0.7170639613007257 , unplacedBoxesSize:9
currentRepackCostTime:2.725s , currentRepackMaxTime:292.107s
iter309		 Improve solution by repack 0.7170639613007257->0.716717952163397 , unplacedBoxesSize:8
currentRepackCostTime:3.444s , currentRepackMaxTime:292.107s
iter396		 Improve solution by repack 0.716717952163397->0.7128157753292127 , unplacedBoxesSize:9
currentRepackCostTime:4.261s , currentRepackMaxTime:292.107s
iter406		 Improve solution by repack 0.7128157753292127->0.7091144853533996 , unplacedBoxesSize:8
currentRepackCostTime:4.386s , currentRepackMaxTime:292.107s
iter415		 Improve solution by repack 0.7091144853533996->0.6933603198065036 , unplacedBoxesSize:8
currentRepackCostTime:4.498s , currentRepackMaxTime:292.107s
iter427		 Improve solution by repack 0.6933603198065036->0.6905341306100511 , unplacedBoxesSize:8
currentRepackCostTime:4.644s , currentRepackMaxTime:292.107s
iter430		 Improve solution by repack 0.6905341306100511->0.685615090029562 , unplacedBoxesSize:8
currentRepackCostTime:4.692s , currentRepackMaxTime:292.107s
iter447		 Improve solution by repack 0.685615090029562->0.6806960494490728 , unplacedBoxesSize:8
currentRepackCostTime:4.857s , currentRepackMaxTime:292.107s
iter451		 Improve solution by repack 0.6806960494490728->0.6764149422198334 , unplacedBoxesSize:8
currentRepackCostTime:4.892s , currentRepackMaxTime:292.107s
iter478		 Improve solution by repack 0.6764149422198334->0.6734610991668907 , unplacedBoxesSize:9
currentRepackCostTime:5.183s , currentRepackMaxTime:292.107s
iter479		 Improve solution by repack 0.6734610991668907->0.657228903520559 , unplacedBoxesSize:9
currentRepackCostTime:5.196s , currentRepackMaxTime:292.107s
iter494		 Improve solution by repack 0.657228903520559->0.6542327331362536 , unplacedBoxesSize:9
currentRepackCostTime:5.381s , currentRepackMaxTime:292.107s
iter495		 Improve solution by repack 0.6542327331362536->0.643360655737705 , unplacedBoxesSize:8
currentRepackCostTime:5.398s , currentRepackMaxTime:292.107s
iter508		 Improve solution by repack 0.643360655737705->0.6390795485084655 , unplacedBoxesSize:8
currentRepackCostTime:5.54s , currentRepackMaxTime:292.107s
Selecting boards with low utilization for repacking...
iter2		 Improve solution by repack 0.8739246842246708->0.8686626578876647 , unplacedBoxesSize:8
currentRepackCostTime:10.551s , currentRepackMaxTime:292.107s
iter3		 Improve solution by repack 0.8686626578876647->0.6906852996506315 , unplacedBoxesSize:8
currentRepackCostTime:10.563s , currentRepackMaxTime:292.107s
iter7		 Improve solution by repack 0.6906852996506315->0.6822467078742274 , unplacedBoxesSize:8
currentRepackCostTime:10.605s , currentRepackMaxTime:292.107s
iter12		 Improve solution by repack 0.6822467078742274->0.665274455791454 , unplacedBoxesSize:8
currentRepackCostTime:10.667s , currentRepackMaxTime:292.107s
iter32		 Improve solution by repack 0.665274455791454->0.6419282450954045 , unplacedBoxesSize:7
currentRepackCostTime:10.906s , currentRepackMaxTime:292.107s
iter70		 Improve solution by repack 0.6419282450954045->0.6371714592851384 , unplacedBoxesSize:7
currentRepackCostTime:11.277000000000001s , currentRepackMaxTime:292.107s
iter78		 Improve solution by repack 0.6371714592851384->0.6302794947594732 , unplacedBoxesSize:8
currentRepackCostTime:11.356s , currentRepackMaxTime:292.107s
iter95		 Improve solution by repack 0.6302794947594732->0.6262362268207471 , unplacedBoxesSize:8
currentRepackCostTime:11.528s , currentRepackMaxTime:292.107s
iter103		 Improve solution by repack 0.6262362268207471->0.6202146600376243 , unplacedBoxesSize:8
currentRepackCostTime:11.614s , currentRepackMaxTime:292.107s
iter119		 Improve solution by repack 0.6202146600376243->0.6161159634506853 , unplacedBoxesSize:7
currentRepackCostTime:11.745000000000001s , currentRepackMaxTime:292.107s
iter124		 Improve solution by repack 0.6161159634506853->0.6150480381617844 , unplacedBoxesSize:8
currentRepackCostTime:11.804s , currentRepackMaxTime:292.107s
iter133		 Improve solution by repack 0.6150480381617844->0.6115288228970707 , unplacedBoxesSize:7
currentRepackCostTime:11.879s , currentRepackMaxTime:292.107s
iter136		 Improve solution by repack 0.6115288228970707->0.6060145122278957 , unplacedBoxesSize:6
currentRepackCostTime:11.899000000000001s , currentRepackMaxTime:292.107s
iter140		 Improve solution by repack 0.6060145122278957->0.6032948132222521 , unplacedBoxesSize:7
currentRepackCostTime:11.934000000000001s , currentRepackMaxTime:292.107s
iter141		 Improve solution by repack 0.6032948132222521->0.5972816447191616 , unplacedBoxesSize:7
currentRepackCostTime:11.94s , currentRepackMaxTime:292.107s
iter146		 Improve solution by repack 0.5972816447191616->0.5778201424348294 , unplacedBoxesSize:8
currentRepackCostTime:11.993s , currentRepackMaxTime:292.107s
iter161		 Improve solution by repack 0.5778201424348294->0.5692192958882021 , unplacedBoxesSize:8
currentRepackCostTime:12.174s , currentRepackMaxTime:292.107s
iter163		 Improve solution by repack 0.5692192958882021->0.5539330825047031 , unplacedBoxesSize:7
currentRepackCostTime:12.199s , currentRepackMaxTime:292.107s
iter268		 Improve solution by repack 0.5539330825047031->0.5520780704111797 , unplacedBoxesSize:7
currentRepackCostTime:13.248000000000001s , currentRepackMaxTime:292.107s
iter286		 Improve solution by repack 0.5520780704111797->0.5474489384574039 , unplacedBoxesSize:7
currentRepackCostTime:13.450000000000001s , currentRepackMaxTime:292.107s
iter296		 Improve solution by repack 0.5474489384574039->0.5464935501209353 , unplacedBoxesSize:7
currentRepackCostTime:13.571s , currentRepackMaxTime:292.107s
Selecting boards with low utilization for repacking...
iter1		 Improve solution by repack 0.9051740123622682->0.9030694033861865 , unplacedBoxesSize:8
currentRepackCostTime:17.334s , currentRepackMaxTime:292.107s
iter8		 Improve solution by repack 0.9030694033861865->0.5496203977425423 , unplacedBoxesSize:8
currentRepackCostTime:17.406s , currentRepackMaxTime:292.107s
iter32		 Improve solution by repack 0.5496203977425423->0.5464935501209353 , unplacedBoxesSize:7
currentRepackCostTime:17.658s , currentRepackMaxTime:292.107s
iter232		 Improve solution by repack 0.5464935501209353->0.5428826256382693 , unplacedBoxesSize:7
currentRepackCostTime:19.851s , currentRepackMaxTime:292.107s
iter235		 Improve solution by repack 0.5428826256382693->0.5414938860521366 , unplacedBoxesSize:8
currentRepackCostTime:19.88s , currentRepackMaxTime:292.107s
iter237		 Improve solution by repack 0.5414938860521366->0.537006517065305 , unplacedBoxesSize:7
currentRepackCostTime:19.906s , currentRepackMaxTime:292.107s
iter238		 Improve solution by repack 0.537006517065305->0.5362929991937652 , unplacedBoxesSize:7
currentRepackCostTime:19.917s , currentRepackMaxTime:292.107s
iter262		 Improve solution by repack 0.5362929991937652->0.5316638672399893 , unplacedBoxesSize:7
currentRepackCostTime:20.164s , currentRepackMaxTime:292.107s
iter267		 Improve solution by repack 0.5316638672399893->0.5293493012631013 , unplacedBoxesSize:7
currentRepackCostTime:20.207s , currentRepackMaxTime:292.107s
iter274		 Improve solution by repack 0.5293493012631013->0.5166803278688524 , unplacedBoxesSize:6
currentRepackCostTime:20.276s , currentRepackMaxTime:292.107s
iter277		 Improve solution by repack 0.5166803278688524->0.5158015318462779 , unplacedBoxesSize:6
currentRepackCostTime:20.297s , currentRepackMaxTime:292.107s
iter298		 Improve solution by repack 0.5158015318462779->0.5108787960225746 , unplacedBoxesSize:6
currentRepackCostTime:20.506s , currentRepackMaxTime:292.107s
iter476		 Improve solution by repack 0.5108787960225746->0.5061220102123085 , unplacedBoxesSize:6
currentRepackCostTime:22.135s , currentRepackMaxTime:292.107s
Selecting boards with low utilization for repacking...
iter4		 Improve solution by repack 0.9060017468422468->0.8971425692018276 , unplacedBoxesSize:7
currentRepackCostTime:27.060000000000002s , currentRepackMaxTime:292.107s
iter5		 Improve solution by repack 0.8971425692018276->0.8933549449072831 , unplacedBoxesSize:7
currentRepackCostTime:27.068s , currentRepackMaxTime:292.107s
iter23		 Improve solution by repack 0.8933549449072831->0.5749099704380543 , unplacedBoxesSize:3
currentRepackCostTime:27.243000000000002s , currentRepackMaxTime:292.107s
iter29		 Improve solution by repack 0.5749099704380543->0.5650900295619457 , unplacedBoxesSize:5
currentRepackCostTime:27.285s , currentRepackMaxTime:292.107s
iter30		 Improve solution by repack 0.5650900295619457->0.5211730717549046 , unplacedBoxesSize:6
currentRepackCostTime:27.296s , currentRepackMaxTime:292.107s
iter44		 Improve solution by repack 0.5211730717549046->0.515159903251814 , unplacedBoxesSize:6
currentRepackCostTime:27.493000000000002s , currentRepackMaxTime:292.107s
iter157		 Improve solution by repack 0.515159903251814->0.5108787960225746 , unplacedBoxesSize:6
currentRepackCostTime:28.686s , currentRepackMaxTime:292.107s
iter219		 Improve solution by repack 0.5108787960225746->0.5068355280838485 , unplacedBoxesSize:6
currentRepackCostTime:29.322s , currentRepackMaxTime:292.107s
iter241		 Improve solution by repack 0.5068355280838485->0.4990728298844397 , unplacedBoxesSize:5
currentRepackCostTime:29.557000000000002s , currentRepackMaxTime:292.107s
iter253		 Improve solution by repack 0.4990728298844397->0.49618818865896264 , unplacedBoxesSize:5
currentRepackCostTime:29.683s , currentRepackMaxTime:292.107s
iter533		 Improve solution by repack 0.49618818865896264->0.48059762160709485 , unplacedBoxesSize:5
currentRepackCostTime:32.06s , currentRepackMaxTime:292.107s
iter536		 Improve solution by repack 0.48059762160709485->0.4769316044074174 , unplacedBoxesSize:6
currentRepackCostTime:32.095s , currentRepackMaxTime:292.107s
iter538		 Improve solution by repack 0.4769316044074174->0.46961401504971784 , unplacedBoxesSize:6
currentRepackCostTime:32.108000000000004s , currentRepackMaxTime:292.107s
iter545		 Improve solution by repack 0.46961401504971784->0.46469497446922875 , unplacedBoxesSize:6
currentRepackCostTime:32.168s , currentRepackMaxTime:292.107s
iter563		 Improve solution by repack 0.46469497446922875->0.4646170384305294 , unplacedBoxesSize:6
currentRepackCostTime:32.346000000000004s , currentRepackMaxTime:292.107s
iter570		 Improve solution by repack 0.4646170384305294->0.4613470841171728 , unplacedBoxesSize:6
currentRepackCostTime:32.438s , currentRepackMaxTime:292.107s
Selecting boards with low utilization for repacking...
iter4		 Improve solution by repack 0.9126340365493147->0.8957027680730986 , unplacedBoxesSize:7
currentRepackCostTime:36.711s , currentRepackMaxTime:292.107s
iter25		 Improve solution by repack 0.8957027680730986->0.5108787960225746 , unplacedBoxesSize:6
currentRepackCostTime:36.876s , currentRepackMaxTime:292.107s
iter130		 Improve solution by repack 0.5108787960225746->0.49644719161515727 , unplacedBoxesSize:6
currentRepackCostTime:37.838s , currentRepackMaxTime:292.107s
iter137		 Improve solution by repack 0.49644719161515727->0.49524455791453914 , unplacedBoxesSize:6
currentRepackCostTime:37.908s , currentRepackMaxTime:292.107s
iter190		 Improve solution by repack 0.49524455791453914->0.4811414942219834 , unplacedBoxesSize:7
currentRepackCostTime:38.479s , currentRepackMaxTime:292.107s
iter196		 Improve solution by repack 0.4811414942219834->0.4709513571620532 , unplacedBoxesSize:6
currentRepackCostTime:38.544000000000004s , currentRepackMaxTime:292.107s
iter227		 Improve solution by repack 0.4709513571620532->0.45781140822359584 , unplacedBoxesSize:5
currentRepackCostTime:38.876s , currentRepackMaxTime:292.107s
iter372		 Improve solution by repack 0.45781140822359584->0.4530841843590433 , unplacedBoxesSize:6
currentRepackCostTime:40.169000000000004s , currentRepackMaxTime:292.107s
iter443		 Improve solution by repack 0.4530841843590433->0.45225510615425957 , unplacedBoxesSize:5
currentRepackCostTime:40.854s , currentRepackMaxTime:292.107s
iter449		 Improve solution by repack 0.45225510615425957->0.44624193765116904 , unplacedBoxesSize:5
currentRepackCostTime:40.906s , currentRepackMaxTime:292.107s
Selecting boards with low utilization for repacking...
iter4		 Improve solution by repack 0.9094977828540715->0.4860860655737705 , unplacedBoxesSize:6
currentRepackCostTime:45.777s , currentRepackMaxTime:292.107s
iter30		 Improve solution by repack 0.4860860655737705->0.48299617038430526 , unplacedBoxesSize:5
currentRepackCostTime:46.06s , currentRepackMaxTime:292.107s
iter64		 Improve solution by repack 0.48299617038430526->0.46307410642300456 , unplacedBoxesSize:6
currentRepackCostTime:46.321s , currentRepackMaxTime:292.107s
iter88		 Improve solution by repack 0.46307410642300456->0.457060937919914 , unplacedBoxesSize:6
currentRepackCostTime:46.571s , currentRepackMaxTime:292.107s
iter96		 Improve solution by repack 0.457060937919914->0.4510477694168234 , unplacedBoxesSize:6
currentRepackCostTime:46.632s , currentRepackMaxTime:292.107s
iter101		 Improve solution by repack 0.4510477694168234->0.4481164337543671 , unplacedBoxesSize:6
currentRepackCostTime:46.692s , currentRepackMaxTime:292.107s
iter281		 Improve solution by repack 0.4481164337543671->0.44798810803547434 , unplacedBoxesSize:6
currentRepackCostTime:48.545s , currentRepackMaxTime:292.107s
iter337		 Improve solution by repack 0.44798810803547434->0.44598394248857837 , unplacedBoxesSize:6
currentRepackCostTime:49.141s , currentRepackMaxTime:292.107s
iter338		 Improve solution by repack 0.44598394248857837->0.4444101048105348 , unplacedBoxesSize:5
currentRepackCostTime:49.156s , currentRepackMaxTime:292.107s
iter344		 Improve solution by repack 0.4444101048105348->0.441764310669175 , unplacedBoxesSize:5
currentRepackCostTime:49.205s , currentRepackMaxTime:292.107s
iter378		 Improve solution by repack 0.441764310669175->0.44067018274657355 , unplacedBoxesSize:5
currentRepackCostTime:49.513s , currentRepackMaxTime:292.107s
iter421		 Improve solution by repack 0.44067018274657355->0.44047836603063695 , unplacedBoxesSize:4
currentRepackCostTime:49.913000000000004s , currentRepackMaxTime:292.107s
Selecting boards with low utilization for repacking...
iter11		 Improve solution by repack 0.9139565976887934->0.46605751142166085 , unplacedBoxesSize:5
currentRepackCostTime:54.475s , currentRepackMaxTime:292.107s
iter34		 Improve solution by repack 0.46605751142166085->0.46436542596076325 , unplacedBoxesSize:5
currentRepackCostTime:54.72s , currentRepackMaxTime:292.107s
iter63		 Improve solution by repack 0.46436542596076325->0.4633845068529965 , unplacedBoxesSize:5
currentRepackCostTime:54.967s , currentRepackMaxTime:292.107s
iter92		 Improve solution by repack 0.4633845068529965->0.45957437516796557 , unplacedBoxesSize:6
currentRepackCostTime:55.27s , currentRepackMaxTime:292.107s
iter95		 Improve solution by repack 0.45957437516796557->0.4513564901908089 , unplacedBoxesSize:6
currentRepackCostTime:55.300000000000004s , currentRepackMaxTime:292.107s
iter102		 Improve solution by repack 0.4513564901908089->0.4450839828003225 , unplacedBoxesSize:5
currentRepackCostTime:55.389s , currentRepackMaxTime:292.107s
iter116		 Improve solution by repack 0.4450839828003225->0.441583579682881 , unplacedBoxesSize:5
currentRepackCostTime:55.524s , currentRepackMaxTime:292.107s
iter158		 Improve solution by repack 0.441583579682881->0.4306513705993013 , unplacedBoxesSize:5
currentRepackCostTime:55.929s , currentRepackMaxTime:292.107s
iter176		 Improve solution by repack 0.4306513705993013->0.4300134372480516 , unplacedBoxesSize:5
currentRepackCostTime:56.114000000000004s , currentRepackMaxTime:292.107s
iter437		 Improve solution by repack 0.4300134372480516->0.4257323300188121 , unplacedBoxesSize:5
currentRepackCostTime:58.588s , currentRepackMaxTime:292.107s
Selecting boards with low utilization for repacking...
iter3		 Improve solution by repack 0.9130542864821285->0.5068355280838485 , unplacedBoxesSize:6
currentRepackCostTime:63.672000000000004s , currentRepackMaxTime:292.107s
iter17		 Improve solution by repack 0.5068355280838485->0.49945747110991673 , unplacedBoxesSize:6
currentRepackCostTime:63.834s , currentRepackMaxTime:292.107s
iter52		 Improve solution by repack 0.49945747110991673->0.4863232330018812 , unplacedBoxesSize:6
currentRepackCostTime:64.2s , currentRepackMaxTime:292.107s
iter64		 Improve solution by repack 0.4863232330018812->0.48202364955657084 , unplacedBoxesSize:7
currentRepackCostTime:64.325s , currentRepackMaxTime:292.107s
iter66		 Improve solution by repack 0.48202364955657084->0.47796795216339694 , unplacedBoxesSize:8
currentRepackCostTime:64.348s , currentRepackMaxTime:292.107s
iter86		 Improve solution by repack 0.47796795216339694->0.4665113544746036 , unplacedBoxesSize:6
currentRepackCostTime:64.55s , currentRepackMaxTime:292.107s
iter88		 Improve solution by repack 0.4665113544746036->0.45705522708949203 , unplacedBoxesSize:6
currentRepackCostTime:64.572s , currentRepackMaxTime:292.107s
iter172		 Improve solution by repack 0.45705522708949203->0.4444709083579683 , unplacedBoxesSize:6
currentRepackCostTime:65.443s , currentRepackMaxTime:292.107s
iter280		 Improve solution by repack 0.4444709083579683->0.4424385245901639 , unplacedBoxesSize:7
currentRepackCostTime:66.555s , currentRepackMaxTime:292.107s
iter283		 Improve solution by repack 0.4424385245901639->0.440353399623757 , unplacedBoxesSize:6
currentRepackCostTime:66.583s , currentRepackMaxTime:292.107s
iter306		 Improve solution by repack 0.440353399623757->0.4349472588013975 , unplacedBoxesSize:7
currentRepackCostTime:66.82000000000001s , currentRepackMaxTime:292.107s
iter312		 Improve solution by repack 0.4349472588013975->0.4335864015049718 , unplacedBoxesSize:5
currentRepackCostTime:66.901s , currentRepackMaxTime:292.107s
iter455		 Improve solution by repack 0.4335864015049718->0.4308357968288095 , unplacedBoxesSize:7
currentRepackCostTime:68.197s , currentRepackMaxTime:292.107s
iter465		 Improve solution by repack 0.4308357968288095->0.4229521633969363 , unplacedBoxesSize:6
currentRepackCostTime:68.354s , currentRepackMaxTime:292.107s
iter480		 Improve solution by repack 0.4229521633969363->0.42245935232464393 , unplacedBoxesSize:5
currentRepackCostTime:68.501s , currentRepackMaxTime:292.107s
iter494		 Improve solution by repack 0.42245935232464393->0.42212140553614624 , unplacedBoxesSize:6
currentRepackCostTime:68.599s , currentRepackMaxTime:292.107s
iter497		 Improve solution by repack 0.42212140553614624->0.4204373824240796 , unplacedBoxesSize:7
currentRepackCostTime:68.635s , currentRepackMaxTime:292.107s
iter501		 Improve solution by repack 0.4204373824240796->0.4176457941413599 , unplacedBoxesSize:5
currentRepackCostTime:68.69800000000001s , currentRepackMaxTime:292.107s
iter702		 Improve solution by repack 0.4176457941413599->0.41261589626444506 , unplacedBoxesSize:6
currentRepackCostTime:70.599s , currentRepackMaxTime:292.107s
iter732		 Improve solution by repack 0.41261589626444506->0.40808754367105615 , unplacedBoxesSize:6
currentRepackCostTime:71.028s , currentRepackMaxTime:292.107s
iter901		 Improve solution by repack 0.40808754367105615->0.4078651572158022 , unplacedBoxesSize:5
currentRepackCostTime:73.053s , currentRepackMaxTime:292.107s
iter1181		 Improve solution by repack 0.4078651572158022->0.40469127922601456 , unplacedBoxesSize:6
currentRepackCostTime:75.766s , currentRepackMaxTime:292.107s
iter1193		 Improve solution by repack 0.40469127922601456->0.40114384574039236 , unplacedBoxesSize:6
currentRepackCostTime:75.892s , currentRepackMaxTime:292.107s
iter1252		 Improve solution by repack 0.40114384574039236->0.3905321150228433 , unplacedBoxesSize:4
currentRepackCostTime:76.63s , currentRepackMaxTime:292.107s
Selecting boards with low utilization for repacking...
iter8		 Improve solution by repack 0.9196375302338081->0.3905321150228433 , unplacedBoxesSize:4
currentRepackCostTime:79.919s , currentRepackMaxTime:292.107s
Selecting boards with low utilization for repacking...
iter11		 Improve solution by repack 0.9222940741736092->0.9208868583714055 , unplacedBoxesSize:9
currentRepackCostTime:86.019s , currentRepackMaxTime:292.107s
iter13		 Improve solution by repack 0.9208868583714055->0.42043234345606023 , unplacedBoxesSize:5
currentRepackCostTime:86.041s , currentRepackMaxTime:292.107s
iter62		 Improve solution by repack 0.42043234345606023->0.41343825584520294 , unplacedBoxesSize:5
currentRepackCostTime:86.54s , currentRepackMaxTime:292.107s
iter115		 Improve solution by repack 0.41343825584520294->0.410704447729105 , unplacedBoxesSize:6
currentRepackCostTime:87.129s , currentRepackMaxTime:292.107s
iter126		 Improve solution by repack 0.410704447729105->0.4084923407686106 , unplacedBoxesSize:6
currentRepackCostTime:87.252s , currentRepackMaxTime:292.107s
iter137		 Improve solution by repack 0.4084923407686106->0.40677371674281104 , unplacedBoxesSize:5
currentRepackCostTime:87.39s , currentRepackMaxTime:292.107s
iter148		 Improve solution by repack 0.40677371674281104->0.39545115560333244 , unplacedBoxesSize:4
currentRepackCostTime:87.504s , currentRepackMaxTime:292.107s
iter216		 Improve solution by repack 0.39545115560333244->0.39068026068261225 , unplacedBoxesSize:5
currentRepackCostTime:88.10600000000001s , currentRepackMaxTime:292.107s
iter292		 Improve solution by repack 0.39068026068261225->0.39001478097285674 , unplacedBoxesSize:5
currentRepackCostTime:88.905s , currentRepackMaxTime:292.107s
iter299		 Improve solution by repack 0.39001478097285674->0.3889206530502553 , unplacedBoxesSize:5
currentRepackCostTime:88.96000000000001s , currentRepackMaxTime:292.107s
iter302		 Improve solution by repack 0.3889206530502553->0.37888336468691214 , unplacedBoxesSize:5
currentRepackCostTime:89.011s , currentRepackMaxTime:292.107s
Selecting boards with low utilization for repacking...
iter1		 Improve solution by repack 0.9270632894383231->0.37888336468691214 , unplacedBoxesSize:5
currentRepackCostTime:92.807s , currentRepackMaxTime:292.107s
Selecting boards with low utilization for repacking...
iter4		 Improve solution by repack 0.9329978500403117->0.37888336468691214 , unplacedBoxesSize:5
currentRepackCostTime:99.304s , currentRepackMaxTime:292.107s
Selecting boards with low utilization for repacking...
iter3		 Improve solution by repack 0.938132558452029->0.3989989250201559 , unplacedBoxesSize:5
currentRepackCostTime:105.784s , currentRepackMaxTime:292.107s
iter16		 Improve solution by repack 0.3989989250201559->0.3905321150228433 , unplacedBoxesSize:4
currentRepackCostTime:105.923s , currentRepackMaxTime:292.107s
iter78		 Improve solution by repack 0.3905321150228433->0.3857753292125773 , unplacedBoxesSize:4
currentRepackCostTime:106.435s , currentRepackMaxTime:292.107s
iter216		 Improve solution by repack 0.3857753292125773->0.37888336468691214 , unplacedBoxesSize:5
currentRepackCostTime:107.711s , currentRepackMaxTime:292.107s
Selecting boards with low utilization for repacking...
iter2		 Improve solution by repack 0.9187486562751948->0.37888336468691214 , unplacedBoxesSize:5
currentRepackCostTime:112.21300000000001s , currentRepackMaxTime:292.107s
Selecting boards with low utilization for repacking...
iter7		 Improve solution by repack 0.9387768744961031->0.9363527949475947 , unplacedBoxesSize:7
currentRepackCostTime:118.998s , currentRepackMaxTime:292.107s
iter8		 Improve solution by repack 0.9363527949475947->0.9346069604944908 , unplacedBoxesSize:6
currentRepackCostTime:119.004s , currentRepackMaxTime:292.107s
iter32		 Improve solution by repack 0.9346069604944908->0.4246418973394249 , unplacedBoxesSize:6
currentRepackCostTime:119.158s , currentRepackMaxTime:292.107s
iter41		 Improve solution by repack 0.4246418973394249->0.4195323837678044 , unplacedBoxesSize:6
currentRepackCostTime:119.247s , currentRepackMaxTime:292.107s
iter182		 Improve solution by repack 0.4195323837678044->0.4173925020155872 , unplacedBoxesSize:5
currentRepackCostTime:120.791s , currentRepackMaxTime:292.107s
iter194		 Improve solution by repack 0.4173925020155872->0.4110417226552002 , unplacedBoxesSize:4
currentRepackCostTime:120.935s , currentRepackMaxTime:292.107s
iter203		 Improve solution by repack 0.4110417226552002->0.4072315909701693 , unplacedBoxesSize:5
currentRepackCostTime:121.022s , currentRepackMaxTime:292.107s
Selecting boards with low utilization for repacking...
iter1		 Improve solution by repack 0.9446650765923139->0.9358146331631281 , unplacedBoxesSize:7
currentRepackCostTime:125.56400000000001s , currentRepackMaxTime:292.107s
iter7		 Improve solution by repack 0.9358146331631281->0.5042142569201827 , unplacedBoxesSize:6
currentRepackCostTime:125.61500000000001s , currentRepackMaxTime:292.107s
iter16		 Improve solution by repack 0.5042142569201827->0.5037190943294814 , unplacedBoxesSize:7
currentRepackCostTime:125.70100000000001s , currentRepackMaxTime:292.107s
iter34		 Improve solution by repack 0.5037190943294814->0.4900409836065574 , unplacedBoxesSize:7
currentRepackCostTime:125.9s , currentRepackMaxTime:292.107s
iter36		 Improve solution by repack 0.4900409836065574->0.46279461166353125 , unplacedBoxesSize:6
currentRepackCostTime:125.913s , currentRepackMaxTime:292.107s
iter46		 Improve solution by repack 0.46279461166353125->0.46004434291857027 , unplacedBoxesSize:5
currentRepackCostTime:126.04s , currentRepackMaxTime:292.107s
iter63		 Improve solution by repack 0.46004434291857027->0.45623421123353936 , unplacedBoxesSize:6
currentRepackCostTime:126.17s , currentRepackMaxTime:292.107s
iter103		 Improve solution by repack 0.45623421123353936->0.4545021499596883 , unplacedBoxesSize:6
currentRepackCostTime:126.62400000000001s , currentRepackMaxTime:292.107s
iter133		 Improve solution by repack 0.4545021499596883->0.45334789035205586 , unplacedBoxesSize:7
currentRepackCostTime:126.961s , currentRepackMaxTime:292.107s
iter229		 Improve solution by repack 0.45334789035205586->0.4335864015049718 , unplacedBoxesSize:5
currentRepackCostTime:128.061s , currentRepackMaxTime:292.107s
iter244		 Improve solution by repack 0.4335864015049718->0.4278621338349906 , unplacedBoxesSize:5
currentRepackCostTime:128.195s , currentRepackMaxTime:292.107s
iter327		 Improve solution by repack 0.4278621338349906->0.42484412792260146 , unplacedBoxesSize:4
currentRepackCostTime:128.972s , currentRepackMaxTime:292.107s
iter379		 Improve solution by repack 0.42484412792260146->0.42342884977156675 , unplacedBoxesSize:5
currentRepackCostTime:129.405s , currentRepackMaxTime:292.107s
iter394		 Improve solution by repack 0.42342884977156675->0.42164371136791184 , unplacedBoxesSize:5
currentRepackCostTime:129.52100000000002s , currentRepackMaxTime:292.107s
iter400		 Improve solution by repack 0.42164371136791184->0.42122950819672134 , unplacedBoxesSize:4
currentRepackCostTime:129.566s , currentRepackMaxTime:292.107s
iter420		 Improve solution by repack 0.42122950819672134->0.39780401773716745 , unplacedBoxesSize:5
currentRepackCostTime:129.76500000000001s , currentRepackMaxTime:292.107s
iter431		 Improve solution by repack 0.39780401773716745->0.39696217414673474 , unplacedBoxesSize:5
currentRepackCostTime:129.892s , currentRepackMaxTime:292.107s
iter477		 Improve solution by repack 0.39696217414673474->0.3926696452566515 , unplacedBoxesSize:4
currentRepackCostTime:130.388s , currentRepackMaxTime:292.107s
iter613		 Improve solution by repack 0.3926696452566515->0.3826837543671056 , unplacedBoxesSize:4
currentRepackCostTime:131.564s , currentRepackMaxTime:292.107s
iter878		 Improve solution by repack 0.3826837543671056->0.38163934426229507 , unplacedBoxesSize:5
currentRepackCostTime:133.859s , currentRepackMaxTime:292.107s
iter912		 Improve solution by repack 0.38163934426229507->0.3721892636388068 , unplacedBoxesSize:4
currentRepackCostTime:134.18s , currentRepackMaxTime:292.107s
iter915		 Improve solution by repack 0.3721892636388068->0.3679081564095673 , unplacedBoxesSize:4
currentRepackCostTime:134.2s , currentRepackMaxTime:292.107s
Selecting boards with low utilization for repacking...
iter26		 Improve solution by repack 0.9132450954044612->0.38978231658156404 , unplacedBoxesSize:5
currentRepackCostTime:137.84s , currentRepackMaxTime:292.107s
iter35		 Improve solution by repack 0.38978231658156404->0.3862842649825316 , unplacedBoxesSize:6
currentRepackCostTime:137.935s , currentRepackMaxTime:292.107s
iter48		 Improve solution by repack 0.3862842649825316->0.38319436979306637 , unplacedBoxesSize:5
currentRepackCostTime:138.096s , currentRepackMaxTime:292.107s
iter164		 Improve solution by repack 0.38319436979306637->0.3788944504165547 , unplacedBoxesSize:5
currentRepackCostTime:139.302s , currentRepackMaxTime:292.107s
iter200		 Improve solution by repack 0.3788944504165547->0.37366198602526207 , unplacedBoxesSize:5
currentRepackCostTime:139.66400000000002s , currentRepackMaxTime:292.107s
iter224		 Improve solution by repack 0.37366198602526207->0.363367710292932 , unplacedBoxesSize:5
currentRepackCostTime:139.881s , currentRepackMaxTime:292.107s
Selecting boards with low utilization for repacking...
iter2		 Improve solution by repack 0.9441638672399892->0.9343133566245633 , unplacedBoxesSize:8
currentRepackCostTime:144.236s , currentRepackMaxTime:292.107s
iter27		 Improve solution by repack 0.9343133566245633->0.43118113410373554 , unplacedBoxesSize:5
currentRepackCostTime:144.428s , currentRepackMaxTime:292.107s
iter112		 Improve solution by repack 0.43118113410373554->0.4189838081160978 , unplacedBoxesSize:6
currentRepackCostTime:145.211s , currentRepackMaxTime:292.107s
iter113		 Improve solution by repack 0.4189838081160978->0.4173713383499059 , unplacedBoxesSize:6
currentRepackCostTime:145.218s , currentRepackMaxTime:292.107s
iter141		 Improve solution by repack 0.4173713383499059->0.4084856221445848 , unplacedBoxesSize:5
currentRepackCostTime:145.547s , currentRepackMaxTime:292.107s
iter187		 Improve solution by repack 0.4084856221445848->0.4078651572158022 , unplacedBoxesSize:5
currentRepackCostTime:145.982s , currentRepackMaxTime:292.107s
iter231		 Improve solution by repack 0.4078651572158022->0.40242407954850845 , unplacedBoxesSize:4
currentRepackCostTime:146.407s , currentRepackMaxTime:292.107s
iter258		 Improve solution by repack 0.40242407954850845->0.4000456866433754 , unplacedBoxesSize:4
currentRepackCostTime:146.665s , currentRepackMaxTime:292.107s
iter463		 Improve solution by repack 0.4000456866433754->0.3965452835259339 , unplacedBoxesSize:4
currentRepackCostTime:148.469s , currentRepackMaxTime:292.107s
iter472		 Improve solution by repack 0.3965452835259339->0.3905321150228433 , unplacedBoxesSize:4
currentRepackCostTime:148.55100000000002s , currentRepackMaxTime:292.107s
iter499		 Improve solution by repack 0.3905321150228433->0.38857162053211497 , unplacedBoxesSize:5
currentRepackCostTime:148.776s , currentRepackMaxTime:292.107s
iter519		 Improve solution by repack 0.38857162053211497->0.38386757592045145 , unplacedBoxesSize:4
currentRepackCostTime:148.999s , currentRepackMaxTime:292.107s
iter529		 Improve solution by repack 0.38386757592045145->0.37489787691480786 , unplacedBoxesSize:4
currentRepackCostTime:149.084s , currentRepackMaxTime:292.107s
iter629		 Improve solution by repack 0.37489787691480786->0.3726649422198334 , unplacedBoxesSize:4
currentRepackCostTime:149.957s , currentRepackMaxTime:292.107s
Selecting boards with low utilization for repacking...
iter6		 Improve solution by repack 0.9379642569201827->0.4917441547970976 , unplacedBoxesSize:6
currentRepackCostTime:153.244s , currentRepackMaxTime:292.107s
iter11		 Improve solution by repack 0.4917441547970976->0.47876209352324645 , unplacedBoxesSize:6
currentRepackCostTime:153.309s , currentRepackMaxTime:292.107s
iter15		 Improve solution by repack 0.47876209352324645->0.4769349637194303 , unplacedBoxesSize:5
currentRepackCostTime:153.356s , currentRepackMaxTime:292.107s
iter40		 Improve solution by repack 0.4769349637194303->0.45961099166890623 , unplacedBoxesSize:6
currentRepackCostTime:153.57500000000002s , currentRepackMaxTime:292.107s
iter46		 Improve solution by repack 0.45961099166890623->0.43626478097285676 , unplacedBoxesSize:5
currentRepackCostTime:153.631s , currentRepackMaxTime:292.107s
iter145		 Improve solution by repack 0.43626478097285676->0.4328214861596345 , unplacedBoxesSize:6
currentRepackCostTime:154.56s , currentRepackMaxTime:292.107s
iter159		 Improve solution by repack 0.4328214861596345->0.43099435635581834 , unplacedBoxesSize:5
currentRepackCostTime:154.757s , currentRepackMaxTime:292.107s
iter224		 Improve solution by repack 0.43099435635581834->0.42423844396667565 , unplacedBoxesSize:5
currentRepackCostTime:155.39000000000001s , currentRepackMaxTime:292.107s
iter265		 Improve solution by repack 0.42423844396667565->0.420232800322494 , unplacedBoxesSize:4
currentRepackCostTime:155.749s , currentRepackMaxTime:292.107s
iter270		 Improve solution by repack 0.420232800322494->0.41627519484009673 , unplacedBoxesSize:6
currentRepackCostTime:155.793s , currentRepackMaxTime:292.107s
iter273		 Improve solution by repack 0.41627519484009673->0.4129625772641763 , unplacedBoxesSize:5
currentRepackCostTime:155.838s , currentRepackMaxTime:292.107s
iter333		 Improve solution by repack 0.4129625772641763->0.4086814700349368 , unplacedBoxesSize:5
currentRepackCostTime:156.433s , currentRepackMaxTime:292.107s
iter396		 Improve solution by repack 0.4086814700349368->0.40654393980112874 , unplacedBoxesSize:5
currentRepackCostTime:157.076s , currentRepackMaxTime:292.107s
iter420		 Improve solution by repack 0.40654393980112874->0.4044994625100779 , unplacedBoxesSize:5
currentRepackCostTime:157.256s , currentRepackMaxTime:292.107s
iter531		 Improve solution by repack 0.4044994625100779->0.40323669712442894 , unplacedBoxesSize:5
currentRepackCostTime:158.297s , currentRepackMaxTime:292.107s
Selecting boards with low utilization for repacking...
iter1		 Improve solution by repack 0.925159903251814->0.917466406879871 , unplacedBoxesSize:6
currentRepackCostTime:162.601s , currentRepackMaxTime:292.107s
iter2		 Improve solution by repack 0.917466406879871->0.9161888605213653 , unplacedBoxesSize:7
currentRepackCostTime:162.604s , currentRepackMaxTime:292.107s
iter6		 Improve solution by repack 0.9161888605213653->0.5110410507927976 , unplacedBoxesSize:6
currentRepackCostTime:162.642s , currentRepackMaxTime:292.107s
iter7		 Improve solution by repack 0.5110410507927976->0.4873716742811072 , unplacedBoxesSize:2
currentRepackCostTime:162.649s , currentRepackMaxTime:292.107s
iter106		 Improve solution by repack 0.4873716742811072->0.48254871002418703 , unplacedBoxesSize:6
currentRepackCostTime:163.258s , currentRepackMaxTime:292.107s
iter127		 Improve solution by repack 0.48254871002418703->0.47567858102660576 , unplacedBoxesSize:5
currentRepackCostTime:163.479s , currentRepackMaxTime:292.107s
iter205		 Improve solution by repack 0.47567858102660576->0.47276639344262295 , unplacedBoxesSize:6
currentRepackCostTime:164.175s , currentRepackMaxTime:292.107s
iter233		 Improve solution by repack 0.47276639344262295->0.46956664875033594 , unplacedBoxesSize:6
currentRepackCostTime:164.467s , currentRepackMaxTime:292.107s
iter261		 Improve solution by repack 0.46956664875033594->0.4652643778554152 , unplacedBoxesSize:6
currentRepackCostTime:164.767s , currentRepackMaxTime:292.107s
iter268		 Improve solution by repack 0.4652643778554152->0.45793973394248855 , unplacedBoxesSize:5
currentRepackCostTime:164.847s , currentRepackMaxTime:292.107s
iter331		 Improve solution by repack 0.45793973394248855->0.4330499193765117 , unplacedBoxesSize:5
currentRepackCostTime:165.367s , currentRepackMaxTime:292.107s
iter348		 Improve solution by repack 0.4330499193765117->0.43174549852190275 , unplacedBoxesSize:5
currentRepackCostTime:165.511s , currentRepackMaxTime:292.107s
iter376		 Improve solution by repack 0.43174549852190275->0.4300134372480516 , unplacedBoxesSize:5
currentRepackCostTime:165.794s , currentRepackMaxTime:292.107s
iter415		 Improve solution by repack 0.4300134372480516->0.42617407954850844 , unplacedBoxesSize:5
currentRepackCostTime:166.145s , currentRepackMaxTime:292.107s
iter626		 Improve solution by repack 0.42617407954850844->0.4257323300188121 , unplacedBoxesSize:5
currentRepackCostTime:168.219s , currentRepackMaxTime:292.107s
Selecting boards with low utilization for repacking...
iter1		 Improve solution by repack 0.9329131953775867->0.9300557645794142 , unplacedBoxesSize:7
currentRepackCostTime:171.52s , currentRepackMaxTime:292.107s
iter7		 Improve solution by repack 0.9300557645794142->0.5485507927976351 , unplacedBoxesSize:7
currentRepackCostTime:171.567s , currentRepackMaxTime:292.107s
iter32		 Improve solution by repack 0.5485507927976351->0.5261865090029562 , unplacedBoxesSize:6
currentRepackCostTime:171.80700000000002s , currentRepackMaxTime:292.107s
iter52		 Improve solution by repack 0.5261865090029562->0.5201347084117173 , unplacedBoxesSize:7
currentRepackCostTime:172.001s , currentRepackMaxTime:292.107s
iter55		 Improve solution by repack 0.5201347084117173->0.5139350980919108 , unplacedBoxesSize:6
currentRepackCostTime:172.028s , currentRepackMaxTime:292.107s
iter65		 Improve solution by repack 0.5139350980919108->0.5104346949744692 , unplacedBoxesSize:6
currentRepackCostTime:172.133s , currentRepackMaxTime:292.107s
iter88		 Improve solution by repack 0.5104346949744692->0.5099882424079548 , unplacedBoxesSize:8
currentRepackCostTime:172.327s , currentRepackMaxTime:292.107s
iter90		 Improve solution by repack 0.5099882424079548->0.5087254770223057 , unplacedBoxesSize:8
currentRepackCostTime:172.349s , currentRepackMaxTime:292.107s
iter99		 Improve solution by repack 0.5087254770223057->0.4969779629131954 , unplacedBoxesSize:6
currentRepackCostTime:172.471s , currentRepackMaxTime:292.107s
iter104		 Improve solution by repack 0.4969779629131954->0.49192690137059936 , unplacedBoxesSize:7
currentRepackCostTime:172.518s , currentRepackMaxTime:292.107s
iter140		 Improve solution by repack 0.49192690137059936->0.4909647944101048 , unplacedBoxesSize:6
currentRepackCostTime:172.911s , currentRepackMaxTime:292.107s
iter192		 Improve solution by repack 0.4909647944101048->0.4816675624832034 , unplacedBoxesSize:7
currentRepackCostTime:173.386s , currentRepackMaxTime:292.107s
iter197		 Improve solution by repack 0.4816675624832034->0.46638134909970436 , unplacedBoxesSize:6
currentRepackCostTime:173.436s , currentRepackMaxTime:292.107s
iter235		 Improve solution by repack 0.46638134909970436->0.4642290378930395 , unplacedBoxesSize:6
currentRepackCostTime:173.832s , currentRepackMaxTime:292.107s
iter238		 Improve solution by repack 0.4642290378930395->0.46004434291857027 , unplacedBoxesSize:5
currentRepackCostTime:173.855s , currentRepackMaxTime:292.107s
iter272		 Improve solution by repack 0.46004434291857027->0.4592024993281376 , unplacedBoxesSize:5
currentRepackCostTime:174.162s , currentRepackMaxTime:292.107s
iter288		 Improve solution by repack 0.4592024993281376->0.45563255845202905 , unplacedBoxesSize:6
currentRepackCostTime:174.327s , currentRepackMaxTime:292.107s
iter301		 Improve solution by repack 0.45563255845202905->0.44961938994893846 , unplacedBoxesSize:6
currentRepackCostTime:174.479s , currentRepackMaxTime:292.107s
iter406		 Improve solution by repack 0.44961938994893846->0.4486384708411717 , unplacedBoxesSize:6
currentRepackCostTime:175.592s , currentRepackMaxTime:292.107s
Selecting boards with low utilization for repacking...
iter8		 Improve solution by repack 0.922571889277076->0.47567858102660576 , unplacedBoxesSize:5
currentRepackCostTime:182.055s , currentRepackMaxTime:292.107s
iter12		 Improve solution by repack 0.47567858102660576->0.47247816447191615 , unplacedBoxesSize:6
currentRepackCostTime:182.094s , currentRepackMaxTime:292.107s
iter129		 Improve solution by repack 0.47247816447191615->0.456002082773448 , unplacedBoxesSize:6
currentRepackCostTime:183.344s , currentRepackMaxTime:292.107s
iter137		 Improve solution by repack 0.456002082773448->0.45461099166890623 , unplacedBoxesSize:6
currentRepackCostTime:183.448s , currentRepackMaxTime:292.107s
iter273		 Improve solution by repack 0.45461099166890623->0.4486384708411717 , unplacedBoxesSize:6
currentRepackCostTime:184.868s , currentRepackMaxTime:292.107s
Selecting boards with low utilization for repacking...
iter1		 Improve solution by repack 0.9338400295619458->0.9308754367105617 , unplacedBoxesSize:9
currentRepackCostTime:189.011s , currentRepackMaxTime:292.107s
iter8		 Improve solution by repack 0.9308754367105617->0.5092414673474872 , unplacedBoxesSize:7
currentRepackCostTime:189.082s , currentRepackMaxTime:292.107s
iter15		 Improve solution by repack 0.5092414673474872->0.49806268476216065 , unplacedBoxesSize:6
currentRepackCostTime:189.20000000000002s , currentRepackMaxTime:292.107s
iter39		 Improve solution by repack 0.49806268476216065->0.49805898951894656 , unplacedBoxesSize:6
currentRepackCostTime:189.47400000000002s , currentRepackMaxTime:292.107s
iter50		 Improve solution by repack 0.49805898951894656->0.49313994893845736 , unplacedBoxesSize:6
currentRepackCostTime:189.566s , currentRepackMaxTime:292.107s
iter103		 Improve solution by repack 0.49313994893845736->0.4908495700080623 , unplacedBoxesSize:7
currentRepackCostTime:190.114s , currentRepackMaxTime:292.107s
iter140		 Improve solution by repack 0.4908495700080623->0.4808129535071217 , unplacedBoxesSize:6
currentRepackCostTime:190.6s , currentRepackMaxTime:292.107s
iter144		 Improve solution by repack 0.4808129535071217->0.47567858102660576 , unplacedBoxesSize:5
currentRepackCostTime:190.631s , currentRepackMaxTime:292.107s
iter173		 Improve solution by repack 0.47567858102660576->0.47186844934157485 , unplacedBoxesSize:6
currentRepackCostTime:190.882s , currentRepackMaxTime:292.107s
iter185		 Improve solution by repack 0.47186844934157485->0.47151068261220097 , unplacedBoxesSize:6
currentRepackCostTime:190.987s , currentRepackMaxTime:292.107s
iter194		 Improve solution by repack 0.47151068261220097->0.4540456194571352 , unplacedBoxesSize:5
currentRepackCostTime:191.088s , currentRepackMaxTime:292.107s
iter240		 Improve solution by repack 0.4540456194571352->0.4511609782316581 , unplacedBoxesSize:5
currentRepackCostTime:191.526s , currentRepackMaxTime:292.107s
iter306		 Improve solution by repack 0.4511609782316581->0.44912657887664603 , unplacedBoxesSize:5
currentRepackCostTime:192.113s , currentRepackMaxTime:292.107s
iter395		 Improve solution by repack 0.44912657887664603->0.4486384708411717 , unplacedBoxesSize:6
currentRepackCostTime:192.954s , currentRepackMaxTime:292.107s
Selecting boards with low utilization for repacking...
iter8		 Improve solution by repack 0.961601048105348->0.9421993415748454 , unplacedBoxesSize:9
currentRepackCostTime:199.32s , currentRepackMaxTime:292.107s
iter17		 Improve solution by repack 0.9421993415748454->0.4837153990862671 , unplacedBoxesSize:6
currentRepackCostTime:199.395s , currentRepackMaxTime:292.107s
iter32		 Improve solution by repack 0.4837153990862671->0.47525933888739585 , unplacedBoxesSize:6
currentRepackCostTime:199.55700000000002s , currentRepackMaxTime:292.107s
iter44		 Improve solution by repack 0.47525933888739585->0.4692461703843053 , unplacedBoxesSize:6
currentRepackCostTime:199.68200000000002s , currentRepackMaxTime:292.107s
iter86		 Improve solution by repack 0.4692461703843053->0.46585528083848426 , unplacedBoxesSize:6
currentRepackCostTime:200.167s , currentRepackMaxTime:292.107s
iter172		 Improve solution by repack 0.46585528083848426->0.4481164337543671 , unplacedBoxesSize:6
currentRepackCostTime:201.119s , currentRepackMaxTime:292.107s
iter336		 Improve solution by repack 0.4481164337543671->0.44798810803547434 , unplacedBoxesSize:6
currentRepackCostTime:202.80700000000002s , currentRepackMaxTime:292.107s
Selecting boards with low utilization for repacking...
iter5		 Improve solution by repack 0.9635212308519215->0.48918738242407955 , unplacedBoxesSize:7
currentRepackCostTime:209.674s , currentRepackMaxTime:292.107s
iter132		 Improve solution by repack 0.48918738242407955->0.4873054958344531 , unplacedBoxesSize:6
currentRepackCostTime:211.258s , currentRepackMaxTime:292.107s
iter264		 Improve solution by repack 0.4873054958344531->0.48377149959688254 , unplacedBoxesSize:7
currentRepackCostTime:212.58100000000002s , currentRepackMaxTime:292.107s
iter279		 Improve solution by repack 0.48377149959688254->0.4808129535071217 , unplacedBoxesSize:6
currentRepackCostTime:212.756s , currentRepackMaxTime:292.107s
iter286		 Improve solution by repack 0.4808129535071217->0.48060131685030905 , unplacedBoxesSize:5
currentRepackCostTime:212.824s , currentRepackMaxTime:292.107s
iter309		 Improve solution by repack 0.48060131685030905->0.4758740929857565 , unplacedBoxesSize:6
currentRepackCostTime:213.03300000000002s , currentRepackMaxTime:292.107s
iter313		 Improve solution by repack 0.4758740929857565->0.47436072292394516 , unplacedBoxesSize:7
currentRepackCostTime:213.08s , currentRepackMaxTime:292.107s
iter320		 Improve solution by repack 0.47436072292394516->0.47263605213652243 , unplacedBoxesSize:5
currentRepackCostTime:213.169s , currentRepackMaxTime:292.107s
iter340		 Improve solution by repack 0.47263605213652243->0.46993113410373555 , unplacedBoxesSize:5
currentRepackCostTime:213.372s , currentRepackMaxTime:292.107s
iter382		 Improve solution by repack 0.46993113410373555->0.46501209352324646 , unplacedBoxesSize:5
currentRepackCostTime:213.767s , currentRepackMaxTime:292.107s
iter459		 Improve solution by repack 0.46501209352324646->0.4635763235689331 , unplacedBoxesSize:6
currentRepackCostTime:214.453s , currentRepackMaxTime:292.107s
iter463		 Improve solution by repack 0.4635763235689331->0.4633845068529965 , unplacedBoxesSize:5
currentRepackCostTime:214.489s , currentRepackMaxTime:292.107s
iter500		 Improve solution by repack 0.4633845068529965->0.46196922870196183 , unplacedBoxesSize:6
currentRepackCostTime:214.792s , currentRepackMaxTime:292.107s
iter516		 Improve solution by repack 0.46196922870196183->0.45865728298844394 , unplacedBoxesSize:6
currentRepackCostTime:214.959s , currentRepackMaxTime:292.107s
iter531		 Improve solution by repack 0.45865728298844394->0.4584217952163397 , unplacedBoxesSize:6
currentRepackCostTime:215.147s , currentRepackMaxTime:292.107s
iter610		 Improve solution by repack 0.4584217952163397->0.4582380408492341 , unplacedBoxesSize:7
currentRepackCostTime:216.036s , currentRepackMaxTime:292.107s
iter611		 Improve solution by repack 0.4582380408492341->0.4450910373555496 , unplacedBoxesSize:6
currentRepackCostTime:216.058s , currentRepackMaxTime:292.107s
iter691		 Improve solution by repack 0.4450910373555496->0.4410185434023112 , unplacedBoxesSize:6
currentRepackCostTime:216.967s , currentRepackMaxTime:292.107s
iter908		 Improve solution by repack 0.4410185434023112->0.43789371136791183 , unplacedBoxesSize:6
currentRepackCostTime:219.305s , currentRepackMaxTime:292.107s
iter919		 Improve solution by repack 0.43789371136791183->0.43089962375705454 , unplacedBoxesSize:6
currentRepackCostTime:219.425s , currentRepackMaxTime:292.107s
iter969		 Improve solution by repack 0.43089962375705454->0.4257323300188121 , unplacedBoxesSize:5
currentRepackCostTime:220.011s , currentRepackMaxTime:292.107s
Selecting boards with low utilization for repacking...
iter4		 Improve solution by repack 0.970435702768073->0.9429803816178446 , unplacedBoxesSize:8
currentRepackCostTime:223.257s , currentRepackMaxTime:292.107s
iter7		 Improve solution by repack 0.9429803816178446->0.5108787960225746 , unplacedBoxesSize:6
currentRepackCostTime:223.288s , currentRepackMaxTime:292.107s
iter56		 Improve solution by repack 0.5108787960225746->0.4762217817790917 , unplacedBoxesSize:6
currentRepackCostTime:223.731s , currentRepackMaxTime:292.107s
iter66		 Improve solution by repack 0.4762217817790917->0.47567858102660576 , unplacedBoxesSize:5
currentRepackCostTime:223.812s , currentRepackMaxTime:292.107s
iter118		 Improve solution by repack 0.47567858102660576->0.4709217952163397 , unplacedBoxesSize:5
currentRepackCostTime:224.328s , currentRepackMaxTime:292.107s
iter147		 Improve solution by repack 0.4709217952163397->0.4677213786616501 , unplacedBoxesSize:6
currentRepackCostTime:224.625s , currentRepackMaxTime:292.107s
iter305		 Improve solution by repack 0.4677213786616501->0.46585528083848426 , unplacedBoxesSize:6
currentRepackCostTime:226.26s , currentRepackMaxTime:292.107s
iter310		 Improve solution by repack 0.46585528083848426->0.4615425960763236 , unplacedBoxesSize:7
currentRepackCostTime:226.317s , currentRepackMaxTime:292.107s
iter313		 Improve solution by repack 0.4615425960763236->0.4565902983069068 , unplacedBoxesSize:6
currentRepackCostTime:226.335s , currentRepackMaxTime:292.107s
iter317		 Improve solution by repack 0.4565902983069068->0.44047836603063695 , unplacedBoxesSize:4
currentRepackCostTime:226.369s , currentRepackMaxTime:292.107s
Selecting boards with low utilization for repacking...
Completed repack sweep without reducing board count. No-reduction sweeps: 1/3
Selecting boards with low utilization for repacking...
Selecting boards with low utilization for repacking...
iter4		 Improve solution by repack 0.9109527008868583->0.9053386186509004 , unplacedBoxesSize:8
currentRepackCostTime:231.82s , currentRepackMaxTime:292.107s
iter14		 Improve solution by repack 0.9053386186509004->0.8899798441279226 , unplacedBoxesSize:8
currentRepackCostTime:231.913s , currentRepackMaxTime:292.107s
iter31		 Improve solution by repack 0.8899798441279226->0.43775866702499333 , unplacedBoxesSize:5
currentRepackCostTime:232.058s , currentRepackMaxTime:292.107s
iter186		 Improve solution by repack 0.43775866702499333->0.43065506584251545 , unplacedBoxesSize:5
currentRepackCostTime:233.594s , currentRepackMaxTime:292.107s
iter202		 Improve solution by repack 0.43065506584251545->0.4300134372480516 , unplacedBoxesSize:5
currentRepackCostTime:233.739s , currentRepackMaxTime:292.107s
iter295		 Improve solution by repack 0.4300134372480516->0.4257323300188121 , unplacedBoxesSize:5
currentRepackCostTime:234.717s , currentRepackMaxTime:292.107s
Selecting boards with low utilization for repacking...
iter4		 Improve solution by repack 0.8878366030636925->0.5168919645256651 , unplacedBoxesSize:6
currentRepackCostTime:238.209s , currentRepackMaxTime:292.107s
iter8		 Improve solution by repack 0.5168919645256651->0.5134681537221177 , unplacedBoxesSize:6
currentRepackCostTime:238.241s , currentRepackMaxTime:292.107s
iter21		 Improve solution by repack 0.5134681537221177->0.46095639613007255 , unplacedBoxesSize:6
currentRepackCostTime:238.36100000000002s , currentRepackMaxTime:292.107s
iter35		 Improve solution by repack 0.46095639613007255->0.45781140822359584 , unplacedBoxesSize:5
currentRepackCostTime:238.512s , currentRepackMaxTime:292.107s
iter76		 Improve solution by repack 0.45781140822359584->0.43174549852190275 , unplacedBoxesSize:5
currentRepackCostTime:238.858s , currentRepackMaxTime:292.107s
iter109		 Improve solution by repack 0.43174549852190275->0.4300134372480516 , unplacedBoxesSize:5
currentRepackCostTime:239.186s , currentRepackMaxTime:292.107s
iter115		 Improve solution by repack 0.4300134372480516->0.4257323300188121 , unplacedBoxesSize:5
currentRepackCostTime:239.234s , currentRepackMaxTime:292.107s
Selecting boards with low utilization for repacking...
iter7		 Improve solution by repack 0.9136532518140285->0.8989088954582101 , unplacedBoxesSize:6
currentRepackCostTime:244.47s , currentRepackMaxTime:292.107s
iter15		 Improve solution by repack 0.8989088954582101->0.4738753023380812 , unplacedBoxesSize:6
currentRepackCostTime:244.536s , currentRepackMaxTime:292.107s
iter40		 Improve solution by repack 0.4738753023380812->0.4669316044074174 , unplacedBoxesSize:6
currentRepackCostTime:244.776s , currentRepackMaxTime:292.107s
iter71		 Improve solution by repack 0.4669316044074174->0.4300134372480516 , unplacedBoxesSize:5
currentRepackCostTime:245.095s , currentRepackMaxTime:292.107s
iter106		 Improve solution by repack 0.4300134372480516->0.4291205321150228 , unplacedBoxesSize:6
currentRepackCostTime:245.45600000000002s , currentRepackMaxTime:292.107s
iter108		 Improve solution by repack 0.4291205321150228->0.4248394248857834 , unplacedBoxesSize:6
currentRepackCostTime:245.478s , currentRepackMaxTime:292.107s
iter232		 Improve solution by repack 0.4248394248857834->0.4237631013168503 , unplacedBoxesSize:6
currentRepackCostTime:246.775s , currentRepackMaxTime:292.107s
Selecting boards with low utilization for repacking...
iter2		 Improve solution by repack 0.8945700080623489->0.4335864015049718 , unplacedBoxesSize:5
currentRepackCostTime:251.27700000000002s , currentRepackMaxTime:292.107s
iter72		 Improve solution by repack 0.4335864015049718->0.4237631013168503 , unplacedBoxesSize:6
currentRepackCostTime:251.91s , currentRepackMaxTime:292.107s
Selecting boards with low utilization for repacking...
iter1		 Improve solution by repack 0.9220212980381618->0.9202754635850577 , unplacedBoxesSize:9
currentRepackCostTime:258.212s , currentRepackMaxTime:292.107s
iter4		 Improve solution by repack 0.9202754635850577->0.43412960225745767 , unplacedBoxesSize:6
currentRepackCostTime:258.23s , currentRepackMaxTime:292.107s
iter8		 Improve solution by repack 0.43412960225745767->0.43174549852190275 , unplacedBoxesSize:5
currentRepackCostTime:258.264s , currentRepackMaxTime:292.107s
iter50		 Improve solution by repack 0.43174549852190275->0.4306513705993013 , unplacedBoxesSize:5
currentRepackCostTime:258.686s , currentRepackMaxTime:292.107s
Selecting boards with low utilization for repacking...
iter16		 Improve solution by repack 0.9271476081698468->0.5061220102123085 , unplacedBoxesSize:6
currentRepackCostTime:264.607s , currentRepackMaxTime:292.107s
Selecting boards with low utilization for repacking...
iter2		 Improve solution by repack 0.9141722655200214->0.5576797231926901 , unplacedBoxesSize:7
currentRepackCostTime:270.839s , currentRepackMaxTime:292.107s
iter5		 Improve solution by repack 0.5576797231926901->0.555260682612201 , unplacedBoxesSize:7
currentRepackCostTime:270.862s , currentRepackMaxTime:292.107s
iter6		 Improve solution by repack 0.555260682612201->0.5407531577532921 , unplacedBoxesSize:8
currentRepackCostTime:270.883s , currentRepackMaxTime:292.107s
iter7		 Improve solution by repack 0.5407531577532921->0.5134395995700081 , unplacedBoxesSize:6
currentRepackCostTime:270.891s , currentRepackMaxTime:292.107s
iter34		 Improve solution by repack 0.5134395995700081->0.5020787422735824 , unplacedBoxesSize:6
currentRepackCostTime:271.171s , currentRepackMaxTime:292.107s
iter100		 Improve solution by repack 0.5020787422735824->0.4980354743348562 , unplacedBoxesSize:6
currentRepackCostTime:271.866s , currentRepackMaxTime:292.107s
iter186		 Improve solution by repack 0.4980354743348562->0.4817051867777479 , unplacedBoxesSize:6
currentRepackCostTime:272.686s , currentRepackMaxTime:292.107s
iter216		 Improve solution by repack 0.4817051867777479->0.4709217952163397 , unplacedBoxesSize:5
currentRepackCostTime:272.982s , currentRepackMaxTime:292.107s
iter231		 Improve solution by repack 0.4709217952163397->0.4671116635313088 , unplacedBoxesSize:6
currentRepackCostTime:273.13s , currentRepackMaxTime:292.107s
iter327		 Improve solution by repack 0.4671116635313088->0.4613470841171728 , unplacedBoxesSize:6
currentRepackCostTime:274.12s , currentRepackMaxTime:292.107s
iter330		 Improve solution by repack 0.4613470841171728->0.45865728298844394 , unplacedBoxesSize:6
currentRepackCostTime:274.154s , currentRepackMaxTime:292.107s
iter348		 Improve solution by repack 0.45865728298844394->0.45781140822359584 , unplacedBoxesSize:5
currentRepackCostTime:274.36s , currentRepackMaxTime:292.107s
iter359		 Improve solution by repack 0.45781140822359584->0.45739216608438593 , unplacedBoxesSize:6
currentRepackCostTime:274.442s , currentRepackMaxTime:292.107s
iter400		 Improve solution by repack 0.45739216608438593->0.4437573904864284 , unplacedBoxesSize:6
currentRepackCostTime:274.937s , currentRepackMaxTime:292.107s
iter414		 Improve solution by repack 0.4437573904864284->0.43966406879871006 , unplacedBoxesSize:6
currentRepackCostTime:275.083s , currentRepackMaxTime:292.107s
iter448		 Improve solution by repack 0.43966406879871006->0.42829313356624565 , unplacedBoxesSize:5
currentRepackCostTime:275.463s , currentRepackMaxTime:292.107s
iter452		 Improve solution by repack 0.42829313356624565->0.42698871271163663 , unplacedBoxesSize:5
currentRepackCostTime:275.52s , currentRepackMaxTime:292.107s
Selecting boards with low utilization for repacking...
iter9		 Improve solution by repack 0.9137190943294813->0.9064861596345068 , unplacedBoxesSize:8
currentRepackCostTime:280.724s , currentRepackMaxTime:292.107s
iter16		 Improve solution by repack 0.9064861596345068->0.5140056436441817 , unplacedBoxesSize:7
currentRepackCostTime:280.76800000000003s , currentRepackMaxTime:292.107s
iter18		 Improve solution by repack 0.5140056436441817->0.46402983069067455 , unplacedBoxesSize:6
currentRepackCostTime:280.794s , currentRepackMaxTime:292.107s
iter177		 Improve solution by repack 0.46402983069067455->0.45231053480247246 , unplacedBoxesSize:6
currentRepackCostTime:282.495s , currentRepackMaxTime:292.107s
iter186		 Improve solution by repack 0.45231053480247246->0.4509194436979307 , unplacedBoxesSize:6
currentRepackCostTime:282.591s , currentRepackMaxTime:292.107s
iter244		 Improve solution by repack 0.4509194436979307->0.4486384708411717 , unplacedBoxesSize:6
currentRepackCostTime:283.202s , currentRepackMaxTime:292.107s
iter314		 Improve solution by repack 0.4486384708411717->0.4438816850309057 , unplacedBoxesSize:6
currentRepackCostTime:283.946s , currentRepackMaxTime:292.107s
iter414		 Improve solution by repack 0.4438816850309057->0.4390630878796023 , unplacedBoxesSize:5
currentRepackCostTime:285.051s , currentRepackMaxTime:292.107s
iter456		 Improve solution by repack 0.4390630878796023->0.43775866702499333 , unplacedBoxesSize:5
currentRepackCostTime:285.493s , currentRepackMaxTime:292.107s
iter508		 Improve solution by repack 0.43775866702499333->0.4257323300188121 , unplacedBoxesSize:5
currentRepackCostTime:286.02500000000003s , currentRepackMaxTime:292.107s
Selecting boards with low utilization for repacking...
iter4		 Improve solution by repack 0.9242955522708949->0.9226763638806772 , unplacedBoxesSize:9
currentRepackCostTime:290.615s , currentRepackMaxTime:292.107s
iter7		 Improve solution by repack 0.9226763638806772->0.9193691212039775 , unplacedBoxesSize:9
currentRepackCostTime:290.63800000000003s , currentRepackMaxTime:292.107s
iter9		 Improve solution by repack 0.9193691212039775->0.47567858102660576 , unplacedBoxesSize:5
currentRepackCostTime:290.656s , currentRepackMaxTime:292.107s
iter83		 Improve solution by repack 0.47567858102660576->0.46771701155603335 , unplacedBoxesSize:5
currentRepackCostTime:291.303s , currentRepackMaxTime:292.107s
Global repack result: 27 -> 26 boards.
Start nesting on the 1th large board, remaining blocks count: 271
Utilization of the 1th large board: 98.92517132491267, Time taken for this board: 45.259s
-------------------------------------------------------------------
Start nesting on the 2th large board, remaining blocks count: 255
Utilization of the 2th large board: 99.19567992475142, Time taken for this board: 67.453s
-------------------------------------------------------------------
Start nesting on the 3th large board, remaining blocks count: 234
Utilization of the 3th large board: 99.6689062080086, Time taken for this board: 88.46600000000001s
-------------------------------------------------------------------
Start nesting on the 4th large board, remaining blocks count: 218
Utilization of the 4th large board: 99.56888269282452, Time taken for this board: 105.802s
-------------------------------------------------------------------
Start nesting on the 5th large board, remaining blocks count: 198
Utilization of the 5th large board: 99.38690876108573, Time taken for this board: 122.787s
-------------------------------------------------------------------
Start nesting on the 6th large board, remaining blocks count: 190
Utilization of the 6th large board: 99.48972050524053, Time taken for this board: 140.201s
-------------------------------------------------------------------
Start nesting on the 7th large board, remaining blocks count: 169
Utilization of the 7th large board: 99.29897876914808, Time taken for this board: 158.567s
-------------------------------------------------------------------
Start nesting on the 8th large board, remaining blocks count: 151
Utilization of the 8th large board: 99.20723595807578, Time taken for this board: 174.049s
-------------------------------------------------------------------
Start nesting on the 9th large board, remaining blocks count: 134
Utilization of the 9th large board: 99.34476619188389, Time taken for this board: 187.531s
-------------------------------------------------------------------
Start nesting on the 10th large board, remaining blocks count: 110
Utilization of the 10th large board: 99.20394383230315, Time taken for this board: 192.935s
-------------------------------------------------------------------
Start nesting on the 11th large board, remaining blocks count: 96
Utilization of the 11th large board: 99.05210292932007, Time taken for this board: 196.921s
-------------------------------------------------------------------
Start nesting on the 12th large board, remaining blocks count: 75
Utilization of the 12th large board: 98.8189330825047, Time taken for this board: 200.366s
-------------------------------------------------------------------
Start nesting on the 13th large board, remaining blocks count: 61
Utilization of the 13th large board: 98.78557511421661, Time taken for this board: 201.812s
-------------------------------------------------------------------
Start nesting on the 14th large board, remaining blocks count: 44
Utilization of the 14th large board: 83.5216675624832, Time taken for this board: 205.041s
-------------------------------------------------------------------
Start global repack optimization for 14 boards, time=68.747s.
Start improving solution by repacking.
Selecting boards with low utilization for repacking...
Selecting boards with low utilization for repacking...
iter6		 Improve solution by repack 0.9878557511421661->0.8640086670249932 , unplacedBoxesSize:23
currentRepackCostTime:8.94s , currentRepackMaxTime:68.747s
iter89		 Improve solution by repack 0.8640086670249932->0.8624795081967213 , unplacedBoxesSize:24
currentRepackCostTime:16.085s , currentRepackMaxTime:68.747s
iter113		 Improve solution by repack 0.8624795081967213->0.8619722520827735 , unplacedBoxesSize:28
currentRepackCostTime:18.134s , currentRepackMaxTime:68.747s
Selecting boards with low utilization for repacking...
iter22		 Improve solution by repack 0.9781617844665412->0.8667807712980382 , unplacedBoxesSize:28
currentRepackCostTime:34.62s , currentRepackMaxTime:68.747s
iter59		 Improve solution by repack 0.8667807712980382->0.8664895189465198 , unplacedBoxesSize:24
currentRepackCostTime:38.082s , currentRepackMaxTime:68.747s
iter66		 Improve solution by repack 0.8664895189465198->0.8659718489653319 , unplacedBoxesSize:26
currentRepackCostTime:38.512s , currentRepackMaxTime:68.747s
iter113		 Improve solution by repack 0.8659718489653319->0.8654108438591777 , unplacedBoxesSize:28
currentRepackCostTime:42.558s , currentRepackMaxTime:68.747s
iter150		 Improve solution by repack 0.8654108438591777->0.8643714727223865 , unplacedBoxesSize:23
currentRepackCostTime:46.098s , currentRepackMaxTime:68.747s
iter204		 Improve solution by repack 0.8643714727223865->0.8624795081967213 , unplacedBoxesSize:24
currentRepackCostTime:50.617000000000004s , currentRepackMaxTime:68.747s
iter248		 Improve solution by repack 0.8624795081967213->0.8616094463853803 , unplacedBoxesSize:28
currentRepackCostTime:54.472s , currentRepackMaxTime:68.747s
Selecting boards with low utilization for repacking...
iter3		 Improve solution by repack 0.988189330825047->0.8718425826390754 , unplacedBoxesSize:27
currentRepackCostTime:66.417s , currentRepackMaxTime:68.747s
iter8		 Improve solution by repack 0.8718425826390754->0.866494557914539 , unplacedBoxesSize:32
currentRepackCostTime:66.94500000000001s , currentRepackMaxTime:68.747s
Global repack result: 14 -> 14 boards.
