total number of nestable workpieces：524
Start priority-first combined packing.
Start nesting on the 1th large board, remaining blocks count: 198
Utilization of the 1th large board: 97.66500940607365, Time taken for this board: 1.0010000000000001s
-------------------------------------------------------------------
Start nesting on the 2th large board, remaining blocks count: 186
Utilization of the 2th large board: 96.21203977425422, Time taken for this board: 2.001s
-------------------------------------------------------------------
Start nesting on the 3th large board, remaining blocks count: 182
Utilization of the 3th large board: 94.43961636656813, Time taken for this board: 3.001s
-------------------------------------------------------------------
Start nesting on the 4th large board, remaining blocks count: 173
Utilization of the 4th large board: 95.80828406342381, Time taken for this board: 4.002s
-------------------------------------------------------------------
Start nesting on the 5th large board, remaining blocks count: 165
Utilization of the 5th large board: 94.09103735554957, Time taken for this board: 5.003s
-------------------------------------------------------------------
Start nesting on the 6th large board, remaining blocks count: 160
Utilization of the 6th large board: 98.06486831496909, Time taken for this board: 6.003s
-------------------------------------------------------------------
Start nesting on the 7th large board, remaining blocks count: 145
Utilization of the 7th large board: 99.3238544746036, Time taken for this board: 7.003s
-------------------------------------------------------------------
Start nesting on the 8th large board, remaining blocks count: 127
Utilization of the 8th large board: 99.03486965869389, Time taken for this board: 8.004s
-------------------------------------------------------------------
Start nesting on the 9th large board, remaining blocks count: 105
Utilization of the 9th large board: 98.95915076592313, Time taken for this board: 9.004s
-------------------------------------------------------------------
Start nesting on the 10th large board, remaining blocks count: 95
Utilization of the 10th large board: 98.76770357430799, Time taken for this board: 10.004s
-------------------------------------------------------------------
Start nesting on the 11th large board, remaining blocks count: 85
Utilization of the 11th large board: 99.38181940338619, Time taken for this board: 10.786s
-------------------------------------------------------------------
Start nesting on the 12th large board, remaining blocks count: 67
Utilization of the 12th large board: 96.5281510346681, Time taken for this board: 11.243s
-------------------------------------------------------------------
Start nesting on the 13th large board, remaining blocks count: 59
Utilization of the 13th large board: 95.31308787960225, Time taken for this board: 11.393s
-------------------------------------------------------------------
Start nesting on the 14th large board, remaining blocks count: 51
Utilization of the 14th large board: 93.6472386455254, Time taken for this board: 11.521s
-------------------------------------------------------------------
Start nesting on the 15th large board, remaining blocks count: 37
Utilization of the 15th large board: 96.79535071217416, Time taken for this board: 11.606s
-------------------------------------------------------------------
Start nesting on the 16th large board, remaining blocks count: 23
Utilization of the 16th large board: 90.85118247782853, Time taken for this board: 11.624s
-------------------------------------------------------------------
Start nesting on the 17th large board, remaining blocks count: 17
Utilization of the 17th large board: 88.16756248320344, Time taken for this board: 11.635s
-------------------------------------------------------------------
Start nesting on the 18th large board, remaining blocks count: 10
Utilization of the 18th large board: 86.73441279226016, Time taken for this board: 11.638s
-------------------------------------------------------------------
Start nesting on the 19th large board, remaining blocks count: 4
Utilization of the 19th large board: 84.5756517065305, Time taken for this board: 11.638s
-------------------------------------------------------------------
Start nesting on the 20th large board, remaining blocks count: 4
Utilization of the 20th large board: 84.5756517065305, Time taken for this board: 11.639000000000001s
-------------------------------------------------------------------
Start nesting on the 21th large board, remaining blocks count: 4
Utilization of the 21th large board: 84.5756517065305, Time taken for this board: 11.639000000000001s
-------------------------------------------------------------------
Start nesting on the 22th large board, remaining blocks count: 4
Utilization of the 22th large board: 84.5756517065305, Time taken for this board: 11.639000000000001s
-------------------------------------------------------------------
Start nesting on the 23th large board, remaining blocks count: 4
Utilization of the 23th large board: 84.5756517065305, Time taken for this board: 11.639000000000001s
-------------------------------------------------------------------
Start nesting on the 24th large board, remaining blocks count: 4
Utilization of the 24th large board: 81.05563020693361, Time taken for this board: 11.639000000000001s
-------------------------------------------------------------------
Start nesting on the 25th large board, remaining blocks count: 4
Utilization of the 25th large board: 81.05563020693361, Time taken for this board: 11.639000000000001s
-------------------------------------------------------------------
Start nesting on the 26th large board, remaining blocks count: 4
Utilization of the 26th large board: 81.05563020693361, Time taken for this board: 11.639000000000001s
-------------------------------------------------------------------
Start nesting on the 27th large board, remaining blocks count: 4
Utilization of the 27th large board: 22.023918301531847, Time taken for this board: 11.639000000000001s
-------------------------------------------------------------------
Start global repack optimization for 27 boards, time=5.0s.
Start improving solution by repacking.
Selecting boards with low utilization for repacking...
iter3		 Improve solution by repack 0.22023918301531847->0.19543133566245632 , unplacedBoxesSize:2
currentRepackCostTime:0.03s , currentRepackMaxTime:5.0s
iter5		 Improve solution by repack 0.19543133566245632->0.15211905401773715 , unplacedBoxesSize:2
currentRepackCostTime:0.075s , currentRepackMaxTime:5.0s
iter2		 Improve solution by repack 0.15211905401773715->0.13509271701155603 , unplacedBoxesSize:1
currentRepackCostTime:0.085s , currentRepackMaxTime:5.0s
iter43		 Improve solution by repack 0.13509271701155603->0.08514646600376242 , unplacedBoxesSize:1
currentRepackCostTime:0.463s , currentRepackMaxTime:5.0s
iter6		 Improve solution by repack 0.08514646600376242->0.08110319806503628 , unplacedBoxesSize:1
currentRepackCostTime:0.502s , currentRepackMaxTime:5.0s
iter74		 Improve solution by repack 0.08110319806503628->0.04814297231926901 , unplacedBoxesSize:1
currentRepackCostTime:0.997s , currentRepackMaxTime:5.0s
iter3		 Improve solution by repack 0.04814297231926901->0.038962644450416556 , unplacedBoxesSize:1
currentRepackCostTime:1.028s , currentRepackMaxTime:5.0s
iter2		 Improve solution by repack 0.038962644450416556->0.02797231926901371 , unplacedBoxesSize:1
currentRepackCostTime:1.041s , currentRepackMaxTime:5.0s
iter1		 Improve solution by repack 0.02797231926901371->0.0 , unplacedBoxesSize:0
currentRepackCostTime:1.051s , currentRepackMaxTime:5.0s
Improved success.
Global repack result: 27 -> 26 boards.
Start nesting on the 1th large board, remaining blocks count: 246
Utilization of the 1th large board: 99.48842717011557, Time taken for this board: 1.0030000000000001s
-------------------------------------------------------------------
Start nesting on the 2th large board, remaining blocks count: 238
Utilization of the 2th large board: 96.20096328271968, Time taken for this board: 2.003s
-------------------------------------------------------------------
Start nesting on the 3th large board, remaining blocks count: 225
Utilization of the 3th large board: 99.0116904058049, Time taken for this board: 3.003s
-------------------------------------------------------------------
Start nesting on the 4th large board, remaining blocks count: 214
Utilization of the 4th large board: 99.18183955925826, Time taken for this board: 4.003s
-------------------------------------------------------------------
Start nesting on the 5th large board, remaining blocks count: 194
Utilization of the 5th large board: 99.42979037893039, Time taken for this board: 5.003s
-------------------------------------------------------------------
Start nesting on the 6th large board, remaining blocks count: 176
Utilization of the 6th large board: 99.36025262026338, Time taken for this board: 6.0040000000000004s
-------------------------------------------------------------------
Start nesting on the 7th large board, remaining blocks count: 156
Utilization of the 7th large board: 99.23839357699542, Time taken for this board: 7.005s
-------------------------------------------------------------------
Start nesting on the 8th large board, remaining blocks count: 138
Utilization of the 8th large board: 98.80106154259607, Time taken for this board: 8.005s
-------------------------------------------------------------------
Start nesting on the 9th large board, remaining blocks count: 124
Utilization of the 9th large board: 98.98877989787692, Time taken for this board: 9.006s
-------------------------------------------------------------------
Start nesting on the 10th large board, remaining blocks count: 102
Utilization of the 10th large board: 98.94084251545284, Time taken for this board: 10.006s
-------------------------------------------------------------------
Start nesting on the 11th large board, remaining blocks count: 88
Utilization of the 11th large board: 98.81470034936845, Time taken for this board: 11.006s
-------------------------------------------------------------------
Start nesting on the 12th large board, remaining blocks count: 68
Utilization of the 12th large board: 98.5036952432142, Time taken for this board: 12.006s
-------------------------------------------------------------------
Start nesting on the 13th large board, remaining blocks count: 48
Utilization of the 13th large board: 97.44934157484546, Time taken for this board: 13.007s
-------------------------------------------------------------------
Start nesting on the 14th large board, remaining blocks count: 20
Utilization of the 14th large board: 80.24052674012363, Time taken for this board: 13.52s
-------------------------------------------------------------------
Start global repack optimization for 14 boards, time=5.0s.
Start improving solution by repacking.
Selecting boards with low utilization for repacking...
iter10		 Improve solution by repack 0.8024052674012363->0.8005252284332168 , unplacedBoxesSize:23
currentRepackCostTime:0.667s , currentRepackMaxTime:5.0s
Global repack result: 14 -> 14 boards.
