total number of nestable workpieces：493
Start priority-first combined packing.
Start nesting on the 1th large board, remaining blocks count: 3
Utilization of the 1th large board: 67.85998387530235, Time taken for this board: 0.008s
-------------------------------------------------------------------
Start nesting on the 2th large board, remaining blocks count: 2
Utilization of the 2th large board: 62.71015855952702, Time taken for this board: 0.013000000000000001s
-------------------------------------------------------------------
Start nesting on the 3th large board, remaining blocks count: 2
Utilization of the 3th large board: 62.71015855952702, Time taken for this board: 0.013000000000000001s
-------------------------------------------------------------------
Start nesting on the 4th large board, remaining blocks count: 2
Utilization of the 4th large board: 62.71015855952702, Time taken for this board: 0.013000000000000001s
-------------------------------------------------------------------
Start nesting on the 5th large board, remaining blocks count: 1
Utilization of the 5th large board: 53.940741736092455, Time taken for this board: 0.014s
-------------------------------------------------------------------
Start global repack optimization for 5 boards, time=26.537s.
Start improving solution by repacking.
Selecting boards with low utilization for repacking...
Selecting boards with low utilization for repacking...
iter2		 Improve solution by repack 0.6271015855952701->0.5394074173609245 , unplacedBoxesSize:2
currentRepackCostTime:0.018000000000000002s , currentRepackMaxTime:26.537s
Selecting boards with low utilization for repacking...
iter4		 Improve solution by repack 0.6271015855952701->0.5394074173609245 , unplacedBoxesSize:2
currentRepackCostTime:0.032s , currentRepackMaxTime:26.537s
Selecting boards with low utilization for repacking...
iter1		 Improve solution by repack 0.6271015855952701->0.5394074173609245 , unplacedBoxesSize:2
currentRepackCostTime:0.037s , currentRepackMaxTime:26.537s
Selecting boards with low utilization for repacking...
iter1		 Improve solution by repack 0.6785998387530234->0.5394074173609245 , unplacedBoxesSize:2
currentRepackCostTime:0.041s , currentRepackMaxTime:26.537s
Selecting boards with low utilization for repacking...
Completed repack sweep without reducing board count. No-reduction sweeps: 1/3
Selecting boards with low utilization for repacking...
Selecting boards with low utilization for repacking...
iter1		 Improve solution by repack 0.6271015855952701->0.5394074173609245 , unplacedBoxesSize:2
currentRepackCostTime:0.048s , currentRepackMaxTime:26.537s
Selecting boards with low utilization for repacking...
iter3		 Improve solution by repack 0.6271015855952701->0.5394074173609245 , unplacedBoxesSize:2
currentRepackCostTime:0.053s , currentRepackMaxTime:26.537s
Selecting boards with low utilization for repacking...
iter1		 Improve solution by repack 0.6271015855952701->0.5394074173609245 , unplacedBoxesSize:2
currentRepackCostTime:0.057s , currentRepackMaxTime:26.537s
Selecting boards with low utilization for repacking...
iter1		 Improve solution by repack 0.6271015855952701->0.5394074173609245 , unplacedBoxesSize:2
currentRepackCostTime:0.062s , currentRepackMaxTime:26.537s
Selecting boards with low utilization for repacking...
Completed repack sweep without reducing board count. No-reduction sweeps: 2/3
Selecting boards with low utilization for repacking...
Selecting boards with low utilization for repacking...
iter1		 Improve solution by repack 0.6271015855952701->0.5394074173609245 , unplacedBoxesSize:2
currentRepackCostTime:0.07100000000000001s , currentRepackMaxTime:26.537s
Selecting boards with low utilization for repacking...
iter1		 Improve solution by repack 0.6271015855952701->0.5394074173609245 , unplacedBoxesSize:2
currentRepackCostTime:0.074s , currentRepackMaxTime:26.537s
Selecting boards with low utilization for repacking...
iter1		 Improve solution by repack 0.6271015855952701->0.5394074173609245 , unplacedBoxesSize:2
currentRepackCostTime:0.078s , currentRepackMaxTime:26.537s
Selecting boards with low utilization for repacking...
iter1		 Improve solution by repack 0.6785998387530234->0.6271015855952701 , unplacedBoxesSize:2
currentRepackCostTime:0.081s , currentRepackMaxTime:26.537s
iter2		 Improve solution by repack 0.6271015855952701->0.5394074173609245 , unplacedBoxesSize:2
currentRepackCostTime:0.082s , currentRepackMaxTime:26.537s
Selecting boards with low utilization for repacking...
Completed repack sweep without reducing board count. No-reduction sweeps: 3/3
Global repack result: 5 -> 5 boards.
Start nesting on the 1th large board, remaining blocks count: 81
Utilization of the 1th large board: 94.7826525127654, Time taken for this board: 0.317s
-------------------------------------------------------------------
Start nesting on the 2th large board, remaining blocks count: 81
Utilization of the 2th large board: 94.7826525127654, Time taken for this board: 0.487s
-------------------------------------------------------------------
Start nesting on the 3th large board, remaining blocks count: 80
Utilization of the 3th large board: 94.09691615157215, Time taken for this board: 0.664s
-------------------------------------------------------------------
Start nesting on the 4th large board, remaining blocks count: 80
Utilization of the 4th large board: 94.09691615157215, Time taken for this board: 0.838s
-------------------------------------------------------------------
Start nesting on the 5th large board, remaining blocks count: 77
Utilization of the 5th large board: 93.37338753023381, Time taken for this board: 1.041s
-------------------------------------------------------------------
Start nesting on the 6th large board, remaining blocks count: 77
Utilization of the 6th large board: 93.37338753023381, Time taken for this board: 1.2770000000000001s
-------------------------------------------------------------------
Start nesting on the 7th large board, remaining blocks count: 77
Utilization of the 7th large board: 93.37338753023381, Time taken for this board: 1.471s
-------------------------------------------------------------------
Start nesting on the 8th large board, remaining blocks count: 77
Utilization of the 8th large board: 93.37338753023381, Time taken for this board: 1.676s
-------------------------------------------------------------------
Start nesting on the 9th large board, remaining blocks count: 75
Utilization of the 9th large board: 92.3783593120129, Time taken for this board: 1.87s
-------------------------------------------------------------------
Start nesting on the 10th large board, remaining blocks count: 75
Utilization of the 10th large board: 92.3783593120129, Time taken for this board: 2.068s
-------------------------------------------------------------------
Start nesting on the 11th large board, remaining blocks count: 75
Utilization of the 11th large board: 92.3783593120129, Time taken for this board: 2.254s
-------------------------------------------------------------------
Start nesting on the 12th large board, remaining blocks count: 75
Utilization of the 12th large board: 92.3783593120129, Time taken for this board: 2.446s
-------------------------------------------------------------------
Start nesting on the 13th large board, remaining blocks count: 74
Utilization of the 13th large board: 95.32042797635044, Time taken for this board: 2.682s
-------------------------------------------------------------------
Start nesting on the 14th large board, remaining blocks count: 74
Utilization of the 14th large board: 95.32042797635044, Time taken for this board: 2.9050000000000002s
-------------------------------------------------------------------
Start nesting on the 15th large board, remaining blocks count: 73
Utilization of the 15th large board: 84.02939398011287, Time taken for this board: 3.132s
-------------------------------------------------------------------
Start nesting on the 16th large board, remaining blocks count: 73
Utilization of the 16th large board: 84.02939398011287, Time taken for this board: 3.359s
-------------------------------------------------------------------
Start nesting on the 17th large board, remaining blocks count: 72
Utilization of the 17th large board: 95.09043267938726, Time taken for this board: 3.606s
-------------------------------------------------------------------
Start nesting on the 18th large board, remaining blocks count: 72
Utilization of the 18th large board: 95.09043267938726, Time taken for this board: 3.876s
-------------------------------------------------------------------
Start nesting on the 19th large board, remaining blocks count: 71
Utilization of the 19th large board: 95.55169981187852, Time taken for this board: 4.163s
-------------------------------------------------------------------
Start nesting on the 20th large board, remaining blocks count: 71
Utilization of the 20th large board: 95.20354071486159, Time taken for this board: 4.434s
-------------------------------------------------------------------
Start nesting on the 21th large board, remaining blocks count: 68
Utilization of the 21th large board: 95.64057041117978, Time taken for this board: 4.649s
-------------------------------------------------------------------
Start nesting on the 22th large board, remaining blocks count: 68
Utilization of the 22th large board: 95.51384036549315, Time taken for this board: 4.863s
-------------------------------------------------------------------
Start nesting on the 23th large board, remaining blocks count: 67
Utilization of the 23th large board: 94.50225073904863, Time taken for this board: 5.111s
-------------------------------------------------------------------
Start nesting on the 24th large board, remaining blocks count: 67
Utilization of the 24th large board: 94.50225073904863, Time taken for this board: 5.3580000000000005s
-------------------------------------------------------------------
Start nesting on the 25th large board, remaining blocks count: 67
Utilization of the 25th large board: 94.50225073904863, Time taken for this board: 5.604s
-------------------------------------------------------------------
Start nesting on the 26th large board, remaining blocks count: 67
Utilization of the 26th large board: 94.23073434560602, Time taken for this board: 5.849s
-------------------------------------------------------------------
Start nesting on the 27th large board, remaining blocks count: 67
Utilization of the 27th large board: 94.23073434560602, Time taken for this board: 6.095s
-------------------------------------------------------------------
Start nesting on the 28th large board, remaining blocks count: 65
Utilization of the 28th large board: 93.61851652781509, Time taken for this board: 6.3260000000000005s
-------------------------------------------------------------------
Start nesting on the 29th large board, remaining blocks count: 62
Utilization of the 29th large board: 96.71660843859179, Time taken for this board: 6.4270000000000005s
-------------------------------------------------------------------
Start nesting on the 30th large board, remaining blocks count: 61
Utilization of the 30th large board: 97.8899489384574, Time taken for this board: 6.526s
-------------------------------------------------------------------
Start nesting on the 31th large board, remaining blocks count: 58
Utilization of the 31th large board: 99.3618482934695, Time taken for this board: 6.642s
-------------------------------------------------------------------
Start nesting on the 32th large board, remaining blocks count: 55
Utilization of the 32th large board: 96.95320478366031, Time taken for this board: 6.745s
-------------------------------------------------------------------
Start nesting on the 33th large board, remaining blocks count: 55
Utilization of the 33th large board: 96.95320478366031, Time taken for this board: 6.847s
-------------------------------------------------------------------
Start nesting on the 34th large board, remaining blocks count: 52
Utilization of the 34th large board: 94.86986025262027, Time taken for this board: 6.973s
-------------------------------------------------------------------
Start nesting on the 35th large board, remaining blocks count: 50
Utilization of the 35th large board: 93.65152176834185, Time taken for this board: 7.094s
-------------------------------------------------------------------
Start nesting on the 36th large board, remaining blocks count: 50
Utilization of the 36th large board: 93.65152176834185, Time taken for this board: 7.211s
-------------------------------------------------------------------
Start nesting on the 37th large board, remaining blocks count: 46
Utilization of the 37th large board: 94.35423945176028, Time taken for this board: 7.34s
-------------------------------------------------------------------
Start nesting on the 38th large board, remaining blocks count: 44
Utilization of the 38th large board: 92.25907014243482, Time taken for this board: 7.429s
-------------------------------------------------------------------
Start nesting on the 39th large board, remaining blocks count: 44
Utilization of the 39th large board: 93.20545552270896, Time taken for this board: 7.523000000000001s
-------------------------------------------------------------------
Start nesting on the 40th large board, remaining blocks count: 42
Utilization of the 40th large board: 92.30771298038162, Time taken for this board: 7.594s
-------------------------------------------------------------------
Start nesting on the 41th large board, remaining blocks count: 40
Utilization of the 41th large board: 92.17764041924214, Time taken for this board: 7.674s
-------------------------------------------------------------------
Start nesting on the 42th large board, remaining blocks count: 40
Utilization of the 42th large board: 92.17764041924214, Time taken for this board: 7.7540000000000004s
-------------------------------------------------------------------
Start nesting on the 43th large board, remaining blocks count: 40
Utilization of the 43th large board: 92.17764041924214, Time taken for this board: 7.835s
-------------------------------------------------------------------
Start nesting on the 44th large board, remaining blocks count: 40
Utilization of the 44th large board: 91.27939398011289, Time taken for this board: 7.91s
-------------------------------------------------------------------
Start nesting on the 45th large board, remaining blocks count: 36
Utilization of the 45th large board: 85.26568798710025, Time taken for this board: 7.942s
-------------------------------------------------------------------
Start nesting on the 46th large board, remaining blocks count: 34
Utilization of the 46th large board: 84.95716877183553, Time taken for this board: 7.969s
-------------------------------------------------------------------
Start nesting on the 47th large board, remaining blocks count: 32
Utilization of the 47th large board: 83.90016124697662, Time taken for this board: 7.981s
-------------------------------------------------------------------
Start nesting on the 48th large board, remaining blocks count: 32
Utilization of the 48th large board: 83.90016124697662, Time taken for this board: 7.992s
-------------------------------------------------------------------
Start nesting on the 49th large board, remaining blocks count: 30
Utilization of the 49th large board: 82.62469766191884, Time taken for this board: 8.002s
-------------------------------------------------------------------
Start nesting on the 50th large board, remaining blocks count: 30
Utilization of the 50th large board: 82.62469766191884, Time taken for this board: 8.012s
-------------------------------------------------------------------
Start nesting on the 51th large board, remaining blocks count: 28
Utilization of the 51th large board: 82.1729709755442, Time taken for this board: 8.021s
-------------------------------------------------------------------
Start nesting on the 52th large board, remaining blocks count: 26
Utilization of the 52th large board: 81.9821620532115, Time taken for this board: 8.029s
-------------------------------------------------------------------
Start nesting on the 53th large board, remaining blocks count: 26
Utilization of the 53th large board: 81.9821620532115, Time taken for this board: 8.038s
-------------------------------------------------------------------
Start nesting on the 54th large board, remaining blocks count: 26
Utilization of the 54th large board: 81.9821620532115, Time taken for this board: 8.046s
-------------------------------------------------------------------
Start nesting on the 55th large board, remaining blocks count: 24
Utilization of the 55th large board: 81.1632289707068, Time taken for this board: 8.052s
-------------------------------------------------------------------
Start nesting on the 56th large board, remaining blocks count: 21
Utilization of the 56th large board: 95.53332437516796, Time taken for this board: 8.061s
-------------------------------------------------------------------
Start nesting on the 57th large board, remaining blocks count: 16
Utilization of the 57th large board: 97.16605079279763, Time taken for this board: 8.064s
-------------------------------------------------------------------
Start nesting on the 58th large board, remaining blocks count: 12
Utilization of the 58th large board: 96.61636656812684, Time taken for this board: 8.066s
-------------------------------------------------------------------
Start nesting on the 59th large board, remaining blocks count: 12
Utilization of the 59th large board: 96.61636656812684, Time taken for this board: 8.068s
-------------------------------------------------------------------
Start nesting on the 60th large board, remaining blocks count: 12
Utilization of the 60th large board: 96.61636656812684, Time taken for this board: 8.071s
-------------------------------------------------------------------
Start nesting on the 61th large board, remaining blocks count: 12
Utilization of the 61th large board: 95.50033593120129, Time taken for this board: 8.073s
-------------------------------------------------------------------
Start nesting on the 62th large board, remaining blocks count: 10
Utilization of the 62th large board: 95.41201961838215, Time taken for this board: 8.075s
-------------------------------------------------------------------
Start nesting on the 63th large board, remaining blocks count: 10
Utilization of the 63th large board: 97.43150362805699, Time taken for this board: 8.077s
-------------------------------------------------------------------
Start nesting on the 64th large board, remaining blocks count: 8
Utilization of the 64th large board: 94.40227761354475, Time taken for this board: 8.079s
-------------------------------------------------------------------
Start nesting on the 65th large board, remaining blocks count: 6
Utilization of the 65th large board: 74.89727223864553, Time taken for this board: 8.079s
-------------------------------------------------------------------
Start nesting on the 66th large board, remaining blocks count: 4
Utilization of the 66th large board: 72.43476216070948, Time taken for this board: 8.079s
-------------------------------------------------------------------
Start nesting on the 67th large board, remaining blocks count: 4
Utilization of the 67th large board: 82.54309997312549, Time taken for this board: 8.08s
-------------------------------------------------------------------
Start nesting on the 68th large board, remaining blocks count: 4
Utilization of the 68th large board: 72.43476216070948, Time taken for this board: 8.08s
-------------------------------------------------------------------
Start nesting on the 69th large board, remaining blocks count: 4
Utilization of the 69th large board: 72.43476216070948, Time taken for this board: 8.08s
-------------------------------------------------------------------
Start nesting on the 70th large board, remaining blocks count: 4
Utilization of the 70th large board: 72.43476216070948, Time taken for this board: 8.08s
-------------------------------------------------------------------
Start nesting on the 71th large board, remaining blocks count: 4
Utilization of the 71th large board: 82.54309997312549, Time taken for this board: 8.08s
-------------------------------------------------------------------
Start nesting on the 72th large board, remaining blocks count: 4
Utilization of the 72th large board: 82.54309997312549, Time taken for this board: 8.08s
-------------------------------------------------------------------
Start nesting on the 73th large board, remaining blocks count: 2
Utilization of the 73th large board: 81.07000806234883, Time taken for this board: 8.08s
-------------------------------------------------------------------
Start nesting on the 74th large board, remaining blocks count: 2
Utilization of the 74th large board: 81.07000806234883, Time taken for this board: 8.081s
-------------------------------------------------------------------
Start nesting on the 75th large board, remaining blocks count: 2
Utilization of the 75th large board: 69.48857833915615, Time taken for this board: 8.081s
-------------------------------------------------------------------
Start global repack optimization for 75 boards, time=591.809s.
Start improving solution by repacking.
Selecting boards with low utilization for repacking...
iter2		 Improve solution by repack 0.6948857833915614->0.6709473259876377 , unplacedBoxesSize:6
currentRepackCostTime:0.011s , currentRepackMaxTime:591.809s
iter3		 Improve solution by repack 0.6709473259876377->0.586518744961032 , unplacedBoxesSize:4
currentRepackCostTime:0.021s , currentRepackMaxTime:591.809s
iter6		 Improve solution by repack 0.586518744961032->0.47815170653050254 , unplacedBoxesSize:2
currentRepackCostTime:0.038s , currentRepackMaxTime:591.809s
iter59		 Improve solution by repack 0.47815170653050254->0.470704447729105 , unplacedBoxesSize:3
currentRepackCostTime:0.196s , currentRepackMaxTime:591.809s
iter63		 Improve solution by repack 0.470704447729105->0.463701289975813 , unplacedBoxesSize:3
currentRepackCostTime:0.20700000000000002s , currentRepackMaxTime:591.809s
iter64		 Improve solution by repack 0.463701289975813->0.4270256651437786 , unplacedBoxesSize:5
currentRepackCostTime:0.218s , currentRepackMaxTime:591.809s
iter66		 Improve solution by repack 0.4270256651437786->0.41575315775329214 , unplacedBoxesSize:3
currentRepackCostTime:0.225s , currentRepackMaxTime:591.809s
iter67		 Improve solution by repack 0.41575315775329214->0.35980045686643375 , unplacedBoxesSize:2
currentRepackCostTime:0.231s , currentRepackMaxTime:591.809s
iter81		 Improve solution by repack 0.35980045686643375->0.34071435769954317 , unplacedBoxesSize:2
currentRepackCostTime:0.28s , currentRepackMaxTime:591.809s
iter91		 Improve solution by repack 0.34071435769954317->0.317370834453104 , unplacedBoxesSize:2
currentRepackCostTime:0.326s , currentRepackMaxTime:591.809s
iter100		 Improve solution by repack 0.317370834453104->0.2986589626444504 , unplacedBoxesSize:2
currentRepackCostTime:0.34900000000000003s , currentRepackMaxTime:591.809s
iter106		 Improve solution by repack 0.2986589626444504->0.23907585326525127 , unplacedBoxesSize:1
currentRepackCostTime:0.369s , currentRepackMaxTime:591.809s
iter154		 Improve solution by repack 0.23907585326525127->0.2197114350980919 , unplacedBoxesSize:2
currentRepackCostTime:0.556s , currentRepackMaxTime:591.809s
iter155		 Improve solution by repack 0.2197114350980919->0.21763672399892503 , unplacedBoxesSize:3
currentRepackCostTime:0.5650000000000001s , currentRepackMaxTime:591.809s
iter156		 Improve solution by repack 0.21763672399892503->0.2155657081429723 , unplacedBoxesSize:4
currentRepackCostTime:0.5740000000000001s , currentRepackMaxTime:591.809s
iter158		 Improve solution by repack 0.2155657081429723->0.14899690943294813 , unplacedBoxesSize:2
currentRepackCostTime:0.589s , currentRepackMaxTime:591.809s
iter164		 Improve solution by repack 0.14899690943294813->0.1158142972319269 , unplacedBoxesSize:1
currentRepackCostTime:0.616s , currentRepackMaxTime:591.809s
iter180		 Improve solution by repack 0.1158142972319269->0.10639377855415211 , unplacedBoxesSize:3
currentRepackCostTime:0.683s , currentRepackMaxTime:591.809s
iter183		 Improve solution by repack 0.10639377855415211->0.07092918570276807 , unplacedBoxesSize:2
currentRepackCostTime:0.6900000000000001s , currentRepackMaxTime:591.809s
iter185		 Improve solution by repack 0.07092918570276807->0.068850779360387 , unplacedBoxesSize:2
currentRepackCostTime:0.7030000000000001s , currentRepackMaxTime:591.809s
iter187		 Improve solution by repack 0.068850779360387->0.0 , unplacedBoxesSize:0
currentRepackCostTime:0.712s , currentRepackMaxTime:591.809s
Improved success. Continue searching for another removable board.
Selecting boards with low utilization for repacking...
iter1		 Improve solution by repack 0.7243476216070949->0.7219742676699812 , unplacedBoxesSize:5
currentRepackCostTime:0.718s , currentRepackMaxTime:591.809s
iter4		 Improve solution by repack 0.7219742676699812->0.6864959016393443 , unplacedBoxesSize:4
currentRepackCostTime:0.726s , currentRepackMaxTime:591.809s
iter5		 Improve solution by repack 0.6864959016393443->0.6419017065305025 , unplacedBoxesSize:3
currentRepackCostTime:0.726s , currentRepackMaxTime:591.809s
iter7		 Improve solution by repack 0.6419017065305025->0.6248152378392905 , unplacedBoxesSize:5
currentRepackCostTime:0.749s , currentRepackMaxTime:591.809s
iter17		 Improve solution by repack 0.6248152378392905->0.6140076592313894 , unplacedBoxesSize:5
currentRepackCostTime:0.795s , currentRepackMaxTime:591.809s
iter19		 Improve solution by repack 0.6140076592313894->0.6036230180059123 , unplacedBoxesSize:5
currentRepackCostTime:0.809s , currentRepackMaxTime:591.809s
iter21		 Improve solution by repack 0.6036230180059123->0.6012496640687987 , unplacedBoxesSize:4
currentRepackCostTime:0.8200000000000001s , currentRepackMaxTime:591.809s
iter27		 Improve solution by repack 0.6012496640687987->0.5988763101316851 , unplacedBoxesSize:3
currentRepackCostTime:0.853s , currentRepackMaxTime:591.809s
iter28		 Improve solution by repack 0.5988763101316851->0.582812751948401 , unplacedBoxesSize:4
currentRepackCostTime:0.857s , currentRepackMaxTime:591.809s
iter30		 Improve solution by repack 0.582812751948401->0.5732870868046224 , unplacedBoxesSize:5
currentRepackCostTime:0.87s , currentRepackMaxTime:591.809s
iter31		 Improve solution by repack 0.5732870868046224->0.5311952432141898 , unplacedBoxesSize:5
currentRepackCostTime:0.875s , currentRepackMaxTime:591.809s
iter33		 Improve solution by repack 0.5311952432141898->0.5253366030636926 , unplacedBoxesSize:5
currentRepackCostTime:0.885s , currentRepackMaxTime:591.809s
iter38		 Improve solution by repack 0.5253366030636926->0.5099123219564633 , unplacedBoxesSize:4
currentRepackCostTime:0.915s , currentRepackMaxTime:591.809s
iter39		 Improve solution by repack 0.5099123219564633->0.4756147540983607 , unplacedBoxesSize:3
currentRepackCostTime:0.917s , currentRepackMaxTime:591.809s
iter46		 Improve solution by repack 0.4756147540983607->0.45878728836334315 , unplacedBoxesSize:3
currentRepackCostTime:0.9490000000000001s , currentRepackMaxTime:591.809s
iter54		 Improve solution by repack 0.45878728836334315->0.42894618382155336 , unplacedBoxesSize:5
currentRepackCostTime:0.976s , currentRepackMaxTime:591.809s
iter56		 Improve solution by repack 0.42894618382155336->0.40818949879064764 , unplacedBoxesSize:3
currentRepackCostTime:0.989s , currentRepackMaxTime:591.809s
iter57		 Improve solution by repack 0.40818949879064764->0.405816144853534 , unplacedBoxesSize:2
currentRepackCostTime:0.997s , currentRepackMaxTime:591.809s
iter63		 Improve solution by repack 0.405816144853534->0.35980045686643375 , unplacedBoxesSize:2
currentRepackCostTime:1.0190000000000001s , currentRepackMaxTime:591.809s
iter72		 Improve solution by repack 0.35980045686643375->0.3585937919914001 , unplacedBoxesSize:3
currentRepackCostTime:1.051s , currentRepackMaxTime:591.809s
iter79		 Improve solution by repack 0.3585937919914001->0.2915595606019887 , unplacedBoxesSize:3
currentRepackCostTime:1.08s , currentRepackMaxTime:591.809s
iter80		 Improve solution by repack 0.2915595606019887->0.27617172803009943 , unplacedBoxesSize:2
currentRepackCostTime:1.083s , currentRepackMaxTime:591.809s
iter82		 Improve solution by repack 0.27617172803009943->0.23907585326525127 , unplacedBoxesSize:1
currentRepackCostTime:1.088s , currentRepackMaxTime:591.809s
iter133		 Improve solution by repack 0.23907585326525127->0.2316285944638538 , unplacedBoxesSize:2
currentRepackCostTime:1.258s , currentRepackMaxTime:591.809s
iter134		 Improve solution by repack 0.2316285944638538->0.18992105616769683 , unplacedBoxesSize:2
currentRepackCostTime:1.268s , currentRepackMaxTime:591.809s
iter135		 Improve solution by repack 0.18992105616769683->0.171046089760817 , unplacedBoxesSize:2
currentRepackCostTime:1.27s , currentRepackMaxTime:591.809s
iter138		 Improve solution by repack 0.171046089760817->0.12072460360118248 , unplacedBoxesSize:1
currentRepackCostTime:1.281s , currentRepackMaxTime:591.809s
iter146		 Improve solution by repack 0.12072460360118248->0.10349402042461704 , unplacedBoxesSize:2
currentRepackCostTime:1.302s , currentRepackMaxTime:591.809s
iter149		 Improve solution by repack 0.10349402042461704->0.06859513571620532 , unplacedBoxesSize:2
currentRepackCostTime:1.31s , currentRepackMaxTime:591.809s
iter151		 Improve solution by repack 0.06859513571620532->0.06352593388873959 , unplacedBoxesSize:1
currentRepackCostTime:1.32s , currentRepackMaxTime:591.809s
iter153		 Improve solution by repack 0.06352593388873959->0.035464592851384036 , unplacedBoxesSize:1
currentRepackCostTime:1.327s , currentRepackMaxTime:591.809s
iter154		 Improve solution by repack 0.035464592851384036->0.033386186509002956 , unplacedBoxesSize:1
currentRepackCostTime:1.333s , currentRepackMaxTime:591.809s
iter155		 Improve solution by repack 0.033386186509002956->0.03318261220102123 , unplacedBoxesSize:1
currentRepackCostTime:1.341s , currentRepackMaxTime:591.809s
iter159		 Improve solution by repack 0.03318261220102123->0.0 , unplacedBoxesSize:0
currentRepackCostTime:1.353s , currentRepackMaxTime:591.809s
Improved success. Continue searching for another removable board.
Selecting boards with low utilization for repacking...
iter1		 Improve solution by repack 0.8262469766191884->0.8114188054286483 , unplacedBoxesSize:5
currentRepackCostTime:1.363s , currentRepackMaxTime:591.809s
iter3		 Improve solution by repack 0.8114188054286483->0.7789767535608708 , unplacedBoxesSize:5
currentRepackCostTime:1.381s , currentRepackMaxTime:591.809s
iter20		 Improve solution by repack 0.7789767535608708->0.776810669174953 , unplacedBoxesSize:4
currentRepackCostTime:1.458s , currentRepackMaxTime:591.809s
iter24		 Improve solution by repack 0.776810669174953->0.750155200214996 , unplacedBoxesSize:5
currentRepackCostTime:1.48s , currentRepackMaxTime:591.809s
iter37		 Improve solution by repack 0.750155200214996->0.7416890620800859 , unplacedBoxesSize:5
currentRepackCostTime:1.5310000000000001s , currentRepackMaxTime:591.809s
iter42		 Improve solution by repack 0.7416890620800859->0.714690607363612 , unplacedBoxesSize:4
currentRepackCostTime:1.561s , currentRepackMaxTime:591.809s
iter43		 Improve solution by repack 0.714690607363612->0.7097803009943563 , unplacedBoxesSize:4
currentRepackCostTime:1.568s , currentRepackMaxTime:591.809s
iter127		 Improve solution by repack 0.7097803009943563->0.6906745498521902 , unplacedBoxesSize:5
currentRepackCostTime:1.885s , currentRepackMaxTime:591.809s
iter129		 Improve solution by repack 0.6906745498521902->0.6330102794947594 , unplacedBoxesSize:6
currentRepackCostTime:1.8940000000000001s , currentRepackMaxTime:591.809s
iter131		 Improve solution by repack 0.6330102794947594->0.5987127116366568 , unplacedBoxesSize:5
currentRepackCostTime:1.9000000000000001s , currentRepackMaxTime:591.809s
iter134		 Improve solution by repack 0.5987127116366568->0.5963393576995432 , unplacedBoxesSize:4
currentRepackCostTime:1.909s , currentRepackMaxTime:591.809s
iter137		 Improve solution by repack 0.5963393576995432->0.5939660037624295 , unplacedBoxesSize:3
currentRepackCostTime:1.915s , currentRepackMaxTime:591.809s
iter196		 Improve solution by repack 0.5939660037624295->0.582812751948401 , unplacedBoxesSize:4
currentRepackCostTime:2.134s , currentRepackMaxTime:591.809s
iter197		 Improve solution by repack 0.582812751948401->0.5816457269551196 , unplacedBoxesSize:4
currentRepackCostTime:2.137s , currentRepackMaxTime:591.809s
iter204		 Improve solution by repack 0.5816457269551196->0.5797902109647944 , unplacedBoxesSize:3
currentRepackCostTime:2.169s , currentRepackMaxTime:591.809s
iter205		 Improve solution by repack 0.5797902109647944->0.5746052808384843 , unplacedBoxesSize:5
currentRepackCostTime:2.172s , currentRepackMaxTime:591.809s
iter208		 Improve solution by repack 0.5746052808384843->0.5550166285944639 , unplacedBoxesSize:4
currentRepackCostTime:2.183s , currentRepackMaxTime:591.809s
iter210		 Improve solution by repack 0.5550166285944639->0.5548130542864821 , unplacedBoxesSize:4
currentRepackCostTime:2.188s , currentRepackMaxTime:591.809s
iter213		 Improve solution by repack 0.5548130542864821->0.5435198871271164 , unplacedBoxesSize:4
currentRepackCostTime:2.196s , currentRepackMaxTime:591.809s
iter219		 Improve solution by repack 0.5435198871271164->0.5334224670787423 , unplacedBoxesSize:4
currentRepackCostTime:2.228s , currentRepackMaxTime:591.809s
iter224		 Improve solution by repack 0.5334224670787423->0.5010741400161247 , unplacedBoxesSize:5
currentRepackCostTime:2.253s , currentRepackMaxTime:591.809s
iter226		 Improve solution by repack 0.5010741400161247->0.49875907014243487 , unplacedBoxesSize:5
currentRepackCostTime:2.265s , currentRepackMaxTime:591.809s
iter228		 Improve solution by repack 0.49875907014243487->0.47815170653050254 , unplacedBoxesSize:2
currentRepackCostTime:2.2800000000000002s , currentRepackMaxTime:591.809s
iter274		 Improve solution by repack 0.47815170653050254->0.470704447729105 , unplacedBoxesSize:3
currentRepackCostTime:2.449s , currentRepackMaxTime:591.809s
iter295		 Improve solution by repack 0.470704447729105->0.4632571889277076 , unplacedBoxesSize:4
currentRepackCostTime:2.548s , currentRepackMaxTime:591.809s
iter310		 Improve solution by repack 0.4632571889277076->0.4498219564633163 , unplacedBoxesSize:5
currentRepackCostTime:2.599s , currentRepackMaxTime:591.809s
iter321		 Improve solution by repack 0.4498219564633163->0.416529158828272 , unplacedBoxesSize:4
currentRepackCostTime:2.6590000000000003s , currentRepackMaxTime:591.809s
iter335		 Improve solution by repack 0.416529158828272->0.405932545014781 , unplacedBoxesSize:3
currentRepackCostTime:2.708s , currentRepackMaxTime:591.809s
iter338		 Improve solution by repack 0.405932545014781->0.4052116366568127 , unplacedBoxesSize:3
currentRepackCostTime:2.716s , currentRepackMaxTime:591.809s
iter361		 Improve solution by repack 0.4052116366568127->0.37476451222789575 , unplacedBoxesSize:2
currentRepackCostTime:2.83s , currentRepackMaxTime:591.809s
iter365		 Improve solution by repack 0.37476451222789575->0.37359748723461433 , unplacedBoxesSize:2
currentRepackCostTime:2.843s , currentRepackMaxTime:591.809s
iter383		 Improve solution by repack 0.37359748723461433->0.37268610588551465 , unplacedBoxesSize:2
currentRepackCostTime:2.9170000000000003s , currentRepackMaxTime:591.809s
iter393		 Improve solution by repack 0.37268610588551465->0.3724825315775329 , unplacedBoxesSize:2
currentRepackCostTime:2.959s , currentRepackMaxTime:591.809s
iter396		 Improve solution by repack 0.3724825315775329->0.3392999193765117 , unplacedBoxesSize:1
currentRepackCostTime:2.973s , currentRepackMaxTime:591.809s
iter426		 Improve solution by repack 0.3392999193765117->0.3262325315775329 , unplacedBoxesSize:2
currentRepackCostTime:3.068s , currentRepackMaxTime:591.809s
iter442		 Improve solution by repack 0.3262325315775329->0.3082723058317656 , unplacedBoxesSize:2
currentRepackCostTime:3.1390000000000002s , currentRepackMaxTime:591.809s
iter510		 Improve solution by repack 0.3082723058317656->0.30816212039774254 , unplacedBoxesSize:2
currentRepackCostTime:3.4s , currentRepackMaxTime:591.809s
iter527		 Improve solution by repack 0.30816212039774254->0.3026017871539909 , unplacedBoxesSize:2
currentRepackCostTime:3.468s , currentRepackMaxTime:591.809s
iter531		 Improve solution by repack 0.3026017871539909->0.3021036011824778 , unplacedBoxesSize:2
currentRepackCostTime:3.486s , currentRepackMaxTime:591.809s
iter535		 Improve solution by repack 0.3021036011824778->0.3000295619457135 , unplacedBoxesSize:2
currentRepackCostTime:3.5020000000000002s , currentRepackMaxTime:591.809s
iter622		 Improve solution by repack 0.3000295619457135->0.28939733942488577 , unplacedBoxesSize:2
currentRepackCostTime:3.841s , currentRepackMaxTime:591.809s
iter625		 Improve solution by repack 0.28939733942488577->0.23907585326525127 , unplacedBoxesSize:1
currentRepackCostTime:3.864s , currentRepackMaxTime:591.809s
iter1007		 Improve solution by repack 0.23907585326525127->0.23653890083310938 , unplacedBoxesSize:2
currentRepackCostTime:5.173s , currentRepackMaxTime:591.809s
iter1019		 Improve solution by repack 0.23653890083310938->0.2316285944638538 , unplacedBoxesSize:2
currentRepackCostTime:5.228s , currentRepackMaxTime:591.809s
iter1020		 Improve solution by repack 0.2316285944638538->0.22464357699543133 , unplacedBoxesSize:2
currentRepackCostTime:5.2330000000000005s , currentRepackMaxTime:591.809s
iter1025		 Improve solution by repack 0.22464357699543133->0.22429790378930395 , unplacedBoxesSize:3
currentRepackCostTime:5.255s , currentRepackMaxTime:591.809s
iter1026		 Improve solution by repack 0.22429790378930395->0.22299348293469498 , unplacedBoxesSize:3
currentRepackCostTime:5.266s , currentRepackMaxTime:591.809s
iter1033		 Improve solution by repack 0.22299348293469498->0.22236310803547432 , unplacedBoxesSize:2
currentRepackCostTime:5.297s , currentRepackMaxTime:591.809s
iter1049		 Improve solution by repack 0.22236310803547432->0.21745280166621875 , unplacedBoxesSize:2
currentRepackCostTime:5.364s , currentRepackMaxTime:591.809s
iter1050		 Improve solution by repack 0.21745280166621875->0.20326961838215535 , unplacedBoxesSize:2
currentRepackCostTime:5.3660000000000005s , currentRepackMaxTime:591.809s
iter1058		 Improve solution by repack 0.20326961838215535->0.1998857833915614 , unplacedBoxesSize:2
currentRepackCostTime:5.394s , currentRepackMaxTime:591.809s
iter1064		 Improve solution by repack 0.1998857833915614->0.18490056436441815 , unplacedBoxesSize:2
currentRepackCostTime:5.415s , currentRepackMaxTime:591.809s
iter1067		 Improve solution by repack 0.18490056436441815->0.18217952163396936 , unplacedBoxesSize:3
currentRepackCostTime:5.4430000000000005s , currentRepackMaxTime:591.809s
iter1070		 Improve solution by repack 0.18217952163396936->0.1793402311206665 , unplacedBoxesSize:2
currentRepackCostTime:5.468s , currentRepackMaxTime:591.809s
iter1084		 Improve solution by repack 0.1793402311206665->0.16674029158828274 , unplacedBoxesSize:1
currentRepackCostTime:5.526s , currentRepackMaxTime:591.809s
iter1086		 Improve solution by repack 0.16674029158828274->0.15618919645256651 , unplacedBoxesSize:2
currentRepackCostTime:5.531s , currentRepackMaxTime:591.809s
iter1087		 Improve solution by repack 0.15618919645256651->0.15502217145928512 , unplacedBoxesSize:2
currentRepackCostTime:5.535s , currentRepackMaxTime:591.809s
iter1095		 Improve solution by repack 0.15502217145928512->0.15411079011018544 , unplacedBoxesSize:2
currentRepackCostTime:5.561s , currentRepackMaxTime:591.809s
iter1106		 Improve solution by repack 0.15411079011018544->0.1539072158022037 , unplacedBoxesSize:2
currentRepackCostTime:5.612s , currentRepackMaxTime:591.809s
iter1123		 Improve solution by repack 0.1539072158022037->0.14365459553883364 , unplacedBoxesSize:2
currentRepackCostTime:5.689s , currentRepackMaxTime:591.809s
iter1158		 Improve solution by repack 0.14365459553883364->0.12072460360118248 , unplacedBoxesSize:1
currentRepackCostTime:5.843s , currentRepackMaxTime:591.809s
iter1180		 Improve solution by repack 0.12072460360118248->0.11259254904595538 , unplacedBoxesSize:2
currentRepackCostTime:5.924s , currentRepackMaxTime:591.809s
iter1183		 Improve solution by repack 0.11259254904595538->0.0952512765385649 , unplacedBoxesSize:2
currentRepackCostTime:5.94s , currentRepackMaxTime:591.809s
iter1191		 Improve solution by repack 0.0952512765385649->0.09433989518946519 , unplacedBoxesSize:2
currentRepackCostTime:5.973s , currentRepackMaxTime:591.809s
iter1216		 Improve solution by repack 0.09433989518946519->0.09413632088148347 , unplacedBoxesSize:2
currentRepackCostTime:6.1000000000000005s , currentRepackMaxTime:591.809s
iter1232		 Improve solution by repack 0.09413632088148347->0.08715667831228165 , unplacedBoxesSize:1
currentRepackCostTime:6.171s , currentRepackMaxTime:591.809s
iter1247		 Improve solution by repack 0.08715667831228165->0.0840714861596345 , unplacedBoxesSize:1
currentRepackCostTime:6.229s , currentRepackMaxTime:591.809s
iter1300		 Improve solution by repack 0.0840714861596345->0.07538296156947058 , unplacedBoxesSize:1
currentRepackCostTime:6.439s , currentRepackMaxTime:591.809s
iter1306		 Improve solution by repack 0.07538296156947058->0.06919645256651437 , unplacedBoxesSize:1
currentRepackCostTime:6.458s , currentRepackMaxTime:591.809s
iter1318		 Improve solution by repack 0.06919645256651437->0.06908626713249127 , unplacedBoxesSize:1
currentRepackCostTime:6.493s , currentRepackMaxTime:591.809s
iter1393		 Improve solution by repack 0.06908626713249127->0.06748018005912389 , unplacedBoxesSize:2
currentRepackCostTime:6.869s , currentRepackMaxTime:591.809s
iter1402		 Improve solution by repack 0.06748018005912389->0.06302774791722655 , unplacedBoxesSize:1
currentRepackCostTime:6.916s , currentRepackMaxTime:591.809s
iter1405		 Improve solution by repack 0.06302774791722655->0.06095370868046224 , unplacedBoxesSize:1
currentRepackCostTime:6.9270000000000005s , currentRepackMaxTime:591.809s
iter1795		 Improve solution by repack 0.06095370868046224->0.03429756785810266 , unplacedBoxesSize:1
currentRepackCostTime:8.433s , currentRepackMaxTime:591.809s
iter1812		 Improve solution by repack 0.03429756785810266->0.03318261220102123 , unplacedBoxesSize:1
currentRepackCostTime:8.506s , currentRepackMaxTime:591.809s
iter1998		 Improve solution by repack 0.03318261220102123->0.0 , unplacedBoxesSize:0
currentRepackCostTime:9.263s , currentRepackMaxTime:591.809s
Improved success. Continue searching for another removable board.
Selecting boards with low utilization for repacking...
iter12		 Improve solution by repack 0.8896264445041655->0.8733791319537759 , unplacedBoxesSize:7
currentRepackCostTime:9.326s , currentRepackMaxTime:591.809s
iter22		 Improve solution by repack 0.8733791319537759->0.8573155737704918 , unplacedBoxesSize:8
currentRepackCostTime:9.382s , currentRepackMaxTime:591.809s
iter30		 Improve solution by repack 0.8573155737704918->0.8564438323031442 , unplacedBoxesSize:7
currentRepackCostTime:9.422s , currentRepackMaxTime:591.809s
iter38		 Improve solution by repack 0.8564438323031442->0.8435874092985757 , unplacedBoxesSize:5
currentRepackCostTime:9.46s , currentRepackMaxTime:591.809s
iter48		 Improve solution by repack 0.8435874092985757->0.8374664068798711 , unplacedBoxesSize:5
currentRepackCostTime:9.496s , currentRepackMaxTime:591.809s
iter63		 Improve solution by repack 0.8374664068798711->0.8207215802203709 , unplacedBoxesSize:5
currentRepackCostTime:9.564s , currentRepackMaxTime:591.809s
iter73		 Improve solution by repack 0.8207215802203709->0.8198101988712713 , unplacedBoxesSize:5
currentRepackCostTime:9.606s , currentRepackMaxTime:591.809s
iter78		 Improve solution by repack 0.8198101988712713->0.8188660642300457 , unplacedBoxesSize:4
currentRepackCostTime:9.625s , currentRepackMaxTime:591.809s
iter129		 Improve solution by repack 0.8188660642300457->0.8012990459553884 , unplacedBoxesSize:4
currentRepackCostTime:9.847s , currentRepackMaxTime:591.809s
iter220		 Improve solution by repack 0.8012990459553884->0.7955225409836065 , unplacedBoxesSize:4
currentRepackCostTime:10.256s , currentRepackMaxTime:591.809s
iter278		 Improve solution by repack 0.7955225409836065->0.786313826928245 , unplacedBoxesSize:4
currentRepackCostTime:10.513s , currentRepackMaxTime:591.809s
iter367		 Improve solution by repack 0.786313826928245->0.7802553077129804 , unplacedBoxesSize:4
currentRepackCostTime:10.911s , currentRepackMaxTime:591.809s
iter375		 Improve solution by repack 0.7802553077129804->0.7781812684762162 , unplacedBoxesSize:4
currentRepackCostTime:10.941s , currentRepackMaxTime:591.809s
iter1342		 Improve solution by repack 0.7781812684762162->0.7675490459553884 , unplacedBoxesSize:4
currentRepackCostTime:15.385s , currentRepackMaxTime:591.809s
iter1349		 Improve solution by repack 0.7675490459553884->0.7506137463047567 , unplacedBoxesSize:4
currentRepackCostTime:15.419s , currentRepackMaxTime:591.809s
iter1363		 Improve solution by repack 0.7506137463047567->0.7504101719967751 , unplacedBoxesSize:4
currentRepackCostTime:15.5s , currentRepackMaxTime:591.809s
iter1455		 Improve solution by repack 0.7504101719967751->0.7359778957269552 , unplacedBoxesSize:5
currentRepackCostTime:15.932s , currentRepackMaxTime:591.809s
iter1457		 Improve solution by repack 0.7359778957269552->0.7346415614082236 , unplacedBoxesSize:6
currentRepackCostTime:15.944s , currentRepackMaxTime:591.809s
iter1471		 Improve solution by repack 0.7346415614082236->0.7344379871002419 , unplacedBoxesSize:6
currentRepackCostTime:16.004s , currentRepackMaxTime:591.809s
iter1485		 Improve solution by repack 0.7344379871002419->0.7183942488578339 , unplacedBoxesSize:5
currentRepackCostTime:16.083000000000002s , currentRepackMaxTime:591.809s
iter1494		 Improve solution by repack 0.7183942488578339->0.7172275597957538 , unplacedBoxesSize:3
currentRepackCostTime:16.136s , currentRepackMaxTime:591.809s
iter1936		 Improve solution by repack 0.7172275597957538->0.714690607363612 , unplacedBoxesSize:4
currentRepackCostTime:17.766000000000002s , currentRepackMaxTime:591.809s
iter1972		 Improve solution by repack 0.714690607363612->0.7023330421929589 , unplacedBoxesSize:5
currentRepackCostTime:17.914s , currentRepackMaxTime:591.809s
Selecting boards with low utilization for repacking...
iter9		 Improve solution by repack 0.8955169981187854->0.8923992206396131 , unplacedBoxesSize:8
currentRepackCostTime:32.064s , currentRepackMaxTime:591.809s
iter14		 Improve solution by repack 0.8923992206396131->0.7639720505240527 , unplacedBoxesSize:7
currentRepackCostTime:32.098s , currentRepackMaxTime:591.809s
iter104		 Improve solution by repack 0.7639720505240527->0.7355156543939801 , unplacedBoxesSize:6
currentRepackCostTime:32.482s , currentRepackMaxTime:591.809s
iter266		 Improve solution by repack 0.7355156543939801->0.7023330421929589 , unplacedBoxesSize:5
currentRepackCostTime:33.315s , currentRepackMaxTime:591.809s
Selecting boards with low utilization for repacking...
iter4		 Improve solution by repack 0.9005541185165279->0.8998679790378931 , unplacedBoxesSize:5
currentRepackCostTime:55.003s , currentRepackMaxTime:591.809s
iter5		 Improve solution by repack 0.8998679790378931->0.7320132356893309 , unplacedBoxesSize:6
currentRepackCostTime:55.01s , currentRepackMaxTime:591.809s
iter9		 Improve solution by repack 0.7320132356893309->0.7224548172534264 , unplacedBoxesSize:6
currentRepackCostTime:55.038000000000004s , currentRepackMaxTime:591.809s
iter13		 Improve solution by repack 0.7224548172534264->0.7122608169846816 , unplacedBoxesSize:7
currentRepackCostTime:55.049s , currentRepackMaxTime:591.809s
iter16		 Improve solution by repack 0.7122608169846816->0.7082716339693631 , unplacedBoxesSize:6
currentRepackCostTime:55.058s , currentRepackMaxTime:591.809s
iter19		 Improve solution by repack 0.7082716339693631->0.7079729911314163 , unplacedBoxesSize:6
currentRepackCostTime:55.087s , currentRepackMaxTime:591.809s
iter34		 Improve solution by repack 0.7079729911314163->0.7023330421929589 , unplacedBoxesSize:5
currentRepackCostTime:55.156s , currentRepackMaxTime:591.809s
iter200		 Improve solution by repack 0.7023330421929589->0.6948857833915614 , unplacedBoxesSize:6
currentRepackCostTime:55.912s , currentRepackMaxTime:591.809s
Selecting boards with low utilization for repacking...
iter7		 Improve solution by repack 0.9060544880408492->0.9016447191615157 , unplacedBoxesSize:4
currentRepackCostTime:79.793s , currentRepackMaxTime:591.809s
iter21		 Improve solution by repack 0.9016447191615157->0.8181473394248857 , unplacedBoxesSize:6
currentRepackCostTime:79.84700000000001s , currentRepackMaxTime:591.809s
iter81		 Improve solution by repack 0.8181473394248857->0.7807094866971244 , unplacedBoxesSize:6
currentRepackCostTime:80.11s , currentRepackMaxTime:591.809s
iter84		 Improve solution by repack 0.7807094866971244->0.7431664875033593 , unplacedBoxesSize:5
currentRepackCostTime:80.131s , currentRepackMaxTime:591.809s
iter86		 Improve solution by repack 0.7431664875033593->0.714690607363612 , unplacedBoxesSize:4
currentRepackCostTime:80.14s , currentRepackMaxTime:591.809s
iter176		 Improve solution by repack 0.714690607363612->0.690878124160172 , unplacedBoxesSize:5
currentRepackCostTime:80.521s , currentRepackMaxTime:591.809s
iter188		 Improve solution by repack 0.690878124160172->0.6906745498521902 , unplacedBoxesSize:5
currentRepackCostTime:80.58800000000001s , currentRepackMaxTime:591.809s
iter286		 Improve solution by repack 0.6906745498521902->0.6887876242945444 , unplacedBoxesSize:6
currentRepackCostTime:81.07000000000001s , currentRepackMaxTime:591.809s
iter380		 Improve solution by repack 0.6887876242945444->0.6764764176296695 , unplacedBoxesSize:5
currentRepackCostTime:81.57600000000001s , currentRepackMaxTime:591.809s
iter386		 Improve solution by repack 0.6764764176296695->0.6614656678312282 , unplacedBoxesSize:2
currentRepackCostTime:81.60300000000001s , currentRepackMaxTime:591.809s
iter428		 Improve solution by repack 0.6614656678312282->0.6605153184627788 , unplacedBoxesSize:5
currentRepackCostTime:81.733s , currentRepackMaxTime:591.809s
iter440		 Improve solution by repack 0.6605153184627788->0.6556050120935233 , unplacedBoxesSize:5
currentRepackCostTime:81.797s , currentRepackMaxTime:591.809s
iter1157		 Improve solution by repack 0.6556050120935233->0.6495464928782586 , unplacedBoxesSize:5
currentRepackCostTime:84.985s , currentRepackMaxTime:591.809s
iter1158		 Improve solution by repack 0.6495464928782586->0.6453164471916152 , unplacedBoxesSize:5
currentRepackCostTime:84.987s , currentRepackMaxTime:591.809s
iter1168		 Improve solution by repack 0.6453164471916152->0.6450083982800322 , unplacedBoxesSize:4
currentRepackCostTime:85.029s , currentRepackMaxTime:591.809s
iter1441		 Improve solution by repack 0.6450083982800322->0.644287489922064 , unplacedBoxesSize:4
currentRepackCostTime:86.17s , currentRepackMaxTime:591.809s
iter1652		 Improve solution by repack 0.644287489922064->0.6434483337812417 , unplacedBoxesSize:5
currentRepackCostTime:87.093s , currentRepackMaxTime:591.809s
iter1653		 Improve solution by repack 0.6434483337812417->0.6271486159634507 , unplacedBoxesSize:4
currentRepackCostTime:87.095s , currentRepackMaxTime:591.809s
iter2010		 Improve solution by repack 0.6271486159634507->0.6262620935232465 , unplacedBoxesSize:4
currentRepackCostTime:88.747s , currentRepackMaxTime:591.809s
iter2016		 Improve solution by repack 0.6262620935232465->0.6184527008868583 , unplacedBoxesSize:3
currentRepackCostTime:88.771s , currentRepackMaxTime:591.809s
iter2041		 Improve solution by repack 0.6184527008868583->0.5988763101316851 , unplacedBoxesSize:3
currentRepackCostTime:88.866s , currentRepackMaxTime:591.809s
iter2198		 Improve solution by repack 0.5988763101316851->0.5939660037624295 , unplacedBoxesSize:3
currentRepackCostTime:89.496s , currentRepackMaxTime:591.809s
iter3349		 Improve solution by repack 0.5939660037624295->0.5919112805697393 , unplacedBoxesSize:4
currentRepackCostTime:94.007s , currentRepackMaxTime:591.809s
iter3362		 Improve solution by repack 0.5919112805697393->0.5907442555764579 , unplacedBoxesSize:4
currentRepackCostTime:94.069s , currentRepackMaxTime:591.809s
iter3378		 Improve solution by repack 0.5907442555764579->0.582793771835528 , unplacedBoxesSize:4
currentRepackCostTime:94.13s , currentRepackMaxTime:591.809s
iter3379		 Improve solution by repack 0.582793771835528->0.5816457269551196 , unplacedBoxesSize:4
currentRepackCostTime:94.133s , currentRepackMaxTime:591.809s
iter3388		 Improve solution by repack 0.5816457269551196->0.5815355415210965 , unplacedBoxesSize:4
currentRepackCostTime:94.176s , currentRepackMaxTime:591.809s
iter3391		 Improve solution by repack 0.5815355415210965->0.5804205858640151 , unplacedBoxesSize:4
currentRepackCostTime:94.191s , currentRepackMaxTime:591.809s
iter3421		 Improve solution by repack 0.5804205858640151->0.5745700080623488 , unplacedBoxesSize:4
currentRepackCostTime:94.325s , currentRepackMaxTime:591.809s
iter3442		 Improve solution by repack 0.5745700080623488->0.5734029830690675 , unplacedBoxesSize:4
currentRepackCostTime:94.43s , currentRepackMaxTime:591.809s
iter3462		 Improve solution by repack 0.5734029830690675->0.572288027411986 , unplacedBoxesSize:4
currentRepackCostTime:94.506s , currentRepackMaxTime:591.809s
iter3506		 Improve solution by repack 0.572288027411986->0.5622231926901371 , unplacedBoxesSize:3
currentRepackCostTime:94.72800000000001s , currentRepackMaxTime:591.809s
iter3522		 Improve solution by repack 0.5622231926901371->0.5391054152109648 , unplacedBoxesSize:3
currentRepackCostTime:94.784s , currentRepackMaxTime:591.809s
Selecting boards with low utilization for repacking...
iter9		 Improve solution by repack 0.89975779360387->0.890741400161247 , unplacedBoxesSize:8
currentRepackCostTime:112.055s , currentRepackMaxTime:591.809s
iter19		 Improve solution by repack 0.890741400161247->0.5914290513302876 , unplacedBoxesSize:4
currentRepackCostTime:112.111s , currentRepackMaxTime:591.809s
iter710		 Improve solution by repack 0.5914290513302876->0.586518744961032 , unplacedBoxesSize:4
currentRepackCostTime:115.102s , currentRepackMaxTime:591.809s
iter1098		 Improve solution by repack 0.586518744961032->0.5752553077129804 , unplacedBoxesSize:5
currentRepackCostTime:116.8s , currentRepackMaxTime:591.809s
iter1120		 Improve solution by repack 0.5752553077129804->0.5731769013705993 , unplacedBoxesSize:5
currentRepackCostTime:116.918s , currentRepackMaxTime:591.809s
iter1123		 Improve solution by repack 0.5731769013705993->0.5729733270626176 , unplacedBoxesSize:5
currentRepackCostTime:116.932s , currentRepackMaxTime:591.809s
iter1151		 Improve solution by repack 0.5729733270626176->0.5727378392905134 , unplacedBoxesSize:6
currentRepackCostTime:117.065s , currentRepackMaxTime:591.809s
iter1172		 Improve solution by repack 0.5727378392905134->0.5669148078473529 , unplacedBoxesSize:5
currentRepackCostTime:117.205s , currentRepackMaxTime:591.809s
iter1187		 Improve solution by repack 0.5669148078473529->0.5648407686105885 , unplacedBoxesSize:5
currentRepackCostTime:117.267s , currentRepackMaxTime:591.809s
iter1251		 Improve solution by repack 0.5648407686105885->0.5416776404192422 , unplacedBoxesSize:3
currentRepackCostTime:117.555s , currentRepackMaxTime:591.809s
iter1343		 Improve solution by repack 0.5416776404192422->0.5411794544477291 , unplacedBoxesSize:3
currentRepackCostTime:117.911s , currentRepackMaxTime:591.809s
iter1346		 Improve solution by repack 0.5411794544477291->0.5391054152109648 , unplacedBoxesSize:3
currentRepackCostTime:117.923s , currentRepackMaxTime:591.809s
Selecting boards with low utilization for repacking...
iter6		 Improve solution by repack 0.8998679790378931->0.8894228701961838 , unplacedBoxesSize:8
currentRepackCostTime:133.456s , currentRepackMaxTime:591.809s
iter17		 Improve solution by repack 0.8894228701961838->0.8873437919914002 , unplacedBoxesSize:7
currentRepackCostTime:133.517s , currentRepackMaxTime:591.809s
iter40		 Improve solution by repack 0.8873437919914002->0.5939660037624295 , unplacedBoxesSize:3
currentRepackCostTime:133.626s , currentRepackMaxTime:591.809s
iter474		 Improve solution by repack 0.5939660037624295->0.5805307712980381 , unplacedBoxesSize:4
currentRepackCostTime:135.428s , currentRepackMaxTime:591.809s
iter484		 Improve solution by repack 0.5805307712980381->0.5804205858640151 , unplacedBoxesSize:4
currentRepackCostTime:135.457s , currentRepackMaxTime:591.809s
iter510		 Improve solution by repack 0.5804205858640151->0.5472379736629938 , unplacedBoxesSize:3
currentRepackCostTime:135.592s , currentRepackMaxTime:591.809s
iter1497		 Improve solution by repack 0.5472379736629938->0.5411794544477291 , unplacedBoxesSize:3
currentRepackCostTime:139.622s , currentRepackMaxTime:591.809s
iter1549		 Improve solution by repack 0.5411794544477291->0.5391054152109648 , unplacedBoxesSize:3
currentRepackCostTime:139.82500000000002s , currentRepackMaxTime:591.809s
iter2098		 Improve solution by repack 0.5391054152109648->0.5377348159097016 , unplacedBoxesSize:3
currentRepackCostTime:142.135s , currentRepackMaxTime:591.809s
iter2303		 Improve solution by repack 0.5377348159097016->0.53531510346681 , unplacedBoxesSize:3
currentRepackCostTime:142.927s , currentRepackMaxTime:591.809s
iter2353		 Improve solution by repack 0.53531510346681->0.5334224670787423 , unplacedBoxesSize:4
currentRepackCostTime:143.097s , currentRepackMaxTime:591.809s
iter2362		 Improve solution by repack 0.5334224670787423->0.5113343187315238 , unplacedBoxesSize:3
currentRepackCostTime:143.135s , currentRepackMaxTime:591.809s
Selecting boards with low utilization for repacking...
iter23		 Improve solution by repack 0.9030181738779898->0.5113343187315238 , unplacedBoxesSize:3
currentRepackCostTime:154.985s , currentRepackMaxTime:591.809s
Selecting boards with low utilization for repacking...
iter9		 Improve solution by repack 0.9032655872077399->0.9030620128997581 , unplacedBoxesSize:6
currentRepackCostTime:176.947s , currentRepackMaxTime:591.809s
iter11		 Improve solution by repack 0.9030620128997581->0.5113343187315238 , unplacedBoxesSize:3
currentRepackCostTime:176.954s , currentRepackMaxTime:591.809s
Selecting boards with low utilization for repacking...
iter3		 Improve solution by repack 0.9048558855146466->0.5113343187315238 , unplacedBoxesSize:3
currentRepackCostTime:198.784s , currentRepackMaxTime:591.809s
Selecting boards with low utilization for repacking...
iter10		 Improve solution by repack 0.9048558855146466->0.9005415210964793 , unplacedBoxesSize:3
currentRepackCostTime:220.656s , currentRepackMaxTime:591.809s
iter26		 Improve solution by repack 0.9005415210964793->0.7172275597957538 , unplacedBoxesSize:3
currentRepackCostTime:220.703s , currentRepackMaxTime:591.809s
iter112		 Improve solution by repack 0.7172275597957538->0.67347655200215 , unplacedBoxesSize:4
currentRepackCostTime:221.048s , currentRepackMaxTime:591.809s
iter145		 Improve solution by repack 0.67347655200215->0.6574919376511691 , unplacedBoxesSize:4
currentRepackCostTime:221.17600000000002s , currentRepackMaxTime:591.809s
iter167		 Improve solution by repack 0.6574919376511691->0.6271486159634507 , unplacedBoxesSize:4
currentRepackCostTime:221.27100000000002s , currentRepackMaxTime:591.809s
iter260		 Improve solution by repack 0.6271486159634507->0.6197013571620532 , unplacedBoxesSize:5
currentRepackCostTime:221.681s , currentRepackMaxTime:591.809s
iter261		 Improve solution by repack 0.6197013571620532->0.5939660037624295 , unplacedBoxesSize:3
currentRepackCostTime:221.686s , currentRepackMaxTime:591.809s
iter635		 Improve solution by repack 0.5939660037624295->0.5914290513302876 , unplacedBoxesSize:4
currentRepackCostTime:223.133s , currentRepackMaxTime:591.809s
iter924		 Improve solution by repack 0.5914290513302876->0.586518744961032 , unplacedBoxesSize:4
currentRepackCostTime:224.395s , currentRepackMaxTime:591.809s
iter1758		 Improve solution by repack 0.586518744961032->0.5790714861596346 , unplacedBoxesSize:5
currentRepackCostTime:228.137s , currentRepackMaxTime:591.809s
iter1860		 Improve solution by repack 0.5790714861596346->0.5507125100779361 , unplacedBoxesSize:5
currentRepackCostTime:228.606s , currentRepackMaxTime:591.809s
iter1864		 Improve solution by repack 0.5507125100779361->0.5473286750873421 , unplacedBoxesSize:5
currentRepackCostTime:228.62300000000002s , currentRepackMaxTime:591.809s
iter2455		 Improve solution by repack 0.5473286750873421->0.5415521701155603 , unplacedBoxesSize:5
currentRepackCostTime:231.404s , currentRepackMaxTime:591.809s
iter2457		 Improve solution by repack 0.5415521701155603->0.5370696721311475 , unplacedBoxesSize:5
currentRepackCostTime:231.416s , currentRepackMaxTime:591.809s
iter2483		 Improve solution by repack 0.5370696721311475->0.5342303816178446 , unplacedBoxesSize:4
currentRepackCostTime:231.558s , currentRepackMaxTime:591.809s
iter2604		 Improve solution by repack 0.5342303816178446->0.5265857632356893 , unplacedBoxesSize:5
currentRepackCostTime:232.101s , currentRepackMaxTime:591.809s
iter2605		 Improve solution by repack 0.5265857632356893->0.52246875839828 , unplacedBoxesSize:5
currentRepackCostTime:232.106s , currentRepackMaxTime:591.809s
iter2614		 Improve solution by repack 0.52246875839828->0.5061690405804891 , unplacedBoxesSize:4
currentRepackCostTime:232.163s , currentRepackMaxTime:591.809s
iter2625		 Improve solution by repack 0.5061690405804891->0.5038870599301263 , unplacedBoxesSize:4
currentRepackCostTime:232.207s , currentRepackMaxTime:591.809s
iter2848		 Improve solution by repack 0.5038870599301263->0.47815170653050254 , unplacedBoxesSize:2
currentRepackCostTime:233.226s , currentRepackMaxTime:591.809s
Selecting boards with low utilization for repacking...
iter11		 Improve solution by repack 0.9048558855146466->0.5115378930395055 , unplacedBoxesSize:3
currentRepackCostTime:251.298s , currentRepackMaxTime:591.809s
iter15		 Improve solution by repack 0.5115378930395055->0.5113343187315238 , unplacedBoxesSize:3
currentRepackCostTime:251.321s , currentRepackMaxTime:591.809s
iter1072		 Improve solution by repack 0.5113343187315238->0.5038870599301263 , unplacedBoxesSize:4
currentRepackCostTime:255.832s , currentRepackMaxTime:591.809s
iter2101		 Improve solution by repack 0.5038870599301263->0.5013383499059393 , unplacedBoxesSize:4
currentRepackCostTime:260.519s , currentRepackMaxTime:591.809s
iter2104		 Improve solution by repack 0.5013383499059393->0.4963134909970438 , unplacedBoxesSize:4
currentRepackCostTime:260.539s , currentRepackMaxTime:591.809s
iter2107		 Improve solution by repack 0.4963134909970438->0.4801044746036012 , unplacedBoxesSize:4
currentRepackCostTime:260.553s , currentRepackMaxTime:591.809s
iter2111		 Improve solution by repack 0.4801044746036012->0.47815170653050254 , unplacedBoxesSize:2
currentRepackCostTime:260.572s , currentRepackMaxTime:591.809s
iter3135		 Improve solution by repack 0.47815170653050254->0.47803043536683687 , unplacedBoxesSize:4
currentRepackCostTime:264.47s , currentRepackMaxTime:591.809s
iter3172		 Improve solution by repack 0.47803043536683687->0.4756147540983607 , unplacedBoxesSize:3
currentRepackCostTime:264.659s , currentRepackMaxTime:591.809s
iter3270		 Improve solution by repack 0.4756147540983607->0.4620693361999462 , unplacedBoxesSize:4
currentRepackCostTime:265.031s , currentRepackMaxTime:591.809s
iter3302		 Improve solution by repack 0.4620693361999462->0.45393677774791724 , unplacedBoxesSize:4
currentRepackCostTime:265.18s , currentRepackMaxTime:591.809s
iter3556		 Improve solution by repack 0.45393677774791724->0.44902647137866164 , unplacedBoxesSize:4
currentRepackCostTime:266.455s , currentRepackMaxTime:591.809s
iter4352		 Improve solution by repack 0.44902647137866164->0.44656241601719965 , unplacedBoxesSize:3
currentRepackCostTime:270.389s , currentRepackMaxTime:591.809s
iter5147		 Improve solution by repack 0.44656241601719965->0.4390168973394249 , unplacedBoxesSize:5
currentRepackCostTime:273.935s , currentRepackMaxTime:591.809s
iter5153		 Improve solution by repack 0.4390168973394249->0.43328574307981726 , unplacedBoxesSize:3
currentRepackCostTime:273.978s , currentRepackMaxTime:591.809s
iter5166		 Improve solution by repack 0.43328574307981726->0.42282820478366034 , unplacedBoxesSize:3
currentRepackCostTime:274.061s , currentRepackMaxTime:591.809s
iter5171		 Improve solution by repack 0.42282820478366034->0.420754165546896 , unplacedBoxesSize:3
currentRepackCostTime:274.077s , currentRepackMaxTime:591.809s
iter5216		 Improve solution by repack 0.420754165546896->0.41819168234345605 , unplacedBoxesSize:3
currentRepackCostTime:274.281s , currentRepackMaxTime:591.809s
iter5226		 Improve solution by repack 0.41819168234345605->0.41728030099435637 , unplacedBoxesSize:3
currentRepackCostTime:274.33s , currentRepackMaxTime:591.809s
iter5239		 Improve solution by repack 0.41728030099435637->0.41707672668637463 , unplacedBoxesSize:3
currentRepackCostTime:274.38100000000003s , currentRepackMaxTime:591.809s
iter5354		 Improve solution by repack 0.41707672668637463->0.4106691749529696 , unplacedBoxesSize:4
currentRepackCostTime:274.877s , currentRepackMaxTime:591.809s
iter5356		 Improve solution by repack 0.4106691749529696->0.40563071083042196 , unplacedBoxesSize:4
currentRepackCostTime:274.883s , currentRepackMaxTime:591.809s
iter5366		 Improve solution by repack 0.40563071083042196->0.40165580489115826 , unplacedBoxesSize:2
currentRepackCostTime:274.939s , currentRepackMaxTime:591.809s
iter5368		 Improve solution by repack 0.40165580489115826->0.40010313087879606 , unplacedBoxesSize:2
currentRepackCostTime:274.94100000000003s , currentRepackMaxTime:591.809s
iter5487		 Improve solution by repack 0.40010313087879606->0.3882763370061811 , unplacedBoxesSize:3
currentRepackCostTime:275.385s , currentRepackMaxTime:591.809s
iter5529		 Improve solution by repack 0.3882763370061811->0.38807276269819946 , unplacedBoxesSize:3
currentRepackCostTime:275.594s , currentRepackMaxTime:591.809s
iter5892		 Improve solution by repack 0.38807276269819946->0.3844255576457941 , unplacedBoxesSize:2
currentRepackCostTime:277.262s , currentRepackMaxTime:591.809s
iter6013		 Improve solution by repack 0.3844255576457941->0.38389411448535343 , unplacedBoxesSize:2
currentRepackCostTime:277.72s , currentRepackMaxTime:591.809s
Selecting boards with low utilization for repacking...
iter9		 Improve solution by repack 0.9170115560333244->0.9129269685568395 , unplacedBoxesSize:8
currentRepackCostTime:294.23900000000003s , currentRepackMaxTime:591.809s
iter10		 Improve solution by repack 0.9129269685568395->0.8965677909164204 , unplacedBoxesSize:5
currentRepackCostTime:294.245s , currentRepackMaxTime:591.809s
iter74		 Improve solution by repack 0.8965677909164204->0.8960696049449073 , unplacedBoxesSize:5
currentRepackCostTime:294.588s , currentRepackMaxTime:591.809s
iter76		 Improve solution by repack 0.8960696049449073->0.893995565708143 , unplacedBoxesSize:5
currentRepackCostTime:294.596s , currentRepackMaxTime:591.809s
iter116		 Improve solution by repack 0.893995565708143->0.47815170653050254 , unplacedBoxesSize:2
currentRepackCostTime:294.766s , currentRepackMaxTime:591.809s
iter635		 Improve solution by repack 0.47815170653050254->0.470704447729105 , unplacedBoxesSize:3
currentRepackCostTime:296.695s , currentRepackMaxTime:591.809s
iter1032		 Improve solution by repack 0.470704447729105->0.4632571889277076 , unplacedBoxesSize:4
currentRepackCostTime:298.415s , currentRepackMaxTime:591.809s
iter1298		 Improve solution by repack 0.4632571889277076->0.46092414673474874 , unplacedBoxesSize:4
currentRepackCostTime:299.661s , currentRepackMaxTime:591.809s
iter1302		 Improve solution by repack 0.46092414673474874->0.4497035407148616 , unplacedBoxesSize:4
currentRepackCostTime:299.683s , currentRepackMaxTime:591.809s
iter1305		 Improve solution by repack 0.4497035407148616->0.41584385917764044 , unplacedBoxesSize:3
currentRepackCostTime:299.702s , currentRepackMaxTime:591.809s
Selecting boards with low utilization for repacking...
iter6		 Improve solution by repack 0.9022448602526203->0.8985670854608977 , unplacedBoxesSize:8
currentRepackCostTime:316.709s , currentRepackMaxTime:591.809s
iter9		 Improve solution by repack 0.8985670854608977->0.8948891427035742 , unplacedBoxesSize:7
currentRepackCostTime:316.725s , currentRepackMaxTime:591.809s
iter15		 Improve solution by repack 0.8948891427035742->0.4756147540983607 , unplacedBoxesSize:3
currentRepackCostTime:316.762s , currentRepackMaxTime:591.809s
iter443		 Improve solution by repack 0.4756147540983607->0.470704447729105 , unplacedBoxesSize:3
currentRepackCostTime:318.491s , currentRepackMaxTime:591.809s
iter454		 Improve solution by repack 0.470704447729105->0.4631308787960226 , unplacedBoxesSize:3
currentRepackCostTime:318.535s , currentRepackMaxTime:591.809s
iter600		 Improve solution by repack 0.4631308787960226->0.4261656812684762 , unplacedBoxesSize:4
currentRepackCostTime:319.14s , currentRepackMaxTime:591.809s
iter646		 Improve solution by repack 0.4261656812684762->0.4239764176296694 , unplacedBoxesSize:3
currentRepackCostTime:319.368s , currentRepackMaxTime:591.809s
iter726		 Improve solution by repack 0.4239764176296694->0.4193835662456329 , unplacedBoxesSize:3
currentRepackCostTime:319.738s , currentRepackMaxTime:591.809s
iter958		 Improve solution by repack 0.4193835662456329->0.4179178984144047 , unplacedBoxesSize:3
currentRepackCostTime:320.718s , currentRepackMaxTime:591.809s
iter1015		 Improve solution by repack 0.4179178984144047->0.41584385917764044 , unplacedBoxesSize:3
currentRepackCostTime:320.995s , currentRepackMaxTime:591.809s
iter1168		 Improve solution by repack 0.41584385917764044->0.41330690674549847 , unplacedBoxesSize:4
currentRepackCostTime:321.639s , currentRepackMaxTime:591.809s
iter1172		 Improve solution by repack 0.41330690674549847->0.392983069067455 , unplacedBoxesSize:3
currentRepackCostTime:321.658s , currentRepackMaxTime:591.809s
iter1413		 Improve solution by repack 0.392983069067455->0.35980045686643375 , unplacedBoxesSize:2
currentRepackCostTime:322.749s , currentRepackMaxTime:591.809s
Selecting boards with low utilization for repacking...
iter4		 Improve solution by repack 0.9119220303681805->0.8965237839290514 , unplacedBoxesSize:7
currentRepackCostTime:337.168s , currentRepackMaxTime:591.809s
iter5		 Improve solution by repack 0.8965237839290514->0.8959390956732062 , unplacedBoxesSize:6
currentRepackCostTime:337.171s , currentRepackMaxTime:591.809s
iter14		 Improve solution by repack 0.8959390956732062->0.893222923945176 , unplacedBoxesSize:6
currentRepackCostTime:337.219s , currentRepackMaxTime:591.809s
iter63		 Improve solution by repack 0.893222923945176->0.4756147540983607 , unplacedBoxesSize:3
currentRepackCostTime:337.469s , currentRepackMaxTime:591.809s
iter141		 Improve solution by repack 0.4756147540983607->0.470704447729105 , unplacedBoxesSize:3
currentRepackCostTime:337.77s , currentRepackMaxTime:591.809s
iter251		 Improve solution by repack 0.470704447729105->0.45652865493147005 , unplacedBoxesSize:3
currentRepackCostTime:338.198s , currentRepackMaxTime:591.809s
iter342		 Improve solution by repack 0.45652865493147005->0.4420468288094598 , unplacedBoxesSize:3
currentRepackCostTime:338.603s , currentRepackMaxTime:591.809s
iter361		 Improve solution by repack 0.4420468288094598->0.4389616366568127 , unplacedBoxesSize:3
currentRepackCostTime:338.695s , currentRepackMaxTime:591.809s
iter480		 Improve solution by repack 0.4389616366568127->0.428886723998925 , unplacedBoxesSize:3
currentRepackCostTime:339.181s , currentRepackMaxTime:591.809s
iter578		 Improve solution by repack 0.428886723998925->0.42282820478366034 , unplacedBoxesSize:3
currentRepackCostTime:339.57s , currentRepackMaxTime:591.809s
iter674		 Improve solution by repack 0.42282820478366034->0.4179178984144047 , unplacedBoxesSize:3
currentRepackCostTime:339.994s , currentRepackMaxTime:591.809s
iter708		 Improve solution by repack 0.4179178984144047->0.41584385917764044 , unplacedBoxesSize:3
currentRepackCostTime:340.164s , currentRepackMaxTime:591.809s
iter752		 Improve solution by repack 0.41584385917764044->0.41337980381617845 , unplacedBoxesSize:2
currentRepackCostTime:340.365s , currentRepackMaxTime:591.809s
iter852		 Improve solution by repack 0.41337980381617845->0.41084285138403653 , unplacedBoxesSize:3
currentRepackCostTime:340.714s , currentRepackMaxTime:591.809s
iter875		 Improve solution by repack 0.41084285138403653->0.3952650497178178 , unplacedBoxesSize:3
currentRepackCostTime:340.82800000000003s , currentRepackMaxTime:591.809s
iter879		 Improve solution by repack 0.3952650497178178->0.3940980247245364 , unplacedBoxesSize:3
currentRepackCostTime:340.842s , currentRepackMaxTime:591.809s
iter925		 Improve solution by repack 0.3940980247245364->0.392983069067455 , unplacedBoxesSize:3
currentRepackCostTime:341.072s , currentRepackMaxTime:591.809s
iter1433		 Improve solution by repack 0.392983069067455->0.38807276269819946 , unplacedBoxesSize:3
currentRepackCostTime:343.375s , currentRepackMaxTime:591.809s
Selecting boards with low utilization for repacking...
iter3		 Improve solution by repack 0.9115607363611933->0.38807276269819946 , unplacedBoxesSize:3
currentRepackCostTime:359.925s , currentRepackMaxTime:591.809s
Selecting boards with low utilization for repacking...
iter1		 Improve solution by repack 0.9209669779629133->0.9147801330287556 , unplacedBoxesSize:5
currentRepackCostTime:383.593s , currentRepackMaxTime:591.809s
iter2		 Improve solution by repack 0.9147801330287556->0.9103937113679119 , unplacedBoxesSize:4
currentRepackCostTime:383.599s , currentRepackMaxTime:591.809s
iter7		 Improve solution by repack 0.9103937113679119->0.47750167965600643 , unplacedBoxesSize:3
currentRepackCostTime:383.62s , currentRepackMaxTime:591.809s
iter19		 Improve solution by repack 0.47750167965600643->0.4739132625638269 , unplacedBoxesSize:1
currentRepackCostTime:383.653s , currentRepackMaxTime:591.809s
iter24		 Improve solution by repack 0.4739132625638269->0.470704447729105 , unplacedBoxesSize:3
currentRepackCostTime:383.66700000000003s , currentRepackMaxTime:591.809s
iter909		 Improve solution by repack 0.470704447729105->0.45726921526471376 , unplacedBoxesSize:4
currentRepackCostTime:387.44s , currentRepackMaxTime:591.809s
iter977		 Improve solution by repack 0.45726921526471376->0.4571590298306907 , unplacedBoxesSize:4
currentRepackCostTime:387.785s , currentRepackMaxTime:591.809s
iter1013		 Improve solution by repack 0.4571590298306907->0.4546415614082236 , unplacedBoxesSize:5
currentRepackCostTime:387.918s , currentRepackMaxTime:591.809s
iter1030		 Improve solution by repack 0.4546415614082236->0.44765587207739854 , unplacedBoxesSize:4
currentRepackCostTime:388.032s , currentRepackMaxTime:591.809s
iter1052		 Improve solution by repack 0.44765587207739854->0.4389616366568127 , unplacedBoxesSize:3
currentRepackCostTime:388.148s , currentRepackMaxTime:591.809s
iter1394		 Improve solution by repack 0.4389616366568127->0.4289969094329481 , unplacedBoxesSize:3
currentRepackCostTime:389.615s , currentRepackMaxTime:591.809s
iter1399		 Improve solution by repack 0.4289969094329481->0.428886723998925 , unplacedBoxesSize:3
currentRepackCostTime:389.633s , currentRepackMaxTime:591.809s
iter1946		 Improve solution by repack 0.428886723998925->0.42282820478366034 , unplacedBoxesSize:3
currentRepackCostTime:391.926s , currentRepackMaxTime:591.809s
iter1979		 Improve solution by repack 0.42282820478366034->0.420754165546896 , unplacedBoxesSize:3
currentRepackCostTime:392.064s , currentRepackMaxTime:591.809s
iter2256		 Improve solution by repack 0.420754165546896->0.4144732598763773 , unplacedBoxesSize:3
currentRepackCostTime:393.229s , currentRepackMaxTime:591.809s
iter2287		 Improve solution by repack 0.4144732598763773->0.4052116366568127 , unplacedBoxesSize:3
currentRepackCostTime:393.345s , currentRepackMaxTime:591.809s
iter2362		 Improve solution by repack 0.4052116366568127->0.38807276269819946 , unplacedBoxesSize:3
currentRepackCostTime:393.68600000000004s , currentRepackMaxTime:591.809s
Selecting boards with low utilization for repacking...
iter12		 Improve solution by repack 0.9260630542864822->0.4101955119591508 , unplacedBoxesSize:5
currentRepackCostTime:406.195s , currentRepackMaxTime:591.809s
iter15		 Improve solution by repack 0.4101955119591508->0.38807276269819946 , unplacedBoxesSize:3
currentRepackCostTime:406.206s , currentRepackMaxTime:591.809s
Selecting boards with low utilization for repacking...
iter7		 Improve solution by repack 0.9260630542864822->0.405932545014781 , unplacedBoxesSize:3
currentRepackCostTime:429.39s , currentRepackMaxTime:591.809s
iter58		 Improve solution by repack 0.405932545014781->0.3903547433485622 , unplacedBoxesSize:3
currentRepackCostTime:429.594s , currentRepackMaxTime:591.809s
iter69		 Improve solution by repack 0.3903547433485622->0.3882763370061811 , unplacedBoxesSize:3
currentRepackCostTime:429.65000000000003s , currentRepackMaxTime:591.809s
iter75		 Improve solution by repack 0.3882763370061811->0.38807276269819946 , unplacedBoxesSize:3
currentRepackCostTime:429.677s , currentRepackMaxTime:591.809s
iter213		 Improve solution by repack 0.38807276269819946->0.3844255576457941 , unplacedBoxesSize:2
currentRepackCostTime:430.245s , currentRepackMaxTime:591.809s
iter251		 Improve solution by repack 0.3844255576457941->0.38389411448535343 , unplacedBoxesSize:2
currentRepackCostTime:430.40000000000003s , currentRepackMaxTime:591.809s
iter1854		 Improve solution by repack 0.38389411448535343->0.35961871808653584 , unplacedBoxesSize:3
currentRepackCostTime:436.446s , currentRepackMaxTime:591.809s
iter1877		 Improve solution by repack 0.35961871808653584->0.3594151437785541 , unplacedBoxesSize:3
currentRepackCostTime:436.551s , currentRepackMaxTime:591.809s
iter1933		 Improve solution by repack 0.3594151437785541->0.356329951625907 , unplacedBoxesSize:3
currentRepackCostTime:436.809s , currentRepackMaxTime:591.809s
iter1975		 Improve solution by repack 0.356329951625907->0.35489015049717815 , unplacedBoxesSize:2
currentRepackCostTime:437.017s , currentRepackMaxTime:591.809s
Selecting boards with low utilization for repacking...
iter2		 Improve solution by repack 0.9266574845471648->0.9017804353668369 , unplacedBoxesSize:7
currentRepackCostTime:449.301s , currentRepackMaxTime:591.809s
iter29		 Improve solution by repack 0.9017804353668369->0.4614389613007256 , unplacedBoxesSize:3
currentRepackCostTime:449.451s , currentRepackMaxTime:591.809s
iter221		 Improve solution by repack 0.4614389613007256->0.4037421056167697 , unplacedBoxesSize:3
currentRepackCostTime:450.244s , currentRepackMaxTime:591.809s
iter231		 Improve solution by repack 0.4037421056167697->0.3983139613007256 , unplacedBoxesSize:4
currentRepackCostTime:450.286s , currentRepackMaxTime:591.809s
iter253		 Improve solution by repack 0.3983139613007256->0.3891877183552809 , unplacedBoxesSize:3
currentRepackCostTime:450.402s , currentRepackMaxTime:591.809s
iter367		 Improve solution by repack 0.3891877183552809->0.3882763370061811 , unplacedBoxesSize:3
currentRepackCostTime:450.975s , currentRepackMaxTime:591.809s
iter392		 Improve solution by repack 0.3882763370061811->0.38807276269819946 , unplacedBoxesSize:3
currentRepackCostTime:451.093s , currentRepackMaxTime:591.809s
iter427		 Improve solution by repack 0.38807276269819946->0.3844255576457941 , unplacedBoxesSize:2
currentRepackCostTime:451.255s , currentRepackMaxTime:591.809s
iter450		 Improve solution by repack 0.3844255576457941->0.38389411448535343 , unplacedBoxesSize:2
currentRepackCostTime:451.346s , currentRepackMaxTime:591.809s
Selecting boards with low utilization for repacking...
iter3		 Improve solution by repack 0.9267480180059123->0.9114374496103198 , unplacedBoxesSize:5
currentRepackCostTime:468.925s , currentRepackMaxTime:591.809s
iter5		 Improve solution by repack 0.9114374496103198->0.47815170653050254 , unplacedBoxesSize:2
currentRepackCostTime:468.938s , currentRepackMaxTime:591.809s
iter1637		 Improve solution by repack 0.47815170653050254->0.470704447729105 , unplacedBoxesSize:3
currentRepackCostTime:474.91700000000003s , currentRepackMaxTime:591.809s
iter2504		 Improve solution by repack 0.470704447729105->0.4052116366568127 , unplacedBoxesSize:3
currentRepackCostTime:478.511s , currentRepackMaxTime:591.809s
Selecting boards with low utilization for repacking...
iter17		 Improve solution by repack 0.9282316581564096->0.9264989250201559 , unplacedBoxesSize:9
currentRepackCostTime:490.5s , currentRepackMaxTime:591.809s
iter27		 Improve solution by repack 0.9264989250201559->0.9262953507121742 , unplacedBoxesSize:9
currentRepackCostTime:490.574s , currentRepackMaxTime:591.809s
iter28		 Improve solution by repack 0.9262953507121742->0.9183939129266326 , unplacedBoxesSize:8
currentRepackCostTime:490.577s , currentRepackMaxTime:591.809s
iter35		 Improve solution by repack 0.9183939129266326->0.9017804353668369 , unplacedBoxesSize:7
currentRepackCostTime:490.617s , currentRepackMaxTime:591.809s
iter43		 Improve solution by repack 0.9017804353668369->0.470704447729105 , unplacedBoxesSize:3
currentRepackCostTime:490.675s , currentRepackMaxTime:591.809s
Selecting boards with low utilization for repacking...
iter5		 Improve solution by repack 0.9051384036549314->0.8962590701424348 , unplacedBoxesSize:4
currentRepackCostTime:511.731s , currentRepackMaxTime:591.809s
iter7		 Improve solution by repack 0.8962590701424348->0.8659694974469229 , unplacedBoxesSize:6
currentRepackCostTime:511.73900000000003s , currentRepackMaxTime:591.809s
iter14		 Improve solution by repack 0.8659694974469229->0.5411794544477291 , unplacedBoxesSize:3
currentRepackCostTime:511.773s , currentRepackMaxTime:591.809s
iter30		 Improve solution by repack 0.5411794544477291->0.5391054152109648 , unplacedBoxesSize:3
currentRepackCostTime:511.88s , currentRepackMaxTime:591.809s
iter50		 Improve solution by repack 0.5391054152109648->0.5291212039774255 , unplacedBoxesSize:5
currentRepackCostTime:511.967s , currentRepackMaxTime:591.809s
iter61		 Improve solution by repack 0.5291212039774255->0.5087973662993819 , unplacedBoxesSize:4
currentRepackCostTime:512.029s , currentRepackMaxTime:591.809s
iter62		 Improve solution by repack 0.5087973662993819->0.47815170653050254 , unplacedBoxesSize:2
currentRepackCostTime:512.035s , currentRepackMaxTime:591.809s
Selecting boards with low utilization for repacking...
iter1		 Improve solution by repack 0.8772110991668907->0.47815170653050254 , unplacedBoxesSize:2
currentRepackCostTime:530.545s , currentRepackMaxTime:591.809s
Selecting boards with low utilization for repacking...
iter18		 Improve solution by repack 0.8955169981187854->0.5113343187315238 , unplacedBoxesSize:3
currentRepackCostTime:549.445s , currentRepackMaxTime:591.809s
iter453		 Improve solution by repack 0.5113343187315238->0.47815170653050254 , unplacedBoxesSize:2
currentRepackCostTime:551.357s , currentRepackMaxTime:591.809s
Selecting boards with low utilization for repacking...
iter2		 Improve solution by repack 0.9135318126847621->0.8949724536414942 , unplacedBoxesSize:7
currentRepackCostTime:568.731s , currentRepackMaxTime:591.809s
iter10		 Improve solution by repack 0.8949724536414942->0.86368751679656 , unplacedBoxesSize:6
currentRepackCostTime:568.78s , currentRepackMaxTime:591.809s
iter14		 Improve solution by repack 0.86368751679656->0.5622231926901371 , unplacedBoxesSize:3
currentRepackCostTime:568.795s , currentRepackMaxTime:591.809s
iter64		 Improve solution by repack 0.5622231926901371->0.5136162993818866 , unplacedBoxesSize:3
currentRepackCostTime:569.023s , currentRepackMaxTime:591.809s
iter67		 Improve solution by repack 0.5136162993818866->0.5124492743886052 , unplacedBoxesSize:3
currentRepackCostTime:569.033s , currentRepackMaxTime:591.809s
iter72		 Improve solution by repack 0.5124492743886052->0.5113343187315238 , unplacedBoxesSize:3
currentRepackCostTime:569.061s , currentRepackMaxTime:591.809s
iter1877		 Improve solution by repack 0.5113343187315238->0.47815170653050254 , unplacedBoxesSize:2
currentRepackCostTime:577.102s , currentRepackMaxTime:591.809s
Selecting boards with low utilization for repacking...
iter17		 Improve solution by repack 0.9141240593926363->0.5378013302875572 , unplacedBoxesSize:4
currentRepackCostTime:589.207s , currentRepackMaxTime:591.809s
iter19		 Improve solution by repack 0.5378013302875572->0.47815170653050254 , unplacedBoxesSize:2
currentRepackCostTime:589.216s , currentRepackMaxTime:591.809s
Global repack result: 75 -> 72 boards.
