total number of nestable workpieces：115
Processing color group: 0 (1/1), boxes: 115
searchTime: 1000
Start nesting on the 1th large board, remaining blocks count: 104
Utilization of the 1th large board: 98.56409567320613, Time taken for this board: 0.802s
-------------------------------------------------------------------
Start nesting on the 2th large board, remaining blocks count: 93
Utilization of the 2th large board: 98.264579414136, Time taken for this board: 1.331s
-------------------------------------------------------------------
Start nesting on the 3th large board, remaining blocks count: 93
Utilization of the 3th large board: 98.73306906745498, Time taken for this board: 1.8780000000000001s
-------------------------------------------------------------------
Start nesting on the 4th large board, remaining blocks count: 90
Utilization of the 4th large board: 97.98241400161247, Time taken for this board: 2.481s
-------------------------------------------------------------------
Start nesting on the 5th large board, remaining blocks count: 84
Utilization of the 5th large board: 98.6742979037893, Time taken for this board: 2.991s
-------------------------------------------------------------------
Start nesting on the 6th large board, remaining blocks count: 79
Utilization of the 6th large board: 96.5452331362537, Time taken for this board: 3.4370000000000003s
-------------------------------------------------------------------
Start nesting on the 7th large board, remaining blocks count: 68
Utilization of the 7th large board: 97.689062080086, Time taken for this board: 3.887s
-------------------------------------------------------------------
Start nesting on the 8th large board, remaining blocks count: 57
Utilization of the 8th large board: 91.77097890352056, Time taken for this board: 3.927s
-------------------------------------------------------------------
Start nesting on the 9th large board, remaining blocks count: 54
Utilization of the 9th large board: 93.0217683418436, Time taken for this board: 3.972s
-------------------------------------------------------------------
Start nesting on the 10th large board, remaining blocks count: 44
Utilization of the 10th large board: 89.88000537489923, Time taken for this board: 4.008s
-------------------------------------------------------------------
Start nesting on the 11th large board, remaining blocks count: 38
Utilization of the 11th large board: 91.21076323568934, Time taken for this board: 4.038s
-------------------------------------------------------------------
Start nesting on the 12th large board, remaining blocks count: 26
Utilization of the 12th large board: 85.4627116366568, Time taken for this board: 4.046s
-------------------------------------------------------------------
Start nesting on the 13th large board, remaining blocks count: 18
Utilization of the 13th large board: 76.38900833109379, Time taken for this board: 4.049s
-------------------------------------------------------------------
Start nesting on the 14th large board, remaining blocks count: 8
Utilization of the 14th large board: 72.97510749798441, Time taken for this board: 4.049s
-------------------------------------------------------------------
Start nesting on the 15th large board, remaining blocks count: 4
Utilization of the 15th large board: 27.887127116366567, Time taken for this board: 4.049s
-------------------------------------------------------------------
Found solution: 15


Lower Bound LB=15
Lower bound reached, no optimization required.
