total number of nestable workpieces：442
Start priority-first combined packing.
Start nesting on the 1th large board, remaining blocks count: 278
Utilization of the 1th large board: 99.33001881214727, Time taken for this board: 1.0010000000000001s
-------------------------------------------------------------------
Start nesting on the 2th large board, remaining blocks count: 271
Utilization of the 2th large board: 97.98095740392367, Time taken for this board: 2.011s
-------------------------------------------------------------------
Start nesting on the 3th large board, remaining blocks count: 262
Utilization of the 3th large board: 98.35793469497447, Time taken for this board: 3.0140000000000002s
-------------------------------------------------------------------
Start nesting on the 4th large board, remaining blocks count: 250
Utilization of the 4th large board: 98.50131349099705, Time taken for this board: 4.017s
-------------------------------------------------------------------
Start nesting on the 5th large board, remaining blocks count: 237
Utilization of the 5th large board: 98.08512496640688, Time taken for this board: 5.017s
-------------------------------------------------------------------
Start nesting on the 6th large board, remaining blocks count: 231
Utilization of the 6th large board: 98.5315607363612, Time taken for this board: 6.019s
-------------------------------------------------------------------
Start nesting on the 7th large board, remaining blocks count: 218
Utilization of the 7th large board: 98.45411179790378, Time taken for this board: 7.0200000000000005s
-------------------------------------------------------------------
Start nesting on the 8th large board, remaining blocks count: 210
Utilization of the 8th large board: 98.84909970438055, Time taken for this board: 8.021s
-------------------------------------------------------------------
Start nesting on the 9th large board, remaining blocks count: 202
Utilization of the 9th large board: 97.54407417360925, Time taken for this board: 9.021s
-------------------------------------------------------------------
Start nesting on the 10th large board, remaining blocks count: 190
Utilization of the 10th large board: 96.92792596076323, Time taken for this board: 10.023s
-------------------------------------------------------------------
Start nesting on the 11th large board, remaining blocks count: 182
Utilization of the 11th large board: 97.04205858640151, Time taken for this board: 11.023s
-------------------------------------------------------------------
Start nesting on the 12th large board, remaining blocks count: 178
Utilization of the 12th large board: 98.75967481859715, Time taken for this board: 12.023s
-------------------------------------------------------------------
Start nesting on the 13th large board, remaining blocks count: 172
Utilization of the 13th large board: 97.42075382961569, Time taken for this board: 13.024000000000001s
-------------------------------------------------------------------
Start nesting on the 14th large board, remaining blocks count: 165
Utilization of the 14th large board: 97.9267669981188, Time taken for this board: 14.024000000000001s
-------------------------------------------------------------------
Start nesting on the 15th large board, remaining blocks count: 155
Utilization of the 15th large board: 99.1248656275195, Time taken for this board: 15.026s
-------------------------------------------------------------------
Start nesting on the 16th large board, remaining blocks count: 148
Utilization of the 16th large board: 98.60622144584788, Time taken for this board: 16.027s
-------------------------------------------------------------------
Start nesting on the 17th large board, remaining blocks count: 140
Utilization of the 17th large board: 99.2081765654394, Time taken for this board: 17.029s
-------------------------------------------------------------------
Start nesting on the 18th large board, remaining blocks count: 132
Utilization of the 18th large board: 99.23662993818866, Time taken for this board: 18.03s
-------------------------------------------------------------------
Start nesting on the 19th large board, remaining blocks count: 120
Utilization of the 19th large board: 98.71165345337275, Time taken for this board: 19.03s
-------------------------------------------------------------------
Start nesting on the 20th large board, remaining blocks count: 110
Utilization of the 20th large board: 99.03315640956733, Time taken for this board: 20.03s
-------------------------------------------------------------------
Start nesting on the 21th large board, remaining blocks count: 96
Utilization of the 21th large board: 98.916403520559, Time taken for this board: 21.03s
-------------------------------------------------------------------
Start nesting on the 22th large board, remaining blocks count: 82
Utilization of the 22th large board: 98.3467985756517, Time taken for this board: 22.03s
-------------------------------------------------------------------
Start nesting on the 23th large board, remaining blocks count: 66
Utilization of the 23th large board: 97.80569739317387, Time taken for this board: 22.908s
-------------------------------------------------------------------
Start nesting on the 24th large board, remaining blocks count: 54
Utilization of the 24th large board: 98.6583075786079, Time taken for this board: 23.196s
-------------------------------------------------------------------
Start nesting on the 25th large board, remaining blocks count: 44
Utilization of the 25th large board: 98.08410037624294, Time taken for this board: 23.481s
-------------------------------------------------------------------
Start nesting on the 26th large board, remaining blocks count: 28
Utilization of the 26th large board: 97.5842179521634, Time taken for this board: 23.579s
-------------------------------------------------------------------
Start nesting on the 27th large board, remaining blocks count: 22
Utilization of the 27th large board: 77.98819201827466, Time taken for this board: 23.692s
-------------------------------------------------------------------
Start global repack optimization for 27 boards, time=5.0s.
Start improving solution by repacking.
Selecting boards with low utilization for repacking...
iter5		 Improve solution by repack 0.7798819201827466->0.7794699005643644 , unplacedBoxesSize:12
currentRepackCostTime:0.083s , currentRepackMaxTime:5.0s
iter3		 Improve solution by repack 0.7794699005643644->0.7746753224939532 , unplacedBoxesSize:12
currentRepackCostTime:0.137s , currentRepackMaxTime:5.0s
iter46		 Improve solution by repack 0.7746753224939532->0.7721534869658693 , unplacedBoxesSize:10
currentRepackCostTime:0.926s , currentRepackMaxTime:5.0s
iter122		 Improve solution by repack 0.7721534869658693->0.7713724469228702 , unplacedBoxesSize:12
currentRepackCostTime:2.745s , currentRepackMaxTime:5.0s
Global repack result: 27 -> 27 boards.
Start nesting on the 1th large board, remaining blocks count: 189
Utilization of the 1th large board: 98.84123891427036, Time taken for this board: 1.0030000000000001s
-------------------------------------------------------------------
Start nesting on the 2th large board, remaining blocks count: 179
Utilization of the 2th large board: 99.11482128460092, Time taken for this board: 2.004s
-------------------------------------------------------------------
Start nesting on the 3th large board, remaining blocks count: 171
Utilization of the 3th large board: 98.58915614082235, Time taken for this board: 3.0060000000000002s
-------------------------------------------------------------------
Start nesting on the 4th large board, remaining blocks count: 154
Utilization of the 4th large board: 99.6207546694437, Time taken for this board: 4.007s
-------------------------------------------------------------------
Start nesting on the 5th large board, remaining blocks count: 140
Utilization of the 5th large board: 98.93227626981994, Time taken for this board: 5.007s
-------------------------------------------------------------------
Start nesting on the 6th large board, remaining blocks count: 127
Utilization of the 6th large board: 98.78843052942759, Time taken for this board: 6.008s
-------------------------------------------------------------------
Start nesting on the 7th large board, remaining blocks count: 113
Utilization of the 7th large board: 99.09914740661114, Time taken for this board: 7.009s
-------------------------------------------------------------------
Start nesting on the 8th large board, remaining blocks count: 100
Utilization of the 8th large board: 98.20590902983069, Time taken for this board: 8.009s
-------------------------------------------------------------------
Start nesting on the 9th large board, remaining blocks count: 82
Utilization of the 9th large board: 97.55549583445311, Time taken for this board: 9.01s
-------------------------------------------------------------------
Start nesting on the 10th large board, remaining blocks count: 56
Utilization of the 10th large board: 98.9799229037893, Time taken for this board: 9.309000000000001s
-------------------------------------------------------------------
Start nesting on the 11th large board, remaining blocks count: 40
Utilization of the 11th large board: 98.19148044880409, Time taken for this board: 9.525s
-------------------------------------------------------------------
Start nesting on the 12th large board, remaining blocks count: 20
Utilization of the 12th large board: 91.59627754635851, Time taken for this board: 9.559000000000001s
-------------------------------------------------------------------
Start nesting on the 13th large board, remaining blocks count: 2
Utilization of the 13th large board: 5.5057010884170925, Time taken for this board: 9.559000000000001s
-------------------------------------------------------------------
Start global repack optimization for 13 boards, time=5.0s.
Start improving solution by repacking.
Selecting boards with low utilization for repacking...
iter15		 Improve solution by repack 0.05505701088417093->0.028155737704918034 , unplacedBoxesSize:1
currentRepackCostTime:0.403s , currentRepackMaxTime:5.0s
Selecting boards with low utilization for repacking...
iter2		 Improve solution by repack 0.9625767014915345->0.07049314700349368 , unplacedBoxesSize:1
currentRepackCostTime:4.241s , currentRepackMaxTime:5.0s
Global repack result: 13 -> 13 boards.
