total number of nestable workpieces：442
Processing color group: 0 (1/2), boxes: 169
Allocated time: 229.4s
searchTime: 1000
Start nesting on the 1th large board, remaining blocks count: 199
Utilization of the 1th large board: 98.9629131953776, Time taken for this board: 1.0010000000000001s
-------------------------------------------------------------------
Start nesting on the 2th large board, remaining blocks count: 189
Utilization of the 2th large board: 99.4340108505778, Time taken for this board: 2.001s
-------------------------------------------------------------------
Start nesting on the 3th large board, remaining blocks count: 180
Utilization of the 3th large board: 99.31906745498523, Time taken for this board: 3.0020000000000002s
-------------------------------------------------------------------
Start nesting on the 4th large board, remaining blocks count: 171
Utilization of the 4th large board: 98.86920938591776, Time taken for this board: 4.005s
-------------------------------------------------------------------
Start nesting on the 5th large board, remaining blocks count: 163
Utilization of the 5th large board: 98.75853265251277, Time taken for this board: 5.007s
-------------------------------------------------------------------
Start nesting on the 6th large board, remaining blocks count: 146
Utilization of the 6th large board: 99.35051027949476, Time taken for this board: 6.01s
-------------------------------------------------------------------
Start nesting on the 7th large board, remaining blocks count: 123
Utilization of the 7th large board: 99.25082756651437, Time taken for this board: 7.0120000000000005s
-------------------------------------------------------------------
Start nesting on the 8th large board, remaining blocks count: 110
Utilization of the 8th large board: 98.49931587610857, Time taken for this board: 8.016s
-------------------------------------------------------------------
Start nesting on the 9th large board, remaining blocks count: 88
Utilization of the 9th large board: 97.61623219564633, Time taken for this board: 9.016s
-------------------------------------------------------------------
Start nesting on the 10th large board, remaining blocks count: 62
Utilization of the 10th large board: 99.06534567320612, Time taken for this board: 9.327s
-------------------------------------------------------------------
Start nesting on the 11th large board, remaining blocks count: 44
Utilization of the 11th large board: 97.15480112872885, Time taken for this board: 9.542s
-------------------------------------------------------------------
Start nesting on the 12th large board, remaining blocks count: 18
Utilization of the 12th large board: 93.45092011556034, Time taken for this board: 9.552s
-------------------------------------------------------------------
Start nesting on the 13th large board, remaining blocks count: 2
Utilization of the 13th large board: 24.63719430260683, Time taken for this board: 9.552s
-------------------------------------------------------------------
Found solution: 13


Start improving solution by repacking.
Selecting boards with low utilization for repacking...
iter3		 Improve solution by repack 0.24637194302606824->0.24511623219564635 , unplacedBoxesSize:4
currentRepackCostTime:0.07100000000000001s , currentRepackMaxTime:219.85976470588236s
iter3		 Improve solution by repack 0.24511623219564635->0.23970370532115023 , unplacedBoxesSize:5
currentRepackCostTime:0.231s , currentRepackMaxTime:219.85976470588236s
iter16		 Improve solution by repack 0.23970370532115023->0.234718489653319 , unplacedBoxesSize:7
currentRepackCostTime:0.727s , currentRepackMaxTime:219.85976470588236s
iter16		 Improve solution by repack 0.234718489653319->0.23315842515452836 , unplacedBoxesSize:5
currentRepackCostTime:1.427s , currentRepackMaxTime:219.85976470588236s
iter18		 Improve solution by repack 0.23315842515452836->0.23125571083042193 , unplacedBoxesSize:6
currentRepackCostTime:2.104s , currentRepackMaxTime:219.85976470588236s
iter6		 Improve solution by repack 0.23125571083042193->0.22702810400429993 , unplacedBoxesSize:9
currentRepackCostTime:2.29s , currentRepackMaxTime:219.85976470588236s
iter9		 Improve solution by repack 0.22702810400429993->0.22444302606826122 , unplacedBoxesSize:7
currentRepackCostTime:2.73s , currentRepackMaxTime:219.85976470588236s
iter1		 Improve solution by repack 0.22444302606826122->0.22066447191615157 , unplacedBoxesSize:7
currentRepackCostTime:2.765s , currentRepackMaxTime:219.85976470588236s
iter61		 Improve solution by repack 0.22066447191615157->0.21909365761891966 , unplacedBoxesSize:8
currentRepackCostTime:5.198s , currentRepackMaxTime:219.85976470588236s
iter31		 Improve solution by repack 0.21909365761891966->0.2182846126713249 , unplacedBoxesSize:8
currentRepackCostTime:6.545s , currentRepackMaxTime:219.85976470588236s
iter2		 Improve solution by repack 0.2182846126713249->0.21505295451491535 , unplacedBoxesSize:9
currentRepackCostTime:6.724s , currentRepackMaxTime:219.85976470588236s
iter2		 Improve solution by repack 0.21505295451491535->0.21466327432141896 , unplacedBoxesSize:9
currentRepackCostTime:6.805s , currentRepackMaxTime:219.85976470588236s
iter2		 Improve solution by repack 0.21466327432141896->0.2115170653050255 , unplacedBoxesSize:7
currentRepackCostTime:6.88s , currentRepackMaxTime:219.85976470588236s
Selecting boards with low utilization for repacking...
iter3		 Improve solution by repack 0.9761623219564634->0.24651763638806773 , unplacedBoxesSize:7
currentRepackCostTime:10.907s , currentRepackMaxTime:219.85976470588236s
iter6		 Improve solution by repack 0.24651763638806773->0.2464978164471916 , unplacedBoxesSize:7
currentRepackCostTime:11.149000000000001s , currentRepackMaxTime:219.85976470588236s
iter4		 Improve solution by repack 0.2464978164471916->0.2401296660843859 , unplacedBoxesSize:8
currentRepackCostTime:11.332s , currentRepackMaxTime:219.85976470588236s
iter11		 Improve solution by repack 0.2401296660843859->0.23926363880677234 , unplacedBoxesSize:10
currentRepackCostTime:11.73s , currentRepackMaxTime:219.85976470588236s
iter1		 Improve solution by repack 0.23926363880677234->0.2345759322090836 , unplacedBoxesSize:10
currentRepackCostTime:11.817s , currentRepackMaxTime:219.85976470588236s
iter7		 Improve solution by repack 0.2345759322090836->0.23036414942219835 , unplacedBoxesSize:10
currentRepackCostTime:12.145s , currentRepackMaxTime:219.85976470588236s
iter1		 Improve solution by repack 0.23036414942219835->0.23035474334856224 , unplacedBoxesSize:9
currentRepackCostTime:12.165000000000001s , currentRepackMaxTime:219.85976470588236s
iter1		 Improve solution by repack 0.23035474334856224->0.2226316850309057 , unplacedBoxesSize:6
currentRepackCostTime:12.265s , currentRepackMaxTime:219.85976470588236s
iter6		 Improve solution by repack 0.2226316850309057->0.22095606019887126 , unplacedBoxesSize:6
currentRepackCostTime:12.501s , currentRepackMaxTime:219.85976470588236s
iter3		 Improve solution by repack 0.22095606019887126->0.21831630945982264 , unplacedBoxesSize:9
currentRepackCostTime:12.63s , currentRepackMaxTime:219.85976470588236s
iter4		 Improve solution by repack 0.21831630945982264->0.2166245599301263 , unplacedBoxesSize:8
currentRepackCostTime:12.8s , currentRepackMaxTime:219.85976470588236s
iter18		 Improve solution by repack 0.2166245599301263->0.21276773716742808 , unplacedBoxesSize:7
currentRepackCostTime:13.604000000000001s , currentRepackMaxTime:219.85976470588236s
iter10		 Improve solution by repack 0.21276773716742808->0.21188222252082775 , unplacedBoxesSize:8
currentRepackCostTime:14.034s , currentRepackMaxTime:219.85976470588236s
iter24		 Improve solution by repack 0.21188222252082775->0.21133230314431606 , unplacedBoxesSize:9
currentRepackCostTime:15.007s , currentRepackMaxTime:219.85976470588236s
iter1		 Improve solution by repack 0.21133230314431606->0.20551061542596077 , unplacedBoxesSize:11
currentRepackCostTime:15.11s , currentRepackMaxTime:219.85976470588236s
iter12		 Improve solution by repack 0.20551061542596077->0.20343926363880677 , unplacedBoxesSize:7
currentRepackCostTime:15.72s , currentRepackMaxTime:219.85976470588236s
iter31		 Improve solution by repack 0.20343926363880677->0.20237738511152917 , unplacedBoxesSize:8
currentRepackCostTime:17.013s , currentRepackMaxTime:219.85976470588236s
iter22		 Improve solution by repack 0.20237738511152917->0.20107195646331633 , unplacedBoxesSize:8
currentRepackCostTime:17.906s , currentRepackMaxTime:219.85976470588236s
iter6		 Improve solution by repack 0.20107195646331633->0.19818652076054824 , unplacedBoxesSize:10
currentRepackCostTime:18.239s , currentRepackMaxTime:219.85976470588236s
iter10		 Improve solution by repack 0.19818652076054824->0.19715185266057514 , unplacedBoxesSize:9
currentRepackCostTime:18.723s , currentRepackMaxTime:219.85976470588236s
iter14		 Improve solution by repack 0.19715185266057514->0.19321473562214458 , unplacedBoxesSize:7
currentRepackCostTime:19.436s , currentRepackMaxTime:219.85976470588236s
iter1		 Improve solution by repack 0.19321473562214458->0.1921988796694437 , unplacedBoxesSize:7
currentRepackCostTime:19.461000000000002s , currentRepackMaxTime:219.85976470588236s
iter13		 Improve solution by repack 0.1921988796694437->0.1883014058720774 , unplacedBoxesSize:7
currentRepackCostTime:20.039s , currentRepackMaxTime:219.85976470588236s
Selecting boards with low utilization for repacking...
iter5		 Improve solution by repack 0.9741591642031712->0.1926397440204246 , unplacedBoxesSize:8
currentRepackCostTime:25.444s , currentRepackMaxTime:219.85976470588236s
iter10		 Improve solution by repack 0.1926397440204246->0.18970102123085192 , unplacedBoxesSize:8
currentRepackCostTime:25.862000000000002s , currentRepackMaxTime:219.85976470588236s
iter54		 Improve solution by repack 0.18970102123085192->0.18963450685299651 , unplacedBoxesSize:7
currentRepackCostTime:28.234s , currentRepackMaxTime:219.85976470588236s
iter52		 Improve solution by repack 0.18963450685299651->0.18812416017199676 , unplacedBoxesSize:7
currentRepackCostTime:30.397000000000002s , currentRepackMaxTime:219.85976470588236s
iter44		 Improve solution by repack 0.18812416017199676->0.18611764310669174 , unplacedBoxesSize:7
currentRepackCostTime:32.474000000000004s , currentRepackMaxTime:219.85976470588236s
iter22		 Improve solution by repack 0.18611764310669174->0.18440943294813222 , unplacedBoxesSize:8
currentRepackCostTime:33.309s , currentRepackMaxTime:219.85976470588236s
iter8		 Improve solution by repack 0.18440943294813222->0.18330354743348562 , unplacedBoxesSize:7
currentRepackCostTime:33.713s , currentRepackMaxTime:219.85976470588236s
Selecting boards with low utilization for repacking...
iter8		 Improve solution by repack 0.9838386858371405->0.1959876377317925 , unplacedBoxesSize:8
currentRepackCostTime:37.011s , currentRepackMaxTime:219.85976470588236s
iter13		 Improve solution by repack 0.1959876377317925->0.19560769954313356 , unplacedBoxesSize:8
currentRepackCostTime:37.586s , currentRepackMaxTime:219.85976470588236s
iter12		 Improve solution by repack 0.19560769954313356->0.1932377049180328 , unplacedBoxesSize:7
currentRepackCostTime:38.206s , currentRepackMaxTime:219.85976470588236s
iter6		 Improve solution by repack 0.1932377049180328->0.19323691044074173 , unplacedBoxesSize:8
currentRepackCostTime:38.453s , currentRepackMaxTime:219.85976470588236s
iter17		 Improve solution by repack 0.19323691044074173->0.19273112066648748 , unplacedBoxesSize:8
currentRepackCostTime:39.269s , currentRepackMaxTime:219.85976470588236s
iter1		 Improve solution by repack 0.19273112066648748->0.19193563558183285 , unplacedBoxesSize:11
currentRepackCostTime:39.299s , currentRepackMaxTime:219.85976470588236s
iter7		 Improve solution by repack 0.19193563558183285->0.1881106003090567 , unplacedBoxesSize:9
currentRepackCostTime:39.656s , currentRepackMaxTime:219.85976470588236s
iter10		 Improve solution by repack 0.1881106003090567->0.1810694823300188 , unplacedBoxesSize:7
currentRepackCostTime:40.133s , currentRepackMaxTime:219.85976470588236s
iter5		 Improve solution by repack 0.1810694823300188->0.18089412624294546 , unplacedBoxesSize:7
currentRepackCostTime:40.333s , currentRepackMaxTime:219.85976470588236s
iter8		 Improve solution by repack 0.18089412624294546->0.1806140822359581 , unplacedBoxesSize:9
currentRepackCostTime:40.778s , currentRepackMaxTime:219.85976470588236s
iter4		 Improve solution by repack 0.1806140822359581->0.18050255307712978 , unplacedBoxesSize:8
currentRepackCostTime:41.068s , currentRepackMaxTime:219.85976470588236s
Selecting boards with low utilization for repacking...
iter1		 Improve solution by repack 0.9861333092582639->0.19585259338887395 , unplacedBoxesSize:6
currentRepackCostTime:46.145s , currentRepackMaxTime:219.85976470588236s
Selecting boards with low utilization for repacking...
iter2		 Improve solution by repack 0.9780313205455522->0.19585259338887395 , unplacedBoxesSize:6
currentRepackCostTime:51.403s , currentRepackMaxTime:219.85976470588236s
iter31		 Improve solution by repack 0.19585259338887395->0.1926377317925289 , unplacedBoxesSize:6
currentRepackCostTime:52.587s , currentRepackMaxTime:219.85976470588236s
iter35		 Improve solution by repack 0.1926377317925289->0.19102324643912927 , unplacedBoxesSize:8
currentRepackCostTime:53.965s , currentRepackMaxTime:219.85976470588236s
iter15		 Improve solution by repack 0.19102324643912927->0.1888510178715399 , unplacedBoxesSize:7
currentRepackCostTime:54.644s , currentRepackMaxTime:219.85976470588236s
iter59		 Improve solution by repack 0.1888510178715399->0.18879390956732062 , unplacedBoxesSize:7
currentRepackCostTime:57.01s , currentRepackMaxTime:219.85976470588236s
Selecting boards with low utilization for repacking...
iter4		 Improve solution by repack 0.9866809997312551->0.9860709453104004 , unplacedBoxesSize:12
currentRepackCostTime:62.275s , currentRepackMaxTime:219.85976470588236s
iter2		 Improve solution by repack 0.9860709453104004->0.19171180798172532 , unplacedBoxesSize:5
currentRepackCostTime:62.335s , currentRepackMaxTime:219.85976470588236s
iter15		 Improve solution by repack 0.19171180798172532->0.19132212778822896 , unplacedBoxesSize:5
currentRepackCostTime:62.859s , currentRepackMaxTime:219.85976470588236s
iter2		 Improve solution by repack 0.19132212778822896->0.19007491265788765 , unplacedBoxesSize:5
currentRepackCostTime:62.924s , currentRepackMaxTime:219.85976470588236s
iter28		 Improve solution by repack 0.19007491265788765->0.18992743550120936 , unplacedBoxesSize:8
currentRepackCostTime:63.952s , currentRepackMaxTime:219.85976470588236s
iter21		 Improve solution by repack 0.18992743550120936->0.18331249496103197 , unplacedBoxesSize:8
currentRepackCostTime:64.919s , currentRepackMaxTime:219.85976470588236s
iter37		 Improve solution by repack 0.18331249496103197->0.1818511942354206 , unplacedBoxesSize:8
currentRepackCostTime:66.521s , currentRepackMaxTime:219.85976470588236s
iter27		 Improve solution by repack 0.1818511942354206->0.1796689851518409 , unplacedBoxesSize:7
currentRepackCostTime:67.732s , currentRepackMaxTime:219.85976470588236s
Selecting boards with low utilization for repacking...
iter3		 Improve solution by repack 0.9886838181940338->0.19061933452029026 , unplacedBoxesSize:9
currentRepackCostTime:73.53s , currentRepackMaxTime:219.85976470588236s
iter8		 Improve solution by repack 0.19061933452029026->0.1879615694705724 , unplacedBoxesSize:7
currentRepackCostTime:73.899s , currentRepackMaxTime:219.85976470588236s
Selecting boards with low utilization for repacking...
iter2		 Improve solution by repack 0.9896133398280031->0.19664795585864014 , unplacedBoxesSize:8
currentRepackCostTime:79.162s , currentRepackMaxTime:219.85976470588236s
iter5		 Improve solution by repack 0.19664795585864014->0.19492643106691748 , unplacedBoxesSize:7
currentRepackCostTime:79.357s , currentRepackMaxTime:219.85976470588236s
iter5		 Improve solution by repack 0.19492643106691748->0.1927161196586939 , unplacedBoxesSize:7
currentRepackCostTime:79.523s , currentRepackMaxTime:219.85976470588236s
iter16		 Improve solution by repack 0.1927161196586939->0.192634369121204 , unplacedBoxesSize:6
currentRepackCostTime:80.163s , currentRepackMaxTime:219.85976470588236s
iter35		 Improve solution by repack 0.192634369121204->0.1921894769551196 , unplacedBoxesSize:8
currentRepackCostTime:81.749s , currentRepackMaxTime:219.85976470588236s
iter5		 Improve solution by repack 0.1921894769551196->0.18864204346949742 , unplacedBoxesSize:8
currentRepackCostTime:81.92s , currentRepackMaxTime:219.85976470588236s
iter29		 Improve solution by repack 0.18864204346949742->0.1886334318731524 , unplacedBoxesSize:8
currentRepackCostTime:83.164s , currentRepackMaxTime:219.85976470588236s
iter10		 Improve solution by repack 0.1886334318731524->0.1877109647944101 , unplacedBoxesSize:10
currentRepackCostTime:83.535s , currentRepackMaxTime:219.85976470588236s
iter27		 Improve solution by repack 0.1877109647944101->0.18449610319806503 , unplacedBoxesSize:9
currentRepackCostTime:85.11s , currentRepackMaxTime:219.85976470588236s
iter49		 Improve solution by repack 0.18449610319806503->0.1810830421929589 , unplacedBoxesSize:9
currentRepackCostTime:87.308s , currentRepackMaxTime:219.85976470588236s
iter17		 Improve solution by repack 0.1810830421929589->0.18067243684493417 , unplacedBoxesSize:7
currentRepackCostTime:88.245s , currentRepackMaxTime:219.85976470588236s
iter5		 Improve solution by repack 0.18067243684493417->0.18032508398280034 , unplacedBoxesSize:8
currentRepackCostTime:88.447s , currentRepackMaxTime:219.85976470588236s
iter53		 Improve solution by repack 0.18032508398280034->0.17971704850846548 , unplacedBoxesSize:6
currentRepackCostTime:90.846s , currentRepackMaxTime:219.85976470588236s
iter13		 Improve solution by repack 0.17971704850846548->0.17924136992743886 , unplacedBoxesSize:5
currentRepackCostTime:91.406s , currentRepackMaxTime:219.85976470588236s
iter8		 Improve solution by repack 0.17924136992743886->0.17505230784735287 , unplacedBoxesSize:5
currentRepackCostTime:91.662s , currentRepackMaxTime:219.85976470588236s
iter8		 Improve solution by repack 0.17505230784735287->0.17369322762698197 , unplacedBoxesSize:6
currentRepackCostTime:91.95700000000001s , currentRepackMaxTime:219.85976470588236s
Selecting boards with low utilization for repacking...
iter1		 Improve solution by repack 0.9906534567320613->0.9876783492340768 , unplacedBoxesSize:23
currentRepackCostTime:96.554s , currentRepackMaxTime:219.85976470588236s
iter8		 Improve solution by repack 0.9876783492340768->0.2128211468691212 , unplacedBoxesSize:5
currentRepackCostTime:97.0s , currentRepackMaxTime:219.85976470588236s
iter16		 Improve solution by repack 0.2128211468691212->0.2015271398817522 , unplacedBoxesSize:7
currentRepackCostTime:97.525s , currentRepackMaxTime:219.85976470588236s
iter22		 Improve solution by repack 0.2015271398817522->0.19294275732330018 , unplacedBoxesSize:5
currentRepackCostTime:98.363s , currentRepackMaxTime:219.85976470588236s
Selecting boards with low utilization for repacking...
iter4		 Improve solution by repack 0.9913591776404193->0.19294275732330018 , unplacedBoxesSize:5
currentRepackCostTime:101.57900000000001s , currentRepackMaxTime:219.85976470588236s
Selecting boards with low utilization for repacking...
iter4		 Improve solution by repack 0.9926437785541521->0.9886357565170654 , unplacedBoxesSize:27
currentRepackCostTime:106.34400000000001s , currentRepackMaxTime:219.85976470588236s
iter1		 Improve solution by repack 0.9886357565170654->0.9808829918032786 , unplacedBoxesSize:28
currentRepackCostTime:106.409s , currentRepackMaxTime:219.85976470588236s
iter3		 Improve solution by repack 0.9808829918032786->0.20975409836065573 , unplacedBoxesSize:10
currentRepackCostTime:106.596s , currentRepackMaxTime:219.85976470588236s
iter7		 Improve solution by repack 0.20975409836065573->0.20735958075786076 , unplacedBoxesSize:8
currentRepackCostTime:106.924s , currentRepackMaxTime:219.85976470588236s
iter2		 Improve solution by repack 0.20735958075786076->0.2054790378930395 , unplacedBoxesSize:8
currentRepackCostTime:106.99600000000001s , currentRepackMaxTime:219.85976470588236s
iter4		 Improve solution by repack 0.2054790378930395->0.205 , unplacedBoxesSize:6
currentRepackCostTime:107.146s , currentRepackMaxTime:219.85976470588236s
iter1		 Improve solution by repack 0.205->0.20470764243482936 , unplacedBoxesSize:7
currentRepackCostTime:107.166s , currentRepackMaxTime:219.85976470588236s
iter5		 Improve solution by repack 0.20470764243482936->0.19982128460091372 , unplacedBoxesSize:11
currentRepackCostTime:107.369s , currentRepackMaxTime:219.85976470588236s
iter6		 Improve solution by repack 0.19982128460091372->0.19829548508465464 , unplacedBoxesSize:10
currentRepackCostTime:107.694s , currentRepackMaxTime:219.85976470588236s
iter17		 Improve solution by repack 0.19829548508465464->0.19164891830153186 , unplacedBoxesSize:10
currentRepackCostTime:108.455s , currentRepackMaxTime:219.85976470588236s
iter10		 Improve solution by repack 0.19164891830153186->0.18825651706530502 , unplacedBoxesSize:8
currentRepackCostTime:108.97s , currentRepackMaxTime:219.85976470588236s
iter10		 Improve solution by repack 0.18825651706530502->0.18577868852459017 , unplacedBoxesSize:5
currentRepackCostTime:109.355s , currentRepackMaxTime:219.85976470588236s
iter54		 Improve solution by repack 0.18577868852459017->0.18540513302875572 , unplacedBoxesSize:7
currentRepackCostTime:111.185s , currentRepackMaxTime:219.85976470588236s
iter2		 Improve solution by repack 0.18540513302875572->0.1839090634238108 , unplacedBoxesSize:7
currentRepackCostTime:111.307s , currentRepackMaxTime:219.85976470588236s
iter24		 Improve solution by repack 0.1839090634238108->0.18158883196721312 , unplacedBoxesSize:8
currentRepackCostTime:112.331s , currentRepackMaxTime:219.85976470588236s
iter9		 Improve solution by repack 0.18158883196721312->0.18057969463853804 , unplacedBoxesSize:8
currentRepackCostTime:112.608s , currentRepackMaxTime:219.85976470588236s
iter21		 Improve solution by repack 0.18057969463853804->0.1787105734345606 , unplacedBoxesSize:8
currentRepackCostTime:113.57600000000001s , currentRepackMaxTime:219.85976470588236s
iter51		 Improve solution by repack 0.1787105734345606->0.1772594732598764 , unplacedBoxesSize:7
currentRepackCostTime:115.787s , currentRepackMaxTime:219.85976470588236s
Selecting boards with low utilization for repacking...
iter6		 Improve solution by repack 0.9912631013168502->0.18450248589088955 , unplacedBoxesSize:7
currentRepackCostTime:120.168s , currentRepackMaxTime:219.85976470588236s
iter16		 Improve solution by repack 0.18450248589088955->0.1811136119322763 , unplacedBoxesSize:8
currentRepackCostTime:120.905s , currentRepackMaxTime:219.85976470588236s
iter13		 Improve solution by repack 0.1811136119322763->0.18105448804084923 , unplacedBoxesSize:9
currentRepackCostTime:121.421s , currentRepackMaxTime:219.85976470588236s
iter2		 Improve solution by repack 0.18105448804084923->0.18022675356087073 , unplacedBoxesSize:9
currentRepackCostTime:121.501s , currentRepackMaxTime:219.85976470588236s
iter8		 Improve solution by repack 0.18022675356087073->0.17824106423004568 , unplacedBoxesSize:9
currentRepackCostTime:121.822s , currentRepackMaxTime:219.85976470588236s
iter27		 Improve solution by repack 0.17824106423004568->0.17636052136522443 , unplacedBoxesSize:6
currentRepackCostTime:122.967s , currentRepackMaxTime:219.85976470588236s
Selecting boards with low utilization for repacking...
All low-utilization boards have been repacked once. Restarting repacking process...
Selecting boards with low utilization for repacking...
iter7		 Improve solution by repack 0.17636052136522443->0.17464055361461972 , unplacedBoxesSize:7
currentRepackCostTime:127.95s , currentRepackMaxTime:219.85976470588236s
iter34		 Improve solution by repack 0.17464055361461972->0.17366500940607366 , unplacedBoxesSize:7
currentRepackCostTime:129.326s , currentRepackMaxTime:219.85976470588236s
Selecting boards with low utilization for repacking...
iter5		 Improve solution by repack 0.9837979407417362->0.18763470841171728 , unplacedBoxesSize:6
currentRepackCostTime:133.22s , currentRepackMaxTime:219.85976470588236s
iter4		 Improve solution by repack 0.18763470841171728->0.18625134372480515 , unplacedBoxesSize:6
currentRepackCostTime:133.375s , currentRepackMaxTime:219.85976470588236s
iter3		 Improve solution by repack 0.18625134372480515->0.18451625907014246 , unplacedBoxesSize:6
currentRepackCostTime:133.529s , currentRepackMaxTime:219.85976470588236s
iter18		 Improve solution by repack 0.18451625907014246->0.18006987368986832 , unplacedBoxesSize:6
currentRepackCostTime:134.254s , currentRepackMaxTime:219.85976470588236s
iter38		 Improve solution by repack 0.18006987368986832->0.1768200752485891 , unplacedBoxesSize:5
currentRepackCostTime:135.662s , currentRepackMaxTime:219.85976470588236s
Selecting boards with low utilization for repacking...
iter12		 Improve solution by repack 0.979811445176028->0.1875744541117979 , unplacedBoxesSize:7
currentRepackCostTime:140.84s , currentRepackMaxTime:219.85976470588236s
iter31		 Improve solution by repack 0.1875744541117979->0.1823360655737705 , unplacedBoxesSize:7
currentRepackCostTime:142.022s , currentRepackMaxTime:219.85976470588236s
iter12		 Improve solution by repack 0.1823360655737705->0.1789584906611126 , unplacedBoxesSize:7
currentRepackCostTime:142.514s , currentRepackMaxTime:219.85976470588236s
iter9		 Improve solution by repack 0.1789584906611126->0.17885850577801665 , unplacedBoxesSize:7
currentRepackCostTime:142.887s , currentRepackMaxTime:219.85976470588236s
iter7		 Improve solution by repack 0.17885850577801665->0.17508801397473797 , unplacedBoxesSize:6
currentRepackCostTime:143.175s , currentRepackMaxTime:219.85976470588236s
iter30		 Improve solution by repack 0.17508801397473797->0.17474670787422736 , unplacedBoxesSize:6
currentRepackCostTime:144.354s , currentRepackMaxTime:219.85976470588236s
Selecting boards with low utilization for repacking...
iter9		 Improve solution by repack 0.9810537187583983->0.18367038430529425 , unplacedBoxesSize:7
currentRepackCostTime:148.453s , currentRepackMaxTime:219.85976470588236s
iter41		 Improve solution by repack 0.18367038430529425->0.18050725275463586 , unplacedBoxesSize:5
currentRepackCostTime:150.089s , currentRepackMaxTime:219.85976470588236s
iter35		 Improve solution by repack 0.18050725275463586->0.18031241265788767 , unplacedBoxesSize:5
currentRepackCostTime:151.45600000000002s , currentRepackMaxTime:219.85976470588236s
Selecting boards with low utilization for repacking...
iter9		 Improve solution by repack 0.9849050692018275->0.21039907954850848 , unplacedBoxesSize:7
currentRepackCostTime:156.011s , currentRepackMaxTime:219.85976470588236s
iter35		 Improve solution by repack 0.21039907954850848->0.20685467616232198 , unplacedBoxesSize:7
currentRepackCostTime:157.419s , currentRepackMaxTime:219.85976470588236s
iter2		 Improve solution by repack 0.20685467616232198->0.20680764579414138 , unplacedBoxesSize:7
currentRepackCostTime:157.501s , currentRepackMaxTime:219.85976470588236s
iter4		 Improve solution by repack 0.20680764579414138->0.20100779360386994 , unplacedBoxesSize:6
currentRepackCostTime:157.629s , currentRepackMaxTime:219.85976470588236s
iter1		 Improve solution by repack 0.20100779360386994->0.20075786079011018 , unplacedBoxesSize:7
currentRepackCostTime:157.648s , currentRepackMaxTime:219.85976470588236s
iter1		 Improve solution by repack 0.20075786079011018->0.19958478903520557 , unplacedBoxesSize:5
currentRepackCostTime:157.698s , currentRepackMaxTime:219.85976470588236s
iter9		 Improve solution by repack 0.19958478903520557->0.19852055898951895 , unplacedBoxesSize:5
currentRepackCostTime:158.106s , currentRepackMaxTime:219.85976470588236s
Selecting boards with low utilization for repacking...
iter1		 Improve solution by repack 0.9794340936576189->0.9759740745095405 , unplacedBoxesSize:18
currentRepackCostTime:160.756s , currentRepackMaxTime:219.85976470588236s
iter2		 Improve solution by repack 0.9759740745095405->0.21939935165278152 , unplacedBoxesSize:6
currentRepackCostTime:160.841s , currentRepackMaxTime:219.85976470588236s
iter1		 Improve solution by repack 0.21939935165278152->0.21153251814028487 , unplacedBoxesSize:7
currentRepackCostTime:160.90800000000002s , currentRepackMaxTime:219.85976470588236s
iter23		 Improve solution by repack 0.21153251814028487->0.21079077868852458 , unplacedBoxesSize:6
currentRepackCostTime:161.794s , currentRepackMaxTime:219.85976470588236s
iter16		 Improve solution by repack 0.21079077868852458->0.20553782585326524 , unplacedBoxesSize:5
currentRepackCostTime:162.465s , currentRepackMaxTime:219.85976470588236s
iter20		 Improve solution by repack 0.20553782585326524->0.2037600779360387 , unplacedBoxesSize:5
currentRepackCostTime:163.243s , currentRepackMaxTime:219.85976470588236s
iter13		 Improve solution by repack 0.2037600779360387->0.2016285944638538 , unplacedBoxesSize:6
currentRepackCostTime:163.747s , currentRepackMaxTime:219.85976470588236s
iter52		 Improve solution by repack 0.2016285944638538->0.20067320612738512 , unplacedBoxesSize:7
currentRepackCostTime:165.824s , currentRepackMaxTime:219.85976470588236s
iter22		 Improve solution by repack 0.20067320612738512->0.19956261757592045 , unplacedBoxesSize:6
currentRepackCostTime:166.76s , currentRepackMaxTime:219.85976470588236s
Selecting boards with low utilization for repacking...
iter11		 Improve solution by repack 0.9808073837678044->0.24176834184359045 , unplacedBoxesSize:4
currentRepackCostTime:171.487s , currentRepackMaxTime:219.85976470588236s
iter4		 Improve solution by repack 0.24176834184359045->0.2309815909701693 , unplacedBoxesSize:7
currentRepackCostTime:171.62800000000001s , currentRepackMaxTime:219.85976470588236s
iter6		 Improve solution by repack 0.2309815909701693->0.22883297164740662 , unplacedBoxesSize:5
currentRepackCostTime:171.909s , currentRepackMaxTime:219.85976470588236s
iter11		 Improve solution by repack 0.22883297164740662->0.2220908324375168 , unplacedBoxesSize:4
currentRepackCostTime:172.183s , currentRepackMaxTime:219.85976470588236s
iter7		 Improve solution by repack 0.2220908324375168->0.21155334251545285 , unplacedBoxesSize:4
currentRepackCostTime:172.447s , currentRepackMaxTime:219.85976470588236s
iter15		 Improve solution by repack 0.21155334251545285->0.21121664539102392 , unplacedBoxesSize:4
currentRepackCostTime:172.973s , currentRepackMaxTime:219.85976470588236s
iter1		 Improve solution by repack 0.21121664539102392->0.21017926128728837 , unplacedBoxesSize:5
currentRepackCostTime:173.006s , currentRepackMaxTime:219.85976470588236s
iter25		 Improve solution by repack 0.21017926128728837->0.2089975812953507 , unplacedBoxesSize:6
currentRepackCostTime:174.048s , currentRepackMaxTime:219.85976470588236s
iter15		 Improve solution by repack 0.2089975812953507->0.20647003493684493 , unplacedBoxesSize:5
currentRepackCostTime:174.59300000000002s , currentRepackMaxTime:219.85976470588236s
iter48		 Improve solution by repack 0.20647003493684493->0.20515251276538563 , unplacedBoxesSize:6
currentRepackCostTime:176.441s , currentRepackMaxTime:219.85976470588236s
iter18		 Improve solution by repack 0.20515251276538563->0.20128796022574577 , unplacedBoxesSize:6
currentRepackCostTime:177.095s , currentRepackMaxTime:219.85976470588236s
iter36		 Improve solution by repack 0.20128796022574577->0.20078137597420048 , unplacedBoxesSize:6
currentRepackCostTime:178.431s , currentRepackMaxTime:219.85976470588236s
iter3		 Improve solution by repack 0.20078137597420048->0.19977123085192153 , unplacedBoxesSize:7
currentRepackCostTime:178.552s , currentRepackMaxTime:219.85976470588236s
iter30		 Improve solution by repack 0.19977123085192153->0.19621539908626714 , unplacedBoxesSize:9
currentRepackCostTime:179.83s , currentRepackMaxTime:219.85976470588236s
iter2		 Improve solution by repack 0.19621539908626714->0.19524791722655202 , unplacedBoxesSize:9
currentRepackCostTime:179.942s , currentRepackMaxTime:219.85976470588236s
iter10		 Improve solution by repack 0.19524791722655202->0.19287758667024993 , unplacedBoxesSize:8
currentRepackCostTime:180.424s , currentRepackMaxTime:219.85976470588236s
iter3		 Improve solution by repack 0.19287758667024993->0.18923743617307176 , unplacedBoxesSize:8
currentRepackCostTime:180.532s , currentRepackMaxTime:219.85976470588236s
iter5		 Improve solution by repack 0.18923743617307176->0.1887503359312013 , unplacedBoxesSize:8
currentRepackCostTime:180.794s , currentRepackMaxTime:219.85976470588236s
iter5		 Improve solution by repack 0.1887503359312013->0.1864478634775598 , unplacedBoxesSize:7
currentRepackCostTime:180.982s , currentRepackMaxTime:219.85976470588236s
iter1		 Improve solution by repack 0.1864478634775598->0.18311676968556842 , unplacedBoxesSize:8
currentRepackCostTime:181.012s , currentRepackMaxTime:219.85976470588236s
iter19		 Improve solution by repack 0.18311676968556842->0.18171123353937113 , unplacedBoxesSize:8
currentRepackCostTime:181.857s , currentRepackMaxTime:219.85976470588236s
iter1		 Improve solution by repack 0.18171123353937113->0.17818798710024186 , unplacedBoxesSize:6
currentRepackCostTime:181.905s , currentRepackMaxTime:219.85976470588236s
Selecting boards with low utilization for repacking...
iter4		 Improve solution by repack 0.9843935669174952->0.19436374630475678 , unplacedBoxesSize:8
currentRepackCostTime:186.666s , currentRepackMaxTime:219.85976470588236s
iter4		 Improve solution by repack 0.19436374630475678->0.192848696586939 , unplacedBoxesSize:8
currentRepackCostTime:186.832s , currentRepackMaxTime:219.85976470588236s
iter12		 Improve solution by repack 0.192848696586939->0.18500806234883097 , unplacedBoxesSize:7
currentRepackCostTime:187.315s , currentRepackMaxTime:219.85976470588236s
iter1		 Improve solution by repack 0.18500806234883097->0.18400564364418168 , unplacedBoxesSize:4
currentRepackCostTime:187.346s , currentRepackMaxTime:219.85976470588236s
iter27		 Improve solution by repack 0.18400564364418168->0.18104944907282988 , unplacedBoxesSize:5
currentRepackCostTime:188.26500000000001s , currentRepackMaxTime:219.85976470588236s
Selecting boards with low utilization for repacking...
iter5		 Improve solution by repack 0.9891735084654664->0.19293335124966404 , unplacedBoxesSize:6
currentRepackCostTime:191.383s , currentRepackMaxTime:219.85976470588236s
iter6		 Improve solution by repack 0.19293335124966404->0.18851047769416826 , unplacedBoxesSize:6
currentRepackCostTime:191.623s , currentRepackMaxTime:219.85976470588236s
iter24		 Improve solution by repack 0.18851047769416826->0.1884815876108573 , unplacedBoxesSize:8
currentRepackCostTime:192.523s , currentRepackMaxTime:219.85976470588236s
iter6		 Improve solution by repack 0.1884815876108573->0.18821553345874764 , unplacedBoxesSize:5
currentRepackCostTime:192.746s , currentRepackMaxTime:219.85976470588236s
iter30		 Improve solution by repack 0.18821553345874764->0.18182813423810804 , unplacedBoxesSize:8
currentRepackCostTime:193.832s , currentRepackMaxTime:219.85976470588236s
iter17		 Improve solution by repack 0.18182813423810804->0.1804655972856759 , unplacedBoxesSize:8
currentRepackCostTime:194.595s , currentRepackMaxTime:219.85976470588236s
iter18		 Improve solution by repack 0.1804655972856759->0.17535138067723732 , unplacedBoxesSize:7
currentRepackCostTime:195.407s , currentRepackMaxTime:219.85976470588236s
iter6		 Improve solution by repack 0.17535138067723732->0.1733008566245633 , unplacedBoxesSize:4
currentRepackCostTime:195.665s , currentRepackMaxTime:219.85976470588236s
Selecting boards with low utilization for repacking...
iter17		 Improve solution by repack 0.9906673978769148->0.9883179924751411 , unplacedBoxesSize:24
currentRepackCostTime:199.153s , currentRepackMaxTime:219.85976470588236s
iter2		 Improve solution by repack 0.9883179924751411->0.9875131013168503 , unplacedBoxesSize:23
currentRepackCostTime:199.234s , currentRepackMaxTime:219.85976470588236s
iter12		 Improve solution by repack 0.9875131013168503->0.20834520290244557 , unplacedBoxesSize:6
currentRepackCostTime:199.858s , currentRepackMaxTime:219.85976470588236s
iter2		 Improve solution by repack 0.20834520290244557->0.20070881483472186 , unplacedBoxesSize:4
currentRepackCostTime:199.93200000000002s , currentRepackMaxTime:219.85976470588236s
iter24		 Improve solution by repack 0.20070881483472186->0.18005912389142706 , unplacedBoxesSize:9
currentRepackCostTime:200.791s , currentRepackMaxTime:219.85976470588236s
iter11		 Improve solution by repack 0.18005912389142706->0.17333982800322492 , unplacedBoxesSize:7
currentRepackCostTime:201.296s , currentRepackMaxTime:219.85976470588236s
iter11		 Improve solution by repack 0.17333982800322492->0.1729891158290782 , unplacedBoxesSize:7
currentRepackCostTime:201.691s , currentRepackMaxTime:219.85976470588236s
iter29		 Improve solution by repack 0.1729891158290782->0.16671526471378662 , unplacedBoxesSize:6
currentRepackCostTime:202.86s , currentRepackMaxTime:219.85976470588236s
iter26		 Improve solution by repack 0.16671526471378662->0.1661361193227627 , unplacedBoxesSize:7
currentRepackCostTime:203.933s , currentRepackMaxTime:219.85976470588236s
iter35		 Improve solution by repack 0.1661361193227627->0.16307511421660845 , unplacedBoxesSize:7
currentRepackCostTime:205.262s , currentRepackMaxTime:219.85976470588236s
Selecting boards with low utilization for repacking...
iter1		 Improve solution by repack 0.9913677892367643->0.9817376881214728 , unplacedBoxesSize:16
currentRepackCostTime:209.304s , currentRepackMaxTime:219.85976470588236s
iter4		 Improve solution by repack 0.9817376881214728->0.20146319369793064 , unplacedBoxesSize:5
currentRepackCostTime:209.454s , currentRepackMaxTime:219.85976470588236s
iter2		 Improve solution by repack 0.20146319369793064->0.19673474872346142 , unplacedBoxesSize:4
currentRepackCostTime:209.559s , currentRepackMaxTime:219.85976470588236s
iter4		 Improve solution by repack 0.19673474872346142->0.1855895558989519 , unplacedBoxesSize:5
currentRepackCostTime:209.72400000000002s , currentRepackMaxTime:219.85976470588236s
iter2		 Improve solution by repack 0.1855895558989519->0.1796662943429186 , unplacedBoxesSize:7
currentRepackCostTime:209.811s , currentRepackMaxTime:219.85976470588236s
iter19		 Improve solution by repack 0.1796662943429186->0.17579502317925289 , unplacedBoxesSize:9
currentRepackCostTime:210.482s , currentRepackMaxTime:219.85976470588236s
iter3		 Improve solution by repack 0.17579502317925289->0.17516292327331362 , unplacedBoxesSize:8
currentRepackCostTime:210.592s , currentRepackMaxTime:219.85976470588236s
iter1		 Improve solution by repack 0.17516292327331362->0.17439834385917766 , unplacedBoxesSize:8
currentRepackCostTime:210.618s , currentRepackMaxTime:219.85976470588236s
iter16		 Improve solution by repack 0.17439834385917766->0.17424515923138942 , unplacedBoxesSize:8
currentRepackCostTime:211.316s , currentRepackMaxTime:219.85976470588236s
Selecting boards with low utilization for repacking...
iter1		 Improve solution by repack 0.9920013554823972->0.9878194638538028 , unplacedBoxesSize:12
currentRepackCostTime:214.842s , currentRepackMaxTime:219.85976470588236s
iter3		 Improve solution by repack 0.9878194638538028->0.17679050994356355 , unplacedBoxesSize:7
currentRepackCostTime:214.93200000000002s , currentRepackMaxTime:219.85976470588236s
iter12		 Improve solution by repack 0.17679050994356355->0.17612805361461972 , unplacedBoxesSize:7
currentRepackCostTime:215.37s , currentRepackMaxTime:219.85976470588236s
Processing color group: 1 (2/2), boxes: 273
Allocated time: 370.6s
searchTime: 1000
Start nesting on the 1th large board, remaining blocks count: 278
Utilization of the 1th large board: 99.33001881214727, Time taken for this board: 1.004s
-------------------------------------------------------------------
Start nesting on the 2th large board, remaining blocks count: 271
Utilization of the 2th large board: 98.75652176834186, Time taken for this board: 2.004s
-------------------------------------------------------------------
Start nesting on the 3th large board, remaining blocks count: 259
Utilization of the 3th large board: 98.21979978500404, Time taken for this board: 3.004s
-------------------------------------------------------------------
Start nesting on the 4th large board, remaining blocks count: 252
Utilization of the 4th large board: 98.97675356087072, Time taken for this board: 4.007s
-------------------------------------------------------------------
Start nesting on the 5th large board, remaining blocks count: 237
Utilization of the 5th large board: 99.47613208814835, Time taken for this board: 5.009s
-------------------------------------------------------------------
Start nesting on the 6th large board, remaining blocks count: 227
Utilization of the 6th large board: 98.95794141359849, Time taken for this board: 6.01s
-------------------------------------------------------------------
Start nesting on the 7th large board, remaining blocks count: 220
Utilization of the 7th large board: 98.18261220102124, Time taken for this board: 7.011s
-------------------------------------------------------------------
Start nesting on the 8th large board, remaining blocks count: 213
Utilization of the 8th large board: 99.04990593926365, Time taken for this board: 8.012s
-------------------------------------------------------------------
Start nesting on the 9th large board, remaining blocks count: 202
Utilization of the 9th large board: 97.58171526471378, Time taken for this board: 9.013s
-------------------------------------------------------------------
Start nesting on the 10th large board, remaining blocks count: 198
Utilization of the 10th large board: 96.78391225477021, Time taken for this board: 10.016s
-------------------------------------------------------------------
Start nesting on the 11th large board, remaining blocks count: 190
Utilization of the 11th large board: 98.57822158022037, Time taken for this board: 11.019s
-------------------------------------------------------------------
Start nesting on the 12th large board, remaining blocks count: 178
Utilization of the 12th large board: 97.58472184896534, Time taken for this board: 12.022s
-------------------------------------------------------------------
Start nesting on the 13th large board, remaining blocks count: 168
Utilization of the 13th large board: 98.46889277076055, Time taken for this board: 13.023s
-------------------------------------------------------------------
Start nesting on the 14th large board, remaining blocks count: 166
Utilization of the 14th large board: 97.60756517065306, Time taken for this board: 14.024000000000001s
-------------------------------------------------------------------
Start nesting on the 15th large board, remaining blocks count: 156
Utilization of the 15th large board: 99.19111126041388, Time taken for this board: 15.025s
-------------------------------------------------------------------
Start nesting on the 16th large board, remaining blocks count: 146
Utilization of the 16th large board: 98.14754098360656, Time taken for this board: 16.025s
-------------------------------------------------------------------
Start nesting on the 17th large board, remaining blocks count: 134
Utilization of the 17th large board: 99.11157954850847, Time taken for this board: 17.026s
-------------------------------------------------------------------
Start nesting on the 18th large board, remaining blocks count: 122
Utilization of the 18th large board: 99.25581160978231, Time taken for this board: 18.026s
-------------------------------------------------------------------
Start nesting on the 19th large board, remaining blocks count: 106
Utilization of the 19th large board: 98.7735655737705, Time taken for this board: 19.026s
-------------------------------------------------------------------
Start nesting on the 20th large board, remaining blocks count: 92
Utilization of the 20th large board: 99.03041857027682, Time taken for this board: 19.749s
-------------------------------------------------------------------
Start nesting on the 21th large board, remaining blocks count: 80
Utilization of the 21th large board: 98.81167696855684, Time taken for this board: 20.385s
-------------------------------------------------------------------
Start nesting on the 22th large board, remaining blocks count: 70
Utilization of the 22th large board: 98.81580892233272, Time taken for this board: 20.992s
-------------------------------------------------------------------
Start nesting on the 23th large board, remaining blocks count: 52
Utilization of the 23th large board: 98.30613410373556, Time taken for this board: 21.150000000000002s
-------------------------------------------------------------------
Start nesting on the 24th large board, remaining blocks count: 48
Utilization of the 24th large board: 97.93434224670787, Time taken for this board: 21.309s
-------------------------------------------------------------------
Start nesting on the 25th large board, remaining blocks count: 32
Utilization of the 25th large board: 96.82308183284064, Time taken for this board: 21.351s
-------------------------------------------------------------------
Start nesting on the 26th large board, remaining blocks count: 22
Utilization of the 26th large board: 96.6965365493147, Time taken for this board: 21.383s
-------------------------------------------------------------------
Start nesting on the 27th large board, remaining blocks count: 8
Utilization of the 27th large board: 76.56347420048374, Time taken for this board: 21.385s
-------------------------------------------------------------------
Found solution: 27


Start improving solution by repacking.
Selecting boards with low utilization for repacking...
iter195		 Improve solution by repack 0.7656347420048374->0.7637212778822896 , unplacedBoxesSize:5
currentRepackCostTime:2.672s , currentRepackMaxTime:349.20223529411766s
iter50		 Improve solution by repack 0.7637212778822896->0.763577331362537 , unplacedBoxesSize:9
currentRepackCostTime:3.293s , currentRepackMaxTime:349.20223529411766s
iter157		 Improve solution by repack 0.763577331362537->0.7581580892233271 , unplacedBoxesSize:11
currentRepackCostTime:5.537s , currentRepackMaxTime:349.20223529411766s
iter108		 Improve solution by repack 0.7581580892233271->0.7534342246707874 , unplacedBoxesSize:11
currentRepackCostTime:7.332s , currentRepackMaxTime:349.20223529411766s
iter148		 Improve solution by repack 0.7534342246707874->0.7489913665681268 , unplacedBoxesSize:10
currentRepackCostTime:9.894s , currentRepackMaxTime:349.20223529411766s
iter115		 Improve solution by repack 0.7489913665681268->0.7453117441547972 , unplacedBoxesSize:6
currentRepackCostTime:11.701s , currentRepackMaxTime:349.20223529411766s
Selecting boards with low utilization for repacking...
iter9		 Improve solution by repack 0.9682308183284063->0.7593105012093524 , unplacedBoxesSize:7
currentRepackCostTime:18.207s , currentRepackMaxTime:349.20223529411766s
iter177		 Improve solution by repack 0.7593105012093524->0.7574870666487503 , unplacedBoxesSize:8
currentRepackCostTime:20.428s , currentRepackMaxTime:349.20223529411766s
iter15		 Improve solution by repack 0.7574870666487503->0.7562295081967213 , unplacedBoxesSize:9
currentRepackCostTime:20.675s , currentRepackMaxTime:349.20223529411766s
iter138		 Improve solution by repack 0.7562295081967213->0.7537832571889277 , unplacedBoxesSize:6
currentRepackCostTime:22.606s , currentRepackMaxTime:349.20223529411766s
iter179		 Improve solution by repack 0.7537832571889277->0.7507459352324645 , unplacedBoxesSize:9
currentRepackCostTime:25.007s , currentRepackMaxTime:349.20223529411766s
iter15		 Improve solution by repack 0.7507459352324645->0.7481797567858103 , unplacedBoxesSize:8
currentRepackCostTime:25.234s , currentRepackMaxTime:349.20223529411766s
iter81		 Improve solution by repack 0.7481797567858103->0.7480237167428111 , unplacedBoxesSize:10
currentRepackCostTime:26.438s , currentRepackMaxTime:349.20223529411766s
iter18		 Improve solution by repack 0.7480237167428111->0.7463635917764041 , unplacedBoxesSize:11
currentRepackCostTime:26.723s , currentRepackMaxTime:349.20223529411766s
iter27		 Improve solution by repack 0.7463635917764041->0.7434055495834454 , unplacedBoxesSize:10
currentRepackCostTime:27.207s , currentRepackMaxTime:349.20223529411766s
iter27		 Improve solution by repack 0.7434055495834454->0.7431153050255308 , unplacedBoxesSize:9
currentRepackCostTime:27.648s , currentRepackMaxTime:349.20223529411766s
iter36		 Improve solution by repack 0.7431153050255308->0.7430022507390487 , unplacedBoxesSize:9
currentRepackCostTime:28.188s , currentRepackMaxTime:349.20223529411766s
iter14		 Improve solution by repack 0.7430022507390487->0.742826021230852 , unplacedBoxesSize:6
currentRepackCostTime:28.405s , currentRepackMaxTime:349.20223529411766s
iter324		 Improve solution by repack 0.742826021230852->0.7359831026605751 , unplacedBoxesSize:10
currentRepackCostTime:32.381s , currentRepackMaxTime:349.20223529411766s
iter63		 Improve solution by repack 0.7359831026605751->0.7356975611394787 , unplacedBoxesSize:10
currentRepackCostTime:33.44s , currentRepackMaxTime:349.20223529411766s
iter2		 Improve solution by repack 0.7356975611394787->0.7320786079011018 , unplacedBoxesSize:10
currentRepackCostTime:33.480000000000004s , currentRepackMaxTime:349.20223529411766s
iter281		 Improve solution by repack 0.7320786079011018->0.7291460964794411 , unplacedBoxesSize:12
currentRepackCostTime:37.983000000000004s , currentRepackMaxTime:349.20223529411766s
iter235		 Improve solution by repack 0.7291460964794411->0.7271822426766998 , unplacedBoxesSize:10
currentRepackCostTime:42.24s , currentRepackMaxTime:349.20223529411766s
Selecting boards with low utilization for repacking...
iter4		 Improve solution by repack 0.9748594127922601->0.9742013235689331 , unplacedBoxesSize:6
currentRepackCostTime:52.587s , currentRepackMaxTime:349.20223529411766s
iter43		 Improve solution by repack 0.9742013235689331->0.7490451155603333 , unplacedBoxesSize:8
currentRepackCostTime:53.098s , currentRepackMaxTime:349.20223529411766s
iter49		 Improve solution by repack 0.7490451155603333->0.7443770155872077 , unplacedBoxesSize:9
currentRepackCostTime:53.774s , currentRepackMaxTime:349.20223529411766s
iter19		 Improve solution by repack 0.7443770155872077->0.7409547164740661 , unplacedBoxesSize:8
currentRepackCostTime:54.081s , currentRepackMaxTime:349.20223529411766s
iter177		 Improve solution by repack 0.7409547164740661->0.7392218153722118 , unplacedBoxesSize:11
currentRepackCostTime:56.522s , currentRepackMaxTime:349.20223529411766s
iter4		 Improve solution by repack 0.7392218153722118->0.7374297903789304 , unplacedBoxesSize:4
currentRepackCostTime:56.599000000000004s , currentRepackMaxTime:349.20223529411766s
iter297		 Improve solution by repack 0.7374297903789304->0.7358254299919377 , unplacedBoxesSize:5
currentRepackCostTime:59.673s , currentRepackMaxTime:349.20223529411766s
iter140		 Improve solution by repack 0.7358254299919377->0.7357123757054554 , unplacedBoxesSize:5
currentRepackCostTime:61.306000000000004s , currentRepackMaxTime:349.20223529411766s
Selecting boards with low utilization for repacking...
iter11		 Improve solution by repack 0.9704818933082505->0.7380311408223595 , unplacedBoxesSize:12
currentRepackCostTime:67.863s , currentRepackMaxTime:349.20223529411766s
iter43		 Improve solution by repack 0.7380311408223595->0.7374297903789304 , unplacedBoxesSize:4
currentRepackCostTime:68.601s , currentRepackMaxTime:349.20223529411766s
iter135		 Improve solution by repack 0.7374297903789304->0.7357123757054554 , unplacedBoxesSize:5
currentRepackCostTime:69.991s , currentRepackMaxTime:349.20223529411766s
Selecting boards with low utilization for repacking...
iter16		 Improve solution by repack 0.9704818933082505->0.9601696452566514 , unplacedBoxesSize:12
currentRepackCostTime:75.417s , currentRepackMaxTime:349.20223529411766s
iter12		 Improve solution by repack 0.9601696452566514->0.7489613007256114 , unplacedBoxesSize:5
currentRepackCostTime:75.584s , currentRepackMaxTime:349.20223529411766s
iter93		 Improve solution by repack 0.7489613007256114->0.7483588081160979 , unplacedBoxesSize:3
currentRepackCostTime:76.632s , currentRepackMaxTime:349.20223529411766s
iter197		 Improve solution by repack 0.7483588081160979->0.7460887530233807 , unplacedBoxesSize:5
currentRepackCostTime:78.44800000000001s , currentRepackMaxTime:349.20223529411766s
iter182		 Improve solution by repack 0.7460887530233807->0.7382558452029024 , unplacedBoxesSize:11
currentRepackCostTime:80.479s , currentRepackMaxTime:349.20223529411766s
iter17		 Improve solution by repack 0.7382558452029024->0.735790110185434 , unplacedBoxesSize:10
currentRepackCostTime:80.705s , currentRepackMaxTime:349.20223529411766s
iter26		 Improve solution by repack 0.735790110185434->0.7323636119322763 , unplacedBoxesSize:10
currentRepackCostTime:81.09s , currentRepackMaxTime:349.20223529411766s
iter29		 Improve solution by repack 0.7323636119322763->0.7314547500671862 , unplacedBoxesSize:7
currentRepackCostTime:81.524s , currentRepackMaxTime:349.20223529411766s
iter69		 Improve solution by repack 0.7314547500671862->0.7266776404192422 , unplacedBoxesSize:9
currentRepackCostTime:82.359s , currentRepackMaxTime:349.20223529411766s
iter108		 Improve solution by repack 0.7266776404192422->0.7260442421392098 , unplacedBoxesSize:8
currentRepackCostTime:83.974s , currentRepackMaxTime:349.20223529411766s
iter31		 Improve solution by repack 0.7260442421392098->0.7260415546895995 , unplacedBoxesSize:9
currentRepackCostTime:84.404s , currentRepackMaxTime:349.20223529411766s
iter44		 Improve solution by repack 0.7260415546895995->0.7227051195915077 , unplacedBoxesSize:11
currentRepackCostTime:85.081s , currentRepackMaxTime:349.20223529411766s
iter70		 Improve solution by repack 0.7227051195915077->0.7218056302069336 , unplacedBoxesSize:8
currentRepackCostTime:86.174s , currentRepackMaxTime:349.20223529411766s
iter156		 Improve solution by repack 0.7218056302069336->0.7201316850309056 , unplacedBoxesSize:6
currentRepackCostTime:88.164s , currentRepackMaxTime:349.20223529411766s
Selecting boards with low utilization for repacking...
iter9		 Improve solution by repack 0.9758171526471379->0.9714258599838754 , unplacedBoxesSize:5
currentRepackCostTime:94.696s , currentRepackMaxTime:349.20223529411766s
iter4		 Improve solution by repack 0.9714258599838754->0.723434392636388 , unplacedBoxesSize:9
currentRepackCostTime:94.721s , currentRepackMaxTime:349.20223529411766s
iter208		 Improve solution by repack 0.723434392636388->0.7205002015587209 , unplacedBoxesSize:7
currentRepackCostTime:97.709s , currentRepackMaxTime:349.20223529411766s
iter138		 Improve solution by repack 0.7205002015587209->0.716495061811341 , unplacedBoxesSize:7
currentRepackCostTime:99.42s , currentRepackMaxTime:349.20223529411766s
iter53		 Improve solution by repack 0.716495061811341->0.7160550255307713 , unplacedBoxesSize:7
currentRepackCostTime:100.111s , currentRepackMaxTime:349.20223529411766s
Selecting boards with low utilization for repacking...
iter11		 Improve solution by repack 0.9803738914270358->0.9724255912389143 , unplacedBoxesSize:9
currentRepackCostTime:107.402s , currentRepackMaxTime:349.20223529411766s
iter12		 Improve solution by repack 0.9724255912389143->0.9719384909970438 , unplacedBoxesSize:7
currentRepackCostTime:107.557s , currentRepackMaxTime:349.20223529411766s
iter15		 Improve solution by repack 0.9719384909970438->0.7421276538564903 , unplacedBoxesSize:9
currentRepackCostTime:107.703s , currentRepackMaxTime:349.20223529411766s
iter2		 Improve solution by repack 0.7421276538564903->0.735311441816716 , unplacedBoxesSize:9
currentRepackCostTime:107.73s , currentRepackMaxTime:349.20223529411766s
iter72		 Improve solution by repack 0.735311441816716->0.7304199475947326 , unplacedBoxesSize:9
currentRepackCostTime:108.804s , currentRepackMaxTime:349.20223529411766s
iter28		 Improve solution by repack 0.7304199475947326->0.7280425624832034 , unplacedBoxesSize:8
currentRepackCostTime:109.19200000000001s , currentRepackMaxTime:349.20223529411766s
iter177		 Improve solution by repack 0.7280425624832034->0.7212138873958613 , unplacedBoxesSize:6
currentRepackCostTime:111.575s , currentRepackMaxTime:349.20223529411766s
iter209		 Improve solution by repack 0.7212138873958613->0.7173076793872615 , unplacedBoxesSize:6
currentRepackCostTime:114.01s , currentRepackMaxTime:349.20223529411766s
Selecting boards with low utilization for repacking...
iter30		 Improve solution by repack 0.9752932679387262->0.9713738242407955 , unplacedBoxesSize:11
currentRepackCostTime:119.655s , currentRepackMaxTime:349.20223529411766s
iter11		 Improve solution by repack 0.9713738242407955->0.7461142837946789 , unplacedBoxesSize:9
currentRepackCostTime:119.79s , currentRepackMaxTime:349.20223529411766s
iter118		 Improve solution by repack 0.7461142837946789->0.743202096210696 , unplacedBoxesSize:16
currentRepackCostTime:121.543s , currentRepackMaxTime:349.20223529411766s
iter2		 Improve solution by repack 0.743202096210696->0.7428581026605751 , unplacedBoxesSize:16
currentRepackCostTime:121.578s , currentRepackMaxTime:349.20223529411766s
iter2		 Improve solution by repack 0.7428581026605751->0.74281510346681 , unplacedBoxesSize:16
currentRepackCostTime:121.608s , currentRepackMaxTime:349.20223529411766s
iter10		 Improve solution by repack 0.74281510346681->0.7415600644987906 , unplacedBoxesSize:17
currentRepackCostTime:121.79s , currentRepackMaxTime:349.20223529411766s
iter8		 Improve solution by repack 0.7415600644987906->0.7409404393980114 , unplacedBoxesSize:20
currentRepackCostTime:121.94s , currentRepackMaxTime:349.20223529411766s
iter34		 Improve solution by repack 0.7409404393980114->0.7399475947325987 , unplacedBoxesSize:20
currentRepackCostTime:122.767s , currentRepackMaxTime:349.20223529411766s
iter1		 Improve solution by repack 0.7399475947325987->0.7322725745767268 , unplacedBoxesSize:17
currentRepackCostTime:122.798s , currentRepackMaxTime:349.20223529411766s
iter40		 Improve solution by repack 0.7322725745767268->0.7285601988712712 , unplacedBoxesSize:15
currentRepackCostTime:123.706s , currentRepackMaxTime:349.20223529411766s
iter10		 Improve solution by repack 0.7285601988712712->0.7275320814297233 , unplacedBoxesSize:14
currentRepackCostTime:123.96600000000001s , currentRepackMaxTime:349.20223529411766s
iter49		 Improve solution by repack 0.7275320814297233->0.724413296156947 , unplacedBoxesSize:12
currentRepackCostTime:124.884s , currentRepackMaxTime:349.20223529411766s
Selecting boards with low utilization for repacking...
iter17		 Improve solution by repack 0.9753582706261757->0.7399803480247246 , unplacedBoxesSize:15
currentRepackCostTime:131.103s , currentRepackMaxTime:349.20223529411766s
iter6		 Improve solution by repack 0.7399803480247246->0.7380460561676968 , unplacedBoxesSize:13
currentRepackCostTime:131.237s , currentRepackMaxTime:349.20223529411766s
iter11		 Improve solution by repack 0.7380460561676968->0.7375466944369793 , unplacedBoxesSize:16
currentRepackCostTime:131.468s , currentRepackMaxTime:349.20223529411766s
iter17		 Improve solution by repack 0.7375466944369793->0.7371597016930933 , unplacedBoxesSize:16
currentRepackCostTime:131.83s , currentRepackMaxTime:349.20223529411766s
iter9		 Improve solution by repack 0.7371597016930933->0.7298323703305563 , unplacedBoxesSize:16
currentRepackCostTime:132.043s , currentRepackMaxTime:349.20223529411766s
iter26		 Improve solution by repack 0.7298323703305563->0.7233158089223327 , unplacedBoxesSize:12
currentRepackCostTime:132.655s , currentRepackMaxTime:349.20223529411766s
iter11		 Improve solution by repack 0.7233158089223327->0.7218212510077936 , unplacedBoxesSize:11
currentRepackCostTime:132.853s , currentRepackMaxTime:349.20223529411766s
iter28		 Improve solution by repack 0.7218212510077936->0.7214342582639075 , unplacedBoxesSize:11
currentRepackCostTime:133.296s , currentRepackMaxTime:349.20223529411766s
iter17		 Improve solution by repack 0.7214342582639075->0.7172053883364686 , unplacedBoxesSize:13
currentRepackCostTime:133.586s , currentRepackMaxTime:349.20223529411766s
iter33		 Improve solution by repack 0.7172053883364686->0.7170575786079012 , unplacedBoxesSize:15
currentRepackCostTime:134.294s , currentRepackMaxTime:349.20223529411766s
iter21		 Improve solution by repack 0.7170575786079012->0.716240593926364 , unplacedBoxesSize:15
currentRepackCostTime:134.788s , currentRepackMaxTime:349.20223529411766s
iter17		 Improve solution by repack 0.716240593926364->0.7157575248589089 , unplacedBoxesSize:15
currentRepackCostTime:135.172s , currentRepackMaxTime:349.20223529411766s
iter19		 Improve solution by repack 0.7157575248589089->0.7092925288900833 , unplacedBoxesSize:8
currentRepackCostTime:135.51s , currentRepackMaxTime:349.20223529411766s
Selecting boards with low utilization for repacking...
iter11		 Improve solution by repack 0.9780742743886053->0.7616798239720505 , unplacedBoxesSize:14
currentRepackCostTime:141.824s , currentRepackMaxTime:349.20223529411766s
iter6		 Improve solution by repack 0.7616798239720505->0.7341947729105079 , unplacedBoxesSize:13
currentRepackCostTime:141.942s , currentRepackMaxTime:349.20223529411766s
iter81		 Improve solution by repack 0.7341947729105079->0.7296979978500403 , unplacedBoxesSize:14
currentRepackCostTime:143.388s , currentRepackMaxTime:349.20223529411766s
iter14		 Improve solution by repack 0.7296979978500403->0.7260934896533191 , unplacedBoxesSize:12
currentRepackCostTime:143.68s , currentRepackMaxTime:349.20223529411766s
iter17		 Improve solution by repack 0.7260934896533191->0.7241778083848428 , unplacedBoxesSize:12
currentRepackCostTime:143.974s , currentRepackMaxTime:349.20223529411766s
iter45		 Improve solution by repack 0.7241778083848428->0.7239319067454986 , unplacedBoxesSize:14
currentRepackCostTime:144.83s , currentRepackMaxTime:349.20223529411766s
iter278		 Improve solution by repack 0.7239319067454986->0.7224803480247246 , unplacedBoxesSize:16
currentRepackCostTime:150.267s , currentRepackMaxTime:349.20223529411766s
iter73		 Improve solution by repack 0.7224803480247246->0.7217503695243214 , unplacedBoxesSize:20
currentRepackCostTime:151.806s , currentRepackMaxTime:349.20223529411766s
iter10		 Improve solution by repack 0.7217503695243214->0.7181935299650631 , unplacedBoxesSize:20
currentRepackCostTime:152.034s , currentRepackMaxTime:349.20223529411766s
iter16		 Improve solution by repack 0.7181935299650631->0.7164256920182748 , unplacedBoxesSize:17
currentRepackCostTime:152.44400000000002s , currentRepackMaxTime:349.20223529411766s
iter28		 Improve solution by repack 0.7164256920182748->0.7162577264176297 , unplacedBoxesSize:18
currentRepackCostTime:152.999s , currentRepackMaxTime:349.20223529411766s
iter12		 Improve solution by repack 0.7162577264176297->0.7161697124428917 , unplacedBoxesSize:18
currentRepackCostTime:153.231s , currentRepackMaxTime:349.20223529411766s
iter43		 Improve solution by repack 0.7161697124428917->0.7128402983069067 , unplacedBoxesSize:18
currentRepackCostTime:154.104s , currentRepackMaxTime:349.20223529411766s
iter20		 Improve solution by repack 0.7128402983069067->0.7068691212039775 , unplacedBoxesSize:16
currentRepackCostTime:154.58100000000002s , currentRepackMaxTime:349.20223529411766s
iter4		 Improve solution by repack 0.7068691212039775->0.7027826861058855 , unplacedBoxesSize:15
currentRepackCostTime:154.666s , currentRepackMaxTime:349.20223529411766s
iter62		 Improve solution by repack 0.7027826861058855->0.699478634775598 , unplacedBoxesSize:14
currentRepackCostTime:155.838s , currentRepackMaxTime:349.20223529411766s
iter231		 Improve solution by repack 0.699478634775598->0.6948800725611395 , unplacedBoxesSize:11
currentRepackCostTime:160.256s , currentRepackMaxTime:349.20223529411766s
iter37		 Improve solution by repack 0.6948800725611395->0.6942092179521635 , unplacedBoxesSize:8
currentRepackCostTime:160.92600000000002s , currentRepackMaxTime:349.20223529411766s
Selecting boards with low utilization for repacking...
iter13		 Improve solution by repack 0.9782172131147541->0.9765728298844396 , unplacedBoxesSize:8
currentRepackCostTime:170.236s , currentRepackMaxTime:349.20223529411766s
iter8		 Improve solution by repack 0.9765728298844396->0.7187756987368986 , unplacedBoxesSize:15
currentRepackCostTime:170.314s , currentRepackMaxTime:349.20223529411766s
iter245		 Improve solution by repack 0.7187756987368986->0.7172700550927169 , unplacedBoxesSize:13
currentRepackCostTime:175.143s , currentRepackMaxTime:349.20223529411766s
iter2		 Improve solution by repack 0.7172700550927169->0.7170745431335663 , unplacedBoxesSize:8
currentRepackCostTime:175.171s , currentRepackMaxTime:349.20223529411766s
iter27		 Improve solution by repack 0.7170745431335663->0.7140956732061274 , unplacedBoxesSize:7
currentRepackCostTime:175.59300000000002s , currentRepackMaxTime:349.20223529411766s
iter175		 Improve solution by repack 0.7140956732061274->0.7139535743079817 , unplacedBoxesSize:7
currentRepackCostTime:177.892s , currentRepackMaxTime:349.20223529411766s
iter71		 Improve solution by repack 0.7139535743079817->0.7075849905939263 , unplacedBoxesSize:11
currentRepackCostTime:178.79s , currentRepackMaxTime:349.20223529411766s
iter199		 Improve solution by repack 0.7075849905939263->0.7057420720236496 , unplacedBoxesSize:10
currentRepackCostTime:182.088s , currentRepackMaxTime:349.20223529411766s
Selecting boards with low utilization for repacking...
iter27		 Improve solution by repack 0.9713222252082774->0.7057420720236496 , unplacedBoxesSize:10
currentRepackCostTime:190.734s , currentRepackMaxTime:349.20223529411766s
Selecting boards with low utilization for repacking...
iter6		 Improve solution by repack 0.9783593120128997->0.7057420720236496 , unplacedBoxesSize:10
currentRepackCostTime:200.465s , currentRepackMaxTime:349.20223529411766s
Selecting boards with low utilization for repacking...
iter3		 Improve solution by repack 0.9809923407686105->0.9793346882558452 , unplacedBoxesSize:15
currentRepackCostTime:210.558s , currentRepackMaxTime:349.20223529411766s
iter2		 Improve solution by repack 0.9793346882558452->0.7431303748992206 , unplacedBoxesSize:12
currentRepackCostTime:210.602s , currentRepackMaxTime:349.20223529411766s
iter31		 Improve solution by repack 0.7431303748992206->0.7430196855683956 , unplacedBoxesSize:12
currentRepackCostTime:211.185s , currentRepackMaxTime:349.20223529411766s
iter48		 Improve solution by repack 0.7430196855683956->0.7401735084654663 , unplacedBoxesSize:19
currentRepackCostTime:212.068s , currentRepackMaxTime:349.20223529411766s
iter11		 Improve solution by repack 0.7401735084654663->0.7400816312819134 , unplacedBoxesSize:22
currentRepackCostTime:212.30700000000002s , currentRepackMaxTime:349.20223529411766s
iter55		 Improve solution by repack 0.7400816312819134->0.7396563423810804 , unplacedBoxesSize:24
currentRepackCostTime:213.709s , currentRepackMaxTime:349.20223529411766s
iter6		 Improve solution by repack 0.7396563423810804->0.7356164337543671 , unplacedBoxesSize:24
currentRepackCostTime:213.89000000000001s , currentRepackMaxTime:349.20223529411766s
iter5		 Improve solution by repack 0.7356164337543671->0.7345019819940877 , unplacedBoxesSize:14
currentRepackCostTime:214.002s , currentRepackMaxTime:349.20223529411766s
Selecting boards with low utilization for repacking...
iter1		 Improve solution by repack 0.9796675960763235->0.9792412993818865 , unplacedBoxesSize:10
currentRepackCostTime:223.084s , currentRepackMaxTime:349.20223529411766s
iter11		 Improve solution by repack 0.9792412993818865->0.764533559527009 , unplacedBoxesSize:5
currentRepackCostTime:223.24200000000002s , currentRepackMaxTime:349.20223529411766s
iter168		 Improve solution by repack 0.764533559527009->0.7595066850309056 , unplacedBoxesSize:7
currentRepackCostTime:225.333s , currentRepackMaxTime:349.20223529411766s
iter108		 Improve solution by repack 0.7595066850309056->0.7492654864283794 , unplacedBoxesSize:10
currentRepackCostTime:226.948s , currentRepackMaxTime:349.20223529411766s
iter15		 Improve solution by repack 0.7492654864283794->0.7469410104810535 , unplacedBoxesSize:12
currentRepackCostTime:227.181s , currentRepackMaxTime:349.20223529411766s
iter40		 Improve solution by repack 0.7469410104810535->0.7467710292932007 , unplacedBoxesSize:11
currentRepackCostTime:227.852s , currentRepackMaxTime:349.20223529411766s
iter88		 Improve solution by repack 0.7467710292932007->0.7466289303950551 , unplacedBoxesSize:11
currentRepackCostTime:229.229s , currentRepackMaxTime:349.20223529411766s
iter156		 Improve solution by repack 0.7466289303950551->0.7463768610588553 , unplacedBoxesSize:13
currentRepackCostTime:231.821s , currentRepackMaxTime:349.20223529411766s
iter41		 Improve solution by repack 0.7463768610588553->0.7440251276538564 , unplacedBoxesSize:17
currentRepackCostTime:232.534s , currentRepackMaxTime:349.20223529411766s
iter12		 Improve solution by repack 0.7440251276538564->0.7433720773985488 , unplacedBoxesSize:16
currentRepackCostTime:232.78900000000002s , currentRepackMaxTime:349.20223529411766s
iter28		 Improve solution by repack 0.7433720773985488->0.7418797030368182 , unplacedBoxesSize:17
currentRepackCostTime:233.403s , currentRepackMaxTime:349.20223529411766s
iter10		 Improve solution by repack 0.7418797030368182->0.7389035205589896 , unplacedBoxesSize:17
currentRepackCostTime:233.645s , currentRepackMaxTime:349.20223529411766s
iter79		 Improve solution by repack 0.7389035205589896->0.7360198871271163 , unplacedBoxesSize:15
currentRepackCostTime:235.34s , currentRepackMaxTime:349.20223529411766s
iter10		 Improve solution by repack 0.7360198871271163->0.7356328943832303 , unplacedBoxesSize:15
currentRepackCostTime:235.538s , currentRepackMaxTime:349.20223529411766s
Selecting boards with low utilization for repacking...
iter19		 Improve solution by repack 0.9839300927170116->0.9716502620263371 , unplacedBoxesSize:6
currentRepackCostTime:246.923s , currentRepackMaxTime:349.20223529411766s
iter8		 Improve solution by repack 0.9716502620263371->0.7730648683149691 , unplacedBoxesSize:17
currentRepackCostTime:247.01000000000002s , currentRepackMaxTime:349.20223529411766s
iter2		 Improve solution by repack 0.7730648683149691->0.7688128191346413 , unplacedBoxesSize:19
currentRepackCostTime:247.05700000000002s , currentRepackMaxTime:349.20223529411766s
iter6		 Improve solution by repack 0.7688128191346413->0.7681832840634238 , unplacedBoxesSize:18
currentRepackCostTime:247.207s , currentRepackMaxTime:349.20223529411766s
iter9		 Improve solution by repack 0.7681832840634238->0.7655675557645795 , unplacedBoxesSize:13
currentRepackCostTime:247.398s , currentRepackMaxTime:349.20223529411766s
iter2		 Improve solution by repack 0.7655675557645795->0.7643457739854879 , unplacedBoxesSize:13
currentRepackCostTime:247.434s , currentRepackMaxTime:349.20223529411766s
iter46		 Improve solution by repack 0.7643457739854879->0.7619358035474335 , unplacedBoxesSize:12
currentRepackCostTime:248.209s , currentRepackMaxTime:349.20223529411766s
iter35		 Improve solution by repack 0.7619358035474335->0.752925288900833 , unplacedBoxesSize:16
currentRepackCostTime:248.774s , currentRepackMaxTime:349.20223529411766s
iter5		 Improve solution by repack 0.752925288900833->0.7478077129803816 , unplacedBoxesSize:12
currentRepackCostTime:248.859s , currentRepackMaxTime:349.20223529411766s
iter18		 Improve solution by repack 0.7478077129803816->0.746252351518409 , unplacedBoxesSize:6
currentRepackCostTime:249.145s , currentRepackMaxTime:349.20223529411766s
iter257		 Improve solution by repack 0.746252351518409->0.7407592045149154 , unplacedBoxesSize:9
currentRepackCostTime:252.21800000000002s , currentRepackMaxTime:349.20223529411766s
iter52		 Improve solution by repack 0.7407592045149154->0.7374326457941414 , unplacedBoxesSize:9
currentRepackCostTime:252.975s , currentRepackMaxTime:349.20223529411766s
iter123		 Improve solution by repack 0.7374326457941414->0.7328992542327332 , unplacedBoxesSize:12
currentRepackCostTime:254.732s , currentRepackMaxTime:349.20223529411766s
iter49		 Improve solution by repack 0.7328992542327332->0.7219522641762967 , unplacedBoxesSize:12
currentRepackCostTime:255.64000000000001s , currentRepackMaxTime:349.20223529411766s
iter7		 Improve solution by repack 0.7219522641762967->0.7218971714592852 , unplacedBoxesSize:12
currentRepackCostTime:255.767s , currentRepackMaxTime:349.20223529411766s
iter41		 Improve solution by repack 0.7218971714592852->0.7217802674012362 , unplacedBoxesSize:11
currentRepackCostTime:256.51800000000003s , currentRepackMaxTime:349.20223529411766s
iter25		 Improve solution by repack 0.7217802674012362->0.7204781980650363 , unplacedBoxesSize:12
currentRepackCostTime:256.923s , currentRepackMaxTime:349.20223529411766s
iter31		 Improve solution by repack 0.7204781980650363->0.7194781308787961 , unplacedBoxesSize:12
currentRepackCostTime:257.443s , currentRepackMaxTime:349.20223529411766s
iter137		 Improve solution by repack 0.7194781308787961->0.7186744154797098 , unplacedBoxesSize:12
currentRepackCostTime:259.762s , currentRepackMaxTime:349.20223529411766s
iter35		 Improve solution by repack 0.7186744154797098->0.7177097890352057 , unplacedBoxesSize:14
currentRepackCostTime:260.396s , currentRepackMaxTime:349.20223529411766s
iter61		 Improve solution by repack 0.7177097890352057->0.7171064565976888 , unplacedBoxesSize:12
currentRepackCostTime:261.573s , currentRepackMaxTime:349.20223529411766s
iter26		 Improve solution by repack 0.7171064565976888->0.716601048105348 , unplacedBoxesSize:12
currentRepackCostTime:261.999s , currentRepackMaxTime:349.20223529411766s
iter116		 Improve solution by repack 0.716601048105348->0.7113099637194302 , unplacedBoxesSize:11
currentRepackCostTime:263.971s , currentRepackMaxTime:349.20223529411766s
iter22		 Improve solution by repack 0.7113099637194302->0.7111992743886052 , unplacedBoxesSize:11
currentRepackCostTime:264.302s , currentRepackMaxTime:349.20223529411766s
iter11		 Improve solution by repack 0.7111992743886052->0.711174751410911 , unplacedBoxesSize:13
currentRepackCostTime:264.488s , currentRepackMaxTime:349.20223529411766s
iter31		 Improve solution by repack 0.711174751410911->0.7108697258801397 , unplacedBoxesSize:13
currentRepackCostTime:265.038s , currentRepackMaxTime:349.20223529411766s
iter101		 Improve solution by repack 0.7108697258801397->0.7094255576457941 , unplacedBoxesSize:9
currentRepackCostTime:266.946s , currentRepackMaxTime:349.20223529411766s
iter118		 Improve solution by repack 0.7094255576457941->0.7086461972588013 , unplacedBoxesSize:9
currentRepackCostTime:268.567s , currentRepackMaxTime:349.20223529411766s
iter207		 Improve solution by repack 0.7086461972588013->0.7066292663262564 , unplacedBoxesSize:12
currentRepackCostTime:271.622s , currentRepackMaxTime:349.20223529411766s
iter175		 Improve solution by repack 0.7066292663262564->0.7059896533190002 , unplacedBoxesSize:12
currentRepackCostTime:274.498s , currentRepackMaxTime:349.20223529411766s
Selecting boards with low utilization for repacking...
iter15		 Improve solution by repack 0.9839586132760011->0.9796323233001881 , unplacedBoxesSize:13
currentRepackCostTime:283.267s , currentRepackMaxTime:349.20223529411766s
iter1		 Improve solution by repack 0.9796323233001881->0.7398143980112872 , unplacedBoxesSize:10
currentRepackCostTime:283.29200000000003s , currentRepackMaxTime:349.20223529411766s
iter31		 Improve solution by repack 0.7398143980112872->0.73658072426767 , unplacedBoxesSize:10
currentRepackCostTime:283.769s , currentRepackMaxTime:349.20223529411766s
iter1		 Improve solution by repack 0.73658072426767->0.728803413061005 , unplacedBoxesSize:12
currentRepackCostTime:283.791s , currentRepackMaxTime:349.20223529411766s
iter32		 Improve solution by repack 0.728803413061005->0.7279970102123084 , unplacedBoxesSize:14
currentRepackCostTime:284.37600000000003s , currentRepackMaxTime:349.20223529411766s
iter124		 Improve solution by repack 0.7279970102123084->0.7278975745767268 , unplacedBoxesSize:14
currentRepackCostTime:286.91700000000003s , currentRepackMaxTime:349.20223529411766s
iter213		 Improve solution by repack 0.7278975745767268->0.7240056436441816 , unplacedBoxesSize:11
currentRepackCostTime:291.037s , currentRepackMaxTime:349.20223529411766s
iter10		 Improve solution by repack 0.7240056436441816->0.7232576928245095 , unplacedBoxesSize:10
currentRepackCostTime:291.214s , currentRepackMaxTime:349.20223529411766s
Selecting boards with low utilization for repacking...
iter3		 Improve solution by repack 0.9779254568664337->0.7693701289975813 , unplacedBoxesSize:10
currentRepackCostTime:300.21500000000003s , currentRepackMaxTime:349.20223529411766s
iter2		 Improve solution by repack 0.7693701289975813->0.7452791588282719 , unplacedBoxesSize:9
currentRepackCostTime:300.244s , currentRepackMaxTime:349.20223529411766s
iter148		 Improve solution by repack 0.7452791588282719->0.7437851048105348 , unplacedBoxesSize:9
currentRepackCostTime:302.373s , currentRepackMaxTime:349.20223529411766s
iter21		 Improve solution by repack 0.7437851048105348->0.7353439935501209 , unplacedBoxesSize:9
currentRepackCostTime:302.754s , currentRepackMaxTime:349.20223529411766s
iter17		 Improve solution by repack 0.7353439935501209->0.7342263504434292 , unplacedBoxesSize:11
currentRepackCostTime:302.983s , currentRepackMaxTime:349.20223529411766s
iter34		 Improve solution by repack 0.7342263504434292->0.7298345538833646 , unplacedBoxesSize:9
currentRepackCostTime:303.557s , currentRepackMaxTime:349.20223529411766s
iter113		 Improve solution by repack 0.7298345538833646->0.7290001007793604 , unplacedBoxesSize:9
currentRepackCostTime:305.283s , currentRepackMaxTime:349.20223529411766s
iter14		 Improve solution by repack 0.7290001007793604->0.7286131080354743 , unplacedBoxesSize:9
currentRepackCostTime:305.487s , currentRepackMaxTime:349.20223529411766s
iter230		 Improve solution by repack 0.7286131080354743->0.7285707807041117 , unplacedBoxesSize:8
currentRepackCostTime:309.121s , currentRepackMaxTime:349.20223529411766s
iter18		 Improve solution by repack 0.7285707807041117->0.7280401773716743 , unplacedBoxesSize:10
currentRepackCostTime:309.362s , currentRepackMaxTime:349.20223529411766s
iter106		 Improve solution by repack 0.7280401773716743->0.7260536482128459 , unplacedBoxesSize:11
currentRepackCostTime:311.198s , currentRepackMaxTime:349.20223529411766s
iter31		 Improve solution by repack 0.7260536482128459->0.7242622950819673 , unplacedBoxesSize:11
currentRepackCostTime:311.675s , currentRepackMaxTime:349.20223529411766s
iter6		 Improve solution by repack 0.7242622950819673->0.7182410642300456 , unplacedBoxesSize:9
currentRepackCostTime:311.783s , currentRepackMaxTime:349.20223529411766s
iter26		 Improve solution by repack 0.7182410642300456->0.7168835662456329 , unplacedBoxesSize:8
currentRepackCostTime:312.158s , currentRepackMaxTime:349.20223529411766s
iter38		 Improve solution by repack 0.7168835662456329->0.716152076054824 , unplacedBoxesSize:7
currentRepackCostTime:312.754s , currentRepackMaxTime:349.20223529411766s
iter30		 Improve solution by repack 0.716152076054824->0.7143758398280032 , unplacedBoxesSize:7
currentRepackCostTime:313.206s , currentRepackMaxTime:349.20223529411766s
Selecting boards with low utilization for repacking...
iter36		 Improve solution by repack 0.9720427976350443->0.7441178446654125 , unplacedBoxesSize:10
currentRepackCostTime:319.987s , currentRepackMaxTime:349.20223529411766s
iter22		 Improve solution by repack 0.7441178446654125->0.7441163329750068 , unplacedBoxesSize:9
currentRepackCostTime:320.321s , currentRepackMaxTime:349.20223529411766s
iter5		 Improve solution by repack 0.7441163329750068->0.7356186173071755 , unplacedBoxesSize:8
currentRepackCostTime:320.402s , currentRepackMaxTime:349.20223529411766s
iter53		 Improve solution by repack 0.7356186173071755->0.7353216541252352 , unplacedBoxesSize:12
currentRepackCostTime:321.136s , currentRepackMaxTime:349.20223529411766s
iter16		 Improve solution by repack 0.7353216541252352->0.7327411986025262 , unplacedBoxesSize:8
currentRepackCostTime:321.494s , currentRepackMaxTime:349.20223529411766s
iter7		 Improve solution by repack 0.7327411986025262->0.7318849099704381 , unplacedBoxesSize:7
currentRepackCostTime:321.613s , currentRepackMaxTime:349.20223529411766s
iter17		 Improve solution by repack 0.7318849099704381->0.7316316178446653 , unplacedBoxesSize:8
currentRepackCostTime:321.854s , currentRepackMaxTime:349.20223529411766s
iter4		 Improve solution by repack 0.7316316178446653->0.7252892367643107 , unplacedBoxesSize:8
currentRepackCostTime:321.906s , currentRepackMaxTime:349.20223529411766s
iter19		 Improve solution by repack 0.7252892367643107->0.7199368449341574 , unplacedBoxesSize:9
currentRepackCostTime:322.213s , currentRepackMaxTime:349.20223529411766s
iter15		 Improve solution by repack 0.7199368449341574->0.7178523918301533 , unplacedBoxesSize:10
currentRepackCostTime:322.459s , currentRepackMaxTime:349.20223529411766s
iter8		 Improve solution by repack 0.7178523918301533->0.7174969766191884 , unplacedBoxesSize:11
currentRepackCostTime:322.567s , currentRepackMaxTime:349.20223529411766s
iter34		 Improve solution by repack 0.7174969766191884->0.7082676027949476 , unplacedBoxesSize:8
currentRepackCostTime:323.168s , currentRepackMaxTime:349.20223529411766s
iter74		 Improve solution by repack 0.7082676027949476->0.7070352391830153 , unplacedBoxesSize:8
currentRepackCostTime:324.301s , currentRepackMaxTime:349.20223529411766s
iter1		 Improve solution by repack 0.7070352391830153->0.7061745834453104 , unplacedBoxesSize:8
currentRepackCostTime:324.312s , currentRepackMaxTime:349.20223529411766s
iter33		 Improve solution by repack 0.7061745834453104->0.7055300994356356 , unplacedBoxesSize:10
currentRepackCostTime:324.769s , currentRepackMaxTime:349.20223529411766s
iter29		 Improve solution by repack 0.7055300994356356->0.7034204514915344 , unplacedBoxesSize:9
currentRepackCostTime:325.213s , currentRepackMaxTime:349.20223529411766s
iter51		 Improve solution by repack 0.7034204514915344->0.7029318395592583 , unplacedBoxesSize:9
currentRepackCostTime:325.934s , currentRepackMaxTime:349.20223529411766s
Selecting boards with low utilization for repacking...
iter8		 Improve solution by repack 0.9846889277076055->0.9827123085192153 , unplacedBoxesSize:15
currentRepackCostTime:334.556s , currentRepackMaxTime:349.20223529411766s
iter6		 Improve solution by repack 0.9827123085192153->0.720886186509003 , unplacedBoxesSize:12
currentRepackCostTime:334.661s , currentRepackMaxTime:349.20223529411766s
iter48		 Improve solution by repack 0.720886186509003->0.7180267401236227 , unplacedBoxesSize:13
currentRepackCostTime:335.5s , currentRepackMaxTime:349.20223529411766s
iter22		 Improve solution by repack 0.7180267401236227->0.7084340567051869 , unplacedBoxesSize:15
currentRepackCostTime:335.93s , currentRepackMaxTime:349.20223529411766s
iter29		 Improve solution by repack 0.7084340567051869->0.7039955657081429 , unplacedBoxesSize:17
currentRepackCostTime:336.499s , currentRepackMaxTime:349.20223529411766s
iter14		 Improve solution by repack 0.7039955657081429->0.7031808116097823 , unplacedBoxesSize:17
currentRepackCostTime:336.803s , currentRepackMaxTime:349.20223529411766s
iter11		 Improve solution by repack 0.7031808116097823->0.7019029293200754 , unplacedBoxesSize:15
currentRepackCostTime:337.027s , currentRepackMaxTime:349.20223529411766s
iter149		 Improve solution by repack 0.7019029293200754->0.7017389948938458 , unplacedBoxesSize:16
currentRepackCostTime:340.035s , currentRepackMaxTime:349.20223529411766s
iter34		 Improve solution by repack 0.7017389948938458->0.6999627586670251 , unplacedBoxesSize:18
currentRepackCostTime:340.747s , currentRepackMaxTime:349.20223529411766s
iter8		 Improve solution by repack 0.6999627586670251->0.6988147137866165 , unplacedBoxesSize:19
currentRepackCostTime:340.911s , currentRepackMaxTime:349.20223529411766s
iter66		 Improve solution by repack 0.6988147137866165->0.6978251814028488 , unplacedBoxesSize:14
currentRepackCostTime:342.493s , currentRepackMaxTime:349.20223529411766s
iter48		 Improve solution by repack 0.6978251814028488->0.6960156879871003 , unplacedBoxesSize:11
currentRepackCostTime:343.60200000000003s , currentRepackMaxTime:349.20223529411766s
