total number of nestable workpieces：514
Start priority-first combined packing.
Start nesting on the 1th large board, remaining blocks count: 198
Utilization of the 1th large board: 97.66500940607365, Time taken for this board: 4.197s
-------------------------------------------------------------------
Start nesting on the 2th large board, remaining blocks count: 188
Utilization of the 2th large board: 96.58495700080623, Time taken for this board: 7.843s
-------------------------------------------------------------------
Start nesting on the 3th large board, remaining blocks count: 180
Utilization of the 3th large board: 91.90170653050257, Time taken for this board: 10.673s
-------------------------------------------------------------------
Start nesting on the 4th large board, remaining blocks count: 175
Utilization of the 4th large board: 93.87815775329213, Time taken for this board: 13.684000000000001s
-------------------------------------------------------------------
Start nesting on the 5th large board, remaining blocks count: 168
Utilization of the 5th large board: 97.49486025262027, Time taken for this board: 16.601s
-------------------------------------------------------------------
Start nesting on the 6th large board, remaining blocks count: 154
Utilization of the 6th large board: 98.05566380005375, Time taken for this board: 20.552s
-------------------------------------------------------------------
Start nesting on the 7th large board, remaining blocks count: 143
Utilization of the 7th large board: 99.18624025799515, Time taken for this board: 25.703s
-------------------------------------------------------------------
Start nesting on the 8th large board, remaining blocks count: 117
Utilization of the 8th large board: 98.64579414135984, Time taken for this board: 27.156s
-------------------------------------------------------------------
Start nesting on the 9th large board, remaining blocks count: 101
Utilization of the 9th large board: 98.47742542327332, Time taken for this board: 28.253s
-------------------------------------------------------------------
Start nesting on the 10th large board, remaining blocks count: 89
Utilization of the 10th large board: 97.9228366030637, Time taken for this board: 28.955000000000002s
-------------------------------------------------------------------
Start nesting on the 11th large board, remaining blocks count: 77
Utilization of the 11th large board: 98.36922198333781, Time taken for this board: 29.604s
-------------------------------------------------------------------
Start nesting on the 12th large board, remaining blocks count: 63
Utilization of the 12th large board: 98.35971513034131, Time taken for this board: 29.833000000000002s
-------------------------------------------------------------------
Start nesting on the 13th large board, remaining blocks count: 55
Utilization of the 13th large board: 97.84647944101049, Time taken for this board: 30.068s
-------------------------------------------------------------------
Start nesting on the 14th large board, remaining blocks count: 41
Utilization of the 14th large board: 93.95300322493952, Time taken for this board: 30.168s
-------------------------------------------------------------------
Start nesting on the 15th large board, remaining blocks count: 35
Utilization of the 15th large board: 92.3031779091642, Time taken for this board: 30.246000000000002s
-------------------------------------------------------------------
Start nesting on the 16th large board, remaining blocks count: 21
Utilization of the 16th large board: 90.59980515990326, Time taken for this board: 30.261s
-------------------------------------------------------------------
Start nesting on the 17th large board, remaining blocks count: 13
Utilization of the 17th large board: 86.45800859983875, Time taken for this board: 30.265s
-------------------------------------------------------------------
Start nesting on the 18th large board, remaining blocks count: 7
Utilization of the 18th large board: 84.67186240257995, Time taken for this board: 30.266000000000002s
-------------------------------------------------------------------
Start nesting on the 19th large board, remaining blocks count: 6
Utilization of the 19th large board: 84.5756517065305, Time taken for this board: 30.267s
-------------------------------------------------------------------
Start nesting on the 20th large board, remaining blocks count: 6
Utilization of the 20th large board: 84.5756517065305, Time taken for this board: 30.267s
-------------------------------------------------------------------
Start nesting on the 21th large board, remaining blocks count: 6
Utilization of the 21th large board: 84.5756517065305, Time taken for this board: 30.268s
-------------------------------------------------------------------
Start nesting on the 22th large board, remaining blocks count: 6
Utilization of the 22th large board: 84.5756517065305, Time taken for this board: 30.269000000000002s
-------------------------------------------------------------------
Start nesting on the 23th large board, remaining blocks count: 6
Utilization of the 23th large board: 84.5756517065305, Time taken for this board: 30.27s
-------------------------------------------------------------------
Start nesting on the 24th large board, remaining blocks count: 4
Utilization of the 24th large board: 83.6242945444773, Time taken for this board: 30.27s
-------------------------------------------------------------------
Start nesting on the 25th large board, remaining blocks count: 2
Utilization of the 25th large board: 81.05563020693361, Time taken for this board: 30.27s
-------------------------------------------------------------------
Start nesting on the 26th large board, remaining blocks count: 2
Utilization of the 26th large board: 81.05563020693361, Time taken for this board: 30.27s
-------------------------------------------------------------------
Start nesting on the 27th large board, remaining blocks count: 2
Utilization of the 27th large board: 27.018543402311206, Time taken for this board: 30.27s
-------------------------------------------------------------------
Start global repack optimization for 27 boards, time=293.154s.
Start improving solution by repacking.
Selecting boards with low utilization for repacking...
iter3		 Improve solution by repack 0.27018543402311207->0.21494490728298846 , unplacedBoxesSize:2
currentRepackCostTime:0.026000000000000002s , currentRepackMaxTime:293.154s
iter4		 Improve solution by repack 0.21494490728298846->0.19958613276001075 , unplacedBoxesSize:2
currentRepackCostTime:0.034s , currentRepackMaxTime:293.154s
iter8		 Improve solution by repack 0.19958613276001075->0.14630509271701156 , unplacedBoxesSize:2
currentRepackCostTime:0.078s , currentRepackMaxTime:293.154s
iter10		 Improve solution by repack 0.14630509271701156->0.12103869927438861 , unplacedBoxesSize:2
currentRepackCostTime:0.089s , currentRepackMaxTime:293.154s
iter17		 Improve solution by repack 0.12103869927438861->0.07224603601182478 , unplacedBoxesSize:2
currentRepackCostTime:0.165s , currentRepackMaxTime:293.154s
iter19		 Improve solution by repack 0.07224603601182478->0.04119927438860521 , unplacedBoxesSize:1
currentRepackCostTime:0.197s , currentRepackMaxTime:293.154s
iter24		 Improve solution by repack 0.04119927438860521->0.0 , unplacedBoxesSize:0
currentRepackCostTime:0.24s , currentRepackMaxTime:293.154s
Improved success. Continue searching for another removable board.
Selecting boards with low utilization for repacking...
iter16		 Improve solution by repack 0.845756517065305->0.816673945176028 , unplacedBoxesSize:10
currentRepackCostTime:0.35100000000000003s , currentRepackMaxTime:293.154s
iter17		 Improve solution by repack 0.816673945176028->0.7985255979575383 , unplacedBoxesSize:9
currentRepackCostTime:0.36s , currentRepackMaxTime:293.154s
iter24		 Improve solution by repack 0.7985255979575383->0.7894584789035206 , unplacedBoxesSize:10
currentRepackCostTime:0.421s , currentRepackMaxTime:293.154s
iter27		 Improve solution by repack 0.7894584789035206->0.7824858908895458 , unplacedBoxesSize:9
currentRepackCostTime:0.442s , currentRepackMaxTime:293.154s
iter31		 Improve solution by repack 0.7824858908895458->0.780171324912658 , unplacedBoxesSize:9
currentRepackCostTime:0.47500000000000003s , currentRepackMaxTime:293.154s
iter38		 Improve solution by repack 0.780171324912658->0.7766279226014512 , unplacedBoxesSize:9
currentRepackCostTime:0.551s , currentRepackMaxTime:293.154s
iter50		 Improve solution by repack 0.7766279226014512->0.7666386723998925 , unplacedBoxesSize:10
currentRepackCostTime:0.6920000000000001s , currentRepackMaxTime:293.154s
iter51		 Improve solution by repack 0.7666386723998925->0.7615614082235959 , unplacedBoxesSize:9
currentRepackCostTime:0.7030000000000001s , currentRepackMaxTime:293.154s
iter126		 Improve solution by repack 0.7615614082235959->0.7388359983875302 , unplacedBoxesSize:9
currentRepackCostTime:1.438s , currentRepackMaxTime:293.154s
iter131		 Improve solution by repack 0.7388359983875302->0.7242260145122279 , unplacedBoxesSize:9
currentRepackCostTime:1.492s , currentRepackMaxTime:293.154s
iter170		 Improve solution by repack 0.7242260145122279->0.7194692287019617 , unplacedBoxesSize:9
currentRepackCostTime:1.867s , currentRepackMaxTime:293.154s
iter244		 Improve solution by repack 0.7194692287019617->0.7170639613007257 , unplacedBoxesSize:9
currentRepackCostTime:2.564s , currentRepackMaxTime:293.154s
iter309		 Improve solution by repack 0.7170639613007257->0.716717952163397 , unplacedBoxesSize:8
currentRepackCostTime:3.2640000000000002s , currentRepackMaxTime:293.154s
iter396		 Improve solution by repack 0.716717952163397->0.7128157753292127 , unplacedBoxesSize:9
currentRepackCostTime:4.071s , currentRepackMaxTime:293.154s
iter406		 Improve solution by repack 0.7128157753292127->0.7091144853533996 , unplacedBoxesSize:8
currentRepackCostTime:4.192s , currentRepackMaxTime:293.154s
iter415		 Improve solution by repack 0.7091144853533996->0.6933603198065036 , unplacedBoxesSize:8
currentRepackCostTime:4.291s , currentRepackMaxTime:293.154s
iter427		 Improve solution by repack 0.6933603198065036->0.6905341306100511 , unplacedBoxesSize:8
currentRepackCostTime:4.415s , currentRepackMaxTime:293.154s
iter430		 Improve solution by repack 0.6905341306100511->0.685615090029562 , unplacedBoxesSize:8
currentRepackCostTime:4.463s , currentRepackMaxTime:293.154s
iter447		 Improve solution by repack 0.685615090029562->0.6806960494490728 , unplacedBoxesSize:8
currentRepackCostTime:4.614s , currentRepackMaxTime:293.154s
iter451		 Improve solution by repack 0.6806960494490728->0.6764149422198334 , unplacedBoxesSize:8
currentRepackCostTime:4.643s , currentRepackMaxTime:293.154s
iter478		 Improve solution by repack 0.6764149422198334->0.6734610991668907 , unplacedBoxesSize:9
currentRepackCostTime:4.91s , currentRepackMaxTime:293.154s
iter479		 Improve solution by repack 0.6734610991668907->0.657228903520559 , unplacedBoxesSize:9
currentRepackCostTime:4.922s , currentRepackMaxTime:293.154s
iter494		 Improve solution by repack 0.657228903520559->0.6542327331362536 , unplacedBoxesSize:9
currentRepackCostTime:5.093s , currentRepackMaxTime:293.154s
iter495		 Improve solution by repack 0.6542327331362536->0.643360655737705 , unplacedBoxesSize:8
currentRepackCostTime:5.104s , currentRepackMaxTime:293.154s
iter508		 Improve solution by repack 0.643360655737705->0.6390795485084655 , unplacedBoxesSize:8
currentRepackCostTime:5.22s , currentRepackMaxTime:293.154s
Selecting boards with low utilization for repacking...
Selecting boards with low utilization for repacking...
iter12		 Improve solution by repack 0.8739246842246708->0.6584382558452029 , unplacedBoxesSize:9
currentRepackCostTime:13.066s , currentRepackMaxTime:293.154s
iter83		 Improve solution by repack 0.6584382558452029->0.646397137866165 , unplacedBoxesSize:8
currentRepackCostTime:13.802s , currentRepackMaxTime:293.154s
iter131		 Improve solution by repack 0.646397137866165->0.6390795485084655 , unplacedBoxesSize:8
currentRepackCostTime:14.285s , currentRepackMaxTime:293.154s
Selecting boards with low utilization for repacking...
iter29		 Improve solution by repack 0.6390795485084655->0.6372245364149421 , unplacedBoxesSize:8
currentRepackCostTime:19.627s , currentRepackMaxTime:293.154s
iter37		 Improve solution by repack 0.6372245364149421->0.6363282719699006 , unplacedBoxesSize:7
currentRepackCostTime:19.706s , currentRepackMaxTime:293.154s
iter46		 Improve solution by repack 0.6363282719699006->0.6332531577532922 , unplacedBoxesSize:7
currentRepackCostTime:19.795s , currentRepackMaxTime:293.154s
iter47		 Improve solution by repack 0.6332531577532922->0.6268818865896264 , unplacedBoxesSize:9
currentRepackCostTime:19.803s , currentRepackMaxTime:293.154s
iter61		 Improve solution by repack 0.6268818865896264->0.624483337812416 , unplacedBoxesSize:9
currentRepackCostTime:19.938s , currentRepackMaxTime:293.154s
iter67		 Improve solution by repack 0.624483337812416->0.6222436844934157 , unplacedBoxesSize:8
currentRepackCostTime:20.017s , currentRepackMaxTime:293.154s
iter71		 Improve solution by repack 0.6222436844934157->0.6058633431873152 , unplacedBoxesSize:7
currentRepackCostTime:20.065s , currentRepackMaxTime:293.154s
iter73		 Improve solution by repack 0.6058633431873152->0.6005962778822898 , unplacedBoxesSize:8
currentRepackCostTime:20.091s , currentRepackMaxTime:293.154s
iter77		 Improve solution by repack 0.6005962778822898->0.598491668906208 , unplacedBoxesSize:8
currentRepackCostTime:20.121s , currentRepackMaxTime:293.154s
iter89		 Improve solution by repack 0.598491668906208->0.5960548239720505 , unplacedBoxesSize:7
currentRepackCostTime:20.255s , currentRepackMaxTime:293.154s
iter99		 Improve solution by repack 0.5960548239720505->0.596025262026337 , unplacedBoxesSize:7
currentRepackCostTime:20.328s , currentRepackMaxTime:293.154s
Selecting boards with low utilization for repacking...
Selecting boards with low utilization for repacking...
iter3		 Improve solution by repack 0.9051740123622682->0.6641544611663531 , unplacedBoxesSize:7
currentRepackCostTime:28.671s , currentRepackMaxTime:293.154s
iter6		 Improve solution by repack 0.6641544611663531->0.6538255845202903 , unplacedBoxesSize:7
currentRepackCostTime:28.69s , currentRepackMaxTime:293.154s
iter22		 Improve solution by repack 0.6538255845202903->0.6511142837946788 , unplacedBoxesSize:8
currentRepackCostTime:28.829s , currentRepackMaxTime:293.154s
iter30		 Improve solution by repack 0.6511142837946788->0.635134372480516 , unplacedBoxesSize:8
currentRepackCostTime:28.925s , currentRepackMaxTime:293.154s
iter33		 Improve solution by repack 0.635134372480516->0.6276992072023649 , unplacedBoxesSize:8
currentRepackCostTime:28.955000000000002s , currentRepackMaxTime:293.154s
iter49		 Improve solution by repack 0.6276992072023649->0.6272735823703306 , unplacedBoxesSize:7
currentRepackCostTime:29.101s , currentRepackMaxTime:293.154s
iter110		 Improve solution by repack 0.6272735823703306->0.6107712980381618 , unplacedBoxesSize:6
currentRepackCostTime:29.654s , currentRepackMaxTime:293.154s
iter112		 Improve solution by repack 0.6107712980381618->0.596025262026337 , unplacedBoxesSize:7
currentRepackCostTime:29.669s , currentRepackMaxTime:293.154s
iter189		 Improve solution by repack 0.596025262026337->0.5919819940876109 , unplacedBoxesSize:7
currentRepackCostTime:30.392s , currentRepackMaxTime:293.154s
iter209		 Improve solution by repack 0.5919819940876109->0.5912684762160709 , unplacedBoxesSize:7
currentRepackCostTime:30.57s , currentRepackMaxTime:293.154s
Selecting boards with low utilization for repacking...
Selecting boards with low utilization for repacking...
iter3		 Improve solution by repack 0.9075947325987638->0.5961875167965601 , unplacedBoxesSize:7
currentRepackCostTime:38.357s , currentRepackMaxTime:293.154s
iter16		 Improve solution by repack 0.5961875167965601->0.5912684762160709 , unplacedBoxesSize:7
currentRepackCostTime:38.458s , currentRepackMaxTime:293.154s
Selecting boards with low utilization for repacking...
Selecting boards with low utilization for repacking...
iter4		 Improve solution by repack 0.8983814834721849->0.8939918704649288 , unplacedBoxesSize:5
currentRepackCostTime:48.006s , currentRepackMaxTime:293.154s
iter17		 Improve solution by repack 0.8939918704649288->0.8863581698468154 , unplacedBoxesSize:9
currentRepackCostTime:48.089s , currentRepackMaxTime:293.154s
iter28		 Improve solution by repack 0.8863581698468154->0.8831399489384575 , unplacedBoxesSize:9
currentRepackCostTime:48.173s , currentRepackMaxTime:293.154s
iter32		 Improve solution by repack 0.8831399489384575->0.5912684762160709 , unplacedBoxesSize:7
currentRepackCostTime:48.216s , currentRepackMaxTime:293.154s
iter209		 Improve solution by repack 0.5912684762160709->0.584672131147541 , unplacedBoxesSize:7
currentRepackCostTime:49.949s , currentRepackMaxTime:293.154s
iter211		 Improve solution by repack 0.584672131147541->0.5803910239183016 , unplacedBoxesSize:7
currentRepackCostTime:49.966s , currentRepackMaxTime:293.154s
iter225		 Improve solution by repack 0.5803910239183016->0.5789602929320076 , unplacedBoxesSize:8
currentRepackCostTime:50.123s , currentRepackMaxTime:293.154s
iter226		 Improve solution by repack 0.5789602929320076->0.5732625638269282 , unplacedBoxesSize:8
currentRepackCostTime:50.14s , currentRepackMaxTime:293.154s
iter230		 Improve solution by repack 0.5732625638269282->0.5698851115291588 , unplacedBoxesSize:7
currentRepackCostTime:50.182s , currentRepackMaxTime:293.154s
iter236		 Improve solution by repack 0.5698851115291588->0.5608250470303682 , unplacedBoxesSize:6
currentRepackCostTime:50.236000000000004s , currentRepackMaxTime:293.154s
iter273		 Improve solution by repack 0.5608250470303682->0.560378930395055 , unplacedBoxesSize:7
currentRepackCostTime:50.551s , currentRepackMaxTime:293.154s
iter281		 Improve solution by repack 0.560378930395055->0.5560978231658157 , unplacedBoxesSize:7
currentRepackCostTime:50.631s , currentRepackMaxTime:293.154s
iter283		 Improve solution by repack 0.5560978231658157->0.5539330825047031 , unplacedBoxesSize:7
currentRepackCostTime:50.639s , currentRepackMaxTime:293.154s
Selecting boards with low utilization for repacking...
Selecting boards with low utilization for repacking...
iter8		 Improve solution by repack 0.8985840499865628->0.5896089760816985 , unplacedBoxesSize:8
currentRepackCostTime:57.351s , currentRepackMaxTime:293.154s
iter37		 Improve solution by repack 0.5896089760816985->0.5738134909970438 , unplacedBoxesSize:7
currentRepackCostTime:57.635s , currentRepackMaxTime:293.154s
iter55		 Improve solution by repack 0.5738134909970438->0.5692223192690137 , unplacedBoxesSize:7
currentRepackCostTime:57.798s , currentRepackMaxTime:293.154s
iter76		 Improve solution by repack 0.5692223192690137->0.5608250470303682 , unplacedBoxesSize:6
currentRepackCostTime:57.974000000000004s , currentRepackMaxTime:293.154s
iter221		 Improve solution by repack 0.5608250470303682->0.5536317522171459 , unplacedBoxesSize:7
currentRepackCostTime:59.25s , currentRepackMaxTime:293.154s
iter231		 Improve solution by repack 0.5536317522171459->0.5457665950013437 , unplacedBoxesSize:9
currentRepackCostTime:59.351s , currentRepackMaxTime:293.154s
iter232		 Improve solution by repack 0.5457665950013437->0.5435685971513033 , unplacedBoxesSize:8
currentRepackCostTime:59.358000000000004s , currentRepackMaxTime:293.154s
iter233		 Improve solution by repack 0.5435685971513033->0.5424774926095136 , unplacedBoxesSize:7
currentRepackCostTime:59.370000000000005s , currentRepackMaxTime:293.154s
iter237		 Improve solution by repack 0.5424774926095136->0.529499462510078 , unplacedBoxesSize:8
currentRepackCostTime:59.418s , currentRepackMaxTime:293.154s
iter269		 Improve solution by repack 0.529499462510078->0.5286535877452297 , unplacedBoxesSize:7
currentRepackCostTime:59.755s , currentRepackMaxTime:293.154s
iter470		 Improve solution by repack 0.5286535877452297->0.5157978366030637 , unplacedBoxesSize:6
currentRepackCostTime:61.908s , currentRepackMaxTime:293.154s
iter493		 Improve solution by repack 0.5157978366030637->0.515159903251814 , unplacedBoxesSize:6
currentRepackCostTime:62.120000000000005s , currentRepackMaxTime:293.154s
iter495		 Improve solution by repack 0.515159903251814->0.5108787960225746 , unplacedBoxesSize:6
currentRepackCostTime:62.136s , currentRepackMaxTime:293.154s
Selecting boards with low utilization for repacking...
Selecting boards with low utilization for repacking...
iter1		 Improve solution by repack 0.9012006181134103->0.9006943697930664 , unplacedBoxesSize:10
currentRepackCostTime:69.953s , currentRepackMaxTime:293.154s
iter20		 Improve solution by repack 0.9006943697930664->0.596025262026337 , unplacedBoxesSize:7
currentRepackCostTime:70.158s , currentRepackMaxTime:293.154s
iter29		 Improve solution by repack 0.596025262026337->0.5905032249395323 , unplacedBoxesSize:8
currentRepackCostTime:70.247s , currentRepackMaxTime:293.154s
iter58		 Improve solution by repack 0.5905032249395323->0.5895750470303682 , unplacedBoxesSize:8
currentRepackCostTime:70.57600000000001s , currentRepackMaxTime:293.154s
iter60		 Improve solution by repack 0.5895750470303682->0.5782864149422198 , unplacedBoxesSize:7
currentRepackCostTime:70.595s , currentRepackMaxTime:293.154s
iter91		 Improve solution by repack 0.5782864149422198->0.5781580892233271 , unplacedBoxesSize:7
currentRepackCostTime:70.877s , currentRepackMaxTime:293.154s
iter130		 Improve solution by repack 0.5781580892233271->0.5717078742273582 , unplacedBoxesSize:8
currentRepackCostTime:71.324s , currentRepackMaxTime:293.154s
iter157		 Improve solution by repack 0.5717078742273582->0.5668140284869659 , unplacedBoxesSize:8
currentRepackCostTime:71.57600000000001s , currentRepackMaxTime:293.154s
iter170		 Improve solution by repack 0.5668140284869659->0.5659970438054286 , unplacedBoxesSize:7
currentRepackCostTime:71.71900000000001s , currentRepackMaxTime:293.154s
iter171		 Improve solution by repack 0.5659970438054286->0.5575409836065573 , unplacedBoxesSize:7
currentRepackCostTime:71.72500000000001s , currentRepackMaxTime:293.154s
iter179		 Improve solution by repack 0.5575409836065573->0.5564468556839559 , unplacedBoxesSize:7
currentRepackCostTime:71.816s , currentRepackMaxTime:293.154s
iter210		 Improve solution by repack 0.5564468556839559->0.5539330825047031 , unplacedBoxesSize:7
currentRepackCostTime:72.119s , currentRepackMaxTime:293.154s
iter214		 Improve solution by repack 0.5539330825047031->0.5524899220639613 , unplacedBoxesSize:8
currentRepackCostTime:72.174s , currentRepackMaxTime:293.154s
iter257		 Improve solution by repack 0.5524899220639613->0.5515278151034668 , unplacedBoxesSize:7
currentRepackCostTime:72.622s , currentRepackMaxTime:293.154s
iter275		 Improve solution by repack 0.5515278151034668->0.549375503896802 , unplacedBoxesSize:7
currentRepackCostTime:72.81400000000001s , currentRepackMaxTime:293.154s
iter311		 Improve solution by repack 0.549375503896802->0.5337849368449342 , unplacedBoxesSize:7
currentRepackCostTime:73.135s , currentRepackMaxTime:293.154s
iter312		 Improve solution by repack 0.5337849368449342->0.5108787960225746 , unplacedBoxesSize:6
currentRepackCostTime:73.143s , currentRepackMaxTime:293.154s
iter396		 Improve solution by repack 0.5108787960225746->0.5061220102123085 , unplacedBoxesSize:6
currentRepackCostTime:73.958s , currentRepackMaxTime:293.154s
Selecting boards with low utilization for repacking...
Selecting boards with low utilization for repacking...
iter5		 Improve solution by repack 0.9084883095941951->0.5515278151034668 , unplacedBoxesSize:7
currentRepackCostTime:82.446s , currentRepackMaxTime:293.154s
iter11		 Improve solution by repack 0.5515278151034668->0.5490711502284332 , unplacedBoxesSize:8
currentRepackCostTime:82.515s , currentRepackMaxTime:293.154s
iter20		 Improve solution by repack 0.5490711502284332->0.5289898548777211 , unplacedBoxesSize:6
currentRepackCostTime:82.643s , currentRepackMaxTime:293.154s
iter31		 Improve solution by repack 0.5289898548777211->0.5157978366030637 , unplacedBoxesSize:6
currentRepackCostTime:82.754s , currentRepackMaxTime:293.154s
iter87		 Improve solution by repack 0.5157978366030637->0.5108787960225746 , unplacedBoxesSize:6
currentRepackCostTime:83.328s , currentRepackMaxTime:293.154s
Selecting boards with low utilization for repacking...
Selecting boards with low utilization for repacking...
iter17		 Improve solution by repack 0.9139290513302876->0.9122792932007525 , unplacedBoxesSize:7
currentRepackCostTime:92.024s , currentRepackMaxTime:293.154s
iter23		 Improve solution by repack 0.9122792932007525->0.9117307175490459 , unplacedBoxesSize:5
currentRepackCostTime:92.07300000000001s , currentRepackMaxTime:293.154s
iter39		 Improve solution by repack 0.9117307175490459->0.8960964794410105 , unplacedBoxesSize:5
currentRepackCostTime:92.193s , currentRepackMaxTime:293.154s
iter43		 Improve solution by repack 0.8960964794410105->0.5803910239183016 , unplacedBoxesSize:7
currentRepackCostTime:92.214s , currentRepackMaxTime:293.154s
iter53		 Improve solution by repack 0.5803910239183016->0.5795491803278688 , unplacedBoxesSize:7
currentRepackCostTime:92.298s , currentRepackMaxTime:293.154s
iter64		 Improve solution by repack 0.5795491803278688->0.5782864149422198 , unplacedBoxesSize:7
currentRepackCostTime:92.397s , currentRepackMaxTime:293.154s
iter70		 Improve solution by repack 0.5782864149422198->0.5781580892233271 , unplacedBoxesSize:7
currentRepackCostTime:92.456s , currentRepackMaxTime:293.154s
iter114		 Improve solution by repack 0.5781580892233271->0.5539330825047031 , unplacedBoxesSize:7
currentRepackCostTime:92.86200000000001s , currentRepackMaxTime:293.154s
iter209		 Improve solution by repack 0.5539330825047031->0.5395014780972857 , unplacedBoxesSize:7
currentRepackCostTime:93.812s , currentRepackMaxTime:293.154s
iter221		 Improve solution by repack 0.5395014780972857->0.5374570008062348 , unplacedBoxesSize:7
currentRepackCostTime:93.94500000000001s , currentRepackMaxTime:293.154s
iter222		 Improve solution by repack 0.5374570008062348->0.5361942354205859 , unplacedBoxesSize:7
currentRepackCostTime:93.96300000000001s , currentRepackMaxTime:293.154s
iter368		 Improve solution by repack 0.5361942354205859->0.5360659097016931 , unplacedBoxesSize:7
currentRepackCostTime:95.337s , currentRepackMaxTime:293.154s
iter503		 Improve solution by repack 0.5360659097016931->0.5340190808922333 , unplacedBoxesSize:7
currentRepackCostTime:96.593s , currentRepackMaxTime:293.154s
iter520		 Improve solution by repack 0.5340190808922333->0.5240244557914538 , unplacedBoxesSize:7
currentRepackCostTime:96.793s , currentRepackMaxTime:293.154s
iter562		 Improve solution by repack 0.5240244557914538->0.519558586401505 , unplacedBoxesSize:8
currentRepackCostTime:97.19500000000001s , currentRepackMaxTime:293.154s
iter563		 Improve solution by repack 0.519558586401505->0.5142669981187853 , unplacedBoxesSize:7
currentRepackCostTime:97.199s , currentRepackMaxTime:293.154s
iter577		 Improve solution by repack 0.5142669981187853->0.5123004568664338 , unplacedBoxesSize:7
currentRepackCostTime:97.33800000000001s , currentRepackMaxTime:293.154s
iter735		 Improve solution by repack 0.5123004568664338->0.5053567589357699 , unplacedBoxesSize:7
currentRepackCostTime:98.876s , currentRepackMaxTime:293.154s
iter839		 Improve solution by repack 0.5053567589357699->0.5044463853802741 , unplacedBoxesSize:7
currentRepackCostTime:99.974s , currentRepackMaxTime:293.154s
iter902		 Improve solution by repack 0.5044463853802741->0.5035017468422467 , unplacedBoxesSize:7
currentRepackCostTime:100.666s , currentRepackMaxTime:293.154s
iter974		 Improve solution by repack 0.5035017468422467->0.5013134909970438 , unplacedBoxesSize:7
currentRepackCostTime:101.449s , currentRepackMaxTime:293.154s
iter982		 Improve solution by repack 0.5013134909970438->0.500599973125504 , unplacedBoxesSize:7
currentRepackCostTime:101.505s , currentRepackMaxTime:293.154s
iter983		 Improve solution by repack 0.500599973125504->0.5003439935501209 , unplacedBoxesSize:7
currentRepackCostTime:101.513s , currentRepackMaxTime:293.154s
iter1016		 Improve solution by repack 0.5003439935501209->0.4930116232195646 , unplacedBoxesSize:6
currentRepackCostTime:101.864s , currentRepackMaxTime:293.154s
iter1147		 Improve solution by repack 0.4930116232195646->0.49218086535877453 , unplacedBoxesSize:6
currentRepackCostTime:103.057s , currentRepackMaxTime:293.154s
iter1177		 Improve solution by repack 0.49218086535877453->0.489416151572158 , unplacedBoxesSize:7
currentRepackCostTime:103.376s , currentRepackMaxTime:293.154s
iter1325		 Improve solution by repack 0.489416151572158->0.4892962241332975 , unplacedBoxesSize:6
currentRepackCostTime:104.84s , currentRepackMaxTime:293.154s
iter1382		 Improve solution by repack 0.4892962241332975->0.47871741467347484 , unplacedBoxesSize:7
currentRepackCostTime:105.372s , currentRepackMaxTime:293.154s
iter1396		 Improve solution by repack 0.47871741467347484->0.476071620532115 , unplacedBoxesSize:7
currentRepackCostTime:105.554s , currentRepackMaxTime:293.154s
iter1403		 Improve solution by repack 0.476071620532115->0.47567858102660576 , unplacedBoxesSize:5
currentRepackCostTime:105.611s , currentRepackMaxTime:293.154s
iter1451		 Improve solution by repack 0.47567858102660576->0.47005845202902447 , unplacedBoxesSize:7
currentRepackCostTime:106.024s , currentRepackMaxTime:293.154s
iter1491		 Improve solution by repack 0.47005845202902447->0.4669316044074174 , unplacedBoxesSize:6
currentRepackCostTime:106.456s , currentRepackMaxTime:293.154s
Selecting boards with low utilization for repacking...
Selecting boards with low utilization for repacking...
iter8		 Improve solution by repack 0.917905468959957->0.9111596345068529 , unplacedBoxesSize:9
currentRepackCostTime:114.307s , currentRepackMaxTime:293.154s
iter10		 Improve solution by repack 0.9111596345068529->0.8902297769416824 , unplacedBoxesSize:8
currentRepackCostTime:114.319s , currentRepackMaxTime:293.154s
iter31		 Improve solution by repack 0.8902297769416824->0.8853533996237571 , unplacedBoxesSize:5
currentRepackCostTime:114.503s , currentRepackMaxTime:293.154s
iter36		 Improve solution by repack 0.8853533996237571->0.5152754635850578 , unplacedBoxesSize:3
currentRepackCostTime:114.526s , currentRepackMaxTime:293.154s
iter41		 Improve solution by repack 0.5152754635850578->0.5078392905133029 , unplacedBoxesSize:6
currentRepackCostTime:114.569s , currentRepackMaxTime:293.154s
iter43		 Improve solution by repack 0.5078392905133029->0.49481120666487505 , unplacedBoxesSize:7
currentRepackCostTime:114.58200000000001s , currentRepackMaxTime:293.154s
iter142		 Improve solution by repack 0.49481120666487505->0.4669316044074174 , unplacedBoxesSize:6
currentRepackCostTime:115.71600000000001s , currentRepackMaxTime:293.154s
Selecting boards with low utilization for repacking...
Selecting boards with low utilization for repacking...
iter16		 Improve solution by repack 0.8988470841171728->0.5168778554152109 , unplacedBoxesSize:6
currentRepackCostTime:125.527s , currentRepackMaxTime:293.154s
iter29		 Improve solution by repack 0.5168778554152109->0.5140056436441817 , unplacedBoxesSize:7
currentRepackCostTime:125.669s , currentRepackMaxTime:293.154s
iter75		 Improve solution by repack 0.5140056436441817->0.5123004568664338 , unplacedBoxesSize:7
currentRepackCostTime:126.165s , currentRepackMaxTime:293.154s
iter113		 Improve solution by repack 0.5123004568664338->0.5109305294275732 , unplacedBoxesSize:7
currentRepackCostTime:126.534s , currentRepackMaxTime:293.154s
iter127		 Improve solution by repack 0.5109305294275732->0.5100154528352594 , unplacedBoxesSize:7
currentRepackCostTime:126.676s , currentRepackMaxTime:293.154s
iter129		 Improve solution by repack 0.5100154528352594->0.5099858908895458 , unplacedBoxesSize:7
currentRepackCostTime:126.69s , currentRepackMaxTime:293.154s
iter163		 Improve solution by repack 0.5099858908895458->0.49524455791453914 , unplacedBoxesSize:6
currentRepackCostTime:127.014s , currentRepackMaxTime:293.154s
iter185		 Improve solution by repack 0.49524455791453914->0.4943516527815104 , unplacedBoxesSize:7
currentRepackCostTime:127.24300000000001s , currentRepackMaxTime:293.154s
iter210		 Improve solution by repack 0.4943516527815104->0.49224704380542866 , unplacedBoxesSize:7
currentRepackCostTime:127.497s , currentRepackMaxTime:293.154s
iter247		 Improve solution by repack 0.49224704380542866->0.49032585326525124 , unplacedBoxesSize:6
currentRepackCostTime:127.947s , currentRepackMaxTime:293.154s
Selecting boards with low utilization for repacking...
Selecting boards with low utilization for repacking...
iter1		 Improve solution by repack 0.9098155737704918->0.4960138403654931 , unplacedBoxesSize:7
currentRepackCostTime:135.306s , currentRepackMaxTime:293.154s
iter4		 Improve solution by repack 0.4960138403654931->0.48983774522977697 , unplacedBoxesSize:7
currentRepackCostTime:135.342s , currentRepackMaxTime:293.154s
iter217		 Improve solution by repack 0.48983774522977697->0.47567858102660576 , unplacedBoxesSize:5
currentRepackCostTime:137.895s , currentRepackMaxTime:293.154s
iter256		 Improve solution by repack 0.47567858102660576->0.4720327196990057 , unplacedBoxesSize:6
currentRepackCostTime:138.221s , currentRepackMaxTime:293.154s
iter260		 Improve solution by repack 0.4720327196990057->0.4669316044074174 , unplacedBoxesSize:6
currentRepackCostTime:138.27100000000002s , currentRepackMaxTime:293.154s
Selecting boards with low utilization for repacking...
Selecting boards with low utilization for repacking...
iter3		 Improve solution by repack 0.9043506449879064->0.51099737973663 , unplacedBoxesSize:6
currentRepackCostTime:145.624s , currentRepackMaxTime:293.154s
iter5		 Improve solution by repack 0.51099737973663->0.5096103198065036 , unplacedBoxesSize:7
currentRepackCostTime:145.64000000000001s , currentRepackMaxTime:293.154s
iter10		 Improve solution by repack 0.5096103198065036->0.4938574979844128 , unplacedBoxesSize:7
currentRepackCostTime:145.704s , currentRepackMaxTime:293.154s
iter15		 Improve solution by repack 0.4938574979844128->0.48961233539371135 , unplacedBoxesSize:7
currentRepackCostTime:145.749s , currentRepackMaxTime:293.154s
iter53		 Improve solution by repack 0.48961233539371135->0.47567858102660576 , unplacedBoxesSize:5
currentRepackCostTime:146.12800000000001s , currentRepackMaxTime:293.154s
iter139		 Improve solution by repack 0.47567858102660576->0.4720327196990057 , unplacedBoxesSize:6
currentRepackCostTime:146.907s , currentRepackMaxTime:293.154s
iter148		 Improve solution by repack 0.4720327196990057->0.4719084251545283 , unplacedBoxesSize:6
currentRepackCostTime:147.01500000000001s , currentRepackMaxTime:293.154s
iter155		 Improve solution by repack 0.4719084251545283->0.47130038968019344 , unplacedBoxesSize:6
currentRepackCostTime:147.073s , currentRepackMaxTime:293.154s
iter247		 Improve solution by repack 0.47130038968019344->0.46641091104541793 , unplacedBoxesSize:6
currentRepackCostTime:148.014s , currentRepackMaxTime:293.154s
iter253		 Improve solution by repack 0.46641091104541793->0.4638726148884708 , unplacedBoxesSize:4
currentRepackCostTime:148.087s , currentRepackMaxTime:293.154s
iter502		 Improve solution by repack 0.4638726148884708->0.44624193765116904 , unplacedBoxesSize:5
currentRepackCostTime:150.096s , currentRepackMaxTime:293.154s
iter531		 Improve solution by repack 0.44624193765116904->0.44109110454178985 , unplacedBoxesSize:5
currentRepackCostTime:150.349s , currentRepackMaxTime:293.154s
iter599		 Improve solution by repack 0.44109110454178985->0.43534533727492614 , unplacedBoxesSize:6
currentRepackCostTime:150.955s , currentRepackMaxTime:293.154s
iter601		 Improve solution by repack 0.43534533727492614->0.43132558452029024 , unplacedBoxesSize:6
currentRepackCostTime:150.979s , currentRepackMaxTime:293.154s
iter624		 Improve solution by repack 0.43132558452029024->0.430852593388874 , unplacedBoxesSize:6
currentRepackCostTime:151.192s , currentRepackMaxTime:293.154s
iter632		 Improve solution by repack 0.430852593388874->0.4297584654662725 , unplacedBoxesSize:6
currentRepackCostTime:151.264s , currentRepackMaxTime:293.154s
iter712		 Improve solution by repack 0.4297584654662725->0.4248394248857834 , unplacedBoxesSize:6
currentRepackCostTime:152.05s , currentRepackMaxTime:293.154s
Selecting boards with low utilization for repacking...
Selecting boards with low utilization for repacking...
iter1		 Improve solution by repack 0.92101820747111->0.4248394248857834 , unplacedBoxesSize:6
currentRepackCostTime:161.449s , currentRepackMaxTime:293.154s
Selecting boards with low utilization for repacking...
Selecting boards with low utilization for repacking...
iter1		 Improve solution by repack 0.92101820747111->0.4737056570814297 , unplacedBoxesSize:6
currentRepackCostTime:171.514s , currentRepackMaxTime:293.154s
iter6		 Improve solution by repack 0.4737056570814297->0.46878661650094067 , unplacedBoxesSize:6
currentRepackCostTime:171.55s , currentRepackMaxTime:293.154s
iter65		 Improve solution by repack 0.46878661650094067->0.4669833378124161 , unplacedBoxesSize:7
currentRepackCostTime:172.082s , currentRepackMaxTime:293.154s
iter191		 Improve solution by repack 0.4669833378124161->0.46288833646869126 , unplacedBoxesSize:6
currentRepackCostTime:173.543s , currentRepackMaxTime:293.154s
iter194		 Improve solution by repack 0.46288833646869126->0.4580788094598226 , unplacedBoxesSize:6
currentRepackCostTime:173.565s , currentRepackMaxTime:293.154s
iter209		 Improve solution by repack 0.4580788094598226->0.449109110454179 , unplacedBoxesSize:6
currentRepackCostTime:173.705s , currentRepackMaxTime:293.154s
iter215		 Improve solution by repack 0.449109110454179->0.4487264848159097 , unplacedBoxesSize:7
currentRepackCostTime:173.755s , currentRepackMaxTime:293.154s
iter226		 Improve solution by repack 0.4487264848159097->0.44298844396667564 , unplacedBoxesSize:6
currentRepackCostTime:173.91s , currentRepackMaxTime:293.154s
iter241		 Improve solution by repack 0.44298844396667564->0.44125638269282447 , unplacedBoxesSize:6
currentRepackCostTime:174.056s , currentRepackMaxTime:293.154s
iter250		 Improve solution by repack 0.44125638269282447->0.4410185434023112 , unplacedBoxesSize:6
currentRepackCostTime:174.15800000000002s , currentRepackMaxTime:293.154s
iter455		 Improve solution by repack 0.4410185434023112->0.4300134372480516 , unplacedBoxesSize:5
currentRepackCostTime:176.3s , currentRepackMaxTime:293.154s
iter503		 Improve solution by repack 0.4300134372480516->0.4257323300188121 , unplacedBoxesSize:5
currentRepackCostTime:176.721s , currentRepackMaxTime:293.154s
iter651		 Improve solution by repack 0.4257323300188121->0.4248394248857834 , unplacedBoxesSize:6
currentRepackCostTime:178.142s , currentRepackMaxTime:293.154s
Selecting boards with low utilization for repacking...
Selecting boards with low utilization for repacking...
iter4		 Improve solution by repack 0.9031191212039774->0.9020800859983875 , unplacedBoxesSize:9
currentRepackCostTime:187.928s , currentRepackMaxTime:293.154s
iter5		 Improve solution by repack 0.9020800859983875->0.46402983069067455 , unplacedBoxesSize:6
currentRepackCostTime:187.935s , currentRepackMaxTime:293.154s
iter20		 Improve solution by repack 0.46402983069067455->0.46217481859715126 , unplacedBoxesSize:6
currentRepackCostTime:188.105s , currentRepackMaxTime:293.154s
iter34		 Improve solution by repack 0.46217481859715126->0.4248394248857834 , unplacedBoxesSize:6
currentRepackCostTime:188.221s , currentRepackMaxTime:293.154s
iter198		 Improve solution by repack 0.4248394248857834->0.420195847890352 , unplacedBoxesSize:6
currentRepackCostTime:189.881s , currentRepackMaxTime:293.154s
iter213		 Improve solution by repack 0.420195847890352->0.41441917495296965 , unplacedBoxesSize:5
currentRepackCostTime:190.035s , currentRepackMaxTime:293.154s
iter267		 Improve solution by repack 0.41441917495296965->0.4084856221445848 , unplacedBoxesSize:5
currentRepackCostTime:190.541s , currentRepackMaxTime:293.154s
iter447		 Improve solution by repack 0.4084856221445848->0.40725745767266863 , unplacedBoxesSize:5
currentRepackCostTime:192.234s , currentRepackMaxTime:293.154s
iter460		 Improve solution by repack 0.40725745767266863->0.4060548239720505 , unplacedBoxesSize:5
currentRepackCostTime:192.367s , currentRepackMaxTime:293.154s
Selecting boards with low utilization for repacking...
Selecting boards with low utilization for repacking...
iter6		 Improve solution by repack 0.9194594866971244->0.421689062080086 , unplacedBoxesSize:5
currentRepackCostTime:200.27700000000002s , currentRepackMaxTime:293.154s
iter117		 Improve solution by repack 0.421689062080086->0.42079615694705724 , unplacedBoxesSize:6
currentRepackCostTime:201.279s , currentRepackMaxTime:293.154s
Selecting boards with low utilization for repacking...
Selecting boards with low utilization for repacking...
iter21		 Improve solution by repack 0.9194594866971244->0.42079615694705724 , unplacedBoxesSize:6
currentRepackCostTime:210.115s , currentRepackMaxTime:293.154s
Selecting boards with low utilization for repacking...
Selecting boards with low utilization for repacking...
iter4		 Improve solution by repack 0.9194594866971244->0.899704716474066 , unplacedBoxesSize:10
currentRepackCostTime:219.827s , currentRepackMaxTime:293.154s
iter15		 Improve solution by repack 0.899704716474066->0.8945703439935502 , unplacedBoxesSize:9
currentRepackCostTime:219.935s , currentRepackMaxTime:293.154s
iter22		 Improve solution by repack 0.8945703439935502->0.421689062080086 , unplacedBoxesSize:5
currentRepackCostTime:220.006s , currentRepackMaxTime:293.154s
iter56		 Improve solution by repack 0.421689062080086->0.42125571083042196 , unplacedBoxesSize:6
currentRepackCostTime:220.304s , currentRepackMaxTime:293.154s
iter87		 Improve solution by repack 0.42125571083042196->0.420418234345606 , unplacedBoxesSize:5
currentRepackCostTime:220.627s , currentRepackMaxTime:293.154s
iter97		 Improve solution by repack 0.420418234345606->0.41441917495296965 , unplacedBoxesSize:5
currentRepackCostTime:220.71200000000002s , currentRepackMaxTime:293.154s
iter221		 Improve solution by repack 0.41441917495296965->0.40798676431066916 , unplacedBoxesSize:6
currentRepackCostTime:221.875s , currentRepackMaxTime:293.154s
iter251		 Improve solution by repack 0.40798676431066916->0.4070058452029024 , unplacedBoxesSize:6
currentRepackCostTime:222.21200000000002s , currentRepackMaxTime:293.154s
iter325		 Improve solution by repack 0.4070058452029024->0.3956664875033593 , unplacedBoxesSize:5
currentRepackCostTime:223.002s , currentRepackMaxTime:293.154s
iter328		 Improve solution by repack 0.3956664875033593->0.3905321150228433 , unplacedBoxesSize:4
currentRepackCostTime:223.023s , currentRepackMaxTime:293.154s
Selecting boards with low utilization for repacking...
Selecting boards with low utilization for repacking...
iter26		 Improve solution by repack 0.9205952700886859->0.4110417226552002 , unplacedBoxesSize:4
currentRepackCostTime:231.24800000000002s , currentRepackMaxTime:293.154s
iter47		 Improve solution by repack 0.4110417226552002->0.4058183284063424 , unplacedBoxesSize:5
currentRepackCostTime:231.41400000000002s , currentRepackMaxTime:293.154s
iter49		 Improve solution by repack 0.4058183284063424->0.40469127922601456 , unplacedBoxesSize:6
currentRepackCostTime:231.429s , currentRepackMaxTime:293.154s
Selecting boards with low utilization for repacking...
Selecting boards with low utilization for repacking...
iter2		 Improve solution by repack 0.9205952700886859->0.9088185299650632 , unplacedBoxesSize:9
currentRepackCostTime:241.69s , currentRepackMaxTime:293.154s
iter18		 Improve solution by repack 0.9088185299650632->0.4335864015049718 , unplacedBoxesSize:5
currentRepackCostTime:241.84900000000002s , currentRepackMaxTime:293.154s
iter23		 Improve solution by repack 0.4335864015049718->0.4257323300188121 , unplacedBoxesSize:5
currentRepackCostTime:241.88400000000001s , currentRepackMaxTime:293.154s
Selecting boards with low utilization for repacking...
Selecting boards with low utilization for repacking...
iter4		 Improve solution by repack 0.9119537758667025->0.9113228970706799 , unplacedBoxesSize:9
currentRepackCostTime:250.65s , currentRepackMaxTime:293.154s
iter11		 Improve solution by repack 0.9113228970706799->0.47567858102660576 , unplacedBoxesSize:5
currentRepackCostTime:250.726s , currentRepackMaxTime:293.154s
iter95		 Improve solution by repack 0.47567858102660576->0.4740782047836603 , unplacedBoxesSize:7
currentRepackCostTime:251.407s , currentRepackMaxTime:293.154s
iter103		 Improve solution by repack 0.4740782047836603->0.47191346412254764 , unplacedBoxesSize:7
currentRepackCostTime:251.485s , currentRepackMaxTime:293.154s
iter109		 Improve solution by repack 0.47191346412254764->0.46787019618382153 , unplacedBoxesSize:7
currentRepackCostTime:251.552s , currentRepackMaxTime:293.154s
iter130		 Improve solution by repack 0.46787019618382153->0.46474334856221444 , unplacedBoxesSize:6
currentRepackCostTime:251.784s , currentRepackMaxTime:293.154s
iter379		 Improve solution by repack 0.46474334856221444->0.46083277344799783 , unplacedBoxesSize:6
currentRepackCostTime:254.186s , currentRepackMaxTime:293.154s
iter393		 Improve solution by repack 0.46083277344799783->0.45747346143509815 , unplacedBoxesSize:6
currentRepackCostTime:254.335s , currentRepackMaxTime:293.154s
iter399		 Improve solution by repack 0.45747346143509815->0.44841306100510614 , unplacedBoxesSize:6
currentRepackCostTime:254.38s , currentRepackMaxTime:293.154s
iter419		 Improve solution by repack 0.44841306100510614->0.4456127385111529 , unplacedBoxesSize:5
currentRepackCostTime:254.582s , currentRepackMaxTime:293.154s
iter429		 Improve solution by repack 0.4456127385111529->0.44539740661112603 , unplacedBoxesSize:4
currentRepackCostTime:254.669s , currentRepackMaxTime:293.154s
iter439		 Improve solution by repack 0.44539740661112603->0.44047836603063695 , unplacedBoxesSize:4
currentRepackCostTime:254.737s , currentRepackMaxTime:293.154s
Selecting boards with low utilization for repacking...
Selecting boards with low utilization for repacking...
iter3		 Improve solution by repack 0.918317992475141->0.9019826659500134 , unplacedBoxesSize:8
currentRepackCostTime:261.883s , currentRepackMaxTime:293.154s
iter18		 Improve solution by repack 0.9019826659500134->0.4904246170384305 , unplacedBoxesSize:4
currentRepackCostTime:262.05s , currentRepackMaxTime:293.154s
iter108		 Improve solution by repack 0.4904246170384305->0.476529158828272 , unplacedBoxesSize:6
currentRepackCostTime:262.704s , currentRepackMaxTime:293.154s
iter118		 Improve solution by repack 0.476529158828272->0.4695720236495566 , unplacedBoxesSize:6
currentRepackCostTime:262.793s , currentRepackMaxTime:293.154s
iter127		 Improve solution by repack 0.4695720236495566->0.4482178849771567 , unplacedBoxesSize:7
currentRepackCostTime:262.90500000000003s , currentRepackMaxTime:293.154s
iter181		 Improve solution by repack 0.4482178849771567->0.44047836603063695 , unplacedBoxesSize:4
currentRepackCostTime:263.529s , currentRepackMaxTime:293.154s
iter183		 Improve solution by repack 0.44047836603063695->0.4400725611394787 , unplacedBoxesSize:5
currentRepackCostTime:263.547s , currentRepackMaxTime:293.154s
iter186		 Improve solution by repack 0.4400725611394787->0.43687214458478907 , unplacedBoxesSize:6
currentRepackCostTime:263.576s , currentRepackMaxTime:293.154s
Selecting boards with low utilization for repacking...
Selecting boards with low utilization for repacking...
iter9		 Improve solution by repack 0.9229928110722925->0.9205042327331362 , unplacedBoxesSize:8
currentRepackCostTime:271.928s , currentRepackMaxTime:293.154s
iter10		 Improve solution by repack 0.9205042327331362->0.4726380677237302 , unplacedBoxesSize:6
currentRepackCostTime:271.942s , currentRepackMaxTime:293.154s
iter46		 Improve solution by repack 0.4726380677237302->0.45781140822359584 , unplacedBoxesSize:5
currentRepackCostTime:272.285s , currentRepackMaxTime:293.154s
Selecting boards with low utilization for repacking...
Selecting boards with low utilization for repacking...
iter4		 Improve solution by repack 0.8837352190271431->0.4801918167159366 , unplacedBoxesSize:6
currentRepackCostTime:280.533s , currentRepackMaxTime:293.154s
iter19		 Improve solution by repack 0.4801918167159366->0.47737738511152916 , unplacedBoxesSize:6
currentRepackCostTime:280.671s , currentRepackMaxTime:293.154s
iter27		 Improve solution by repack 0.47737738511152916->0.47567858102660576 , unplacedBoxesSize:5
currentRepackCostTime:280.753s , currentRepackMaxTime:293.154s
iter65		 Improve solution by repack 0.47567858102660576->0.46004434291857027 , unplacedBoxesSize:5
currentRepackCostTime:281.07800000000003s , currentRepackMaxTime:293.154s
iter71		 Improve solution by repack 0.46004434291857027->0.45793973394248855 , unplacedBoxesSize:5
currentRepackCostTime:281.12600000000003s , currentRepackMaxTime:293.154s
iter77		 Improve solution by repack 0.45793973394248855->0.45781140822359584 , unplacedBoxesSize:5
currentRepackCostTime:281.18s , currentRepackMaxTime:293.154s
iter186		 Improve solution by repack 0.45781140822359584->0.43744994625100775 , unplacedBoxesSize:6
currentRepackCostTime:282.069s , currentRepackMaxTime:293.154s
iter205		 Improve solution by repack 0.43744994625100775->0.43575114216608435 , unplacedBoxesSize:5
currentRepackCostTime:282.27s , currentRepackMaxTime:293.154s
iter208		 Improve solution by repack 0.43575114216608435->0.4300134372480516 , unplacedBoxesSize:5
currentRepackCostTime:282.302s , currentRepackMaxTime:293.154s
iter219		 Improve solution by repack 0.4300134372480516->0.4257323300188121 , unplacedBoxesSize:5
currentRepackCostTime:282.413s , currentRepackMaxTime:293.154s
Selecting boards with low utilization for repacking...
Selecting boards with low utilization for repacking...
iter3		 Improve solution by repack 0.9270508599838754->0.9178698602526203 , unplacedBoxesSize:8
currentRepackCostTime:289.319s , currentRepackMaxTime:293.154s
iter10		 Improve solution by repack 0.9178698602526203->0.476653117441548 , unplacedBoxesSize:2
currentRepackCostTime:289.382s , currentRepackMaxTime:293.154s
iter59		 Improve solution by repack 0.476653117441548->0.47567858102660576 , unplacedBoxesSize:5
currentRepackCostTime:289.705s , currentRepackMaxTime:293.154s
iter312		 Improve solution by repack 0.47567858102660576->0.46004434291857027 , unplacedBoxesSize:5
currentRepackCostTime:291.832s , currentRepackMaxTime:293.154s
iter333		 Improve solution by repack 0.46004434291857027->0.45781140822359584 , unplacedBoxesSize:5
currentRepackCostTime:291.993s , currentRepackMaxTime:293.154s
Global repack result: 27 -> 26 boards.
Start nesting on the 1th large board, remaining blocks count: 272
Utilization of the 1th large board: 98.86131080354744, Time taken for this board: 43.856s
-------------------------------------------------------------------
Start nesting on the 2th large board, remaining blocks count: 256
Utilization of the 2th large board: 99.50891897339426, Time taken for this board: 64.328s
-------------------------------------------------------------------
Start nesting on the 3th large board, remaining blocks count: 242
Utilization of the 3th large board: 99.5451827465735, Time taken for this board: 83.2s
-------------------------------------------------------------------
Start nesting on the 4th large board, remaining blocks count: 215
Utilization of the 4th large board: 99.55993012631012, Time taken for this board: 98.568s
-------------------------------------------------------------------
Start nesting on the 5th large board, remaining blocks count: 195
Utilization of the 5th large board: 99.63433888739586, Time taken for this board: 113.381s
-------------------------------------------------------------------
Start nesting on the 6th large board, remaining blocks count: 183
Utilization of the 6th large board: 99.56572493953239, Time taken for this board: 131.119s
-------------------------------------------------------------------
Start nesting on the 7th large board, remaining blocks count: 163
Utilization of the 7th large board: 99.62899758129535, Time taken for this board: 146.56900000000002s
-------------------------------------------------------------------
Start nesting on the 8th large board, remaining blocks count: 139
Utilization of the 8th large board: 99.3135917764042, Time taken for this board: 160.514s
-------------------------------------------------------------------
Start nesting on the 9th large board, remaining blocks count: 122
Utilization of the 9th large board: 99.10850577801666, Time taken for this board: 165.488s
-------------------------------------------------------------------
Start nesting on the 10th large board, remaining blocks count: 102
Utilization of the 10th large board: 99.46264445041656, Time taken for this board: 169.53s
-------------------------------------------------------------------
Start nesting on the 11th large board, remaining blocks count: 92
Utilization of the 11th large board: 98.81167696855684, Time taken for this board: 173.073s
-------------------------------------------------------------------
Start nesting on the 12th large board, remaining blocks count: 74
Utilization of the 12th large board: 98.44890486428379, Time taken for this board: 176.766s
-------------------------------------------------------------------
Start nesting on the 13th large board, remaining blocks count: 53
Utilization of the 13th large board: 97.65943294813223, Time taken for this board: 177.828s
-------------------------------------------------------------------
Start nesting on the 14th large board, remaining blocks count: 26
Utilization of the 14th large board: 81.5537489922064, Time taken for this board: 178.291s
-------------------------------------------------------------------
Start global repack optimization for 14 boards, time=59.72s.
Start improving solution by repacking.
Selecting boards with low utilization for repacking...
Selecting boards with low utilization for repacking...
iter6		 Improve solution by repack 0.9765943294813222->0.8911492206396131 , unplacedBoxesSize:28
currentRepackCostTime:7.191s , currentRepackMaxTime:59.72s
iter20		 Improve solution by repack 0.8911492206396131->0.8779823972050524 , unplacedBoxesSize:27
currentRepackCostTime:8.561s , currentRepackMaxTime:59.72s
iter22		 Improve solution by repack 0.8779823972050524->0.8654924751410912 , unplacedBoxesSize:28
currentRepackCostTime:8.679s , currentRepackMaxTime:59.72s
iter89		 Improve solution by repack 0.8654924751410912->0.8563417092179522 , unplacedBoxesSize:25
currentRepackCostTime:14.245000000000001s , currentRepackMaxTime:59.72s
Selecting boards with low utilization for repacking...
iter2		 Improve solution by repack 0.984489048642838->0.8561498925020156 , unplacedBoxesSize:25
currentRepackCostTime:22.251s , currentRepackMaxTime:59.72s
iter66		 Improve solution by repack 0.8561498925020156->0.8502610185434024 , unplacedBoxesSize:19
currentRepackCostTime:27.141000000000002s , currentRepackMaxTime:59.72s
iter87		 Improve solution by repack 0.8502610185434024->0.8477475812953508 , unplacedBoxesSize:22
currentRepackCostTime:28.466s , currentRepackMaxTime:59.72s
iter90		 Improve solution by repack 0.8477475812953508->0.8468751679656007 , unplacedBoxesSize:26
currentRepackCostTime:28.72s , currentRepackMaxTime:59.72s
iter128		 Improve solution by repack 0.8468751679656007->0.8431181134103736 , unplacedBoxesSize:24
currentRepackCostTime:31.962s , currentRepackMaxTime:59.72s
iter148		 Improve solution by repack 0.8431181134103736->0.8388860521365225 , unplacedBoxesSize:24
currentRepackCostTime:33.535000000000004s , currentRepackMaxTime:59.72s
Selecting boards with low utilization for repacking...
Selecting boards with low utilization for repacking...
iter14		 Improve solution by repack 0.9765943294813222->0.8547688793335125 , unplacedBoxesSize:25
currentRepackCostTime:52.572s , currentRepackMaxTime:59.72s
iter29		 Improve solution by repack 0.8547688793335125->0.8488581698468153 , unplacedBoxesSize:27
currentRepackCostTime:53.752s , currentRepackMaxTime:59.72s
iter57		 Improve solution by repack 0.8488581698468153->0.8357870868046224 , unplacedBoxesSize:25
currentRepackCostTime:56.304s , currentRepackMaxTime:59.72s
Global repack result: 14 -> 14 boards.
