total number of nestable workpieces：504
Processing color group: 0 (1/1), boxes: 504
searchTime: 1000
Start nesting on the 1th large board, remaining blocks count: 481
Utilization of the 1th large board: 98.86018543402311, Time taken for this board: 1.0050000000000001s
-------------------------------------------------------------------
Start nesting on the 2th large board, remaining blocks count: 471
Utilization of the 2th large board: 96.92371002418705, Time taken for this board: 2.008s
-------------------------------------------------------------------
Start nesting on the 3th large board, remaining blocks count: 463
Utilization of the 3th large board: 98.69897205052405, Time taken for this board: 3.0100000000000002s
-------------------------------------------------------------------
Start nesting on the 4th large board, remaining blocks count: 455
Utilization of the 4th large board: 97.75990997043804, Time taken for this board: 4.014s
-------------------------------------------------------------------
Start nesting on the 5th large board, remaining blocks count: 446
Utilization of the 5th large board: 98.06527143241065, Time taken for this board: 5.015s
-------------------------------------------------------------------
Start nesting on the 6th large board, remaining blocks count: 439
Utilization of the 6th large board: 98.92517132491267, Time taken for this board: 6.021s
-------------------------------------------------------------------
Start nesting on the 7th large board, remaining blocks count: 429
Utilization of the 7th large board: 99.7109144047299, Time taken for this board: 7.024s
-------------------------------------------------------------------
Start nesting on the 8th large board, remaining blocks count: 417
Utilization of the 8th large board: 99.72692152647137, Time taken for this board: 8.03s
-------------------------------------------------------------------
Start nesting on the 9th large board, remaining blocks count: 404
Utilization of the 9th large board: 99.64834721848966, Time taken for this board: 9.032s
-------------------------------------------------------------------
Start nesting on the 10th large board, remaining blocks count: 392
Utilization of the 10th large board: 99.52643778554152, Time taken for this board: 10.032s
-------------------------------------------------------------------
Start nesting on the 11th large board, remaining blocks count: 378
Utilization of the 11th large board: 99.39681873152378, Time taken for this board: 11.032s
-------------------------------------------------------------------
Start nesting on the 12th large board, remaining blocks count: 365
Utilization of the 12th large board: 99.54817253426498, Time taken for this board: 12.034s
-------------------------------------------------------------------
Start nesting on the 13th large board, remaining blocks count: 349
Utilization of the 13th large board: 99.3272137866165, Time taken for this board: 13.035s
-------------------------------------------------------------------
Start nesting on the 14th large board, remaining blocks count: 333
Utilization of the 14th large board: 99.61597184896534, Time taken for this board: 14.038s
-------------------------------------------------------------------
Start nesting on the 15th large board, remaining blocks count: 320
Utilization of the 15th large board: 99.41232195646332, Time taken for this board: 15.040000000000001s
-------------------------------------------------------------------
Start nesting on the 16th large board, remaining blocks count: 300
Utilization of the 16th large board: 99.24596882558453, Time taken for this board: 16.042s
-------------------------------------------------------------------
Start nesting on the 17th large board, remaining blocks count: 288
Utilization of the 17th large board: 99.51592313894115, Time taken for this board: 17.042s
-------------------------------------------------------------------
Start nesting on the 18th large board, remaining blocks count: 258
Utilization of the 18th large board: 99.48652915882826, Time taken for this board: 18.042s
-------------------------------------------------------------------
Start nesting on the 19th large board, remaining blocks count: 249
Utilization of the 19th large board: 99.27616904058048, Time taken for this board: 19.045s
-------------------------------------------------------------------
Start nesting on the 20th large board, remaining blocks count: 233
Utilization of the 20th large board: 99.38081160978231, Time taken for this board: 20.046s
-------------------------------------------------------------------
Start nesting on the 21th large board, remaining blocks count: 217
Utilization of the 21th large board: 99.2394517602795, Time taken for this board: 21.048000000000002s
-------------------------------------------------------------------
Start nesting on the 22th large board, remaining blocks count: 203
Utilization of the 22th large board: 99.25970841171727, Time taken for this board: 22.051000000000002s
-------------------------------------------------------------------
Start nesting on the 23th large board, remaining blocks count: 191
Utilization of the 23th large board: 99.33509137328676, Time taken for this board: 23.052s
-------------------------------------------------------------------
Start nesting on the 24th large board, remaining blocks count: 177
Utilization of the 24th large board: 99.21180462241333, Time taken for this board: 24.054000000000002s
-------------------------------------------------------------------
Start nesting on the 25th large board, remaining blocks count: 159
Utilization of the 25th large board: 99.25685299650632, Time taken for this board: 25.055s
-------------------------------------------------------------------
Start nesting on the 26th large board, remaining blocks count: 135
Utilization of the 26th large board: 98.94752754635851, Time taken for this board: 26.056s
-------------------------------------------------------------------
Start nesting on the 27th large board, remaining blocks count: 128
Utilization of the 27th large board: 98.99069470572427, Time taken for this board: 27.056s
-------------------------------------------------------------------
Start nesting on the 28th large board, remaining blocks count: 112
Utilization of the 28th large board: 99.17263504434291, Time taken for this board: 28.056s
-------------------------------------------------------------------
Start nesting on the 29th large board, remaining blocks count: 94
Utilization of the 29th large board: 98.50214995968825, Time taken for this board: 29.056s
-------------------------------------------------------------------
Start nesting on the 30th large board, remaining blocks count: 70
Utilization of the 30th large board: 97.95901639344262, Time taken for this board: 30.056s
-------------------------------------------------------------------
Start nesting on the 31th large board, remaining blocks count: 56
Utilization of the 31th large board: 97.1348427841978, Time taken for this board: 30.477s
-------------------------------------------------------------------
Start nesting on the 32th large board, remaining blocks count: 42
Utilization of the 32th large board: 96.44017065305026, Time taken for this board: 30.766000000000002s
-------------------------------------------------------------------
Start nesting on the 33th large board, remaining blocks count: 30
Utilization of the 33th large board: 96.03574307981725, Time taken for this board: 30.858s
-------------------------------------------------------------------
Start nesting on the 34th large board, remaining blocks count: 19
Utilization of the 34th large board: 94.12607497984413, Time taken for this board: 30.889s
-------------------------------------------------------------------
Start nesting on the 35th large board, remaining blocks count: 9
Utilization of the 35th large board: 91.02049180327869, Time taken for this board: 30.893s
-------------------------------------------------------------------
Start nesting on the 36th large board, remaining blocks count: 6
Utilization of the 36th large board: 87.28258532652514, Time taken for this board: 30.894000000000002s
-------------------------------------------------------------------
Start nesting on the 37th large board, remaining blocks count: 2
Utilization of the 37th large board: 81.05563020693361, Time taken for this board: 30.894000000000002s
-------------------------------------------------------------------
Start nesting on the 38th large board, remaining blocks count: 2
Utilization of the 38th large board: 81.05563020693361, Time taken for this board: 30.894000000000002s
-------------------------------------------------------------------
Start nesting on the 39th large board, remaining blocks count: 2
Utilization of the 39th large board: 81.05563020693361, Time taken for this board: 30.894000000000002s
-------------------------------------------------------------------
Start nesting on the 40th large board, remaining blocks count: 2
Utilization of the 40th large board: 81.05563020693361, Time taken for this board: 30.894000000000002s
-------------------------------------------------------------------
Start nesting on the 41th large board, remaining blocks count: 2
Utilization of the 41th large board: 54.03708680462241, Time taken for this board: 30.894000000000002s
-------------------------------------------------------------------
Found solution: 41


Lower Bound LB=40
Start improving solution by repacking.
Selecting boards with low utilization for repacking...
iter2		 Improve solution by repack 0.5403708680462241->0.539460158559527 , unplacedBoxesSize:8
currentRepackCostTime:0.042s , currentRepackMaxTime:568.29s
iter1		 Improve solution by repack 0.539460158559527->0.5376588954582102 , unplacedBoxesSize:8
currentRepackCostTime:0.06s , currentRepackMaxTime:568.29s
iter1		 Improve solution by repack 0.5376588954582102->0.5223407686105885 , unplacedBoxesSize:6
currentRepackCostTime:0.069s , currentRepackMaxTime:568.29s
iter1		 Improve solution by repack 0.5223407686105885->0.5083740929857565 , unplacedBoxesSize:6
currentRepackCostTime:0.076s , currentRepackMaxTime:568.29s
iter6		 Improve solution by repack 0.5083740929857565->0.4052781510346681 , unplacedBoxesSize:3
currentRepackCostTime:0.224s , currentRepackMaxTime:568.29s
iter7		 Improve solution by repack 0.4052781510346681->0.3841477425423273 , unplacedBoxesSize:5
currentRepackCostTime:0.323s , currentRepackMaxTime:568.29s
iter2		 Improve solution by repack 0.3841477425423273->0.31030468959957 , unplacedBoxesSize:3
currentRepackCostTime:0.397s , currentRepackMaxTime:568.29s
iter8		 Improve solution by repack 0.31030468959957->0.29036818059661385 , unplacedBoxesSize:4
currentRepackCostTime:0.561s , currentRepackMaxTime:568.29s
iter3		 Improve solution by repack 0.29036818059661385->0.2726404192421392 , unplacedBoxesSize:5
currentRepackCostTime:0.635s , currentRepackMaxTime:568.29s
iter11		 Improve solution by repack 0.2726404192421392->0.19826525127653857 , unplacedBoxesSize:3
currentRepackCostTime:0.9490000000000001s , currentRepackMaxTime:568.29s
iter14		 Improve solution by repack 0.19826525127653857->0.19080253963988175 , unplacedBoxesSize:2
currentRepackCostTime:1.233s , currentRepackMaxTime:568.29s
iter13		 Improve solution by repack 0.19080253963988175->0.15379904595538835 , unplacedBoxesSize:2
currentRepackCostTime:1.441s , currentRepackMaxTime:568.29s
iter8		 Improve solution by repack 0.15379904595538835->0.14700349368449342 , unplacedBoxesSize:5
currentRepackCostTime:1.601s , currentRepackMaxTime:568.29s
iter4		 Improve solution by repack 0.14700349368449342->0.14386589626444504 , unplacedBoxesSize:4
currentRepackCostTime:1.7570000000000001s , currentRepackMaxTime:568.29s
iter18		 Improve solution by repack 0.14386589626444504->0.13509271701155603 , unplacedBoxesSize:1
currentRepackCostTime:2.301s , currentRepackMaxTime:568.29s
iter9		 Improve solution by repack 0.13509271701155603->0.12196284600913733 , unplacedBoxesSize:2
currentRepackCostTime:2.5060000000000002s , currentRepackMaxTime:568.29s
iter4		 Improve solution by repack 0.12196284600913733->0.0986324240795485 , unplacedBoxesSize:2
currentRepackCostTime:2.566s , currentRepackMaxTime:568.29s
iter3		 Improve solution by repack 0.0986324240795485->0.09348293469497447 , unplacedBoxesSize:3
currentRepackCostTime:2.664s , currentRepackMaxTime:568.29s
iter24		 Improve solution by repack 0.09348293469497447->0.060542864821284605 , unplacedBoxesSize:1
currentRepackCostTime:3.363s , currentRepackMaxTime:568.29s
iter20		 Improve solution by repack 0.060542864821284605->0.05760951357162053 , unplacedBoxesSize:2
currentRepackCostTime:3.8240000000000003s , currentRepackMaxTime:568.29s
iter6		 Improve solution by repack 0.05760951357162053->0.02388705993012631 , unplacedBoxesSize:1
currentRepackCostTime:3.912s , currentRepackMaxTime:568.29s
iter6		 Improve solution by repack 0.02388705993012631->0.01761220102123085 , unplacedBoxesSize:1
currentRepackCostTime:4.061s , currentRepackMaxTime:568.29s
iter12		 Improve solution by repack 0.01761220102123085->0.014642569201827466 , unplacedBoxesSize:1
currentRepackCostTime:4.3500000000000005s , currentRepackMaxTime:568.29s
iter14		 Improve solution by repack 0.014642569201827466->0.00916017199677506 , unplacedBoxesSize:1
currentRepackCostTime:4.699s , currentRepackMaxTime:568.29s
iter25		 Improve solution by repack 0.00916017199677506->0.00817790916420317 , unplacedBoxesSize:1
currentRepackCostTime:5.434s , currentRepackMaxTime:568.29s
iter3		 Improve solution by repack 0.00817790916420317->0.0 , unplacedBoxesSize:0
currentRepackCostTime:5.489s , currentRepackMaxTime:568.29s
Improved success.
Lower bound reached early, optimization terminated.
