total number of nestable workpieces：442
Start priority-first combined packing.
Start nesting on the 1th large board, remaining blocks count: 278
Utilization of the 1th large board: 99.33001881214727, Time taken for this board: 1.0010000000000001s
-------------------------------------------------------------------
Start nesting on the 2th large board, remaining blocks count: 271
Utilization of the 2th large board: 97.98095740392367, Time taken for this board: 2.005s
-------------------------------------------------------------------
Start nesting on the 3th large board, remaining blocks count: 262
Utilization of the 3th large board: 98.35793469497447, Time taken for this board: 3.005s
-------------------------------------------------------------------
Start nesting on the 4th large board, remaining blocks count: 250
Utilization of the 4th large board: 98.50131349099705, Time taken for this board: 4.01s
-------------------------------------------------------------------
Start nesting on the 5th large board, remaining blocks count: 237
Utilization of the 5th large board: 98.08512496640688, Time taken for this board: 5.0120000000000005s
-------------------------------------------------------------------
Start nesting on the 6th large board, remaining blocks count: 231
Utilization of the 6th large board: 98.5315607363612, Time taken for this board: 6.0120000000000005s
-------------------------------------------------------------------
Start nesting on the 7th large board, remaining blocks count: 218
Utilization of the 7th large board: 98.45411179790378, Time taken for this board: 7.013s
-------------------------------------------------------------------
Start nesting on the 8th large board, remaining blocks count: 210
Utilization of the 8th large board: 98.84909970438055, Time taken for this board: 8.014s
-------------------------------------------------------------------
Start nesting on the 9th large board, remaining blocks count: 202
Utilization of the 9th large board: 97.54407417360925, Time taken for this board: 9.015s
-------------------------------------------------------------------
Start nesting on the 10th large board, remaining blocks count: 190
Utilization of the 10th large board: 96.92792596076323, Time taken for this board: 10.016s
-------------------------------------------------------------------
Start nesting on the 11th large board, remaining blocks count: 182
Utilization of the 11th large board: 97.04205858640151, Time taken for this board: 11.018s
-------------------------------------------------------------------
Start nesting on the 12th large board, remaining blocks count: 178
Utilization of the 12th large board: 98.75967481859715, Time taken for this board: 12.018s
-------------------------------------------------------------------
Start nesting on the 13th large board, remaining blocks count: 172
Utilization of the 13th large board: 97.42075382961569, Time taken for this board: 13.021s
-------------------------------------------------------------------
Start nesting on the 14th large board, remaining blocks count: 165
Utilization of the 14th large board: 97.9267669981188, Time taken for this board: 14.021s
-------------------------------------------------------------------
Start nesting on the 15th large board, remaining blocks count: 155
Utilization of the 15th large board: 99.1248656275195, Time taken for this board: 15.021s
-------------------------------------------------------------------
Start nesting on the 16th large board, remaining blocks count: 148
Utilization of the 16th large board: 98.60622144584788, Time taken for this board: 16.024s
-------------------------------------------------------------------
Start nesting on the 17th large board, remaining blocks count: 140
Utilization of the 17th large board: 99.2081765654394, Time taken for this board: 17.024s
-------------------------------------------------------------------
Start nesting on the 18th large board, remaining blocks count: 132
Utilization of the 18th large board: 99.23662993818866, Time taken for this board: 18.027s
-------------------------------------------------------------------
Start nesting on the 19th large board, remaining blocks count: 120
Utilization of the 19th large board: 98.71165345337275, Time taken for this board: 19.028s
-------------------------------------------------------------------
Start nesting on the 20th large board, remaining blocks count: 110
Utilization of the 20th large board: 99.03315640956733, Time taken for this board: 20.029s
-------------------------------------------------------------------
Start nesting on the 21th large board, remaining blocks count: 96
Utilization of the 21th large board: 98.916403520559, Time taken for this board: 21.029s
-------------------------------------------------------------------
Start nesting on the 22th large board, remaining blocks count: 82
Utilization of the 22th large board: 98.3467985756517, Time taken for this board: 22.03s
-------------------------------------------------------------------
Start nesting on the 23th large board, remaining blocks count: 66
Utilization of the 23th large board: 97.79541789841441, Time taken for this board: 23.03s
-------------------------------------------------------------------
Start nesting on the 24th large board, remaining blocks count: 56
Utilization of the 24th large board: 98.17807712980382, Time taken for this board: 23.491s
-------------------------------------------------------------------
Start nesting on the 25th large board, remaining blocks count: 42
Utilization of the 25th large board: 97.79971781779092, Time taken for this board: 23.848s
-------------------------------------------------------------------
Start nesting on the 26th large board, remaining blocks count: 28
Utilization of the 26th large board: 96.45622816447191, Time taken for this board: 23.942s
-------------------------------------------------------------------
Start nesting on the 27th large board, remaining blocks count: 12
Utilization of the 27th large board: 79.89107430798173, Time taken for this board: 23.967s
-------------------------------------------------------------------
Start nesting on the 1th large board, remaining blocks count: 185
Utilization of the 1th large board: 98.84123891427036, Time taken for this board: 1.0050000000000001s
-------------------------------------------------------------------
Start nesting on the 2th large board, remaining blocks count: 175
Utilization of the 2th large board: 98.80751142166083, Time taken for this board: 2.007s
-------------------------------------------------------------------
Start nesting on the 3th large board, remaining blocks count: 166
Utilization of the 3th large board: 98.96472722386454, Time taken for this board: 3.008s
-------------------------------------------------------------------
Start nesting on the 4th large board, remaining blocks count: 157
Utilization of the 4th large board: 98.61645508599838, Time taken for this board: 4.01s
-------------------------------------------------------------------
Start nesting on the 5th large board, remaining blocks count: 147
Utilization of the 5th large board: 99.15768576995431, Time taken for this board: 5.013s
-------------------------------------------------------------------
Start nesting on the 6th large board, remaining blocks count: 137
Utilization of the 6th large board: 98.13944504165546, Time taken for this board: 6.016s
-------------------------------------------------------------------
Start nesting on the 7th large board, remaining blocks count: 119
Utilization of the 7th large board: 97.55423088551464, Time taken for this board: 7.017s
-------------------------------------------------------------------
Start nesting on the 8th large board, remaining blocks count: 104
Utilization of the 8th large board: 97.62334167562483, Time taken for this board: 8.018s
-------------------------------------------------------------------
Start nesting on the 9th large board, remaining blocks count: 81
Utilization of the 9th large board: 97.36085729642569, Time taken for this board: 9.018s
-------------------------------------------------------------------
Start nesting on the 10th large board, remaining blocks count: 62
Utilization of the 10th large board: 98.71060165278152, Time taken for this board: 9.494s
-------------------------------------------------------------------
Start nesting on the 11th large board, remaining blocks count: 38
Utilization of the 11th large board: 97.46011488847083, Time taken for this board: 9.707s
-------------------------------------------------------------------
Start nesting on the 12th large board, remaining blocks count: 18
Utilization of the 12th large board: 93.429377519484, Time taken for this board: 9.761000000000001s
-------------------------------------------------------------------
Start nesting on the 13th large board, remaining blocks count: 4
Utilization of the 13th large board: 11.13598495028218, Time taken for this board: 9.761000000000001s
-------------------------------------------------------------------
