total number of nestable workpieces：371
Start priority-first combined packing.
Start nesting on the 1th large board, remaining blocks count: 188
Utilization of the 1th large board: 97.7561475409836, Time taken for this board: 4.297s
-------------------------------------------------------------------
Start nesting on the 2th large board, remaining blocks count: 183
Utilization of the 2th large board: 98.93019349637196, Time taken for this board: 9.922s
-------------------------------------------------------------------
Start nesting on the 3th large board, remaining blocks count: 177
Utilization of the 3th large board: 99.61549314700349, Time taken for this board: 15.476s
-------------------------------------------------------------------
Start nesting on the 4th large board, remaining blocks count: 168
Utilization of the 4th large board: 98.30898951894652, Time taken for this board: 20.911s
-------------------------------------------------------------------
Start nesting on the 5th large board, remaining blocks count: 158
Utilization of the 5th large board: 98.29454447729104, Time taken for this board: 26.243000000000002s
-------------------------------------------------------------------
Start nesting on the 6th large board, remaining blocks count: 149
Utilization of the 6th large board: 98.65664471916152, Time taken for this board: 31.597s
-------------------------------------------------------------------
Start nesting on the 7th large board, remaining blocks count: 139
Utilization of the 7th large board: 98.93496371943027, Time taken for this board: 35.014s
-------------------------------------------------------------------
Start nesting on the 8th large board, remaining blocks count: 132
Utilization of the 8th large board: 99.3688020693362, Time taken for this board: 38.123s
-------------------------------------------------------------------
Start nesting on the 9th large board, remaining blocks count: 124
Utilization of the 9th large board: 98.37711636656813, Time taken for this board: 39.436s
-------------------------------------------------------------------
Start nesting on the 10th large board, remaining blocks count: 117
Utilization of the 10th large board: 99.03607901101854, Time taken for this board: 40.952s
-------------------------------------------------------------------
Start nesting on the 11th large board, remaining blocks count: 104
Utilization of the 11th large board: 99.34970438054286, Time taken for this board: 42.112s
-------------------------------------------------------------------
Start nesting on the 12th large board, remaining blocks count: 96
Utilization of the 12th large board: 97.93111730717548, Time taken for this board: 43.277s
-------------------------------------------------------------------
Start nesting on the 13th large board, remaining blocks count: 82
Utilization of the 13th large board: 98.08949207202366, Time taken for this board: 43.980000000000004s
-------------------------------------------------------------------
Start nesting on the 14th large board, remaining blocks count: 76
Utilization of the 14th large board: 98.37133834990594, Time taken for this board: 44.611000000000004s
-------------------------------------------------------------------
Start nesting on the 15th large board, remaining blocks count: 71
Utilization of the 15th large board: 97.99180327868852, Time taken for this board: 45.198s
-------------------------------------------------------------------
Start nesting on the 16th large board, remaining blocks count: 61
Utilization of the 16th large board: 97.22339424885783, Time taken for this board: 45.347s
-------------------------------------------------------------------
Start nesting on the 17th large board, remaining blocks count: 57
Utilization of the 17th large board: 97.74744692287021, Time taken for this board: 45.461s
-------------------------------------------------------------------
Start nesting on the 18th large board, remaining blocks count: 48
Utilization of the 18th large board: 98.19979508196721, Time taken for this board: 45.675000000000004s
-------------------------------------------------------------------
Start nesting on the 19th large board, remaining blocks count: 36
Utilization of the 19th large board: 97.22865157215803, Time taken for this board: 45.763s
-------------------------------------------------------------------
Start nesting on the 20th large board, remaining blocks count: 24
Utilization of the 20th large board: 92.31031644719162, Time taken for this board: 45.777s
-------------------------------------------------------------------
Start nesting on the 21th large board, remaining blocks count: 10
Utilization of the 21th large board: 72.89749059392636, Time taken for this board: 45.779s
-------------------------------------------------------------------
Start global repack optimization for 21 boards, time=343.468s.
Start improving solution by repacking.
Selecting boards with low utilization for repacking...
iter10		 Improve solution by repack 0.7289749059392636->0.7222457000806234 , unplacedBoxesSize:9
currentRepackCostTime:0.149s , currentRepackMaxTime:343.468s
iter37		 Improve solution by repack 0.7222457000806234->0.7168776874496103 , unplacedBoxesSize:11
currentRepackCostTime:0.612s , currentRepackMaxTime:343.468s
iter41		 Improve solution by repack 0.7168776874496103->0.705390352055899 , unplacedBoxesSize:8
currentRepackCostTime:0.67s , currentRepackMaxTime:343.468s
iter61		 Improve solution by repack 0.705390352055899->0.7000876780435367 , unplacedBoxesSize:11
currentRepackCostTime:0.982s , currentRepackMaxTime:343.468s
iter64		 Improve solution by repack 0.7000876780435367->0.6976370599301264 , unplacedBoxesSize:8
currentRepackCostTime:1.06s , currentRepackMaxTime:343.468s
iter85		 Improve solution by repack 0.6976370599301264->0.6880443765116905 , unplacedBoxesSize:7
currentRepackCostTime:1.383s , currentRepackMaxTime:343.468s
iter101		 Improve solution by repack 0.6880443765116905->0.6704247850040311 , unplacedBoxesSize:9
currentRepackCostTime:1.6360000000000001s , currentRepackMaxTime:343.468s
iter102		 Improve solution by repack 0.6704247850040311->0.6685870733673743 , unplacedBoxesSize:8
currentRepackCostTime:1.649s , currentRepackMaxTime:343.468s
iter247		 Improve solution by repack 0.6685870733673743->0.6621140150497178 , unplacedBoxesSize:9
currentRepackCostTime:3.802s , currentRepackMaxTime:343.468s
iter250		 Improve solution by repack 0.6621140150497178->0.6616363208814835 , unplacedBoxesSize:9
currentRepackCostTime:3.839s , currentRepackMaxTime:343.468s
iter273		 Improve solution by repack 0.6616363208814835->0.6611042058586402 , unplacedBoxesSize:9
currentRepackCostTime:4.291s , currentRepackMaxTime:343.468s
iter275		 Improve solution by repack 0.6611042058586402->0.6588568261220101 , unplacedBoxesSize:10
currentRepackCostTime:4.32s , currentRepackMaxTime:343.468s
iter358		 Improve solution by repack 0.6588568261220101->0.6576798911582908 , unplacedBoxesSize:9
currentRepackCostTime:5.8100000000000005s , currentRepackMaxTime:343.468s
iter364		 Improve solution by repack 0.6576798911582908->0.6547156342381081 , unplacedBoxesSize:9
currentRepackCostTime:5.888s , currentRepackMaxTime:343.468s
iter387		 Improve solution by repack 0.6547156342381081->0.6533410037624295 , unplacedBoxesSize:9
currentRepackCostTime:6.298s , currentRepackMaxTime:343.468s
iter438		 Improve solution by repack 0.6533410037624295->0.6520832773447998 , unplacedBoxesSize:9
currentRepackCostTime:7.188s , currentRepackMaxTime:343.468s
iter450		 Improve solution by repack 0.6520832773447998->0.6512891359849503 , unplacedBoxesSize:9
currentRepackCostTime:7.439s , currentRepackMaxTime:343.468s
iter487		 Improve solution by repack 0.6512891359849503->0.6456984009674819 , unplacedBoxesSize:7
currentRepackCostTime:8.185s , currentRepackMaxTime:343.468s
iter546		 Improve solution by repack 0.6456984009674819->0.6373654595538834 , unplacedBoxesSize:8
currentRepackCostTime:9.049s , currentRepackMaxTime:343.468s
iter697		 Improve solution by repack 0.6373654595538834->0.6368877653856491 , unplacedBoxesSize:8
currentRepackCostTime:11.646s , currentRepackMaxTime:343.468s
iter886		 Improve solution by repack 0.6368877653856491->0.6328713719430261 , unplacedBoxesSize:9
currentRepackCostTime:14.763s , currentRepackMaxTime:343.468s
iter896		 Improve solution by repack 0.6328713719430261->0.6320570747110992 , unplacedBoxesSize:8
currentRepackCostTime:14.963000000000001s , currentRepackMaxTime:343.468s
iter901		 Improve solution by repack 0.6320570747110992->0.6313368382155334 , unplacedBoxesSize:7
currentRepackCostTime:15.081s , currentRepackMaxTime:343.468s
iter932		 Improve solution by repack 0.6313368382155334->0.629087778822897 , unplacedBoxesSize:6
currentRepackCostTime:15.563s , currentRepackMaxTime:343.468s
Selecting boards with low utilization for repacking...
iter1		 Improve solution by repack 0.9780307712980382->0.658688020693362 , unplacedBoxesSize:6
currentRepackCostTime:20.336000000000002s , currentRepackMaxTime:343.468s
iter129		 Improve solution by repack 0.658688020693362->0.6579306638000537 , unplacedBoxesSize:7
currentRepackCostTime:22.143s , currentRepackMaxTime:343.468s
iter132		 Improve solution by repack 0.6579306638000537->0.6474240795485084 , unplacedBoxesSize:6
currentRepackCostTime:22.19s , currentRepackMaxTime:343.468s
iter311		 Improve solution by repack 0.6474240795485084->0.6377417024993282 , unplacedBoxesSize:6
currentRepackCostTime:24.833000000000002s , currentRepackMaxTime:343.468s
iter329		 Improve solution by repack 0.6377417024993282->0.6364248521902715 , unplacedBoxesSize:6
currentRepackCostTime:25.144000000000002s , currentRepackMaxTime:343.468s
iter433		 Improve solution by repack 0.6364248521902715->0.6327134842784198 , unplacedBoxesSize:7
currentRepackCostTime:26.705000000000002s , currentRepackMaxTime:343.468s
iter446		 Improve solution by repack 0.6327134842784198->0.6311067253426499 , unplacedBoxesSize:6
currentRepackCostTime:26.888s , currentRepackMaxTime:343.468s
Selecting boards with low utilization for repacking...
iter3		 Improve solution by repack 0.9779820612738511->0.9768976753560871 , unplacedBoxesSize:14
currentRepackCostTime:32.992s , currentRepackMaxTime:343.468s
iter6		 Improve solution by repack 0.9768976753560871->0.9729404058048912 , unplacedBoxesSize:9
currentRepackCostTime:33.047000000000004s , currentRepackMaxTime:343.468s
iter7		 Improve solution by repack 0.9729404058048912->0.6761409903251814 , unplacedBoxesSize:9
currentRepackCostTime:33.066s , currentRepackMaxTime:343.468s
iter18		 Improve solution by repack 0.6761409903251814->0.6731594329481322 , unplacedBoxesSize:9
currentRepackCostTime:33.256s , currentRepackMaxTime:343.468s
iter21		 Improve solution by repack 0.6731594329481322->0.669475275463585 , unplacedBoxesSize:10
currentRepackCostTime:33.303s , currentRepackMaxTime:343.468s
iter55		 Improve solution by repack 0.669475275463585->0.6694609983875303 , unplacedBoxesSize:6
currentRepackCostTime:33.966s , currentRepackMaxTime:343.468s
iter70		 Improve solution by repack 0.6694609983875303->0.665325013437248 , unplacedBoxesSize:6
currentRepackCostTime:34.15s , currentRepackMaxTime:343.468s
iter76		 Improve solution by repack 0.665325013437248->0.6540899623757055 , unplacedBoxesSize:6
currentRepackCostTime:34.253s , currentRepackMaxTime:343.468s
iter108		 Improve solution by repack 0.6540899623757055->0.6493734883095942 , unplacedBoxesSize:6
currentRepackCostTime:34.623s , currentRepackMaxTime:343.468s
iter192		 Improve solution by repack 0.6493734883095942->0.646379669443698 , unplacedBoxesSize:6
currentRepackCostTime:35.876s , currentRepackMaxTime:343.468s
iter320		 Improve solution by repack 0.646379669443698->0.6399260951357162 , unplacedBoxesSize:7
currentRepackCostTime:37.627s , currentRepackMaxTime:343.468s
iter438		 Improve solution by repack 0.6399260951357162->0.6377628661650094 , unplacedBoxesSize:9
currentRepackCostTime:39.366s , currentRepackMaxTime:343.468s
iter502		 Improve solution by repack 0.6377628661650094->0.6343504770223058 , unplacedBoxesSize:8
currentRepackCostTime:40.468s , currentRepackMaxTime:343.468s
iter580		 Improve solution by repack 0.6343504770223058->0.6317288699274389 , unplacedBoxesSize:9
currentRepackCostTime:41.727000000000004s , currentRepackMaxTime:343.468s
iter727		 Improve solution by repack 0.6317288699274389->0.6283527613544746 , unplacedBoxesSize:9
currentRepackCostTime:44.307s , currentRepackMaxTime:343.468s
iter776		 Improve solution by repack 0.6283527613544746->0.6275102459016394 , unplacedBoxesSize:9
currentRepackCostTime:45.074s , currentRepackMaxTime:343.468s
iter937		 Improve solution by repack 0.6275102459016394->0.6273409365761892 , unplacedBoxesSize:9
currentRepackCostTime:47.994s , currentRepackMaxTime:343.468s
Selecting boards with low utilization for repacking...
iter3		 Improve solution by repack 0.9724974805159904->0.6743494692287019 , unplacedBoxesSize:8
currentRepackCostTime:53.661s , currentRepackMaxTime:343.468s
iter5		 Improve solution by repack 0.6743494692287019->0.6622529226014513 , unplacedBoxesSize:8
currentRepackCostTime:53.69s , currentRepackMaxTime:343.468s
iter34		 Improve solution by repack 0.6622529226014513->0.6572399892502016 , unplacedBoxesSize:9
currentRepackCostTime:54.165s , currentRepackMaxTime:343.468s
iter72		 Improve solution by repack 0.6572399892502016->0.6505536146197259 , unplacedBoxesSize:8
currentRepackCostTime:54.785000000000004s , currentRepackMaxTime:343.468s
iter120		 Improve solution by repack 0.6505536146197259->0.6305789774254232 , unplacedBoxesSize:9
currentRepackCostTime:55.601s , currentRepackMaxTime:343.468s
iter190		 Improve solution by repack 0.6305789774254232->0.6270802539639881 , unplacedBoxesSize:9
currentRepackCostTime:56.867000000000004s , currentRepackMaxTime:343.468s
iter251		 Improve solution by repack 0.6270802539639881->0.6265481389411448 , unplacedBoxesSize:9
currentRepackCostTime:57.992000000000004s , currentRepackMaxTime:343.468s
iter293		 Improve solution by repack 0.6265481389411448->0.625474502821822 , unplacedBoxesSize:9
currentRepackCostTime:58.677s , currentRepackMaxTime:343.468s
iter296		 Improve solution by repack 0.625474502821822->0.6210946318194034 , unplacedBoxesSize:8
currentRepackCostTime:58.741s , currentRepackMaxTime:343.468s
Selecting boards with low utilization for repacking...
iter2		 Improve solution by repack 0.9801861058855147->0.9713732867508734 , unplacedBoxesSize:13
currentRepackCostTime:64.421s , currentRepackMaxTime:343.468s
iter7		 Improve solution by repack 0.9713732867508734->0.6497245364149422 , unplacedBoxesSize:8
currentRepackCostTime:64.518s , currentRepackMaxTime:343.468s
iter39		 Improve solution by repack 0.6497245364149422->0.6371956463316313 , unplacedBoxesSize:9
currentRepackCostTime:65.07300000000001s , currentRepackMaxTime:343.468s
iter98		 Improve solution by repack 0.6371956463316313->0.6326748521902714 , unplacedBoxesSize:7
currentRepackCostTime:66.052s , currentRepackMaxTime:343.468s
Selecting boards with low utilization for repacking...
iter7		 Improve solution by repack 0.9752447258801397->0.654899220639613 , unplacedBoxesSize:6
currentRepackCostTime:70.887s , currentRepackMaxTime:343.468s
iter22		 Improve solution by repack 0.654899220639613->0.6502128124160171 , unplacedBoxesSize:6
currentRepackCostTime:71.107s , currentRepackMaxTime:343.468s
iter55		 Improve solution by repack 0.6502128124160171->0.6443637463047568 , unplacedBoxesSize:7
currentRepackCostTime:71.604s , currentRepackMaxTime:343.468s
iter109		 Improve solution by repack 0.6443637463047568->0.6438316312819135 , unplacedBoxesSize:7
currentRepackCostTime:72.467s , currentRepackMaxTime:343.468s
iter188		 Improve solution by repack 0.6438316312819135->0.6400251948400967 , unplacedBoxesSize:7
currentRepackCostTime:73.619s , currentRepackMaxTime:343.468s
iter191		 Improve solution by repack 0.6400251948400967->0.639062751948401 , unplacedBoxesSize:7
currentRepackCostTime:73.638s , currentRepackMaxTime:343.468s
iter251		 Improve solution by repack 0.639062751948401->0.638969531040043 , unplacedBoxesSize:6
currentRepackCostTime:74.607s , currentRepackMaxTime:343.468s
iter350		 Improve solution by repack 0.638969531040043->0.6359824307981725 , unplacedBoxesSize:6
currentRepackCostTime:76.034s , currentRepackMaxTime:343.468s
iter425		 Improve solution by repack 0.6359824307981725->0.6351399153453373 , unplacedBoxesSize:6
currentRepackCostTime:77.052s , currentRepackMaxTime:343.468s
iter550		 Improve solution by repack 0.6351399153453373->0.6338284399355012 , unplacedBoxesSize:9
currentRepackCostTime:78.908s , currentRepackMaxTime:343.468s
iter560		 Improve solution by repack 0.6338284399355012->0.6335664135984951 , unplacedBoxesSize:9
currentRepackCostTime:79.09100000000001s , currentRepackMaxTime:343.468s
iter575		 Improve solution by repack 0.6335664135984951->0.6330342985756517 , unplacedBoxesSize:9
currentRepackCostTime:79.381s , currentRepackMaxTime:343.468s
iter588		 Improve solution by repack 0.6330342985756517->0.6317317253426499 , unplacedBoxesSize:8
currentRepackCostTime:79.586s , currentRepackMaxTime:343.468s
iter618		 Improve solution by repack 0.6317317253426499->0.6277509406073636 , unplacedBoxesSize:12
currentRepackCostTime:80.031s , currentRepackMaxTime:343.468s
iter648		 Improve solution by repack 0.6277509406073636->0.62433855146466 , unplacedBoxesSize:11
currentRepackCostTime:80.604s , currentRepackMaxTime:343.468s
iter652		 Improve solution by repack 0.62433855146466->0.6219010346681 , unplacedBoxesSize:11
currentRepackCostTime:80.699s , currentRepackMaxTime:343.468s
iter695		 Improve solution by repack 0.6219010346681->0.6216689062080086 , unplacedBoxesSize:6
currentRepackCostTime:81.568s , currentRepackMaxTime:343.468s
iter717		 Improve solution by repack 0.6216689062080086->0.621588282719699 , unplacedBoxesSize:5
currentRepackCostTime:81.926s , currentRepackMaxTime:343.468s
iter768		 Improve solution by repack 0.621588282719699->0.6195535474334856 , unplacedBoxesSize:8
currentRepackCostTime:82.625s , currentRepackMaxTime:343.468s
iter946		 Improve solution by repack 0.6195535474334856->0.6189542461703843 , unplacedBoxesSize:10
currentRepackCostTime:85.533s , currentRepackMaxTime:343.468s
iter1031		 Improve solution by repack 0.6189542461703843->0.61564062080086 , unplacedBoxesSize:9
currentRepackCostTime:87.026s , currentRepackMaxTime:343.468s
iter1040		 Improve solution by repack 0.61564062080086->0.6145925154528353 , unplacedBoxesSize:8
currentRepackCostTime:87.182s , currentRepackMaxTime:343.468s
Selecting boards with low utilization for repacking...
iter3		 Improve solution by repack 0.9766165009406074->0.6145925154528353 , unplacedBoxesSize:8
currentRepackCostTime:90.9s , currentRepackMaxTime:343.468s
Selecting boards with low utilization for repacking...
iter5		 Improve solution by repack 0.9804812214458479->0.6621526471378661 , unplacedBoxesSize:5
currentRepackCostTime:97.85600000000001s , currentRepackMaxTime:343.468s
iter28		 Improve solution by repack 0.6621526471378661->0.6546734748723462 , unplacedBoxesSize:7
currentRepackCostTime:98.208s , currentRepackMaxTime:343.468s
iter40		 Improve solution by repack 0.6546734748723462->0.6523941816715937 , unplacedBoxesSize:7
currentRepackCostTime:98.369s , currentRepackMaxTime:343.468s
iter68		 Improve solution by repack 0.6523941816715937->0.6390014445041655 , unplacedBoxesSize:8
currentRepackCostTime:98.742s , currentRepackMaxTime:343.468s
iter70		 Improve solution by repack 0.6390014445041655->0.6367008196721311 , unplacedBoxesSize:10
currentRepackCostTime:98.774s , currentRepackMaxTime:343.468s
iter80		 Improve solution by repack 0.6367008196721311->0.6301232867508735 , unplacedBoxesSize:7
currentRepackCostTime:98.997s , currentRepackMaxTime:343.468s
iter187		 Improve solution by repack 0.6301232867508735->0.6276918167159365 , unplacedBoxesSize:10
currentRepackCostTime:100.63s , currentRepackMaxTime:343.468s
iter202		 Improve solution by repack 0.6276918167159365->0.6268288094598227 , unplacedBoxesSize:9
currentRepackCostTime:100.926s , currentRepackMaxTime:343.468s
iter246		 Improve solution by repack 0.6268288094598227->0.6237253090567052 , unplacedBoxesSize:9
currentRepackCostTime:101.73100000000001s , currentRepackMaxTime:343.468s
iter255		 Improve solution by repack 0.6237253090567052->0.6194505845202902 , unplacedBoxesSize:10
currentRepackCostTime:101.85900000000001s , currentRepackMaxTime:343.468s
iter394		 Improve solution by repack 0.6194505845202902->0.6194018744961032 , unplacedBoxesSize:11
currentRepackCostTime:104.505s , currentRepackMaxTime:343.468s
iter402		 Improve solution by repack 0.6194018744961032->0.6187636052136523 , unplacedBoxesSize:11
currentRepackCostTime:104.653s , currentRepackMaxTime:343.468s
iter409		 Improve solution by repack 0.6187636052136523->0.6183574643912927 , unplacedBoxesSize:9
currentRepackCostTime:104.802s , currentRepackMaxTime:343.468s
iter437		 Improve solution by repack 0.6183574643912927->0.6181891628594464 , unplacedBoxesSize:11
currentRepackCostTime:105.29s , currentRepackMaxTime:343.468s
iter521		 Improve solution by repack 0.6181891628594464->0.6155820008062348 , unplacedBoxesSize:12
currentRepackCostTime:106.86500000000001s , currentRepackMaxTime:343.468s
iter530		 Improve solution by repack 0.6155820008062348->0.6153764109110454 , unplacedBoxesSize:13
currentRepackCostTime:107.021s , currentRepackMaxTime:343.468s
iter537		 Improve solution by repack 0.6153764109110454->0.6140995364149422 , unplacedBoxesSize:13
currentRepackCostTime:107.173s , currentRepackMaxTime:343.468s
iter542		 Improve solution by repack 0.6140995364149422->0.613499227358237 , unplacedBoxesSize:13
currentRepackCostTime:107.27s , currentRepackMaxTime:343.468s
iter550		 Improve solution by repack 0.613499227358237->0.61150782719699 , unplacedBoxesSize:13
currentRepackCostTime:107.44s , currentRepackMaxTime:343.468s
iter587		 Improve solution by repack 0.61150782719699->0.6074949610319806 , unplacedBoxesSize:13
currentRepackCostTime:108.23s , currentRepackMaxTime:343.468s
iter592		 Improve solution by repack 0.6074949610319806->0.6066887261488847 , unplacedBoxesSize:13
currentRepackCostTime:108.33s , currentRepackMaxTime:343.468s
iter735		 Improve solution by repack 0.6066887261488847->0.6032763370061811 , unplacedBoxesSize:12
currentRepackCostTime:111.251s , currentRepackMaxTime:343.468s
iter916		 Improve solution by repack 0.6032763370061811->0.6020799180327869 , unplacedBoxesSize:12
currentRepackCostTime:114.86200000000001s , currentRepackMaxTime:343.468s
iter957		 Improve solution by repack 0.6020799180327869->0.6014631483472185 , unplacedBoxesSize:12
currentRepackCostTime:115.726s , currentRepackMaxTime:343.468s
iter1081		 Improve solution by repack 0.6014631483472185->0.6010378594463853 , unplacedBoxesSize:11
currentRepackCostTime:118.44500000000001s , currentRepackMaxTime:343.468s
Selecting boards with low utilization for repacking...
iter21		 Improve solution by repack 0.9772171459285138->0.6209745364149422 , unplacedBoxesSize:5
currentRepackCostTime:126.675s , currentRepackMaxTime:343.468s
iter58		 Improve solution by repack 0.6209745364149422->0.6147015251276539 , unplacedBoxesSize:10
currentRepackCostTime:127.209s , currentRepackMaxTime:343.468s
iter108		 Improve solution by repack 0.6147015251276539->0.6057240997043806 , unplacedBoxesSize:11
currentRepackCostTime:128.218s , currentRepackMaxTime:343.468s
Selecting boards with low utilization for repacking...
iter3		 Improve solution by repack 0.9777161717280302->0.9769107766729375 , unplacedBoxesSize:7
currentRepackCostTime:134.359s , currentRepackMaxTime:343.468s
iter8		 Improve solution by repack 0.9769107766729375->0.972962241332975 , unplacedBoxesSize:12
currentRepackCostTime:134.419s , currentRepackMaxTime:343.468s
iter10		 Improve solution by repack 0.972962241332975->0.6350317454985219 , unplacedBoxesSize:12
currentRepackCostTime:134.459s , currentRepackMaxTime:343.468s
iter24		 Improve solution by repack 0.6350317454985219->0.6333767804353668 , unplacedBoxesSize:8
currentRepackCostTime:134.785s , currentRepackMaxTime:343.468s
iter26		 Improve solution by repack 0.6333767804353668->0.6290545216339694 , unplacedBoxesSize:14
currentRepackCostTime:134.821s , currentRepackMaxTime:343.468s
iter28		 Improve solution by repack 0.6290545216339694->0.6256038363343187 , unplacedBoxesSize:14
currentRepackCostTime:134.874s , currentRepackMaxTime:343.468s
iter41		 Improve solution by repack 0.6256038363343187->0.6203095606019887 , unplacedBoxesSize:9
currentRepackCostTime:135.184s , currentRepackMaxTime:343.468s
iter56		 Improve solution by repack 0.6203095606019887->0.6198002889008332 , unplacedBoxesSize:9
currentRepackCostTime:135.424s , currentRepackMaxTime:343.468s
iter101		 Improve solution by repack 0.6198002889008332->0.6185398750335931 , unplacedBoxesSize:10
currentRepackCostTime:136.24s , currentRepackMaxTime:343.468s
iter111		 Improve solution by repack 0.6185398750335931->0.6174756449879064 , unplacedBoxesSize:7
currentRepackCostTime:136.43200000000002s , currentRepackMaxTime:343.468s
Selecting boards with low utilization for repacking...
iter2		 Improve solution by repack 0.9824507860790109->0.9772168099973125 , unplacedBoxesSize:9
currentRepackCostTime:141.123s , currentRepackMaxTime:343.468s
iter14		 Improve solution by repack 0.9772168099973125->0.9742577600107497 , unplacedBoxesSize:11
currentRepackCostTime:141.282s , currentRepackMaxTime:343.468s
iter17		 Improve solution by repack 0.9742577600107497->0.6526247984412792 , unplacedBoxesSize:8
currentRepackCostTime:141.344s , currentRepackMaxTime:343.468s
iter36		 Improve solution by repack 0.6526247984412792->0.6420854608976082 , unplacedBoxesSize:10
currentRepackCostTime:141.69s , currentRepackMaxTime:343.468s
iter65		 Improve solution by repack 0.6420854608976082->0.6350329212577265 , unplacedBoxesSize:10
currentRepackCostTime:142.229s , currentRepackMaxTime:343.468s
iter66		 Improve solution by repack 0.6350329212577265->0.631409903251814 , unplacedBoxesSize:9
currentRepackCostTime:142.244s , currentRepackMaxTime:343.468s
iter75		 Improve solution by repack 0.631409903251814->0.6293225947325988 , unplacedBoxesSize:7
currentRepackCostTime:142.394s , currentRepackMaxTime:343.468s
iter83		 Improve solution by repack 0.6293225947325988->0.6283510816984682 , unplacedBoxesSize:7
currentRepackCostTime:142.522s , currentRepackMaxTime:343.468s
iter144		 Improve solution by repack 0.6283510816984682->0.6244274052674013 , unplacedBoxesSize:7
currentRepackCostTime:143.501s , currentRepackMaxTime:343.468s
iter147		 Improve solution by repack 0.6244274052674013->0.6192389478634776 , unplacedBoxesSize:7
currentRepackCostTime:143.537s , currentRepackMaxTime:343.468s
iter151		 Improve solution by repack 0.6192389478634776->0.6190918099973126 , unplacedBoxesSize:7
currentRepackCostTime:143.577s , currentRepackMaxTime:343.468s
iter247		 Improve solution by repack 0.6190918099973126->0.6176325248589088 , unplacedBoxesSize:7
currentRepackCostTime:145.189s , currentRepackMaxTime:343.468s
iter249		 Improve solution by repack 0.6176325248589088->0.6173091910776674 , unplacedBoxesSize:7
currentRepackCostTime:145.203s , currentRepackMaxTime:343.468s
iter275		 Improve solution by repack 0.6173091910776674->0.6089142703574308 , unplacedBoxesSize:8
currentRepackCostTime:145.592s , currentRepackMaxTime:343.468s
iter285		 Improve solution by repack 0.6089142703574308->0.6081080354743349 , unplacedBoxesSize:8
currentRepackCostTime:145.75s , currentRepackMaxTime:343.468s
iter288		 Improve solution by repack 0.6081080354743349->0.6075692018274657 , unplacedBoxesSize:11
currentRepackCostTime:145.816s , currentRepackMaxTime:343.468s
iter292		 Improve solution by repack 0.6075692018274657->0.6067092179521634 , unplacedBoxesSize:10
currentRepackCostTime:145.88s , currentRepackMaxTime:343.468s
iter326		 Improve solution by repack 0.6067092179521634->0.6053137597420049 , unplacedBoxesSize:12
currentRepackCostTime:146.537s , currentRepackMaxTime:343.468s
iter334		 Improve solution by repack 0.6053137597420049->0.598204951625907 , unplacedBoxesSize:9
currentRepackCostTime:146.705s , currentRepackMaxTime:343.468s
Selecting boards with low utilization for repacking...
iter18		 Improve solution by repack 0.9794381550658426->0.6042706933619995 , unplacedBoxesSize:11
currentRepackCostTime:152.864s , currentRepackMaxTime:343.468s
iter24		 Improve solution by repack 0.6042706933619995->0.598204951625907 , unplacedBoxesSize:9
currentRepackCostTime:152.973s , currentRepackMaxTime:343.468s
Selecting boards with low utilization for repacking...
iter15		 Improve solution by repack 0.9865664471916151->0.6338516191883902 , unplacedBoxesSize:8
currentRepackCostTime:161.19s , currentRepackMaxTime:343.468s
iter28		 Improve solution by repack 0.6338516191883902->0.6204059728567589 , unplacedBoxesSize:10
currentRepackCostTime:161.407s , currentRepackMaxTime:343.468s
iter32		 Improve solution by repack 0.6204059728567589->0.6192302136522441 , unplacedBoxesSize:10
currentRepackCostTime:161.498s , currentRepackMaxTime:343.468s
iter49		 Improve solution by repack 0.6192302136522441->0.6183876981994088 , unplacedBoxesSize:10
currentRepackCostTime:161.856s , currentRepackMaxTime:343.468s
iter77		 Improve solution by repack 0.6183876981994088->0.6178999260951358 , unplacedBoxesSize:9
currentRepackCostTime:162.326s , currentRepackMaxTime:343.468s
iter116		 Improve solution by repack 0.6178999260951358->0.6144472252082773 , unplacedBoxesSize:6
currentRepackCostTime:163.028s , currentRepackMaxTime:343.468s
iter133		 Improve solution by repack 0.6144472252082773->0.6111980986294007 , unplacedBoxesSize:6
currentRepackCostTime:163.34s , currentRepackMaxTime:343.468s
iter147		 Improve solution by repack 0.6111980986294007->0.6092611193227627 , unplacedBoxesSize:7
currentRepackCostTime:163.561s , currentRepackMaxTime:343.468s
iter273		 Improve solution by repack 0.6092611193227627->0.6087290042999194 , unplacedBoxesSize:7
currentRepackCostTime:165.669s , currentRepackMaxTime:343.468s
iter337		 Improve solution by repack 0.6087290042999194->0.6072057242676699 , unplacedBoxesSize:8
currentRepackCostTime:166.734s , currentRepackMaxTime:343.468s
iter397		 Improve solution by repack 0.6072057242676699->0.6046801934963719 , unplacedBoxesSize:8
currentRepackCostTime:167.79s , currentRepackMaxTime:343.468s
iter420		 Improve solution by repack 0.6046801934963719->0.6036838215533459 , unplacedBoxesSize:8
currentRepackCostTime:168.214s , currentRepackMaxTime:343.468s
iter466		 Improve solution by repack 0.6036838215533459->0.6024470908357968 , unplacedBoxesSize:14
currentRepackCostTime:169.04s , currentRepackMaxTime:343.468s
iter470		 Improve solution by repack 0.6024470908357968->0.6016045753829615 , unplacedBoxesSize:14
currentRepackCostTime:169.115s , currentRepackMaxTime:343.468s
iter485		 Improve solution by repack 0.6016045753829615->0.6014574375167966 , unplacedBoxesSize:14
currentRepackCostTime:169.416s , currentRepackMaxTime:343.468s
iter552		 Improve solution by repack 0.6014574375167966->0.600738544746036 , unplacedBoxesSize:11
currentRepackCostTime:171.038s , currentRepackMaxTime:343.468s
iter707		 Improve solution by repack 0.600738544746036->0.5988534668099973 , unplacedBoxesSize:10
currentRepackCostTime:174.202s , currentRepackMaxTime:343.468s
iter759		 Improve solution by repack 0.5988534668099973->0.598321351787154 , unplacedBoxesSize:10
currentRepackCostTime:175.241s , currentRepackMaxTime:343.468s
iter777		 Improve solution by repack 0.598321351787154->0.5970691682343456 , unplacedBoxesSize:7
currentRepackCostTime:175.605s , currentRepackMaxTime:343.468s
Selecting boards with low utilization for repacking...
iter5		 Improve solution by repack 0.9866070948669712->0.9855373219564634 , unplacedBoxesSize:9
currentRepackCostTime:179.904s , currentRepackMaxTime:343.468s
iter22		 Improve solution by repack 0.9855373219564634->0.6306181134103735 , unplacedBoxesSize:8
currentRepackCostTime:180.186s , currentRepackMaxTime:343.468s
iter25		 Improve solution by repack 0.6306181134103735->0.6290389008331094 , unplacedBoxesSize:8
currentRepackCostTime:180.246s , currentRepackMaxTime:343.468s
iter44		 Improve solution by repack 0.6290389008331094->0.6209958680462242 , unplacedBoxesSize:11
currentRepackCostTime:180.57s , currentRepackMaxTime:343.468s
iter53		 Improve solution by repack 0.6209958680462242->0.6197589693630744 , unplacedBoxesSize:10
currentRepackCostTime:180.787s , currentRepackMaxTime:343.468s
iter95		 Improve solution by repack 0.6197589693630744->0.6136853332437517 , unplacedBoxesSize:8
currentRepackCostTime:181.552s , currentRepackMaxTime:343.468s
iter154		 Improve solution by repack 0.6136853332437517->0.6109521969900564 , unplacedBoxesSize:9
currentRepackCostTime:182.496s , currentRepackMaxTime:343.468s
iter158		 Improve solution by repack 0.6109521969900564->0.6104499798441279 , unplacedBoxesSize:10
currentRepackCostTime:182.592s , currentRepackMaxTime:343.468s
iter179		 Improve solution by repack 0.6104499798441279->0.6080191816715936 , unplacedBoxesSize:10
currentRepackCostTime:183.014s , currentRepackMaxTime:343.468s
iter198		 Improve solution by repack 0.6080191816715936->0.6059783996237571 , unplacedBoxesSize:11
currentRepackCostTime:183.386s , currentRepackMaxTime:343.468s
iter225		 Improve solution by repack 0.6059783996237571->0.6055672198333781 , unplacedBoxesSize:10
currentRepackCostTime:183.943s , currentRepackMaxTime:343.468s
iter228		 Improve solution by repack 0.6055672198333781->0.6039861596345069 , unplacedBoxesSize:11
currentRepackCostTime:184.01500000000001s , currentRepackMaxTime:343.468s
iter245		 Improve solution by repack 0.6039861596345069->0.6038329750067186 , unplacedBoxesSize:8
currentRepackCostTime:184.37800000000001s , currentRepackMaxTime:343.468s
iter395		 Improve solution by repack 0.6038329750067186->0.6011744154797097 , unplacedBoxesSize:7
currentRepackCostTime:186.815s , currentRepackMaxTime:343.468s
Selecting boards with low utilization for repacking...
iter3		 Improve solution by repack 0.9844186710561676->0.6133821553345874 , unplacedBoxesSize:7
currentRepackCostTime:190.505s , currentRepackMaxTime:343.468s
iter12		 Improve solution by repack 0.6133821553345874->0.6128500403117442 , unplacedBoxesSize:7
currentRepackCostTime:190.65200000000002s , currentRepackMaxTime:343.468s
iter44		 Improve solution by repack 0.6128500403117442->0.6105227089492072 , unplacedBoxesSize:8
currentRepackCostTime:191.125s , currentRepackMaxTime:343.468s
iter84		 Improve solution by repack 0.6105227089492072->0.6103211502284333 , unplacedBoxesSize:5
currentRepackCostTime:191.865s , currentRepackMaxTime:343.468s
Selecting boards with low utilization for repacking...
iter12		 Improve solution by repack 0.9797895391023919->0.9795782383767804 , unplacedBoxesSize:16
currentRepackCostTime:196.633s , currentRepackMaxTime:343.468s
iter25		 Improve solution by repack 0.9795782383767804->0.6512555428648213 , unplacedBoxesSize:8
currentRepackCostTime:196.936s , currentRepackMaxTime:343.468s
iter170		 Improve solution by repack 0.6512555428648213->0.650777848696587 , unplacedBoxesSize:8
currentRepackCostTime:199.95600000000002s , currentRepackMaxTime:343.468s
iter235		 Improve solution by repack 0.650777848696587->0.6379671123353937 , unplacedBoxesSize:9
currentRepackCostTime:201.169s , currentRepackMaxTime:343.468s
Selecting boards with low utilization for repacking...
iter2		 Improve solution by repack 0.9895323837678044->0.9840289908626713 , unplacedBoxesSize:16
currentRepackCostTime:208.41s , currentRepackMaxTime:343.468s
iter3		 Improve solution by repack 0.9840289908626713->0.982954682880946 , unplacedBoxesSize:16
currentRepackCostTime:208.425s , currentRepackMaxTime:343.468s
iter7		 Improve solution by repack 0.982954682880946->0.9780903990862672 , unplacedBoxesSize:17
currentRepackCostTime:208.508s , currentRepackMaxTime:343.468s
iter8		 Improve solution by repack 0.9780903990862672->0.6647003493684494 , unplacedBoxesSize:11
currentRepackCostTime:208.54500000000002s , currentRepackMaxTime:343.468s
iter25		 Improve solution by repack 0.6647003493684494->0.6602917562483204 , unplacedBoxesSize:8
currentRepackCostTime:208.853s , currentRepackMaxTime:343.468s
iter57		 Improve solution by repack 0.6602917562483204->0.6598196049449073 , unplacedBoxesSize:9
currentRepackCostTime:209.373s , currentRepackMaxTime:343.468s
iter72		 Improve solution by repack 0.6598196049449073->0.6597268879333512 , unplacedBoxesSize:8
currentRepackCostTime:209.626s , currentRepackMaxTime:343.468s
iter91		 Improve solution by repack 0.6597268879333512->0.654951289975813 , unplacedBoxesSize:7
currentRepackCostTime:209.976s , currentRepackMaxTime:343.468s
iter145		 Improve solution by repack 0.654951289975813->0.6475097420048374 , unplacedBoxesSize:7
currentRepackCostTime:210.891s , currentRepackMaxTime:343.468s
iter153		 Improve solution by repack 0.6475097420048374->0.6463517871539909 , unplacedBoxesSize:8
currentRepackCostTime:210.991s , currentRepackMaxTime:343.468s
iter163		 Improve solution by repack 0.6463517871539909->0.6429857565170654 , unplacedBoxesSize:8
currentRepackCostTime:211.118s , currentRepackMaxTime:343.468s
Selecting boards with low utilization for repacking...
iter1		 Improve solution by repack 0.9777309527008868->0.6508379803816178 , unplacedBoxesSize:8
currentRepackCostTime:215.798s , currentRepackMaxTime:343.468s
iter38		 Improve solution by repack 0.6508379803816178->0.6470083646869121 , unplacedBoxesSize:8
currentRepackCostTime:216.544s , currentRepackMaxTime:343.468s
iter51		 Improve solution by repack 0.6470083646869121->0.6441059191077667 , unplacedBoxesSize:9
currentRepackCostTime:216.754s , currentRepackMaxTime:343.468s
iter99		 Improve solution by repack 0.6441059191077667->0.6426365560333244 , unplacedBoxesSize:6
currentRepackCostTime:217.70600000000002s , currentRepackMaxTime:343.468s
Selecting boards with low utilization for repacking...
iter7		 Improve solution by repack 0.9875779360386993->0.6484570679924752 , unplacedBoxesSize:8
currentRepackCostTime:222.422s , currentRepackMaxTime:343.468s
iter10		 Improve solution by repack 0.6484570679924752->0.6481342381080355 , unplacedBoxesSize:10
currentRepackCostTime:222.488s , currentRepackMaxTime:343.468s
iter34		 Improve solution by repack 0.6481342381080355->0.6464801128728836 , unplacedBoxesSize:7
currentRepackCostTime:222.877s , currentRepackMaxTime:343.468s
iter39		 Improve solution by repack 0.6464801128728836->0.6397403251814029 , unplacedBoxesSize:8
currentRepackCostTime:222.942s , currentRepackMaxTime:343.468s
iter114		 Improve solution by repack 0.6397403251814029->0.6382269551195915 , unplacedBoxesSize:9
currentRepackCostTime:224.291s , currentRepackMaxTime:343.468s
iter140		 Improve solution by repack 0.6382269551195915->0.6364085595270088 , unplacedBoxesSize:6
currentRepackCostTime:224.804s , currentRepackMaxTime:343.468s
iter165		 Improve solution by repack 0.6364085595270088->0.6359913329750067 , unplacedBoxesSize:7
currentRepackCostTime:225.227s , currentRepackMaxTime:343.468s
iter177		 Improve solution by repack 0.6359913329750067->0.6333740929857565 , unplacedBoxesSize:8
currentRepackCostTime:225.43800000000002s , currentRepackMaxTime:343.468s
iter188		 Improve solution by repack 0.6333740929857565->0.629961703843053 , unplacedBoxesSize:7
currentRepackCostTime:225.618s , currentRepackMaxTime:343.468s
iter218		 Improve solution by repack 0.629961703843053->0.6266292663262564 , unplacedBoxesSize:8
currentRepackCostTime:226.22s , currentRepackMaxTime:343.468s
iter223		 Improve solution by repack 0.6266292663262564->0.6264183015318463 , unplacedBoxesSize:4
currentRepackCostTime:226.309s , currentRepackMaxTime:343.468s
iter258		 Improve solution by repack 0.6264183015318463->0.6263417092179522 , unplacedBoxesSize:4
currentRepackCostTime:226.75900000000001s , currentRepackMaxTime:343.468s
iter276		 Improve solution by repack 0.6263417092179522->0.6237993818865896 , unplacedBoxesSize:4
currentRepackCostTime:227.052s , currentRepackMaxTime:343.468s
Selecting boards with low utilization for repacking...
iter1		 Improve solution by repack 0.9941131416285945->0.6349284466541253 , unplacedBoxesSize:5
currentRepackCostTime:232.022s , currentRepackMaxTime:343.468s
iter26		 Improve solution by repack 0.6349284466541253->0.6347362940069874 , unplacedBoxesSize:4
currentRepackCostTime:232.49s , currentRepackMaxTime:343.468s
iter45		 Improve solution by repack 0.6347362940069874->0.6338937785541521 , unplacedBoxesSize:4
currentRepackCostTime:232.749s , currentRepackMaxTime:343.468s
iter92		 Improve solution by repack 0.6338937785541521->0.6322670317119053 , unplacedBoxesSize:4
currentRepackCostTime:233.363s , currentRepackMaxTime:343.468s
iter176		 Improve solution by repack 0.6322670317119053->0.6316677304488041 , unplacedBoxesSize:9
currentRepackCostTime:234.549s , currentRepackMaxTime:343.468s
iter238		 Improve solution by repack 0.6316677304488041->0.6305074240795485 , unplacedBoxesSize:11
currentRepackCostTime:235.78s , currentRepackMaxTime:343.468s
iter242		 Improve solution by repack 0.6305074240795485->0.6285543200752486 , unplacedBoxesSize:11
currentRepackCostTime:235.853s , currentRepackMaxTime:343.468s
iter249		 Improve solution by repack 0.6285543200752486->0.6268061341037355 , unplacedBoxesSize:11
currentRepackCostTime:235.99800000000002s , currentRepackMaxTime:343.468s
iter273		 Improve solution by repack 0.6268061341037355->0.6252188591776404 , unplacedBoxesSize:9
currentRepackCostTime:236.465s , currentRepackMaxTime:343.468s
iter293		 Improve solution by repack 0.6252188591776404->0.6208337812416017 , unplacedBoxesSize:7
currentRepackCostTime:236.779s , currentRepackMaxTime:343.468s
iter318		 Improve solution by repack 0.6208337812416017->0.6191789841440473 , unplacedBoxesSize:8
currentRepackCostTime:237.162s , currentRepackMaxTime:343.468s
Selecting boards with low utilization for repacking...
iter5		 Improve solution by repack 0.9944358035474334->0.6255537825853266 , unplacedBoxesSize:7
currentRepackCostTime:242.553s , currentRepackMaxTime:343.468s
iter23		 Improve solution by repack 0.6255537825853266->0.6250216675624832 , unplacedBoxesSize:7
currentRepackCostTime:242.832s , currentRepackMaxTime:343.468s
iter38		 Improve solution by repack 0.6250216675624832->0.6230302674012362 , unplacedBoxesSize:7
currentRepackCostTime:243.101s , currentRepackMaxTime:343.468s
iter51		 Improve solution by repack 0.6230302674012362->0.6216556369255576 , unplacedBoxesSize:7
currentRepackCostTime:243.322s , currentRepackMaxTime:343.468s
iter129		 Improve solution by repack 0.6216556369255576->0.6200525732330019 , unplacedBoxesSize:8
currentRepackCostTime:244.918s , currentRepackMaxTime:343.468s
iter183		 Improve solution by repack 0.6200525732330019->0.6171284600913733 , unplacedBoxesSize:10
currentRepackCostTime:245.951s , currentRepackMaxTime:343.468s
iter196		 Improve solution by repack 0.6171284600913733->0.6154058048911583 , unplacedBoxesSize:7
currentRepackCostTime:246.251s , currentRepackMaxTime:343.468s
iter269		 Improve solution by repack 0.6154058048911583->0.6119631819403386 , unplacedBoxesSize:6
currentRepackCostTime:247.416s , currentRepackMaxTime:343.468s
iter307		 Improve solution by repack 0.6119631819403386->0.6092622950819672 , unplacedBoxesSize:7
currentRepackCostTime:247.91s , currentRepackMaxTime:343.468s
Selecting boards with low utilization for repacking...
Completed repack sweep without reducing board count. No-reduction sweeps: 1/3
Selecting boards with low utilization for repacking...
iter148		 Improve solution by repack 0.6092622950819672->0.6085662456328944 , unplacedBoxesSize:5
currentRepackCostTime:255.553s , currentRepackMaxTime:343.468s
iter294		 Improve solution by repack 0.6085662456328944->0.6064700349368449 , unplacedBoxesSize:5
currentRepackCostTime:257.514s , currentRepackMaxTime:343.468s
iter315		 Improve solution by repack 0.6064700349368449->0.6051961838215534 , unplacedBoxesSize:6
currentRepackCostTime:257.778s , currentRepackMaxTime:343.468s
iter456		 Improve solution by repack 0.6051961838215534->0.6043919645256651 , unplacedBoxesSize:6
currentRepackCostTime:260.058s , currentRepackMaxTime:343.468s
iter466		 Improve solution by repack 0.6043919645256651->0.6037368986831497 , unplacedBoxesSize:6
currentRepackCostTime:260.202s , currentRepackMaxTime:343.468s
iter467		 Improve solution by repack 0.6037368986831497->0.6020155872077398 , unplacedBoxesSize:5
currentRepackCostTime:260.217s , currentRepackMaxTime:343.468s
iter485		 Improve solution by repack 0.6020155872077398->0.6014834721848965 , unplacedBoxesSize:5
currentRepackCostTime:260.442s , currentRepackMaxTime:343.468s
Selecting boards with low utilization for repacking...
iter5		 Improve solution by repack 0.9776656140822361->0.6014834721848965 , unplacedBoxesSize:5
currentRepackCostTime:265.549s , currentRepackMaxTime:343.468s
Selecting boards with low utilization for repacking...
iter20		 Improve solution by repack 0.9802853735554957->0.6134681537221177 , unplacedBoxesSize:8
currentRepackCostTime:271.826s , currentRepackMaxTime:343.468s
iter25		 Improve solution by repack 0.6134681537221177->0.6128056973931739 , unplacedBoxesSize:6
currentRepackCostTime:271.923s , currentRepackMaxTime:343.468s
iter166		 Improve solution by repack 0.6128056973931739->0.6103507121741467 , unplacedBoxesSize:7
currentRepackCostTime:273.956s , currentRepackMaxTime:343.468s
iter184		 Improve solution by repack 0.6103507121741467->0.6096230851921527 , unplacedBoxesSize:7
currentRepackCostTime:274.214s , currentRepackMaxTime:343.468s
iter195		 Improve solution by repack 0.6096230851921527->0.6096064565976888 , unplacedBoxesSize:10
currentRepackCostTime:274.431s , currentRepackMaxTime:343.468s
iter217		 Improve solution by repack 0.6096064565976888->0.6093242743886053 , unplacedBoxesSize:10
currentRepackCostTime:274.92s , currentRepackMaxTime:343.468s
iter414		 Improve solution by repack 0.6093242743886053->0.6087330354743349 , unplacedBoxesSize:11
currentRepackCostTime:279.169s , currentRepackMaxTime:343.468s
iter421		 Improve solution by repack 0.6087330354743349->0.6079288161784466 , unplacedBoxesSize:11
currentRepackCostTime:279.301s , currentRepackMaxTime:343.468s
iter432		 Improve solution by repack 0.6079288161784466->0.6072737503359311 , unplacedBoxesSize:11
currentRepackCostTime:279.572s , currentRepackMaxTime:343.468s
iter577		 Improve solution by repack 0.6072737503359311->0.6060523044880408 , unplacedBoxesSize:12
currentRepackCostTime:282.75600000000003s , currentRepackMaxTime:343.468s
iter604		 Improve solution by repack 0.6060523044880408->0.6055201894651975 , unplacedBoxesSize:12
currentRepackCostTime:283.447s , currentRepackMaxTime:343.468s
iter624		 Improve solution by repack 0.6055201894651975->0.604515083310938 , unplacedBoxesSize:11
currentRepackCostTime:283.963s , currentRepackMaxTime:343.468s
iter644		 Improve solution by repack 0.604515083310938->0.6039829682880946 , unplacedBoxesSize:11
currentRepackCostTime:284.425s , currentRepackMaxTime:343.468s
iter739		 Improve solution by repack 0.6039829682880946->0.6035445780704112 , unplacedBoxesSize:11
currentRepackCostTime:286.536s , currentRepackMaxTime:343.468s
iter746		 Improve solution by repack 0.6035445780704112->0.6027801666218758 , unplacedBoxesSize:7
currentRepackCostTime:286.671s , currentRepackMaxTime:343.468s
Selecting boards with low utilization for repacking...
iter5		 Improve solution by repack 0.977469766191884->0.6179600577801666 , unplacedBoxesSize:7
currentRepackCostTime:291.8s , currentRepackMaxTime:343.468s
Selecting boards with low utilization for repacking...
iter16		 Improve solution by repack 0.9741037355549583->0.6275824711099167 , unplacedBoxesSize:8
currentRepackCostTime:298.973s , currentRepackMaxTime:343.468s
iter112		 Improve solution by repack 0.6275824711099167->0.6270039975812953 , unplacedBoxesSize:8
currentRepackCostTime:300.689s , currentRepackMaxTime:343.468s
iter159		 Improve solution by repack 0.6270039975812953->0.6218699610319807 , unplacedBoxesSize:6
currentRepackCostTime:301.47700000000003s , currentRepackMaxTime:343.468s
iter184		 Improve solution by repack 0.6218699610319807->0.6197240325181403 , unplacedBoxesSize:9
currentRepackCostTime:301.851s , currentRepackMaxTime:343.468s
iter207		 Improve solution by repack 0.6197240325181403->0.6186503963988175 , unplacedBoxesSize:9
currentRepackCostTime:302.36s , currentRepackMaxTime:343.468s
iter245		 Improve solution by repack 0.6186503963988175->0.618437751948401 , unplacedBoxesSize:7
currentRepackCostTime:303.067s , currentRepackMaxTime:343.468s
iter313		 Improve solution by repack 0.618437751948401->0.6181787489922065 , unplacedBoxesSize:10
currentRepackCostTime:304.165s , currentRepackMaxTime:343.468s
iter316		 Improve solution by repack 0.6181787489922065->0.6161873488309595 , unplacedBoxesSize:10
currentRepackCostTime:304.204s , currentRepackMaxTime:343.468s
iter478		 Improve solution by repack 0.6161873488309595->0.6159253224939533 , unplacedBoxesSize:9
currentRepackCostTime:307.866s , currentRepackMaxTime:343.468s
iter486		 Improve solution by repack 0.6159253224939533->0.6102099570008063 , unplacedBoxesSize:12
currentRepackCostTime:308.03000000000003s , currentRepackMaxTime:343.468s
iter529		 Improve solution by repack 0.6102099570008063->0.6099907618919646 , unplacedBoxesSize:13
currentRepackCostTime:308.882s , currentRepackMaxTime:343.468s
iter571		 Improve solution by repack 0.6099907618919646->0.6083776202633701 , unplacedBoxesSize:11
currentRepackCostTime:309.883s , currentRepackMaxTime:343.468s
Selecting boards with low utilization for repacking...
iter3		 Improve solution by repack 0.9768230986294006->0.9752858774522978 , unplacedBoxesSize:9
currentRepackCostTime:315.295s , currentRepackMaxTime:343.468s
iter25		 Improve solution by repack 0.9752858774522978->0.6159387597420048 , unplacedBoxesSize:10
currentRepackCostTime:315.63100000000003s , currentRepackMaxTime:343.468s
iter47		 Improve solution by repack 0.6159387597420048->0.6150327532921258 , unplacedBoxesSize:13
currentRepackCostTime:316.049s , currentRepackMaxTime:343.468s
iter48		 Improve solution by repack 0.6150327532921258->0.6117271902714324 , unplacedBoxesSize:12
currentRepackCostTime:316.062s , currentRepackMaxTime:343.468s
iter63		 Improve solution by repack 0.6117271902714324->0.6102598427841978 , unplacedBoxesSize:8
currentRepackCostTime:316.408s , currentRepackMaxTime:343.468s
iter229		 Improve solution by repack 0.6102598427841978->0.607988276001075 , unplacedBoxesSize:9
currentRepackCostTime:319.305s , currentRepackMaxTime:343.468s
iter256		 Improve solution by repack 0.607988276001075->0.6050482061273851 , unplacedBoxesSize:12
currentRepackCostTime:319.842s , currentRepackMaxTime:343.468s
Selecting boards with low utilization for repacking...
iter3		 Improve solution by repack 0.9756050120935232->0.6220663128191346 , unplacedBoxesSize:5
currentRepackCostTime:327.721s , currentRepackMaxTime:343.468s
iter23		 Improve solution by repack 0.6220663128191346->0.6214114149422199 , unplacedBoxesSize:11
currentRepackCostTime:328.055s , currentRepackMaxTime:343.468s
iter166		 Improve solution by repack 0.6214114149422199->0.6205688994893845 , unplacedBoxesSize:11
currentRepackCostTime:330.71s , currentRepackMaxTime:343.468s
iter175		 Improve solution by repack 0.6205688994893845->0.6184958680462241 , unplacedBoxesSize:13
currentRepackCostTime:330.846s , currentRepackMaxTime:343.468s
iter198		 Improve solution by repack 0.6184958680462241->0.6121494557914539 , unplacedBoxesSize:11
currentRepackCostTime:331.354s , currentRepackMaxTime:343.468s
iter279		 Improve solution by repack 0.6121494557914539->0.6117829548508465 , unplacedBoxesSize:11
currentRepackCostTime:332.972s , currentRepackMaxTime:343.468s
iter292		 Improve solution by repack 0.6117829548508465->0.6113066044074174 , unplacedBoxesSize:12
currentRepackCostTime:333.238s , currentRepackMaxTime:343.468s
iter338		 Improve solution by repack 0.6113066044074174->0.6078854810534803 , unplacedBoxesSize:10
currentRepackCostTime:334.243s , currentRepackMaxTime:343.468s
iter380		 Improve solution by repack 0.6078854810534803->0.6076493214189734 , unplacedBoxesSize:11
currentRepackCostTime:335.00600000000003s , currentRepackMaxTime:343.468s
iter484		 Improve solution by repack 0.6076493214189734->0.6074447393173877 , unplacedBoxesSize:11
currentRepackCostTime:336.938s , currentRepackMaxTime:343.468s
Global repack result: 21 -> 21 boards.
Start nesting on the 1th large board, remaining blocks count: 161
Utilization of the 1th large board: 97.95646331631282, Time taken for this board: 4.089s
-------------------------------------------------------------------
Start nesting on the 2th large board, remaining blocks count: 160
Utilization of the 2th large board: 98.44987906476754, Time taken for this board: 9.151s
-------------------------------------------------------------------
Start nesting on the 3th large board, remaining blocks count: 154
Utilization of the 3th large board: 99.17999193765117, Time taken for this board: 14.936s
-------------------------------------------------------------------
Start nesting on the 4th large board, remaining blocks count: 145
Utilization of the 4th large board: 98.70696721311475, Time taken for this board: 22.084s
-------------------------------------------------------------------
Start nesting on the 5th large board, remaining blocks count: 128
Utilization of the 5th large board: 97.46697796291319, Time taken for this board: 23.211000000000002s
-------------------------------------------------------------------
Start nesting on the 6th large board, remaining blocks count: 118
Utilization of the 6th large board: 98.10518005912388, Time taken for this board: 24.25s
-------------------------------------------------------------------
Start nesting on the 7th large board, remaining blocks count: 110
Utilization of the 7th large board: 98.7717683418436, Time taken for this board: 24.896s
-------------------------------------------------------------------
Start nesting on the 8th large board, remaining blocks count: 101
Utilization of the 8th large board: 97.12160709486697, Time taken for this board: 25.956s
-------------------------------------------------------------------
Start nesting on the 9th large board, remaining blocks count: 88
Utilization of the 9th large board: 97.72057242676699, Time taken for this board: 26.955000000000002s
-------------------------------------------------------------------
Start nesting on the 10th large board, remaining blocks count: 75
Utilization of the 10th large board: 98.75503896801935, Time taken for this board: 27.948s
-------------------------------------------------------------------
Start nesting on the 11th large board, remaining blocks count: 71
Utilization of the 11th large board: 97.06607766729373, Time taken for this board: 29.11s
-------------------------------------------------------------------
Start nesting on the 12th large board, remaining blocks count: 68
Utilization of the 12th large board: 96.10259338887396, Time taken for this board: 29.844s
-------------------------------------------------------------------
Start nesting on the 13th large board, remaining blocks count: 54
Utilization of the 13th large board: 97.19164875033594, Time taken for this board: 30.032s
-------------------------------------------------------------------
Start nesting on the 14th large board, remaining blocks count: 44
Utilization of the 14th large board: 98.03181268476217, Time taken for this board: 30.092000000000002s
-------------------------------------------------------------------
Start nesting on the 15th large board, remaining blocks count: 30
Utilization of the 15th large board: 95.76380677237302, Time taken for this board: 30.115000000000002s
-------------------------------------------------------------------
Start nesting on the 16th large board, remaining blocks count: 20
Utilization of the 16th large board: 96.73439599570007, Time taken for this board: 30.135s
-------------------------------------------------------------------
Start nesting on the 17th large board, remaining blocks count: 10
Utilization of the 17th large board: 81.11556033324375, Time taken for this board: 30.137s
-------------------------------------------------------------------
Start nesting on the 18th large board, remaining blocks count: 2
Utilization of the 18th large board: 73.99301263101317, Time taken for this board: 30.137s
-------------------------------------------------------------------
Start global repack optimization for 18 boards, time=180.33s.
Start improving solution by repacking.
Selecting boards with low utilization for repacking...
iter42		 Improve solution by repack 0.7399301263101317->0.7320199543133566 , unplacedBoxesSize:6
currentRepackCostTime:0.464s , currentRepackMaxTime:180.33s
iter43		 Improve solution by repack 0.7320199543133566->0.7100826390755174 , unplacedBoxesSize:5
currentRepackCostTime:0.47300000000000003s , currentRepackMaxTime:180.33s
iter48		 Improve solution by repack 0.7100826390755174->0.7079249529696319 , unplacedBoxesSize:8
currentRepackCostTime:0.523s , currentRepackMaxTime:180.33s
iter50		 Improve solution by repack 0.7079249529696319->0.6164250201558721 , unplacedBoxesSize:5
currentRepackCostTime:0.542s , currentRepackMaxTime:180.33s
iter80		 Improve solution by repack 0.6164250201558721->0.6082398884708412 , unplacedBoxesSize:6
currentRepackCostTime:0.855s , currentRepackMaxTime:180.33s
iter82		 Improve solution by repack 0.6082398884708412->0.5984844463853803 , unplacedBoxesSize:5
currentRepackCostTime:0.884s , currentRepackMaxTime:180.33s
iter90		 Improve solution by repack 0.5984844463853803->0.59722134506853 , unplacedBoxesSize:5
currentRepackCostTime:0.9470000000000001s , currentRepackMaxTime:180.33s
iter100		 Improve solution by repack 0.59722134506853->0.5933799717817791 , unplacedBoxesSize:6
currentRepackCostTime:1.055s , currentRepackMaxTime:180.33s
iter110		 Improve solution by repack 0.5933799717817791->0.5917735487772104 , unplacedBoxesSize:6
currentRepackCostTime:1.176s , currentRepackMaxTime:180.33s
iter117		 Improve solution by repack 0.5917735487772104->0.5899998320343993 , unplacedBoxesSize:6
currentRepackCostTime:1.2590000000000001s , currentRepackMaxTime:180.33s
iter130		 Improve solution by repack 0.5899998320343993->0.583778890083311 , unplacedBoxesSize:4
currentRepackCostTime:1.41s , currentRepackMaxTime:180.33s
iter149		 Improve solution by repack 0.583778890083311->0.5677126444504165 , unplacedBoxesSize:6
currentRepackCostTime:1.591s , currentRepackMaxTime:180.33s
iter159		 Improve solution by repack 0.5677126444504165->0.5437412657887665 , unplacedBoxesSize:9
currentRepackCostTime:1.706s , currentRepackMaxTime:180.33s
iter168		 Improve solution by repack 0.5437412657887665->0.5339475275463584 , unplacedBoxesSize:9
currentRepackCostTime:1.831s , currentRepackMaxTime:180.33s
iter172		 Improve solution by repack 0.5339475275463584->0.5270918435904327 , unplacedBoxesSize:9
currentRepackCostTime:1.8940000000000001s , currentRepackMaxTime:180.33s
iter187		 Improve solution by repack 0.5270918435904327->0.519408089223327 , unplacedBoxesSize:7
currentRepackCostTime:2.177s , currentRepackMaxTime:180.33s
iter201		 Improve solution by repack 0.519408089223327->0.5146190540177371 , unplacedBoxesSize:7
currentRepackCostTime:2.365s , currentRepackMaxTime:180.33s
iter321		 Improve solution by repack 0.5146190540177371->0.5115528419779629 , unplacedBoxesSize:6
currentRepackCostTime:3.924s , currentRepackMaxTime:180.33s
iter346		 Improve solution by repack 0.5115528419779629->0.5075552606826123 , unplacedBoxesSize:6
currentRepackCostTime:4.283s , currentRepackMaxTime:180.33s
iter352		 Improve solution by repack 0.5075552606826123->0.5062610857296426 , unplacedBoxesSize:6
currentRepackCostTime:4.347s , currentRepackMaxTime:180.33s
iter415		 Improve solution by repack 0.5062610857296426->0.5044873689868314 , unplacedBoxesSize:6
currentRepackCostTime:5.147s , currentRepackMaxTime:180.33s
iter416		 Improve solution by repack 0.5044873689868314->0.500382289707068 , unplacedBoxesSize:6
currentRepackCostTime:5.155s , currentRepackMaxTime:180.33s
iter505		 Improve solution by repack 0.500382289707068->0.4947319269013706 , unplacedBoxesSize:5
currentRepackCostTime:6.276s , currentRepackMaxTime:180.33s
Selecting boards with low utilization for repacking...
iter4		 Improve solution by repack 0.9719164875033593->0.9676676296694438 , unplacedBoxesSize:12
currentRepackCostTime:9.198s , currentRepackMaxTime:180.33s
iter6		 Improve solution by repack 0.9676676296694438->0.5008949207202364 , unplacedBoxesSize:5
currentRepackCostTime:9.238s , currentRepackMaxTime:180.33s
iter21		 Improve solution by repack 0.5008949207202364->0.49599402042461704 , unplacedBoxesSize:3
currentRepackCostTime:9.354000000000001s , currentRepackMaxTime:180.33s
iter84		 Improve solution by repack 0.49599402042461704->0.4941023918301532 , unplacedBoxesSize:7
currentRepackCostTime:9.955s , currentRepackMaxTime:180.33s
iter103		 Improve solution by repack 0.4941023918301532->0.4896822090835797 , unplacedBoxesSize:5
currentRepackCostTime:10.194s , currentRepackMaxTime:180.33s
Selecting boards with low utilization for repacking...
iter8		 Improve solution by repack 0.9705188457403924->0.4896822090835797 , unplacedBoxesSize:5
currentRepackCostTime:12.509s , currentRepackMaxTime:180.33s
iter129		 Improve solution by repack 0.4896822090835797->0.4784950282182209 , unplacedBoxesSize:5
currentRepackCostTime:13.832s , currentRepackMaxTime:180.33s
iter132		 Improve solution by repack 0.4784950282182209->0.47628056973931737 , unplacedBoxesSize:4
currentRepackCostTime:13.858s , currentRepackMaxTime:180.33s
iter143		 Improve solution by repack 0.47628056973931737->0.47450685299650636 , unplacedBoxesSize:4
currentRepackCostTime:13.972s , currentRepackMaxTime:180.33s
Selecting boards with low utilization for repacking...
iter18		 Improve solution by repack 0.9769964391292663->0.4953399623757055 , unplacedBoxesSize:5
currentRepackCostTime:15.967s , currentRepackMaxTime:180.33s
iter20		 Improve solution by repack 0.4953399623757055->0.4940392367643107 , unplacedBoxesSize:5
currentRepackCostTime:15.976s , currentRepackMaxTime:180.33s
iter36		 Improve solution by repack 0.4940392367643107->0.49321150228433214 , unplacedBoxesSize:6
currentRepackCostTime:16.153s , currentRepackMaxTime:180.33s
iter42		 Improve solution by repack 0.49321150228433214->0.47450685299650636 , unplacedBoxesSize:4
currentRepackCostTime:16.225s , currentRepackMaxTime:180.33s
Selecting boards with low utilization for repacking...
iter4		 Improve solution by repack 0.9769964391292663->0.5087211099166891 , unplacedBoxesSize:4
currentRepackCostTime:19.062s , currentRepackMaxTime:180.33s
iter7		 Improve solution by repack 0.5087211099166891->0.5012689801128729 , unplacedBoxesSize:6
currentRepackCostTime:19.092s , currentRepackMaxTime:180.33s
iter9		 Improve solution by repack 0.5012689801128729->0.4999748051599033 , unplacedBoxesSize:6
currentRepackCostTime:19.101s , currentRepackMaxTime:180.33s
iter12		 Improve solution by repack 0.4999748051599033->0.49905502553077125 , unplacedBoxesSize:5
currentRepackCostTime:19.146s , currentRepackMaxTime:180.33s
iter14		 Improve solution by repack 0.49905502553077125->0.4924405401773717 , unplacedBoxesSize:5
currentRepackCostTime:19.173000000000002s , currentRepackMaxTime:180.33s
iter16		 Improve solution by repack 0.4924405401773717->0.48180327868852457 , unplacedBoxesSize:5
currentRepackCostTime:19.2s , currentRepackMaxTime:180.33s
iter19		 Improve solution by repack 0.48180327868852457->0.4793919645256651 , unplacedBoxesSize:6
currentRepackCostTime:19.240000000000002s , currentRepackMaxTime:180.33s
iter41		 Improve solution by repack 0.4793919645256651->0.4769023783929051 , unplacedBoxesSize:5
currentRepackCostTime:19.509s , currentRepackMaxTime:180.33s
iter82		 Improve solution by repack 0.4769023783929051->0.4734758801397474 , unplacedBoxesSize:6
currentRepackCostTime:19.964000000000002s , currentRepackMaxTime:180.33s
iter86		 Improve solution by repack 0.4734758801397474->0.46759708411717277 , unplacedBoxesSize:6
currentRepackCostTime:20.043s , currentRepackMaxTime:180.33s
iter102		 Improve solution by repack 0.46759708411717277->0.46754333512496643 , unplacedBoxesSize:5
currentRepackCostTime:20.237000000000002s , currentRepackMaxTime:180.33s
iter191		 Improve solution by repack 0.46754333512496643->0.4619467213114754 , unplacedBoxesSize:5
currentRepackCostTime:21.217s , currentRepackMaxTime:180.33s
Selecting boards with low utilization for repacking...
iter1		 Improve solution by repack 0.9741853668368718->0.48198333781241604 , unplacedBoxesSize:8
currentRepackCostTime:24.231s , currentRepackMaxTime:180.33s
iter23		 Improve solution by repack 0.48198333781241604->0.480519013705993 , unplacedBoxesSize:9
currentRepackCostTime:24.643s , currentRepackMaxTime:180.33s
iter28		 Improve solution by repack 0.480519013705993->0.47967381080354743 , unplacedBoxesSize:9
currentRepackCostTime:24.749s , currentRepackMaxTime:180.33s
iter31		 Improve solution by repack 0.47967381080354743->0.4791846949744692 , unplacedBoxesSize:15
currentRepackCostTime:24.804000000000002s , currentRepackMaxTime:180.33s
iter34		 Improve solution by repack 0.4791846949744692->0.47265587207739856 , unplacedBoxesSize:9
currentRepackCostTime:24.89s , currentRepackMaxTime:180.33s
iter118		 Improve solution by repack 0.47265587207739856->0.4621637328675087 , unplacedBoxesSize:10
currentRepackCostTime:26.224s , currentRepackMaxTime:180.33s
iter120		 Improve solution by repack 0.4621637328675087->0.45827196990056435 , unplacedBoxesSize:8
currentRepackCostTime:26.261s , currentRepackMaxTime:180.33s
Selecting boards with low utilization for repacking...
iter3		 Improve solution by repack 0.9757534936844934->0.45827196990056435 , unplacedBoxesSize:8
currentRepackCostTime:29.052s , currentRepackMaxTime:180.33s
Selecting boards with low utilization for repacking...
iter2		 Improve solution by repack 0.9785833781241602->0.4662009540446117 , unplacedBoxesSize:6
currentRepackCostTime:33.793s , currentRepackMaxTime:180.33s
iter19		 Improve solution by repack 0.4662009540446117->0.4653832975006719 , unplacedBoxesSize:6
currentRepackCostTime:34.023s , currentRepackMaxTime:180.33s
iter74		 Improve solution by repack 0.4653832975006719->0.45827196990056435 , unplacedBoxesSize:8
currentRepackCostTime:34.676s , currentRepackMaxTime:180.33s
Selecting boards with low utilization for repacking...
iter10		 Improve solution by repack 0.9777657215802203->0.4923118785272776 , unplacedBoxesSize:7
currentRepackCostTime:38.311s , currentRepackMaxTime:180.33s
iter25		 Improve solution by repack 0.4923118785272776->0.490449475947326 , unplacedBoxesSize:7
currentRepackCostTime:38.496s , currentRepackMaxTime:180.33s
iter38		 Improve solution by repack 0.490449475947326->0.470004703036818 , unplacedBoxesSize:7
currentRepackCostTime:38.677s , currentRepackMaxTime:180.33s
iter43		 Improve solution by repack 0.470004703036818->0.4678480247245364 , unplacedBoxesSize:7
currentRepackCostTime:38.725s , currentRepackMaxTime:180.33s
iter53		 Improve solution by repack 0.4678480247245364->0.46601384036549315 , unplacedBoxesSize:6
currentRepackCostTime:38.854s , currentRepackMaxTime:180.33s
Selecting boards with low utilization for repacking...
iter3		 Improve solution by repack 0.9670958747648482->0.48030653722117705 , unplacedBoxesSize:6
currentRepackCostTime:42.116s , currentRepackMaxTime:180.33s
iter24		 Improve solution by repack 0.48030653722117705->0.47321133431873147 , unplacedBoxesSize:4
currentRepackCostTime:42.345s , currentRepackMaxTime:180.33s
iter41		 Improve solution by repack 0.47321133431873147->0.4722719027143241 , unplacedBoxesSize:4
currentRepackCostTime:42.482s , currentRepackMaxTime:180.33s
iter43		 Improve solution by repack 0.4722719027143241->0.4711885245901639 , unplacedBoxesSize:5
currentRepackCostTime:42.496s , currentRepackMaxTime:180.33s
iter89		 Improve solution by repack 0.4711885245901639->0.47065271432410644 , unplacedBoxesSize:5
currentRepackCostTime:43.111000000000004s , currentRepackMaxTime:180.33s
iter120		 Improve solution by repack 0.47065271432410644->0.46849133297500667 , unplacedBoxesSize:8
currentRepackCostTime:43.458s , currentRepackMaxTime:180.33s
iter148		 Improve solution by repack 0.46849133297500667->0.4674825315775329 , unplacedBoxesSize:8
currentRepackCostTime:43.881s , currentRepackMaxTime:180.33s
iter168		 Improve solution by repack 0.4674825315775329->0.464285138403655 , unplacedBoxesSize:8
currentRepackCostTime:44.135s , currentRepackMaxTime:180.33s
iter196		 Improve solution by repack 0.464285138403655->0.45852492609513573 , unplacedBoxesSize:6
currentRepackCostTime:44.504s , currentRepackMaxTime:180.33s
iter212		 Improve solution by repack 0.45852492609513573->0.45303110722923945 , unplacedBoxesSize:7
currentRepackCostTime:44.739000000000004s , currentRepackMaxTime:180.33s
iter280		 Improve solution by repack 0.45303110722923945->0.4524748051599033 , unplacedBoxesSize:7
currentRepackCostTime:45.684s , currentRepackMaxTime:180.33s
iter316		 Improve solution by repack 0.4524748051599033->0.45227307847352866 , unplacedBoxesSize:5
currentRepackCostTime:46.215s , currentRepackMaxTime:180.33s
iter320		 Improve solution by repack 0.45227307847352866->0.450978903520559 , unplacedBoxesSize:5
currentRepackCostTime:46.242000000000004s , currentRepackMaxTime:180.33s
iter399		 Improve solution by repack 0.450978903520559->0.45042327331362536 , unplacedBoxesSize:7
currentRepackCostTime:47.189s , currentRepackMaxTime:180.33s
Selecting boards with low utilization for repacking...
iter3		 Improve solution by repack 0.9795646331631281->0.45166252351518404 , unplacedBoxesSize:8
currentRepackCostTime:50.28s , currentRepackMaxTime:180.33s
iter6		 Improve solution by repack 0.45166252351518404->0.45084486697124426 , unplacedBoxesSize:8
currentRepackCostTime:50.31s , currentRepackMaxTime:180.33s
iter17		 Improve solution by repack 0.45084486697124426->0.4492384439666756 , unplacedBoxesSize:8
currentRepackCostTime:50.495000000000005s , currentRepackMaxTime:180.33s
iter48		 Improve solution by repack 0.4492384439666756->0.4484278419779629 , unplacedBoxesSize:6
currentRepackCostTime:50.99s , currentRepackMaxTime:180.33s
iter135		 Improve solution by repack 0.4484278419779629->0.44568664337543673 , unplacedBoxesSize:7
currentRepackCostTime:52.024s , currentRepackMaxTime:180.33s
iter140		 Improve solution by repack 0.44568664337543673->0.44472352862133835 , unplacedBoxesSize:9
currentRepackCostTime:52.115s , currentRepackMaxTime:180.33s
Selecting boards with low utilization for repacking...
iter4		 Improve solution by repack 0.9790444436979306->0.44472352862133835 , unplacedBoxesSize:9
currentRepackCostTime:55.006s , currentRepackMaxTime:180.33s
Selecting boards with low utilization for repacking...
iter15		 Improve solution by repack 0.9803181268476217->0.48122950819672133 , unplacedBoxesSize:5
currentRepackCostTime:60.157000000000004s , currentRepackMaxTime:180.33s
iter30		 Improve solution by repack 0.48122950819672133->0.4614633163128191 , unplacedBoxesSize:5
currentRepackCostTime:60.295s , currentRepackMaxTime:180.33s
iter138		 Improve solution by repack 0.4614633163128191->0.4594924079548508 , unplacedBoxesSize:3
currentRepackCostTime:61.528s , currentRepackMaxTime:180.33s
iter143		 Improve solution by repack 0.4594924079548508->0.45586300725611395 , unplacedBoxesSize:7
currentRepackCostTime:61.588s , currentRepackMaxTime:180.33s
iter162		 Improve solution by repack 0.45586300725611395->0.44719799785004033 , unplacedBoxesSize:6
currentRepackCostTime:61.906s , currentRepackMaxTime:180.33s
iter168		 Improve solution by repack 0.44719799785004033->0.44472352862133835 , unplacedBoxesSize:9
currentRepackCostTime:61.989000000000004s , currentRepackMaxTime:180.33s
Selecting boards with low utilization for repacking...
iter13		 Improve solution by repack 0.9846546627250738->0.9818711367911851 , unplacedBoxesSize:10
currentRepackCostTime:66.831s , currentRepackMaxTime:180.33s
iter27		 Improve solution by repack 0.9818711367911851->0.46956328943832304 , unplacedBoxesSize:9
currentRepackCostTime:67.011s , currentRepackMaxTime:180.33s
iter34		 Improve solution by repack 0.46956328943832304->0.46618314969094327 , unplacedBoxesSize:9
currentRepackCostTime:67.151s , currentRepackMaxTime:180.33s
iter78		 Improve solution by repack 0.46618314969094327->0.4564277076054824 , unplacedBoxesSize:8
currentRepackCostTime:67.87s , currentRepackMaxTime:180.33s
iter164		 Improve solution by repack 0.4564277076054824->0.4487950147809729 , unplacedBoxesSize:9
currentRepackCostTime:69.054s , currentRepackMaxTime:180.33s
iter187		 Improve solution by repack 0.4487950147809729->0.44810366836871807 , unplacedBoxesSize:9
currentRepackCostTime:69.453s , currentRepackMaxTime:180.33s
iter195		 Improve solution by repack 0.44810366836871807->0.44798441279226014 , unplacedBoxesSize:8
currentRepackCostTime:69.57000000000001s , currentRepackMaxTime:180.33s
iter231		 Improve solution by repack 0.44798441279226014->0.4446042730448804 , unplacedBoxesSize:8
currentRepackCostTime:70.132s , currentRepackMaxTime:180.33s
iter242		 Improve solution by repack 0.4446042730448804->0.443628392905133 , unplacedBoxesSize:7
currentRepackCostTime:70.269s , currentRepackMaxTime:180.33s
iter302		 Improve solution by repack 0.443628392905133->0.442879938188659 , unplacedBoxesSize:10
currentRepackCostTime:71.125s , currentRepackMaxTime:180.33s
iter343		 Improve solution by repack 0.442879938188659->0.44173189330825047 , unplacedBoxesSize:9
currentRepackCostTime:71.83500000000001s , currentRepackMaxTime:180.33s
Selecting boards with low utilization for repacking...
iter1		 Improve solution by repack 0.9846546627250738->0.9834130610051062 , unplacedBoxesSize:9
currentRepackCostTime:75.902s , currentRepackMaxTime:180.33s
iter6		 Improve solution by repack 0.9834130610051062->0.4691304420854609 , unplacedBoxesSize:9
currentRepackCostTime:75.95100000000001s , currentRepackMaxTime:180.33s
iter22		 Improve solution by repack 0.4691304420854609->0.44680193496371945 , unplacedBoxesSize:7
currentRepackCostTime:76.166s , currentRepackMaxTime:180.33s
iter36		 Improve solution by repack 0.44680193496371945->0.4464975812953507 , unplacedBoxesSize:5
currentRepackCostTime:76.363s , currentRepackMaxTime:180.33s
iter47		 Improve solution by repack 0.4464975812953507->0.4453078809459823 , unplacedBoxesSize:6
currentRepackCostTime:76.505s , currentRepackMaxTime:180.33s
iter77		 Improve solution by repack 0.4453078809459823->0.441523951894652 , unplacedBoxesSize:8
currentRepackCostTime:76.893s , currentRepackMaxTime:180.33s
iter88		 Improve solution by repack 0.441523951894652->0.44142669981187854 , unplacedBoxesSize:6
currentRepackCostTime:77.05s , currentRepackMaxTime:180.33s
iter159		 Improve solution by repack 0.44142669981187854->0.44099586804622415 , unplacedBoxesSize:5
currentRepackCostTime:77.979s , currentRepackMaxTime:180.33s
iter167		 Improve solution by repack 0.44099586804622415->0.4397016930932545 , unplacedBoxesSize:5
currentRepackCostTime:78.061s , currentRepackMaxTime:180.33s
Selecting boards with low utilization for repacking...
iter4		 Improve solution by repack 0.9855851921526472->0.5074724536414942 , unplacedBoxesSize:5
currentRepackCostTime:81.514s , currentRepackMaxTime:180.33s
iter11		 Improve solution by repack 0.5074724536414942->0.49244961031980655 , unplacedBoxesSize:4
currentRepackCostTime:81.59100000000001s , currentRepackMaxTime:180.33s
iter24		 Improve solution by repack 0.49244961031980655->0.47065573770491803 , unplacedBoxesSize:5
currentRepackCostTime:81.723s , currentRepackMaxTime:180.33s
iter92		 Improve solution by repack 0.47065573770491803->0.4677613544746036 , unplacedBoxesSize:6
currentRepackCostTime:82.523s , currentRepackMaxTime:180.33s
iter95		 Improve solution by repack 0.4677613544746036->0.466451558720774 , unplacedBoxesSize:6
currentRepackCostTime:82.556s , currentRepackMaxTime:180.33s
iter100		 Improve solution by repack 0.466451558720774->0.4659157484547165 , unplacedBoxesSize:6
currentRepackCostTime:82.62s , currentRepackMaxTime:180.33s
iter151		 Improve solution by repack 0.4659157484547165->0.4608149690943295 , unplacedBoxesSize:6
currentRepackCostTime:83.238s , currentRepackMaxTime:180.33s
iter164		 Improve solution by repack 0.4608149690943295->0.4600490459553883 , unplacedBoxesSize:6
currentRepackCostTime:83.385s , currentRepackMaxTime:180.33s
iter207		 Improve solution by repack 0.4600490459553883->0.4569101048105348 , unplacedBoxesSize:7
currentRepackCostTime:83.88s , currentRepackMaxTime:180.33s
iter208		 Improve solution by repack 0.4569101048105348->0.4562321956463316 , unplacedBoxesSize:5
currentRepackCostTime:83.886s , currentRepackMaxTime:180.33s
iter337		 Improve solution by repack 0.4562321956463316->0.4519463853802741 , unplacedBoxesSize:4
currentRepackCostTime:85.399s , currentRepackMaxTime:180.33s
Selecting boards with low utilization for repacking...
iter2		 Improve solution by repack 0.9896267804353668->0.4816618516527815 , unplacedBoxesSize:6
currentRepackCostTime:88.375s , currentRepackMaxTime:180.33s
iter5		 Improve solution by repack 0.4816618516527815->0.47805495834453104 , unplacedBoxesSize:8
currentRepackCostTime:88.413s , currentRepackMaxTime:180.33s
iter8		 Improve solution by repack 0.47805495834453104->0.47442018274657355 , unplacedBoxesSize:7
currentRepackCostTime:88.438s , currentRepackMaxTime:180.33s
iter29		 Improve solution by repack 0.47442018274657355->0.4720931873152378 , unplacedBoxesSize:10
currentRepackCostTime:88.745s , currentRepackMaxTime:180.33s
iter34		 Improve solution by repack 0.4720931873152378->0.4692717011556033 , unplacedBoxesSize:9
currentRepackCostTime:88.836s , currentRepackMaxTime:180.33s
iter35		 Improve solution by repack 0.4692717011556033->0.4660662456328944 , unplacedBoxesSize:8
currentRepackCostTime:88.84100000000001s , currentRepackMaxTime:180.33s
iter93		 Improve solution by repack 0.4660662456328944->0.46280435366836875 , unplacedBoxesSize:7
currentRepackCostTime:89.58800000000001s , currentRepackMaxTime:180.33s
iter103		 Improve solution by repack 0.46280435366836875->0.46279427573233006 , unplacedBoxesSize:7
currentRepackCostTime:89.699s , currentRepackMaxTime:180.33s
iter135		 Improve solution by repack 0.46279427573233006->0.45594195108841706 , unplacedBoxesSize:7
currentRepackCostTime:90.113s , currentRepackMaxTime:180.33s
iter155		 Improve solution by repack 0.45594195108841706->0.45497917226552 , unplacedBoxesSize:7
currentRepackCostTime:90.374s , currentRepackMaxTime:180.33s
iter192		 Improve solution by repack 0.45497917226552->0.451428379467885 , unplacedBoxesSize:6
currentRepackCostTime:90.857s , currentRepackMaxTime:180.33s
iter210		 Improve solution by repack 0.451428379467885->0.4470243214189734 , unplacedBoxesSize:6
currentRepackCostTime:91.087s , currentRepackMaxTime:180.33s
Selecting boards with low utilization for repacking...
iter3		 Improve solution by repack 0.977182545014781->0.44886757592045146 , unplacedBoxesSize:8
currentRepackCostTime:93.952s , currentRepackMaxTime:180.33s
iter7		 Improve solution by repack 0.44886757592045146->0.4472359580757861 , unplacedBoxesSize:7
currentRepackCostTime:94.023s , currentRepackMaxTime:180.33s
iter20		 Improve solution by repack 0.4472359580757861->0.4453792663262564 , unplacedBoxesSize:7
currentRepackCostTime:94.174s , currentRepackMaxTime:180.33s
Selecting boards with low utilization for repacking...
Completed repack sweep without reducing board count. No-reduction sweeps: 1/3
Selecting boards with low utilization for repacking...
Selecting boards with low utilization for repacking...
iter1		 Improve solution by repack 0.9774805159903253->0.4453792663262564 , unplacedBoxesSize:7
currentRepackCostTime:99.893s , currentRepackMaxTime:180.33s
Selecting boards with low utilization for repacking...
iter2		 Improve solution by repack 0.9795646331631281->0.9774805159903253 , unplacedBoxesSize:9
currentRepackCostTime:103.912s , currentRepackMaxTime:180.33s
iter12		 Improve solution by repack 0.9774805159903253->0.45247648481590974 , unplacedBoxesSize:8
currentRepackCostTime:104.06400000000001s , currentRepackMaxTime:180.33s
iter18		 Improve solution by repack 0.45247648481590974->0.4480636925557646 , unplacedBoxesSize:7
currentRepackCostTime:104.132s , currentRepackMaxTime:180.33s
Selecting boards with low utilization for repacking...
iter3		 Improve solution by repack 0.9775574442354206->0.9774805159903253 , unplacedBoxesSize:9
currentRepackCostTime:107.87s , currentRepackMaxTime:180.33s
iter4		 Improve solution by repack 0.9774805159903253->0.4807229239451761 , unplacedBoxesSize:7
currentRepackCostTime:107.888s , currentRepackMaxTime:180.33s
iter5		 Improve solution by repack 0.4807229239451761->0.4773676431066918 , unplacedBoxesSize:9
currentRepackCostTime:107.914s , currentRepackMaxTime:180.33s
iter8		 Improve solution by repack 0.4773676431066918->0.47140486428379463 , unplacedBoxesSize:9
currentRepackCostTime:107.94500000000001s , currentRepackMaxTime:180.33s
iter16		 Improve solution by repack 0.47140486428379463->0.46884137328675085 , unplacedBoxesSize:10
currentRepackCostTime:108.063s , currentRepackMaxTime:180.33s
iter25		 Improve solution by repack 0.46884137328675085->0.4686781107229239 , unplacedBoxesSize:9
currentRepackCostTime:108.168s , currentRepackMaxTime:180.33s
iter26		 Improve solution by repack 0.4686781107229239->0.4645192824509541 , unplacedBoxesSize:8
currentRepackCostTime:108.182s , currentRepackMaxTime:180.33s
iter38		 Improve solution by repack 0.4645192824509541->0.4619813222252083 , unplacedBoxesSize:7
currentRepackCostTime:108.318s , currentRepackMaxTime:180.33s
Selecting boards with low utilization for repacking...
iter1		 Improve solution by repack 0.966461972588014->0.47657954850846546 , unplacedBoxesSize:6
currentRepackCostTime:111.749s , currentRepackMaxTime:180.33s
iter10		 Improve solution by repack 0.47657954850846546->0.4735292932007525 , unplacedBoxesSize:6
currentRepackCostTime:111.888s , currentRepackMaxTime:180.33s
iter37		 Improve solution by repack 0.4735292932007525->0.46919846815372207 , unplacedBoxesSize:5
currentRepackCostTime:112.144s , currentRepackMaxTime:180.33s
iter40		 Improve solution by repack 0.46919846815372207->0.46581631281913466 , unplacedBoxesSize:6
currentRepackCostTime:112.168s , currentRepackMaxTime:180.33s
iter90		 Improve solution by repack 0.46581631281913466->0.46485151840902983 , unplacedBoxesSize:7
currentRepackCostTime:112.807s , currentRepackMaxTime:180.33s
iter99		 Improve solution by repack 0.46485151840902983->0.4644507524858909 , unplacedBoxesSize:5
currentRepackCostTime:112.94800000000001s , currentRepackMaxTime:180.33s
iter128		 Improve solution by repack 0.4644507524858909->0.4591574845471647 , unplacedBoxesSize:7
currentRepackCostTime:113.33500000000001s , currentRepackMaxTime:180.33s
iter138		 Improve solution by repack 0.4591574845471647->0.45601384036549314 , unplacedBoxesSize:7
currentRepackCostTime:113.43s , currentRepackMaxTime:180.33s
iter173		 Improve solution by repack 0.45601384036549314->0.4463302875571083 , unplacedBoxesSize:6
currentRepackCostTime:113.919s , currentRepackMaxTime:180.33s
Selecting boards with low utilization for repacking...
iter30		 Improve solution by repack 0.9710373555495834->0.4463302875571083 , unplacedBoxesSize:6
currentRepackCostTime:117.773s , currentRepackMaxTime:180.33s
Selecting boards with low utilization for repacking...
iter6		 Improve solution by repack 0.9775574442354206->0.9710373555495834 , unplacedBoxesSize:2
currentRepackCostTime:121.31400000000001s , currentRepackMaxTime:180.33s
iter23		 Improve solution by repack 0.9710373555495834->0.4463302875571083 , unplacedBoxesSize:6
currentRepackCostTime:121.411s , currentRepackMaxTime:180.33s
Selecting boards with low utilization for repacking...
iter1		 Improve solution by repack 0.9710373555495834->0.4628779226014512 , unplacedBoxesSize:3
currentRepackCostTime:125.06700000000001s , currentRepackMaxTime:180.33s
iter73		 Improve solution by repack 0.4628779226014512->0.4620790782047836 , unplacedBoxesSize:3
currentRepackCostTime:125.82300000000001s , currentRepackMaxTime:180.33s
iter105		 Improve solution by repack 0.4620790782047836->0.46036011824778283 , unplacedBoxesSize:3
currentRepackCostTime:126.132s , currentRepackMaxTime:180.33s
iter108		 Improve solution by repack 0.46036011824778283->0.45914908626713247 , unplacedBoxesSize:4
currentRepackCostTime:126.159s , currentRepackMaxTime:180.33s
iter153		 Improve solution by repack 0.45914908626713247->0.4566465667831228 , unplacedBoxesSize:5
currentRepackCostTime:126.696s , currentRepackMaxTime:180.33s
iter205		 Improve solution by repack 0.4566465667831228->0.45501730045686645 , unplacedBoxesSize:5
currentRepackCostTime:127.379s , currentRepackMaxTime:180.33s
iter306		 Improve solution by repack 0.45501730045686645->0.4494206866433754 , unplacedBoxesSize:5
currentRepackCostTime:128.489s , currentRepackMaxTime:180.33s
Selecting boards with low utilization for repacking...
iter1		 Improve solution by repack 0.9710373555495834->0.4494206866433754 , unplacedBoxesSize:5
currentRepackCostTime:130.264s , currentRepackMaxTime:180.33s
Selecting boards with low utilization for repacking...
iter16		 Improve solution by repack 0.9710373555495834->0.4494206866433754 , unplacedBoxesSize:5
currentRepackCostTime:133.911s , currentRepackMaxTime:180.33s
Selecting boards with low utilization for repacking...
iter2		 Improve solution by repack 0.9798985487772105->0.9795646331631281 , unplacedBoxesSize:2
currentRepackCostTime:137.292s , currentRepackMaxTime:180.33s
iter7		 Improve solution by repack 0.9795646331631281->0.9778772507390487 , unplacedBoxesSize:13
currentRepackCostTime:137.315s , currentRepackMaxTime:180.33s
iter11		 Improve solution by repack 0.9778772507390487->0.9771113276001075 , unplacedBoxesSize:13
currentRepackCostTime:137.401s , currentRepackMaxTime:180.33s
iter12		 Improve solution by repack 0.9771113276001075->0.4915785407148616 , unplacedBoxesSize:9
currentRepackCostTime:137.411s , currentRepackMaxTime:180.33s
iter18		 Improve solution by repack 0.4915785407148616->0.47696586938994895 , unplacedBoxesSize:9
currentRepackCostTime:137.517s , currentRepackMaxTime:180.33s
iter88		 Improve solution by repack 0.47696586938994895->0.459077868852459 , unplacedBoxesSize:4
currentRepackCostTime:138.529s , currentRepackMaxTime:180.33s
Selecting boards with low utilization for repacking...
iter10		 Improve solution by repack 0.9795646331631281->0.459077868852459 , unplacedBoxesSize:4
currentRepackCostTime:140.939s , currentRepackMaxTime:180.33s
Selecting boards with low utilization for repacking...
iter2		 Improve solution by repack 0.9795646331631281->0.9795343993550121 , unplacedBoxesSize:10
currentRepackCostTime:144.162s , currentRepackMaxTime:180.33s
iter4		 Improve solution by repack 0.9795343993550121->0.459077868852459 , unplacedBoxesSize:4
currentRepackCostTime:144.178s , currentRepackMaxTime:180.33s
Selecting boards with low utilization for repacking...
iter2		 Improve solution by repack 0.9818007592045149->0.49316917495296964 , unplacedBoxesSize:8
currentRepackCostTime:147.498s , currentRepackMaxTime:180.33s
iter5		 Improve solution by repack 0.49316917495296964->0.48412825853265246 , unplacedBoxesSize:8
currentRepackCostTime:147.524s , currentRepackMaxTime:180.33s
iter11		 Improve solution by repack 0.48412825853265246->0.4788443966675625 , unplacedBoxesSize:7
currentRepackCostTime:147.627s , currentRepackMaxTime:180.33s
iter29		 Improve solution by repack 0.4788443966675625->0.469258599838753 , unplacedBoxesSize:7
currentRepackCostTime:147.875s , currentRepackMaxTime:180.33s
iter34		 Improve solution by repack 0.469258599838753->0.46473763773179255 , unplacedBoxesSize:8
currentRepackCostTime:147.90200000000002s , currentRepackMaxTime:180.33s
iter42		 Improve solution by repack 0.46473763773179255->0.46440607363611935 , unplacedBoxesSize:8
currentRepackCostTime:148.006s , currentRepackMaxTime:180.33s
Selecting boards with low utilization for repacking...
iter6		 Improve solution by repack 0.9839508868583714->0.9809379199140016 , unplacedBoxesSize:6
currentRepackCostTime:152.161s , currentRepackMaxTime:180.33s
iter8		 Improve solution by repack 0.9809379199140016->0.9799939532383768 , unplacedBoxesSize:7
currentRepackCostTime:152.186s , currentRepackMaxTime:180.33s
iter10		 Improve solution by repack 0.9799939532383768->0.9789297231926901 , unplacedBoxesSize:8
currentRepackCostTime:152.205s , currentRepackMaxTime:180.33s
iter19		 Improve solution by repack 0.9789297231926901->0.48389545821015856 , unplacedBoxesSize:7
currentRepackCostTime:152.337s , currentRepackMaxTime:180.33s
iter40		 Improve solution by repack 0.48389545821015856->0.48352895726955114 , unplacedBoxesSize:7
currentRepackCostTime:152.614s , currentRepackMaxTime:180.33s
iter59		 Improve solution by repack 0.48352895726955114->0.48166655468959957 , unplacedBoxesSize:7
currentRepackCostTime:152.8s , currentRepackMaxTime:180.33s
iter75		 Improve solution by repack 0.48166655468959957->0.474457807041118 , unplacedBoxesSize:8
currentRepackCostTime:153.016s , currentRepackMaxTime:180.33s
iter104		 Improve solution by repack 0.474457807041118->0.4742827868852459 , unplacedBoxesSize:8
currentRepackCostTime:153.50300000000001s , currentRepackMaxTime:180.33s
iter117		 Improve solution by repack 0.4742827868852459->0.4632934694974469 , unplacedBoxesSize:5
currentRepackCostTime:153.684s , currentRepackMaxTime:180.33s
iter123		 Improve solution by repack 0.4632934694974469->0.4591047433485622 , unplacedBoxesSize:4
currentRepackCostTime:153.752s , currentRepackMaxTime:180.33s
iter177		 Improve solution by repack 0.4591047433485622->0.4551434426229508 , unplacedBoxesSize:4
currentRepackCostTime:154.357s , currentRepackMaxTime:180.33s
iter190		 Improve solution by repack 0.4551434426229508->0.4530741064230046 , unplacedBoxesSize:4
currentRepackCostTime:154.49s , currentRepackMaxTime:180.33s
iter202		 Improve solution by repack 0.4530741064230046->0.452176834184359 , unplacedBoxesSize:7
currentRepackCostTime:154.598s , currentRepackMaxTime:180.33s
iter218		 Improve solution by repack 0.452176834184359->0.45084923407686106 , unplacedBoxesSize:7
currentRepackCostTime:154.757s , currentRepackMaxTime:180.33s
iter248		 Improve solution by repack 0.45084923407686106->0.4452475812953507 , unplacedBoxesSize:6
currentRepackCostTime:155.27700000000002s , currentRepackMaxTime:180.33s
iter290		 Improve solution by repack 0.4452475812953507->0.4448189330825047 , unplacedBoxesSize:5
currentRepackCostTime:155.832s , currentRepackMaxTime:180.33s
Selecting boards with low utilization for repacking...
iter3		 Improve solution by repack 0.9819003628056975->0.4448189330825047 , unplacedBoxesSize:5
currentRepackCostTime:157.948s , currentRepackMaxTime:180.33s
Selecting boards with low utilization for repacking...
iter3		 Improve solution by repack 0.9865425960763236->0.9710373555495834 , unplacedBoxesSize:2
currentRepackCostTime:161.574s , currentRepackMaxTime:180.33s
iter7		 Improve solution by repack 0.9710373555495834->0.4448189330825047 , unplacedBoxesSize:5
currentRepackCostTime:161.586s , currentRepackMaxTime:180.33s
Selecting boards with low utilization for repacking...
iter1		 Improve solution by repack 0.9866131416285945->0.4756332303144316 , unplacedBoxesSize:6
currentRepackCostTime:165.19s , currentRepackMaxTime:180.33s
iter4		 Improve solution by repack 0.4756332303144316->0.4677025665143778 , unplacedBoxesSize:7
currentRepackCostTime:165.248s , currentRepackMaxTime:180.33s
iter6		 Improve solution by repack 0.4677025665143778->0.4675450147809729 , unplacedBoxesSize:4
currentRepackCostTime:165.275s , currentRepackMaxTime:180.33s
iter22		 Improve solution by repack 0.4675450147809729->0.45945243214189735 , unplacedBoxesSize:7
currentRepackCostTime:165.424s , currentRepackMaxTime:180.33s
iter37		 Improve solution by repack 0.45945243214189735->0.4563480919107767 , unplacedBoxesSize:6
currentRepackCostTime:165.624s , currentRepackMaxTime:180.33s
Selecting boards with low utilization for repacking...
Completed repack sweep without reducing board count. No-reduction sweeps: 2/3
Selecting boards with low utilization for repacking...
Selecting boards with low utilization for repacking...
iter9		 Improve solution by repack 0.9710373555495834->0.524940876108573 , unplacedBoxesSize:3
currentRepackCostTime:171.161s , currentRepackMaxTime:180.33s
iter10		 Improve solution by repack 0.524940876108573->0.4756332303144316 , unplacedBoxesSize:6
currentRepackCostTime:171.17600000000002s , currentRepackMaxTime:180.33s
Selecting boards with low utilization for repacking...
iter5		 Improve solution by repack 0.9708589760816984->0.4756332303144316 , unplacedBoxesSize:6
currentRepackCostTime:175.165s , currentRepackMaxTime:180.33s
Selecting boards with low utilization for repacking...
iter22		 Improve solution by repack 0.9708589760816984->0.4756332303144316 , unplacedBoxesSize:6
currentRepackCostTime:179.351s , currentRepackMaxTime:180.33s
Global repack result: 18 -> 18 boards.
