total number of nestable workpieces：513
Start priority-first combined packing.
Start nesting on the 1th large board, remaining blocks count: 3
Utilization of the 1th large board: 67.85998387530235, Time taken for this board: 0.034s
-------------------------------------------------------------------
Start nesting on the 2th large board, remaining blocks count: 2
Utilization of the 2th large board: 62.71015855952702, Time taken for this board: 0.039s
-------------------------------------------------------------------
Start nesting on the 3th large board, remaining blocks count: 2
Utilization of the 3th large board: 62.71015855952702, Time taken for this board: 0.039s
-------------------------------------------------------------------
Start nesting on the 4th large board, remaining blocks count: 2
Utilization of the 4th large board: 62.71015855952702, Time taken for this board: 0.04s
-------------------------------------------------------------------
Start nesting on the 5th large board, remaining blocks count: 1
Utilization of the 5th large board: 53.940741736092455, Time taken for this board: 0.04s
-------------------------------------------------------------------
Start global repack optimization for 5 boards, time=25.704s.
Start improving solution by repacking.
Selecting boards with low utilization for repacking...
Selecting boards with low utilization for repacking...
iter2		 Improve solution by repack 0.6271015855952701->0.5394074173609245 , unplacedBoxesSize:2
currentRepackCostTime:0.019s , currentRepackMaxTime:25.704s
Selecting boards with low utilization for repacking...
iter4		 Improve solution by repack 0.6271015855952701->0.5394074173609245 , unplacedBoxesSize:2
currentRepackCostTime:0.034s , currentRepackMaxTime:25.704s
Selecting boards with low utilization for repacking...
iter1		 Improve solution by repack 0.6271015855952701->0.5394074173609245 , unplacedBoxesSize:2
currentRepackCostTime:0.039s , currentRepackMaxTime:25.704s
Selecting boards with low utilization for repacking...
iter1		 Improve solution by repack 0.6785998387530234->0.5394074173609245 , unplacedBoxesSize:2
currentRepackCostTime:0.044s , currentRepackMaxTime:25.704s
Selecting boards with low utilization for repacking...
Completed repack sweep without reducing board count. No-reduction sweeps: 1/3
Selecting boards with low utilization for repacking...
Selecting boards with low utilization for repacking...
iter1		 Improve solution by repack 0.6271015855952701->0.5394074173609245 , unplacedBoxesSize:2
currentRepackCostTime:0.053s , currentRepackMaxTime:25.704s
Selecting boards with low utilization for repacking...
iter3		 Improve solution by repack 0.6271015855952701->0.5394074173609245 , unplacedBoxesSize:2
currentRepackCostTime:0.058s , currentRepackMaxTime:25.704s
Selecting boards with low utilization for repacking...
iter1		 Improve solution by repack 0.6271015855952701->0.5394074173609245 , unplacedBoxesSize:2
currentRepackCostTime:0.063s , currentRepackMaxTime:25.704s
Selecting boards with low utilization for repacking...
iter1		 Improve solution by repack 0.6271015855952701->0.5394074173609245 , unplacedBoxesSize:2
currentRepackCostTime:0.068s , currentRepackMaxTime:25.704s
Selecting boards with low utilization for repacking...
Completed repack sweep without reducing board count. No-reduction sweeps: 2/3
Selecting boards with low utilization for repacking...
Selecting boards with low utilization for repacking...
iter1		 Improve solution by repack 0.6271015855952701->0.5394074173609245 , unplacedBoxesSize:2
currentRepackCostTime:0.078s , currentRepackMaxTime:25.704s
Selecting boards with low utilization for repacking...
iter1		 Improve solution by repack 0.6271015855952701->0.5394074173609245 , unplacedBoxesSize:2
currentRepackCostTime:0.081s , currentRepackMaxTime:25.704s
Selecting boards with low utilization for repacking...
iter1		 Improve solution by repack 0.6271015855952701->0.5394074173609245 , unplacedBoxesSize:2
currentRepackCostTime:0.085s , currentRepackMaxTime:25.704s
Selecting boards with low utilization for repacking...
iter1		 Improve solution by repack 0.6785998387530234->0.6271015855952701 , unplacedBoxesSize:2
currentRepackCostTime:0.088s , currentRepackMaxTime:25.704s
iter2		 Improve solution by repack 0.6271015855952701->0.5394074173609245 , unplacedBoxesSize:2
currentRepackCostTime:0.088s , currentRepackMaxTime:25.704s
Selecting boards with low utilization for repacking...
Completed repack sweep without reducing board count. No-reduction sweeps: 3/3
Global repack result: 5 -> 5 boards.
Start nesting on the 1th large board, remaining blocks count: 83
Utilization of the 1th large board: 94.7826525127654, Time taken for this board: 0.268s
-------------------------------------------------------------------
Start nesting on the 2th large board, remaining blocks count: 83
Utilization of the 2th large board: 94.7826525127654, Time taken for this board: 0.417s
-------------------------------------------------------------------
Start nesting on the 3th large board, remaining blocks count: 82
Utilization of the 3th large board: 94.09691615157215, Time taken for this board: 0.582s
-------------------------------------------------------------------
Start nesting on the 4th large board, remaining blocks count: 82
Utilization of the 4th large board: 94.09691615157215, Time taken for this board: 0.75s
-------------------------------------------------------------------
Start nesting on the 5th large board, remaining blocks count: 79
Utilization of the 5th large board: 93.37338753023381, Time taken for this board: 0.975s
-------------------------------------------------------------------
Start nesting on the 6th large board, remaining blocks count: 79
Utilization of the 6th large board: 93.37338753023381, Time taken for this board: 1.189s
-------------------------------------------------------------------
Start nesting on the 7th large board, remaining blocks count: 79
Utilization of the 7th large board: 93.37338753023381, Time taken for this board: 1.401s
-------------------------------------------------------------------
Start nesting on the 8th large board, remaining blocks count: 77
Utilization of the 8th large board: 92.3783593120129, Time taken for this board: 1.595s
-------------------------------------------------------------------
Start nesting on the 9th large board, remaining blocks count: 77
Utilization of the 9th large board: 92.3783593120129, Time taken for this board: 1.838s
-------------------------------------------------------------------
Start nesting on the 10th large board, remaining blocks count: 77
Utilization of the 10th large board: 92.3783593120129, Time taken for this board: 2.024s
-------------------------------------------------------------------
Start nesting on the 11th large board, remaining blocks count: 77
Utilization of the 11th large board: 92.3783593120129, Time taken for this board: 2.211s
-------------------------------------------------------------------
Start nesting on the 12th large board, remaining blocks count: 77
Utilization of the 12th large board: 92.3783593120129, Time taken for this board: 2.398s
-------------------------------------------------------------------
Start nesting on the 13th large board, remaining blocks count: 76
Utilization of the 13th large board: 95.32042797635044, Time taken for this board: 2.637s
-------------------------------------------------------------------
Start nesting on the 14th large board, remaining blocks count: 74
Utilization of the 14th large board: 95.29736629938189, Time taken for this board: 2.907s
-------------------------------------------------------------------
Start nesting on the 15th large board, remaining blocks count: 73
Utilization of the 15th large board: 84.02939398011287, Time taken for this board: 3.133s
-------------------------------------------------------------------
Start nesting on the 16th large board, remaining blocks count: 73
Utilization of the 16th large board: 84.02939398011287, Time taken for this board: 3.39s
-------------------------------------------------------------------
Start nesting on the 17th large board, remaining blocks count: 72
Utilization of the 17th large board: 95.09043267938726, Time taken for this board: 3.634s
-------------------------------------------------------------------
Start nesting on the 18th large board, remaining blocks count: 72
Utilization of the 18th large board: 95.09043267938726, Time taken for this board: 3.879s
-------------------------------------------------------------------
Start nesting on the 19th large board, remaining blocks count: 71
Utilization of the 19th large board: 95.24492743886053, Time taken for this board: 4.121s
-------------------------------------------------------------------
Start nesting on the 20th large board, remaining blocks count: 71
Utilization of the 20th large board: 95.24492743886053, Time taken for this board: 4.365s
-------------------------------------------------------------------
Start nesting on the 21th large board, remaining blocks count: 68
Utilization of the 21th large board: 95.51384036549315, Time taken for this board: 4.583s
-------------------------------------------------------------------
Start nesting on the 22th large board, remaining blocks count: 68
Utilization of the 22th large board: 95.51384036549315, Time taken for this board: 4.793s
-------------------------------------------------------------------
Start nesting on the 23th large board, remaining blocks count: 67
Utilization of the 23th large board: 95.10476014512228, Time taken for this board: 5.04s
-------------------------------------------------------------------
Start nesting on the 24th large board, remaining blocks count: 67
Utilization of the 24th large board: 95.10476014512228, Time taken for this board: 5.288s
-------------------------------------------------------------------
Start nesting on the 25th large board, remaining blocks count: 67
Utilization of the 25th large board: 94.5392199677506, Time taken for this board: 5.535s
-------------------------------------------------------------------
Start nesting on the 26th large board, remaining blocks count: 63
Utilization of the 26th large board: 94.50225073904863, Time taken for this board: 5.644s
-------------------------------------------------------------------
Start nesting on the 27th large board, remaining blocks count: 63
Utilization of the 27th large board: 94.50225073904863, Time taken for this board: 5.79s
-------------------------------------------------------------------
Start nesting on the 28th large board, remaining blocks count: 63
Utilization of the 28th large board: 93.7691144853534, Time taken for this board: 5.897s
-------------------------------------------------------------------
Start nesting on the 29th large board, remaining blocks count: 58
Utilization of the 29th large board: 95.38863880677236, Time taken for this board: 5.993s
-------------------------------------------------------------------
Start nesting on the 30th large board, remaining blocks count: 57
Utilization of the 30th large board: 97.7575248589089, Time taken for this board: 6.086s
-------------------------------------------------------------------
Start nesting on the 31th large board, remaining blocks count: 56
Utilization of the 31th large board: 99.00463585057781, Time taken for this board: 6.221s
-------------------------------------------------------------------
Start nesting on the 32th large board, remaining blocks count: 55
Utilization of the 32th large board: 97.66450550927169, Time taken for this board: 6.359s
-------------------------------------------------------------------
Start nesting on the 33th large board, remaining blocks count: 55
Utilization of the 33th large board: 97.33583042192959, Time taken for this board: 6.476s
-------------------------------------------------------------------
Start nesting on the 34th large board, remaining blocks count: 52
Utilization of the 34th large board: 93.65152176834185, Time taken for this board: 6.601s
-------------------------------------------------------------------
Start nesting on the 35th large board, remaining blocks count: 52
Utilization of the 35th large board: 93.65152176834185, Time taken for this board: 6.726s
-------------------------------------------------------------------
Start nesting on the 36th large board, remaining blocks count: 52
Utilization of the 36th large board: 93.65152176834185, Time taken for this board: 6.8500000000000005s
-------------------------------------------------------------------
Start nesting on the 37th large board, remaining blocks count: 50
Utilization of the 37th large board: 91.28575987637731, Time taken for this board: 6.9670000000000005s
-------------------------------------------------------------------
Start nesting on the 38th large board, remaining blocks count: 46
Utilization of the 38th large board: 92.70347352862133, Time taken for this board: 7.055s
-------------------------------------------------------------------
Start nesting on the 39th large board, remaining blocks count: 42
Utilization of the 39th large board: 92.752082773448, Time taken for this board: 7.132000000000001s
-------------------------------------------------------------------
Start nesting on the 40th large board, remaining blocks count: 42
Utilization of the 40th large board: 91.73693227626983, Time taken for this board: 7.208s
-------------------------------------------------------------------
Start nesting on the 41th large board, remaining blocks count: 38
Utilization of the 41th large board: 90.34090298306907, Time taken for this board: 7.268s
-------------------------------------------------------------------
Start nesting on the 42th large board, remaining blocks count: 38
Utilization of the 42th large board: 88.28130878796023, Time taken for this board: 7.314s
-------------------------------------------------------------------
Start nesting on the 43th large board, remaining blocks count: 34
Utilization of the 43th large board: 83.90016124697662, Time taken for this board: 7.337s
-------------------------------------------------------------------
Start nesting on the 44th large board, remaining blocks count: 34
Utilization of the 44th large board: 83.16702499328137, Time taken for this board: 7.361s
-------------------------------------------------------------------
Start nesting on the 45th large board, remaining blocks count: 30
Utilization of the 45th large board: 82.62469766191884, Time taken for this board: 7.37s
-------------------------------------------------------------------
Start nesting on the 46th large board, remaining blocks count: 30
Utilization of the 46th large board: 82.62469766191884, Time taken for this board: 7.38s
-------------------------------------------------------------------
Start nesting on the 47th large board, remaining blocks count: 28
Utilization of the 47th large board: 82.1729709755442, Time taken for this board: 7.389s
-------------------------------------------------------------------
Start nesting on the 48th large board, remaining blocks count: 28
Utilization of the 48th large board: 82.1729709755442, Time taken for this board: 7.398000000000001s
-------------------------------------------------------------------
Start nesting on the 49th large board, remaining blocks count: 26
Utilization of the 49th large board: 81.9821620532115, Time taken for this board: 7.407s
-------------------------------------------------------------------
Start nesting on the 50th large board, remaining blocks count: 26
Utilization of the 50th large board: 81.9821620532115, Time taken for this board: 7.416s
-------------------------------------------------------------------
Start nesting on the 51th large board, remaining blocks count: 26
Utilization of the 51th large board: 81.9821620532115, Time taken for this board: 7.424s
-------------------------------------------------------------------
Start nesting on the 52th large board, remaining blocks count: 26
Utilization of the 52th large board: 81.97114350980918, Time taken for this board: 7.432s
-------------------------------------------------------------------
Start nesting on the 53th large board, remaining blocks count: 22
Utilization of the 53th large board: 81.1632289707068, Time taken for this board: 7.437s
-------------------------------------------------------------------
Start nesting on the 54th large board, remaining blocks count: 20
Utilization of the 54th large board: 81.0255979575383, Time taken for this board: 7.442s
-------------------------------------------------------------------
Start nesting on the 55th large board, remaining blocks count: 18
Utilization of the 55th large board: 80.33116097823167, Time taken for this board: 7.446s
-------------------------------------------------------------------
Start nesting on the 56th large board, remaining blocks count: 15
Utilization of the 56th large board: 94.62589021768342, Time taken for this board: 7.449s
-------------------------------------------------------------------
Start nesting on the 57th large board, remaining blocks count: 14
Utilization of the 57th large board: 96.73594127922601, Time taken for this board: 7.4510000000000005s
-------------------------------------------------------------------
Start nesting on the 58th large board, remaining blocks count: 12
Utilization of the 58th large board: 96.61636656812684, Time taken for this board: 7.453s
-------------------------------------------------------------------
Start nesting on the 59th large board, remaining blocks count: 12
Utilization of the 59th large board: 96.61636656812684, Time taken for this board: 7.455s
-------------------------------------------------------------------
Start nesting on the 60th large board, remaining blocks count: 12
Utilization of the 60th large board: 96.61636656812684, Time taken for this board: 7.457s
-------------------------------------------------------------------
Start nesting on the 61th large board, remaining blocks count: 10
Utilization of the 61th large board: 95.41201961838215, Time taken for this board: 7.4590000000000005s
-------------------------------------------------------------------
Start nesting on the 62th large board, remaining blocks count: 10
Utilization of the 62th large board: 95.41201961838215, Time taken for this board: 7.461s
-------------------------------------------------------------------
Start nesting on the 63th large board, remaining blocks count: 10
Utilization of the 63th large board: 93.26827465735018, Time taken for this board: 7.463s
-------------------------------------------------------------------
Start nesting on the 64th large board, remaining blocks count: 10
Utilization of the 64th large board: 93.26827465735018, Time taken for this board: 7.464s
-------------------------------------------------------------------
Start nesting on the 65th large board, remaining blocks count: 10
Utilization of the 65th large board: 90.94037221177103, Time taken for this board: 7.466s
-------------------------------------------------------------------
Start nesting on the 66th large board, remaining blocks count: 8
Utilization of the 66th large board: 87.95915076592313, Time taken for this board: 7.4670000000000005s
-------------------------------------------------------------------
Start nesting on the 67th large board, remaining blocks count: 6
Utilization of the 67th large board: 83.52516124697662, Time taken for this board: 7.4670000000000005s
-------------------------------------------------------------------
Start nesting on the 68th large board, remaining blocks count: 6
Utilization of the 68th large board: 83.52516124697662, Time taken for this board: 7.468s
-------------------------------------------------------------------
Start nesting on the 69th large board, remaining blocks count: 6
Utilization of the 69th large board: 83.03413061005106, Time taken for this board: 7.469s
-------------------------------------------------------------------
Start nesting on the 70th large board, remaining blocks count: 6
Utilization of the 70th large board: 82.54309997312549, Time taken for this board: 7.469s
-------------------------------------------------------------------
Start nesting on the 71th large board, remaining blocks count: 6
Utilization of the 71th large board: 83.52516124697662, Time taken for this board: 7.47s
-------------------------------------------------------------------
Start nesting on the 72th large board, remaining blocks count: 6
Utilization of the 72th large board: 83.03413061005106, Time taken for this board: 7.471s
-------------------------------------------------------------------
Start nesting on the 73th large board, remaining blocks count: 6
Utilization of the 73th large board: 82.54309997312549, Time taken for this board: 7.472s
-------------------------------------------------------------------
Start nesting on the 74th large board, remaining blocks count: 6
Utilization of the 74th large board: 83.52516124697662, Time taken for this board: 7.472s
-------------------------------------------------------------------
Start nesting on the 75th large board, remaining blocks count: 6
Utilization of the 75th large board: 83.03413061005106, Time taken for this board: 7.473s
-------------------------------------------------------------------
Start nesting on the 76th large board, remaining blocks count: 4
Utilization of the 76th large board: 41.652915882827195, Time taken for this board: 7.473s
-------------------------------------------------------------------
Start global repack optimization for 76 boards, time=592.273s.
Start improving solution by repacking.
Selecting boards with low utilization for repacking...
iter3		 Improve solution by repack 0.416529158828272->0.40838618650900294 , unplacedBoxesSize:2
currentRepackCostTime:0.014s , currentRepackMaxTime:592.273s
iter6		 Improve solution by repack 0.40838618650900294->0.3833551128728836 , unplacedBoxesSize:2
currentRepackCostTime:0.034s , currentRepackMaxTime:592.273s
iter7		 Improve solution by repack 0.3833551128728836->0.3392999193765117 , unplacedBoxesSize:1
currentRepackCostTime:0.038s , currentRepackMaxTime:592.273s
iter42		 Improve solution by repack 0.3392999193765117->0.31606070276807313 , unplacedBoxesSize:2
currentRepackCostTime:0.153s , currentRepackMaxTime:592.273s
iter47		 Improve solution by repack 0.31606070276807313->0.28939733942488577 , unplacedBoxesSize:2
currentRepackCostTime:0.163s , currentRepackMaxTime:592.273s
iter49		 Improve solution by repack 0.28939733942488577->0.2724620397742542 , unplacedBoxesSize:2
currentRepackCostTime:0.171s , currentRepackMaxTime:592.273s
iter51		 Improve solution by repack 0.2724620397742542->0.2722584654662725 , unplacedBoxesSize:2
currentRepackCostTime:0.176s , currentRepackMaxTime:592.273s
iter60		 Improve solution by repack 0.2722584654662725->0.23907585326525127 , unplacedBoxesSize:1
currentRepackCostTime:0.212s , currentRepackMaxTime:592.273s
iter90		 Improve solution by repack 0.23907585326525127->0.2316285944638538 , unplacedBoxesSize:2
currentRepackCostTime:0.28700000000000003s , currentRepackMaxTime:592.273s
iter94		 Improve solution by repack 0.2316285944638538->0.228305730986294 , unplacedBoxesSize:3
currentRepackCostTime:0.306s , currentRepackMaxTime:592.273s
iter99		 Improve solution by repack 0.228305730986294->0.1660521365224402 , unplacedBoxesSize:1
currentRepackCostTime:0.323s , currentRepackMaxTime:592.273s
iter104		 Improve solution by repack 0.1660521365224402->0.14030099435635582 , unplacedBoxesSize:1
currentRepackCostTime:0.352s , currentRepackMaxTime:592.273s
iter109		 Improve solution by repack 0.14030099435635582->0.1327304488040849 , unplacedBoxesSize:4
currentRepackCostTime:0.374s , currentRepackMaxTime:592.273s
iter110		 Improve solution by repack 0.1327304488040849->0.09954783660306368 , unplacedBoxesSize:3
currentRepackCostTime:0.384s , currentRepackMaxTime:592.273s
iter115		 Improve solution by repack 0.09954783660306368->0.06636522440204246 , unplacedBoxesSize:2
currentRepackCostTime:0.417s , currentRepackMaxTime:592.273s
iter117		 Improve solution by repack 0.06636522440204246->0.03318261220102123 , unplacedBoxesSize:1
currentRepackCostTime:0.429s , currentRepackMaxTime:592.273s
iter118		 Improve solution by repack 0.03318261220102123->0.0 , unplacedBoxesSize:0
currentRepackCostTime:0.434s , currentRepackMaxTime:592.273s
Improved success. Continue searching for another removable board.
Selecting boards with low utilization for repacking...
iter1		 Improve solution by repack 0.811632289707068->0.7913519551195914 , unplacedBoxesSize:6
currentRepackCostTime:0.441s , currentRepackMaxTime:592.273s
iter6		 Improve solution by repack 0.7913519551195914->0.7756172735823703 , unplacedBoxesSize:6
currentRepackCostTime:0.47900000000000004s , currentRepackMaxTime:592.273s
iter9		 Improve solution by repack 0.7756172735823703->0.732138538027412 , unplacedBoxesSize:5
currentRepackCostTime:0.488s , currentRepackMaxTime:592.273s
iter15		 Improve solution by repack 0.732138538027412->0.7172275597957538 , unplacedBoxesSize:3
currentRepackCostTime:0.514s , currentRepackMaxTime:592.273s
iter25		 Improve solution by repack 0.7172275597957538->0.7023330421929589 , unplacedBoxesSize:5
currentRepackCostTime:0.544s , currentRepackMaxTime:592.273s
iter41		 Improve solution by repack 0.7023330421929589->0.699796089760817 , unplacedBoxesSize:6
currentRepackCostTime:0.602s , currentRepackMaxTime:592.273s
iter43		 Improve solution by repack 0.699796089760817->0.6948857833915614 , unplacedBoxesSize:6
currentRepackCostTime:0.607s , currentRepackMaxTime:592.273s
iter46		 Improve solution by repack 0.6948857833915614->0.6878826256382693 , unplacedBoxesSize:6
currentRepackCostTime:0.627s , currentRepackMaxTime:592.273s
iter48		 Improve solution by repack 0.6878826256382693->0.6165446116635313 , unplacedBoxesSize:4
currentRepackCostTime:0.636s , currentRepackMaxTime:592.273s
iter49		 Improve solution by repack 0.6165446116635313->0.6141205321150228 , unplacedBoxesSize:5
currentRepackCostTime:0.643s , currentRepackMaxTime:592.273s
iter52		 Improve solution by repack 0.6141205321150228->0.5797902109647944 , unplacedBoxesSize:3
currentRepackCostTime:0.659s , currentRepackMaxTime:592.273s
iter58		 Improve solution by repack 0.5797902109647944->0.5391406879871002 , unplacedBoxesSize:4
currentRepackCostTime:0.675s , currentRepackMaxTime:592.273s
iter59		 Improve solution by repack 0.5391406879871002->0.5186401504971782 , unplacedBoxesSize:3
currentRepackCostTime:0.676s , currentRepackMaxTime:592.273s
iter60		 Improve solution by repack 0.5186401504971782->0.511541924213921 , unplacedBoxesSize:4
currentRepackCostTime:0.683s , currentRepackMaxTime:592.273s
iter63		 Improve solution by repack 0.511541924213921->0.47815170653050254 , unplacedBoxesSize:2
currentRepackCostTime:0.6950000000000001s , currentRepackMaxTime:592.273s
iter112		 Improve solution by repack 0.47815170653050254->0.4367853063692556 , unplacedBoxesSize:3
currentRepackCostTime:0.907s , currentRepackMaxTime:592.273s
iter115		 Improve solution by repack 0.4367853063692556->0.4289969094329481 , unplacedBoxesSize:3
currentRepackCostTime:0.925s , currentRepackMaxTime:592.273s
iter117		 Improve solution by repack 0.4289969094329481->0.4037421056167697 , unplacedBoxesSize:3
currentRepackCostTime:0.933s , currentRepackMaxTime:592.273s
iter120		 Improve solution by repack 0.4037421056167697->0.39689633163128196 , unplacedBoxesSize:3
currentRepackCostTime:0.9510000000000001s , currentRepackMaxTime:592.273s
iter121		 Improve solution by repack 0.39689633163128196->0.35980045686643375 , unplacedBoxesSize:2
currentRepackCostTime:0.9520000000000001s , currentRepackMaxTime:592.273s
iter126		 Improve solution by repack 0.35980045686643375->0.35489015049717815 , unplacedBoxesSize:2
currentRepackCostTime:0.978s , currentRepackMaxTime:592.273s
iter131		 Improve solution by repack 0.35489015049717815->0.34944688927707607 , unplacedBoxesSize:3
currentRepackCostTime:1.0030000000000001s , currentRepackMaxTime:592.273s
iter135		 Improve solution by repack 0.34944688927707607->0.3433912254770223 , unplacedBoxesSize:4
currentRepackCostTime:1.022s , currentRepackMaxTime:592.273s
iter136		 Improve solution by repack 0.3433912254770223->0.30573535339962377 , unplacedBoxesSize:3
currentRepackCostTime:1.029s , currentRepackMaxTime:592.273s
iter141		 Improve solution by repack 0.30573535339962377->0.29072493953238376 , unplacedBoxesSize:3
currentRepackCostTime:1.049s , currentRepackMaxTime:592.273s
iter142		 Improve solution by repack 0.29072493953238376->0.23907585326525127 , unplacedBoxesSize:1
currentRepackCostTime:1.053s , currentRepackMaxTime:592.273s
iter144		 Improve solution by repack 0.23907585326525127->0.23653890083310938 , unplacedBoxesSize:2
currentRepackCostTime:1.057s , currentRepackMaxTime:592.273s
iter154		 Improve solution by repack 0.23653890083310938->0.22538564901908087 , unplacedBoxesSize:3
currentRepackCostTime:1.118s , currentRepackMaxTime:592.273s
iter156		 Improve solution by repack 0.22538564901908087->0.2245333915614082 , unplacedBoxesSize:2
currentRepackCostTime:1.1280000000000001s , currentRepackMaxTime:592.273s
iter159		 Improve solution by repack 0.2245333915614082->0.21897305831765657 , unplacedBoxesSize:2
currentRepackCostTime:1.141s , currentRepackMaxTime:592.273s
iter160		 Improve solution by repack 0.21897305831765657->0.20817992475141092 , unplacedBoxesSize:2
currentRepackCostTime:1.143s , currentRepackMaxTime:592.273s
iter162		 Improve solution by repack 0.20817992475141092->0.15618919645256651 , unplacedBoxesSize:2
currentRepackCostTime:1.1520000000000001s , currentRepackMaxTime:592.273s
iter163		 Improve solution by repack 0.15618919645256651->0.15544712442891698 , unplacedBoxesSize:1
currentRepackCostTime:1.157s , currentRepackMaxTime:592.273s
iter169		 Improve solution by repack 0.15544712442891698->0.15127889008331094 , unplacedBoxesSize:2
currentRepackCostTime:1.181s , currentRepackMaxTime:592.273s
iter170		 Improve solution by repack 0.15127889008331094->0.1332880945982263 , unplacedBoxesSize:3
currentRepackCostTime:1.191s , currentRepackMaxTime:592.273s
iter172		 Improve solution by repack 0.1332880945982263->0.12072460360118248 , unplacedBoxesSize:1
currentRepackCostTime:1.202s , currentRepackMaxTime:592.273s
iter178		 Improve solution by repack 0.12072460360118248->0.1158142972319269 , unplacedBoxesSize:1
currentRepackCostTime:1.23s , currentRepackMaxTime:592.273s
iter207		 Improve solution by repack 0.1158142972319269->0.10066279226014511 , unplacedBoxesSize:3
currentRepackCostTime:1.372s , currentRepackMaxTime:592.273s
iter212		 Improve solution by repack 0.10066279226014511->0.09954783660306368 , unplacedBoxesSize:3
currentRepackCostTime:1.401s , currentRepackMaxTime:592.273s
iter215		 Improve solution by repack 0.09954783660306368->0.07092918570276807 , unplacedBoxesSize:2
currentRepackCostTime:1.429s , currentRepackMaxTime:592.273s
iter216		 Improve solution by repack 0.07092918570276807->0.0 , unplacedBoxesSize:0
currentRepackCostTime:1.437s , currentRepackMaxTime:592.273s
Improved success. Continue searching for another removable board.
Selecting boards with low utilization for repacking...
iter3		 Improve solution by repack 0.8352516124697661->0.8305049045955388 , unplacedBoxesSize:5
currentRepackCostTime:1.453s , currentRepackMaxTime:592.273s
iter6		 Improve solution by repack 0.8305049045955388->0.8185877452297771 , unplacedBoxesSize:5
currentRepackCostTime:1.461s , currentRepackMaxTime:592.273s
iter10		 Improve solution by repack 0.8185877452297771->0.8046828809459823 , unplacedBoxesSize:4
currentRepackCostTime:1.485s , currentRepackMaxTime:592.273s
iter14		 Improve solution by repack 0.8046828809459823->0.8021459285138404 , unplacedBoxesSize:5
currentRepackCostTime:1.498s , currentRepackMaxTime:592.273s
iter16		 Improve solution by repack 0.8021459285138404->0.7864240123622682 , unplacedBoxesSize:4
currentRepackCostTime:1.5130000000000001s , currentRepackMaxTime:592.273s
iter21		 Improve solution by repack 0.7864240123622682->0.7612827532921257 , unplacedBoxesSize:4
currentRepackCostTime:1.54s , currentRepackMaxTime:592.273s
iter26		 Improve solution by repack 0.7612827532921257->0.7504101719967751 , unplacedBoxesSize:4
currentRepackCostTime:1.564s , currentRepackMaxTime:592.273s
iter30		 Improve solution by repack 0.7504101719967751->0.7172275597957538 , unplacedBoxesSize:3
currentRepackCostTime:1.577s , currentRepackMaxTime:592.273s
iter53		 Improve solution by repack 0.7172275597957538->0.714690607363612 , unplacedBoxesSize:4
currentRepackCostTime:1.6560000000000001s , currentRepackMaxTime:592.273s
iter72		 Improve solution by repack 0.714690607363612->0.6887543671056168 , unplacedBoxesSize:6
currentRepackCostTime:1.727s , currentRepackMaxTime:592.273s
iter74		 Improve solution by repack 0.6887543671056168->0.6842162725073904 , unplacedBoxesSize:5
currentRepackCostTime:1.738s , currentRepackMaxTime:592.273s
iter77		 Improve solution by repack 0.6842162725073904->0.6745206261757591 , unplacedBoxesSize:7
currentRepackCostTime:1.7510000000000001s , currentRepackMaxTime:592.273s
iter82		 Improve solution by repack 0.6745206261757591->0.6605348024724537 , unplacedBoxesSize:5
currentRepackCostTime:1.7810000000000001s , currentRepackMaxTime:592.273s
iter85		 Improve solution by repack 0.6605348024724537->0.642931503628057 , unplacedBoxesSize:4
currentRepackCostTime:1.795s , currentRepackMaxTime:592.273s
iter89		 Improve solution by repack 0.642931503628057->0.5988763101316851 , unplacedBoxesSize:3
currentRepackCostTime:1.813s , currentRepackMaxTime:592.273s
iter124		 Improve solution by repack 0.5988763101316851->0.574565640956732 , unplacedBoxesSize:4
currentRepackCostTime:1.948s , currentRepackMaxTime:592.273s
iter134		 Improve solution by repack 0.574565640956732->0.5743620666487503 , unplacedBoxesSize:4
currentRepackCostTime:1.99s , currentRepackMaxTime:592.273s
iter150		 Improve solution by repack 0.5743620666487503->0.5411794544477291 , unplacedBoxesSize:3
currentRepackCostTime:2.057s , currentRepackMaxTime:592.273s
iter156		 Improve solution by repack 0.5411794544477291->0.5291941010481054 , unplacedBoxesSize:3
currentRepackCostTime:2.073s , currentRepackMaxTime:592.273s
iter163		 Improve solution by repack 0.5291941010481054->0.5040906342381081 , unplacedBoxesSize:4
currentRepackCostTime:2.124s , currentRepackMaxTime:592.273s
iter181		 Improve solution by repack 0.5040906342381081->0.49699543133566243 , unplacedBoxesSize:4
currentRepackCostTime:2.191s , currentRepackMaxTime:592.273s
iter182		 Improve solution by repack 0.49699543133566243->0.47815170653050254 , unplacedBoxesSize:2
currentRepackCostTime:2.196s , currentRepackMaxTime:592.273s
iter211		 Improve solution by repack 0.47815170653050254->0.470704447729105 , unplacedBoxesSize:3
currentRepackCostTime:2.298s , currentRepackMaxTime:592.273s
iter288		 Improve solution by repack 0.470704447729105->0.45875537489922064 , unplacedBoxesSize:4
currentRepackCostTime:2.63s , currentRepackMaxTime:592.273s
iter290		 Improve solution by repack 0.45875537489922064->0.4440642636388068 , unplacedBoxesSize:5
currentRepackCostTime:2.64s , currentRepackMaxTime:592.273s
iter291		 Improve solution by repack 0.4440642636388068->0.41337980381617845 , unplacedBoxesSize:2
currentRepackCostTime:2.6470000000000002s , currentRepackMaxTime:592.273s
iter296		 Improve solution by repack 0.41337980381617845->0.3945229776941682 , unplacedBoxesSize:2
currentRepackCostTime:2.661s , currentRepackMaxTime:592.273s
iter297		 Improve solution by repack 0.3945229776941682->0.3910358438591776 , unplacedBoxesSize:3
currentRepackCostTime:2.662s , currentRepackMaxTime:592.273s
iter304		 Improve solution by repack 0.3910358438591776->0.3903547433485622 , unplacedBoxesSize:3
currentRepackCostTime:2.695s , currentRepackMaxTime:592.273s
iter309		 Improve solution by repack 0.3903547433485622->0.3891877183552809 , unplacedBoxesSize:3
currentRepackCostTime:2.708s , currentRepackMaxTime:592.273s
iter315		 Improve solution by repack 0.3891877183552809->0.3882763370061811 , unplacedBoxesSize:3
currentRepackCostTime:2.745s , currentRepackMaxTime:592.273s
iter316		 Improve solution by repack 0.3882763370061811->0.38389411448535343 , unplacedBoxesSize:2
currentRepackCostTime:2.751s , currentRepackMaxTime:592.273s
iter329		 Improve solution by repack 0.38389411448535343->0.3392999193765117 , unplacedBoxesSize:1
currentRepackCostTime:2.8080000000000003s , currentRepackMaxTime:592.273s
iter376		 Improve solution by repack 0.3392999193765117->0.31355079279763504 , unplacedBoxesSize:1
currentRepackCostTime:2.963s , currentRepackMaxTime:592.273s
iter377		 Improve solution by repack 0.31355079279763504->0.3021036011824778 , unplacedBoxesSize:2
currentRepackCostTime:2.967s , currentRepackMaxTime:592.273s
iter428		 Improve solution by repack 0.3021036011824778->0.27337342112335394 , unplacedBoxesSize:2
currentRepackCostTime:3.166s , currentRepackMaxTime:592.273s
iter431		 Improve solution by repack 0.27337342112335394->0.2722584654662725 , unplacedBoxesSize:2
currentRepackCostTime:3.1790000000000003s , currentRepackMaxTime:592.273s
iter595		 Improve solution by repack 0.2722584654662725->0.2660743079817254 , unplacedBoxesSize:2
currentRepackCostTime:3.8320000000000003s , currentRepackMaxTime:592.273s
iter596		 Improve solution by repack 0.2660743079817254->0.23907585326525127 , unplacedBoxesSize:1
currentRepackCostTime:3.833s , currentRepackMaxTime:592.273s
iter689		 Improve solution by repack 0.23907585326525127->0.2316285944638538 , unplacedBoxesSize:2
currentRepackCostTime:4.183s , currentRepackMaxTime:592.273s
iter769		 Improve solution by repack 0.2316285944638538->0.2229615694705724 , unplacedBoxesSize:4
currentRepackCostTime:4.555s , currentRepackMaxTime:592.273s
iter770		 Improve solution by repack 0.2229615694705724->0.22088316312819137 , unplacedBoxesSize:4
currentRepackCostTime:4.562s , currentRepackMaxTime:592.273s
iter771		 Improve solution by repack 0.22088316312819137->0.22067958882020963 , unplacedBoxesSize:4
currentRepackCostTime:4.5680000000000005s , currentRepackMaxTime:592.273s
iter780		 Improve solution by repack 0.22067958882020963->0.2078812819134641 , unplacedBoxesSize:2
currentRepackCostTime:4.612s , currentRepackMaxTime:592.273s
iter838		 Improve solution by repack 0.2078812819134641->0.2077946116635313 , unplacedBoxesSize:3
currentRepackCostTime:4.82s , currentRepackMaxTime:592.273s
iter845		 Improve solution by repack 0.2077946116635313->0.18942555764579416 , unplacedBoxesSize:3
currentRepackCostTime:4.861s , currentRepackMaxTime:592.273s
iter848		 Improve solution by repack 0.18942555764579416->0.18490056436441815 , unplacedBoxesSize:2
currentRepackCostTime:4.865s , currentRepackMaxTime:592.273s
iter878		 Improve solution by repack 0.18490056436441815->0.1834980515990325 , unplacedBoxesSize:3
currentRepackCostTime:4.996s , currentRepackMaxTime:592.273s
iter882		 Improve solution by repack 0.1834980515990325->0.1832944772910508 , unplacedBoxesSize:3
currentRepackCostTime:5.021s , currentRepackMaxTime:592.273s
iter891		 Improve solution by repack 0.1832944772910508->0.17430395055092715 , unplacedBoxesSize:1
currentRepackCostTime:5.056s , currentRepackMaxTime:592.273s
iter898		 Improve solution by repack 0.17430395055092715->0.15011186509002955 , unplacedBoxesSize:2
currentRepackCostTime:5.0920000000000005s , currentRepackMaxTime:592.273s
iter904		 Improve solution by repack 0.15011186509002955->0.14534970438054287 , unplacedBoxesSize:1
currentRepackCostTime:5.126s , currentRepackMaxTime:592.273s
iter907		 Improve solution by repack 0.14534970438054287->0.12072460360118248 , unplacedBoxesSize:1
currentRepackCostTime:5.133s , currentRepackMaxTime:592.273s
iter911		 Improve solution by repack 0.12072460360118248->0.10163850443429186 , unplacedBoxesSize:1
currentRepackCostTime:5.146s , currentRepackMaxTime:592.273s
iter913		 Improve solution by repack 0.10163850443429186->0.08745532115022844 , unplacedBoxesSize:1
currentRepackCostTime:5.152s , currentRepackMaxTime:592.273s
iter919		 Improve solution by repack 0.08745532115022844->0.0840714861596345 , unplacedBoxesSize:1
currentRepackCostTime:5.17s , currentRepackMaxTime:592.273s
iter958		 Improve solution by repack 0.0840714861596345->0.07835276135447461 , unplacedBoxesSize:2
currentRepackCostTime:5.324s , currentRepackMaxTime:592.273s
iter965		 Improve solution by repack 0.07835276135447461->0.07092918570276807 , unplacedBoxesSize:2
currentRepackCostTime:5.363s , currentRepackMaxTime:592.273s
iter968		 Improve solution by repack 0.07092918570276807->0.06864720505240528 , unplacedBoxesSize:2
currentRepackCostTime:5.3790000000000004s , currentRepackMaxTime:592.273s
iter974		 Improve solution by repack 0.06864720505240528->0.06656879871002418 , unplacedBoxesSize:2
currentRepackCostTime:5.407s , currentRepackMaxTime:592.273s
iter977		 Improve solution by repack 0.06656879871002418->0.06636522440204246 , unplacedBoxesSize:2
currentRepackCostTime:5.4270000000000005s , currentRepackMaxTime:592.273s
iter979		 Improve solution by repack 0.06636522440204246->0.06302774791722655 , unplacedBoxesSize:1
currentRepackCostTime:5.4350000000000005s , currentRepackMaxTime:592.273s
iter1038		 Improve solution by repack 0.06302774791722655->0.03318261220102123 , unplacedBoxesSize:1
currentRepackCostTime:5.683s , currentRepackMaxTime:592.273s
iter1170		 Improve solution by repack 0.03318261220102123->0.0 , unplacedBoxesSize:0
currentRepackCostTime:6.251s , currentRepackMaxTime:592.273s
Improved success. Continue searching for another removable board.
Selecting boards with low utilization for repacking...
iter3		 Improve solution by repack 0.8883536011824779->0.8865106826122011 , unplacedBoxesSize:7
currentRepackCostTime:6.263s , currentRepackMaxTime:592.273s
iter5		 Improve solution by repack 0.8865106826122011->0.8825678581026606 , unplacedBoxesSize:7
currentRepackCostTime:6.272s , currentRepackMaxTime:592.273s
iter6		 Improve solution by repack 0.8825678581026606->0.8801945041655469 , unplacedBoxesSize:6
currentRepackCostTime:6.274s , currentRepackMaxTime:592.273s
iter9		 Improve solution by repack 0.8801945041655469->0.8664280435366837 , unplacedBoxesSize:5
currentRepackCostTime:6.298s , currentRepackMaxTime:592.273s
iter31		 Improve solution by repack 0.8664280435366837->0.8501615829078205 , unplacedBoxesSize:7
currentRepackCostTime:6.414s , currentRepackMaxTime:592.273s
iter53		 Improve solution by repack 0.8501615829078205->0.8499580085998387 , unplacedBoxesSize:7
currentRepackCostTime:6.588s , currentRepackMaxTime:592.273s
iter74		 Improve solution by repack 0.8499580085998387->0.8339142703574308 , unplacedBoxesSize:6
currentRepackCostTime:6.732s , currentRepackMaxTime:592.273s
iter78		 Improve solution by repack 0.8339142703574308->0.8274645592582639 , unplacedBoxesSize:6
currentRepackCostTime:6.761s , currentRepackMaxTime:592.273s
iter82		 Improve solution by repack 0.8274645592582639->0.8153533996237571 , unplacedBoxesSize:7
currentRepackCostTime:6.779s , currentRepackMaxTime:592.273s
iter88		 Improve solution by repack 0.8153533996237571->0.8142384439666757 , unplacedBoxesSize:7
currentRepackCostTime:6.808s , currentRepackMaxTime:592.273s
iter89		 Improve solution by repack 0.8142384439666757->0.8074563289438323 , unplacedBoxesSize:6
currentRepackCostTime:6.815s , currentRepackMaxTime:592.273s
iter101		 Improve solution by repack 0.8074563289438323->0.7777183552808384 , unplacedBoxesSize:5
currentRepackCostTime:6.8790000000000004s , currentRepackMaxTime:592.273s
iter103		 Improve solution by repack 0.7777183552808384->0.7731802606826123 , unplacedBoxesSize:4
currentRepackCostTime:6.884s , currentRepackMaxTime:592.273s
iter107		 Improve solution by repack 0.7731802606826123->0.7605079279763504 , unplacedBoxesSize:4
currentRepackCostTime:6.896s , currentRepackMaxTime:592.273s
iter112		 Improve solution by repack 0.7605079279763504->0.7559469900564365 , unplacedBoxesSize:5
currentRepackCostTime:6.9190000000000005s , currentRepackMaxTime:592.273s
iter115		 Improve solution by repack 0.7559469900564365->0.7401236226820748 , unplacedBoxesSize:5
currentRepackCostTime:6.942s , currentRepackMaxTime:592.273s
iter117		 Improve solution by repack 0.7401236226820748->0.733051599032518 , unplacedBoxesSize:3
currentRepackCostTime:6.947s , currentRepackMaxTime:592.273s
iter162		 Improve solution by repack 0.733051599032518->0.7148496707874228 , unplacedBoxesSize:3
currentRepackCostTime:7.115s , currentRepackMaxTime:592.273s
iter164		 Improve solution by repack 0.7148496707874228->0.7080737704918033 , unplacedBoxesSize:3
currentRepackCostTime:7.121s , currentRepackMaxTime:592.273s
iter175		 Improve solution by repack 0.7080737704918033->0.6952378392905133 , unplacedBoxesSize:5
currentRepackCostTime:7.149s , currentRepackMaxTime:592.273s
iter182		 Improve solution by repack 0.6952378392905133->0.6891793200752485 , unplacedBoxesSize:5
currentRepackCostTime:7.174s , currentRepackMaxTime:592.273s
iter183		 Improve solution by repack 0.6891793200752485->0.6685558317656544 , unplacedBoxesSize:5
currentRepackCostTime:7.1770000000000005s , currentRepackMaxTime:592.273s
iter188		 Improve solution by repack 0.6685558317656544->0.6674066111260414 , unplacedBoxesSize:6
currentRepackCostTime:7.211s , currentRepackMaxTime:592.273s
iter190		 Improve solution by repack 0.6674066111260414->0.6568301531846278 , unplacedBoxesSize:6
currentRepackCostTime:7.2410000000000005s , currentRepackMaxTime:592.273s
iter195		 Improve solution by repack 0.6568301531846278->0.6544567992475141 , unplacedBoxesSize:5
currentRepackCostTime:7.283s , currentRepackMaxTime:592.273s
iter209		 Improve solution by repack 0.6544567992475141->0.6499187046492878 , unplacedBoxesSize:4
currentRepackCostTime:7.362s , currentRepackMaxTime:592.273s
iter254		 Improve solution by repack 0.6499187046492878->0.6433035474334856 , unplacedBoxesSize:6
currentRepackCostTime:7.542s , currentRepackMaxTime:592.273s
iter263		 Improve solution by repack 0.6433035474334856->0.6387654528352593 , unplacedBoxesSize:5
currentRepackCostTime:7.5920000000000005s , currentRepackMaxTime:592.273s
iter267		 Improve solution by repack 0.6387654528352593->0.6374882424079549 , unplacedBoxesSize:5
currentRepackCostTime:7.619s , currentRepackMaxTime:592.273s
iter275		 Improve solution by repack 0.6374882424079549->0.6331184493415749 , unplacedBoxesSize:6
currentRepackCostTime:7.668s , currentRepackMaxTime:592.273s
iter276		 Improve solution by repack 0.6331184493415749->0.6093116769685568 , unplacedBoxesSize:4
currentRepackCostTime:7.671s , currentRepackMaxTime:592.273s
iter281		 Improve solution by repack 0.6093116769685568->0.6032531577532921 , unplacedBoxesSize:4
currentRepackCostTime:7.688s , currentRepackMaxTime:592.273s
iter291		 Improve solution by repack 0.6032531577532921->0.5988763101316851 , unplacedBoxesSize:3
currentRepackCostTime:7.737s , currentRepackMaxTime:592.273s
iter586		 Improve solution by repack 0.5988763101316851->0.5914290513302876 , unplacedBoxesSize:4
currentRepackCostTime:8.888s , currentRepackMaxTime:592.273s
iter603		 Improve solution by repack 0.5914290513302876->0.5844440338618652 , unplacedBoxesSize:4
currentRepackCostTime:8.963000000000001s , currentRepackMaxTime:592.273s
iter605		 Improve solution by repack 0.5844440338618652->0.5497215130341306 , unplacedBoxesSize:4
currentRepackCostTime:8.967s , currentRepackMaxTime:592.273s
iter620		 Improve solution by repack 0.5497215130341306->0.5472379736629938 , unplacedBoxesSize:3
currentRepackCostTime:9.031s , currentRepackMaxTime:592.273s
iter650		 Improve solution by repack 0.5472379736629938->0.5449240795485084 , unplacedBoxesSize:4
currentRepackCostTime:9.200000000000001s , currentRepackMaxTime:592.273s
iter657		 Improve solution by repack 0.5449240795485084->0.544516930932545 , unplacedBoxesSize:4
currentRepackCostTime:9.228s , currentRepackMaxTime:592.273s
iter669		 Improve solution by repack 0.544516930932545->0.5411794544477291 , unplacedBoxesSize:3
currentRepackCostTime:9.3s , currentRepackMaxTime:592.273s
iter730		 Improve solution by repack 0.5411794544477291->0.5402254098360656 , unplacedBoxesSize:3
currentRepackCostTime:9.542s , currentRepackMaxTime:592.273s
iter748		 Improve solution by repack 0.5402254098360656->0.5397907148615964 , unplacedBoxesSize:4
currentRepackCostTime:9.611s , currentRepackMaxTime:592.273s
iter763		 Improve solution by repack 0.5397907148615964->0.5314693630744424 , unplacedBoxesSize:5
currentRepackCostTime:9.696s , currentRepackMaxTime:592.273s
iter765		 Improve solution by repack 0.5314693630744424->0.5124492743886052 , unplacedBoxesSize:3
currentRepackCostTime:9.719s , currentRepackMaxTime:592.273s
iter802		 Improve solution by repack 0.5124492743886052->0.5113343187315238 , unplacedBoxesSize:3
currentRepackCostTime:9.91s , currentRepackMaxTime:592.273s
iter1579		 Improve solution by repack 0.5113343187315238->0.47815170653050254 , unplacedBoxesSize:2
currentRepackCostTime:13.563s , currentRepackMaxTime:592.273s
iter3197		 Improve solution by repack 0.47815170653050254->0.4756147540983607 , unplacedBoxesSize:3
currentRepackCostTime:19.792s , currentRepackMaxTime:592.273s
iter3297		 Improve solution by repack 0.4756147540983607->0.4721442488578339 , unplacedBoxesSize:4
currentRepackCostTime:20.206s , currentRepackMaxTime:592.273s
iter3485		 Improve solution by repack 0.4721442488578339->0.470704447729105 , unplacedBoxesSize:3
currentRepackCostTime:21.092s , currentRepackMaxTime:592.273s
Selecting boards with low utilization for repacking...
iter1		 Improve solution by repack 0.8955169981187854->0.8923992206396131 , unplacedBoxesSize:8
currentRepackCostTime:39.533s , currentRepackMaxTime:592.273s
iter42		 Improve solution by repack 0.8923992206396131->0.8883814834721849 , unplacedBoxesSize:7
currentRepackCostTime:39.771s , currentRepackMaxTime:592.273s
iter59		 Improve solution by repack 0.8883814834721849->0.586518744961032 , unplacedBoxesSize:4
currentRepackCostTime:39.865s , currentRepackMaxTime:592.273s
iter79		 Improve solution by repack 0.586518744961032->0.5607474469228702 , unplacedBoxesSize:4
currentRepackCostTime:39.972s , currentRepackMaxTime:592.273s
iter89		 Improve solution by repack 0.5607474469228702->0.5472379736629938 , unplacedBoxesSize:3
currentRepackCostTime:40.007s , currentRepackMaxTime:592.273s
iter487		 Improve solution by repack 0.5472379736629938->0.5449240795485084 , unplacedBoxesSize:4
currentRepackCostTime:41.676s , currentRepackMaxTime:592.273s
iter490		 Improve solution by repack 0.5449240795485084->0.5447205052405267 , unplacedBoxesSize:4
currentRepackCostTime:41.69s , currentRepackMaxTime:592.273s
iter491		 Improve solution by repack 0.5447205052405267->0.544516930932545 , unplacedBoxesSize:4
currentRepackCostTime:41.692s , currentRepackMaxTime:592.273s
iter533		 Improve solution by repack 0.544516930932545->0.5113343187315238 , unplacedBoxesSize:3
currentRepackCostTime:41.886s , currentRepackMaxTime:592.273s
Selecting boards with low utilization for repacking...
iter6		 Improve solution by repack 0.8995693361999463->0.5113343187315238 , unplacedBoxesSize:3
currentRepackCostTime:62.096000000000004s , currentRepackMaxTime:592.273s
Selecting boards with low utilization for repacking...
iter5		 Improve solution by repack 0.8995693361999463->0.5113343187315238 , unplacedBoxesSize:3
currentRepackCostTime:84.555s , currentRepackMaxTime:592.273s
Selecting boards with low utilization for repacking...
iter8		 Improve solution by repack 0.9025275463585057->0.5377348159097016 , unplacedBoxesSize:3
currentRepackCostTime:106.796s , currentRepackMaxTime:592.273s
iter111		 Improve solution by repack 0.5377348159097016->0.5291941010481054 , unplacedBoxesSize:3
currentRepackCostTime:107.18900000000001s , currentRepackMaxTime:592.273s
iter123		 Improve solution by repack 0.5291941010481054->0.5174701021230852 , unplacedBoxesSize:3
currentRepackCostTime:107.238s , currentRepackMaxTime:592.273s
iter128		 Improve solution by repack 0.5174701021230852->0.5159174281107229 , unplacedBoxesSize:3
currentRepackCostTime:107.264s , currentRepackMaxTime:592.273s
iter134		 Improve solution by repack 0.5159174281107229->0.5113343187315238 , unplacedBoxesSize:3
currentRepackCostTime:107.292s , currentRepackMaxTime:592.273s
iter1757		 Improve solution by repack 0.5113343187315238->0.5104407417360924 , unplacedBoxesSize:5
currentRepackCostTime:114.158s , currentRepackMaxTime:592.273s
iter1760		 Improve solution by repack 0.5104407417360924->0.5087973662993819 , unplacedBoxesSize:4
currentRepackCostTime:114.175s , currentRepackMaxTime:592.273s
iter1818		 Improve solution by repack 0.5087973662993819->0.508047903789304 , unplacedBoxesSize:4
currentRepackCostTime:114.453s , currentRepackMaxTime:592.273s
iter1831		 Improve solution by repack 0.508047903789304->0.5035722923945176 , unplacedBoxesSize:3
currentRepackCostTime:114.507s , currentRepackMaxTime:592.273s
iter1852		 Improve solution by repack 0.5035722923945176->0.5033683821553345 , unplacedBoxesSize:5
currentRepackCostTime:114.58500000000001s , currentRepackMaxTime:592.273s
iter1861		 Improve solution by repack 0.5033683821553345->0.5030697393173877 , unplacedBoxesSize:5
currentRepackCostTime:114.631s , currentRepackMaxTime:592.273s
iter1876		 Improve solution by repack 0.5030697393173877->0.4977593388873959 , unplacedBoxesSize:4
currentRepackCostTime:114.711s , currentRepackMaxTime:592.273s
iter1881		 Improve solution by repack 0.4977593388873959->0.497451289975813 , unplacedBoxesSize:3
currentRepackCostTime:114.73100000000001s , currentRepackMaxTime:592.273s
iter1892		 Improve solution by repack 0.497451289975813->0.4930626847621607 , unplacedBoxesSize:4
currentRepackCostTime:114.778s , currentRepackMaxTime:592.273s
iter1927		 Improve solution by repack 0.4930626847621607->0.47815170653050254 , unplacedBoxesSize:2
currentRepackCostTime:114.94s , currentRepackMaxTime:592.273s
iter2075		 Improve solution by repack 0.47815170653050254->0.4752294410104811 , unplacedBoxesSize:4
currentRepackCostTime:115.486s , currentRepackMaxTime:592.273s
iter2078		 Improve solution by repack 0.4752294410104811->0.4680316111260414 , unplacedBoxesSize:4
currentRepackCostTime:115.501s , currentRepackMaxTime:592.273s
iter2174		 Improve solution by repack 0.4680316111260414->0.4634483337812416 , unplacedBoxesSize:3
currentRepackCostTime:115.932s , currentRepackMaxTime:592.273s
iter2207		 Improve solution by repack 0.4634483337812416->0.4469571351787154 , unplacedBoxesSize:3
currentRepackCostTime:116.105s , currentRepackMaxTime:592.273s
iter2549		 Improve solution by repack 0.4469571351787154->0.4438719430260683 , unplacedBoxesSize:3
currentRepackCostTime:117.565s , currentRepackMaxTime:592.273s
iter2575		 Improve solution by repack 0.4438719430260683->0.4423961972588014 , unplacedBoxesSize:4
currentRepackCostTime:117.656s , currentRepackMaxTime:592.273s
iter2585		 Improve solution by repack 0.4423961972588014->0.44234547164740656 , unplacedBoxesSize:3
currentRepackCostTime:117.69500000000001s , currentRepackMaxTime:592.273s
iter2601		 Improve solution by repack 0.44234547164740656->0.4420468288094598 , unplacedBoxesSize:3
currentRepackCostTime:117.755s , currentRepackMaxTime:592.273s
iter2606		 Improve solution by repack 0.4420468288094598->0.4404965063155066 , unplacedBoxesSize:4
currentRepackCostTime:117.772s , currentRepackMaxTime:592.273s
iter2629		 Improve solution by repack 0.4404965063155066->0.42408660306369256 , unplacedBoxesSize:3
currentRepackCostTime:117.873s , currentRepackMaxTime:592.273s
iter2634		 Improve solution by repack 0.42408660306369256->0.4239764176296694 , unplacedBoxesSize:3
currentRepackCostTime:117.892s , currentRepackMaxTime:592.273s
iter2815		 Improve solution by repack 0.4239764176296694->0.4223703305563021 , unplacedBoxesSize:4
currentRepackCostTime:118.694s , currentRepackMaxTime:592.273s
iter2831		 Improve solution by repack 0.4223703305563021->0.42125537489922066 , unplacedBoxesSize:4
currentRepackCostTime:118.786s , currentRepackMaxTime:592.273s
iter2833		 Improve solution by repack 0.42125537489922066->0.41950080623488306 , unplacedBoxesSize:2
currentRepackCostTime:118.795s , currentRepackMaxTime:592.273s
iter2876		 Improve solution by repack 0.41950080623488306->0.4101219430260683 , unplacedBoxesSize:3
currentRepackCostTime:118.95s , currentRepackMaxTime:592.273s
iter2949		 Improve solution by repack 0.4101219430260683->0.4052116366568127 , unplacedBoxesSize:3
currentRepackCostTime:119.25s , currentRepackMaxTime:592.273s
iter3157		 Improve solution by repack 0.4052116366568127->0.38807276269819946 , unplacedBoxesSize:3
currentRepackCostTime:120.142s , currentRepackMaxTime:592.273s
iter5309		 Improve solution by repack 0.38807276269819946->0.3756423004568664 , unplacedBoxesSize:4
currentRepackCostTime:129.80700000000002s , currentRepackMaxTime:592.273s
iter5315		 Improve solution by repack 0.3756423004568664->0.37473091910776674 , unplacedBoxesSize:4
currentRepackCostTime:129.84s , currentRepackMaxTime:592.273s
iter5328		 Improve solution by repack 0.37473091910776674->0.374527344799785 , unplacedBoxesSize:4
currentRepackCostTime:129.895s , currentRepackMaxTime:592.273s
iter5359		 Improve solution by repack 0.374527344799785->0.3729212577264176 , unplacedBoxesSize:5
currentRepackCostTime:130.056s , currentRepackMaxTime:592.273s
iter5387		 Improve solution by repack 0.3729212577264176->0.3684688255845203 , unplacedBoxesSize:4
currentRepackCostTime:130.225s , currentRepackMaxTime:592.273s
iter5397		 Improve solution by repack 0.3684688255845203->0.3594151437785541 , unplacedBoxesSize:3
currentRepackCostTime:130.281s , currentRepackMaxTime:592.273s
iter5494		 Improve solution by repack 0.3594151437785541->0.356329951625907 , unplacedBoxesSize:3
currentRepackCostTime:130.745s , currentRepackMaxTime:592.273s
iter5510		 Improve solution by repack 0.356329951625907->0.3414549180327869 , unplacedBoxesSize:3
currentRepackCostTime:130.83s , currentRepackMaxTime:592.273s
iter5514		 Improve solution by repack 0.3414549180327869->0.3413447325987638 , unplacedBoxesSize:3
currentRepackCostTime:130.859s , currentRepackMaxTime:592.273s
iter5550		 Improve solution by repack 0.3413447325987638->0.3388272641762967 , unplacedBoxesSize:4
currentRepackCostTime:131.01500000000001s , currentRepackMaxTime:592.273s
iter5551		 Improve solution by repack 0.3388272641762967->0.338623689868315 , unplacedBoxesSize:4
currentRepackCostTime:131.02100000000002s , currentRepackMaxTime:592.273s
iter5681		 Improve solution by repack 0.338623689868315->0.33528621338349907 , unplacedBoxesSize:3
currentRepackCostTime:131.717s , currentRepackMaxTime:592.273s
iter6017		 Improve solution by repack 0.33528621338349907->0.32653117441547974 , unplacedBoxesSize:2
currentRepackCostTime:133.21s , currentRepackMaxTime:592.273s
iter6060		 Improve solution by repack 0.32653117441547974->0.317370834453104 , unplacedBoxesSize:2
currentRepackCostTime:133.386s , currentRepackMaxTime:592.273s
iter6555		 Improve solution by repack 0.317370834453104->0.3082723058317656 , unplacedBoxesSize:2
currentRepackCostTime:135.385s , currentRepackMaxTime:592.273s
iter6557		 Improve solution by repack 0.3082723058317656->0.3054410776672937 , unplacedBoxesSize:3
currentRepackCostTime:135.39000000000001s , currentRepackMaxTime:592.273s
iter6748		 Improve solution by repack 0.3054410776672937->0.3021036011824778 , unplacedBoxesSize:2
currentRepackCostTime:136.333s , currentRepackMaxTime:592.273s
Selecting boards with low utilization for repacking...
iter4		 Improve solution by repack 0.9025275463585057->0.8976525127653856 , unplacedBoxesSize:4
currentRepackCostTime:151.889s , currentRepackMaxTime:592.273s
iter53		 Improve solution by repack 0.8976525127653856->0.47815170653050254 , unplacedBoxesSize:2
currentRepackCostTime:152.06s , currentRepackMaxTime:592.273s
iter162		 Improve solution by repack 0.47815170653050254->0.4179178984144047 , unplacedBoxesSize:3
currentRepackCostTime:152.419s , currentRepackMaxTime:592.273s
iter172		 Improve solution by repack 0.4179178984144047->0.405816144853534 , unplacedBoxesSize:2
currentRepackCostTime:152.475s , currentRepackMaxTime:592.273s
iter278		 Improve solution by repack 0.405816144853534->0.4052116366568127 , unplacedBoxesSize:3
currentRepackCostTime:152.857s , currentRepackMaxTime:592.273s
iter283		 Improve solution by repack 0.4052116366568127->0.3910358438591776 , unplacedBoxesSize:3
currentRepackCostTime:152.868s , currentRepackMaxTime:592.273s
iter297		 Improve solution by repack 0.3910358438591776->0.3847695511959151 , unplacedBoxesSize:3
currentRepackCostTime:152.945s , currentRepackMaxTime:592.273s
iter305		 Improve solution by repack 0.3847695511959151->0.3761789505509272 , unplacedBoxesSize:3
currentRepackCostTime:152.976s , currentRepackMaxTime:592.273s
iter319		 Improve solution by repack 0.3761789505509272->0.35489015049717815 , unplacedBoxesSize:2
currentRepackCostTime:153.03300000000002s , currentRepackMaxTime:592.273s
iter353		 Improve solution by repack 0.35489015049717815->0.3437368986831497 , unplacedBoxesSize:3
currentRepackCostTime:153.16s , currentRepackMaxTime:592.273s
iter357		 Improve solution by repack 0.3437368986831497->0.3436267132491266 , unplacedBoxesSize:3
currentRepackCostTime:153.173s , currentRepackMaxTime:592.273s
iter364		 Improve solution by repack 0.3436267132491266->0.3424596882558452 , unplacedBoxesSize:3
currentRepackCostTime:153.219s , currentRepackMaxTime:592.273s
iter409		 Improve solution by repack 0.3424596882558452->0.3262325315775329 , unplacedBoxesSize:2
currentRepackCostTime:153.421s , currentRepackMaxTime:592.273s
iter418		 Improve solution by repack 0.3262325315775329->0.32314733942488577 , unplacedBoxesSize:2
currentRepackCostTime:153.451s , currentRepackMaxTime:592.273s
iter988		 Improve solution by repack 0.32314733942488577->0.30816212039774254 , unplacedBoxesSize:2
currentRepackCostTime:155.796s , currentRepackMaxTime:592.273s
Selecting boards with low utilization for repacking...
iter2		 Improve solution by repack 0.9025826390755174->0.30816212039774254 , unplacedBoxesSize:2
currentRepackCostTime:173.403s , currentRepackMaxTime:592.273s
iter2040		 Improve solution by repack 0.30816212039774254->0.3054410776672937 , unplacedBoxesSize:3
currentRepackCostTime:181.805s , currentRepackMaxTime:592.273s
iter2076		 Improve solution by repack 0.3054410776672937->0.3021036011824778 , unplacedBoxesSize:2
currentRepackCostTime:181.982s , currentRepackMaxTime:592.273s
Selecting boards with low utilization for repacking...
iter4		 Improve solution by repack 0.916268476216071->0.9138108035474335 , unplacedBoxesSize:6
currentRepackCostTime:194.96s , currentRepackMaxTime:592.273s
iter47		 Improve solution by repack 0.9138108035474335->0.9043173877989787 , unplacedBoxesSize:6
currentRepackCostTime:195.144s , currentRepackMaxTime:592.273s
iter51		 Improve solution by repack 0.9043173877989787->0.47815170653050254 , unplacedBoxesSize:2
currentRepackCostTime:195.17000000000002s , currentRepackMaxTime:592.273s
iter77		 Improve solution by repack 0.47815170653050254->0.4636975947325988 , unplacedBoxesSize:3
currentRepackCostTime:195.272s , currentRepackMaxTime:592.273s
iter82		 Improve solution by repack 0.4636975947325988->0.44725577801666216 , unplacedBoxesSize:3
currentRepackCostTime:195.288s , currentRepackMaxTime:592.273s
iter98		 Improve solution by repack 0.44725577801666216->0.39318664337543674 , unplacedBoxesSize:3
currentRepackCostTime:195.341s , currentRepackMaxTime:592.273s
iter100		 Improve solution by repack 0.39318664337543674->0.392983069067455 , unplacedBoxesSize:3
currentRepackCostTime:195.346s , currentRepackMaxTime:592.273s
iter112		 Improve solution by repack 0.392983069067455->0.38926027949475944 , unplacedBoxesSize:3
currentRepackCostTime:195.415s , currentRepackMaxTime:592.273s
iter149		 Improve solution by repack 0.38926027949475944->0.38617508734211237 , unplacedBoxesSize:3
currentRepackCostTime:195.58s , currentRepackMaxTime:592.273s
iter389		 Improve solution by repack 0.38617508734211237->0.3586119322762698 , unplacedBoxesSize:3
currentRepackCostTime:196.679s , currentRepackMaxTime:592.273s
iter390		 Improve solution by repack 0.3586119322762698->0.35744490728298844 , unplacedBoxesSize:3
currentRepackCostTime:196.685s , currentRepackMaxTime:592.273s
iter396		 Improve solution by repack 0.35744490728298844->0.35653352593388876 , unplacedBoxesSize:3
currentRepackCostTime:196.704s , currentRepackMaxTime:592.273s
iter433		 Improve solution by repack 0.35653352593388876->0.35489015049717815 , unplacedBoxesSize:2
currentRepackCostTime:196.866s , currentRepackMaxTime:592.273s
iter1517		 Improve solution by repack 0.35489015049717815->0.3474428916957807 , unplacedBoxesSize:3
currentRepackCostTime:201.088s , currentRepackMaxTime:592.273s
iter1696		 Improve solution by repack 0.3474428916957807->0.3415483069067455 , unplacedBoxesSize:3
currentRepackCostTime:201.874s , currentRepackMaxTime:592.273s
iter1697		 Improve solution by repack 0.3415483069067455->0.3413447325987638 , unplacedBoxesSize:3
currentRepackCostTime:201.88s , currentRepackMaxTime:592.273s
iter1719		 Improve solution by repack 0.3413447325987638->0.34071435769954317 , unplacedBoxesSize:2
currentRepackCostTime:202.007s , currentRepackMaxTime:592.273s
iter1807		 Improve solution by repack 0.34071435769954317->0.32314733942488577 , unplacedBoxesSize:2
currentRepackCostTime:202.363s , currentRepackMaxTime:592.273s
iter2481		 Improve solution by repack 0.32314733942488577->0.30816212039774254 , unplacedBoxesSize:2
currentRepackCostTime:204.961s , currentRepackMaxTime:592.273s
iter2577		 Improve solution by repack 0.30816212039774254->0.3021036011824778 , unplacedBoxesSize:2
currentRepackCostTime:205.338s , currentRepackMaxTime:592.273s
iter2622		 Improve solution by repack 0.3021036011824778->0.3000295619457135 , unplacedBoxesSize:2
currentRepackCostTime:205.534s , currentRepackMaxTime:592.273s
Selecting boards with low utilization for repacking...
iter4		 Improve solution by repack 0.9181920182746572->0.911857027680731 , unplacedBoxesSize:7
currentRepackCostTime:216.451s , currentRepackMaxTime:592.273s
iter5		 Improve solution by repack 0.911857027680731->0.9065993684493416 , unplacedBoxesSize:6
currentRepackCostTime:216.46s , currentRepackMaxTime:592.273s
iter16		 Improve solution by repack 0.9065993684493416->0.9054323434560602 , unplacedBoxesSize:6
currentRepackCostTime:216.518s , currentRepackMaxTime:592.273s
iter25		 Improve solution by repack 0.9054323434560602->0.902128124160172 , unplacedBoxesSize:5
currentRepackCostTime:216.562s , currentRepackMaxTime:592.273s
iter47		 Improve solution by repack 0.902128124160172->0.470704447729105 , unplacedBoxesSize:3
currentRepackCostTime:216.666s , currentRepackMaxTime:592.273s
iter76		 Improve solution by repack 0.470704447729105->0.451100510615426 , unplacedBoxesSize:4
currentRepackCostTime:216.835s , currentRepackMaxTime:592.273s
iter87		 Improve solution by repack 0.451100510615426->0.3945229776941682 , unplacedBoxesSize:2
currentRepackCostTime:216.892s , currentRepackMaxTime:592.273s
iter92		 Improve solution by repack 0.3945229776941682->0.3844255576457941 , unplacedBoxesSize:2
currentRepackCostTime:216.916s , currentRepackMaxTime:592.273s
iter142		 Improve solution by repack 0.3844255576457941->0.38389411448535343 , unplacedBoxesSize:2
currentRepackCostTime:217.11700000000002s , currentRepackMaxTime:592.273s
iter392		 Improve solution by repack 0.38389411448535343->0.35489015049717815 , unplacedBoxesSize:2
currentRepackCostTime:218.031s , currentRepackMaxTime:592.273s
iter2607		 Improve solution by repack 0.35489015049717815->0.3413447325987638 , unplacedBoxesSize:3
currentRepackCostTime:228.552s , currentRepackMaxTime:592.273s
iter2666		 Improve solution by repack 0.3413447325987638->0.3388272641762967 , unplacedBoxesSize:4
currentRepackCostTime:228.83s , currentRepackMaxTime:592.273s
iter2671		 Improve solution by repack 0.3388272641762967->0.338623689868315 , unplacedBoxesSize:4
currentRepackCostTime:228.858s , currentRepackMaxTime:592.273s
iter2707		 Improve solution by repack 0.338623689868315->0.322579951625907 , unplacedBoxesSize:3
currentRepackCostTime:229.103s , currentRepackMaxTime:592.273s
iter2814		 Improve solution by repack 0.322579951625907->0.3054410776672937 , unplacedBoxesSize:3
currentRepackCostTime:229.608s , currentRepackMaxTime:592.273s
iter4541		 Improve solution by repack 0.3054410776672937->0.3021036011824778 , unplacedBoxesSize:2
currentRepackCostTime:238.33700000000002s , currentRepackMaxTime:592.273s
iter4587		 Improve solution by repack 0.3021036011824778->0.3000295619457135 , unplacedBoxesSize:2
currentRepackCostTime:238.489s , currentRepackMaxTime:592.273s
Selecting boards with low utilization for repacking...
iter58		 Improve solution by repack 0.9015251276538564->0.8857185568395594 , unplacedBoxesSize:7
currentRepackCostTime:252.68s , currentRepackMaxTime:592.273s
iter71		 Improve solution by repack 0.8857185568395594->0.30816212039774254 , unplacedBoxesSize:2
currentRepackCostTime:252.739s , currentRepackMaxTime:592.273s
iter287		 Improve solution by repack 0.30816212039774254->0.3000295619457135 , unplacedBoxesSize:2
currentRepackCostTime:253.689s , currentRepackMaxTime:592.273s
Selecting boards with low utilization for repacking...
iter2		 Improve solution by repack 0.9213689196452566->0.9207662590701425 , unplacedBoxesSize:8
currentRepackCostTime:274.349s , currentRepackMaxTime:592.273s
iter20		 Improve solution by repack 0.9207662590701425->0.9196533190002688 , unplacedBoxesSize:5
currentRepackCostTime:274.464s , currentRepackMaxTime:592.273s
iter24		 Improve solution by repack 0.9196533190002688->0.9157136858371405 , unplacedBoxesSize:6
currentRepackCostTime:274.482s , currentRepackMaxTime:592.273s
iter30		 Improve solution by repack 0.9157136858371405->0.35489015049717815 , unplacedBoxesSize:2
currentRepackCostTime:274.51300000000003s , currentRepackMaxTime:592.273s
iter1810		 Improve solution by repack 0.35489015049717815->0.3415483069067455 , unplacedBoxesSize:3
currentRepackCostTime:281.522s , currentRepackMaxTime:592.273s
iter1811		 Improve solution by repack 0.3415483069067455->0.3413447325987638 , unplacedBoxesSize:3
currentRepackCostTime:281.526s , currentRepackMaxTime:592.273s
iter1853		 Improve solution by repack 0.3413447325987638->0.30816212039774254 , unplacedBoxesSize:2
currentRepackCostTime:281.745s , currentRepackMaxTime:592.273s
iter1956		 Improve solution by repack 0.30816212039774254->0.30235823703305564 , unplacedBoxesSize:4
currentRepackCostTime:282.158s , currentRepackMaxTime:592.273s
iter1982		 Improve solution by repack 0.30235823703305564->0.29885430663800056 , unplacedBoxesSize:3
currentRepackCostTime:282.286s , currentRepackMaxTime:592.273s
iter2008		 Improve solution by repack 0.29885430663800056->0.29465634238108035 , unplacedBoxesSize:3
currentRepackCostTime:282.385s , currentRepackMaxTime:592.273s
iter2021		 Improve solution by repack 0.29465634238108035->0.29314129266326255 , unplacedBoxesSize:3
currentRepackCostTime:282.439s , currentRepackMaxTime:592.273s
iter2043		 Improve solution by repack 0.29314129266326255->0.2817518812147272 , unplacedBoxesSize:2
currentRepackCostTime:282.53000000000003s , currentRepackMaxTime:592.273s
iter2205		 Improve solution by repack 0.2817518812147272->0.27463181940338616 , unplacedBoxesSize:3
currentRepackCostTime:283.134s , currentRepackMaxTime:592.273s
iter2206		 Improve solution by repack 0.27463181940338616->0.27337342112335394 , unplacedBoxesSize:2
currentRepackCostTime:283.144s , currentRepackMaxTime:592.273s
iter2221		 Improve solution by repack 0.27337342112335394->0.2724620397742542 , unplacedBoxesSize:2
currentRepackCostTime:283.208s , currentRepackMaxTime:592.273s
iter2224		 Improve solution by repack 0.2724620397742542->0.2722584654662725 , unplacedBoxesSize:2
currentRepackCostTime:283.219s , currentRepackMaxTime:592.273s
iter4580		 Improve solution by repack 0.2722584654662725->0.23907585326525127 , unplacedBoxesSize:1
currentRepackCostTime:293.398s , currentRepackMaxTime:592.273s
Selecting boards with low utilization for repacking...
iter13		 Improve solution by repack 0.9064569336199946->0.8906470034936845 , unplacedBoxesSize:6
currentRepackCostTime:306.01300000000003s , currentRepackMaxTime:592.273s
iter41		 Improve solution by repack 0.8906470034936845->0.8895350712174147 , unplacedBoxesSize:6
currentRepackCostTime:306.134s , currentRepackMaxTime:592.273s
iter60		 Improve solution by repack 0.8895350712174147->0.35980045686643375 , unplacedBoxesSize:2
currentRepackCostTime:306.21500000000003s , currentRepackMaxTime:592.273s
iter369		 Improve solution by repack 0.35980045686643375->0.35489015049717815 , unplacedBoxesSize:2
currentRepackCostTime:307.319s , currentRepackMaxTime:592.273s
iter374		 Improve solution by repack 0.35489015049717815->0.34297299113141627 , unplacedBoxesSize:2
currentRepackCostTime:307.336s , currentRepackMaxTime:592.273s
iter376		 Improve solution by repack 0.34297299113141627->0.34071435769954317 , unplacedBoxesSize:2
currentRepackCostTime:307.34000000000003s , currentRepackMaxTime:592.273s
iter425		 Improve solution by repack 0.34071435769954317->0.3082723058317656 , unplacedBoxesSize:2
currentRepackCostTime:307.535s , currentRepackMaxTime:592.273s
iter428		 Improve solution by repack 0.3082723058317656->0.30816212039774254 , unplacedBoxesSize:2
currentRepackCostTime:307.55s , currentRepackMaxTime:592.273s
iter519		 Improve solution by repack 0.30816212039774254->0.3021036011824778 , unplacedBoxesSize:2
currentRepackCostTime:307.939s , currentRepackMaxTime:592.273s
iter542		 Improve solution by repack 0.3021036011824778->0.3000295619457135 , unplacedBoxesSize:2
currentRepackCostTime:308.03000000000003s , currentRepackMaxTime:592.273s
iter643		 Improve solution by repack 0.3000295619457135->0.2831310467616232 , unplacedBoxesSize:2
currentRepackCostTime:308.446s , currentRepackMaxTime:592.273s
iter645		 Improve solution by repack 0.2831310467616232->0.2722584654662725 , unplacedBoxesSize:2
currentRepackCostTime:308.454s , currentRepackMaxTime:592.273s
iter1123		 Improve solution by repack 0.2722584654662725->0.2590073233001881 , unplacedBoxesSize:3
currentRepackCostTime:310.464s , currentRepackMaxTime:592.273s
iter1126		 Improve solution by repack 0.2590073233001881->0.25889713786616503 , unplacedBoxesSize:3
currentRepackCostTime:310.483s , currentRepackMaxTime:592.273s
iter1227		 Improve solution by repack 0.25889713786616503->0.24144920720236496 , unplacedBoxesSize:2
currentRepackCostTime:310.96s , currentRepackMaxTime:592.273s
iter1290		 Improve solution by repack 0.24144920720236496->0.23907585326525127 , unplacedBoxesSize:1
currentRepackCostTime:311.244s , currentRepackMaxTime:592.273s
Selecting boards with low utilization for repacking...
iter4		 Improve solution by repack 0.9083146331631281->0.9062721714592852 , unplacedBoxesSize:6
currentRepackCostTime:325.91s , currentRepackMaxTime:592.273s
iter23		 Improve solution by repack 0.9062721714592852->0.35489015049717815 , unplacedBoxesSize:2
currentRepackCostTime:326.002s , currentRepackMaxTime:592.273s
iter141		 Improve solution by repack 0.35489015049717815->0.3409056705186778 , unplacedBoxesSize:4
currentRepackCostTime:326.41s , currentRepackMaxTime:592.273s
iter142		 Improve solution by repack 0.3409056705186778->0.338623689868315 , unplacedBoxesSize:4
currentRepackCostTime:326.41700000000003s , currentRepackMaxTime:592.273s
iter149		 Improve solution by repack 0.338623689868315->0.3054410776672937 , unplacedBoxesSize:3
currentRepackCostTime:326.457s , currentRepackMaxTime:592.273s
iter520		 Improve solution by repack 0.3054410776672937->0.3021036011824778 , unplacedBoxesSize:2
currentRepackCostTime:328.264s , currentRepackMaxTime:592.273s
iter830		 Improve solution by repack 0.3021036011824778->0.3000295619457135 , unplacedBoxesSize:2
currentRepackCostTime:329.535s , currentRepackMaxTime:592.273s
Selecting boards with low utilization for repacking...
iter1		 Improve solution by repack 0.8793529965063155->0.3000295619457135 , unplacedBoxesSize:2
currentRepackCostTime:347.839s , currentRepackMaxTime:592.273s
Selecting boards with low utilization for repacking...
iter4		 Improve solution by repack 0.9171259406073636->0.3067596076323569 , unplacedBoxesSize:3
currentRepackCostTime:369.752s , currentRepackMaxTime:592.273s
iter20		 Improve solution by repack 0.3067596076323569->0.3065560333243752 , unplacedBoxesSize:3
currentRepackCostTime:369.835s , currentRepackMaxTime:592.273s
iter55		 Improve solution by repack 0.3065560333243752->0.30564465197527546 , unplacedBoxesSize:3
currentRepackCostTime:370.0s , currentRepackMaxTime:592.273s
iter65		 Improve solution by repack 0.30564465197527546->0.3054410776672937 , unplacedBoxesSize:3
currentRepackCostTime:370.046s , currentRepackMaxTime:592.273s
iter283		 Improve solution by repack 0.3054410776672937->0.3000295619457135 , unplacedBoxesSize:2
currentRepackCostTime:371.148s , currentRepackMaxTime:592.273s
Selecting boards with low utilization for repacking...
iter14		 Improve solution by repack 0.9226234547164741->0.9111824778285408 , unplacedBoxesSize:6
currentRepackCostTime:391.803s , currentRepackMaxTime:592.273s
iter22		 Improve solution by repack 0.9111824778285408->0.9093860857296426 , unplacedBoxesSize:7
currentRepackCostTime:391.846s , currentRepackMaxTime:592.273s
iter30		 Improve solution by repack 0.9093860857296426->0.8977914203171191 , unplacedBoxesSize:6
currentRepackCostTime:391.899s , currentRepackMaxTime:592.273s
iter37		 Improve solution by repack 0.8977914203171191->0.8973523582370331 , unplacedBoxesSize:7
currentRepackCostTime:391.931s , currentRepackMaxTime:592.273s
iter38		 Improve solution by repack 0.8973523582370331->0.8885827062617576 , unplacedBoxesSize:6
currentRepackCostTime:391.938s , currentRepackMaxTime:592.273s
iter58		 Improve solution by repack 0.8885827062617576->0.8782548374092985 , unplacedBoxesSize:4
currentRepackCostTime:392.023s , currentRepackMaxTime:592.273s
iter63		 Improve solution by repack 0.8782548374092985->0.47815170653050254 , unplacedBoxesSize:2
currentRepackCostTime:392.043s , currentRepackMaxTime:592.273s
iter377		 Improve solution by repack 0.47815170653050254->0.4541403520558989 , unplacedBoxesSize:4
currentRepackCostTime:393.184s , currentRepackMaxTime:592.273s
iter394		 Improve solution by repack 0.4541403520558989->0.45393677774791724 , unplacedBoxesSize:4
currentRepackCostTime:393.279s , currentRepackMaxTime:592.273s
iter397		 Improve solution by repack 0.45393677774791724->0.43820209621069606 , unplacedBoxesSize:4
currentRepackCostTime:393.298s , currentRepackMaxTime:592.273s
iter416		 Improve solution by repack 0.43820209621069606->0.428886723998925 , unplacedBoxesSize:3
currentRepackCostTime:393.387s , currentRepackMaxTime:592.273s
iter421		 Improve solution by repack 0.428886723998925->0.35980045686643375 , unplacedBoxesSize:2
currentRepackCostTime:393.40500000000003s , currentRepackMaxTime:592.273s
iter515		 Improve solution by repack 0.35980045686643375->0.3415483069067455 , unplacedBoxesSize:3
currentRepackCostTime:393.764s , currentRepackMaxTime:592.273s
iter523		 Improve solution by repack 0.3415483069067455->0.3413447325987638 , unplacedBoxesSize:3
currentRepackCostTime:393.8s , currentRepackMaxTime:592.273s
iter531		 Improve solution by repack 0.3413447325987638->0.338623689868315 , unplacedBoxesSize:4
currentRepackCostTime:393.84000000000003s , currentRepackMaxTime:592.273s
iter552		 Improve solution by repack 0.338623689868315->0.33528621338349907 , unplacedBoxesSize:3
currentRepackCostTime:393.972s , currentRepackMaxTime:592.273s
iter628		 Improve solution by repack 0.33528621338349907->0.30816212039774254 , unplacedBoxesSize:2
currentRepackCostTime:394.379s , currentRepackMaxTime:592.273s
iter1064		 Improve solution by repack 0.30816212039774254->0.3021036011824778 , unplacedBoxesSize:2
currentRepackCostTime:396.17s , currentRepackMaxTime:592.273s
iter1080		 Improve solution by repack 0.3021036011824778->0.3000295619457135 , unplacedBoxesSize:2
currentRepackCostTime:396.247s , currentRepackMaxTime:592.273s
Selecting boards with low utilization for repacking...
iter8		 Improve solution by repack 0.8989683552808385->0.8676642703574308 , unplacedBoxesSize:6
currentRepackCostTime:413.746s , currentRepackMaxTime:592.273s
iter34		 Improve solution by repack 0.8676642703574308->0.8516205321150229 , unplacedBoxesSize:5
currentRepackCostTime:413.86s , currentRepackMaxTime:592.273s
iter69		 Improve solution by repack 0.8516205321150229->0.8379521633969363 , unplacedBoxesSize:4
currentRepackCostTime:414.04s , currentRepackMaxTime:592.273s
iter90		 Improve solution by repack 0.8379521633969363->0.47815170653050254 , unplacedBoxesSize:2
currentRepackCostTime:414.119s , currentRepackMaxTime:592.273s
iter498		 Improve solution by repack 0.47815170653050254->0.4636092448266595 , unplacedBoxesSize:3
currentRepackCostTime:415.591s , currentRepackMaxTime:592.273s
iter508		 Improve solution by repack 0.4636092448266595->0.4535118247782854 , unplacedBoxesSize:3
currentRepackCostTime:415.646s , currentRepackMaxTime:592.273s
iter538		 Improve solution by repack 0.4535118247782854->0.428886723998925 , unplacedBoxesSize:3
currentRepackCostTime:415.748s , currentRepackMaxTime:592.273s
iter693		 Improve solution by repack 0.428886723998925->0.42844766191883904 , unplacedBoxesSize:4
currentRepackCostTime:416.395s , currentRepackMaxTime:592.273s
iter707		 Improve solution by repack 0.42844766191883904->0.4272806369255576 , unplacedBoxesSize:4
currentRepackCostTime:416.48s , currentRepackMaxTime:592.273s
iter717		 Improve solution by repack 0.4272806369255576->0.40010313087879606 , unplacedBoxesSize:2
currentRepackCostTime:416.535s , currentRepackMaxTime:592.273s
iter767		 Improve solution by repack 0.40010313087879606->0.392983069067455 , unplacedBoxesSize:3
currentRepackCostTime:416.711s , currentRepackMaxTime:592.273s
iter772		 Improve solution by repack 0.392983069067455->0.3844255576457941 , unplacedBoxesSize:2
currentRepackCostTime:416.728s , currentRepackMaxTime:592.273s
iter776		 Improve solution by repack 0.3844255576457941->0.3691158290782048 , unplacedBoxesSize:3
currentRepackCostTime:416.742s , currentRepackMaxTime:592.273s
iter777		 Improve solution by repack 0.3691158290782048->0.35489015049717815 , unplacedBoxesSize:2
currentRepackCostTime:416.745s , currentRepackMaxTime:592.273s
iter782		 Improve solution by repack 0.35489015049717815->0.32653117441547974 , unplacedBoxesSize:2
currentRepackCostTime:416.76300000000003s , currentRepackMaxTime:592.273s
iter791		 Improve solution by repack 0.32653117441547974->0.32314733942488577 , unplacedBoxesSize:2
currentRepackCostTime:416.81100000000004s , currentRepackMaxTime:592.273s
iter968		 Improve solution by repack 0.32314733942488577->0.30816212039774254 , unplacedBoxesSize:2
currentRepackCostTime:417.505s , currentRepackMaxTime:592.273s
iter2433		 Improve solution by repack 0.30816212039774254->0.30792663262563824 , unplacedBoxesSize:3
currentRepackCostTime:423.73s , currentRepackMaxTime:592.273s
iter2435		 Improve solution by repack 0.30792663262563824->0.3067596076323569 , unplacedBoxesSize:3
currentRepackCostTime:423.73900000000003s , currentRepackMaxTime:592.273s
iter2447		 Improve solution by repack 0.3067596076323569->0.3065560333243752 , unplacedBoxesSize:3
currentRepackCostTime:423.781s , currentRepackMaxTime:592.273s
iter2452		 Improve solution by repack 0.3065560333243752->0.3054410776672937 , unplacedBoxesSize:3
currentRepackCostTime:423.809s , currentRepackMaxTime:592.273s
iter2478		 Improve solution by repack 0.3054410776672937->0.3021036011824778 , unplacedBoxesSize:2
currentRepackCostTime:423.922s , currentRepackMaxTime:592.273s
iter2528		 Improve solution by repack 0.3021036011824778->0.3000295619457135 , unplacedBoxesSize:2
currentRepackCostTime:424.107s , currentRepackMaxTime:592.273s
iter2761		 Improve solution by repack 0.3000295619457135->0.2724620397742542 , unplacedBoxesSize:2
currentRepackCostTime:425.035s , currentRepackMaxTime:592.273s
iter2789		 Improve solution by repack 0.2724620397742542->0.2722584654662725 , unplacedBoxesSize:2
currentRepackCostTime:425.153s , currentRepackMaxTime:592.273s
iter4430		 Improve solution by repack 0.2722584654662725->0.2642824509540446 , unplacedBoxesSize:3
currentRepackCostTime:432.309s , currentRepackMaxTime:592.273s
iter4439		 Improve solution by repack 0.2642824509540446->0.2561152915882827 , unplacedBoxesSize:2
currentRepackCostTime:432.363s , currentRepackMaxTime:592.273s
iter4443		 Improve solution by repack 0.2561152915882827->0.23653890083310938 , unplacedBoxesSize:2
currentRepackCostTime:432.383s , currentRepackMaxTime:592.273s
iter4587		 Improve solution by repack 0.23653890083310938->0.23011354474603601 , unplacedBoxesSize:2
currentRepackCostTime:433.005s , currentRepackMaxTime:592.273s
iter4630		 Improve solution by repack 0.23011354474603601->0.221980986294007 , unplacedBoxesSize:2
currentRepackCostTime:433.169s , currentRepackMaxTime:592.273s
iter4734		 Improve solution by repack 0.221980986294007->0.2164008331093792 , unplacedBoxesSize:2
currentRepackCostTime:433.605s , currentRepackMaxTime:592.273s
iter4739		 Improve solution by repack 0.2164008331093792->0.20577196990056437 , unplacedBoxesSize:2
currentRepackCostTime:433.613s , currentRepackMaxTime:592.273s
iter4868		 Improve solution by repack 0.20577196990056437->0.20479608976081698 , unplacedBoxesSize:2
currentRepackCostTime:434.16700000000003s , currentRepackMaxTime:592.273s
iter4956		 Improve solution by repack 0.20479608976081698->0.1998857833915614 , unplacedBoxesSize:2
currentRepackCostTime:434.60200000000003s , currentRepackMaxTime:592.273s
iter4983		 Improve solution by repack 0.1998857833915614->0.18981087073367375 , unplacedBoxesSize:2
currentRepackCostTime:434.74s , currentRepackMaxTime:592.273s
iter5124		 Improve solution by repack 0.18981087073367375->0.18375235151840902 , unplacedBoxesSize:2
currentRepackCostTime:435.31100000000004s , currentRepackMaxTime:592.273s
iter5218		 Improve solution by repack 0.18375235151840902->0.18167831228164472 , unplacedBoxesSize:2
currentRepackCostTime:435.714s , currentRepackMaxTime:592.273s
iter7018		 Improve solution by repack 0.18167831228164472->0.18048978769148077 , unplacedBoxesSize:3
currentRepackCostTime:443.68600000000004s , currentRepackMaxTime:592.273s
iter7023		 Improve solution by repack 0.18048978769148077->0.17363712711636656 , unplacedBoxesSize:3
currentRepackCostTime:443.712s , currentRepackMaxTime:592.273s
iter7024		 Improve solution by repack 0.17363712711636656->0.16102727761354474 , unplacedBoxesSize:1
currentRepackCostTime:443.717s , currentRepackMaxTime:592.273s
iter7848		 Improve solution by repack 0.16102727761354474->0.15618919645256651 , unplacedBoxesSize:2
currentRepackCostTime:446.757s , currentRepackMaxTime:592.273s
iter7850		 Improve solution by repack 0.15618919645256651->0.15502217145928512 , unplacedBoxesSize:2
currentRepackCostTime:446.76300000000003s , currentRepackMaxTime:592.273s
iter7866		 Improve solution by repack 0.15502217145928512->0.15411079011018544 , unplacedBoxesSize:2
currentRepackCostTime:446.83s , currentRepackMaxTime:592.273s
iter7867		 Improve solution by repack 0.15411079011018544->0.1539072158022037 , unplacedBoxesSize:2
currentRepackCostTime:446.834s , currentRepackMaxTime:592.273s
Selecting boards with low utilization for repacking...
iter8		 Improve solution by repack 0.9170379266326256->0.9159229709755442 , unplacedBoxesSize:7
currentRepackCostTime:458.928s , currentRepackMaxTime:592.273s
iter26		 Improve solution by repack 0.9159229709755442->0.9143702969631818 , unplacedBoxesSize:7
currentRepackCostTime:459.041s , currentRepackMaxTime:592.273s
iter44		 Improve solution by repack 0.9143702969631818->0.9077146600376242 , unplacedBoxesSize:4
currentRepackCostTime:459.127s , currentRepackMaxTime:592.273s
iter54		 Improve solution by repack 0.9077146600376242->0.23907585326525127 , unplacedBoxesSize:1
currentRepackCostTime:459.157s , currentRepackMaxTime:592.273s
iter60		 Improve solution by repack 0.23907585326525127->0.2203651572158022 , unplacedBoxesSize:3
currentRepackCostTime:459.183s , currentRepackMaxTime:592.273s
iter75		 Improve solution by repack 0.2203651572158022->0.21919813222252083 , unplacedBoxesSize:3
currentRepackCostTime:459.252s , currentRepackMaxTime:592.273s
iter188		 Improve solution by repack 0.21919813222252083->0.21842364283794677 , unplacedBoxesSize:3
currentRepackCostTime:459.8s , currentRepackMaxTime:592.273s
iter191		 Improve solution by repack 0.21842364283794677->0.21634960360118247 , unplacedBoxesSize:3
currentRepackCostTime:459.81100000000004s , currentRepackMaxTime:592.273s
iter198		 Improve solution by repack 0.21634960360118247->0.21223259876377318 , unplacedBoxesSize:3
currentRepackCostTime:459.85s , currentRepackMaxTime:592.273s
iter205		 Improve solution by repack 0.21223259876377318->0.21106557377049182 , unplacedBoxesSize:3
currentRepackCostTime:459.889s , currentRepackMaxTime:592.273s
iter222		 Improve solution by repack 0.21106557377049182->0.20793469497446923 , unplacedBoxesSize:4
currentRepackCostTime:459.991s , currentRepackMaxTime:592.273s
iter224		 Improve solution by repack 0.20793469497446923->0.20676766998118787 , unplacedBoxesSize:4
currentRepackCostTime:460.00100000000003s , currentRepackMaxTime:592.273s
iter230		 Improve solution by repack 0.20676766998118787->0.20120028218220906 , unplacedBoxesSize:3
currentRepackCostTime:460.031s , currentRepackMaxTime:592.273s
iter360		 Improve solution by repack 0.20120028218220906->0.17884204514915344 , unplacedBoxesSize:2
currentRepackCostTime:460.757s , currentRepackMaxTime:592.273s
iter1460		 Improve solution by repack 0.17884204514915344->0.17430395055092715 , unplacedBoxesSize:1
currentRepackCostTime:465.725s , currentRepackMaxTime:592.273s
iter1706		 Improve solution by repack 0.17430395055092715->0.17146533190002688 , unplacedBoxesSize:3
currentRepackCostTime:466.647s , currentRepackMaxTime:592.273s
iter1710		 Improve solution by repack 0.17146533190002688->0.17135514646600378 , unplacedBoxesSize:3
currentRepackCostTime:466.676s , currentRepackMaxTime:592.273s
iter1741		 Improve solution by repack 0.17135514646600378->0.16674029158828274 , unplacedBoxesSize:1
currentRepackCostTime:466.819s , currentRepackMaxTime:592.273s
Selecting boards with low utilization for repacking...
iter15		 Improve solution by repack 0.9141796560064499->0.9121012496640688 , unplacedBoxesSize:8
currentRepackCostTime:479.687s , currentRepackMaxTime:592.273s
iter19		 Improve solution by repack 0.9121012496640688->0.9116410239183016 , unplacedBoxesSize:5
currentRepackCostTime:479.721s , currentRepackMaxTime:592.273s
iter30		 Improve solution by repack 0.9116410239183016->0.23907585326525127 , unplacedBoxesSize:1
currentRepackCostTime:479.771s , currentRepackMaxTime:592.273s
Selecting boards with low utilization for repacking...
iter5		 Improve solution by repack 0.9099009002956194->0.9061777747917227 , unplacedBoxesSize:6
currentRepackCostTime:498.802s , currentRepackMaxTime:592.273s
iter7		 Improve solution by repack 0.9061777747917227->0.8996523112066649 , unplacedBoxesSize:5
currentRepackCostTime:498.81100000000004s , currentRepackMaxTime:592.273s
iter8		 Improve solution by repack 0.8996523112066649->0.896268476216071 , unplacedBoxesSize:5
currentRepackCostTime:498.813s , currentRepackMaxTime:592.273s
iter12		 Improve solution by repack 0.896268476216071->0.8935108169846815 , unplacedBoxesSize:4
currentRepackCostTime:498.829s , currentRepackMaxTime:592.273s
iter42		 Improve solution by repack 0.8935108169846815->0.8584995632894383 , unplacedBoxesSize:5
currentRepackCostTime:498.93s , currentRepackMaxTime:592.273s
iter72		 Improve solution by repack 0.8584995632894383->0.23907585326525127 , unplacedBoxesSize:1
currentRepackCostTime:499.075s , currentRepackMaxTime:592.273s
Selecting boards with low utilization for repacking...
iter7		 Improve solution by repack 0.8584995632894383->0.23907585326525127 , unplacedBoxesSize:1
currentRepackCostTime:517.928s , currentRepackMaxTime:592.273s
Selecting boards with low utilization for repacking...
iter3		 Improve solution by repack 0.8935108169846815->0.2722584654662725 , unplacedBoxesSize:2
currentRepackCostTime:536.789s , currentRepackMaxTime:592.273s
iter43		 Improve solution by repack 0.2722584654662725->0.23907585326525127 , unplacedBoxesSize:1
currentRepackCostTime:536.968s , currentRepackMaxTime:592.273s
Selecting boards with low utilization for repacking...
iter1		 Improve solution by repack 0.9094425221714593->0.8960696049449073 , unplacedBoxesSize:5
currentRepackCostTime:555.58s , currentRepackMaxTime:592.273s
iter8		 Improve solution by repack 0.8960696049449073->0.47815170653050254 , unplacedBoxesSize:2
currentRepackCostTime:555.613s , currentRepackMaxTime:592.273s
iter145		 Improve solution by repack 0.47815170653050254->0.4756147540983607 , unplacedBoxesSize:3
currentRepackCostTime:556.09s , currentRepackMaxTime:592.273s
iter151		 Improve solution by repack 0.4756147540983607->0.41337980381617845 , unplacedBoxesSize:2
currentRepackCostTime:556.113s , currentRepackMaxTime:592.273s
iter159		 Improve solution by repack 0.41337980381617845->0.32653117441547974 , unplacedBoxesSize:2
currentRepackCostTime:556.1370000000001s , currentRepackMaxTime:592.273s
iter160		 Improve solution by repack 0.32653117441547974->0.3262325315775329 , unplacedBoxesSize:2
currentRepackCostTime:556.141s , currentRepackMaxTime:592.273s
iter266		 Improve solution by repack 0.3262325315775329->0.30772305831765656 , unplacedBoxesSize:3
currentRepackCostTime:556.539s , currentRepackMaxTime:592.273s
iter267		 Improve solution by repack 0.30772305831765656->0.3065560333243752 , unplacedBoxesSize:3
currentRepackCostTime:556.544s , currentRepackMaxTime:592.273s
iter287		 Improve solution by repack 0.3065560333243752->0.3021036011824778 , unplacedBoxesSize:2
currentRepackCostTime:556.634s , currentRepackMaxTime:592.273s
iter409		 Improve solution by repack 0.3021036011824778->0.3000295619457135 , unplacedBoxesSize:2
currentRepackCostTime:557.077s , currentRepackMaxTime:592.273s
iter509		 Improve solution by repack 0.3000295619457135->0.2976032988443967 , unplacedBoxesSize:4
currentRepackCostTime:557.473s , currentRepackMaxTime:592.273s
iter510		 Improve solution by repack 0.2976032988443967->0.27337342112335394 , unplacedBoxesSize:2
currentRepackCostTime:557.477s , currentRepackMaxTime:592.273s
iter513		 Improve solution by repack 0.27337342112335394->0.2722584654662725 , unplacedBoxesSize:2
currentRepackCostTime:557.492s , currentRepackMaxTime:592.273s
iter605		 Improve solution by repack 0.2722584654662725->0.23907585326525127 , unplacedBoxesSize:1
currentRepackCostTime:557.912s , currentRepackMaxTime:592.273s
Selecting boards with low utilization for repacking...
iter12		 Improve solution by repack 0.8998679790378931->0.3082723058317656 , unplacedBoxesSize:2
currentRepackCostTime:574.932s , currentRepackMaxTime:592.273s
iter15		 Improve solution by repack 0.3082723058317656->0.30816212039774254 , unplacedBoxesSize:2
currentRepackCostTime:574.945s , currentRepackMaxTime:592.273s
iter50		 Improve solution by repack 0.30816212039774254->0.3054410776672937 , unplacedBoxesSize:3
currentRepackCostTime:575.074s , currentRepackMaxTime:592.273s
iter52		 Improve solution by repack 0.3054410776672937->0.2722584654662725 , unplacedBoxesSize:2
currentRepackCostTime:575.081s , currentRepackMaxTime:592.273s
iter108		 Improve solution by repack 0.2722584654662725->0.264811206664875 , unplacedBoxesSize:3
currentRepackCostTime:575.335s , currentRepackMaxTime:592.273s
iter177		 Improve solution by repack 0.264811206664875->0.2586220102123085 , unplacedBoxesSize:4
currentRepackCostTime:575.689s , currentRepackMaxTime:592.273s
iter186		 Improve solution by repack 0.2586220102123085->0.2180831765654394 , unplacedBoxesSize:3
currentRepackCostTime:575.737s , currentRepackMaxTime:592.273s
iter197		 Improve solution by repack 0.2180831765654394->0.2120246573501747 , unplacedBoxesSize:3
currentRepackCostTime:575.794s , currentRepackMaxTime:592.273s
iter223		 Improve solution by repack 0.2120246573501747->0.20995061811341037 , unplacedBoxesSize:3
currentRepackCostTime:575.9250000000001s , currentRepackMaxTime:592.273s
iter247		 Improve solution by repack 0.20995061811341037->0.2077946116635313 , unplacedBoxesSize:3
currentRepackCostTime:576.04s , currentRepackMaxTime:592.273s
iter254		 Improve solution by repack 0.2077946116635313->0.2074865627519484 , unplacedBoxesSize:2
currentRepackCostTime:576.072s , currentRepackMaxTime:592.273s
iter960		 Improve solution by repack 0.2074865627519484->0.1990195847890352 , unplacedBoxesSize:2
currentRepackCostTime:579.126s , currentRepackMaxTime:592.273s
iter977		 Improve solution by repack 0.1990195847890352->0.18981087073367375 , unplacedBoxesSize:2
currentRepackCostTime:579.2040000000001s , currentRepackMaxTime:592.273s
iter1482		 Improve solution by repack 0.18981087073367375->0.18820478366030638 , unplacedBoxesSize:3
currentRepackCostTime:581.447s , currentRepackMaxTime:592.273s
iter1576		 Improve solution by repack 0.18820478366030638->0.18501074979844126 , unplacedBoxesSize:2
currentRepackCostTime:581.919s , currentRepackMaxTime:592.273s
iter1582		 Improve solution by repack 0.18501074979844126->0.18490056436441815 , unplacedBoxesSize:2
currentRepackCostTime:581.939s , currentRepackMaxTime:592.273s
iter2736		 Improve solution by repack 0.18490056436441815->0.18042495296963182 , unplacedBoxesSize:1
currentRepackCostTime:587.024s , currentRepackMaxTime:592.273s
Global repack result: 76 -> 73 boards.
