total number of nestable workpieces：91
Start priority-first combined packing.
Start nesting on the 1th large board, remaining blocks count: 37
Utilization of the 1th large board: 98.38538027411985, Time taken for this board: 0.428s
-------------------------------------------------------------------
Start nesting on the 2th large board, remaining blocks count: 18
Utilization of the 2th large board: 69.25761196586939, Time taken for this board: 0.715s
-------------------------------------------------------------------
Start global repack optimization for 2 boards, time=322.849s.
Start improving solution by repacking.
Selecting boards with low utilization for repacking...
Selecting boards with low utilization for repacking...
iter1		 Improve solution by repack 0.9838538027411987->0.7044408737570547 , unplacedBoxesSize:24
currentRepackCostTime:0.06s , currentRepackMaxTime:322.849s
Selecting boards with low utilization for repacking...
Completed repack sweep without reducing board count. No-reduction sweeps: 1/3
Selecting boards with low utilization for repacking...
Selecting boards with low utilization for repacking...
iter1		 Improve solution by repack 0.971989048642838->0.7044408737570547 , unplacedBoxesSize:24
currentRepackCostTime:0.156s , currentRepackMaxTime:322.849s
Selecting boards with low utilization for repacking...
Completed repack sweep without reducing board count. No-reduction sweeps: 2/3
Selecting boards with low utilization for repacking...
Selecting boards with low utilization for repacking...
iter1		 Improve solution by repack 0.971989048642838->0.7044408737570547 , unplacedBoxesSize:24
currentRepackCostTime:0.243s , currentRepackMaxTime:322.849s
Selecting boards with low utilization for repacking...
Completed repack sweep without reducing board count. No-reduction sweeps: 3/3
Global repack result: 2 -> 2 boards.
Start nesting on the 1th large board, remaining blocks count: 24
Utilization of the 1th large board: 97.75495162590701, Time taken for this board: 0.225s
-------------------------------------------------------------------
Start nesting on the 2th large board, remaining blocks count: 14
Utilization of the 2th large board: 58.36766998118785, Time taken for this board: 0.323s
-------------------------------------------------------------------
Start global repack optimization for 2 boards, time=598.686s.
Start improving solution by repacking.
Selecting boards with low utilization for repacking...
Selecting boards with low utilization for repacking...
iter1		 Improve solution by repack 0.9775495162590702->0.5936503628056974 , unplacedBoxesSize:21
currentRepackCostTime:0.076s , currentRepackMaxTime:598.686s
Selecting boards with low utilization for repacking...
Completed repack sweep without reducing board count. No-reduction sweeps: 1/3
Selecting boards with low utilization for repacking...
Selecting boards with low utilization for repacking...
iter1		 Improve solution by repack 0.9675758532652512->0.5936503628056974 , unplacedBoxesSize:21
currentRepackCostTime:0.179s , currentRepackMaxTime:598.686s
Selecting boards with low utilization for repacking...
Completed repack sweep without reducing board count. No-reduction sweeps: 2/3
Selecting boards with low utilization for repacking...
Selecting boards with low utilization for repacking...
iter1		 Improve solution by repack 0.9675758532652512->0.5936503628056974 , unplacedBoxesSize:21
currentRepackCostTime:0.28200000000000003s , currentRepackMaxTime:598.686s
Selecting boards with low utilization for repacking...
Completed repack sweep without reducing board count. No-reduction sweeps: 3/3
Global repack result: 2 -> 2 boards.
