total number of nestable workpieces：164
Processing color group: 0 (1/2), boxes: 50
Allocated time: 182.9s
searchTime: 1000
Start nesting on the 1th large board, remaining blocks count: 51
Utilization of the 1th large board: 99.07551733404999, Time taken for this board: 0.317s
-------------------------------------------------------------------
Start nesting on the 2th large board, remaining blocks count: 39
Utilization of the 2th large board: 97.47490593926365, Time taken for this board: 0.555s
-------------------------------------------------------------------
Start nesting on the 3th large board, remaining blocks count: 27
Utilization of the 3th large board: 97.90808922332705, Time taken for this board: 0.605s
-------------------------------------------------------------------
Start nesting on the 4th large board, remaining blocks count: 15
Utilization of the 4th large board: 93.82222520827733, Time taken for this board: 0.613s
-------------------------------------------------------------------
Start nesting on the 5th large board, remaining blocks count: 8
Utilization of the 5th large board: 68.46842246707874, Time taken for this board: 0.613s
-------------------------------------------------------------------
Start nesting on the 6th large board, remaining blocks count: 1
Utilization of the 6th large board: 23.62631013168503, Time taken for this board: 0.613s
-------------------------------------------------------------------
Found solution: 6


Start improving solution by repacking.
Selecting boards with low utilization for repacking...
Selecting boards with low utilization for repacking...
iter2		 Improve solution by repack 0.6846842246707874->0.23626310131685033 , unplacedBoxesSize:1
currentRepackCostTime:0.158s , currentRepackMaxTime:182.3138292682927s
Selecting boards with low utilization for repacking...
iter2		 Improve solution by repack 0.9182400564364418->0.23626310131685033 , unplacedBoxesSize:1
currentRepackCostTime:0.47500000000000003s , currentRepackMaxTime:182.3138292682927s
Selecting boards with low utilization for repacking...
iter1		 Improve solution by repack 0.9670034936844933->0.23626310131685033 , unplacedBoxesSize:1
currentRepackCostTime:0.721s , currentRepackMaxTime:182.3138292682927s
Selecting boards with low utilization for repacking...
iter1		 Improve solution by repack 0.9747490593926363->0.23626310131685033 , unplacedBoxesSize:1
currentRepackCostTime:0.999s , currentRepackMaxTime:182.3138292682927s
Selecting boards with low utilization for repacking...
iter1		 Improve solution by repack 0.9907551733404999->0.7619638538027412 , unplacedBoxesSize:6
currentRepackCostTime:1.268s , currentRepackMaxTime:182.3138292682927s
iter1		 Improve solution by repack 0.7619638538027412->0.6846842246707874 , unplacedBoxesSize:5
currentRepackCostTime:1.283s , currentRepackMaxTime:182.3138292682927s
iter2		 Improve solution by repack 0.6846842246707874->0.23626310131685033 , unplacedBoxesSize:1
currentRepackCostTime:1.298s , currentRepackMaxTime:182.3138292682927s
Selecting boards with low utilization for repacking...
All low-utilization boards have been repacked once. Restarting repacking process...
Selecting boards with low utilization for repacking...
Selecting boards with low utilization for repacking...
iter1		 Improve solution by repack 0.7442538968019349->0.23626310131685033 , unplacedBoxesSize:1
currentRepackCostTime:1.667s , currentRepackMaxTime:182.3138292682927s
Selecting boards with low utilization for repacking...
iter2		 Improve solution by repack 0.8108200080623489->0.7512503359312013 , unplacedBoxesSize:7
currentRepackCostTime:1.967s , currentRepackMaxTime:182.3138292682927s
iter1		 Improve solution by repack 0.7512503359312013->0.23626310131685033 , unplacedBoxesSize:1
currentRepackCostTime:1.976s , currentRepackMaxTime:182.3138292682927s
Selecting boards with low utilization for repacking...
iter1		 Improve solution by repack 0.960954716474066->0.23626310131685033 , unplacedBoxesSize:1
currentRepackCostTime:2.223s , currentRepackMaxTime:182.3138292682927s
Selecting boards with low utilization for repacking...
iter1		 Improve solution by repack 0.9641406879871003->0.6837463047567858 , unplacedBoxesSize:5
currentRepackCostTime:2.503s , currentRepackMaxTime:182.3138292682927s
iter1		 Improve solution by repack 0.6837463047567858->0.23626310131685033 , unplacedBoxesSize:1
currentRepackCostTime:2.507s , currentRepackMaxTime:182.3138292682927s
Selecting boards with low utilization for repacking...
iter1		 Improve solution by repack 0.7863084520290244->0.23626310131685033 , unplacedBoxesSize:1
currentRepackCostTime:2.755s , currentRepackMaxTime:182.3138292682927s
Selecting boards with low utilization for repacking...
All low-utilization boards have been repacked once. Restarting repacking process...
Selecting boards with low utilization for repacking...
Selecting boards with low utilization for repacking...
iter1		 Improve solution by repack 0.8712805697393173->0.7597356221445847 , unplacedBoxesSize:5
currentRepackCostTime:3.1710000000000003s , currentRepackMaxTime:182.3138292682927s
iter1		 Improve solution by repack 0.7597356221445847->0.7026115291588282 , unplacedBoxesSize:4
currentRepackCostTime:3.1910000000000003s , currentRepackMaxTime:182.3138292682927s
iter1		 Improve solution by repack 0.7026115291588282->0.23626310131685033 , unplacedBoxesSize:1
currentRepackCostTime:3.1990000000000003s , currentRepackMaxTime:182.3138292682927s
Selecting boards with low utilization for repacking...
iter1		 Improve solution by repack 0.839713786616501->0.23626310131685033 , unplacedBoxesSize:1
currentRepackCostTime:3.4490000000000003s , currentRepackMaxTime:182.3138292682927s
Selecting boards with low utilization for repacking...
iter1		 Improve solution by repack 0.9308824912657888->0.8773451357162053 , unplacedBoxesSize:8
currentRepackCostTime:3.716s , currentRepackMaxTime:182.3138292682927s
iter1		 Improve solution by repack 0.8773451357162053->0.23626310131685033 , unplacedBoxesSize:1
currentRepackCostTime:3.724s , currentRepackMaxTime:182.3138292682927s
Selecting boards with low utilization for repacking...
iter1		 Improve solution by repack 0.89818227626982->0.23626310131685033 , unplacedBoxesSize:1
currentRepackCostTime:3.9570000000000003s , currentRepackMaxTime:182.3138292682927s
Selecting boards with low utilization for repacking...
iter1		 Improve solution by repack 0.9833784600913733->0.23626310131685033 , unplacedBoxesSize:1
currentRepackCostTime:4.216s , currentRepackMaxTime:182.3138292682927s
Selecting boards with low utilization for repacking...
All low-utilization boards have been repacked once. Restarting repacking process...
Processing color group: 1 (2/2), boxes: 114
Allocated time: 417.1s
searchTime: 1000
Start nesting on the 1th large board, remaining blocks count: 87
Utilization of the 1th large board: 99.60884170921796, Time taken for this board: 1.0s
-------------------------------------------------------------------
Start nesting on the 2th large board, remaining blocks count: 80
Utilization of the 2th large board: 99.31503628056973, Time taken for this board: 2.0s
-------------------------------------------------------------------
Start nesting on the 3th large board, remaining blocks count: 72
Utilization of the 3th large board: 98.44336199946251, Time taken for this board: 3.0s
-------------------------------------------------------------------
Start nesting on the 4th large board, remaining blocks count: 58
Utilization of the 4th large board: 98.94954313356624, Time taken for this board: 3.29s
-------------------------------------------------------------------
Start nesting on the 5th large board, remaining blocks count: 54
Utilization of the 5th large board: 96.43140284869659, Time taken for this board: 3.5180000000000002s
-------------------------------------------------------------------
Start nesting on the 6th large board, remaining blocks count: 47
Utilization of the 6th large board: 97.85978231658157, Time taken for this board: 3.86s
-------------------------------------------------------------------
Start nesting on the 7th large board, remaining blocks count: 30
Utilization of the 7th large board: 94.56738779897876, Time taken for this board: 3.883s
-------------------------------------------------------------------
Start nesting on the 8th large board, remaining blocks count: 27
Utilization of the 8th large board: 95.6207000806235, Time taken for this board: 3.9010000000000002s
-------------------------------------------------------------------
Start nesting on the 9th large board, remaining blocks count: 20
Utilization of the 9th large board: 86.3050255307713, Time taken for this board: 3.914s
-------------------------------------------------------------------
Start nesting on the 10th large board, remaining blocks count: 12
Utilization of the 10th large board: 69.29452768073098, Time taken for this board: 3.9170000000000003s
-------------------------------------------------------------------
Found solution: 10


Start improving solution by repacking.
Selecting boards with low utilization for repacking...
iter2		 Improve solution by repack 0.6929452768073099->0.6775361126041386 , unplacedBoxesSize:8
currentRepackCostTime:0.07s , currentRepackMaxTime:413.15617073170733s
iter3		 Improve solution by repack 0.6775361126041386->0.6422037086804623 , unplacedBoxesSize:7
currentRepackCostTime:0.178s , currentRepackMaxTime:413.15617073170733s
iter8		 Improve solution by repack 0.6422037086804623->0.6223138941144853 , unplacedBoxesSize:6
currentRepackCostTime:0.352s , currentRepackMaxTime:413.15617073170733s
iter1		 Improve solution by repack 0.6223138941144853->0.6214270357430798 , unplacedBoxesSize:10
currentRepackCostTime:0.391s , currentRepackMaxTime:413.15617073170733s
iter4		 Improve solution by repack 0.6214270357430798->0.6061233539371137 , unplacedBoxesSize:9
currentRepackCostTime:0.483s , currentRepackMaxTime:413.15617073170733s
iter3		 Improve solution by repack 0.6061233539371137->0.6026751881214727 , unplacedBoxesSize:7
currentRepackCostTime:0.542s , currentRepackMaxTime:413.15617073170733s
iter2		 Improve solution by repack 0.6026751881214727->0.5910783391561408 , unplacedBoxesSize:5
currentRepackCostTime:0.607s , currentRepackMaxTime:413.15617073170733s
iter5		 Improve solution by repack 0.5910783391561408->0.5880594934157485 , unplacedBoxesSize:5
currentRepackCostTime:0.6880000000000001s , currentRepackMaxTime:413.15617073170733s
iter7		 Improve solution by repack 0.5880594934157485->0.578551296694437 , unplacedBoxesSize:4
currentRepackCostTime:0.8200000000000001s , currentRepackMaxTime:413.15617073170733s
iter13		 Improve solution by repack 0.578551296694437->0.5772097554420854 , unplacedBoxesSize:4
currentRepackCostTime:1.097s , currentRepackMaxTime:413.15617073170733s
iter1		 Improve solution by repack 0.5772097554420854->0.5724892502015587 , unplacedBoxesSize:6
currentRepackCostTime:1.116s , currentRepackMaxTime:413.15617073170733s
iter8		 Improve solution by repack 0.5724892502015587->0.5519739317387798 , unplacedBoxesSize:5
currentRepackCostTime:1.302s , currentRepackMaxTime:413.15617073170733s
Selecting boards with low utilization for repacking...
iter4		 Improve solution by repack 0.9667119054017738->0.9541453910239183 , unplacedBoxesSize:16
currentRepackCostTime:2.457s , currentRepackMaxTime:413.15617073170733s
iter5		 Improve solution by repack 0.9541453910239183->0.542588013974738 , unplacedBoxesSize:5
currentRepackCostTime:2.606s , currentRepackMaxTime:413.15617073170733s
iter16		 Improve solution by repack 0.542588013974738->0.54126041386724 , unplacedBoxesSize:5
currentRepackCostTime:2.945s , currentRepackMaxTime:413.15617073170733s
iter29		 Improve solution by repack 0.54126041386724->0.5393052942757324 , unplacedBoxesSize:5
currentRepackCostTime:3.5740000000000003s , currentRepackMaxTime:413.15617073170733s
Selecting boards with low utilization for repacking...
iter1		 Improve solution by repack 0.9704165546895995->0.9670579145391023 , unplacedBoxesSize:16
currentRepackCostTime:4.845s , currentRepackMaxTime:413.15617073170733s
iter3		 Improve solution by repack 0.9670579145391023->0.9657887664606288 , unplacedBoxesSize:12
currentRepackCostTime:4.964s , currentRepackMaxTime:413.15617073170733s
iter1		 Improve solution by repack 0.9657887664606288->0.5621795216339693 , unplacedBoxesSize:1
currentRepackCostTime:4.989s , currentRepackMaxTime:413.15617073170733s
iter24		 Improve solution by repack 0.5621795216339693->0.5603910239183015 , unplacedBoxesSize:4
currentRepackCostTime:5.44s , currentRepackMaxTime:413.15617073170733s
iter11		 Improve solution by repack 0.5603910239183015->0.555705455522709 , unplacedBoxesSize:5
currentRepackCostTime:5.683s , currentRepackMaxTime:413.15617073170733s
iter1		 Improve solution by repack 0.555705455522709->0.5400786079011018 , unplacedBoxesSize:7
currentRepackCostTime:5.71s , currentRepackMaxTime:413.15617073170733s
iter9		 Improve solution by repack 0.5400786079011018->0.5368892770760548 , unplacedBoxesSize:10
currentRepackCostTime:5.9190000000000005s , currentRepackMaxTime:413.15617073170733s
iter2		 Improve solution by repack 0.5368892770760548->0.5349986562751948 , unplacedBoxesSize:9
currentRepackCostTime:5.973s , currentRepackMaxTime:413.15617073170733s
iter4		 Improve solution by repack 0.5349986562751948->0.5283532652512765 , unplacedBoxesSize:8
currentRepackCostTime:6.08s , currentRepackMaxTime:413.15617073170733s
iter11		 Improve solution by repack 0.5283532652512765->0.5209285138403654 , unplacedBoxesSize:8
currentRepackCostTime:6.362s , currentRepackMaxTime:413.15617073170733s
iter2		 Improve solution by repack 0.5209285138403654->0.518176565439398 , unplacedBoxesSize:8
currentRepackCostTime:6.404s , currentRepackMaxTime:413.15617073170733s
iter18		 Improve solution by repack 0.518176565439398->0.5177648817522171 , unplacedBoxesSize:9
currentRepackCostTime:6.836s , currentRepackMaxTime:413.15617073170733s
iter34		 Improve solution by repack 0.5177648817522171->0.5163519551195915 , unplacedBoxesSize:9
currentRepackCostTime:7.702s , currentRepackMaxTime:413.15617073170733s
iter1		 Improve solution by repack 0.5163519551195915->0.5150660104810535 , unplacedBoxesSize:10
currentRepackCostTime:7.713s , currentRepackMaxTime:413.15617073170733s
iter6		 Improve solution by repack 0.5150660104810535->0.5146763302875571 , unplacedBoxesSize:10
currentRepackCostTime:7.854s , currentRepackMaxTime:413.15617073170733s
iter10		 Improve solution by repack 0.5146763302875571->0.5038042528890083 , unplacedBoxesSize:9
currentRepackCostTime:8.144s , currentRepackMaxTime:413.15617073170733s
Selecting boards with low utilization for repacking...
iter2		 Improve solution by repack 0.9764189733942489->0.5038042528890083 , unplacedBoxesSize:9
currentRepackCostTime:9.282s , currentRepackMaxTime:413.15617073170733s
Selecting boards with low utilization for repacking...
iter2		 Improve solution by repack 0.9793086535877452->0.5250223394248857 , unplacedBoxesSize:11
currentRepackCostTime:11.103s , currentRepackMaxTime:413.15617073170733s
iter2		 Improve solution by repack 0.5250223394248857->0.5074309661381349 , unplacedBoxesSize:9
currentRepackCostTime:11.167s , currentRepackMaxTime:413.15617073170733s
iter8		 Improve solution by repack 0.5074309661381349->0.5038042528890083 , unplacedBoxesSize:9
currentRepackCostTime:11.382s , currentRepackMaxTime:413.15617073170733s
iter13		 Improve solution by repack 0.5038042528890083->0.5016448871271164 , unplacedBoxesSize:8
currentRepackCostTime:11.706s , currentRepackMaxTime:413.15617073170733s
Selecting boards with low utilization for repacking...
iter1		 Improve solution by repack 0.9846365224402042->0.512928648212846 , unplacedBoxesSize:8
currentRepackCostTime:12.864s , currentRepackMaxTime:413.15617073170733s
iter7		 Improve solution by repack 0.512928648212846->0.5115647675356088 , unplacedBoxesSize:8
currentRepackCostTime:13.035s , currentRepackMaxTime:413.15617073170733s
Selecting boards with low utilization for repacking...
iter2		 Improve solution by repack 0.9807808720773985->0.5278542394517604 , unplacedBoxesSize:6
currentRepackCostTime:14.649000000000001s , currentRepackMaxTime:413.15617073170733s
iter12		 Improve solution by repack 0.5278542394517604->0.5235669174952969 , unplacedBoxesSize:8
currentRepackCostTime:14.923s , currentRepackMaxTime:413.15617073170733s
iter15		 Improve solution by repack 0.5235669174952969->0.5220780704111798 , unplacedBoxesSize:5
currentRepackCostTime:15.284s , currentRepackMaxTime:413.15617073170733s
iter17		 Improve solution by repack 0.5220780704111798->0.5216883902176834 , unplacedBoxesSize:5
currentRepackCostTime:15.629s , currentRepackMaxTime:413.15617073170733s
iter4		 Improve solution by repack 0.5216883902176834->0.5211836535877452 , unplacedBoxesSize:5
currentRepackCostTime:15.711s , currentRepackMaxTime:413.15617073170733s
iter29		 Improve solution by repack 0.5211836535877452->0.519274220639613 , unplacedBoxesSize:5
currentRepackCostTime:16.351s , currentRepackMaxTime:413.15617073170733s
Selecting boards with low utilization for repacking...
iter2		 Improve solution by repack 0.9798011287288363->0.9786552674012363 , unplacedBoxesSize:15
currentRepackCostTime:17.823s , currentRepackMaxTime:413.15617073170733s
iter1		 Improve solution by repack 0.9786552674012363->0.5474274388605214 , unplacedBoxesSize:9
currentRepackCostTime:17.845s , currentRepackMaxTime:413.15617073170733s
iter6		 Improve solution by repack 0.5474274388605214->0.5472299113141629 , unplacedBoxesSize:10
currentRepackCostTime:18.009s , currentRepackMaxTime:413.15617073170733s
iter2		 Improve solution by repack 0.5472299113141629->0.5463504434291857 , unplacedBoxesSize:10
currentRepackCostTime:18.069s , currentRepackMaxTime:413.15617073170733s
iter5		 Improve solution by repack 0.5463504434291857->0.536457269551196 , unplacedBoxesSize:9
currentRepackCostTime:18.222s , currentRepackMaxTime:413.15617073170733s
iter5		 Improve solution by repack 0.536457269551196->0.5320606019887126 , unplacedBoxesSize:11
currentRepackCostTime:18.366s , currentRepackMaxTime:413.15617073170733s
iter1		 Improve solution by repack 0.5320606019887126->0.530735689330825 , unplacedBoxesSize:11
currentRepackCostTime:18.387s , currentRepackMaxTime:413.15617073170733s
iter3		 Improve solution by repack 0.530735689330825->0.5303460091373287 , unplacedBoxesSize:11
currentRepackCostTime:18.45s , currentRepackMaxTime:413.15617073170733s
iter2		 Improve solution by repack 0.5303460091373287->0.5303218220908358 , unplacedBoxesSize:10
currentRepackCostTime:18.490000000000002s , currentRepackMaxTime:413.15617073170733s
iter7		 Improve solution by repack 0.5303218220908358->0.5278547433485622 , unplacedBoxesSize:10
currentRepackCostTime:18.685s , currentRepackMaxTime:413.15617073170733s
iter1		 Improve solution by repack 0.5278547433485622->0.5261478769148079 , unplacedBoxesSize:10
currentRepackCostTime:18.721s , currentRepackMaxTime:413.15617073170733s
iter19		 Improve solution by repack 0.5261478769148079->0.5243472856758936 , unplacedBoxesSize:9
currentRepackCostTime:19.198s , currentRepackMaxTime:413.15617073170733s
iter15		 Improve solution by repack 0.5243472856758936->0.5207232598763772 , unplacedBoxesSize:9
currentRepackCostTime:19.618000000000002s , currentRepackMaxTime:413.15617073170733s
iter7		 Improve solution by repack 0.5207232598763772->0.5172940741736093 , unplacedBoxesSize:9
currentRepackCostTime:19.815s , currentRepackMaxTime:413.15617073170733s
iter4		 Improve solution by repack 0.5172940741736093->0.5159525329212578 , unplacedBoxesSize:9
currentRepackCostTime:19.913s , currentRepackMaxTime:413.15617073170733s
iter7		 Improve solution by repack 0.5159525329212578->0.5123634439666757 , unplacedBoxesSize:8
currentRepackCostTime:20.074s , currentRepackMaxTime:413.15617073170733s
iter12		 Improve solution by repack 0.5123634439666757->0.5110869054017737 , unplacedBoxesSize:8
currentRepackCostTime:20.39s , currentRepackMaxTime:413.15617073170733s
iter23		 Improve solution by repack 0.5110869054017737->0.5089194772910508 , unplacedBoxesSize:5
currentRepackCostTime:20.937s , currentRepackMaxTime:413.15617073170733s
iter1		 Improve solution by repack 0.5089194772910508->0.5060163598495029 , unplacedBoxesSize:5
currentRepackCostTime:20.957s , currentRepackMaxTime:413.15617073170733s
iter10		 Improve solution by repack 0.5060163598495029->0.5029029494759473 , unplacedBoxesSize:5
currentRepackCostTime:21.187s , currentRepackMaxTime:413.15617073170733s
Selecting boards with low utilization for repacking...
iter2		 Improve solution by repack 0.982087476484816->0.9763386858371406 , unplacedBoxesSize:16
currentRepackCostTime:22.308s , currentRepackMaxTime:413.15617073170733s
iter5		 Improve solution by repack 0.9763386858371406->0.5374677506046762 , unplacedBoxesSize:7
currentRepackCostTime:22.449s , currentRepackMaxTime:413.15617073170733s
Selecting boards with low utilization for repacking...
iter1		 Improve solution by repack 0.9893462778822897->0.5374677506046762 , unplacedBoxesSize:7
currentRepackCostTime:24.123s , currentRepackMaxTime:413.15617073170733s
Selecting boards with low utilization for repacking...
All low-utilization boards have been repacked once. Restarting repacking process...
Selecting boards with low utilization for repacking...
Selecting boards with low utilization for repacking...
iter2		 Improve solution by repack 0.960932545014781->0.9603285407148616 , unplacedBoxesSize:14
currentRepackCostTime:26.858s , currentRepackMaxTime:413.15617073170733s
iter2		 Improve solution by repack 0.9603285407148616->0.9553016662187584 , unplacedBoxesSize:13
currentRepackCostTime:26.908s , currentRepackMaxTime:413.15617073170733s
iter1		 Improve solution by repack 0.9553016662187584->0.9442429790378931 , unplacedBoxesSize:15
currentRepackCostTime:26.952s , currentRepackMaxTime:413.15617073170733s
iter1		 Improve solution by repack 0.9442429790378931->0.9353757390486428 , unplacedBoxesSize:16
currentRepackCostTime:26.98s , currentRepackMaxTime:413.15617073170733s
iter1		 Improve solution by repack 0.9353757390486428->0.524576558720774 , unplacedBoxesSize:9
currentRepackCostTime:27.018s , currentRepackMaxTime:413.15617073170733s
iter23		 Improve solution by repack 0.524576558720774->0.5242332370330556 , unplacedBoxesSize:10
currentRepackCostTime:27.563s , currentRepackMaxTime:413.15617073170733s
iter3		 Improve solution by repack 0.5242332370330556->0.5240148817522171 , unplacedBoxesSize:10
currentRepackCostTime:27.632s , currentRepackMaxTime:413.15617073170733s
iter1		 Improve solution by repack 0.5240148817522171->0.5225602996506316 , unplacedBoxesSize:7
currentRepackCostTime:27.671s , currentRepackMaxTime:413.15617073170733s
Selecting boards with low utilization for repacking...
iter1		 Improve solution by repack 0.9684920048374094->0.5225602996506316 , unplacedBoxesSize:7
currentRepackCostTime:28.580000000000002s , currentRepackMaxTime:413.15617073170733s
Selecting boards with low utilization for repacking...
iter2		 Improve solution by repack 0.9733680462241333->0.5269784668099973 , unplacedBoxesSize:10
currentRepackCostTime:30.298000000000002s , currentRepackMaxTime:413.15617073170733s
iter1		 Improve solution by repack 0.5269784668099973->0.5157163732867508 , unplacedBoxesSize:10
currentRepackCostTime:30.355s , currentRepackMaxTime:413.15617073170733s
iter27		 Improve solution by repack 0.5157163732867508->0.5155699072829885 , unplacedBoxesSize:11
currentRepackCostTime:31.151s , currentRepackMaxTime:413.15617073170733s
iter13		 Improve solution by repack 0.5155699072829885->0.5152581631281914 , unplacedBoxesSize:10
currentRepackCostTime:31.537s , currentRepackMaxTime:413.15617073170733s
Selecting boards with low utilization for repacking...
iter6		 Improve solution by repack 0.9769712442891696->0.5255269080892233 , unplacedBoxesSize:9
currentRepackCostTime:33.524s , currentRepackMaxTime:413.15617073170733s
iter3		 Improve solution by repack 0.5255269080892233->0.5166341373286751 , unplacedBoxesSize:10
currentRepackCostTime:33.591s , currentRepackMaxTime:413.15617073170733s
Selecting boards with low utilization for repacking...
iter7		 Improve solution by repack 0.9769712442891696->0.5264649959688256 , unplacedBoxesSize:9
currentRepackCostTime:35.636s , currentRepackMaxTime:413.15617073170733s
iter11		 Improve solution by repack 0.5264649959688256->0.5144188390217683 , unplacedBoxesSize:8
currentRepackCostTime:35.947s , currentRepackMaxTime:413.15617073170733s
iter3		 Improve solution by repack 0.5144188390217683->0.5130428648212846 , unplacedBoxesSize:8
currentRepackCostTime:36.013s , currentRepackMaxTime:413.15617073170733s
iter8		 Improve solution by repack 0.5130428648212846->0.5129454447729105 , unplacedBoxesSize:8
currentRepackCostTime:36.246s , currentRepackMaxTime:413.15617073170733s
iter3		 Improve solution by repack 0.5129454447729105->0.5124119860252621 , unplacedBoxesSize:8
currentRepackCostTime:36.322s , currentRepackMaxTime:413.15617073170733s
iter10		 Improve solution by repack 0.5124119860252621->0.5043592112335393 , unplacedBoxesSize:7
currentRepackCostTime:36.646s , currentRepackMaxTime:413.15617073170733s
iter15		 Improve solution by repack 0.5043592112335393->0.5029832370330556 , unplacedBoxesSize:7
currentRepackCostTime:37.016s , currentRepackMaxTime:413.15617073170733s
Selecting boards with low utilization for repacking...
iter4		 Improve solution by repack 0.9803722117710293->0.5310066178446654 , unplacedBoxesSize:10
currentRepackCostTime:38.341s , currentRepackMaxTime:413.15617073170733s
iter17		 Improve solution by repack 0.5310066178446654->0.5296306436441817 , unplacedBoxesSize:10
currentRepackCostTime:38.77s , currentRepackMaxTime:413.15617073170733s
iter1		 Improve solution by repack 0.5296306436441817->0.5291107901101855 , unplacedBoxesSize:8
currentRepackCostTime:38.796s , currentRepackMaxTime:413.15617073170733s
iter4		 Improve solution by repack 0.5291107901101855->0.5254632491265789 , unplacedBoxesSize:7
currentRepackCostTime:38.92s , currentRepackMaxTime:413.15617073170733s
iter4		 Improve solution by repack 0.5254632491265789->0.5237002821822091 , unplacedBoxesSize:9
currentRepackCostTime:39.004s , currentRepackMaxTime:413.15617073170733s
iter2		 Improve solution by repack 0.5237002821822091->0.5233838349905939 , unplacedBoxesSize:9
currentRepackCostTime:39.054s , currentRepackMaxTime:413.15617073170733s
iter1		 Improve solution by repack 0.5233838349905939->0.5217629669443699 , unplacedBoxesSize:4
currentRepackCostTime:39.079s , currentRepackMaxTime:413.15617073170733s
iter11		 Improve solution by repack 0.5217629669443699->0.5215849234076861 , unplacedBoxesSize:6
currentRepackCostTime:39.348s , currentRepackMaxTime:413.15617073170733s
iter1		 Improve solution by repack 0.5215849234076861->0.5206191212039774 , unplacedBoxesSize:9
currentRepackCostTime:39.369s , currentRepackMaxTime:413.15617073170733s
iter17		 Improve solution by repack 0.5206191212039774->0.5166210360118249 , unplacedBoxesSize:11
currentRepackCostTime:39.799s , currentRepackMaxTime:413.15617073170733s
iter2		 Improve solution by repack 0.5166210360118249->0.5156790849234076 , unplacedBoxesSize:10
currentRepackCostTime:39.857s , currentRepackMaxTime:413.15617073170733s
iter2		 Improve solution by repack 0.5156790849234076->0.5112891359849503 , unplacedBoxesSize:10
currentRepackCostTime:39.896s , currentRepackMaxTime:413.15617073170733s
iter2		 Improve solution by repack 0.5112891359849503->0.5089120868046224 , unplacedBoxesSize:10
currentRepackCostTime:39.949s , currentRepackMaxTime:413.15617073170733s
iter12		 Improve solution by repack 0.5089120868046224->0.505000503896802 , unplacedBoxesSize:9
currentRepackCostTime:40.308s , currentRepackMaxTime:413.15617073170733s
Selecting boards with low utilization for repacking...
iter2		 Improve solution by repack 0.982087476484816->0.5142290378930394 , unplacedBoxesSize:12
currentRepackCostTime:41.968s , currentRepackMaxTime:413.15617073170733s
iter1		 Improve solution by repack 0.5142290378930394->0.513825248589089 , unplacedBoxesSize:12
currentRepackCostTime:41.989000000000004s , currentRepackMaxTime:413.15617073170733s
iter17		 Improve solution by repack 0.513825248589089->0.509439330825047 , unplacedBoxesSize:10
currentRepackCostTime:42.492000000000004s , currentRepackMaxTime:413.15617073170733s
iter17		 Improve solution by repack 0.509439330825047->0.5059108774522978 , unplacedBoxesSize:7
currentRepackCostTime:42.958s , currentRepackMaxTime:413.15617073170733s
iter2		 Improve solution by repack 0.5059108774522978->0.503070075248589 , unplacedBoxesSize:10
currentRepackCostTime:43.021s , currentRepackMaxTime:413.15617073170733s
iter1		 Improve solution by repack 0.503070075248589->0.5016941010481053 , unplacedBoxesSize:10
currentRepackCostTime:43.058s , currentRepackMaxTime:413.15617073170733s
iter2		 Improve solution by repack 0.5016941010481053->0.5008562886320882 , unplacedBoxesSize:10
currentRepackCostTime:43.099000000000004s , currentRepackMaxTime:413.15617073170733s
iter22		 Improve solution by repack 0.5008562886320882->0.4992767401236227 , unplacedBoxesSize:9
currentRepackCostTime:43.716s , currentRepackMaxTime:413.15617073170733s
iter25		 Improve solution by repack 0.4992767401236227->0.4961001746842247 , unplacedBoxesSize:10
currentRepackCostTime:44.335s , currentRepackMaxTime:413.15617073170733s
iter15		 Improve solution by repack 0.4961001746842247->0.49091474066111257 , unplacedBoxesSize:10
currentRepackCostTime:44.757s , currentRepackMaxTime:413.15617073170733s
iter6		 Improve solution by repack 0.49091474066111257->0.49073938457403926 , unplacedBoxesSize:10
currentRepackCostTime:44.941s , currentRepackMaxTime:413.15617073170733s
iter7		 Improve solution by repack 0.49073938457403926->0.4881172735823704 , unplacedBoxesSize:9
currentRepackCostTime:45.158s , currentRepackMaxTime:413.15617073170733s
Selecting boards with low utilization for repacking...
iter1		 Improve solution by repack 0.9906725342649825->0.9906454918032787 , unplacedBoxesSize:18
currentRepackCostTime:46.824s , currentRepackMaxTime:413.15617073170733s
iter4		 Improve solution by repack 0.9906454918032787->0.5320417898414405 , unplacedBoxesSize:7
currentRepackCostTime:46.957s , currentRepackMaxTime:413.15617073170733s
Selecting boards with low utilization for repacking...
iter2		 Improve solution by repack 0.9906752217145928->0.9676761959150765 , unplacedBoxesSize:22
currentRepackCostTime:48.499s , currentRepackMaxTime:413.15617073170733s
iter1		 Improve solution by repack 0.9676761959150765->0.9586033660306369 , unplacedBoxesSize:19
currentRepackCostTime:48.533s , currentRepackMaxTime:413.15617073170733s
iter5		 Improve solution by repack 0.9586033660306369->0.9557587006181134 , unplacedBoxesSize:21
currentRepackCostTime:48.666000000000004s , currentRepackMaxTime:413.15617073170733s
iter2		 Improve solution by repack 0.9557587006181134->0.5291722655200215 , unplacedBoxesSize:11
currentRepackCostTime:48.74s , currentRepackMaxTime:413.15617073170733s
iter28		 Improve solution by repack 0.5291722655200215->0.5268731523783929 , unplacedBoxesSize:11
currentRepackCostTime:49.457s , currentRepackMaxTime:413.15617073170733s
Selecting boards with low utilization for repacking...
All low-utilization boards have been repacked once. Restarting repacking process...
Selecting boards with low utilization for repacking...
Selecting boards with low utilization for repacking...
iter10		 Improve solution by repack 0.9586282249395325->0.9556122346143511 , unplacedBoxesSize:17
currentRepackCostTime:52.788000000000004s , currentRepackMaxTime:413.15617073170733s
iter1		 Improve solution by repack 0.9556122346143511->0.9548523582370331 , unplacedBoxesSize:16
currentRepackCostTime:52.811s , currentRepackMaxTime:413.15617073170733s
iter1		 Improve solution by repack 0.9548523582370331->0.5641749529696318 , unplacedBoxesSize:9
currentRepackCostTime:52.859s , currentRepackMaxTime:413.15617073170733s
iter2		 Improve solution by repack 0.5641749529696318->0.541709889814566 , unplacedBoxesSize:8
currentRepackCostTime:52.913000000000004s , currentRepackMaxTime:413.15617073170733s
iter17		 Improve solution by repack 0.541709889814566->0.5299010682612201 , unplacedBoxesSize:7
currentRepackCostTime:53.33s , currentRepackMaxTime:413.15617073170733s
iter17		 Improve solution by repack 0.5299010682612201->0.5225754165546896 , unplacedBoxesSize:7
currentRepackCostTime:53.779s , currentRepackMaxTime:413.15617073170733s
Selecting boards with low utilization for repacking...
iter4		 Improve solution by repack 0.9732121741467347->0.5225754165546896 , unplacedBoxesSize:7
currentRepackCostTime:55.301s , currentRepackMaxTime:413.15617073170733s
iter30		 Improve solution by repack 0.5225754165546896->0.5217836267132492 , unplacedBoxesSize:7
currentRepackCostTime:56.058s , currentRepackMaxTime:413.15617073170733s
iter28		 Improve solution by repack 0.5217836267132492->0.5195347352862133 , unplacedBoxesSize:7
currentRepackCostTime:56.766s , currentRepackMaxTime:413.15617073170733s
iter14		 Improve solution by repack 0.5195347352862133->0.5184595874764848 , unplacedBoxesSize:7
currentRepackCostTime:57.124s , currentRepackMaxTime:413.15617073170733s
iter30		 Improve solution by repack 0.5184595874764848->0.5171457605482397 , unplacedBoxesSize:8
currentRepackCostTime:57.876s , currentRepackMaxTime:413.15617073170733s
Selecting boards with low utilization for repacking...
iter2		 Improve solution by repack 0.9670673206127386->0.9589838081160978 , unplacedBoxesSize:15
currentRepackCostTime:58.929s , currentRepackMaxTime:413.15617073170733s
iter1		 Improve solution by repack 0.9589838081160978->0.5425913732867509 , unplacedBoxesSize:2
currentRepackCostTime:58.967s , currentRepackMaxTime:413.15617073170733s
iter5		 Improve solution by repack 0.5425913732867509->0.5370115560333244 , unplacedBoxesSize:6
currentRepackCostTime:59.061s , currentRepackMaxTime:413.15617073170733s
iter1		 Improve solution by repack 0.5370115560333244->0.5352022305831766 , unplacedBoxesSize:7
currentRepackCostTime:59.091s , currentRepackMaxTime:413.15617073170733s
iter1		 Improve solution by repack 0.5352022305831766->0.5334646264445042 , unplacedBoxesSize:6
currentRepackCostTime:59.116s , currentRepackMaxTime:413.15617073170733s
iter13		 Improve solution by repack 0.5334646264445042->0.5280354743348562 , unplacedBoxesSize:6
currentRepackCostTime:59.394s , currentRepackMaxTime:413.15617073170733s
Selecting boards with low utilization for repacking...
iter1		 Improve solution by repack 0.9698903184627788->0.5361757592045149 , unplacedBoxesSize:7
currentRepackCostTime:60.542s , currentRepackMaxTime:413.15617073170733s
iter34		 Improve solution by repack 0.5361757592045149->0.5352962913195377 , unplacedBoxesSize:7
currentRepackCostTime:61.396s , currentRepackMaxTime:413.15617073170733s
iter1		 Improve solution by repack 0.5352962913195377->0.5329656006449879 , unplacedBoxesSize:7
currentRepackCostTime:61.438s , currentRepackMaxTime:413.15617073170733s
Selecting boards with low utilization for repacking...
iter1		 Improve solution by repack 0.9801034668099974->0.9651864418167159 , unplacedBoxesSize:10
currentRepackCostTime:62.423s , currentRepackMaxTime:413.15617073170733s
iter1		 Improve solution by repack 0.9651864418167159->0.9631068597151303 , unplacedBoxesSize:15
currentRepackCostTime:62.443s , currentRepackMaxTime:413.15617073170733s
iter1		 Improve solution by repack 0.9631068597151303->0.9552823501746842 , unplacedBoxesSize:17
currentRepackCostTime:62.475s , currentRepackMaxTime:413.15617073170733s
iter2		 Improve solution by repack 0.9552823501746842->0.5340766930932546 , unplacedBoxesSize:7
currentRepackCostTime:62.533s , currentRepackMaxTime:413.15617073170733s
iter3		 Improve solution by repack 0.5340766930932546->0.5304425893576996 , unplacedBoxesSize:7
currentRepackCostTime:62.594s , currentRepackMaxTime:413.15617073170733s
iter12		 Improve solution by repack 0.5304425893576996->0.5271951424348293 , unplacedBoxesSize:7
currentRepackCostTime:62.901s , currentRepackMaxTime:413.15617073170733s
iter1		 Improve solution by repack 0.5271951424348293->0.5166260749798441 , unplacedBoxesSize:9
currentRepackCostTime:62.919000000000004s , currentRepackMaxTime:413.15617073170733s
Selecting boards with low utilization for repacking...
iter1		 Improve solution by repack 0.9699442354205858->0.9685682612201021 , unplacedBoxesSize:11
currentRepackCostTime:64.246s , currentRepackMaxTime:413.15617073170733s
iter4		 Improve solution by repack 0.9685682612201021->0.9665835796828809 , unplacedBoxesSize:17
currentRepackCostTime:64.355s , currentRepackMaxTime:413.15617073170733s
iter2		 Improve solution by repack 0.9665835796828809->0.5244779629131954 , unplacedBoxesSize:9
currentRepackCostTime:64.44s , currentRepackMaxTime:413.15617073170733s
iter14		 Improve solution by repack 0.5244779629131954->0.523189330825047 , unplacedBoxesSize:6
currentRepackCostTime:64.795s , currentRepackMaxTime:413.15617073170733s
iter6		 Improve solution by repack 0.523189330825047->0.5200309056705187 , unplacedBoxesSize:8
currentRepackCostTime:64.922s , currentRepackMaxTime:413.15617073170733s
iter1		 Improve solution by repack 0.5200309056705187->0.5181454918032787 , unplacedBoxesSize:11
currentRepackCostTime:64.958s , currentRepackMaxTime:413.15617073170733s
iter3		 Improve solution by repack 0.5181454918032787->0.5167090499865628 , unplacedBoxesSize:11
currentRepackCostTime:65.05s , currentRepackMaxTime:413.15617073170733s
iter2		 Improve solution by repack 0.5167090499865628->0.514862772104273 , unplacedBoxesSize:11
currentRepackCostTime:65.107s , currentRepackMaxTime:413.15617073170733s
iter23		 Improve solution by repack 0.514862772104273->0.5096141830153185 , unplacedBoxesSize:8
currentRepackCostTime:65.70700000000001s , currentRepackMaxTime:413.15617073170733s
Selecting boards with low utilization for repacking...
iter2		 Improve solution by repack 0.9827445579145391->0.9818637463047567 , unplacedBoxesSize:18
currentRepackCostTime:67.058s , currentRepackMaxTime:413.15617073170733s
iter3		 Improve solution by repack 0.9818637463047567->0.5254721513034131 , unplacedBoxesSize:6
currentRepackCostTime:67.18s , currentRepackMaxTime:413.15617073170733s
iter23		 Improve solution by repack 0.5254721513034131->0.5244670451491534 , unplacedBoxesSize:6
currentRepackCostTime:67.748s , currentRepackMaxTime:413.15617073170733s
Selecting boards with low utilization for repacking...
iter1		 Improve solution by repack 0.9849596882558452->0.9811784466541252 , unplacedBoxesSize:10
currentRepackCostTime:68.78s , currentRepackMaxTime:413.15617073170733s
iter3		 Improve solution by repack 0.9811784466541252->0.551495565708143 , unplacedBoxesSize:3
currentRepackCostTime:68.854s , currentRepackMaxTime:413.15617073170733s
iter2		 Improve solution by repack 0.551495565708143->0.5425913732867509 , unplacedBoxesSize:2
currentRepackCostTime:68.875s , currentRepackMaxTime:413.15617073170733s
iter15		 Improve solution by repack 0.5425913732867509->0.5367219833378124 , unplacedBoxesSize:8
currentRepackCostTime:69.191s , currentRepackMaxTime:413.15617073170733s
iter3		 Improve solution by repack 0.5367219833378124->0.5332128460091373 , unplacedBoxesSize:7
currentRepackCostTime:69.288s , currentRepackMaxTime:413.15617073170733s
iter17		 Improve solution by repack 0.5332128460091373->0.5330126310131685 , unplacedBoxesSize:8
currentRepackCostTime:69.697s , currentRepackMaxTime:413.15617073170733s
iter13		 Improve solution by repack 0.5330126310131685->0.5236972588013975 , unplacedBoxesSize:8
currentRepackCostTime:70.052s , currentRepackMaxTime:413.15617073170733s
iter4		 Improve solution by repack 0.5236972588013975->0.5223212846009138 , unplacedBoxesSize:8
currentRepackCostTime:70.179s , currentRepackMaxTime:413.15617073170733s
Selecting boards with low utilization for repacking...
iter1		 Improve solution by repack 0.9904850846546628->0.9882128460091373 , unplacedBoxesSize:12
currentRepackCostTime:71.544s , currentRepackMaxTime:413.15617073170733s
iter1		 Improve solution by repack 0.9882128460091373->0.9801276538564903 , unplacedBoxesSize:14
currentRepackCostTime:71.56700000000001s , currentRepackMaxTime:413.15617073170733s
iter2		 Improve solution by repack 0.9801276538564903->0.5290822359580758 , unplacedBoxesSize:9
currentRepackCostTime:71.613s , currentRepackMaxTime:413.15617073170733s
iter17		 Improve solution by repack 0.5290822359580758->0.5282316581564096 , unplacedBoxesSize:8
currentRepackCostTime:72.089s , currentRepackMaxTime:413.15617073170733s
Selecting boards with low utilization for repacking...
All low-utilization boards have been repacked once. Restarting repacking process...
