total number of nestable workpieces：124
Start priority-first combined packing.
Start nesting on the 1th large board, remaining blocks count: 78
Utilization of the 1th large board: 97.91799919376513, Time taken for this board: 0.731s
-------------------------------------------------------------------
Start nesting on the 2th large board, remaining blocks count: 73
Utilization of the 2th large board: 98.121875839828, Time taken for this board: 1.731s
-------------------------------------------------------------------
Start nesting on the 3th large board, remaining blocks count: 62
Utilization of the 3th large board: 98.78856490190809, Time taken for this board: 2.278s
-------------------------------------------------------------------
Start nesting on the 4th large board, remaining blocks count: 48
Utilization of the 4th large board: 97.18755878796023, Time taken for this board: 2.579s
-------------------------------------------------------------------
Start nesting on the 5th large board, remaining blocks count: 33
Utilization of the 5th large board: 97.76998790647676, Time taken for this board: 2.964s
-------------------------------------------------------------------
Start nesting on the 6th large board, remaining blocks count: 20
Utilization of the 6th large board: 81.46822332706262, Time taken for this board: 3.055s
-------------------------------------------------------------------
Start nesting on the 1th large board, remaining blocks count: 47
Utilization of the 1th large board: 95.92167764041923, Time taken for this board: 0.12s
-------------------------------------------------------------------
Start nesting on the 2th large board, remaining blocks count: 42
Utilization of the 2th large board: 95.29925423273313, Time taken for this board: 0.338s
-------------------------------------------------------------------
Start nesting on the 3th large board, remaining blocks count: 24
Utilization of the 3th large board: 96.4351820747111, Time taken for this board: 0.392s
-------------------------------------------------------------------
Start nesting on the 4th large board, remaining blocks count: 16
Utilization of the 4th large board: 78.62308183284063, Time taken for this board: 0.41000000000000003s
-------------------------------------------------------------------
