total number of nestable workpieces：442
Processing color group: 0 (1/2), boxes: 169
Allocated time: 229.4s
searchTime: 1000
Start nesting on the 1th large board, remaining blocks count: 199
Utilization of the 1th large board: 98.9629131953776, Time taken for this board: 1.0s
-------------------------------------------------------------------
Start nesting on the 2th large board, remaining blocks count: 189
Utilization of the 2th large board: 99.4340108505778, Time taken for this board: 2.0s
-------------------------------------------------------------------
Start nesting on the 3th large board, remaining blocks count: 180
Utilization of the 3th large board: 99.31906745498523, Time taken for this board: 3.0s
-------------------------------------------------------------------
Start nesting on the 4th large board, remaining blocks count: 171
Utilization of the 4th large board: 98.86920938591776, Time taken for this board: 4.0s
-------------------------------------------------------------------
Start nesting on the 5th large board, remaining blocks count: 163
Utilization of the 5th large board: 98.75853265251277, Time taken for this board: 5.0s
-------------------------------------------------------------------
Start nesting on the 6th large board, remaining blocks count: 146
Utilization of the 6th large board: 99.35051027949476, Time taken for this board: 6.003s
-------------------------------------------------------------------
Start nesting on the 7th large board, remaining blocks count: 123
Utilization of the 7th large board: 99.25082756651437, Time taken for this board: 7.003s
-------------------------------------------------------------------
Start nesting on the 8th large board, remaining blocks count: 110
Utilization of the 8th large board: 98.49931587610857, Time taken for this board: 8.004s
-------------------------------------------------------------------
Start nesting on the 9th large board, remaining blocks count: 88
Utilization of the 9th large board: 97.61623219564633, Time taken for this board: 9.004s
-------------------------------------------------------------------
Start nesting on the 10th large board, remaining blocks count: 62
Utilization of the 10th large board: 99.06534567320612, Time taken for this board: 9.309000000000001s
-------------------------------------------------------------------
Start nesting on the 11th large board, remaining blocks count: 44
Utilization of the 11th large board: 97.15480112872885, Time taken for this board: 9.522s
-------------------------------------------------------------------
Start nesting on the 12th large board, remaining blocks count: 18
Utilization of the 12th large board: 93.45092011556034, Time taken for this board: 9.536s
-------------------------------------------------------------------
Start nesting on the 13th large board, remaining blocks count: 2
Utilization of the 13th large board: 24.63719430260683, Time taken for this board: 9.536s
-------------------------------------------------------------------
Found solution: 13


Start improving solution by repacking.
Selecting boards with low utilization for repacking...
iter3		 Improve solution by repack 0.24637194302606824->0.24511623219564635 , unplacedBoxesSize:4
currentRepackCostTime:0.07s , currentRepackMaxTime:219.87576470588235s
iter3		 Improve solution by repack 0.24511623219564635->0.23970370532115023 , unplacedBoxesSize:5
currentRepackCostTime:0.221s , currentRepackMaxTime:219.87576470588235s
iter16		 Improve solution by repack 0.23970370532115023->0.234718489653319 , unplacedBoxesSize:7
currentRepackCostTime:0.714s , currentRepackMaxTime:219.87576470588235s
iter16		 Improve solution by repack 0.234718489653319->0.23315842515452836 , unplacedBoxesSize:5
currentRepackCostTime:1.367s , currentRepackMaxTime:219.87576470588235s
iter18		 Improve solution by repack 0.23315842515452836->0.23125571083042193 , unplacedBoxesSize:6
currentRepackCostTime:2.0340000000000003s , currentRepackMaxTime:219.87576470588235s
iter6		 Improve solution by repack 0.23125571083042193->0.22702810400429993 , unplacedBoxesSize:9
currentRepackCostTime:2.217s , currentRepackMaxTime:219.87576470588235s
iter9		 Improve solution by repack 0.22702810400429993->0.22444302606826122 , unplacedBoxesSize:7
currentRepackCostTime:2.644s , currentRepackMaxTime:219.87576470588235s
iter1		 Improve solution by repack 0.22444302606826122->0.22066447191615157 , unplacedBoxesSize:7
currentRepackCostTime:2.678s , currentRepackMaxTime:219.87576470588235s
iter61		 Improve solution by repack 0.22066447191615157->0.21909365761891966 , unplacedBoxesSize:8
currentRepackCostTime:5.079s , currentRepackMaxTime:219.87576470588235s
iter31		 Improve solution by repack 0.21909365761891966->0.2182846126713249 , unplacedBoxesSize:8
currentRepackCostTime:6.351s , currentRepackMaxTime:219.87576470588235s
iter2		 Improve solution by repack 0.2182846126713249->0.21505295451491535 , unplacedBoxesSize:9
currentRepackCostTime:6.515000000000001s , currentRepackMaxTime:219.87576470588235s
iter2		 Improve solution by repack 0.21505295451491535->0.21466327432141896 , unplacedBoxesSize:9
currentRepackCostTime:6.591s , currentRepackMaxTime:219.87576470588235s
iter2		 Improve solution by repack 0.21466327432141896->0.2115170653050255 , unplacedBoxesSize:7
currentRepackCostTime:6.666s , currentRepackMaxTime:219.87576470588235s
Selecting boards with low utilization for repacking...
iter3		 Improve solution by repack 0.9761623219564634->0.24651763638806773 , unplacedBoxesSize:7
currentRepackCostTime:10.597s , currentRepackMaxTime:219.87576470588235s
iter6		 Improve solution by repack 0.24651763638806773->0.2464978164471916 , unplacedBoxesSize:7
currentRepackCostTime:10.839s , currentRepackMaxTime:219.87576470588235s
iter4		 Improve solution by repack 0.2464978164471916->0.2401296660843859 , unplacedBoxesSize:8
currentRepackCostTime:11.012s , currentRepackMaxTime:219.87576470588235s
iter11		 Improve solution by repack 0.2401296660843859->0.23926363880677234 , unplacedBoxesSize:10
currentRepackCostTime:11.406s , currentRepackMaxTime:219.87576470588235s
iter1		 Improve solution by repack 0.23926363880677234->0.2345759322090836 , unplacedBoxesSize:10
currentRepackCostTime:11.494s , currentRepackMaxTime:219.87576470588235s
iter7		 Improve solution by repack 0.2345759322090836->0.23036414942219835 , unplacedBoxesSize:10
currentRepackCostTime:11.808s , currentRepackMaxTime:219.87576470588235s
iter1		 Improve solution by repack 0.23036414942219835->0.23035474334856224 , unplacedBoxesSize:9
currentRepackCostTime:11.827s , currentRepackMaxTime:219.87576470588235s
iter1		 Improve solution by repack 0.23035474334856224->0.2226316850309057 , unplacedBoxesSize:6
currentRepackCostTime:11.92s , currentRepackMaxTime:219.87576470588235s
iter6		 Improve solution by repack 0.2226316850309057->0.22095606019887126 , unplacedBoxesSize:6
currentRepackCostTime:12.146s , currentRepackMaxTime:219.87576470588235s
iter3		 Improve solution by repack 0.22095606019887126->0.21831630945982264 , unplacedBoxesSize:9
currentRepackCostTime:12.273s , currentRepackMaxTime:219.87576470588235s
iter4		 Improve solution by repack 0.21831630945982264->0.2166245599301263 , unplacedBoxesSize:8
currentRepackCostTime:12.447000000000001s , currentRepackMaxTime:219.87576470588235s
iter18		 Improve solution by repack 0.2166245599301263->0.21276773716742808 , unplacedBoxesSize:7
currentRepackCostTime:13.253s , currentRepackMaxTime:219.87576470588235s
iter10		 Improve solution by repack 0.21276773716742808->0.21188222252082775 , unplacedBoxesSize:8
currentRepackCostTime:13.685s , currentRepackMaxTime:219.87576470588235s
iter24		 Improve solution by repack 0.21188222252082775->0.21133230314431606 , unplacedBoxesSize:9
currentRepackCostTime:14.651s , currentRepackMaxTime:219.87576470588235s
iter1		 Improve solution by repack 0.21133230314431606->0.20551061542596077 , unplacedBoxesSize:11
currentRepackCostTime:14.75s , currentRepackMaxTime:219.87576470588235s
iter12		 Improve solution by repack 0.20551061542596077->0.20343926363880677 , unplacedBoxesSize:7
currentRepackCostTime:15.361s , currentRepackMaxTime:219.87576470588235s
iter31		 Improve solution by repack 0.20343926363880677->0.20237738511152917 , unplacedBoxesSize:8
currentRepackCostTime:16.641000000000002s , currentRepackMaxTime:219.87576470588235s
iter22		 Improve solution by repack 0.20237738511152917->0.20107195646331633 , unplacedBoxesSize:8
currentRepackCostTime:17.521s , currentRepackMaxTime:219.87576470588235s
iter6		 Improve solution by repack 0.20107195646331633->0.19818652076054824 , unplacedBoxesSize:10
currentRepackCostTime:17.848s , currentRepackMaxTime:219.87576470588235s
iter10		 Improve solution by repack 0.19818652076054824->0.19715185266057514 , unplacedBoxesSize:9
currentRepackCostTime:18.328s , currentRepackMaxTime:219.87576470588235s
iter14		 Improve solution by repack 0.19715185266057514->0.19321473562214458 , unplacedBoxesSize:7
currentRepackCostTime:19.044s , currentRepackMaxTime:219.87576470588235s
iter1		 Improve solution by repack 0.19321473562214458->0.1921988796694437 , unplacedBoxesSize:7
currentRepackCostTime:19.066s , currentRepackMaxTime:219.87576470588235s
iter13		 Improve solution by repack 0.1921988796694437->0.1883014058720774 , unplacedBoxesSize:7
currentRepackCostTime:19.645s , currentRepackMaxTime:219.87576470588235s
Selecting boards with low utilization for repacking...
iter5		 Improve solution by repack 0.9741591642031712->0.1926397440204246 , unplacedBoxesSize:8
currentRepackCostTime:25.019000000000002s , currentRepackMaxTime:219.87576470588235s
iter10		 Improve solution by repack 0.1926397440204246->0.18970102123085192 , unplacedBoxesSize:8
currentRepackCostTime:25.434s , currentRepackMaxTime:219.87576470588235s
iter54		 Improve solution by repack 0.18970102123085192->0.18963450685299651 , unplacedBoxesSize:7
currentRepackCostTime:27.78s , currentRepackMaxTime:219.87576470588235s
iter52		 Improve solution by repack 0.18963450685299651->0.18812416017199676 , unplacedBoxesSize:7
currentRepackCostTime:29.874000000000002s , currentRepackMaxTime:219.87576470588235s
iter44		 Improve solution by repack 0.18812416017199676->0.18611764310669174 , unplacedBoxesSize:7
currentRepackCostTime:31.810000000000002s , currentRepackMaxTime:219.87576470588235s
iter22		 Improve solution by repack 0.18611764310669174->0.18440943294813222 , unplacedBoxesSize:8
currentRepackCostTime:32.599000000000004s , currentRepackMaxTime:219.87576470588235s
iter8		 Improve solution by repack 0.18440943294813222->0.18330354743348562 , unplacedBoxesSize:7
currentRepackCostTime:32.989s , currentRepackMaxTime:219.87576470588235s
Selecting boards with low utilization for repacking...
iter8		 Improve solution by repack 0.9838386858371405->0.1959876377317925 , unplacedBoxesSize:8
currentRepackCostTime:36.14s , currentRepackMaxTime:219.87576470588235s
iter13		 Improve solution by repack 0.1959876377317925->0.19560769954313356 , unplacedBoxesSize:8
currentRepackCostTime:36.704s , currentRepackMaxTime:219.87576470588235s
iter12		 Improve solution by repack 0.19560769954313356->0.1932377049180328 , unplacedBoxesSize:7
currentRepackCostTime:37.302s , currentRepackMaxTime:219.87576470588235s
iter6		 Improve solution by repack 0.1932377049180328->0.19323691044074173 , unplacedBoxesSize:8
currentRepackCostTime:37.539s , currentRepackMaxTime:219.87576470588235s
iter17		 Improve solution by repack 0.19323691044074173->0.19273112066648748 , unplacedBoxesSize:8
currentRepackCostTime:38.325s , currentRepackMaxTime:219.87576470588235s
iter1		 Improve solution by repack 0.19273112066648748->0.19193563558183285 , unplacedBoxesSize:11
currentRepackCostTime:38.357s , currentRepackMaxTime:219.87576470588235s
iter7		 Improve solution by repack 0.19193563558183285->0.1881106003090567 , unplacedBoxesSize:9
currentRepackCostTime:38.704s , currentRepackMaxTime:219.87576470588235s
iter10		 Improve solution by repack 0.1881106003090567->0.1810694823300188 , unplacedBoxesSize:7
currentRepackCostTime:39.158s , currentRepackMaxTime:219.87576470588235s
iter5		 Improve solution by repack 0.1810694823300188->0.18089412624294546 , unplacedBoxesSize:7
currentRepackCostTime:39.341s , currentRepackMaxTime:219.87576470588235s
iter8		 Improve solution by repack 0.18089412624294546->0.1806140822359581 , unplacedBoxesSize:9
currentRepackCostTime:39.761s , currentRepackMaxTime:219.87576470588235s
iter4		 Improve solution by repack 0.1806140822359581->0.18050255307712978 , unplacedBoxesSize:8
currentRepackCostTime:40.026s , currentRepackMaxTime:219.87576470588235s
Selecting boards with low utilization for repacking...
iter1		 Improve solution by repack 0.9861333092582639->0.19585259338887395 , unplacedBoxesSize:6
currentRepackCostTime:44.738s , currentRepackMaxTime:219.87576470588235s
Selecting boards with low utilization for repacking...
iter2		 Improve solution by repack 0.9780313205455522->0.19585259338887395 , unplacedBoxesSize:6
currentRepackCostTime:49.96s , currentRepackMaxTime:219.87576470588235s
iter31		 Improve solution by repack 0.19585259338887395->0.1926377317925289 , unplacedBoxesSize:6
currentRepackCostTime:51.14s , currentRepackMaxTime:219.87576470588235s
iter35		 Improve solution by repack 0.1926377317925289->0.19102324643912927 , unplacedBoxesSize:8
currentRepackCostTime:52.523s , currentRepackMaxTime:219.87576470588235s
iter15		 Improve solution by repack 0.19102324643912927->0.1888510178715399 , unplacedBoxesSize:7
currentRepackCostTime:53.206s , currentRepackMaxTime:219.87576470588235s
iter59		 Improve solution by repack 0.1888510178715399->0.18879390956732062 , unplacedBoxesSize:7
currentRepackCostTime:55.582s , currentRepackMaxTime:219.87576470588235s
Selecting boards with low utilization for repacking...
iter4		 Improve solution by repack 0.9866809997312551->0.9860709453104004 , unplacedBoxesSize:12
currentRepackCostTime:60.92s , currentRepackMaxTime:219.87576470588235s
iter2		 Improve solution by repack 0.9860709453104004->0.19171180798172532 , unplacedBoxesSize:5
currentRepackCostTime:60.984s , currentRepackMaxTime:219.87576470588235s
iter15		 Improve solution by repack 0.19171180798172532->0.19132212778822896 , unplacedBoxesSize:5
currentRepackCostTime:61.509s , currentRepackMaxTime:219.87576470588235s
iter2		 Improve solution by repack 0.19132212778822896->0.19007491265788765 , unplacedBoxesSize:5
currentRepackCostTime:61.576s , currentRepackMaxTime:219.87576470588235s
iter28		 Improve solution by repack 0.19007491265788765->0.18992743550120936 , unplacedBoxesSize:8
currentRepackCostTime:62.619s , currentRepackMaxTime:219.87576470588235s
iter21		 Improve solution by repack 0.18992743550120936->0.18331249496103197 , unplacedBoxesSize:8
currentRepackCostTime:63.59s , currentRepackMaxTime:219.87576470588235s
iter37		 Improve solution by repack 0.18331249496103197->0.1818511942354206 , unplacedBoxesSize:8
currentRepackCostTime:65.2s , currentRepackMaxTime:219.87576470588235s
iter27		 Improve solution by repack 0.1818511942354206->0.1796689851518409 , unplacedBoxesSize:7
currentRepackCostTime:66.421s , currentRepackMaxTime:219.87576470588235s
Selecting boards with low utilization for repacking...
iter3		 Improve solution by repack 0.9886838181940338->0.19061933452029026 , unplacedBoxesSize:9
currentRepackCostTime:71.95400000000001s , currentRepackMaxTime:219.87576470588235s
iter8		 Improve solution by repack 0.19061933452029026->0.1879615694705724 , unplacedBoxesSize:7
currentRepackCostTime:72.302s , currentRepackMaxTime:219.87576470588235s
Selecting boards with low utilization for repacking...
iter2		 Improve solution by repack 0.9896133398280031->0.19664795585864014 , unplacedBoxesSize:8
currentRepackCostTime:77.20700000000001s , currentRepackMaxTime:219.87576470588235s
iter5		 Improve solution by repack 0.19664795585864014->0.19492643106691748 , unplacedBoxesSize:7
currentRepackCostTime:77.394s , currentRepackMaxTime:219.87576470588235s
iter5		 Improve solution by repack 0.19492643106691748->0.1927161196586939 , unplacedBoxesSize:7
currentRepackCostTime:77.555s , currentRepackMaxTime:219.87576470588235s
iter16		 Improve solution by repack 0.1927161196586939->0.192634369121204 , unplacedBoxesSize:6
currentRepackCostTime:78.17s , currentRepackMaxTime:219.87576470588235s
iter35		 Improve solution by repack 0.192634369121204->0.1921894769551196 , unplacedBoxesSize:8
currentRepackCostTime:79.686s , currentRepackMaxTime:219.87576470588235s
iter5		 Improve solution by repack 0.1921894769551196->0.18864204346949742 , unplacedBoxesSize:8
currentRepackCostTime:79.85000000000001s , currentRepackMaxTime:219.87576470588235s
iter29		 Improve solution by repack 0.18864204346949742->0.1886334318731524 , unplacedBoxesSize:8
currentRepackCostTime:81.037s , currentRepackMaxTime:219.87576470588235s
iter10		 Improve solution by repack 0.1886334318731524->0.1877109647944101 , unplacedBoxesSize:10
currentRepackCostTime:81.392s , currentRepackMaxTime:219.87576470588235s
iter27		 Improve solution by repack 0.1877109647944101->0.18449610319806503 , unplacedBoxesSize:9
currentRepackCostTime:82.9s , currentRepackMaxTime:219.87576470588235s
iter49		 Improve solution by repack 0.18449610319806503->0.1810830421929589 , unplacedBoxesSize:9
currentRepackCostTime:85.024s , currentRepackMaxTime:219.87576470588235s
iter17		 Improve solution by repack 0.1810830421929589->0.18067243684493417 , unplacedBoxesSize:7
currentRepackCostTime:85.927s , currentRepackMaxTime:219.87576470588235s
iter5		 Improve solution by repack 0.18067243684493417->0.18032508398280034 , unplacedBoxesSize:8
currentRepackCostTime:86.124s , currentRepackMaxTime:219.87576470588235s
iter53		 Improve solution by repack 0.18032508398280034->0.17971704850846548 , unplacedBoxesSize:6
currentRepackCostTime:88.444s , currentRepackMaxTime:219.87576470588235s
iter13		 Improve solution by repack 0.17971704850846548->0.17924136992743886 , unplacedBoxesSize:5
currentRepackCostTime:88.99s , currentRepackMaxTime:219.87576470588235s
iter8		 Improve solution by repack 0.17924136992743886->0.17505230784735287 , unplacedBoxesSize:5
currentRepackCostTime:89.245s , currentRepackMaxTime:219.87576470588235s
iter8		 Improve solution by repack 0.17505230784735287->0.17369322762698197 , unplacedBoxesSize:6
currentRepackCostTime:89.531s , currentRepackMaxTime:219.87576470588235s
Selecting boards with low utilization for repacking...
iter1		 Improve solution by repack 0.9906534567320613->0.9876783492340768 , unplacedBoxesSize:23
currentRepackCostTime:93.96300000000001s , currentRepackMaxTime:219.87576470588235s
iter8		 Improve solution by repack 0.9876783492340768->0.2128211468691212 , unplacedBoxesSize:5
currentRepackCostTime:94.379s , currentRepackMaxTime:219.87576470588235s
iter16		 Improve solution by repack 0.2128211468691212->0.2015271398817522 , unplacedBoxesSize:7
currentRepackCostTime:94.891s , currentRepackMaxTime:219.87576470588235s
iter22		 Improve solution by repack 0.2015271398817522->0.19294275732330018 , unplacedBoxesSize:5
currentRepackCostTime:95.705s , currentRepackMaxTime:219.87576470588235s
Selecting boards with low utilization for repacking...
iter4		 Improve solution by repack 0.9913591776404193->0.19294275732330018 , unplacedBoxesSize:5
currentRepackCostTime:98.83s , currentRepackMaxTime:219.87576470588235s
Selecting boards with low utilization for repacking...
iter4		 Improve solution by repack 0.9926437785541521->0.9886357565170654 , unplacedBoxesSize:27
currentRepackCostTime:103.529s , currentRepackMaxTime:219.87576470588235s
iter1		 Improve solution by repack 0.9886357565170654->0.9808829918032786 , unplacedBoxesSize:28
currentRepackCostTime:103.595s , currentRepackMaxTime:219.87576470588235s
iter3		 Improve solution by repack 0.9808829918032786->0.20975409836065573 , unplacedBoxesSize:10
currentRepackCostTime:103.775s , currentRepackMaxTime:219.87576470588235s
iter7		 Improve solution by repack 0.20975409836065573->0.20735958075786076 , unplacedBoxesSize:8
currentRepackCostTime:104.096s , currentRepackMaxTime:219.87576470588235s
iter2		 Improve solution by repack 0.20735958075786076->0.2054790378930395 , unplacedBoxesSize:8
currentRepackCostTime:104.165s , currentRepackMaxTime:219.87576470588235s
iter4		 Improve solution by repack 0.2054790378930395->0.205 , unplacedBoxesSize:6
currentRepackCostTime:104.31s , currentRepackMaxTime:219.87576470588235s
iter1		 Improve solution by repack 0.205->0.20470764243482936 , unplacedBoxesSize:7
currentRepackCostTime:104.331s , currentRepackMaxTime:219.87576470588235s
iter5		 Improve solution by repack 0.20470764243482936->0.19982128460091372 , unplacedBoxesSize:11
currentRepackCostTime:104.531s , currentRepackMaxTime:219.87576470588235s
iter6		 Improve solution by repack 0.19982128460091372->0.19829548508465464 , unplacedBoxesSize:10
currentRepackCostTime:104.845s , currentRepackMaxTime:219.87576470588235s
iter17		 Improve solution by repack 0.19829548508465464->0.19164891830153186 , unplacedBoxesSize:10
currentRepackCostTime:105.586s , currentRepackMaxTime:219.87576470588235s
iter10		 Improve solution by repack 0.19164891830153186->0.18825651706530502 , unplacedBoxesSize:8
currentRepackCostTime:106.09s , currentRepackMaxTime:219.87576470588235s
iter10		 Improve solution by repack 0.18825651706530502->0.18577868852459017 , unplacedBoxesSize:5
currentRepackCostTime:106.46900000000001s , currentRepackMaxTime:219.87576470588235s
iter54		 Improve solution by repack 0.18577868852459017->0.18540513302875572 , unplacedBoxesSize:7
currentRepackCostTime:108.288s , currentRepackMaxTime:219.87576470588235s
iter2		 Improve solution by repack 0.18540513302875572->0.1839090634238108 , unplacedBoxesSize:7
currentRepackCostTime:108.412s , currentRepackMaxTime:219.87576470588235s
iter24		 Improve solution by repack 0.1839090634238108->0.18158883196721312 , unplacedBoxesSize:8
currentRepackCostTime:109.412s , currentRepackMaxTime:219.87576470588235s
iter9		 Improve solution by repack 0.18158883196721312->0.18057969463853804 , unplacedBoxesSize:8
currentRepackCostTime:109.679s , currentRepackMaxTime:219.87576470588235s
iter21		 Improve solution by repack 0.18057969463853804->0.1787105734345606 , unplacedBoxesSize:8
currentRepackCostTime:110.616s , currentRepackMaxTime:219.87576470588235s
iter51		 Improve solution by repack 0.1787105734345606->0.1772594732598764 , unplacedBoxesSize:7
currentRepackCostTime:112.7s , currentRepackMaxTime:219.87576470588235s
Selecting boards with low utilization for repacking...
iter6		 Improve solution by repack 0.9912631013168502->0.18450248589088955 , unplacedBoxesSize:7
currentRepackCostTime:116.973s , currentRepackMaxTime:219.87576470588235s
iter16		 Improve solution by repack 0.18450248589088955->0.1811136119322763 , unplacedBoxesSize:8
currentRepackCostTime:117.70700000000001s , currentRepackMaxTime:219.87576470588235s
iter13		 Improve solution by repack 0.1811136119322763->0.18105448804084923 , unplacedBoxesSize:9
currentRepackCostTime:118.22500000000001s , currentRepackMaxTime:219.87576470588235s
iter2		 Improve solution by repack 0.18105448804084923->0.18022675356087073 , unplacedBoxesSize:9
currentRepackCostTime:118.305s , currentRepackMaxTime:219.87576470588235s
iter8		 Improve solution by repack 0.18022675356087073->0.17824106423004568 , unplacedBoxesSize:9
currentRepackCostTime:118.641s , currentRepackMaxTime:219.87576470588235s
iter27		 Improve solution by repack 0.17824106423004568->0.17636052136522443 , unplacedBoxesSize:6
currentRepackCostTime:119.781s , currentRepackMaxTime:219.87576470588235s
Selecting boards with low utilization for repacking...
All low-utilization boards have been repacked once. Restarting repacking process...
Selecting boards with low utilization for repacking...
iter7		 Improve solution by repack 0.17636052136522443->0.17464055361461972 , unplacedBoxesSize:7
currentRepackCostTime:124.81700000000001s , currentRepackMaxTime:219.87576470588235s
iter34		 Improve solution by repack 0.17464055361461972->0.17366500940607366 , unplacedBoxesSize:7
currentRepackCostTime:126.223s , currentRepackMaxTime:219.87576470588235s
Selecting boards with low utilization for repacking...
iter5		 Improve solution by repack 0.9837979407417362->0.18763470841171728 , unplacedBoxesSize:6
currentRepackCostTime:130.172s , currentRepackMaxTime:219.87576470588235s
iter4		 Improve solution by repack 0.18763470841171728->0.18625134372480515 , unplacedBoxesSize:6
currentRepackCostTime:130.327s , currentRepackMaxTime:219.87576470588235s
iter3		 Improve solution by repack 0.18625134372480515->0.18451625907014246 , unplacedBoxesSize:6
currentRepackCostTime:130.484s , currentRepackMaxTime:219.87576470588235s
iter18		 Improve solution by repack 0.18451625907014246->0.18006987368986832 , unplacedBoxesSize:6
currentRepackCostTime:131.214s , currentRepackMaxTime:219.87576470588235s
iter38		 Improve solution by repack 0.18006987368986832->0.1768200752485891 , unplacedBoxesSize:5
currentRepackCostTime:132.631s , currentRepackMaxTime:219.87576470588235s
Selecting boards with low utilization for repacking...
iter12		 Improve solution by repack 0.979811445176028->0.1875744541117979 , unplacedBoxesSize:7
currentRepackCostTime:137.831s , currentRepackMaxTime:219.87576470588235s
iter31		 Improve solution by repack 0.1875744541117979->0.1823360655737705 , unplacedBoxesSize:7
currentRepackCostTime:139.005s , currentRepackMaxTime:219.87576470588235s
iter12		 Improve solution by repack 0.1823360655737705->0.1789584906611126 , unplacedBoxesSize:7
currentRepackCostTime:139.497s , currentRepackMaxTime:219.87576470588235s
iter9		 Improve solution by repack 0.1789584906611126->0.17885850577801665 , unplacedBoxesSize:7
currentRepackCostTime:139.869s , currentRepackMaxTime:219.87576470588235s
iter7		 Improve solution by repack 0.17885850577801665->0.17508801397473797 , unplacedBoxesSize:6
currentRepackCostTime:140.16400000000002s , currentRepackMaxTime:219.87576470588235s
iter30		 Improve solution by repack 0.17508801397473797->0.17474670787422736 , unplacedBoxesSize:6
currentRepackCostTime:141.328s , currentRepackMaxTime:219.87576470588235s
Selecting boards with low utilization for repacking...
iter9		 Improve solution by repack 0.9810537187583983->0.18367038430529425 , unplacedBoxesSize:7
currentRepackCostTime:145.361s , currentRepackMaxTime:219.87576470588235s
iter41		 Improve solution by repack 0.18367038430529425->0.18050725275463586 , unplacedBoxesSize:5
currentRepackCostTime:146.931s , currentRepackMaxTime:219.87576470588235s
iter35		 Improve solution by repack 0.18050725275463586->0.18031241265788767 , unplacedBoxesSize:5
currentRepackCostTime:148.258s , currentRepackMaxTime:219.87576470588235s
Selecting boards with low utilization for repacking...
iter9		 Improve solution by repack 0.9849050692018275->0.21039907954850848 , unplacedBoxesSize:7
currentRepackCostTime:152.673s , currentRepackMaxTime:219.87576470588235s
iter35		 Improve solution by repack 0.21039907954850848->0.20685467616232198 , unplacedBoxesSize:7
currentRepackCostTime:154.052s , currentRepackMaxTime:219.87576470588235s
iter2		 Improve solution by repack 0.20685467616232198->0.20680764579414138 , unplacedBoxesSize:7
currentRepackCostTime:154.127s , currentRepackMaxTime:219.87576470588235s
iter4		 Improve solution by repack 0.20680764579414138->0.20100779360386994 , unplacedBoxesSize:6
currentRepackCostTime:154.25300000000001s , currentRepackMaxTime:219.87576470588235s
iter1		 Improve solution by repack 0.20100779360386994->0.20075786079011018 , unplacedBoxesSize:7
currentRepackCostTime:154.274s , currentRepackMaxTime:219.87576470588235s
iter1		 Improve solution by repack 0.20075786079011018->0.19958478903520557 , unplacedBoxesSize:5
currentRepackCostTime:154.321s , currentRepackMaxTime:219.87576470588235s
iter9		 Improve solution by repack 0.19958478903520557->0.19852055898951895 , unplacedBoxesSize:5
currentRepackCostTime:154.718s , currentRepackMaxTime:219.87576470588235s
Selecting boards with low utilization for repacking...
iter1		 Improve solution by repack 0.9794340936576189->0.9759740745095405 , unplacedBoxesSize:18
currentRepackCostTime:157.282s , currentRepackMaxTime:219.87576470588235s
iter2		 Improve solution by repack 0.9759740745095405->0.21939935165278152 , unplacedBoxesSize:6
currentRepackCostTime:157.362s , currentRepackMaxTime:219.87576470588235s
iter1		 Improve solution by repack 0.21939935165278152->0.21153251814028487 , unplacedBoxesSize:7
currentRepackCostTime:157.42600000000002s , currentRepackMaxTime:219.87576470588235s
iter23		 Improve solution by repack 0.21153251814028487->0.21079077868852458 , unplacedBoxesSize:6
currentRepackCostTime:158.28s , currentRepackMaxTime:219.87576470588235s
iter16		 Improve solution by repack 0.21079077868852458->0.20553782585326524 , unplacedBoxesSize:5
currentRepackCostTime:158.931s , currentRepackMaxTime:219.87576470588235s
iter20		 Improve solution by repack 0.20553782585326524->0.2037600779360387 , unplacedBoxesSize:5
currentRepackCostTime:159.692s , currentRepackMaxTime:219.87576470588235s
iter13		 Improve solution by repack 0.2037600779360387->0.2016285944638538 , unplacedBoxesSize:6
currentRepackCostTime:160.183s , currentRepackMaxTime:219.87576470588235s
iter52		 Improve solution by repack 0.2016285944638538->0.20067320612738512 , unplacedBoxesSize:7
currentRepackCostTime:162.219s , currentRepackMaxTime:219.87576470588235s
iter22		 Improve solution by repack 0.20067320612738512->0.19956261757592045 , unplacedBoxesSize:6
currentRepackCostTime:163.13400000000001s , currentRepackMaxTime:219.87576470588235s
Selecting boards with low utilization for repacking...
iter11		 Improve solution by repack 0.9808073837678044->0.24176834184359045 , unplacedBoxesSize:4
currentRepackCostTime:167.745s , currentRepackMaxTime:219.87576470588235s
iter4		 Improve solution by repack 0.24176834184359045->0.2309815909701693 , unplacedBoxesSize:7
currentRepackCostTime:167.882s , currentRepackMaxTime:219.87576470588235s
iter6		 Improve solution by repack 0.2309815909701693->0.22883297164740662 , unplacedBoxesSize:5
currentRepackCostTime:168.15800000000002s , currentRepackMaxTime:219.87576470588235s
iter11		 Improve solution by repack 0.22883297164740662->0.2220908324375168 , unplacedBoxesSize:4
currentRepackCostTime:168.428s , currentRepackMaxTime:219.87576470588235s
iter7		 Improve solution by repack 0.2220908324375168->0.21155334251545285 , unplacedBoxesSize:4
currentRepackCostTime:168.685s , currentRepackMaxTime:219.87576470588235s
iter15		 Improve solution by repack 0.21155334251545285->0.21121664539102392 , unplacedBoxesSize:4
currentRepackCostTime:169.205s , currentRepackMaxTime:219.87576470588235s
iter1		 Improve solution by repack 0.21121664539102392->0.21017926128728837 , unplacedBoxesSize:5
currentRepackCostTime:169.237s , currentRepackMaxTime:219.87576470588235s
iter25		 Improve solution by repack 0.21017926128728837->0.2089975812953507 , unplacedBoxesSize:6
currentRepackCostTime:170.257s , currentRepackMaxTime:219.87576470588235s
iter15		 Improve solution by repack 0.2089975812953507->0.20647003493684493 , unplacedBoxesSize:5
currentRepackCostTime:170.788s , currentRepackMaxTime:219.87576470588235s
iter48		 Improve solution by repack 0.20647003493684493->0.20515251276538563 , unplacedBoxesSize:6
currentRepackCostTime:172.597s , currentRepackMaxTime:219.87576470588235s
iter18		 Improve solution by repack 0.20515251276538563->0.20128796022574577 , unplacedBoxesSize:6
currentRepackCostTime:173.235s , currentRepackMaxTime:219.87576470588235s
iter36		 Improve solution by repack 0.20128796022574577->0.20078137597420048 , unplacedBoxesSize:6
currentRepackCostTime:174.53s , currentRepackMaxTime:219.87576470588235s
iter3		 Improve solution by repack 0.20078137597420048->0.19977123085192153 , unplacedBoxesSize:7
currentRepackCostTime:174.648s , currentRepackMaxTime:219.87576470588235s
iter30		 Improve solution by repack 0.19977123085192153->0.19621539908626714 , unplacedBoxesSize:9
currentRepackCostTime:175.89600000000002s , currentRepackMaxTime:219.87576470588235s
iter2		 Improve solution by repack 0.19621539908626714->0.19524791722655202 , unplacedBoxesSize:9
currentRepackCostTime:176.006s , currentRepackMaxTime:219.87576470588235s
iter10		 Improve solution by repack 0.19524791722655202->0.19287758667024993 , unplacedBoxesSize:8
currentRepackCostTime:176.478s , currentRepackMaxTime:219.87576470588235s
iter3		 Improve solution by repack 0.19287758667024993->0.18923743617307176 , unplacedBoxesSize:8
currentRepackCostTime:176.583s , currentRepackMaxTime:219.87576470588235s
iter5		 Improve solution by repack 0.18923743617307176->0.1887503359312013 , unplacedBoxesSize:8
currentRepackCostTime:176.838s , currentRepackMaxTime:219.87576470588235s
iter5		 Improve solution by repack 0.1887503359312013->0.1864478634775598 , unplacedBoxesSize:7
currentRepackCostTime:177.018s , currentRepackMaxTime:219.87576470588235s
iter1		 Improve solution by repack 0.1864478634775598->0.18311676968556842 , unplacedBoxesSize:8
currentRepackCostTime:177.048s , currentRepackMaxTime:219.87576470588235s
iter19		 Improve solution by repack 0.18311676968556842->0.18171123353937113 , unplacedBoxesSize:8
currentRepackCostTime:177.88400000000001s , currentRepackMaxTime:219.87576470588235s
iter1		 Improve solution by repack 0.18171123353937113->0.17818798710024186 , unplacedBoxesSize:6
currentRepackCostTime:177.931s , currentRepackMaxTime:219.87576470588235s
Selecting boards with low utilization for repacking...
iter4		 Improve solution by repack 0.9843935669174952->0.19436374630475678 , unplacedBoxesSize:8
currentRepackCostTime:182.63s , currentRepackMaxTime:219.87576470588235s
iter4		 Improve solution by repack 0.19436374630475678->0.192848696586939 , unplacedBoxesSize:8
currentRepackCostTime:182.79s , currentRepackMaxTime:219.87576470588235s
iter12		 Improve solution by repack 0.192848696586939->0.18500806234883097 , unplacedBoxesSize:7
currentRepackCostTime:183.27100000000002s , currentRepackMaxTime:219.87576470588235s
iter1		 Improve solution by repack 0.18500806234883097->0.18400564364418168 , unplacedBoxesSize:4
currentRepackCostTime:183.3s , currentRepackMaxTime:219.87576470588235s
iter27		 Improve solution by repack 0.18400564364418168->0.18104944907282988 , unplacedBoxesSize:5
currentRepackCostTime:184.20600000000002s , currentRepackMaxTime:219.87576470588235s
Selecting boards with low utilization for repacking...
iter5		 Improve solution by repack 0.9891735084654664->0.19293335124966404 , unplacedBoxesSize:6
currentRepackCostTime:187.257s , currentRepackMaxTime:219.87576470588235s
iter6		 Improve solution by repack 0.19293335124966404->0.18851047769416826 , unplacedBoxesSize:6
currentRepackCostTime:187.494s , currentRepackMaxTime:219.87576470588235s
iter24		 Improve solution by repack 0.18851047769416826->0.1884815876108573 , unplacedBoxesSize:8
currentRepackCostTime:188.368s , currentRepackMaxTime:219.87576470588235s
iter6		 Improve solution by repack 0.1884815876108573->0.18821553345874764 , unplacedBoxesSize:5
currentRepackCostTime:188.583s , currentRepackMaxTime:219.87576470588235s
iter30		 Improve solution by repack 0.18821553345874764->0.18182813423810804 , unplacedBoxesSize:8
currentRepackCostTime:189.657s , currentRepackMaxTime:219.87576470588235s
iter17		 Improve solution by repack 0.18182813423810804->0.1804655972856759 , unplacedBoxesSize:8
currentRepackCostTime:190.4s , currentRepackMaxTime:219.87576470588235s
iter18		 Improve solution by repack 0.1804655972856759->0.17535138067723732 , unplacedBoxesSize:7
currentRepackCostTime:191.222s , currentRepackMaxTime:219.87576470588235s
iter6		 Improve solution by repack 0.17535138067723732->0.1733008566245633 , unplacedBoxesSize:4
currentRepackCostTime:191.473s , currentRepackMaxTime:219.87576470588235s
Selecting boards with low utilization for repacking...
iter17		 Improve solution by repack 0.9906673978769148->0.9883179924751411 , unplacedBoxesSize:24
currentRepackCostTime:194.92600000000002s , currentRepackMaxTime:219.87576470588235s
iter2		 Improve solution by repack 0.9883179924751411->0.9875131013168503 , unplacedBoxesSize:23
currentRepackCostTime:195.005s , currentRepackMaxTime:219.87576470588235s
iter12		 Improve solution by repack 0.9875131013168503->0.20834520290244557 , unplacedBoxesSize:6
currentRepackCostTime:195.618s , currentRepackMaxTime:219.87576470588235s
iter2		 Improve solution by repack 0.20834520290244557->0.20070881483472186 , unplacedBoxesSize:4
currentRepackCostTime:195.692s , currentRepackMaxTime:219.87576470588235s
iter24		 Improve solution by repack 0.20070881483472186->0.18005912389142706 , unplacedBoxesSize:9
currentRepackCostTime:196.532s , currentRepackMaxTime:219.87576470588235s
iter11		 Improve solution by repack 0.18005912389142706->0.17333982800322492 , unplacedBoxesSize:7
currentRepackCostTime:197.029s , currentRepackMaxTime:219.87576470588235s
iter11		 Improve solution by repack 0.17333982800322492->0.1729891158290782 , unplacedBoxesSize:7
currentRepackCostTime:197.417s , currentRepackMaxTime:219.87576470588235s
iter29		 Improve solution by repack 0.1729891158290782->0.16671526471378662 , unplacedBoxesSize:6
currentRepackCostTime:198.572s , currentRepackMaxTime:219.87576470588235s
iter26		 Improve solution by repack 0.16671526471378662->0.1661361193227627 , unplacedBoxesSize:7
currentRepackCostTime:199.613s , currentRepackMaxTime:219.87576470588235s
iter35		 Improve solution by repack 0.1661361193227627->0.16307511421660845 , unplacedBoxesSize:7
currentRepackCostTime:200.92000000000002s , currentRepackMaxTime:219.87576470588235s
Selecting boards with low utilization for repacking...
iter1		 Improve solution by repack 0.9913677892367643->0.9817376881214728 , unplacedBoxesSize:16
currentRepackCostTime:204.859s , currentRepackMaxTime:219.87576470588235s
iter4		 Improve solution by repack 0.9817376881214728->0.20146319369793064 , unplacedBoxesSize:5
currentRepackCostTime:205.007s , currentRepackMaxTime:219.87576470588235s
iter2		 Improve solution by repack 0.20146319369793064->0.19673474872346142 , unplacedBoxesSize:4
currentRepackCostTime:205.112s , currentRepackMaxTime:219.87576470588235s
iter4		 Improve solution by repack 0.19673474872346142->0.1855895558989519 , unplacedBoxesSize:5
currentRepackCostTime:205.276s , currentRepackMaxTime:219.87576470588235s
iter2		 Improve solution by repack 0.1855895558989519->0.1796662943429186 , unplacedBoxesSize:7
currentRepackCostTime:205.363s , currentRepackMaxTime:219.87576470588235s
iter19		 Improve solution by repack 0.1796662943429186->0.17579502317925289 , unplacedBoxesSize:9
currentRepackCostTime:206.034s , currentRepackMaxTime:219.87576470588235s
iter3		 Improve solution by repack 0.17579502317925289->0.17516292327331362 , unplacedBoxesSize:8
currentRepackCostTime:206.144s , currentRepackMaxTime:219.87576470588235s
iter1		 Improve solution by repack 0.17516292327331362->0.17439834385917766 , unplacedBoxesSize:8
currentRepackCostTime:206.169s , currentRepackMaxTime:219.87576470588235s
iter16		 Improve solution by repack 0.17439834385917766->0.17424515923138942 , unplacedBoxesSize:8
currentRepackCostTime:206.871s , currentRepackMaxTime:219.87576470588235s
Selecting boards with low utilization for repacking...
iter1		 Improve solution by repack 0.9920013554823972->0.9878194638538028 , unplacedBoxesSize:12
currentRepackCostTime:210.366s , currentRepackMaxTime:219.87576470588235s
iter3		 Improve solution by repack 0.9878194638538028->0.17679050994356355 , unplacedBoxesSize:7
currentRepackCostTime:210.458s , currentRepackMaxTime:219.87576470588235s
iter12		 Improve solution by repack 0.17679050994356355->0.17612805361461972 , unplacedBoxesSize:7
currentRepackCostTime:210.887s , currentRepackMaxTime:219.87576470588235s
Selecting boards with low utilization for repacking...
iter1		 Improve solution by repack 0.9932894383230315->0.984337756987369 , unplacedBoxesSize:26
currentRepackCostTime:215.607s , currentRepackMaxTime:219.87576470588235s
iter6		 Improve solution by repack 0.984337756987369->0.19760077600107498 , unplacedBoxesSize:9
currentRepackCostTime:215.92000000000002s , currentRepackMaxTime:219.87576470588235s
iter13		 Improve solution by repack 0.19760077600107498->0.18958680126310132 , unplacedBoxesSize:7
currentRepackCostTime:216.485s , currentRepackMaxTime:219.87576470588235s
iter6		 Improve solution by repack 0.18958680126310132->0.18878862872883634 , unplacedBoxesSize:5
currentRepackCostTime:216.67000000000002s , currentRepackMaxTime:219.87576470588235s
iter5		 Improve solution by repack 0.18878862872883634->0.18753013638806773 , unplacedBoxesSize:8
currentRepackCostTime:216.85s , currentRepackMaxTime:219.87576470588235s
iter1		 Improve solution by repack 0.18753013638806773->0.18649275228433218 , unplacedBoxesSize:9
currentRepackCostTime:216.881s , currentRepackMaxTime:219.87576470588235s
iter13		 Improve solution by repack 0.18649275228433218->0.185596613813491 , unplacedBoxesSize:10
currentRepackCostTime:217.392s , currentRepackMaxTime:219.87576470588235s
iter31		 Improve solution by repack 0.185596613813491->0.18044141359849503 , unplacedBoxesSize:8
currentRepackCostTime:218.859s , currentRepackMaxTime:219.87576470588235s
iter10		 Improve solution by repack 0.18044141359849503->0.17832235958075787 , unplacedBoxesSize:8
currentRepackCostTime:219.29500000000002s , currentRepackMaxTime:219.87576470588235s
Processing color group: 1 (2/2), boxes: 273
Allocated time: 370.6s
searchTime: 1000
Start nesting on the 1th large board, remaining blocks count: 276
Utilization of the 1th large board: 99.33001881214727, Time taken for this board: 1.0s
-------------------------------------------------------------------
Start nesting on the 2th large board, remaining blocks count: 269
Utilization of the 2th large board: 98.75652176834186, Time taken for this board: 2.001s
-------------------------------------------------------------------
Start nesting on the 3th large board, remaining blocks count: 257
Utilization of the 3th large board: 98.21979978500404, Time taken for this board: 3.003s
-------------------------------------------------------------------
Start nesting on the 4th large board, remaining blocks count: 250
Utilization of the 4th large board: 98.97675356087072, Time taken for this board: 4.003s
-------------------------------------------------------------------
Start nesting on the 5th large board, remaining blocks count: 235
Utilization of the 5th large board: 99.47613208814835, Time taken for this board: 5.006s
-------------------------------------------------------------------
Start nesting on the 6th large board, remaining blocks count: 225
Utilization of the 6th large board: 98.95794141359849, Time taken for this board: 6.009s
-------------------------------------------------------------------
Start nesting on the 7th large board, remaining blocks count: 218
Utilization of the 7th large board: 98.18261220102124, Time taken for this board: 7.011s
-------------------------------------------------------------------
Start nesting on the 8th large board, remaining blocks count: 211
Utilization of the 8th large board: 99.04990593926365, Time taken for this board: 8.012s
-------------------------------------------------------------------
Start nesting on the 9th large board, remaining blocks count: 200
Utilization of the 9th large board: 97.58171526471378, Time taken for this board: 9.013s
-------------------------------------------------------------------
Start nesting on the 10th large board, remaining blocks count: 196
Utilization of the 10th large board: 96.78391225477021, Time taken for this board: 10.015s
-------------------------------------------------------------------
Start nesting on the 11th large board, remaining blocks count: 188
Utilization of the 11th large board: 98.57822158022037, Time taken for this board: 11.015s
-------------------------------------------------------------------
Start nesting on the 12th large board, remaining blocks count: 176
Utilization of the 12th large board: 97.58472184896534, Time taken for this board: 12.016s
-------------------------------------------------------------------
Start nesting on the 13th large board, remaining blocks count: 166
Utilization of the 13th large board: 98.46889277076055, Time taken for this board: 13.016s
-------------------------------------------------------------------
Start nesting on the 14th large board, remaining blocks count: 164
Utilization of the 14th large board: 97.60756517065306, Time taken for this board: 14.018s
-------------------------------------------------------------------
Start nesting on the 15th large board, remaining blocks count: 154
Utilization of the 15th large board: 99.19111126041388, Time taken for this board: 15.018s
-------------------------------------------------------------------
Start nesting on the 16th large board, remaining blocks count: 144
Utilization of the 16th large board: 98.14754098360656, Time taken for this board: 16.018s
-------------------------------------------------------------------
Start nesting on the 17th large board, remaining blocks count: 132
Utilization of the 17th large board: 99.05798172534264, Time taken for this board: 17.018s
-------------------------------------------------------------------
Start nesting on the 18th large board, remaining blocks count: 122
Utilization of the 18th large board: 99.27099570008062, Time taken for this board: 18.018s
-------------------------------------------------------------------
Start nesting on the 19th large board, remaining blocks count: 108
Utilization of the 19th large board: 98.90647675356087, Time taken for this board: 19.019000000000002s
-------------------------------------------------------------------
Start nesting on the 20th large board, remaining blocks count: 96
Utilization of the 20th large board: 98.51093456060198, Time taken for this board: 20.019000000000002s
-------------------------------------------------------------------
Start nesting on the 21th large board, remaining blocks count: 85
Utilization of the 21th large board: 98.8613276001075, Time taken for this board: 20.769000000000002s
-------------------------------------------------------------------
Start nesting on the 22th large board, remaining blocks count: 75
Utilization of the 22th large board: 98.28287086804623, Time taken for this board: 21.603s
-------------------------------------------------------------------
Start nesting on the 23th large board, remaining blocks count: 53
Utilization of the 23th large board: 98.02321284600913, Time taken for this board: 21.821s
-------------------------------------------------------------------
Start nesting on the 24th large board, remaining blocks count: 44
Utilization of the 24th large board: 98.01756920182747, Time taken for this board: 21.985s
-------------------------------------------------------------------
Start nesting on the 25th large board, remaining blocks count: 34
Utilization of the 25th large board: 98.49064431604408, Time taken for this board: 22.079s
-------------------------------------------------------------------
Start nesting on the 26th large board, remaining blocks count: 22
Utilization of the 26th large board: 95.93014310669174, Time taken for this board: 22.108s
-------------------------------------------------------------------
Start nesting on the 27th large board, remaining blocks count: 12
Utilization of the 27th large board: 76.77027344799785, Time taken for this board: 22.115000000000002s
-------------------------------------------------------------------
Found solution: 27


Start improving solution by repacking.
Selecting boards with low utilization for repacking...
iter179		 Improve solution by repack 0.7677027344799785->0.7674689263638806 , unplacedBoxesSize:13
currentRepackCostTime:2.603s , currentRepackMaxTime:348.47323529411767s
iter18		 Improve solution by repack 0.7674689263638806->0.7641665546895996 , unplacedBoxesSize:16
currentRepackCostTime:2.873s , currentRepackMaxTime:348.47323529411767s
iter16		 Improve solution by repack 0.7641665546895996->0.7637204380542866 , unplacedBoxesSize:12
currentRepackCostTime:3.196s , currentRepackMaxTime:348.47323529411767s
iter168		 Improve solution by repack 0.7637204380542866->0.763324711099167 , unplacedBoxesSize:12
currentRepackCostTime:5.972s , currentRepackMaxTime:348.47323529411767s
Selecting boards with low utilization for repacking...
iter9		 Improve solution by repack 0.972688793335125->0.763324711099167 , unplacedBoxesSize:12
currentRepackCostTime:15.868s , currentRepackMaxTime:348.47323529411767s
Selecting boards with low utilization for repacking...
iter3		 Improve solution by repack 0.9728856490190809->0.9689277076054824 , unplacedBoxesSize:11
currentRepackCostTime:26.52s , currentRepackMaxTime:348.47323529411767s
iter4		 Improve solution by repack 0.9689277076054824->0.7768511488847084 , unplacedBoxesSize:16
currentRepackCostTime:26.587s , currentRepackMaxTime:348.47323529411767s
iter12		 Improve solution by repack 0.7768511488847084->0.7724423877989788 , unplacedBoxesSize:16
currentRepackCostTime:26.85s , currentRepackMaxTime:348.47323529411767s
iter1		 Improve solution by repack 0.7724423877989788->0.771691917495297 , unplacedBoxesSize:17
currentRepackCostTime:26.869s , currentRepackMaxTime:348.47323529411767s
iter4		 Improve solution by repack 0.771691917495297->0.7646479441010481 , unplacedBoxesSize:5
currentRepackCostTime:26.953s , currentRepackMaxTime:348.47323529411767s
iter300		 Improve solution by repack 0.7646479441010481->0.7616689062080085 , unplacedBoxesSize:5
currentRepackCostTime:30.455000000000002s , currentRepackMaxTime:348.47323529411767s
iter51		 Improve solution by repack 0.7616689062080085->0.7615829078204784 , unplacedBoxesSize:5
currentRepackCostTime:31.086000000000002s , currentRepackMaxTime:348.47323529411767s
Selecting boards with low utilization for repacking...
iter20		 Improve solution by repack 0.9638195377586671->0.775540849234077 , unplacedBoxesSize:6
currentRepackCostTime:38.31s , currentRepackMaxTime:348.47323529411767s
iter197		 Improve solution by repack 0.775540849234077->0.7737389142703573 , unplacedBoxesSize:5
currentRepackCostTime:40.756s , currentRepackMaxTime:348.47323529411767s
iter6		 Improve solution by repack 0.7737389142703573->0.7690016124697662 , unplacedBoxesSize:3
currentRepackCostTime:40.83s , currentRepackMaxTime:348.47323529411767s
Selecting boards with low utilization for repacking...
iter10		 Improve solution by repack 0.9678916957807041->0.7998668032786885 , unplacedBoxesSize:12
currentRepackCostTime:45.004s , currentRepackMaxTime:348.47323529411767s
iter9		 Improve solution by repack 0.7998668032786885->0.7974086267132492 , unplacedBoxesSize:14
currentRepackCostTime:45.141s , currentRepackMaxTime:348.47323529411767s
iter3		 Improve solution by repack 0.7974086267132492->0.7966482464391292 , unplacedBoxesSize:19
currentRepackCostTime:45.19s , currentRepackMaxTime:348.47323529411767s
iter2		 Improve solution by repack 0.7966482464391292->0.7956931940338619 , unplacedBoxesSize:12
currentRepackCostTime:45.233000000000004s , currentRepackMaxTime:348.47323529411767s
iter19		 Improve solution by repack 0.7956931940338619->0.7937919914001613 , unplacedBoxesSize:9
currentRepackCostTime:45.512s , currentRepackMaxTime:348.47323529411767s
iter5		 Improve solution by repack 0.7937919914001613->0.7865227761354474 , unplacedBoxesSize:9
currentRepackCostTime:45.587s , currentRepackMaxTime:348.47323529411767s
iter8		 Improve solution by repack 0.7865227761354474->0.7841981322225209 , unplacedBoxesSize:11
currentRepackCostTime:45.715s , currentRepackMaxTime:348.47323529411767s
iter60		 Improve solution by repack 0.7841981322225209->0.783050255307713 , unplacedBoxesSize:12
currentRepackCostTime:46.644s , currentRepackMaxTime:348.47323529411767s
iter44		 Improve solution by repack 0.783050255307713->0.783000537489922 , unplacedBoxesSize:12
currentRepackCostTime:47.362s , currentRepackMaxTime:348.47323529411767s
iter23		 Improve solution by repack 0.783000537489922->0.7825530771298037 , unplacedBoxesSize:12
currentRepackCostTime:47.736000000000004s , currentRepackMaxTime:348.47323529411767s
iter40		 Improve solution by repack 0.7825530771298037->0.7817982397205052 , unplacedBoxesSize:13
currentRepackCostTime:48.368s , currentRepackMaxTime:348.47323529411767s
iter17		 Improve solution by repack 0.7817982397205052->0.7796862402579952 , unplacedBoxesSize:14
currentRepackCostTime:48.655s , currentRepackMaxTime:348.47323529411767s
iter8		 Improve solution by repack 0.7796862402579952->0.776273179252889 , unplacedBoxesSize:14
currentRepackCostTime:48.785000000000004s , currentRepackMaxTime:348.47323529411767s
iter82		 Improve solution by repack 0.776273179252889->0.7752411986025262 , unplacedBoxesSize:14
currentRepackCostTime:50.295s , currentRepackMaxTime:348.47323529411767s
iter4		 Improve solution by repack 0.7752411986025262->0.773409365761892 , unplacedBoxesSize:13
currentRepackCostTime:50.382s , currentRepackMaxTime:348.47323529411767s
iter10		 Improve solution by repack 0.773409365761892->0.7728345874764848 , unplacedBoxesSize:14
currentRepackCostTime:50.543s , currentRepackMaxTime:348.47323529411767s
iter7		 Improve solution by repack 0.7728345874764848->0.771802606826122 , unplacedBoxesSize:14
currentRepackCostTime:50.679s , currentRepackMaxTime:348.47323529411767s
iter12		 Improve solution by repack 0.771802606826122->0.7713702633700619 , unplacedBoxesSize:12
currentRepackCostTime:50.877s , currentRepackMaxTime:348.47323529411767s
iter24		 Improve solution by repack 0.7713702633700619->0.7682963249126579 , unplacedBoxesSize:12
currentRepackCostTime:51.323s , currentRepackMaxTime:348.47323529411767s
iter13		 Improve solution by repack 0.7682963249126579->0.7652870532115023 , unplacedBoxesSize:14
currentRepackCostTime:51.596000000000004s , currentRepackMaxTime:348.47323529411767s
iter22		 Improve solution by repack 0.7652870532115023->0.7651473058317657 , unplacedBoxesSize:17
currentRepackCostTime:52.027s , currentRepackMaxTime:348.47323529411767s
iter24		 Improve solution by repack 0.7651473058317657->0.7644982867508734 , unplacedBoxesSize:10
currentRepackCostTime:52.481s , currentRepackMaxTime:348.47323529411767s
iter8		 Improve solution by repack 0.7644982867508734->0.7584201155603333 , unplacedBoxesSize:10
currentRepackCostTime:52.608000000000004s , currentRepackMaxTime:348.47323529411767s
iter312		 Improve solution by repack 0.7584201155603333->0.7575794477291051 , unplacedBoxesSize:12
currentRepackCostTime:57.454s , currentRepackMaxTime:348.47323529411767s
iter13		 Improve solution by repack 0.7575794477291051->0.7535319806503629 , unplacedBoxesSize:12
currentRepackCostTime:57.676s , currentRepackMaxTime:348.47323529411767s
iter84		 Improve solution by repack 0.7535319806503629->0.7527230583176566 , unplacedBoxesSize:13
currentRepackCostTime:59.072s , currentRepackMaxTime:348.47323529411767s
iter16		 Improve solution by repack 0.7527230583176566->0.7521197258801396 , unplacedBoxesSize:13
currentRepackCostTime:59.376000000000005s , currentRepackMaxTime:348.47323529411767s
iter101		 Improve solution by repack 0.7521197258801396->0.7490849234076861 , unplacedBoxesSize:13
currentRepackCostTime:61.208s , currentRepackMaxTime:348.47323529411767s
iter8		 Improve solution by repack 0.7490849234076861->0.7442905133028757 , unplacedBoxesSize:12
currentRepackCostTime:61.35s , currentRepackMaxTime:348.47323529411767s
iter14		 Improve solution by repack 0.7442905133028757->0.7410820343993549 , unplacedBoxesSize:11
currentRepackCostTime:61.585s , currentRepackMaxTime:348.47323529411767s
iter36		 Improve solution by repack 0.7410820343993549->0.7406218086535877 , unplacedBoxesSize:11
currentRepackCostTime:62.149s , currentRepackMaxTime:348.47323529411767s
iter150		 Improve solution by repack 0.7406218086535877->0.7348975409836066 , unplacedBoxesSize:11
currentRepackCostTime:64.539s , currentRepackMaxTime:348.47323529411767s
iter117		 Improve solution by repack 0.7348975409836066->0.7316900698736899 , unplacedBoxesSize:11
currentRepackCostTime:66.44200000000001s , currentRepackMaxTime:348.47323529411767s
iter58		 Improve solution by repack 0.7316900698736899->0.7257561811341038 , unplacedBoxesSize:10
currentRepackCostTime:67.396s , currentRepackMaxTime:348.47323529411767s
iter150		 Improve solution by repack 0.7257561811341038->0.7251165681268477 , unplacedBoxesSize:10
currentRepackCostTime:69.721s , currentRepackMaxTime:348.47323529411767s
Selecting boards with low utilization for repacking...
iter16		 Improve solution by repack 0.9751607430798173->0.7830492475141091 , unplacedBoxesSize:10
currentRepackCostTime:76.63s , currentRepackMaxTime:348.47323529411767s
iter18		 Improve solution by repack 0.7830492475141091->0.7520120599301263 , unplacedBoxesSize:7
currentRepackCostTime:76.927s , currentRepackMaxTime:348.47323529411767s
iter51		 Improve solution by repack 0.7520120599301263->0.7499603601182478 , unplacedBoxesSize:7
currentRepackCostTime:77.587s , currentRepackMaxTime:348.47323529411767s
iter16		 Improve solution by repack 0.7499603601182478->0.7412693160440741 , unplacedBoxesSize:11
currentRepackCostTime:77.804s , currentRepackMaxTime:348.47323529411767s
iter2		 Improve solution by repack 0.7412693160440741->0.740452331362537 , unplacedBoxesSize:11
currentRepackCostTime:77.834s , currentRepackMaxTime:348.47323529411767s
iter7		 Improve solution by repack 0.740452331362537->0.7378300524052673 , unplacedBoxesSize:9
currentRepackCostTime:77.956s , currentRepackMaxTime:348.47323529411767s
iter38		 Improve solution by repack 0.7378300524052673->0.7376634305294275 , unplacedBoxesSize:10
currentRepackCostTime:78.523s , currentRepackMaxTime:348.47323529411767s
iter44		 Improve solution by repack 0.7376634305294275->0.7349360051061543 , unplacedBoxesSize:13
currentRepackCostTime:79.212s , currentRepackMaxTime:348.47323529411767s
iter112		 Improve solution by repack 0.7349360051061543->0.73410155200215 , unplacedBoxesSize:13
currentRepackCostTime:81.081s , currentRepackMaxTime:348.47323529411767s
iter13		 Improve solution by repack 0.73410155200215->0.733933586401505 , unplacedBoxesSize:14
currentRepackCostTime:81.304s , currentRepackMaxTime:348.47323529411767s
iter17		 Improve solution by repack 0.733933586401505->0.7338845404461167 , unplacedBoxesSize:14
currentRepackCostTime:81.639s , currentRepackMaxTime:348.47323529411767s
iter1		 Improve solution by repack 0.7338845404461167->0.7335161918839022 , unplacedBoxesSize:14
currentRepackCostTime:81.65s , currentRepackMaxTime:348.47323529411767s
iter78		 Improve solution by repack 0.7335161918839022->0.7328980784735285 , unplacedBoxesSize:14
currentRepackCostTime:83.12s , currentRepackMaxTime:348.47323529411767s
iter45		 Improve solution by repack 0.7328980784735285->0.7311702499328138 , unplacedBoxesSize:16
currentRepackCostTime:83.962s , currentRepackMaxTime:348.47323529411767s
iter59		 Improve solution by repack 0.7311702499328138->0.7310516662187584 , unplacedBoxesSize:15
currentRepackCostTime:85.166s , currentRepackMaxTime:348.47323529411767s
iter28		 Improve solution by repack 0.7310516662187584->0.7290550255307714 , unplacedBoxesSize:14
currentRepackCostTime:85.775s , currentRepackMaxTime:348.47323529411767s
iter10		 Improve solution by repack 0.7290550255307714->0.727003157753292 , unplacedBoxesSize:15
currentRepackCostTime:85.977s , currentRepackMaxTime:348.47323529411767s
iter61		 Improve solution by repack 0.727003157753292->0.7247502351518409 , unplacedBoxesSize:10
currentRepackCostTime:87.20100000000001s , currentRepackMaxTime:348.47323529411767s
iter154		 Improve solution by repack 0.7247502351518409->0.72470051733405 , unplacedBoxesSize:10
currentRepackCostTime:89.468s , currentRepackMaxTime:348.47323529411767s
iter295		 Improve solution by repack 0.72470051733405->0.722383095941951 , unplacedBoxesSize:5
currentRepackCostTime:93.89s , currentRepackMaxTime:348.47323529411767s
iter141		 Improve solution by repack 0.722383095941951->0.7218587073367375 , unplacedBoxesSize:6
currentRepackCostTime:95.44200000000001s , currentRepackMaxTime:348.47323529411767s
Selecting boards with low utilization for repacking...
iter1		 Improve solution by repack 0.9738188658962644->0.725203910239183 , unplacedBoxesSize:9
currentRepackCostTime:100.506s , currentRepackMaxTime:348.47323529411767s
iter49		 Improve solution by repack 0.725203910239183->0.7225178043536684 , unplacedBoxesSize:9
currentRepackCostTime:101.199s , currentRepackMaxTime:348.47323529411767s
iter144		 Improve solution by repack 0.7225178043536684->0.7188749664068798 , unplacedBoxesSize:13
currentRepackCostTime:103.355s , currentRepackMaxTime:348.47323529411767s
iter60		 Improve solution by repack 0.7188749664068798->0.715001847621607 , unplacedBoxesSize:11
currentRepackCostTime:104.399s , currentRepackMaxTime:348.47323529411767s
Selecting boards with low utilization for repacking...
iter5		 Improve solution by repack 0.9743467817790916->0.7267014915345338 , unplacedBoxesSize:12
currentRepackCostTime:110.65s , currentRepackMaxTime:348.47323529411767s
iter13		 Improve solution by repack 0.7267014915345338->0.725762227895727 , unplacedBoxesSize:16
currentRepackCostTime:110.87100000000001s , currentRepackMaxTime:348.47323529411767s
iter51		 Improve solution by repack 0.725762227895727->0.7251155603332438 , unplacedBoxesSize:16
currentRepackCostTime:111.934s , currentRepackMaxTime:348.47323529411767s
iter20		 Improve solution by repack 0.7251155603332438->0.7194210225745769 , unplacedBoxesSize:16
currentRepackCostTime:112.316s , currentRepackMaxTime:348.47323529411767s
iter8		 Improve solution by repack 0.7194210225745769->0.7191354810534802 , unplacedBoxesSize:16
currentRepackCostTime:112.459s , currentRepackMaxTime:348.47323529411767s
iter76		 Improve solution by repack 0.7191354810534802->0.7164970773985488 , unplacedBoxesSize:13
currentRepackCostTime:114.123s , currentRepackMaxTime:348.47323529411767s
iter71		 Improve solution by repack 0.7164970773985488->0.7120396062886322 , unplacedBoxesSize:13
currentRepackCostTime:115.382s , currentRepackMaxTime:348.47323529411767s
iter33		 Improve solution by repack 0.7120396062886322->0.7091247312550389 , unplacedBoxesSize:16
currentRepackCostTime:115.944s , currentRepackMaxTime:348.47323529411767s
iter90		 Improve solution by repack 0.7091247312550389->0.7059642905133029 , unplacedBoxesSize:14
currentRepackCostTime:117.885s , currentRepackMaxTime:348.47323529411767s
iter20		 Improve solution by repack 0.7059642905133029->0.7033191682343456 , unplacedBoxesSize:14
currentRepackCostTime:118.291s , currentRepackMaxTime:348.47323529411767s
iter234		 Improve solution by repack 0.7033191682343456->0.7010791789841441 , unplacedBoxesSize:13
currentRepackCostTime:122.815s , currentRepackMaxTime:348.47323529411767s
iter46		 Improve solution by repack 0.7010791789841441->0.6991252351518409 , unplacedBoxesSize:16
currentRepackCostTime:123.706s , currentRepackMaxTime:348.47323529411767s
iter22		 Improve solution by repack 0.6991252351518409->0.6980102794947596 , unplacedBoxesSize:16
currentRepackCostTime:124.21900000000001s , currentRepackMaxTime:348.47323529411767s
iter26		 Improve solution by repack 0.6980102794947596->0.6979672803009943 , unplacedBoxesSize:16
currentRepackCostTime:124.796s , currentRepackMaxTime:348.47323529411767s
iter10		 Improve solution by repack 0.6979672803009943->0.6965429320075248 , unplacedBoxesSize:16
currentRepackCostTime:124.99300000000001s , currentRepackMaxTime:348.47323529411767s
iter3		 Improve solution by repack 0.6965429320075248->0.6954074845471648 , unplacedBoxesSize:14
currentRepackCostTime:125.058s , currentRepackMaxTime:348.47323529411767s
iter42		 Improve solution by repack 0.6954074845471648->0.6953577667293738 , unplacedBoxesSize:14
currentRepackCostTime:125.833s , currentRepackMaxTime:348.47323529411767s
iter1		 Improve solution by repack 0.6953577667293738->0.6944139680193497 , unplacedBoxesSize:13
currentRepackCostTime:125.84700000000001s , currentRepackMaxTime:348.47323529411767s
iter238		 Improve solution by repack 0.6944139680193497->0.693468489653319 , unplacedBoxesSize:14
currentRepackCostTime:130.198s , currentRepackMaxTime:348.47323529411767s
iter58		 Improve solution by repack 0.693468489653319->0.6930578137597421 , unplacedBoxesSize:15
currentRepackCostTime:131.278s , currentRepackMaxTime:348.47323529411767s
iter29		 Improve solution by repack 0.6930578137597421->0.6912202700886859 , unplacedBoxesSize:14
currentRepackCostTime:131.85s , currentRepackMaxTime:348.47323529411767s
iter9		 Improve solution by repack 0.6912202700886859->0.6901261421660844 , unplacedBoxesSize:16
currentRepackCostTime:132.02s , currentRepackMaxTime:348.47323529411767s
iter19		 Improve solution by repack 0.6901261421660844->0.687298441279226 , unplacedBoxesSize:16
currentRepackCostTime:132.398s , currentRepackMaxTime:348.47323529411767s
iter96		 Improve solution by repack 0.687298441279226->0.6869114485353399 , unplacedBoxesSize:16
currentRepackCostTime:134.419s , currentRepackMaxTime:348.47323529411767s
iter210		 Improve solution by repack 0.6869114485353399->0.6867584318731523 , unplacedBoxesSize:15
currentRepackCostTime:138.762s , currentRepackMaxTime:348.47323529411767s
Selecting boards with low utilization for repacking...
iter4		 Improve solution by repack 0.9816415278151034->0.7045686643375436 , unplacedBoxesSize:15
currentRepackCostTime:149.013s , currentRepackMaxTime:348.47323529411767s
iter47		 Improve solution by repack 0.7045686643375436->0.7039438323031443 , unplacedBoxesSize:15
currentRepackCostTime:149.959s , currentRepackMaxTime:348.47323529411767s
iter40		 Improve solution by repack 0.7039438323031443->0.6916932612201021 , unplacedBoxesSize:16
currentRepackCostTime:150.729s , currentRepackMaxTime:348.47323529411767s
iter236		 Improve solution by repack 0.6916932612201021->0.690749462510078 , unplacedBoxesSize:15
currentRepackCostTime:155.811s , currentRepackMaxTime:348.47323529411767s
iter96		 Improve solution by repack 0.690749462510078->0.689534903251814 , unplacedBoxesSize:15
currentRepackCostTime:157.708s , currentRepackMaxTime:348.47323529411767s
iter84		 Improve solution by repack 0.689534903251814->0.6890347016930933 , unplacedBoxesSize:14
currentRepackCostTime:159.395s , currentRepackMaxTime:348.47323529411767s
iter2		 Improve solution by repack 0.6890347016930933->0.6886907081429723 , unplacedBoxesSize:14
currentRepackCostTime:159.417s , currentRepackMaxTime:348.47323529411767s
iter8		 Improve solution by repack 0.6886907081429723->0.6883786280569739 , unplacedBoxesSize:15
currentRepackCostTime:159.588s , currentRepackMaxTime:348.47323529411767s
iter26		 Improve solution by repack 0.6883786280569739->0.6855772977694168 , unplacedBoxesSize:16
currentRepackCostTime:160.03900000000002s , currentRepackMaxTime:348.47323529411767s
Selecting boards with low utilization for repacking...
iter1		 Improve solution by repack 0.9825367844665412->0.7099561609782317 , unplacedBoxesSize:14
currentRepackCostTime:168.975s , currentRepackMaxTime:348.47323529411767s
iter24		 Improve solution by repack 0.7099561609782317->0.7097253762429454 , unplacedBoxesSize:18
currentRepackCostTime:169.441s , currentRepackMaxTime:348.47323529411767s
iter8		 Improve solution by repack 0.7097253762429454->0.7091998118785272 , unplacedBoxesSize:15
currentRepackCostTime:169.671s , currentRepackMaxTime:348.47323529411767s
iter125		 Improve solution by repack 0.7091998118785272->0.7084490056436442 , unplacedBoxesSize:18
currentRepackCostTime:172.123s , currentRepackMaxTime:348.47323529411767s
iter72		 Improve solution by repack 0.7084490056436442->0.7073495028218221 , unplacedBoxesSize:18
currentRepackCostTime:173.639s , currentRepackMaxTime:348.47323529411767s
iter13		 Improve solution by repack 0.7073495028218221->0.7046069604944907 , unplacedBoxesSize:17
currentRepackCostTime:173.95000000000002s , currentRepackMaxTime:348.47323529411767s
iter15		 Improve solution by repack 0.7046069604944907->0.7021635649019081 , unplacedBoxesSize:16
currentRepackCostTime:174.29500000000002s , currentRepackMaxTime:348.47323529411767s
iter98		 Improve solution by repack 0.7021635649019081->0.7016532854071487 , unplacedBoxesSize:15
currentRepackCostTime:176.398s , currentRepackMaxTime:348.47323529411767s
iter2		 Improve solution by repack 0.7016532854071487->0.700904158828272 , unplacedBoxesSize:16
currentRepackCostTime:176.441s , currentRepackMaxTime:348.47323529411767s
iter56		 Improve solution by repack 0.700904158828272->0.7000159567320612 , unplacedBoxesSize:14
currentRepackCostTime:177.65s , currentRepackMaxTime:348.47323529411767s
iter20		 Improve solution by repack 0.7000159567320612->0.6987090163934426 , unplacedBoxesSize:12
currentRepackCostTime:178.016s , currentRepackMaxTime:348.47323529411767s
Selecting boards with low utilization for repacking...
iter1		 Improve solution by repack 0.9798810803547434->0.7238964660037625 , unplacedBoxesSize:11
currentRepackCostTime:187.403s , currentRepackMaxTime:348.47323529411767s
iter33		 Improve solution by repack 0.7238964660037625->0.7226649422198335 , unplacedBoxesSize:12
currentRepackCostTime:187.929s , currentRepackMaxTime:348.47323529411767s
iter21		 Improve solution by repack 0.7226649422198335->0.7226397473797366 , unplacedBoxesSize:14
currentRepackCostTime:188.34s , currentRepackMaxTime:348.47323529411767s
iter201		 Improve solution by repack 0.7226397473797366->0.7214555898951895 , unplacedBoxesSize:15
currentRepackCostTime:192.231s , currentRepackMaxTime:348.47323529411767s
iter83		 Improve solution by repack 0.7214555898951895->0.7199331496909434 , unplacedBoxesSize:13
currentRepackCostTime:193.848s , currentRepackMaxTime:348.47323529411767s
iter24		 Improve solution by repack 0.7199331496909434->0.7169685568395593 , unplacedBoxesSize:12
currentRepackCostTime:194.261s , currentRepackMaxTime:348.47323529411767s
iter12		 Improve solution by repack 0.7169685568395593->0.7156559056705187 , unplacedBoxesSize:12
currentRepackCostTime:194.514s , currentRepackMaxTime:348.47323529411767s
iter9		 Improve solution by repack 0.7156559056705187->0.7113899153453372 , unplacedBoxesSize:11
currentRepackCostTime:194.655s , currentRepackMaxTime:348.47323529411767s
iter14		 Improve solution by repack 0.7113899153453372->0.7092916890620801 , unplacedBoxesSize:12
currentRepackCostTime:194.904s , currentRepackMaxTime:348.47323529411767s
iter12		 Improve solution by repack 0.7092916890620801->0.7070737033055631 , unplacedBoxesSize:10
currentRepackCostTime:195.139s , currentRepackMaxTime:348.47323529411767s
iter38		 Improve solution by repack 0.7070737033055631->0.7067263504434292 , unplacedBoxesSize:9
currentRepackCostTime:195.792s , currentRepackMaxTime:348.47323529411767s
iter4		 Improve solution by repack 0.7067263504434292->0.7041645391023919 , unplacedBoxesSize:8
currentRepackCostTime:195.865s , currentRepackMaxTime:348.47323529411767s
iter12		 Improve solution by repack 0.7041645391023919->0.7040785407148616 , unplacedBoxesSize:8
currentRepackCostTime:196.024s , currentRepackMaxTime:348.47323529411767s
iter70		 Improve solution by repack 0.7040785407148616->0.6970401101854341 , unplacedBoxesSize:8
currentRepackCostTime:197.085s , currentRepackMaxTime:348.47323529411767s
Selecting boards with low utilization for repacking...
iter24		 Improve solution by repack 0.9777553077129804->0.7450471983337812 , unplacedBoxesSize:15
currentRepackCostTime:203.79s , currentRepackMaxTime:348.47323529411767s
iter44		 Improve solution by repack 0.7450471983337812->0.7380783055630208 , unplacedBoxesSize:16
currentRepackCostTime:204.671s , currentRepackMaxTime:348.47323529411767s
iter9		 Improve solution by repack 0.7380783055630208->0.7202936038699275 , unplacedBoxesSize:6
currentRepackCostTime:204.863s , currentRepackMaxTime:348.47323529411767s
iter39		 Improve solution by repack 0.7202936038699275->0.7112088484278419 , unplacedBoxesSize:9
currentRepackCostTime:205.282s , currentRepackMaxTime:348.47323529411767s
iter54		 Improve solution by repack 0.7112088484278419->0.711112772104273 , unplacedBoxesSize:9
currentRepackCostTime:206.05s , currentRepackMaxTime:348.47323529411767s
iter94		 Improve solution by repack 0.711112772104273->0.7038571620532116 , unplacedBoxesSize:14
currentRepackCostTime:207.46s , currentRepackMaxTime:348.47323529411767s
iter39		 Improve solution by repack 0.7038571620532116->0.7032121741467346 , unplacedBoxesSize:13
currentRepackCostTime:208.21200000000002s , currentRepackMaxTime:348.47323529411767s
iter90		 Improve solution by repack 0.7032121741467346->0.7026310131685032 , unplacedBoxesSize:12
currentRepackCostTime:209.90800000000002s , currentRepackMaxTime:348.47323529411767s
iter153		 Improve solution by repack 0.7026310131685032->0.7017038430529428 , unplacedBoxesSize:13
currentRepackCostTime:212.653s , currentRepackMaxTime:348.47323529411767s
iter8		 Improve solution by repack 0.7017038430529428->0.6991107901101854 , unplacedBoxesSize:11
currentRepackCostTime:212.81300000000002s , currentRepackMaxTime:348.47323529411767s
iter300		 Improve solution by repack 0.6991107901101854->0.6987237973662994 , unplacedBoxesSize:11
currentRepackCostTime:217.945s , currentRepackMaxTime:348.47323529411767s
Selecting boards with low utilization for repacking...
iter1		 Improve solution by repack 0.9786011824778286->0.7263622010212308 , unplacedBoxesSize:10
currentRepackCostTime:225.51500000000001s , currentRepackMaxTime:348.47323529411767s
iter32		 Improve solution by repack 0.7263622010212308->0.7255551263101316 , unplacedBoxesSize:10
currentRepackCostTime:226.073s , currentRepackMaxTime:348.47323529411767s
iter41		 Improve solution by repack 0.7255551263101316->0.7239199811878527 , unplacedBoxesSize:10
currentRepackCostTime:226.667s , currentRepackMaxTime:348.47323529411767s
iter6		 Improve solution by repack 0.7239199811878527->0.7224459150765924 , unplacedBoxesSize:10
currentRepackCostTime:226.75300000000001s , currentRepackMaxTime:348.47323529411767s
iter101		 Improve solution by repack 0.7224459150765924->0.7210783391561408 , unplacedBoxesSize:11
currentRepackCostTime:228.32s , currentRepackMaxTime:348.47323529411767s
iter1		 Improve solution by repack 0.7210783391561408->0.72058855146466 , unplacedBoxesSize:12
currentRepackCostTime:228.338s , currentRepackMaxTime:348.47323529411767s
iter2		 Improve solution by repack 0.72058855146466->0.71873958613276 , unplacedBoxesSize:13
currentRepackCostTime:228.383s , currentRepackMaxTime:348.47323529411767s
iter5		 Improve solution by repack 0.71873958613276->0.7164062080085998 , unplacedBoxesSize:13
currentRepackCostTime:228.479s , currentRepackMaxTime:348.47323529411767s
iter1		 Improve solution by repack 0.7164062080085998->0.7070296963181941 , unplacedBoxesSize:12
currentRepackCostTime:228.5s , currentRepackMaxTime:348.47323529411767s
iter18		 Improve solution by repack 0.7070296963181941->0.7053246775060468 , unplacedBoxesSize:12
currentRepackCostTime:228.824s , currentRepackMaxTime:348.47323529411767s
iter5		 Improve solution by repack 0.7053246775060468->0.7032543805428648 , unplacedBoxesSize:12
currentRepackCostTime:228.898s , currentRepackMaxTime:348.47323529411767s
iter17		 Improve solution by repack 0.7032543805428648->0.7031413262563827 , unplacedBoxesSize:12
currentRepackCostTime:229.181s , currentRepackMaxTime:348.47323529411767s
iter96		 Improve solution by repack 0.7031413262563827->0.7021365560333244 , unplacedBoxesSize:11
currentRepackCostTime:230.848s , currentRepackMaxTime:348.47323529411767s
iter49		 Improve solution by repack 0.7021365560333244->0.7017495632894384 , unplacedBoxesSize:11
currentRepackCostTime:231.72400000000002s , currentRepackMaxTime:348.47323529411767s
iter126		 Improve solution by repack 0.7017495632894384->0.7009179320075248 , unplacedBoxesSize:10
currentRepackCostTime:233.79s , currentRepackMaxTime:348.47323529411767s
iter77		 Improve solution by repack 0.7009179320075248->0.6990834117172803 , unplacedBoxesSize:11
currentRepackCostTime:234.983s , currentRepackMaxTime:348.47323529411767s
iter4		 Improve solution by repack 0.6990834117172803->0.6984437987100243 , unplacedBoxesSize:11
currentRepackCostTime:235.04s , currentRepackMaxTime:348.47323529411767s
Selecting boards with low utilization for repacking...
iter45		 Improve solution by repack 0.98092448266595->0.7204694638538028 , unplacedBoxesSize:9
currentRepackCostTime:242.166s , currentRepackMaxTime:348.47323529411767s
iter20		 Improve solution by repack 0.7204694638538028->0.7147210091373287 , unplacedBoxesSize:9
currentRepackCostTime:242.449s , currentRepackMaxTime:348.47323529411767s
iter96		 Improve solution by repack 0.7147210091373287->0.707069000268745 , unplacedBoxesSize:10
currentRepackCostTime:243.895s , currentRepackMaxTime:348.47323529411767s
iter29		 Improve solution by repack 0.707069000268745->0.7060506248320343 , unplacedBoxesSize:9
currentRepackCostTime:244.345s , currentRepackMaxTime:348.47323529411767s
iter140		 Improve solution by repack 0.7060506248320343->0.7059046627250739 , unplacedBoxesSize:10
currentRepackCostTime:246.41s , currentRepackMaxTime:348.47323529411767s
iter79		 Improve solution by repack 0.7059046627250739->0.7055129669443698 , unplacedBoxesSize:9
currentRepackCostTime:247.703s , currentRepackMaxTime:348.47323529411767s
Selecting boards with low utilization for repacking...
iter6		 Improve solution by repack 0.9767293738242409->0.7076226148884708 , unplacedBoxesSize:10
currentRepackCostTime:256.225s , currentRepackMaxTime:348.47323529411767s
iter50		 Improve solution by repack 0.7076226148884708->0.7069830018812147 , unplacedBoxesSize:10
currentRepackCostTime:257.012s , currentRepackMaxTime:348.47323529411767s
iter69		 Improve solution by repack 0.7069830018812147->0.7062634372480516 , unplacedBoxesSize:11
currentRepackCostTime:258.087s , currentRepackMaxTime:348.47323529411767s
iter40		 Improve solution by repack 0.7062634372480516->0.7046914471916151 , unplacedBoxesSize:10
currentRepackCostTime:258.694s , currentRepackMaxTime:348.47323529411767s
Selecting boards with low utilization for repacking...
iter18		 Improve solution by repack 0.9761917159365762->0.7046914471916151 , unplacedBoxesSize:10
currentRepackCostTime:266.847s , currentRepackMaxTime:348.47323529411767s
Selecting boards with low utilization for repacking...
iter2		 Improve solution by repack 0.9818261220102122->0.9803397944101049 , unplacedBoxesSize:12
currentRepackCostTime:277.123s , currentRepackMaxTime:348.47323529411767s
iter17		 Improve solution by repack 0.9803397944101049->0.7202542999193766 , unplacedBoxesSize:12
currentRepackCostTime:277.38800000000003s , currentRepackMaxTime:348.47323529411767s
iter4		 Improve solution by repack 0.7202542999193766->0.7197678715399086 , unplacedBoxesSize:12
currentRepackCostTime:277.457s , currentRepackMaxTime:348.47323529411767s
iter52		 Improve solution by repack 0.7197678715399086->0.7117527210427305 , unplacedBoxesSize:13
currentRepackCostTime:278.367s , currentRepackMaxTime:348.47323529411767s
iter45		 Improve solution by repack 0.7117527210427305->0.7091430395055093 , unplacedBoxesSize:11
currentRepackCostTime:279.209s , currentRepackMaxTime:348.47323529411767s
iter8		 Improve solution by repack 0.7091430395055093->0.7077532921257726 , unplacedBoxesSize:15
currentRepackCostTime:279.357s , currentRepackMaxTime:348.47323529411767s
iter40		 Improve solution by repack 0.7077532921257726->0.707446083042193 , unplacedBoxesSize:14
currentRepackCostTime:280.16700000000003s , currentRepackMaxTime:348.47323529411767s
iter5		 Improve solution by repack 0.707446083042193->0.7069489048642837 , unplacedBoxesSize:14
currentRepackCostTime:280.269s , currentRepackMaxTime:348.47323529411767s
iter17		 Improve solution by repack 0.7069489048642837->0.7066049113141628 , unplacedBoxesSize:14
currentRepackCostTime:280.599s , currentRepackMaxTime:348.47323529411767s
iter2		 Improve solution by repack 0.7066049113141628->0.7065619121203978 , unplacedBoxesSize:14
currentRepackCostTime:280.627s , currentRepackMaxTime:348.47323529411767s
iter3		 Improve solution by repack 0.7065619121203978->0.7049746371943025 , unplacedBoxesSize:12
currentRepackCostTime:280.684s , currentRepackMaxTime:348.47323529411767s
iter149		 Improve solution by repack 0.7049746371943025->0.7038408693899488 , unplacedBoxesSize:13
currentRepackCostTime:283.50100000000003s , currentRepackMaxTime:348.47323529411767s
iter74		 Improve solution by repack 0.7038408693899488->0.7033270626175759 , unplacedBoxesSize:13
currentRepackCostTime:284.938s , currentRepackMaxTime:348.47323529411767s
Selecting boards with low utilization for repacking...
iter13		 Improve solution by repack 0.9836727358237034->0.724129938188659 , unplacedBoxesSize:12
currentRepackCostTime:295.652s , currentRepackMaxTime:348.47323529411767s
Selecting boards with low utilization for repacking...
iter3		 Improve solution by repack 0.9770043335124966->0.724129938188659 , unplacedBoxesSize:12
currentRepackCostTime:306.621s , currentRepackMaxTime:348.47323529411767s
Selecting boards with low utilization for repacking...
iter14		 Improve solution by repack 0.9856480112872883->0.7432168771835528 , unplacedBoxesSize:13
currentRepackCostTime:317.919s , currentRepackMaxTime:348.47323529411767s
iter1		 Improve solution by repack 0.7432168771835528->0.7410884170921794 , unplacedBoxesSize:12
currentRepackCostTime:317.931s , currentRepackMaxTime:348.47323529411767s
iter7		 Improve solution by repack 0.7410884170921794->0.7353792663262564 , unplacedBoxesSize:13
currentRepackCostTime:318.071s , currentRepackMaxTime:348.47323529411767s
iter54		 Improve solution by repack 0.7353792663262564->0.7345448132222521 , unplacedBoxesSize:13
currentRepackCostTime:319.043s , currentRepackMaxTime:348.47323529411767s
iter37		 Improve solution by repack 0.7345448132222521->0.7341373286750874 , unplacedBoxesSize:11
currentRepackCostTime:319.783s , currentRepackMaxTime:348.47323529411767s
iter125		 Improve solution by repack 0.7341373286750874->0.730264041924214 , unplacedBoxesSize:12
currentRepackCostTime:321.88800000000003s , currentRepackMaxTime:348.47323529411767s
iter2		 Improve solution by repack 0.730264041924214->0.7278957269551196 , unplacedBoxesSize:10
currentRepackCostTime:321.921s , currentRepackMaxTime:348.47323529411767s
iter25		 Improve solution by repack 0.7278957269551196->0.727683619994625 , unplacedBoxesSize:12
currentRepackCostTime:322.285s , currentRepackMaxTime:348.47323529411767s
iter4		 Improve solution by repack 0.727683619994625->0.7261344396667563 , unplacedBoxesSize:11
currentRepackCostTime:322.354s , currentRepackMaxTime:348.47323529411767s
iter55		 Improve solution by repack 0.7261344396667563->0.7257578607901102 , unplacedBoxesSize:12
currentRepackCostTime:323.22700000000003s , currentRepackMaxTime:348.47323529411767s
iter10		 Improve solution by repack 0.7257578607901102->0.7257088148347218 , unplacedBoxesSize:12
currentRepackCostTime:323.396s , currentRepackMaxTime:348.47323529411767s
iter12		 Improve solution by repack 0.7257088148347218->0.7243758398280032 , unplacedBoxesSize:12
currentRepackCostTime:323.61s , currentRepackMaxTime:348.47323529411767s
iter76		 Improve solution by repack 0.7243758398280032->0.724289841440473 , unplacedBoxesSize:12
currentRepackCostTime:324.948s , currentRepackMaxTime:348.47323529411767s
iter242		 Improve solution by repack 0.724289841440473->0.7224974805159904 , unplacedBoxesSize:11
currentRepackCostTime:329.13100000000003s , currentRepackMaxTime:348.47323529411767s
Selecting boards with low utilization for repacking...
iter13		 Improve solution by repack 0.97707555092717->0.7572299113141628 , unplacedBoxesSize:9
currentRepackCostTime:339.925s , currentRepackMaxTime:348.47323529411767s
iter20		 Improve solution by repack 0.7572299113141628->0.7556006449879065 , unplacedBoxesSize:13
currentRepackCostTime:340.24s , currentRepackMaxTime:348.47323529411767s
iter27		 Improve solution by repack 0.7556006449879065->0.7535339962375706 , unplacedBoxesSize:14
currentRepackCostTime:340.73900000000003s , currentRepackMaxTime:348.47323529411767s
iter7		 Improve solution by repack 0.7535339962375706->0.7532833915614083 , unplacedBoxesSize:14
currentRepackCostTime:340.88800000000003s , currentRepackMaxTime:348.47323529411767s
iter69		 Improve solution by repack 0.7532833915614083->0.7492764041924214 , unplacedBoxesSize:13
currentRepackCostTime:342.315s , currentRepackMaxTime:348.47323529411767s
iter60		 Improve solution by repack 0.7492764041924214->0.7340647675356088 , unplacedBoxesSize:15
currentRepackCostTime:343.411s , currentRepackMaxTime:348.47323529411767s
iter3		 Improve solution by repack 0.7340647675356088->0.7327156678312282 , unplacedBoxesSize:16
currentRepackCostTime:343.459s , currentRepackMaxTime:348.47323529411767s
iter34		 Improve solution by repack 0.7327156678312282->0.7326216070948669 , unplacedBoxesSize:16
currentRepackCostTime:344.238s , currentRepackMaxTime:348.47323529411767s
iter4		 Improve solution by repack 0.7326216070948669->0.7321637328675087 , unplacedBoxesSize:15
currentRepackCostTime:344.325s , currentRepackMaxTime:348.47323529411767s
iter6		 Improve solution by repack 0.7321637328675087->0.727392199677506 , unplacedBoxesSize:17
currentRepackCostTime:344.461s , currentRepackMaxTime:348.47323529411767s
iter17		 Improve solution by repack 0.727392199677506->0.7273444974469229 , unplacedBoxesSize:16
currentRepackCostTime:344.81s , currentRepackMaxTime:348.47323529411767s
iter13		 Improve solution by repack 0.7273444974469229->0.7253295821015856 , unplacedBoxesSize:16
currentRepackCostTime:345.065s , currentRepackMaxTime:348.47323529411767s
iter6		 Improve solution by repack 0.7253295821015856->0.7234155804891158 , unplacedBoxesSize:14
currentRepackCostTime:345.185s , currentRepackMaxTime:348.47323529411767s
iter9		 Improve solution by repack 0.7234155804891158->0.721694269013706 , unplacedBoxesSize:14
currentRepackCostTime:345.327s , currentRepackMaxTime:348.47323529411767s
iter12		 Improve solution by repack 0.721694269013706->0.7211970908357968 , unplacedBoxesSize:14
currentRepackCostTime:345.586s , currentRepackMaxTime:348.47323529411767s
iter8		 Improve solution by repack 0.7211970908357968->0.7198829279763505 , unplacedBoxesSize:13
currentRepackCostTime:345.711s , currentRepackMaxTime:348.47323529411767s
