total number of nestable workpieces：366
Processing color group: 0 (1/1), boxes: 366
searchTime: 1000
Start nesting on the 1th large board, remaining blocks count: 314
Utilization of the 1th large board: 98.88524590163935, Time taken for this board: 1.004s
-------------------------------------------------------------------
Start nesting on the 2th large board, remaining blocks count: 310
Utilization of the 2th large board: 97.95646331631282, Time taken for this board: 2.005s
-------------------------------------------------------------------
Start nesting on the 3th large board, remaining blocks count: 309
Utilization of the 3th large board: 98.95139075517334, Time taken for this board: 3.005s
-------------------------------------------------------------------
Start nesting on the 4th large board, remaining blocks count: 296
Utilization of the 4th large board: 97.8328406342381, Time taken for this board: 4.006s
-------------------------------------------------------------------
Start nesting on the 5th large board, remaining blocks count: 293
Utilization of the 5th large board: 98.77304488040849, Time taken for this board: 5.008s
-------------------------------------------------------------------
Start nesting on the 6th large board, remaining blocks count: 281
Utilization of the 6th large board: 98.6957807041118, Time taken for this board: 6.009s
-------------------------------------------------------------------
Start nesting on the 7th large board, remaining blocks count: 269
Utilization of the 7th large board: 99.4163989282451, Time taken for this board: 7.011s
-------------------------------------------------------------------
Start nesting on the 8th large board, remaining blocks count: 262
Utilization of the 8th large board: 98.16816715936575, Time taken for this board: 8.012s
-------------------------------------------------------------------
Start nesting on the 9th large board, remaining blocks count: 259
Utilization of the 9th large board: 99.24704380542865, Time taken for this board: 9.012s
-------------------------------------------------------------------
Start nesting on the 10th large board, remaining blocks count: 251
Utilization of the 10th large board: 98.54709755442086, Time taken for this board: 10.012s
-------------------------------------------------------------------
Start nesting on the 11th large board, remaining blocks count: 240
Utilization of the 11th large board: 99.00792797635044, Time taken for this board: 11.012s
-------------------------------------------------------------------
Start nesting on the 12th large board, remaining blocks count: 229
Utilization of the 12th large board: 97.78574307981725, Time taken for this board: 12.012s
-------------------------------------------------------------------
Start nesting on the 13th large board, remaining blocks count: 221
Utilization of the 13th large board: 99.6720303681806, Time taken for this board: 13.014000000000001s
-------------------------------------------------------------------
Start nesting on the 14th large board, remaining blocks count: 218
Utilization of the 14th large board: 99.12449610319807, Time taken for this board: 14.018s
-------------------------------------------------------------------
Start nesting on the 15th large board, remaining blocks count: 212
Utilization of the 15th large board: 99.00305697393175, Time taken for this board: 15.021s
-------------------------------------------------------------------
Start nesting on the 16th large board, remaining blocks count: 209
Utilization of the 16th large board: 99.34721848965333, Time taken for this board: 16.021s
-------------------------------------------------------------------
Start nesting on the 17th large board, remaining blocks count: 196
Utilization of the 17th large board: 98.21445847890351, Time taken for this board: 17.021s
-------------------------------------------------------------------
Start nesting on the 18th large board, remaining blocks count: 191
Utilization of the 18th large board: 99.09256584251546, Time taken for this board: 18.021s
-------------------------------------------------------------------
Start nesting on the 19th large board, remaining blocks count: 180
Utilization of the 19th large board: 98.96859043267939, Time taken for this board: 19.024s
-------------------------------------------------------------------
Start nesting on the 20th large board, remaining blocks count: 175
Utilization of the 20th large board: 98.87696519752754, Time taken for this board: 20.026s
-------------------------------------------------------------------
Start nesting on the 21th large board, remaining blocks count: 170
Utilization of the 21th large board: 98.52445579145392, Time taken for this board: 21.028s
-------------------------------------------------------------------
Start nesting on the 22th large board, remaining blocks count: 159
Utilization of the 22th large board: 98.62772104273044, Time taken for this board: 22.028s
-------------------------------------------------------------------
Start nesting on the 23th large board, remaining blocks count: 152
Utilization of the 23th large board: 98.01343724805159, Time taken for this board: 23.028000000000002s
-------------------------------------------------------------------
Start nesting on the 24th large board, remaining blocks count: 145
Utilization of the 24th large board: 98.55079279763504, Time taken for this board: 24.028000000000002s
-------------------------------------------------------------------
Start nesting on the 25th large board, remaining blocks count: 135
Utilization of the 25th large board: 98.82293066380005, Time taken for this board: 25.028000000000002s
-------------------------------------------------------------------
Start nesting on the 26th large board, remaining blocks count: 129
Utilization of the 26th large board: 98.0137731792529, Time taken for this board: 26.029s
-------------------------------------------------------------------
Start nesting on the 27th large board, remaining blocks count: 121
Utilization of the 27th large board: 98.46990056436442, Time taken for this board: 26.71s
-------------------------------------------------------------------
Start nesting on the 28th large board, remaining blocks count: 113
Utilization of the 28th large board: 97.25167965600644, Time taken for this board: 27.291s
-------------------------------------------------------------------
Start nesting on the 29th large board, remaining blocks count: 103
Utilization of the 29th large board: 97.80905670518678, Time taken for this board: 27.72s
-------------------------------------------------------------------
Start nesting on the 30th large board, remaining blocks count: 96
Utilization of the 30th large board: 95.99865627519485, Time taken for this board: 28.227s
-------------------------------------------------------------------
Start nesting on the 31th large board, remaining blocks count: 83
Utilization of the 31th large board: 98.19389948938458, Time taken for this board: 28.672s
-------------------------------------------------------------------
Start nesting on the 32th large board, remaining blocks count: 70
Utilization of the 32th large board: 98.64638202096212, Time taken for this board: 28.853s
-------------------------------------------------------------------
Start nesting on the 33th large board, remaining blocks count: 58
Utilization of the 33th large board: 98.10837140553613, Time taken for this board: 28.907s
-------------------------------------------------------------------
Start nesting on the 34th large board, remaining blocks count: 48
Utilization of the 34th large board: 96.76948400967481, Time taken for this board: 28.952s
-------------------------------------------------------------------
Start nesting on the 35th large board, remaining blocks count: 38
Utilization of the 35th large board: 96.5070545552271, Time taken for this board: 28.981s
-------------------------------------------------------------------
Start nesting on the 36th large board, remaining blocks count: 32
Utilization of the 36th large board: 95.48431201289976, Time taken for this board: 28.990000000000002s
-------------------------------------------------------------------
Start nesting on the 37th large board, remaining blocks count: 24
Utilization of the 37th large board: 90.95659768879334, Time taken for this board: 28.998s
-------------------------------------------------------------------
Start nesting on the 38th large board, remaining blocks count: 15
Utilization of the 38th large board: 85.31916823434561, Time taken for this board: 29.0s
-------------------------------------------------------------------
Start nesting on the 39th large board, remaining blocks count: 10
Utilization of the 39th large board: 74.64901908089223, Time taken for this board: 29.001s
-------------------------------------------------------------------
Found solution: 39


Lower Bound LB=39
Lower bound reached, no optimization required.
