total number of nestable workpieces：93
Start priority-first combined packing.
Start nesting on the 1th large board, remaining blocks count: 37
Utilization of the 1th large board: 98.38538027411985, Time taken for this board: 0.47900000000000004s
-------------------------------------------------------------------
Start nesting on the 2th large board, remaining blocks count: 18
Utilization of the 2th large board: 69.25761196586939, Time taken for this board: 0.776s
-------------------------------------------------------------------
Start global repack optimization for 2 boards, time=5.0s.
Start improving solution by repacking.
Selecting boards with low utilization for repacking...
Selecting boards with low utilization for repacking...
iter1		 Improve solution by repack 0.9838538027411987->0.7044408737570547 , unplacedBoxesSize:24
currentRepackCostTime:0.052000000000000005s , currentRepackMaxTime:5.0s
Selecting boards with low utilization for repacking...
All low-utilization boards have been repacked once. Restarting repacking process...
Selecting boards with low utilization for repacking...
Selecting boards with low utilization for repacking...
iter1		 Improve solution by repack 0.971989048642838->0.7044408737570547 , unplacedBoxesSize:24
currentRepackCostTime:0.135s , currentRepackMaxTime:5.0s
Selecting boards with low utilization for repacking...
All low-utilization boards have been repacked once. Restarting repacking process...
Selecting boards with low utilization for repacking...
Selecting boards with low utilization for repacking...
iter1		 Improve solution by repack 0.971989048642838->0.7044408737570547 , unplacedBoxesSize:24
currentRepackCostTime:0.217s , currentRepackMaxTime:5.0s
Selecting boards with low utilization for repacking...
All low-utilization boards have been repacked once. Restarting repacking process...
Global repack result: 2 -> 2 boards.
Start nesting on the 1th large board, remaining blocks count: 22
Utilization of the 1th large board: 97.01417629669443, Time taken for this board: 0.246s
-------------------------------------------------------------------
Start nesting on the 2th large board, remaining blocks count: 16
Utilization of the 2th large board: 54.211599074509536, Time taken for this board: 0.367s
-------------------------------------------------------------------
Start global repack optimization for 2 boards, time=5.0s.
Start improving solution by repacking.
Selecting boards with low utilization for repacking...
Selecting boards with low utilization for repacking...
iter1		 Improve solution by repack 0.9701417629669443->0.542125799936173 , unplacedBoxesSize:18
currentRepackCostTime:0.078s , currentRepackMaxTime:5.0s
Selecting boards with low utilization for repacking...
All low-utilization boards have been repacked once. Restarting repacking process...
Selecting boards with low utilization for repacking...
Selecting boards with low utilization for repacking...
iter1		 Improve solution by repack 0.9701319537758667->0.542125799936173 , unplacedBoxesSize:18
currentRepackCostTime:0.2s , currentRepackMaxTime:5.0s
Selecting boards with low utilization for repacking...
All low-utilization boards have been repacked once. Restarting repacking process...
Selecting boards with low utilization for repacking...
Selecting boards with low utilization for repacking...
iter1		 Improve solution by repack 0.9701319537758667->0.542125799936173 , unplacedBoxesSize:18
currentRepackCostTime:0.321s , currentRepackMaxTime:5.0s
Selecting boards with low utilization for repacking...
All low-utilization boards have been repacked once. Restarting repacking process...
Global repack result: 2 -> 2 boards.
