total number of nestable workpieces：81
Processing color group: 0 (1/2), boxes: 31
Allocated time: 229.6s
searchTime: 1000
Start nesting on the 1th large board, remaining blocks count: 39
Utilization of the 1th large board: 97.83122816447191, Time taken for this board: 0.338s
-------------------------------------------------------------------
Start nesting on the 2th large board, remaining blocks count: 16
Utilization of the 2th large board: 96.59691615157215, Time taken for this board: 0.342s
-------------------------------------------------------------------
Start nesting on the 3th large board, remaining blocks count: 8
Utilization of the 3th large board: 41.72661918839022, Time taken for this board: 0.342s
-------------------------------------------------------------------
Found solution: 3


Processing color group: 1 (2/2), boxes: 50
Allocated time: 370.4s
searchTime: 1000
Start nesting on the 1th large board, remaining blocks count: 73
Utilization of the 1th large board: 99.08882020962108, Time taken for this board: 0.59s
-------------------------------------------------------------------
Start nesting on the 2th large board, remaining blocks count: 61
Utilization of the 2th large board: 99.33169846815372, Time taken for this board: 0.8180000000000001s
-------------------------------------------------------------------
Start nesting on the 3th large board, remaining blocks count: 48
Utilization of the 3th large board: 98.01906145189466, Time taken for this board: 0.997s
-------------------------------------------------------------------
Start nesting on the 4th large board, remaining blocks count: 28
Utilization of the 4th large board: 97.14948938457404, Time taken for this board: 1.08s
-------------------------------------------------------------------
Start nesting on the 5th large board, remaining blocks count: 6
Utilization of the 5th large board: 9.62429454447729, Time taken for this board: 1.08s
-------------------------------------------------------------------
Found solution: 5


Start improving solution by repacking.
Selecting boards with low utilization for repacking...
Selecting boards with low utilization for repacking...
iter3		 Improve solution by repack 0.9714948938457404->0.9674267669981187 , unplacedBoxesSize:17
currentRepackCostTime:0.193s , currentRepackMaxTime:369.29037037037034s
iter1		 Improve solution by repack 0.9674267669981187->0.1284815909701693 , unplacedBoxesSize:4
currentRepackCostTime:0.226s , currentRepackMaxTime:369.29037037037034s
Selecting boards with low utilization for repacking...
iter1		 Improve solution by repack 0.9770055092717012->0.9582484547164741 , unplacedBoxesSize:20
currentRepackCostTime:0.442s , currentRepackMaxTime:369.29037037037034s
iter1		 Improve solution by repack 0.9582484547164741->0.1300644987906477 , unplacedBoxesSize:4
currentRepackCostTime:0.47000000000000003s , currentRepackMaxTime:369.29037037037034s
iter4		 Improve solution by repack 0.1300644987906477->0.12897070679924752 , unplacedBoxesSize:5
currentRepackCostTime:0.542s , currentRepackMaxTime:369.29037037037034s
iter2		 Improve solution by repack 0.12897070679924752->0.1284815909701693 , unplacedBoxesSize:4
currentRepackCostTime:0.596s , currentRepackMaxTime:369.29037037037034s
Selecting boards with low utilization for repacking...
iter1		 Improve solution by repack 0.9733660306369255->0.14816178446654127 , unplacedBoxesSize:5
currentRepackCostTime:0.792s , currentRepackMaxTime:369.29037037037034s
iter1		 Improve solution by repack 0.14816178446654127->0.14533996237570546 , unplacedBoxesSize:6
currentRepackCostTime:0.8200000000000001s , currentRepackMaxTime:369.29037037037034s
iter1		 Improve solution by repack 0.14533996237570546->0.14238376780435366 , unplacedBoxesSize:5
currentRepackCostTime:0.835s , currentRepackMaxTime:369.29037037037034s
iter2		 Improve solution by repack 0.14238376780435366->0.12081967213114754 , unplacedBoxesSize:5
currentRepackCostTime:0.88s , currentRepackMaxTime:369.29037037037034s
Selecting boards with low utilization for repacking...
iter1		 Improve solution by repack 0.975656887026337->0.12796156947057244 , unplacedBoxesSize:6
currentRepackCostTime:1.064s , currentRepackMaxTime:369.29037037037034s
iter4		 Improve solution by repack 0.12796156947057244->0.12233136253695243 , unplacedBoxesSize:5
currentRepackCostTime:1.157s , currentRepackMaxTime:369.29037037037034s
iter2		 Improve solution by repack 0.12233136253695243->0.11697393173877989 , unplacedBoxesSize:5
currentRepackCostTime:1.196s , currentRepackMaxTime:369.29037037037034s
iter1		 Improve solution by repack 0.11697393173877989->0.11269013705993014 , unplacedBoxesSize:4
currentRepackCostTime:1.212s , currentRepackMaxTime:369.29037037037034s
Selecting boards with low utilization for repacking...
All low-utilization boards have been repacked once. Restarting repacking process...
Selecting boards with low utilization for repacking...
Selecting boards with low utilization for repacking...
iter1		 Improve solution by repack 0.9788954582101586->0.1388134909970438 , unplacedBoxesSize:3
currentRepackCostTime:1.602s , currentRepackMaxTime:369.29037037037034s
iter1		 Improve solution by repack 0.1388134909970438->0.130890889545821 , unplacedBoxesSize:3
currentRepackCostTime:1.61s , currentRepackMaxTime:369.29037037037034s
Selecting boards with low utilization for repacking...
iter1		 Improve solution by repack 0.9667313894114485->0.9663719430260682 , unplacedBoxesSize:21
currentRepackCostTime:1.8820000000000001s , currentRepackMaxTime:369.29037037037034s
iter1		 Improve solution by repack 0.9663719430260682->0.9473521902714324 , unplacedBoxesSize:21
currentRepackCostTime:1.9020000000000001s , currentRepackMaxTime:369.29037037037034s
iter1		 Improve solution by repack 0.9473521902714324->0.15218758398280033 , unplacedBoxesSize:6
currentRepackCostTime:1.939s , currentRepackMaxTime:369.29037037037034s
iter1		 Improve solution by repack 0.15218758398280033->0.14945310400429992 , unplacedBoxesSize:4
currentRepackCostTime:1.956s , currentRepackMaxTime:369.29037037037034s
iter2		 Improve solution by repack 0.14945310400429992->0.13629938188658963 , unplacedBoxesSize:5
currentRepackCostTime:2.0060000000000002s , currentRepackMaxTime:369.29037037037034s
iter3		 Improve solution by repack 0.13629938188658963->0.13114418167159367 , unplacedBoxesSize:2
currentRepackCostTime:2.074s , currentRepackMaxTime:369.29037037037034s
Selecting boards with low utilization for repacking...
iter1		 Improve solution by repack 0.9763101316850309->0.13479306638000538 , unplacedBoxesSize:6
currentRepackCostTime:2.2760000000000002s , currentRepackMaxTime:369.29037037037034s
iter2		 Improve solution by repack 0.13479306638000538->0.12536079011018544 , unplacedBoxesSize:4
currentRepackCostTime:2.334s , currentRepackMaxTime:369.29037037037034s
iter3		 Improve solution by repack 0.12536079011018544->0.11991332975006719 , unplacedBoxesSize:4
currentRepackCostTime:2.376s , currentRepackMaxTime:369.29037037037034s
iter3		 Improve solution by repack 0.11991332975006719->0.11641830153184628 , unplacedBoxesSize:4
currentRepackCostTime:2.472s , currentRepackMaxTime:369.29037037037034s
Selecting boards with low utilization for repacking...
iter2		 Improve solution by repack 0.9701370599301263->0.1352781510346681 , unplacedBoxesSize:5
currentRepackCostTime:2.693s , currentRepackMaxTime:369.29037037037034s
Selecting boards with low utilization for repacking...
All low-utilization boards have been repacked once. Restarting repacking process...
Selecting boards with low utilization for repacking...
Selecting boards with low utilization for repacking...
iter1		 Improve solution by repack 0.9643543402311207->0.13066783122816447 , unplacedBoxesSize:3
currentRepackCostTime:3.041s , currentRepackMaxTime:369.29037037037034s
iter5		 Improve solution by repack 0.13066783122816447->0.13008734211233539 , unplacedBoxesSize:4
currentRepackCostTime:3.148s , currentRepackMaxTime:369.29037037037034s
Selecting boards with low utilization for repacking...
iter1		 Improve solution by repack 0.9657502759002956->0.9642824509540446 , unplacedBoxesSize:18
currentRepackCostTime:3.31s , currentRepackMaxTime:369.29037037037034s
iter2		 Improve solution by repack 0.9642824509540446->0.13832370330556304 , unplacedBoxesSize:4
currentRepackCostTime:3.363s , currentRepackMaxTime:369.29037037037034s
iter1		 Improve solution by repack 0.13832370330556304->0.1315184090298307 , unplacedBoxesSize:6
currentRepackCostTime:3.402s , currentRepackMaxTime:369.29037037037034s
iter5		 Improve solution by repack 0.1315184090298307->0.1304420854608976 , unplacedBoxesSize:2
currentRepackCostTime:3.509s , currentRepackMaxTime:369.29037037037034s
iter4		 Improve solution by repack 0.1304420854608976->0.12193630744423542 , unplacedBoxesSize:5
currentRepackCostTime:3.588s , currentRepackMaxTime:369.29037037037034s
iter2		 Improve solution by repack 0.12193630744423542->0.11726686374630475 , unplacedBoxesSize:3
currentRepackCostTime:3.632s , currentRepackMaxTime:369.29037037037034s
iter1		 Improve solution by repack 0.11726686374630475->0.11625100779360388 , unplacedBoxesSize:3
currentRepackCostTime:3.654s , currentRepackMaxTime:369.29037037037034s
iter5		 Improve solution by repack 0.11625100779360388->0.11478634775597957 , unplacedBoxesSize:4
currentRepackCostTime:3.749s , currentRepackMaxTime:369.29037037037034s
iter6		 Improve solution by repack 0.11478634775597957->0.11446922870196183 , unplacedBoxesSize:2
currentRepackCostTime:3.868s , currentRepackMaxTime:369.29037037037034s
Selecting boards with low utilization for repacking...
iter3		 Improve solution by repack 0.9693601925893577->0.1396613813490997 , unplacedBoxesSize:4
currentRepackCostTime:4.091s , currentRepackMaxTime:369.29037037037034s
Selecting boards with low utilization for repacking...
iter1		 Improve solution by repack 0.9908176565439398->0.9732450954044611 , unplacedBoxesSize:14
currentRepackCostTime:4.296s , currentRepackMaxTime:369.29037037037034s
iter1		 Improve solution by repack 0.9732450954044611->0.13594598226283258 , unplacedBoxesSize:4
currentRepackCostTime:4.32s , currentRepackMaxTime:369.29037037037034s
Selecting boards with low utilization for repacking...
All low-utilization boards have been repacked once. Restarting repacking process...
