total number of nestable workpieces：216
Start priority-first combined packing.
Start nesting on the 1th large board, remaining blocks count: 149
Utilization of the 1th large board: 99.10696049449072, Time taken for this board: 4.62s
-------------------------------------------------------------------
Start nesting on the 2th large board, remaining blocks count: 139
Utilization of the 2th large board: 98.59231389411448, Time taken for this board: 10.595s
-------------------------------------------------------------------
Start nesting on the 3th large board, remaining blocks count: 129
Utilization of the 3th large board: 98.28332437516796, Time taken for this board: 18.008s
-------------------------------------------------------------------
Start nesting on the 4th large board, remaining blocks count: 116
Utilization of the 4th large board: 98.8530972856759, Time taken for this board: 20.532s
-------------------------------------------------------------------
Start nesting on the 5th large board, remaining blocks count: 102
Utilization of the 5th large board: 98.96835528083848, Time taken for this board: 22.67s
-------------------------------------------------------------------
Start nesting on the 6th large board, remaining blocks count: 86
Utilization of the 6th large board: 99.40126981994088, Time taken for this board: 24.459s
-------------------------------------------------------------------
Start nesting on the 7th large board, remaining blocks count: 68
Utilization of the 7th large board: 98.88695915076592, Time taken for this board: 25.713s
-------------------------------------------------------------------
Start nesting on the 8th large board, remaining blocks count: 62
Utilization of the 8th large board: 98.54387261488847, Time taken for this board: 26.243000000000002s
-------------------------------------------------------------------
Start nesting on the 9th large board, remaining blocks count: 40
Utilization of the 9th large board: 97.58102660575115, Time taken for this board: 26.744s
-------------------------------------------------------------------
Start nesting on the 10th large board, remaining blocks count: 26
Utilization of the 10th large board: 64.45142434829347, Time taken for this board: 26.991s
-------------------------------------------------------------------
Start global repack optimization for 10 boards, time=360.434s.
Start improving solution by repacking.
Selecting boards with low utilization for repacking...
iter5		 Improve solution by repack 0.6445142434829346->0.6431728701961839 , unplacedBoxesSize:18
currentRepackCostTime:0.147s , currentRepackMaxTime:360.434s
iter45		 Improve solution by repack 0.6431728701961839->0.6431698468153723 , unplacedBoxesSize:15
currentRepackCostTime:1.899s , currentRepackMaxTime:360.434s
Selecting boards with low utilization for repacking...
iter3		 Improve solution by repack 0.9771546627250739->0.6431698468153723 , unplacedBoxesSize:15
currentRepackCostTime:4.852s , currentRepackMaxTime:360.434s
Selecting boards with low utilization for repacking...
iter1		 Improve solution by repack 0.9828332437516796->0.6754131953775867 , unplacedBoxesSize:14
currentRepackCostTime:7.907s , currentRepackMaxTime:360.434s
iter1		 Improve solution by repack 0.6754131953775867->0.6712446251007793 , unplacedBoxesSize:17
currentRepackCostTime:7.946s , currentRepackMaxTime:360.434s
iter1		 Improve solution by repack 0.6712446251007793->0.6658656947057242 , unplacedBoxesSize:17
currentRepackCostTime:7.965s , currentRepackMaxTime:360.434s
Selecting boards with low utilization for repacking...
iter5		 Improve solution by repack 0.9727788228970706->0.6757592045149153 , unplacedBoxesSize:11
currentRepackCostTime:11.374s , currentRepackMaxTime:360.434s
iter19		 Improve solution by repack 0.6757592045149153->0.673042192958882 , unplacedBoxesSize:14
currentRepackCostTime:11.946s , currentRepackMaxTime:360.434s
iter38		 Improve solution by repack 0.673042192958882->0.6706510346680999 , unplacedBoxesSize:17
currentRepackCostTime:13.08s , currentRepackMaxTime:360.434s
iter4		 Improve solution by repack 0.6706510346680999->0.6656147540983607 , unplacedBoxesSize:15
currentRepackCostTime:13.248000000000001s , currentRepackMaxTime:360.434s
iter3		 Improve solution by repack 0.6656147540983607->0.6612926632625639 , unplacedBoxesSize:16
currentRepackCostTime:13.331s , currentRepackMaxTime:360.434s
iter16		 Improve solution by repack 0.6612926632625639->0.6588094598226283 , unplacedBoxesSize:15
currentRepackCostTime:13.84s , currentRepackMaxTime:360.434s
iter18		 Improve solution by repack 0.6588094598226283->0.6571670921795216 , unplacedBoxesSize:15
currentRepackCostTime:14.442s , currentRepackMaxTime:360.434s
iter11		 Improve solution by repack 0.6571670921795216->0.6568489653319 , unplacedBoxesSize:13
currentRepackCostTime:14.922s , currentRepackMaxTime:360.434s
iter15		 Improve solution by repack 0.6568489653319->0.6565661112604139 , unplacedBoxesSize:15
currentRepackCostTime:15.361s , currentRepackMaxTime:360.434s
iter12		 Improve solution by repack 0.6565661112604139->0.6547379736629938 , unplacedBoxesSize:15
currentRepackCostTime:15.777000000000001s , currentRepackMaxTime:360.434s
iter18		 Improve solution by repack 0.6547379736629938->0.653853130878796 , unplacedBoxesSize:15
currentRepackCostTime:16.447s , currentRepackMaxTime:360.434s
Selecting boards with low utilization for repacking...
iter8		 Improve solution by repack 0.9802149959688256->0.6584090298306907 , unplacedBoxesSize:12
currentRepackCostTime:18.709s , currentRepackMaxTime:360.434s
iter26		 Improve solution by repack 0.6584090298306907->0.656058855146466 , unplacedBoxesSize:12
currentRepackCostTime:19.425s , currentRepackMaxTime:360.434s
Selecting boards with low utilization for repacking...
iter1		 Improve solution by repack 0.9854387261488847->0.6885816984681536 , unplacedBoxesSize:18
currentRepackCostTime:21.074s , currentRepackMaxTime:360.434s
iter5		 Improve solution by repack 0.6885816984681536->0.6799230717549046 , unplacedBoxesSize:20
currentRepackCostTime:21.314s , currentRepackMaxTime:360.434s
iter8		 Improve solution by repack 0.6799230717549046->0.6772782854071486 , unplacedBoxesSize:18
currentRepackCostTime:21.596s , currentRepackMaxTime:360.434s
iter7		 Improve solution by repack 0.6772782854071486->0.6741467347487234 , unplacedBoxesSize:13
currentRepackCostTime:21.774s , currentRepackMaxTime:360.434s
iter4		 Improve solution by repack 0.6741467347487234->0.6740741736092448 , unplacedBoxesSize:12
currentRepackCostTime:21.902s , currentRepackMaxTime:360.434s
iter13		 Improve solution by repack 0.6740741736092448->0.6736176431066918 , unplacedBoxesSize:13
currentRepackCostTime:22.295s , currentRepackMaxTime:360.434s
iter6		 Improve solution by repack 0.6736176431066918->0.6687046492878259 , unplacedBoxesSize:13
currentRepackCostTime:22.438s , currentRepackMaxTime:360.434s
iter38		 Improve solution by repack 0.6687046492878259->0.6681046761623219 , unplacedBoxesSize:14
currentRepackCostTime:23.713s , currentRepackMaxTime:360.434s
iter7		 Improve solution by repack 0.6681046761623219->0.6664995968825584 , unplacedBoxesSize:11
currentRepackCostTime:23.885s , currentRepackMaxTime:360.434s
iter3		 Improve solution by repack 0.6664995968825584->0.6622272238645526 , unplacedBoxesSize:12
currentRepackCostTime:23.979s , currentRepackMaxTime:360.434s
iter2		 Improve solution by repack 0.6622272238645526->0.6615694705724268 , unplacedBoxesSize:14
currentRepackCostTime:24.069s , currentRepackMaxTime:360.434s
iter24		 Improve solution by repack 0.6615694705724268->0.6603184627788229 , unplacedBoxesSize:12
currentRepackCostTime:24.919s , currentRepackMaxTime:360.434s
iter24		 Improve solution by repack 0.6603184627788229->0.6576081698468154 , unplacedBoxesSize:17
currentRepackCostTime:25.604s , currentRepackMaxTime:360.434s
iter7		 Improve solution by repack 0.6576081698468154->0.656601048105348 , unplacedBoxesSize:19
currentRepackCostTime:25.898s , currentRepackMaxTime:360.434s
iter7		 Improve solution by repack 0.656601048105348->0.65648179252889 , unplacedBoxesSize:19
currentRepackCostTime:26.112000000000002s , currentRepackMaxTime:360.434s
iter2		 Improve solution by repack 0.65648179252889->0.654455455522709 , unplacedBoxesSize:20
currentRepackCostTime:26.214000000000002s , currentRepackMaxTime:360.434s
iter35		 Improve solution by repack 0.654455455522709->0.6527469094329481 , unplacedBoxesSize:19
currentRepackCostTime:27.593s , currentRepackMaxTime:360.434s
iter5		 Improve solution by repack 0.6527469094329481->0.6519850174684225 , unplacedBoxesSize:19
currentRepackCostTime:27.782s , currentRepackMaxTime:360.434s
iter1		 Improve solution by repack 0.6519850174684225->0.6498622682074712 , unplacedBoxesSize:19
currentRepackCostTime:27.866s , currentRepackMaxTime:360.434s
iter10		 Improve solution by repack 0.6498622682074712->0.64877082773448 , unplacedBoxesSize:19
currentRepackCostTime:28.361s , currentRepackMaxTime:360.434s
iter12		 Improve solution by repack 0.64877082773448->0.6439216608438592 , unplacedBoxesSize:17
currentRepackCostTime:28.767s , currentRepackMaxTime:360.434s
iter16		 Improve solution by repack 0.6439216608438592->0.6413682477828541 , unplacedBoxesSize:18
currentRepackCostTime:29.378s , currentRepackMaxTime:360.434s
Selecting boards with low utilization for repacking...
iter1		 Improve solution by repack 0.9850839828003224->0.9812237973662994 , unplacedBoxesSize:12
currentRepackCostTime:32.227000000000004s , currentRepackMaxTime:360.434s
iter9		 Improve solution by repack 0.9812237973662994->0.6714975812953508 , unplacedBoxesSize:19
currentRepackCostTime:32.518s , currentRepackMaxTime:360.434s
iter6		 Improve solution by repack 0.6714975812953508->0.6711166353130879 , unplacedBoxesSize:14
currentRepackCostTime:32.745s , currentRepackMaxTime:360.434s
iter5		 Improve solution by repack 0.6711166353130879->0.6704121875839828 , unplacedBoxesSize:12
currentRepackCostTime:32.895s , currentRepackMaxTime:360.434s
iter6		 Improve solution by repack 0.6704121875839828->0.669867979037893 , unplacedBoxesSize:13
currentRepackCostTime:33.071s , currentRepackMaxTime:360.434s
iter3		 Improve solution by repack 0.669867979037893->0.6634701693093255 , unplacedBoxesSize:16
currentRepackCostTime:33.134s , currentRepackMaxTime:360.434s
iter10		 Improve solution by repack 0.6634701693093255->0.6618167159365762 , unplacedBoxesSize:14
currentRepackCostTime:33.461s , currentRepackMaxTime:360.434s
iter16		 Improve solution by repack 0.6618167159365762->0.6596701155603333 , unplacedBoxesSize:11
currentRepackCostTime:33.97s , currentRepackMaxTime:360.434s
iter19		 Improve solution by repack 0.6596701155603333->0.6575272104273044 , unplacedBoxesSize:11
currentRepackCostTime:34.555s , currentRepackMaxTime:360.434s
iter25		 Improve solution by repack 0.6575272104273044->0.6561710561676969 , unplacedBoxesSize:14
currentRepackCostTime:35.268s , currentRepackMaxTime:360.434s
iter5		 Improve solution by repack 0.6561710561676969->0.6542629669443698 , unplacedBoxesSize:17
currentRepackCostTime:35.429s , currentRepackMaxTime:360.434s
iter25		 Improve solution by repack 0.6542629669443698->0.6489693630744424 , unplacedBoxesSize:16
currentRepackCostTime:36.237s , currentRepackMaxTime:360.434s
iter6		 Improve solution by repack 0.6489693630744424->0.6461626578876646 , unplacedBoxesSize:13
currentRepackCostTime:36.467s , currentRepackMaxTime:360.434s
Selecting boards with low utilization for repacking...
iter17		 Improve solution by repack 0.9819598226283257->0.6461626578876646 , unplacedBoxesSize:13
currentRepackCostTime:39.661s , currentRepackMaxTime:360.434s
Selecting boards with low utilization for repacking...
iter1		 Improve solution by repack 0.9875362805697393->0.9870626175759204 , unplacedBoxesSize:15
currentRepackCostTime:42.064s , currentRepackMaxTime:360.434s
iter2		 Improve solution by repack 0.9870626175759204->0.6528241736092448 , unplacedBoxesSize:17
currentRepackCostTime:42.144s , currentRepackMaxTime:360.434s
iter26		 Improve solution by repack 0.6528241736092448->0.6527596748185972 , unplacedBoxesSize:16
currentRepackCostTime:43.113s , currentRepackMaxTime:360.434s
iter7		 Improve solution by repack 0.6527596748185972->0.650077600107498 , unplacedBoxesSize:15
currentRepackCostTime:43.34s , currentRepackMaxTime:360.434s
iter22		 Improve solution by repack 0.650077600107498->0.6487946788497716 , unplacedBoxesSize:14
currentRepackCostTime:44.112s , currentRepackMaxTime:360.434s
iter6		 Improve solution by repack 0.6487946788497716->0.6466316178446655 , unplacedBoxesSize:14
currentRepackCostTime:44.277s , currentRepackMaxTime:360.434s
iter17		 Improve solution by repack 0.6466316178446655->0.6432961569470572 , unplacedBoxesSize:13
currentRepackCostTime:44.845s , currentRepackMaxTime:360.434s
Selecting boards with low utilization for repacking...
iter2		 Improve solution by repack 0.9918301531846277->0.9912026337006181 , unplacedBoxesSize:16
currentRepackCostTime:46.582s , currentRepackMaxTime:360.434s
iter6		 Improve solution by repack 0.9912026337006181->0.658344531040043 , unplacedBoxesSize:17
currentRepackCostTime:46.753s , currentRepackMaxTime:360.434s
iter13		 Improve solution by repack 0.658344531040043->0.6574267669981188 , unplacedBoxesSize:16
currentRepackCostTime:47.131s , currentRepackMaxTime:360.434s
iter17		 Improve solution by repack 0.6574267669981188->0.6549657350174685 , unplacedBoxesSize:15
currentRepackCostTime:47.735s , currentRepackMaxTime:360.434s
iter3		 Improve solution by repack 0.6549657350174685->0.6530663800053749 , unplacedBoxesSize:14
currentRepackCostTime:47.819s , currentRepackMaxTime:360.434s
Selecting boards with low utilization for repacking...
All low-utilization boards have been repacked once. Restarting repacking process...
Selecting boards with low utilization for repacking...
Selecting boards with low utilization for repacking...
iter3		 Improve solution by repack 0.9809080220370868->0.6753997581295351 , unplacedBoxesSize:16
currentRepackCostTime:51.008s , currentRepackMaxTime:360.434s
iter23		 Improve solution by repack 0.6753997581295351->0.6629907954850847 , unplacedBoxesSize:16
currentRepackCostTime:51.727000000000004s , currentRepackMaxTime:360.434s
iter8		 Improve solution by repack 0.6629907954850847->0.6607894383230315 , unplacedBoxesSize:18
currentRepackCostTime:52.119s , currentRepackMaxTime:360.434s
iter6		 Improve solution by repack 0.6607894383230315->0.6592602794947594 , unplacedBoxesSize:18
currentRepackCostTime:52.271s , currentRepackMaxTime:360.434s
iter2		 Improve solution by repack 0.6592602794947594->0.659101048105348 , unplacedBoxesSize:16
currentRepackCostTime:52.347s , currentRepackMaxTime:360.434s
iter5		 Improve solution by repack 0.659101048105348->0.6584658022037086 , unplacedBoxesSize:17
currentRepackCostTime:52.492000000000004s , currentRepackMaxTime:360.434s
iter11		 Improve solution by repack 0.6584658022037086->0.658019013705993 , unplacedBoxesSize:16
currentRepackCostTime:52.921s , currentRepackMaxTime:360.434s
iter8		 Improve solution by repack 0.658019013705993->0.6541863746304757 , unplacedBoxesSize:16
currentRepackCostTime:53.188s , currentRepackMaxTime:360.434s
iter11		 Improve solution by repack 0.6541863746304757->0.6540624160171997 , unplacedBoxesSize:16
currentRepackCostTime:53.660000000000004s , currentRepackMaxTime:360.434s
iter33		 Improve solution by repack 0.6540624160171997->0.6524741332975007 , unplacedBoxesSize:16
currentRepackCostTime:54.856s , currentRepackMaxTime:360.434s
Selecting boards with low utilization for repacking...
iter5		 Improve solution by repack 0.9799338215533459->0.6643009271701156 , unplacedBoxesSize:14
currentRepackCostTime:57.434000000000005s , currentRepackMaxTime:360.434s
iter2		 Improve solution by repack 0.6643009271701156->0.6610037624294545 , unplacedBoxesSize:16
currentRepackCostTime:57.514s , currentRepackMaxTime:360.434s
iter18		 Improve solution by repack 0.6610037624294545->0.6531352459016393 , unplacedBoxesSize:19
currentRepackCostTime:58.072s , currentRepackMaxTime:360.434s
iter9		 Improve solution by repack 0.6531352459016393->0.6522342784197797 , unplacedBoxesSize:18
currentRepackCostTime:58.379s , currentRepackMaxTime:360.434s
iter7		 Improve solution by repack 0.6522342784197797->0.6462647809728568 , unplacedBoxesSize:20
currentRepackCostTime:58.656s , currentRepackMaxTime:360.434s
iter22		 Improve solution by repack 0.6462647809728568->0.6451763638806772 , unplacedBoxesSize:20
currentRepackCostTime:59.492000000000004s , currentRepackMaxTime:360.434s
iter3		 Improve solution by repack 0.6451763638806772->0.6449586804622414 , unplacedBoxesSize:20
currentRepackCostTime:59.565s , currentRepackMaxTime:360.434s
iter20		 Improve solution by repack 0.6449586804622414->0.6376303413061005 , unplacedBoxesSize:15
currentRepackCostTime:60.329s , currentRepackMaxTime:360.434s
Selecting boards with low utilization for repacking...
iter2		 Improve solution by repack 0.9875362805697393->0.6415123622682074 , unplacedBoxesSize:16
currentRepackCostTime:61.775s , currentRepackMaxTime:360.434s
iter22		 Improve solution by repack 0.6415123622682074->0.6376303413061005 , unplacedBoxesSize:15
currentRepackCostTime:62.438s , currentRepackMaxTime:360.434s
Selecting boards with low utilization for repacking...
iter2		 Improve solution by repack 0.9875362805697393->0.6376303413061005 , unplacedBoxesSize:15
currentRepackCostTime:64.406s , currentRepackMaxTime:360.434s
Selecting boards with low utilization for repacking...
iter4		 Improve solution by repack 0.9877633700618114->0.6729998656275196 , unplacedBoxesSize:17
currentRepackCostTime:67.07000000000001s , currentRepackMaxTime:360.434s
iter9		 Improve solution by repack 0.6729998656275196->0.6668529965063155 , unplacedBoxesSize:14
currentRepackCostTime:67.41s , currentRepackMaxTime:360.434s
iter9		 Improve solution by repack 0.6668529965063155->0.6579021096479442 , unplacedBoxesSize:13
currentRepackCostTime:67.631s , currentRepackMaxTime:360.434s
iter3		 Improve solution by repack 0.6579021096479442->0.6560753157753292 , unplacedBoxesSize:19
currentRepackCostTime:67.753s , currentRepackMaxTime:360.434s
iter15		 Improve solution by repack 0.6560753157753292->0.6529951625907015 , unplacedBoxesSize:21
currentRepackCostTime:68.21600000000001s , currentRepackMaxTime:360.434s
iter4		 Improve solution by repack 0.6529951625907015->0.6522332706261758 , unplacedBoxesSize:21
currentRepackCostTime:68.385s , currentRepackMaxTime:360.434s
iter22		 Improve solution by repack 0.6522332706261758->0.6499690943294814 , unplacedBoxesSize:21
currentRepackCostTime:69.215s , currentRepackMaxTime:360.434s
iter8		 Improve solution by repack 0.6499690943294814->0.6497265520021499 , unplacedBoxesSize:19
currentRepackCostTime:69.5s , currentRepackMaxTime:360.434s
iter1		 Improve solution by repack 0.6497265520021499->0.644790378930395 , unplacedBoxesSize:21
currentRepackCostTime:69.531s , currentRepackMaxTime:360.434s
iter18		 Improve solution by repack 0.644790378930395->0.64477862133835 , unplacedBoxesSize:22
currentRepackCostTime:70.253s , currentRepackMaxTime:360.434s
iter15		 Improve solution by repack 0.64477862133835->0.6437839290513303 , unplacedBoxesSize:19
currentRepackCostTime:70.935s , currentRepackMaxTime:360.434s
iter1		 Improve solution by repack 0.6437839290513303->0.6434070142434829 , unplacedBoxesSize:16
currentRepackCostTime:70.96600000000001s , currentRepackMaxTime:360.434s
iter14		 Improve solution by repack 0.6434070142434829->0.643071083042193 , unplacedBoxesSize:15
currentRepackCostTime:71.383s , currentRepackMaxTime:360.434s
Selecting boards with low utilization for repacking...
iter7		 Improve solution by repack 0.9862714995968827->0.651642703574308 , unplacedBoxesSize:16
currentRepackCostTime:73.421s , currentRepackMaxTime:360.434s
Selecting boards with low utilization for repacking...
iter5		 Improve solution by repack 0.9886451894651975->0.6857108304219296 , unplacedBoxesSize:15
currentRepackCostTime:76.385s , currentRepackMaxTime:360.434s
iter1		 Improve solution by repack 0.6857108304219296->0.6708626713249126 , unplacedBoxesSize:14
currentRepackCostTime:76.42s , currentRepackMaxTime:360.434s
iter1		 Improve solution by repack 0.6708626713249126->0.6707847352862133 , unplacedBoxesSize:12
currentRepackCostTime:76.458s , currentRepackMaxTime:360.434s
iter4		 Improve solution by repack 0.6707847352862133->0.6687654528352593 , unplacedBoxesSize:14
currentRepackCostTime:76.615s , currentRepackMaxTime:360.434s
iter4		 Improve solution by repack 0.6687654528352593->0.6684782316581565 , unplacedBoxesSize:13
currentRepackCostTime:76.72500000000001s , currentRepackMaxTime:360.434s
iter22		 Improve solution by repack 0.6684782316581565->0.6667878258532652 , unplacedBoxesSize:13
currentRepackCostTime:77.43900000000001s , currentRepackMaxTime:360.434s
iter1		 Improve solution by repack 0.6667878258532652->0.665201558720774 , unplacedBoxesSize:12
currentRepackCostTime:77.453s , currentRepackMaxTime:360.434s
iter29		 Improve solution by repack 0.665201558720774->0.6611764310669175 , unplacedBoxesSize:11
currentRepackCostTime:78.318s , currentRepackMaxTime:360.434s
Selecting boards with low utilization for repacking...
iter1		 Improve solution by repack 0.9905872077398549->0.6889424885783392 , unplacedBoxesSize:14
currentRepackCostTime:80.304s , currentRepackMaxTime:360.434s
iter1		 Improve solution by repack 0.6889424885783392->0.6780381617844665 , unplacedBoxesSize:14
currentRepackCostTime:80.321s , currentRepackMaxTime:360.434s
iter3		 Improve solution by repack 0.6780381617844665->0.6768852459016393 , unplacedBoxesSize:14
currentRepackCostTime:80.425s , currentRepackMaxTime:360.434s
iter11		 Improve solution by repack 0.6768852459016393->0.6731711905401773 , unplacedBoxesSize:12
currentRepackCostTime:80.756s , currentRepackMaxTime:360.434s
iter12		 Improve solution by repack 0.6731711905401773->0.6715560333243751 , unplacedBoxesSize:12
currentRepackCostTime:81.155s , currentRepackMaxTime:360.434s
iter7		 Improve solution by repack 0.6715560333243751->0.6694228701961839 , unplacedBoxesSize:13
currentRepackCostTime:81.416s , currentRepackMaxTime:360.434s
iter5		 Improve solution by repack 0.6694228701961839->0.667737503359312 , unplacedBoxesSize:14
currentRepackCostTime:81.501s , currentRepackMaxTime:360.434s
iter7		 Improve solution by repack 0.667737503359312->0.6677338081160978 , unplacedBoxesSize:15
currentRepackCostTime:81.749s , currentRepackMaxTime:360.434s
iter15		 Improve solution by repack 0.6677338081160978->0.6656554017737167 , unplacedBoxesSize:15
currentRepackCostTime:82.28s , currentRepackMaxTime:360.434s
iter1		 Improve solution by repack 0.6656554017737167->0.665111193227627 , unplacedBoxesSize:16
currentRepackCostTime:82.284s , currentRepackMaxTime:360.434s
Selecting boards with low utilization for repacking...
iter1		 Improve solution by repack 0.9835219027143242->0.9830549583445312 , unplacedBoxesSize:13
currentRepackCostTime:84.857s , currentRepackMaxTime:360.434s
iter1		 Improve solution by repack 0.9830549583445312->0.6882064633163127 , unplacedBoxesSize:16
currentRepackCostTime:84.893s , currentRepackMaxTime:360.434s
iter44		 Improve solution by repack 0.6882064633163127->0.6838212174146735 , unplacedBoxesSize:14
currentRepackCostTime:86.32600000000001s , currentRepackMaxTime:360.434s
iter1		 Improve solution by repack 0.6838212174146735->0.6828500403117442 , unplacedBoxesSize:13
currentRepackCostTime:86.362s , currentRepackMaxTime:360.434s
iter2		 Improve solution by repack 0.6828500403117442->0.6757867508734212 , unplacedBoxesSize:15
currentRepackCostTime:86.425s , currentRepackMaxTime:360.434s
iter3		 Improve solution by repack 0.6757867508734212->0.675268744961032 , unplacedBoxesSize:17
currentRepackCostTime:86.517s , currentRepackMaxTime:360.434s
iter5		 Improve solution by repack 0.675268744961032->0.6749435635581833 , unplacedBoxesSize:14
currentRepackCostTime:86.684s , currentRepackMaxTime:360.434s
iter10		 Improve solution by repack 0.6749435635581833->0.6720451491534534 , unplacedBoxesSize:14
currentRepackCostTime:87.016s , currentRepackMaxTime:360.434s
iter7		 Improve solution by repack 0.6720451491534534->0.6701313490997044 , unplacedBoxesSize:11
currentRepackCostTime:87.183s , currentRepackMaxTime:360.434s
Selecting boards with low utilization for repacking...
All low-utilization boards have been repacked once. Restarting repacking process...
Selecting boards with low utilization for repacking...
Selecting boards with low utilization for repacking...
iter1		 Improve solution by repack 0.9735870733673744->0.6954199140016125 , unplacedBoxesSize:15
currentRepackCostTime:90.191s , currentRepackMaxTime:360.434s
iter4		 Improve solution by repack 0.6954199140016125->0.6910897608169847 , unplacedBoxesSize:13
currentRepackCostTime:90.304s , currentRepackMaxTime:360.434s
iter3		 Improve solution by repack 0.6910897608169847->0.6896516393442623 , unplacedBoxesSize:9
currentRepackCostTime:90.392s , currentRepackMaxTime:360.434s
iter14		 Improve solution by repack 0.6896516393442623->0.6827794947594732 , unplacedBoxesSize:10
currentRepackCostTime:90.752s , currentRepackMaxTime:360.434s
iter16		 Improve solution by repack 0.6827794947594732->0.6776263101316851 , unplacedBoxesSize:11
currentRepackCostTime:91.144s , currentRepackMaxTime:360.434s
iter4		 Improve solution by repack 0.6776263101316851->0.6776074979844129 , unplacedBoxesSize:15
currentRepackCostTime:91.23700000000001s , currentRepackMaxTime:360.434s
iter5		 Improve solution by repack 0.6776074979844129->0.6749307981725342 , unplacedBoxesSize:15
currentRepackCostTime:91.422s , currentRepackMaxTime:360.434s
iter6		 Improve solution by repack 0.6749307981725342->0.6689189733942489 , unplacedBoxesSize:14
currentRepackCostTime:91.66s , currentRepackMaxTime:360.434s
iter25		 Improve solution by repack 0.6689189733942489->0.6664680193496372 , unplacedBoxesSize:13
currentRepackCostTime:92.416s , currentRepackMaxTime:360.434s
iter31		 Improve solution by repack 0.6664680193496372->0.6566527815103467 , unplacedBoxesSize:11
currentRepackCostTime:93.296s , currentRepackMaxTime:360.434s
Selecting boards with low utilization for repacking...
iter4		 Improve solution by repack 0.9825564364418167->0.6784214592851384 , unplacedBoxesSize:17
currentRepackCostTime:95.397s , currentRepackMaxTime:360.434s
iter23		 Improve solution by repack 0.6784214592851384->0.6667532249395324 , unplacedBoxesSize:13
currentRepackCostTime:96.08500000000001s , currentRepackMaxTime:360.434s
Selecting boards with low utilization for repacking...
iter7		 Improve solution by repack 0.9818919645256652->0.6917710292932007 , unplacedBoxesSize:17
currentRepackCostTime:98.084s , currentRepackMaxTime:360.434s
iter6		 Improve solution by repack 0.6917710292932007->0.6916171728030098 , unplacedBoxesSize:15
currentRepackCostTime:98.26s , currentRepackMaxTime:360.434s
iter4		 Improve solution by repack 0.6916171728030098->0.6784688255845203 , unplacedBoxesSize:14
currentRepackCostTime:98.424s , currentRepackMaxTime:360.434s
iter7		 Improve solution by repack 0.6784688255845203->0.6724637194302607 , unplacedBoxesSize:14
currentRepackCostTime:98.69500000000001s , currentRepackMaxTime:360.434s
iter17		 Improve solution by repack 0.6724637194302607->0.6579998656275194 , unplacedBoxesSize:13
currentRepackCostTime:99.205s , currentRepackMaxTime:360.434s
Selecting boards with low utilization for repacking...
iter3		 Improve solution by repack 0.9830038968019349->0.6724402042461705 , unplacedBoxesSize:16
currentRepackCostTime:100.811s , currentRepackMaxTime:360.434s
Selecting boards with low utilization for repacking...
iter3		 Improve solution by repack 0.9832279629131954->0.9801007793603869 , unplacedBoxesSize:16
currentRepackCostTime:103.61800000000001s , currentRepackMaxTime:360.434s
iter4		 Improve solution by repack 0.9801007793603869->0.9798918301531847 , unplacedBoxesSize:14
currentRepackCostTime:103.69500000000001s , currentRepackMaxTime:360.434s
iter1		 Improve solution by repack 0.9798918301531847->0.6801088417092179 , unplacedBoxesSize:18
currentRepackCostTime:103.72s , currentRepackMaxTime:360.434s
iter8		 Improve solution by repack 0.6801088417092179->0.6764068798710025 , unplacedBoxesSize:17
currentRepackCostTime:103.996s , currentRepackMaxTime:360.434s
iter12		 Improve solution by repack 0.6764068798710025->0.6747917226552003 , unplacedBoxesSize:13
currentRepackCostTime:104.319s , currentRepackMaxTime:360.434s
iter13		 Improve solution by repack 0.6747917226552003->0.6743180596613814 , unplacedBoxesSize:16
currentRepackCostTime:104.676s , currentRepackMaxTime:360.434s
iter2		 Improve solution by repack 0.6743180596613814->0.6681876511690406 , unplacedBoxesSize:18
currentRepackCostTime:104.71600000000001s , currentRepackMaxTime:360.434s
iter2		 Improve solution by repack 0.6681876511690406->0.6608042192958882 , unplacedBoxesSize:19
currentRepackCostTime:104.783s , currentRepackMaxTime:360.434s
iter20		 Improve solution by repack 0.6608042192958882->0.6559301934963719 , unplacedBoxesSize:21
currentRepackCostTime:105.418s , currentRepackMaxTime:360.434s
Selecting boards with low utilization for repacking...
iter1		 Improve solution by repack 0.9845565708142973->0.9833223595807579 , unplacedBoxesSize:11
currentRepackCostTime:108.011s , currentRepackMaxTime:360.434s
iter4		 Improve solution by repack 0.9833223595807579->0.6753527277613545 , unplacedBoxesSize:19
currentRepackCostTime:108.096s , currentRepackMaxTime:360.434s
iter5		 Improve solution by repack 0.6753527277613545->0.6737281644719161 , unplacedBoxesSize:20
currentRepackCostTime:108.238s , currentRepackMaxTime:360.434s
iter8		 Improve solution by repack 0.6737281644719161->0.671857027680731 , unplacedBoxesSize:18
currentRepackCostTime:108.58200000000001s , currentRepackMaxTime:360.434s
iter9		 Improve solution by repack 0.671857027680731->0.6653920317119054 , unplacedBoxesSize:19
currentRepackCostTime:108.941s , currentRepackMaxTime:360.434s
iter35		 Improve solution by repack 0.6653920317119054->0.6642844665412524 , unplacedBoxesSize:20
currentRepackCostTime:110.069s , currentRepackMaxTime:360.434s
iter9		 Improve solution by repack 0.6642844665412524->0.6601968556839559 , unplacedBoxesSize:20
currentRepackCostTime:110.438s , currentRepackMaxTime:360.434s
iter1		 Improve solution by repack 0.6601968556839559->0.6598703305563021 , unplacedBoxesSize:20
currentRepackCostTime:110.474s , currentRepackMaxTime:360.434s
iter4		 Improve solution by repack 0.6598703305563021->0.6590580489115829 , unplacedBoxesSize:20
currentRepackCostTime:110.605s , currentRepackMaxTime:360.434s
iter3		 Improve solution by repack 0.6590580489115829->0.6583055630206933 , unplacedBoxesSize:17
currentRepackCostTime:110.66s , currentRepackMaxTime:360.434s
iter6		 Improve solution by repack 0.6583055630206933->0.6560894248857834 , unplacedBoxesSize:18
currentRepackCostTime:110.848s , currentRepackMaxTime:360.434s
iter5		 Improve solution by repack 0.6560894248857834->0.6518103332437517 , unplacedBoxesSize:18
currentRepackCostTime:111.07600000000001s , currentRepackMaxTime:360.434s
iter29		 Improve solution by repack 0.6518103332437517->0.6507219161515722 , unplacedBoxesSize:18
currentRepackCostTime:112.028s , currentRepackMaxTime:360.434s
iter44		 Improve solution by repack 0.6507219161515722->0.6495710158559527 , unplacedBoxesSize:18
currentRepackCostTime:113.486s , currentRepackMaxTime:360.434s
Selecting boards with low utilization for repacking...
iter1		 Improve solution by repack 0.9823891427035742->0.9789092313894114 , unplacedBoxesSize:16
currentRepackCostTime:115.52s , currentRepackMaxTime:360.434s
iter9		 Improve solution by repack 0.9789092313894114->0.6556033324375168 , unplacedBoxesSize:20
currentRepackCostTime:115.778s , currentRepackMaxTime:360.434s
iter10		 Improve solution by repack 0.6556033324375168->0.655594262295082 , unplacedBoxesSize:18
currentRepackCostTime:116.113s , currentRepackMaxTime:360.434s
iter2		 Improve solution by repack 0.655594262295082->0.6516796560064498 , unplacedBoxesSize:20
currentRepackCostTime:116.16s , currentRepackMaxTime:360.434s
iter34		 Improve solution by repack 0.6516796560064498->0.6492156006449878 , unplacedBoxesSize:18
currentRepackCostTime:117.382s , currentRepackMaxTime:360.434s
iter31		 Improve solution by repack 0.6492156006449878->0.6471523112066649 , unplacedBoxesSize:18
currentRepackCostTime:118.42s , currentRepackMaxTime:360.434s
iter3		 Improve solution by repack 0.6471523112066649->0.6464266998118786 , unplacedBoxesSize:20
currentRepackCostTime:118.511s , currentRepackMaxTime:360.434s
iter1		 Improve solution by repack 0.6464266998118786->0.64475779360387 , unplacedBoxesSize:18
currentRepackCostTime:118.529s , currentRepackMaxTime:360.434s
iter15		 Improve solution by repack 0.64475779360387->0.6443009271701156 , unplacedBoxesSize:19
currentRepackCostTime:119.02s , currentRepackMaxTime:360.434s
iter4		 Improve solution by repack 0.6443009271701156->0.6432605482397206 , unplacedBoxesSize:15
currentRepackCostTime:119.162s , currentRepackMaxTime:360.434s
iter14		 Improve solution by repack 0.6432605482397206->0.6423710024187047 , unplacedBoxesSize:16
currentRepackCostTime:119.601s , currentRepackMaxTime:360.434s
iter13		 Improve solution by repack 0.6423710024187047->0.6414196452566515 , unplacedBoxesSize:16
currentRepackCostTime:120.021s , currentRepackMaxTime:360.434s
Selecting boards with low utilization for repacking...
iter4		 Improve solution by repack 0.9825584520290245->0.653080489115829 , unplacedBoxesSize:11
currentRepackCostTime:123.11200000000001s , currentRepackMaxTime:360.434s
iter25		 Improve solution by repack 0.653080489115829->0.6463464122547703 , unplacedBoxesSize:16
currentRepackCostTime:123.767s , currentRepackMaxTime:360.434s
iter38		 Improve solution by repack 0.6463464122547703->0.6462570545552271 , unplacedBoxesSize:18
currentRepackCostTime:125.031s , currentRepackMaxTime:360.434s
iter2		 Improve solution by repack 0.6462570545552271->0.6454387261488848 , unplacedBoxesSize:16
currentRepackCostTime:125.074s , currentRepackMaxTime:360.434s
Selecting boards with low utilization for repacking...
iter7		 Improve solution by repack 0.9875943966675624->0.6602660575114216 , unplacedBoxesSize:17
currentRepackCostTime:127.455s , currentRepackMaxTime:360.434s
iter3		 Improve solution by repack 0.6602660575114216->0.6536905401773717 , unplacedBoxesSize:18
currentRepackCostTime:127.59s , currentRepackMaxTime:360.434s
iter4		 Improve solution by repack 0.6536905401773717->0.6529367105616769 , unplacedBoxesSize:18
currentRepackCostTime:127.71900000000001s , currentRepackMaxTime:360.434s
iter5		 Improve solution by repack 0.6529367105616769->0.6489414807847353 , unplacedBoxesSize:15
currentRepackCostTime:127.891s , currentRepackMaxTime:360.434s
iter20		 Improve solution by repack 0.6489414807847353->0.6483321015855953 , unplacedBoxesSize:14
currentRepackCostTime:128.456s , currentRepackMaxTime:360.434s
iter9		 Improve solution by repack 0.6483321015855953->0.6463168503090567 , unplacedBoxesSize:16
currentRepackCostTime:128.78900000000002s , currentRepackMaxTime:360.434s
iter13		 Improve solution by repack 0.6463168503090567->0.646188524590164 , unplacedBoxesSize:19
currentRepackCostTime:129.231s , currentRepackMaxTime:360.434s
iter22		 Improve solution by repack 0.646188524590164->0.641672937382424 , unplacedBoxesSize:17
currentRepackCostTime:129.962s , currentRepackMaxTime:360.434s
Selecting boards with low utilization for repacking...
All low-utilization boards have been repacked once. Restarting repacking process...
Global repack result: 10 -> 10 boards.
Start nesting on the 1th large board, remaining blocks count: 94
Utilization of the 1th large board: 98.51679656006449, Time taken for this board: 0.733s
-------------------------------------------------------------------
Start nesting on the 2th large board, remaining blocks count: 87
Utilization of the 2th large board: 98.46035171996775, Time taken for this board: 1.909s
-------------------------------------------------------------------
Start nesting on the 3th large board, remaining blocks count: 75
Utilization of the 3th large board: 98.7218489653319, Time taken for this board: 2.749s
-------------------------------------------------------------------
Start nesting on the 4th large board, remaining blocks count: 65
Utilization of the 4th large board: 97.2515368852459, Time taken for this board: 3.352s
-------------------------------------------------------------------
Start nesting on the 5th large board, remaining blocks count: 57
Utilization of the 5th large board: 96.6847621607095, Time taken for this board: 3.577s
-------------------------------------------------------------------
Start nesting on the 6th large board, remaining blocks count: 42
Utilization of the 6th large board: 96.07576928245095, Time taken for this board: 3.677s
-------------------------------------------------------------------
Start nesting on the 7th large board, remaining blocks count: 30
Utilization of the 7th large board: 95.37586871808654, Time taken for this board: 3.7070000000000003s
-------------------------------------------------------------------
Start nesting on the 8th large board, remaining blocks count: 18
Utilization of the 8th large board: 89.01165681268476, Time taken for this board: 3.732s
-------------------------------------------------------------------
Start nesting on the 9th large board, remaining blocks count: 6
Utilization of the 9th large board: 19.974939532383768, Time taken for this board: 3.733s
-------------------------------------------------------------------
Start global repack optimization for 9 boards, time=436.223s.
Start improving solution by repacking.
Selecting boards with low utilization for repacking...
iter13		 Improve solution by repack 0.1997493953238377->0.18492453641494225 , unplacedBoxesSize:3
currentRepackCostTime:0.139s , currentRepackMaxTime:436.223s
iter6		 Improve solution by repack 0.18492453641494225->0.16482363611932277 , unplacedBoxesSize:3
currentRepackCostTime:0.217s , currentRepackMaxTime:436.223s
iter5		 Improve solution by repack 0.16482363611932277->0.16479331832840635 , unplacedBoxesSize:5
currentRepackCostTime:0.28400000000000003s , currentRepackMaxTime:436.223s
iter7		 Improve solution by repack 0.16479331832840635->0.14905065842515453 , unplacedBoxesSize:3
currentRepackCostTime:0.41100000000000003s , currentRepackMaxTime:436.223s
Selecting boards with low utilization for repacking...
iter9		 Improve solution by repack 0.9540360454178983->0.17036246976619188 , unplacedBoxesSize:4
currentRepackCostTime:1.067s , currentRepackMaxTime:436.223s
iter7		 Improve solution by repack 0.17036246976619188->0.16934552203708683 , unplacedBoxesSize:3
currentRepackCostTime:1.127s , currentRepackMaxTime:436.223s
Selecting boards with low utilization for repacking...
iter5		 Improve solution by repack 0.932724234076861->0.18527546358505775 , unplacedBoxesSize:2
currentRepackCostTime:1.911s , currentRepackMaxTime:436.223s
iter19		 Improve solution by repack 0.18527546358505775->0.17768946519752754 , unplacedBoxesSize:3
currentRepackCostTime:2.114s , currentRepackMaxTime:436.223s
iter18		 Improve solution by repack 0.17768946519752754->0.17725796156947055 , unplacedBoxesSize:3
currentRepackCostTime:2.386s , currentRepackMaxTime:436.223s
iter6		 Improve solution by repack 0.17725796156947055->0.17511665210964794 , unplacedBoxesSize:5
currentRepackCostTime:2.461s , currentRepackMaxTime:436.223s
iter6		 Improve solution by repack 0.17511665210964794->0.16721546627250738 , unplacedBoxesSize:3
currentRepackCostTime:2.543s , currentRepackMaxTime:436.223s
Selecting boards with low utilization for repacking...
iter1		 Improve solution by repack 0.9482599603601183->0.9417618751679656 , unplacedBoxesSize:13
currentRepackCostTime:3.376s , currentRepackMaxTime:436.223s
iter1		 Improve solution by repack 0.9417618751679656->0.9256854676162322 , unplacedBoxesSize:9
currentRepackCostTime:3.392s , currentRepackMaxTime:436.223s
iter1		 Improve solution by repack 0.9256854676162322->0.17737721714592852 , unplacedBoxesSize:3
currentRepackCostTime:3.395s , currentRepackMaxTime:436.223s
iter6		 Improve solution by repack 0.17737721714592852->0.17558897137866164 , unplacedBoxesSize:3
currentRepackCostTime:3.476s , currentRepackMaxTime:436.223s
iter21		 Improve solution by repack 0.17558897137866164->0.17550750806234885 , unplacedBoxesSize:3
currentRepackCostTime:3.763s , currentRepackMaxTime:436.223s
iter2		 Improve solution by repack 0.17550750806234885->0.1612896398817522 , unplacedBoxesSize:3
currentRepackCostTime:3.805s , currentRepackMaxTime:436.223s
iter6		 Improve solution by repack 0.1612896398817522->0.16108635447460362 , unplacedBoxesSize:3
currentRepackCostTime:3.873s , currentRepackMaxTime:436.223s
iter1		 Improve solution by repack 0.16108635447460362->0.14448720102123086 , unplacedBoxesSize:2
currentRepackCostTime:3.8770000000000002s , currentRepackMaxTime:436.223s
iter23		 Improve solution by repack 0.14448720102123086->0.14440573770491802 , unplacedBoxesSize:2
currentRepackCostTime:4.154s , currentRepackMaxTime:436.223s
Selecting boards with low utilization for repacking...
iter1		 Improve solution by repack 0.9562103601182479->0.9514952297769417 , unplacedBoxesSize:10
currentRepackCostTime:4.707s , currentRepackMaxTime:436.223s
iter3		 Improve solution by repack 0.9514952297769417->0.20199795081967212 , unplacedBoxesSize:3
currentRepackCostTime:4.728s , currentRepackMaxTime:436.223s
iter2		 Improve solution by repack 0.20199795081967212->0.17916269148078476 , unplacedBoxesSize:4
currentRepackCostTime:4.76s , currentRepackMaxTime:436.223s
iter3		 Improve solution by repack 0.17916269148078476->0.167078910239183 , unplacedBoxesSize:3
currentRepackCostTime:4.821s , currentRepackMaxTime:436.223s
iter4		 Improve solution by repack 0.167078910239183->0.15355835124966408 , unplacedBoxesSize:2
currentRepackCostTime:4.88s , currentRepackMaxTime:436.223s
Selecting boards with low utilization for repacking...
iter2		 Improve solution by repack 0.9493363679118516->0.16185702768073099 , unplacedBoxesSize:2
currentRepackCostTime:5.586s , currentRepackMaxTime:436.223s
iter9		 Improve solution by repack 0.16185702768073099->0.1502852055898952 , unplacedBoxesSize:2
currentRepackCostTime:5.6930000000000005s , currentRepackMaxTime:436.223s
iter2		 Improve solution by repack 0.1502852055898952->0.15020374227358238 , unplacedBoxesSize:2
currentRepackCostTime:5.721s , currentRepackMaxTime:436.223s
Selecting boards with low utilization for repacking...
iter4		 Improve solution by repack 0.9647041285944639->0.19155217011556033 , unplacedBoxesSize:3
currentRepackCostTime:6.449s , currentRepackMaxTime:436.223s
iter10		 Improve solution by repack 0.19155217011556033->0.18489670115560333 , unplacedBoxesSize:3
currentRepackCostTime:6.537s , currentRepackMaxTime:436.223s
iter1		 Improve solution by repack 0.18489670115560333->0.17048861193227627 , unplacedBoxesSize:3
currentRepackCostTime:6.563s , currentRepackMaxTime:436.223s
iter19		 Improve solution by repack 0.17048861193227627->0.1575555966138135 , unplacedBoxesSize:2
currentRepackCostTime:6.808s , currentRepackMaxTime:436.223s
iter1		 Improve solution by repack 0.1575555966138135->0.14835662456328944 , unplacedBoxesSize:2
currentRepackCostTime:6.825s , currentRepackMaxTime:436.223s
iter14		 Improve solution by repack 0.14835662456328944->0.14440573770491802 , unplacedBoxesSize:2
currentRepackCostTime:6.969s , currentRepackMaxTime:436.223s
iter13		 Improve solution by repack 0.14440573770491802->0.14045115560333243 , unplacedBoxesSize:3
currentRepackCostTime:7.133s , currentRepackMaxTime:436.223s
Selecting boards with low utilization for repacking...
iter1		 Improve solution by repack 0.985167965600645->0.14045115560333243 , unplacedBoxesSize:3
currentRepackCostTime:7.746s , currentRepackMaxTime:436.223s
Selecting boards with low utilization for repacking...
iter3		 Improve solution by repack 0.9872184896533189->0.9747110991668907 , unplacedBoxesSize:6
currentRepackCostTime:8.715s , currentRepackMaxTime:436.223s
iter2		 Improve solution by repack 0.9747110991668907->0.19679017737167426 , unplacedBoxesSize:4
currentRepackCostTime:8.742s , currentRepackMaxTime:436.223s
iter1		 Improve solution by repack 0.19679017737167426->0.19373639478634777 , unplacedBoxesSize:3
currentRepackCostTime:8.755s , currentRepackMaxTime:436.223s
iter1		 Improve solution by repack 0.19373639478634777->0.19261438457403923 , unplacedBoxesSize:3
currentRepackCostTime:8.759s , currentRepackMaxTime:436.223s
iter4		 Improve solution by repack 0.19261438457403923->0.1877795787422736 , unplacedBoxesSize:5
currentRepackCostTime:8.818s , currentRepackMaxTime:436.223s
iter3		 Improve solution by repack 0.1877795787422736->0.18704531711905403 , unplacedBoxesSize:3
currentRepackCostTime:8.869s , currentRepackMaxTime:436.223s
iter2		 Improve solution by repack 0.18704531711905403->0.18128678446654126 , unplacedBoxesSize:4
currentRepackCostTime:8.889s , currentRepackMaxTime:436.223s
iter2		 Improve solution by repack 0.18128678446654126->0.15355835124966408 , unplacedBoxesSize:2
currentRepackCostTime:8.917s , currentRepackMaxTime:436.223s
iter6		 Improve solution by repack 0.15355835124966408->0.14705144786347757 , unplacedBoxesSize:4
currentRepackCostTime:8.964s , currentRepackMaxTime:436.223s
iter7		 Improve solution by repack 0.14705144786347757->0.1425795317119054 , unplacedBoxesSize:3
currentRepackCostTime:9.06s , currentRepackMaxTime:436.223s
iter10		 Improve solution by repack 0.1425795317119054->0.13941514377855416 , unplacedBoxesSize:3
currentRepackCostTime:9.213000000000001s , currentRepackMaxTime:436.223s
iter2		 Improve solution by repack 0.13941514377855416->0.11124118180596615 , unplacedBoxesSize:2
currentRepackCostTime:9.243s , currentRepackMaxTime:436.223s
Selecting boards with low utilization for repacking...
All low-utilization boards have been repacked once. Restarting repacking process...
Selecting boards with low utilization for repacking...
Selecting boards with low utilization for repacking...
iter1		 Improve solution by repack 0.9665959621069605->0.9622584654662726 , unplacedBoxesSize:10
currentRepackCostTime:10.556000000000001s , currentRepackMaxTime:436.223s
iter3		 Improve solution by repack 0.9622584654662726->0.15801649422198333 , unplacedBoxesSize:3
currentRepackCostTime:10.594s , currentRepackMaxTime:436.223s
iter8		 Improve solution by repack 0.15801649422198333->0.15661162993818867 , unplacedBoxesSize:3
currentRepackCostTime:10.729000000000001s , currentRepackMaxTime:436.223s
iter6		 Improve solution by repack 0.15661162993818867->0.15653016662187585 , unplacedBoxesSize:3
currentRepackCostTime:10.809000000000001s , currentRepackMaxTime:436.223s
iter23		 Improve solution by repack 0.15653016662187585->0.14100477022305832 , unplacedBoxesSize:2
currentRepackCostTime:11.091000000000001s , currentRepackMaxTime:436.223s
Selecting boards with low utilization for repacking...
iter4		 Improve solution by repack 0.9581074475947327->0.9416757457672669 , unplacedBoxesSize:11
currentRepackCostTime:11.969s , currentRepackMaxTime:436.223s
iter1		 Improve solution by repack 0.9416757457672669->0.9342209755442086 , unplacedBoxesSize:11
currentRepackCostTime:11.973s , currentRepackMaxTime:436.223s
iter8		 Improve solution by repack 0.9342209755442086->0.1469305966138135 , unplacedBoxesSize:2
currentRepackCostTime:12.094s , currentRepackMaxTime:436.223s
iter21		 Improve solution by repack 0.1469305966138135->0.1237114888470841 , unplacedBoxesSize:3
currentRepackCostTime:12.361s , currentRepackMaxTime:436.223s
iter6		 Improve solution by repack 0.1237114888470841->0.11833994893845741 , unplacedBoxesSize:3
currentRepackCostTime:12.446s , currentRepackMaxTime:436.223s
Selecting boards with low utilization for repacking...
iter3		 Improve solution by repack 0.9652949475947327->0.1575555966138135 , unplacedBoxesSize:2
currentRepackCostTime:13.428s , currentRepackMaxTime:436.223s
iter16		 Improve solution by repack 0.1575555966138135->0.1318255710830422 , unplacedBoxesSize:3
currentRepackCostTime:13.632s , currentRepackMaxTime:436.223s
Selecting boards with low utilization for repacking...
iter1		 Improve solution by repack 0.9623437919914002->0.16211703843052944 , unplacedBoxesSize:2
currentRepackCostTime:14.383000000000001s , currentRepackMaxTime:436.223s
iter16		 Improve solution by repack 0.16211703843052944->0.16108635447460362 , unplacedBoxesSize:3
currentRepackCostTime:14.57s , currentRepackMaxTime:436.223s
iter6		 Improve solution by repack 0.16108635447460362->0.15663707672668636 , unplacedBoxesSize:4
currentRepackCostTime:14.656s , currentRepackMaxTime:436.223s
iter8		 Improve solution by repack 0.15663707672668636->0.15459436307444235 , unplacedBoxesSize:4
currentRepackCostTime:14.758000000000001s , currentRepackMaxTime:436.223s
iter5		 Improve solution by repack 0.15459436307444235->0.15328683485622144 , unplacedBoxesSize:3
currentRepackCostTime:14.834s , currentRepackMaxTime:436.223s
iter2		 Improve solution by repack 0.15328683485622144->0.15132138538027412 , unplacedBoxesSize:4
currentRepackCostTime:14.883000000000001s , currentRepackMaxTime:436.223s
iter1		 Improve solution by repack 0.15132138538027412->0.14783168503090566 , unplacedBoxesSize:3
currentRepackCostTime:14.911s , currentRepackMaxTime:436.223s
iter7		 Improve solution by repack 0.14783168503090566->0.14444924079548507 , unplacedBoxesSize:3
currentRepackCostTime:15.0s , currentRepackMaxTime:436.223s
iter12		 Improve solution by repack 0.14444924079548507->0.14266099502821822 , unplacedBoxesSize:3
currentRepackCostTime:15.175s , currentRepackMaxTime:436.223s
iter25		 Improve solution by repack 0.14266099502821822->0.14234009674818598 , unplacedBoxesSize:2
currentRepackCostTime:15.51s , currentRepackMaxTime:436.223s
Selecting boards with low utilization for repacking...
iter1		 Improve solution by repack 0.9611356154259607->0.16337090163934426 , unplacedBoxesSize:2
currentRepackCostTime:16.272000000000002s , currentRepackMaxTime:436.223s
iter7		 Improve solution by repack 0.16337090163934426->0.1628712039774254 , unplacedBoxesSize:2
currentRepackCostTime:16.351s , currentRepackMaxTime:436.223s
iter9		 Improve solution by repack 0.1628712039774254->0.16003082168771837 , unplacedBoxesSize:3
currentRepackCostTime:16.41s , currentRepackMaxTime:436.223s
iter8		 Improve solution by repack 0.16003082168771837->0.15661162993818867 , unplacedBoxesSize:3
currentRepackCostTime:16.524s , currentRepackMaxTime:436.223s
Selecting boards with low utilization for repacking...
iter4		 Improve solution by repack 0.9600500537489921->0.9528770827734481 , unplacedBoxesSize:12
currentRepackCostTime:17.247s , currentRepackMaxTime:436.223s
iter1		 Improve solution by repack 0.9528770827734481->0.16572913867239988 , unplacedBoxesSize:3
currentRepackCostTime:17.277s , currentRepackMaxTime:436.223s
Selecting boards with low utilization for repacking...
iter1		 Improve solution by repack 0.9573382491265788->0.19228366030636923 , unplacedBoxesSize:3
currentRepackCostTime:18.217s , currentRepackMaxTime:436.223s
iter1		 Improve solution by repack 0.19228366030636923->0.1919910642300457 , unplacedBoxesSize:3
currentRepackCostTime:18.224s , currentRepackMaxTime:436.223s
iter5		 Improve solution by repack 0.1919910642300457->0.19140755173340498 , unplacedBoxesSize:4
currentRepackCostTime:18.317s , currentRepackMaxTime:436.223s
iter2		 Improve solution by repack 0.19140755173340498->0.18959957000806235 , unplacedBoxesSize:4
currentRepackCostTime:18.329s , currentRepackMaxTime:436.223s
iter2		 Improve solution by repack 0.18959957000806235->0.18853332437516798 , unplacedBoxesSize:5
currentRepackCostTime:18.368000000000002s , currentRepackMaxTime:436.223s
iter1		 Improve solution by repack 0.18853332437516798->0.17432545014780973 , unplacedBoxesSize:4
currentRepackCostTime:18.373s , currentRepackMaxTime:436.223s
iter1		 Improve solution by repack 0.17432545014780973->0.17004669443697928 , unplacedBoxesSize:3
currentRepackCostTime:18.377s , currentRepackMaxTime:436.223s
iter25		 Improve solution by repack 0.17004669443697928->0.16482363611932277 , unplacedBoxesSize:3
currentRepackCostTime:18.758s , currentRepackMaxTime:436.223s
iter10		 Improve solution by repack 0.16482363611932277->0.1625644987906477 , unplacedBoxesSize:3
currentRepackCostTime:18.925s , currentRepackMaxTime:436.223s
iter1		 Improve solution by repack 0.1625644987906477->0.1612896398817522 , unplacedBoxesSize:3
currentRepackCostTime:18.928s , currentRepackMaxTime:436.223s
iter12		 Improve solution by repack 0.1612896398817522->0.15987100241870464 , unplacedBoxesSize:2
currentRepackCostTime:19.091s , currentRepackMaxTime:436.223s
iter2		 Improve solution by repack 0.15987100241870464->0.15355835124966408 , unplacedBoxesSize:2
currentRepackCostTime:19.121s , currentRepackMaxTime:436.223s
Selecting boards with low utilization for repacking...
iter1		 Improve solution by repack 0.969201827465735->0.26064045283525933 , unplacedBoxesSize:3
currentRepackCostTime:19.681s , currentRepackMaxTime:436.223s
iter1		 Improve solution by repack 0.26064045283525933->0.23960964794410103 , unplacedBoxesSize:3
currentRepackCostTime:19.691s , currentRepackMaxTime:436.223s
iter4		 Improve solution by repack 0.23960964794410103->0.23318420787422736 , unplacedBoxesSize:5
currentRepackCostTime:19.735s , currentRepackMaxTime:436.223s
iter2		 Improve solution by repack 0.23318420787422736->0.22062239653319 , unplacedBoxesSize:4
currentRepackCostTime:19.757s , currentRepackMaxTime:436.223s
iter4		 Improve solution by repack 0.22062239653319->0.21311215063155065 , unplacedBoxesSize:5
currentRepackCostTime:19.811s , currentRepackMaxTime:436.223s
iter3		 Improve solution by repack 0.21311215063155065->0.2002106288632088 , unplacedBoxesSize:4
currentRepackCostTime:19.86s , currentRepackMaxTime:436.223s
iter3		 Improve solution by repack 0.2002106288632088->0.18875923810803547 , unplacedBoxesSize:3
currentRepackCostTime:19.91s , currentRepackMaxTime:436.223s
iter1		 Improve solution by repack 0.18875923810803547->0.1839020088685837 , unplacedBoxesSize:2
currentRepackCostTime:19.915s , currentRepackMaxTime:436.223s
iter4		 Improve solution by repack 0.1839020088685837->0.16765503224939532 , unplacedBoxesSize:2
currentRepackCostTime:19.973s , currentRepackMaxTime:436.223s
iter1		 Improve solution by repack 0.16765503224939532->0.16203557511421662 , unplacedBoxesSize:2
currentRepackCostTime:19.976s , currentRepackMaxTime:436.223s
iter9		 Improve solution by repack 0.16203557511421662->0.15355835124966408 , unplacedBoxesSize:2
currentRepackCostTime:20.055s , currentRepackMaxTime:436.223s
Selecting boards with low utilization for repacking...
All low-utilization boards have been repacked once. Restarting repacking process...
Selecting boards with low utilization for repacking...
Selecting boards with low utilization for repacking...
iter1		 Improve solution by repack 0.9454812214458479->0.1675900295619457 , unplacedBoxesSize:2
currentRepackCostTime:20.953s , currentRepackMaxTime:436.223s
iter2		 Improve solution by repack 0.1675900295619457->0.16333579682880944 , unplacedBoxesSize:3
currentRepackCostTime:20.98s , currentRepackMaxTime:436.223s
iter1		 Improve solution by repack 0.16333579682880944->0.15653654931470035 , unplacedBoxesSize:2
currentRepackCostTime:20.983s , currentRepackMaxTime:436.223s
iter6		 Improve solution by repack 0.15653654931470035->0.15355835124966408 , unplacedBoxesSize:2
currentRepackCostTime:21.045s , currentRepackMaxTime:436.223s
Selecting boards with low utilization for repacking...
iter1		 Improve solution by repack 0.9639449240795485->0.19337392502015585 , unplacedBoxesSize:3
currentRepackCostTime:21.807000000000002s , currentRepackMaxTime:436.223s
iter6		 Improve solution by repack 0.19337392502015585->0.15355835124966408 , unplacedBoxesSize:2
currentRepackCostTime:21.856s , currentRepackMaxTime:436.223s
Selecting boards with low utilization for repacking...
iter1		 Improve solution by repack 0.9678665849234077->0.9436156275194839 , unplacedBoxesSize:11
currentRepackCostTime:22.672s , currentRepackMaxTime:436.223s
iter2		 Improve solution by repack 0.9436156275194839->0.9420328876646064 , unplacedBoxesSize:11
currentRepackCostTime:22.688s , currentRepackMaxTime:436.223s
iter9		 Improve solution by repack 0.9420328876646064->0.21782467750604678 , unplacedBoxesSize:3
currentRepackCostTime:22.815s , currentRepackMaxTime:436.223s
iter6		 Improve solution by repack 0.21782467750604678->0.21299012362268208 , unplacedBoxesSize:2
currentRepackCostTime:22.883s , currentRepackMaxTime:436.223s
iter19		 Improve solution by repack 0.21299012362268208->0.18704212577264176 , unplacedBoxesSize:3
currentRepackCostTime:23.126s , currentRepackMaxTime:436.223s
iter5		 Improve solution by repack 0.18704212577264176->0.1839020088685837 , unplacedBoxesSize:2
currentRepackCostTime:23.167s , currentRepackMaxTime:436.223s
iter6		 Improve solution by repack 0.1839020088685837->0.1830504232733136 , unplacedBoxesSize:3
currentRepackCostTime:23.267s , currentRepackMaxTime:436.223s
iter2		 Improve solution by repack 0.1830504232733136->0.16818731523783928 , unplacedBoxesSize:4
currentRepackCostTime:23.284s , currentRepackMaxTime:436.223s
iter2		 Improve solution by repack 0.16818731523783928->0.16179723192690137 , unplacedBoxesSize:2
currentRepackCostTime:23.324s , currentRepackMaxTime:436.223s
iter3		 Improve solution by repack 0.16179723192690137->0.14151236226820746 , unplacedBoxesSize:1
currentRepackCostTime:23.362000000000002s , currentRepackMaxTime:436.223s
iter1		 Improve solution by repack 0.14151236226820746->0.14108623353937114 , unplacedBoxesSize:2
currentRepackCostTime:23.385s , currentRepackMaxTime:436.223s
Selecting boards with low utilization for repacking...
iter4		 Improve solution by repack 0.9608445310400431->0.15355835124966408 , unplacedBoxesSize:2
currentRepackCostTime:24.081s , currentRepackMaxTime:436.223s
iter20		 Improve solution by repack 0.15355835124966408->0.15020374227358238 , unplacedBoxesSize:2
currentRepackCostTime:24.345s , currentRepackMaxTime:436.223s
iter4		 Improve solution by repack 0.15020374227358238->0.13941514377855416 , unplacedBoxesSize:3
currentRepackCostTime:24.42s , currentRepackMaxTime:436.223s
iter1		 Improve solution by repack 0.13941514377855416->0.13331429723192692 , unplacedBoxesSize:3
currentRepackCostTime:24.442s , currentRepackMaxTime:436.223s
iter9		 Improve solution by repack 0.13331429723192692->0.1265991165009406 , unplacedBoxesSize:3
currentRepackCostTime:24.538s , currentRepackMaxTime:436.223s
iter11		 Improve solution by repack 0.1265991165009406->0.1197998689868315 , unplacedBoxesSize:2
currentRepackCostTime:24.68s , currentRepackMaxTime:436.223s
Selecting boards with low utilization for repacking...
iter2		 Improve solution by repack 0.9541245632894383->0.13 , unplacedBoxesSize:3
currentRepackCostTime:25.464000000000002s , currentRepackMaxTime:436.223s
Selecting boards with low utilization for repacking...
iter2		 Improve solution by repack 0.9798738108035474->0.1916652109647944 , unplacedBoxesSize:2
currentRepackCostTime:26.442s , currentRepackMaxTime:436.223s
iter5		 Improve solution by repack 0.1916652109647944->0.17175490459553885 , unplacedBoxesSize:1
currentRepackCostTime:26.5s , currentRepackMaxTime:436.223s
iter10		 Improve solution by repack 0.17175490459553885->0.1472708109379199 , unplacedBoxesSize:3
currentRepackCostTime:26.609s , currentRepackMaxTime:436.223s
iter2		 Improve solution by repack 0.1472708109379199->0.1465553614619726 , unplacedBoxesSize:3
currentRepackCostTime:26.650000000000002s , currentRepackMaxTime:436.223s
iter2		 Improve solution by repack 0.1465553614619726->0.14373538699274388 , unplacedBoxesSize:2
currentRepackCostTime:26.67s , currentRepackMaxTime:436.223s
Selecting boards with low utilization for repacking...
iter2		 Improve solution by repack 0.9837550389680194->0.9648627721042731 , unplacedBoxesSize:10
currentRepackCostTime:27.259s , currentRepackMaxTime:436.223s
iter4		 Improve solution by repack 0.9648627721042731->0.9503890083310937 , unplacedBoxesSize:12
currentRepackCostTime:27.310000000000002s , currentRepackMaxTime:436.223s
iter7		 Improve solution by repack 0.9503890083310937->0.18497816447191617 , unplacedBoxesSize:3
currentRepackCostTime:27.43s , currentRepackMaxTime:436.223s
iter1		 Improve solution by repack 0.18497816447191617->0.16282417360924484 , unplacedBoxesSize:2
currentRepackCostTime:27.451s , currentRepackMaxTime:436.223s
iter2		 Improve solution by repack 0.16282417360924484->0.15207051195915078 , unplacedBoxesSize:3
currentRepackCostTime:27.464000000000002s , currentRepackMaxTime:436.223s
iter3		 Improve solution by repack 0.15207051195915078->0.15204430932545013 , unplacedBoxesSize:3
currentRepackCostTime:27.514s , currentRepackMaxTime:436.223s
iter2		 Improve solution by repack 0.15204430932545013->0.1423689868314969 , unplacedBoxesSize:3
currentRepackCostTime:27.556s , currentRepackMaxTime:436.223s
iter8		 Improve solution by repack 0.1423689868314969->0.1329360386992744 , unplacedBoxesSize:3
currentRepackCostTime:27.689s , currentRepackMaxTime:436.223s
iter4		 Improve solution by repack 0.1329360386992744->0.12952566514377856 , unplacedBoxesSize:2
currentRepackCostTime:27.736s , currentRepackMaxTime:436.223s
Selecting boards with low utilization for repacking...
iter1		 Improve solution by repack 0.9793014310669176->0.9626073300188122 , unplacedBoxesSize:12
currentRepackCostTime:28.229s , currentRepackMaxTime:436.223s
iter1		 Improve solution by repack 0.9626073300188122->0.96256248320344 , unplacedBoxesSize:13
currentRepackCostTime:28.255s , currentRepackMaxTime:436.223s
iter1		 Improve solution by repack 0.96256248320344->0.15020374227358238 , unplacedBoxesSize:2
currentRepackCostTime:28.273s , currentRepackMaxTime:436.223s
iter16		 Improve solution by repack 0.15020374227358238->0.14472814767535608 , unplacedBoxesSize:3
currentRepackCostTime:28.508s , currentRepackMaxTime:436.223s
iter17		 Improve solution by repack 0.14472814767535608->0.14404041252351518 , unplacedBoxesSize:4
currentRepackCostTime:28.685000000000002s , currentRepackMaxTime:436.223s
iter3		 Improve solution by repack 0.14404041252351518->0.13829540110185434 , unplacedBoxesSize:3
currentRepackCostTime:28.75s , currentRepackMaxTime:436.223s
iter2		 Improve solution by repack 0.13829540110185434->0.12939120868046225 , unplacedBoxesSize:4
currentRepackCostTime:28.777s , currentRepackMaxTime:436.223s
iter1		 Improve solution by repack 0.12939120868046225->0.12459276740123623 , unplacedBoxesSize:5
currentRepackCostTime:28.8s , currentRepackMaxTime:436.223s
iter9		 Improve solution by repack 0.12459276740123623->0.12349343254501478 , unplacedBoxesSize:3
currentRepackCostTime:28.959s , currentRepackMaxTime:436.223s
iter4		 Improve solution by repack 0.12349343254501478->0.11925166621875839 , unplacedBoxesSize:4
currentRepackCostTime:29.018s , currentRepackMaxTime:436.223s
iter7		 Improve solution by repack 0.11925166621875839->0.11738964660037624 , unplacedBoxesSize:3
currentRepackCostTime:29.083000000000002s , currentRepackMaxTime:436.223s
iter11		 Improve solution by repack 0.11738964660037624->0.11730818328406342 , unplacedBoxesSize:3
currentRepackCostTime:29.241s , currentRepackMaxTime:436.223s
iter15		 Improve solution by repack 0.11730818328406342->0.115061979306638 , unplacedBoxesSize:3
currentRepackCostTime:29.476s , currentRepackMaxTime:436.223s
iter12		 Improve solution by repack 0.115061979306638->0.11476728366030636 , unplacedBoxesSize:3
currentRepackCostTime:29.605s , currentRepackMaxTime:436.223s
iter9		 Improve solution by repack 0.11476728366030636->0.11030250604676162 , unplacedBoxesSize:3
currentRepackCostTime:29.717000000000002s , currentRepackMaxTime:436.223s
iter13		 Improve solution by repack 0.11030250604676162->0.10818609244826659 , unplacedBoxesSize:2
currentRepackCostTime:29.915s , currentRepackMaxTime:436.223s
iter13		 Improve solution by repack 0.10818609244826659->0.10098898145659768 , unplacedBoxesSize:2
currentRepackCostTime:30.049s , currentRepackMaxTime:436.223s
iter27		 Improve solution by repack 0.10098898145659768->0.09860487772104273 , unplacedBoxesSize:1
currentRepackCostTime:30.385s , currentRepackMaxTime:436.223s
Selecting boards with low utilization for repacking...
All low-utilization boards have been repacked once. Restarting repacking process...
Global repack result: 9 -> 9 boards.
