total number of nestable workpieces：218
Start priority-first combined packing.
Start nesting on the 1th large board, remaining blocks count: 152
Utilization of the 1th large board: 99.10696049449072, Time taken for this board: 4.578s
-------------------------------------------------------------------
Start nesting on the 2th large board, remaining blocks count: 142
Utilization of the 2th large board: 98.59231389411448, Time taken for this board: 10.206s
-------------------------------------------------------------------
Start nesting on the 3th large board, remaining blocks count: 132
Utilization of the 3th large board: 98.04602257457672, Time taken for this board: 17.682s
-------------------------------------------------------------------
Start nesting on the 4th large board, remaining blocks count: 109
Utilization of the 4th large board: 98.603903520559, Time taken for this board: 19.861s
-------------------------------------------------------------------
Start nesting on the 5th large board, remaining blocks count: 91
Utilization of the 5th large board: 98.92717011556033, Time taken for this board: 21.363s
-------------------------------------------------------------------
Start nesting on the 6th large board, remaining blocks count: 76
Utilization of the 6th large board: 98.84637866165009, Time taken for this board: 22.42s
-------------------------------------------------------------------
Start nesting on the 7th large board, remaining blocks count: 62
Utilization of the 7th large board: 98.7282316581564, Time taken for this board: 22.809s
-------------------------------------------------------------------
Start nesting on the 8th large board, remaining blocks count: 44
Utilization of the 8th large board: 98.49590163934427, Time taken for this board: 23.009s
-------------------------------------------------------------------
Start nesting on the 9th large board, remaining blocks count: 28
Utilization of the 9th large board: 97.64717145928513, Time taken for this board: 23.081s
-------------------------------------------------------------------
Start nesting on the 10th large board, remaining blocks count: 12
Utilization of the 10th large board: 68.17098898145659, Time taken for this board: 23.09s
-------------------------------------------------------------------
Start global repack optimization for 10 boards, time=364.978s.
Start improving solution by repacking.
Selecting boards with low utilization for repacking...
Selecting boards with low utilization for repacking...
iter3		 Improve solution by repack 0.9764717145928514->0.6825567723730179 , unplacedBoxesSize:12
currentRepackCostTime:1.18s , currentRepackMaxTime:364.978s
Selecting boards with low utilization for repacking...
iter1		 Improve solution by repack 0.9804602257457672->0.7082887664606289 , unplacedBoxesSize:17
currentRepackCostTime:3.594s , currentRepackMaxTime:364.978s
iter3		 Improve solution by repack 0.7082887664606289->0.7013645525396398 , unplacedBoxesSize:20
currentRepackCostTime:3.66s , currentRepackMaxTime:364.978s
iter9		 Improve solution by repack 0.7013645525396398->0.6990143778554153 , unplacedBoxesSize:20
currentRepackCostTime:3.847s , currentRepackMaxTime:364.978s
iter16		 Improve solution by repack 0.6990143778554153->0.6906449879064768 , unplacedBoxesSize:16
currentRepackCostTime:4.071s , currentRepackMaxTime:364.978s
iter19		 Improve solution by repack 0.6906449879064768->0.6890714861596345 , unplacedBoxesSize:14
currentRepackCostTime:4.171s , currentRepackMaxTime:364.978s
Selecting boards with low utilization for repacking...
iter5		 Improve solution by repack 0.9779108438591777->0.7050292260145121 , unplacedBoxesSize:12
currentRepackCostTime:6.383s , currentRepackMaxTime:364.978s
iter12		 Improve solution by repack 0.7050292260145121->0.6901672937382424 , unplacedBoxesSize:15
currentRepackCostTime:6.6290000000000004s , currentRepackMaxTime:364.978s
iter21		 Improve solution by repack 0.6901672937382424->0.6852250739048643 , unplacedBoxesSize:15
currentRepackCostTime:6.84s , currentRepackMaxTime:364.978s
iter24		 Improve solution by repack 0.6852250739048643->0.6826115291588282 , unplacedBoxesSize:16
currentRepackCostTime:6.913s , currentRepackMaxTime:364.978s
iter49		 Improve solution by repack 0.6826115291588282->0.6808404998656276 , unplacedBoxesSize:12
currentRepackCostTime:7.88s , currentRepackMaxTime:364.978s
Selecting boards with low utilization for repacking...
iter3		 Improve solution by repack 0.9834688255845202->0.7089169578070411 , unplacedBoxesSize:11
currentRepackCostTime:10.651s , currentRepackMaxTime:364.978s
iter4		 Improve solution by repack 0.7089169578070411->0.7074590163934427 , unplacedBoxesSize:13
currentRepackCostTime:10.665000000000001s , currentRepackMaxTime:364.978s
iter17		 Improve solution by repack 0.7074590163934427->0.7068079817253428 , unplacedBoxesSize:13
currentRepackCostTime:11.022s , currentRepackMaxTime:364.978s
Selecting boards with low utilization for repacking...
iter1		 Improve solution by repack 0.9833579682880946->0.9746680999731254 , unplacedBoxesSize:9
currentRepackCostTime:13.123000000000001s , currentRepackMaxTime:364.978s
iter9		 Improve solution by repack 0.9746680999731254->0.7249287825853266 , unplacedBoxesSize:14
currentRepackCostTime:13.326s , currentRepackMaxTime:364.978s
iter10		 Improve solution by repack 0.7249287825853266->0.7190318462778822 , unplacedBoxesSize:14
currentRepackCostTime:13.335s , currentRepackMaxTime:364.978s
iter13		 Improve solution by repack 0.7190318462778822->0.7157880945982262 , unplacedBoxesSize:15
currentRepackCostTime:13.396s , currentRepackMaxTime:364.978s
iter16		 Improve solution by repack 0.7157880945982262->0.7114357699543135 , unplacedBoxesSize:15
currentRepackCostTime:13.454s , currentRepackMaxTime:364.978s
iter27		 Improve solution by repack 0.7114357699543135->0.7092656543939801 , unplacedBoxesSize:12
currentRepackCostTime:13.84s , currentRepackMaxTime:364.978s
iter53		 Improve solution by repack 0.7092656543939801->0.7087348830959419 , unplacedBoxesSize:15
currentRepackCostTime:14.65s , currentRepackMaxTime:364.978s
iter55		 Improve solution by repack 0.7087348830959419->0.6999952969631819 , unplacedBoxesSize:10
currentRepackCostTime:14.701s , currentRepackMaxTime:364.978s
iter60		 Improve solution by repack 0.6999952969631819->0.6995891561408223 , unplacedBoxesSize:16
currentRepackCostTime:14.779s , currentRepackMaxTime:364.978s
iter67		 Improve solution by repack 0.6995891561408223->0.6954219295888201 , unplacedBoxesSize:15
currentRepackCostTime:15.025s , currentRepackMaxTime:364.978s
iter105		 Improve solution by repack 0.6954219295888201->0.6948629400698737 , unplacedBoxesSize:14
currentRepackCostTime:16.119s , currentRepackMaxTime:364.978s
Selecting boards with low utilization for repacking...
iter5		 Improve solution by repack 0.977381752217146->0.7052385111529158 , unplacedBoxesSize:19
currentRepackCostTime:18.342s , currentRepackMaxTime:364.978s
iter16		 Improve solution by repack 0.7052385111529158->0.7050587879602258 , unplacedBoxesSize:14
currentRepackCostTime:18.778s , currentRepackMaxTime:364.978s
iter18		 Improve solution by repack 0.7050587879602258->0.6964552539639882 , unplacedBoxesSize:19
currentRepackCostTime:18.86s , currentRepackMaxTime:364.978s
iter19		 Improve solution by repack 0.6964552539639882->0.6884191077667294 , unplacedBoxesSize:19
currentRepackCostTime:18.898s , currentRepackMaxTime:364.978s
iter27		 Improve solution by repack 0.6884191077667294->0.6855872077398548 , unplacedBoxesSize:15
currentRepackCostTime:19.164s , currentRepackMaxTime:364.978s
Selecting boards with low utilization for repacking...
iter1		 Improve solution by repack 0.9838188658962644->0.7056409567320612 , unplacedBoxesSize:18
currentRepackCostTime:21.014s , currentRepackMaxTime:364.978s
iter6		 Improve solution by repack 0.7056409567320612->0.7053843052942756 , unplacedBoxesSize:18
currentRepackCostTime:21.195s , currentRepackMaxTime:364.978s
iter8		 Improve solution by repack 0.7053843052942756->0.695996371943026 , unplacedBoxesSize:15
currentRepackCostTime:21.239s , currentRepackMaxTime:364.978s
iter18		 Improve solution by repack 0.695996371943026->0.6948347218489652 , unplacedBoxesSize:13
currentRepackCostTime:21.471s , currentRepackMaxTime:364.978s
iter23		 Improve solution by repack 0.6948347218489652->0.6934352324643913 , unplacedBoxesSize:11
currentRepackCostTime:21.649s , currentRepackMaxTime:364.978s
iter51		 Improve solution by repack 0.6934352324643913->0.6892878258532653 , unplacedBoxesSize:13
currentRepackCostTime:22.516000000000002s , currentRepackMaxTime:364.978s
iter52		 Improve solution by repack 0.6892878258532653->0.686789841440473 , unplacedBoxesSize:17
currentRepackCostTime:22.54s , currentRepackMaxTime:364.978s
iter53		 Improve solution by repack 0.686789841440473->0.6849254232733136 , unplacedBoxesSize:18
currentRepackCostTime:22.559s , currentRepackMaxTime:364.978s
iter63		 Improve solution by repack 0.6849254232733136->0.6814505509271701 , unplacedBoxesSize:17
currentRepackCostTime:22.875s , currentRepackMaxTime:364.978s
iter70		 Improve solution by repack 0.6814505509271701->0.6798454716474066 , unplacedBoxesSize:14
currentRepackCostTime:23.087s , currentRepackMaxTime:364.978s
iter89		 Improve solution by repack 0.6798454716474066->0.6763484278419779 , unplacedBoxesSize:16
currentRepackCostTime:23.72s , currentRepackMaxTime:364.978s
iter121		 Improve solution by repack 0.6763484278419779->0.6735024187046492 , unplacedBoxesSize:15
currentRepackCostTime:24.691s , currentRepackMaxTime:364.978s
Selecting boards with low utilization for repacking...
iter2		 Improve solution by repack 0.9864381214727224->0.6735024187046492 , unplacedBoxesSize:15
currentRepackCostTime:26.583000000000002s , currentRepackMaxTime:364.978s
Selecting boards with low utilization for repacking...
iter9		 Improve solution by repack 0.989365090029562->0.6991212039774254 , unplacedBoxesSize:16
currentRepackCostTime:29.577s , currentRepackMaxTime:364.978s
iter10		 Improve solution by repack 0.6991212039774254->0.6989895189465197 , unplacedBoxesSize:21
currentRepackCostTime:29.615000000000002s , currentRepackMaxTime:364.978s
iter38		 Improve solution by repack 0.6989895189465197->0.6965990325181403 , unplacedBoxesSize:19
currentRepackCostTime:30.626s , currentRepackMaxTime:364.978s
iter39		 Improve solution by repack 0.6965990325181403->0.6933196721311475 , unplacedBoxesSize:20
currentRepackCostTime:30.682000000000002s , currentRepackMaxTime:364.978s
iter78		 Improve solution by repack 0.6933196721311475->0.6929393980112872 , unplacedBoxesSize:21
currentRepackCostTime:32.117s , currentRepackMaxTime:364.978s
iter83		 Improve solution by repack 0.6929393980112872->0.685722923945176 , unplacedBoxesSize:20
currentRepackCostTime:32.225s , currentRepackMaxTime:364.978s
iter100		 Improve solution by repack 0.685722923945176->0.6856369255576459 , unplacedBoxesSize:20
currentRepackCostTime:32.884s , currentRepackMaxTime:364.978s
Selecting boards with low utilization for repacking...
Completed repack sweep without reducing board count. No-reduction sweeps: 1/3
Selecting boards with low utilization for repacking...
Selecting boards with low utilization for repacking...
iter8		 Improve solution by repack 0.9805485756517065->0.7064324106423006 , unplacedBoxesSize:18
currentRepackCostTime:37.533s , currentRepackMaxTime:364.978s
iter10		 Improve solution by repack 0.7064324106423006->0.7054397339424885 , unplacedBoxesSize:14
currentRepackCostTime:37.621s , currentRepackMaxTime:364.978s
iter14		 Improve solution by repack 0.7054397339424885->0.6927808384842784 , unplacedBoxesSize:16
currentRepackCostTime:37.717s , currentRepackMaxTime:364.978s
iter30		 Improve solution by repack 0.6927808384842784->0.6918751679656007 , unplacedBoxesSize:17
currentRepackCostTime:38.288000000000004s , currentRepackMaxTime:364.978s
iter36		 Improve solution by repack 0.6918751679656007->0.6896916151572158 , unplacedBoxesSize:17
currentRepackCostTime:38.485s , currentRepackMaxTime:364.978s
iter45		 Improve solution by repack 0.6896916151572158->0.6834701693093255 , unplacedBoxesSize:18
currentRepackCostTime:38.777s , currentRepackMaxTime:364.978s
Selecting boards with low utilization for repacking...
iter8		 Improve solution by repack 0.9810538161784466->0.6881658156409567 , unplacedBoxesSize:14
currentRepackCostTime:40.532000000000004s , currentRepackMaxTime:364.978s
iter32		 Improve solution by repack 0.6881658156409567->0.6834701693093255 , unplacedBoxesSize:18
currentRepackCostTime:41.282000000000004s , currentRepackMaxTime:364.978s
Selecting boards with low utilization for repacking...
iter4		 Improve solution by repack 0.9829746707874227->0.980859647944101 , unplacedBoxesSize:11
currentRepackCostTime:43.466s , currentRepackMaxTime:364.978s
iter5		 Improve solution by repack 0.980859647944101->0.6936475409836066 , unplacedBoxesSize:17
currentRepackCostTime:43.51s , currentRepackMaxTime:364.978s
iter15		 Improve solution by repack 0.6936475409836066->0.6921963181940338 , unplacedBoxesSize:16
currentRepackCostTime:43.879s , currentRepackMaxTime:364.978s
iter21		 Improve solution by repack 0.6921963181940338->0.6897040446116636 , unplacedBoxesSize:18
currentRepackCostTime:44.073s , currentRepackMaxTime:364.978s
iter39		 Improve solution by repack 0.6897040446116636->0.6884500134372481 , unplacedBoxesSize:19
currentRepackCostTime:44.694s , currentRepackMaxTime:364.978s
iter50		 Improve solution by repack 0.6884500134372481->0.6856167696855683 , unplacedBoxesSize:18
currentRepackCostTime:45.177s , currentRepackMaxTime:364.978s
iter52		 Improve solution by repack 0.6856167696855683->0.6848740257995163 , unplacedBoxesSize:17
currentRepackCostTime:45.275s , currentRepackMaxTime:364.978s
iter57		 Improve solution by repack 0.6848740257995163->0.6829041252351519 , unplacedBoxesSize:17
currentRepackCostTime:45.414s , currentRepackMaxTime:364.978s
iter65		 Improve solution by repack 0.6829041252351519->0.6795471647406611 , unplacedBoxesSize:14
currentRepackCostTime:45.691s , currentRepackMaxTime:364.978s
Selecting boards with low utilization for repacking...
iter9		 Improve solution by repack 0.9827452297769417->0.6899764848159097 , unplacedBoxesSize:13
currentRepackCostTime:47.918s , currentRepackMaxTime:364.978s
iter14		 Improve solution by repack 0.6899764848159097->0.6872588013974739 , unplacedBoxesSize:11
currentRepackCostTime:48.055s , currentRepackMaxTime:364.978s
iter29		 Improve solution by repack 0.6872588013974739->0.6867024993281376 , unplacedBoxesSize:11
currentRepackCostTime:48.486000000000004s , currentRepackMaxTime:364.978s
iter73		 Improve solution by repack 0.6867024993281376->0.685940607363612 , unplacedBoxesSize:11
currentRepackCostTime:49.816s , currentRepackMaxTime:364.978s
iter74		 Improve solution by repack 0.685940607363612->0.683857833915614 , unplacedBoxesSize:11
currentRepackCostTime:49.868s , currentRepackMaxTime:364.978s
Selecting boards with low utilization for repacking...
iter10		 Improve solution by repack 0.9869732598763773->0.7074395323837679 , unplacedBoxesSize:12
currentRepackCostTime:51.965s , currentRepackMaxTime:364.978s
iter26		 Improve solution by repack 0.7074395323837679->0.7015640956732061 , unplacedBoxesSize:16
currentRepackCostTime:52.424s , currentRepackMaxTime:364.978s
iter35		 Improve solution by repack 0.7015640956732061->0.6996637328675087 , unplacedBoxesSize:14
currentRepackCostTime:52.730000000000004s , currentRepackMaxTime:364.978s
iter37		 Improve solution by repack 0.6996637328675087->0.683780233808116 , unplacedBoxesSize:11
currentRepackCostTime:52.789s , currentRepackMaxTime:364.978s
Selecting boards with low utilization for repacking...
iter4		 Improve solution by repack 0.9873763773179253->0.7206486831496909 , unplacedBoxesSize:9
currentRepackCostTime:54.496s , currentRepackMaxTime:364.978s
iter11		 Improve solution by repack 0.7206486831496909->0.7169221983337812 , unplacedBoxesSize:15
currentRepackCostTime:54.649s , currentRepackMaxTime:364.978s
iter21		 Improve solution by repack 0.7169221983337812->0.7101138806772374 , unplacedBoxesSize:12
currentRepackCostTime:54.959s , currentRepackMaxTime:364.978s
iter23		 Improve solution by repack 0.7101138806772374->0.7100332571889276 , unplacedBoxesSize:12
currentRepackCostTime:54.99s , currentRepackMaxTime:364.978s
iter28		 Improve solution by repack 0.7100332571889276->0.707378392905133 , unplacedBoxesSize:12
currentRepackCostTime:55.155s , currentRepackMaxTime:364.978s
iter30		 Improve solution by repack 0.707378392905133->0.6975030233808116 , unplacedBoxesSize:14
currentRepackCostTime:55.178000000000004s , currentRepackMaxTime:364.978s
iter33		 Improve solution by repack 0.6975030233808116->0.6838454044611664 , unplacedBoxesSize:15
currentRepackCostTime:55.263s , currentRepackMaxTime:364.978s
Selecting boards with low utilization for repacking...
iter1		 Improve solution by repack 0.9875013437248052->0.9851001074979845 , unplacedBoxesSize:17
currentRepackCostTime:57.408s , currentRepackMaxTime:364.978s
iter2		 Improve solution by repack 0.9851001074979845->0.711926565439398 , unplacedBoxesSize:16
currentRepackCostTime:57.473s , currentRepackMaxTime:364.978s
iter6		 Improve solution by repack 0.711926565439398->0.7035689330825047 , unplacedBoxesSize:17
currentRepackCostTime:57.695s , currentRepackMaxTime:364.978s
iter30		 Improve solution by repack 0.7035689330825047->0.7023720102123084 , unplacedBoxesSize:19
currentRepackCostTime:58.397s , currentRepackMaxTime:364.978s
iter38		 Improve solution by repack 0.7023720102123084->0.7022067320612738 , unplacedBoxesSize:20
currentRepackCostTime:58.597s , currentRepackMaxTime:364.978s
Selecting boards with low utilization for repacking...
iter2		 Improve solution by repack 0.9846781779091641->0.9779098360655738 , unplacedBoxesSize:17
currentRepackCostTime:60.612s , currentRepackMaxTime:364.978s
iter3		 Improve solution by repack 0.9779098360655738->0.9673172534264983 , unplacedBoxesSize:19
currentRepackCostTime:60.643s , currentRepackMaxTime:364.978s
iter8		 Improve solution by repack 0.9673172534264983->0.9664263638806772 , unplacedBoxesSize:16
currentRepackCostTime:60.802s , currentRepackMaxTime:364.978s
iter10		 Improve solution by repack 0.9664263638806772->0.7201840902983069 , unplacedBoxesSize:22
currentRepackCostTime:60.884s , currentRepackMaxTime:364.978s
iter11		 Improve solution by repack 0.7201840902983069->0.7165459553883364 , unplacedBoxesSize:22
currentRepackCostTime:60.893s , currentRepackMaxTime:364.978s
iter15		 Improve solution by repack 0.7165459553883364->0.7121371943026068 , unplacedBoxesSize:20
currentRepackCostTime:61.028s , currentRepackMaxTime:364.978s
iter16		 Improve solution by repack 0.7121371943026068->0.6937543671056168 , unplacedBoxesSize:20
currentRepackCostTime:61.057s , currentRepackMaxTime:364.978s
iter37		 Improve solution by repack 0.6937543671056168->0.6888753023380811 , unplacedBoxesSize:18
currentRepackCostTime:61.916000000000004s , currentRepackMaxTime:364.978s
iter38		 Improve solution by repack 0.6888753023380811->0.6852905804891158 , unplacedBoxesSize:19
currentRepackCostTime:61.927s , currentRepackMaxTime:364.978s
iter40		 Improve solution by repack 0.6852905804891158->0.6814475275463585 , unplacedBoxesSize:19
currentRepackCostTime:62.022s , currentRepackMaxTime:364.978s
iter49		 Improve solution by repack 0.6814475275463585->0.680857296425692 , unplacedBoxesSize:15
currentRepackCostTime:62.357s , currentRepackMaxTime:364.978s
iter56		 Improve solution by repack 0.680857296425692->0.6805307712980382 , unplacedBoxesSize:15
currentRepackCostTime:62.589s , currentRepackMaxTime:364.978s
iter79		 Improve solution by repack 0.6805307712980382->0.6791030636925558 , unplacedBoxesSize:12
currentRepackCostTime:63.397s , currentRepackMaxTime:364.978s
iter82		 Improve solution by repack 0.6791030636925558->0.6766588282719699 , unplacedBoxesSize:10
currentRepackCostTime:63.461s , currentRepackMaxTime:364.978s
Selecting boards with low utilization for repacking...
iter7		 Improve solution by repack 0.9888702633700619->0.9888202096210695 , unplacedBoxesSize:15
currentRepackCostTime:64.992s , currentRepackMaxTime:364.978s
iter8		 Improve solution by repack 0.9888202096210695->0.6900987637731792 , unplacedBoxesSize:16
currentRepackCostTime:65.03s , currentRepackMaxTime:364.978s
iter11		 Improve solution by repack 0.6900987637731792->0.6821778419779628 , unplacedBoxesSize:18
currentRepackCostTime:65.171s , currentRepackMaxTime:364.978s
iter17		 Improve solution by repack 0.6821778419779628->0.6719262295081967 , unplacedBoxesSize:18
currentRepackCostTime:65.452s , currentRepackMaxTime:364.978s
Selecting boards with low utilization for repacking...
Completed repack sweep without reducing board count. No-reduction sweeps: 2/3
Selecting boards with low utilization for repacking...
Selecting boards with low utilization for repacking...
iter15		 Improve solution by repack 0.9816443832303146->0.6917851384036549 , unplacedBoxesSize:12
currentRepackCostTime:69.853s , currentRepackMaxTime:364.978s
iter40		 Improve solution by repack 0.6917851384036549->0.6863027411986026 , unplacedBoxesSize:12
currentRepackCostTime:70.544s , currentRepackMaxTime:364.978s
Selecting boards with low utilization for repacking...
iter5		 Improve solution by repack 0.9737980381617845->0.6974879064767536 , unplacedBoxesSize:12
currentRepackCostTime:72.116s , currentRepackMaxTime:364.978s
iter6		 Improve solution by repack 0.6974879064767536->0.6956980650362806 , unplacedBoxesSize:10
currentRepackCostTime:72.128s , currentRepackMaxTime:364.978s
iter40		 Improve solution by repack 0.6956980650362806->0.6853869927438861 , unplacedBoxesSize:16
currentRepackCostTime:72.993s , currentRepackMaxTime:364.978s
iter51		 Improve solution by repack 0.6853869927438861->0.6803533996237571 , unplacedBoxesSize:12
currentRepackCostTime:73.458s , currentRepackMaxTime:364.978s
Selecting boards with low utilization for repacking...
iter1		 Improve solution by repack 0.9752448938457403->0.6961361193227626 , unplacedBoxesSize:16
currentRepackCostTime:75.937s , currentRepackMaxTime:364.978s
iter4		 Improve solution by repack 0.6961361193227626->0.6901787153990863 , unplacedBoxesSize:16
currentRepackCostTime:76.031s , currentRepackMaxTime:364.978s
iter5		 Improve solution by repack 0.6901787153990863->0.689382558452029 , unplacedBoxesSize:16
currentRepackCostTime:76.069s , currentRepackMaxTime:364.978s
iter13		 Improve solution by repack 0.689382558452029->0.6843019349637194 , unplacedBoxesSize:14
currentRepackCostTime:76.328s , currentRepackMaxTime:364.978s
Selecting boards with low utilization for repacking...
iter3		 Improve solution by repack 0.9773716742811073->0.701121338349906 , unplacedBoxesSize:16
currentRepackCostTime:78.977s , currentRepackMaxTime:364.978s
iter10		 Improve solution by repack 0.701121338349906->0.6996650765923139 , unplacedBoxesSize:13
currentRepackCostTime:79.154s , currentRepackMaxTime:364.978s
iter11		 Improve solution by repack 0.6996650765923139->0.6944376511690407 , unplacedBoxesSize:15
currentRepackCostTime:79.20100000000001s , currentRepackMaxTime:364.978s
iter13		 Improve solution by repack 0.6944376511690407->0.6935383633431873 , unplacedBoxesSize:16
currentRepackCostTime:79.292s , currentRepackMaxTime:364.978s
iter18		 Improve solution by repack 0.6935383633431873->0.6921586938994894 , unplacedBoxesSize:19
currentRepackCostTime:79.427s , currentRepackMaxTime:364.978s
iter19		 Improve solution by repack 0.6921586938994894->0.687882289707068 , unplacedBoxesSize:17
currentRepackCostTime:79.464s , currentRepackMaxTime:364.978s
iter22		 Improve solution by repack 0.687882289707068->0.6793079817253427 , unplacedBoxesSize:15
currentRepackCostTime:79.583s , currentRepackMaxTime:364.978s
iter35		 Improve solution by repack 0.6793079817253427->0.6735098091910776 , unplacedBoxesSize:17
currentRepackCostTime:80.039s , currentRepackMaxTime:364.978s
iter39		 Improve solution by repack 0.6735098091910776->0.6733048911582907 , unplacedBoxesSize:18
currentRepackCostTime:80.22200000000001s , currentRepackMaxTime:364.978s
iter48		 Improve solution by repack 0.6733048911582907->0.6628856490190809 , unplacedBoxesSize:17
currentRepackCostTime:80.566s , currentRepackMaxTime:364.978s
iter52		 Improve solution by repack 0.6628856490190809->0.6565869389948938 , unplacedBoxesSize:18
currentRepackCostTime:80.672s , currentRepackMaxTime:364.978s
iter55		 Improve solution by repack 0.6565869389948938->0.6534950282182209 , unplacedBoxesSize:16
currentRepackCostTime:80.752s , currentRepackMaxTime:364.978s
Selecting boards with low utilization for repacking...
iter4		 Improve solution by repack 0.9837207739854879->0.6865610722923945 , unplacedBoxesSize:17
currentRepackCostTime:83.497s , currentRepackMaxTime:364.978s
iter20		 Improve solution by repack 0.6865610722923945->0.6855972856758935 , unplacedBoxesSize:20
currentRepackCostTime:84.054s , currentRepackMaxTime:364.978s
iter27		 Improve solution by repack 0.6855972856758935->0.6853177909164203 , unplacedBoxesSize:20
currentRepackCostTime:84.259s , currentRepackMaxTime:364.978s
iter30		 Improve solution by repack 0.6853177909164203->0.6848286750873421 , unplacedBoxesSize:20
currentRepackCostTime:84.345s , currentRepackMaxTime:364.978s
iter31		 Improve solution by repack 0.6848286750873421->0.6816292663262564 , unplacedBoxesSize:19
currentRepackCostTime:84.376s , currentRepackMaxTime:364.978s
iter36		 Improve solution by repack 0.6816292663262564->0.6794302606826123 , unplacedBoxesSize:19
currentRepackCostTime:84.601s , currentRepackMaxTime:364.978s
iter49		 Improve solution by repack 0.6794302606826123->0.6785575114216608 , unplacedBoxesSize:17
currentRepackCostTime:85.062s , currentRepackMaxTime:364.978s
iter94		 Improve solution by repack 0.6785575114216608->0.6784486697124429 , unplacedBoxesSize:17
currentRepackCostTime:86.54s , currentRepackMaxTime:364.978s
Selecting boards with low utilization for repacking...
iter3		 Improve solution by repack 0.9862295081967213->0.7179676162321956 , unplacedBoxesSize:16
currentRepackCostTime:89.19200000000001s , currentRepackMaxTime:364.978s
iter6		 Improve solution by repack 0.7179676162321956->0.7173098629400699 , unplacedBoxesSize:14
currentRepackCostTime:89.278s , currentRepackMaxTime:364.978s
iter17		 Improve solution by repack 0.7173098629400699->0.70876041386724 , unplacedBoxesSize:18
currentRepackCostTime:89.569s , currentRepackMaxTime:364.978s
iter21		 Improve solution by repack 0.70876041386724->0.7017102257457672 , unplacedBoxesSize:21
currentRepackCostTime:89.729s , currentRepackMaxTime:364.978s
iter26		 Improve solution by repack 0.7017102257457672->0.7005475678581027 , unplacedBoxesSize:21
currentRepackCostTime:89.941s , currentRepackMaxTime:364.978s
iter28		 Improve solution by repack 0.7005475678581027->0.6977546358505777 , unplacedBoxesSize:20
currentRepackCostTime:90.037s , currentRepackMaxTime:364.978s
iter29		 Improve solution by repack 0.6977546358505777->0.6900597957538296 , unplacedBoxesSize:17
currentRepackCostTime:90.062s , currentRepackMaxTime:364.978s
iter43		 Improve solution by repack 0.6900597957538296->0.6813712711636656 , unplacedBoxesSize:17
currentRepackCostTime:90.599s , currentRepackMaxTime:364.978s
iter84		 Improve solution by repack 0.6813712711636656->0.6807652512765385 , unplacedBoxesSize:19
currentRepackCostTime:91.905s , currentRepackMaxTime:364.978s
Selecting boards with low utilization for repacking...
iter1		 Improve solution by repack 0.9887718355280839->0.9805089357699543 , unplacedBoxesSize:14
currentRepackCostTime:93.693s , currentRepackMaxTime:364.978s
iter2		 Improve solution by repack 0.9805089357699543->0.975774993281376 , unplacedBoxesSize:15
currentRepackCostTime:93.702s , currentRepackMaxTime:364.978s
iter6		 Improve solution by repack 0.975774993281376->0.701487503359312 , unplacedBoxesSize:17
currentRepackCostTime:93.81s , currentRepackMaxTime:364.978s
iter31		 Improve solution by repack 0.701487503359312->0.697616904058049 , unplacedBoxesSize:16
currentRepackCostTime:94.628s , currentRepackMaxTime:364.978s
iter33		 Improve solution by repack 0.697616904058049->0.6891329615694706 , unplacedBoxesSize:13
currentRepackCostTime:94.696s , currentRepackMaxTime:364.978s
iter45		 Improve solution by repack 0.6891329615694706->0.687691144853534 , unplacedBoxesSize:13
currentRepackCostTime:95.016s , currentRepackMaxTime:364.978s
iter67		 Improve solution by repack 0.687691144853534->0.6868919645256651 , unplacedBoxesSize:13
currentRepackCostTime:95.617s , currentRepackMaxTime:364.978s
iter78		 Improve solution by repack 0.6868919645256651->0.6861300725611394 , unplacedBoxesSize:13
currentRepackCostTime:95.955s , currentRepackMaxTime:364.978s
Selecting boards with low utilization for repacking...
iter1		 Improve solution by repack 0.983248454716474->0.9822766057511421 , unplacedBoxesSize:14
currentRepackCostTime:97.69200000000001s , currentRepackMaxTime:364.978s
iter4		 Improve solution by repack 0.9822766057511421->0.7063900833109379 , unplacedBoxesSize:14
currentRepackCostTime:97.782s , currentRepackMaxTime:364.978s
iter14		 Improve solution by repack 0.7063900833109379->0.6938538027411987 , unplacedBoxesSize:14
currentRepackCostTime:98.09100000000001s , currentRepackMaxTime:364.978s
iter22		 Improve solution by repack 0.6938538027411987->0.6915486428379468 , unplacedBoxesSize:14
currentRepackCostTime:98.31700000000001s , currentRepackMaxTime:364.978s
iter27		 Improve solution by repack 0.6915486428379468->0.6899744692287019 , unplacedBoxesSize:16
currentRepackCostTime:98.509s , currentRepackMaxTime:364.978s
iter40		 Improve solution by repack 0.6899744692287019->0.6894766191883902 , unplacedBoxesSize:18
currentRepackCostTime:98.85000000000001s , currentRepackMaxTime:364.978s
iter56		 Improve solution by repack 0.6894766191883902->0.6878883364686912 , unplacedBoxesSize:18
currentRepackCostTime:99.467s , currentRepackMaxTime:364.978s
iter80		 Improve solution by repack 0.6878883364686912->0.6855428648212846 , unplacedBoxesSize:19
currentRepackCostTime:100.348s , currentRepackMaxTime:364.978s
iter85		 Improve solution by repack 0.6855428648212846->0.6812839290513303 , unplacedBoxesSize:15
currentRepackCostTime:100.488s , currentRepackMaxTime:364.978s
iter121		 Improve solution by repack 0.6812839290513303->0.6804420854608977 , unplacedBoxesSize:13
currentRepackCostTime:101.738s , currentRepackMaxTime:364.978s
Selecting boards with low utilization for repacking...
iter1		 Improve solution by repack 0.990700752485891->0.9843073098629401 , unplacedBoxesSize:12
currentRepackCostTime:103.404s , currentRepackMaxTime:364.978s
iter5		 Improve solution by repack 0.9843073098629401->0.6991101182477829 , unplacedBoxesSize:17
currentRepackCostTime:103.506s , currentRepackMaxTime:364.978s
iter8		 Improve solution by repack 0.6991101182477829->0.698876310131685 , unplacedBoxesSize:15
currentRepackCostTime:103.599s , currentRepackMaxTime:364.978s
iter13		 Improve solution by repack 0.698876310131685->0.6986868449341574 , unplacedBoxesSize:15
currentRepackCostTime:103.794s , currentRepackMaxTime:364.978s
iter22		 Improve solution by repack 0.6986868449341574->0.6967844665412525 , unplacedBoxesSize:14
currentRepackCostTime:104.09s , currentRepackMaxTime:364.978s
iter26		 Improve solution by repack 0.6967844665412525->0.6961428379467884 , unplacedBoxesSize:16
currentRepackCostTime:104.221s , currentRepackMaxTime:364.978s
iter51		 Improve solution by repack 0.6961428379467884->0.6950651706530503 , unplacedBoxesSize:19
currentRepackCostTime:104.965s , currentRepackMaxTime:364.978s
iter67		 Improve solution by repack 0.6950651706530503->0.6913497715667831 , unplacedBoxesSize:19
currentRepackCostTime:105.596s , currentRepackMaxTime:364.978s
iter84		 Improve solution by repack 0.6913497715667831->0.6857760010749798 , unplacedBoxesSize:18
currentRepackCostTime:106.147s , currentRepackMaxTime:364.978s
iter115		 Improve solution by repack 0.6857760010749798->0.6846022574576726 , unplacedBoxesSize:18
currentRepackCostTime:107.294s , currentRepackMaxTime:364.978s
iter119		 Improve solution by repack 0.6846022574576726->0.6835098091910776 , unplacedBoxesSize:18
currentRepackCostTime:107.384s , currentRepackMaxTime:364.978s
iter120		 Improve solution by repack 0.6835098091910776->0.6825799516259071 , unplacedBoxesSize:21
currentRepackCostTime:107.422s , currentRepackMaxTime:364.978s
iter121		 Improve solution by repack 0.6825799516259071->0.6810118247782855 , unplacedBoxesSize:18
currentRepackCostTime:107.477s , currentRepackMaxTime:364.978s
iter135		 Improve solution by repack 0.6810118247782855->0.6802956194571351 , unplacedBoxesSize:18
currentRepackCostTime:107.95700000000001s , currentRepackMaxTime:364.978s
iter165		 Improve solution by repack 0.6802956194571351->0.6785098091910776 , unplacedBoxesSize:14
currentRepackCostTime:108.921s , currentRepackMaxTime:364.978s
Selecting boards with low utilization for repacking...
Completed repack sweep without reducing board count. No-reduction sweeps: 3/3
Global repack result: 10 -> 10 boards.
Start nesting on the 1th large board, remaining blocks count: 96
Utilization of the 1th large board: 98.36441816715936, Time taken for this board: 0.776s
-------------------------------------------------------------------
Start nesting on the 2th large board, remaining blocks count: 91
Utilization of the 2th large board: 98.2519772910508, Time taken for this board: 1.939s
-------------------------------------------------------------------
Start nesting on the 3th large board, remaining blocks count: 81
Utilization of the 3th large board: 98.22669846815371, Time taken for this board: 2.93s
-------------------------------------------------------------------
Start nesting on the 4th large board, remaining blocks count: 73
Utilization of the 4th large board: 98.0116652109648, Time taken for this board: 3.7880000000000003s
-------------------------------------------------------------------
Start nesting on the 5th large board, remaining blocks count: 57
Utilization of the 5th large board: 96.88238578339157, Time taken for this board: 4.038s
-------------------------------------------------------------------
Start nesting on the 6th large board, remaining blocks count: 44
Utilization of the 6th large board: 96.66625235151841, Time taken for this board: 4.165s
-------------------------------------------------------------------
Start nesting on the 7th large board, remaining blocks count: 32
Utilization of the 7th large board: 95.33383163128191, Time taken for this board: 4.198s
-------------------------------------------------------------------
Start nesting on the 8th large board, remaining blocks count: 20
Utilization of the 8th large board: 93.00463585057781, Time taken for this board: 4.219s
-------------------------------------------------------------------
Start nesting on the 9th large board, remaining blocks count: 6
Utilization of the 9th large board: 21.787103601182476, Time taken for this board: 4.22s
-------------------------------------------------------------------
Start global repack optimization for 9 boards, time=462.045s.
Start improving solution by repacking.
Selecting boards with low utilization for repacking...
Selecting boards with low utilization for repacking...
iter9		 Improve solution by repack 0.930046358505778->0.28318227626981995 , unplacedBoxesSize:3
currentRepackCostTime:0.578s , currentRepackMaxTime:462.045s
iter12		 Improve solution by repack 0.28318227626981995->0.2589468556839559 , unplacedBoxesSize:3
currentRepackCostTime:0.629s , currentRepackMaxTime:462.045s
iter15		 Improve solution by repack 0.2589468556839559->0.24143639478634776 , unplacedBoxesSize:5
currentRepackCostTime:0.668s , currentRepackMaxTime:462.045s
iter18		 Improve solution by repack 0.24143639478634776->0.21712035071217414 , unplacedBoxesSize:4
currentRepackCostTime:0.687s , currentRepackMaxTime:462.045s
iter21		 Improve solution by repack 0.21712035071217414->0.21543649556570815 , unplacedBoxesSize:3
currentRepackCostTime:0.743s , currentRepackMaxTime:462.045s
iter31		 Improve solution by repack 0.21543649556570815->0.20618696586938995 , unplacedBoxesSize:4
currentRepackCostTime:0.89s , currentRepackMaxTime:462.045s
iter35		 Improve solution by repack 0.20618696586938995->0.20539891830153184 , unplacedBoxesSize:3
currentRepackCostTime:0.9580000000000001s , currentRepackMaxTime:462.045s
iter67		 Improve solution by repack 0.20539891830153184->0.2034785675893577 , unplacedBoxesSize:3
currentRepackCostTime:1.371s , currentRepackMaxTime:462.045s
iter80		 Improve solution by repack 0.2034785675893577->0.19601043402311208 , unplacedBoxesSize:4
currentRepackCostTime:1.566s , currentRepackMaxTime:462.045s
iter112		 Improve solution by repack 0.19601043402311208->0.19180159903251814 , unplacedBoxesSize:3
currentRepackCostTime:2.0140000000000002s , currentRepackMaxTime:462.045s
iter130		 Improve solution by repack 0.19180159903251814->0.17926565439398012 , unplacedBoxesSize:3
currentRepackCostTime:2.214s , currentRepackMaxTime:462.045s
Selecting boards with low utilization for repacking...
iter2		 Improve solution by repack 0.9634004165546897->0.9618561408223596 , unplacedBoxesSize:10
currentRepackCostTime:2.945s , currentRepackMaxTime:462.045s
iter4		 Improve solution by repack 0.9618561408223596->0.22472722386455252 , unplacedBoxesSize:4
currentRepackCostTime:2.961s , currentRepackMaxTime:462.045s
iter6		 Improve solution by repack 0.22472722386455252->0.21725947325987638 , unplacedBoxesSize:4
currentRepackCostTime:2.987s , currentRepackMaxTime:462.045s
iter39		 Improve solution by repack 0.21725947325987638->0.216262765385649 , unplacedBoxesSize:4
currentRepackCostTime:3.432s , currentRepackMaxTime:462.045s
iter43		 Improve solution by repack 0.216262765385649->0.20531505643644182 , unplacedBoxesSize:3
currentRepackCostTime:3.471s , currentRepackMaxTime:462.045s
Selecting boards with low utilization for repacking...
iter6		 Improve solution by repack 0.9273422803009943->0.20912506718624027 , unplacedBoxesSize:5
currentRepackCostTime:4.358s , currentRepackMaxTime:462.045s
iter10		 Improve solution by repack 0.20912506718624027->0.20884078540714862 , unplacedBoxesSize:5
currentRepackCostTime:4.42s , currentRepackMaxTime:462.045s
iter17		 Improve solution by repack 0.20884078540714862->0.18875739048642837 , unplacedBoxesSize:4
currentRepackCostTime:4.54s , currentRepackMaxTime:462.045s
iter23		 Improve solution by repack 0.18875739048642837->0.1884162523515184 , unplacedBoxesSize:3
currentRepackCostTime:4.641s , currentRepackMaxTime:462.045s
Selecting boards with low utilization for repacking...
iter3		 Improve solution by repack 0.9382917058586402->0.1884162523515184 , unplacedBoxesSize:3
currentRepackCostTime:5.3020000000000005s , currentRepackMaxTime:462.045s
Selecting boards with low utilization for repacking...
iter1		 Improve solution by repack 0.973327062617576->0.9602521163665682 , unplacedBoxesSize:11
currentRepackCostTime:6.308s , currentRepackMaxTime:462.045s
iter7		 Improve solution by repack 0.9602521163665682->0.2248849435635582 , unplacedBoxesSize:5
currentRepackCostTime:6.407s , currentRepackMaxTime:462.045s
iter11		 Improve solution by repack 0.2248849435635582->0.2066673945176028 , unplacedBoxesSize:4
currentRepackCostTime:6.492s , currentRepackMaxTime:462.045s
iter17		 Improve solution by repack 0.2066673945176028->0.19704246170384307 , unplacedBoxesSize:5
currentRepackCostTime:6.581s , currentRepackMaxTime:462.045s
iter21		 Improve solution by repack 0.19704246170384307->0.17057007524858908 , unplacedBoxesSize:3
currentRepackCostTime:6.636s , currentRepackMaxTime:462.045s
iter24		 Improve solution by repack 0.17057007524858908->0.17048861193227627 , unplacedBoxesSize:3
currentRepackCostTime:6.668s , currentRepackMaxTime:462.045s
iter32		 Improve solution by repack 0.17048861193227627->0.1690699744692287 , unplacedBoxesSize:2
currentRepackCostTime:6.7700000000000005s , currentRepackMaxTime:462.045s
iter52		 Improve solution by repack 0.1690699744692287->0.1612896398817522 , unplacedBoxesSize:3
currentRepackCostTime:7.035s , currentRepackMaxTime:462.045s
Selecting boards with low utilization for repacking...
iter7		 Improve solution by repack 0.9762496170384305->0.976237738511153 , unplacedBoxesSize:13
currentRepackCostTime:7.849s , currentRepackMaxTime:462.045s
iter11		 Improve solution by repack 0.976237738511153->0.9747824375167966 , unplacedBoxesSize:12
currentRepackCostTime:7.918s , currentRepackMaxTime:462.045s
iter15		 Improve solution by repack 0.9747824375167966->0.19055042327331362 , unplacedBoxesSize:3
currentRepackCostTime:7.9830000000000005s , currentRepackMaxTime:462.045s
iter17		 Improve solution by repack 0.19055042327331362->0.18154209217952164 , unplacedBoxesSize:3
currentRepackCostTime:8.008000000000001s , currentRepackMaxTime:462.045s
iter29		 Improve solution by repack 0.18154209217952164->0.17987112335393712 , unplacedBoxesSize:4
currentRepackCostTime:8.137s , currentRepackMaxTime:462.045s
iter38		 Improve solution by repack 0.17987112335393712->0.17784928446654125 , unplacedBoxesSize:4
currentRepackCostTime:8.291s , currentRepackMaxTime:462.045s
iter47		 Improve solution by repack 0.17784928446654125->0.17421114955657083 , unplacedBoxesSize:4
currentRepackCostTime:8.411s , currentRepackMaxTime:462.045s
iter49		 Improve solution by repack 0.17421114955657083->0.17139403050255306 , unplacedBoxesSize:3
currentRepackCostTime:8.43s , currentRepackMaxTime:462.045s
Selecting boards with low utilization for repacking...
iter1		 Improve solution by repack 0.9832636925557646->0.1875636959150766 , unplacedBoxesSize:6
currentRepackCostTime:9.282s , currentRepackMaxTime:462.045s
iter3		 Improve solution by repack 0.1875636959150766->0.17368827264176295 , unplacedBoxesSize:4
currentRepackCostTime:9.304s , currentRepackMaxTime:462.045s
iter5		 Improve solution by repack 0.17368827264176295->0.16820587543671056 , unplacedBoxesSize:4
currentRepackCostTime:9.33s , currentRepackMaxTime:462.045s
iter11		 Improve solution by repack 0.16820587543671056->0.1668020558989519 , unplacedBoxesSize:4
currentRepackCostTime:9.416s , currentRepackMaxTime:462.045s
iter29		 Improve solution by repack 0.1668020558989519->0.16598977425423272 , unplacedBoxesSize:4
currentRepackCostTime:9.683s , currentRepackMaxTime:462.045s
iter32		 Improve solution by repack 0.16598977425423272->0.16211703843052944 , unplacedBoxesSize:2
currentRepackCostTime:9.735s , currentRepackMaxTime:462.045s
iter47		 Improve solution by repack 0.16211703843052944->0.16203557511421662 , unplacedBoxesSize:2
currentRepackCostTime:9.895s , currentRepackMaxTime:462.045s
Selecting boards with low utilization for repacking...
iter4		 Improve solution by repack 0.9728108572964257->0.19552254098360655 , unplacedBoxesSize:3
currentRepackCostTime:10.700000000000001s , currentRepackMaxTime:462.045s
iter8		 Improve solution by repack 0.19552254098360655->0.1762845538833647 , unplacedBoxesSize:4
currentRepackCostTime:10.743s , currentRepackMaxTime:462.045s
iter15		 Improve solution by repack 0.1762845538833647->0.17622774455791454 , unplacedBoxesSize:5
currentRepackCostTime:10.847s , currentRepackMaxTime:462.045s
iter16		 Improve solution by repack 0.17622774455791454->0.1742611562751948 , unplacedBoxesSize:5
currentRepackCostTime:10.863s , currentRepackMaxTime:462.045s
iter17		 Improve solution by repack 0.1742611562751948->0.1724557780166622 , unplacedBoxesSize:4
currentRepackCostTime:10.873000000000001s , currentRepackMaxTime:462.045s
iter21		 Improve solution by repack 0.1724557780166622->0.1717785407148616 , unplacedBoxesSize:4
currentRepackCostTime:10.92s , currentRepackMaxTime:462.045s
iter25		 Improve solution by repack 0.1717785407148616->0.1569760682612201 , unplacedBoxesSize:3
currentRepackCostTime:10.974s , currentRepackMaxTime:462.045s
iter51		 Improve solution by repack 0.1569760682612201->0.15689460494490728 , unplacedBoxesSize:3
currentRepackCostTime:11.363s , currentRepackMaxTime:462.045s
Selecting boards with low utilization for repacking...
Completed repack sweep without reducing board count. No-reduction sweeps: 1/3
Selecting boards with low utilization for repacking...
Selecting boards with low utilization for repacking...
iter4		 Improve solution by repack 0.968455220370868->0.16367693496371943 , unplacedBoxesSize:5
currentRepackCostTime:12.696s , currentRepackMaxTime:462.045s
iter17		 Improve solution by repack 0.16367693496371943->0.16106876511690407 , unplacedBoxesSize:5
currentRepackCostTime:12.941s , currentRepackMaxTime:462.045s
iter18		 Improve solution by repack 0.16106876511690407->0.15947040446116637 , unplacedBoxesSize:4
currentRepackCostTime:12.962s , currentRepackMaxTime:462.045s
Selecting boards with low utilization for repacking...
iter1		 Improve solution by repack 0.954280220370868->0.1684239317387799 , unplacedBoxesSize:4
currentRepackCostTime:13.777000000000001s , currentRepackMaxTime:462.045s
iter35		 Improve solution by repack 0.1684239317387799->0.16765503224939532 , unplacedBoxesSize:2
currentRepackCostTime:14.281s , currentRepackMaxTime:462.045s
Selecting boards with low utilization for repacking...
iter3		 Improve solution by repack 0.96734584453104->0.9649423407686105 , unplacedBoxesSize:11
currentRepackCostTime:14.8s , currentRepackMaxTime:462.045s
iter4		 Improve solution by repack 0.9649423407686105->0.20050053748992208 , unplacedBoxesSize:1
currentRepackCostTime:14.806000000000001s , currentRepackMaxTime:462.045s
iter16		 Improve solution by repack 0.20050053748992208->0.1980312281644719 , unplacedBoxesSize:4
currentRepackCostTime:14.913s , currentRepackMaxTime:462.045s
iter18		 Improve solution by repack 0.1980312281644719->0.18467510749798444 , unplacedBoxesSize:3
currentRepackCostTime:14.952s , currentRepackMaxTime:462.045s
iter19		 Improve solution by repack 0.18467510749798444->0.18097755979575383 , unplacedBoxesSize:3
currentRepackCostTime:14.977s , currentRepackMaxTime:462.045s
iter27		 Improve solution by repack 0.18097755979575383->0.1728997581295351 , unplacedBoxesSize:3
currentRepackCostTime:15.114s , currentRepackMaxTime:462.045s
iter28		 Improve solution by repack 0.1728997581295351->0.17145314431604405 , unplacedBoxesSize:4
currentRepackCostTime:15.124s , currentRepackMaxTime:462.045s
iter39		 Improve solution by repack 0.17145314431604405->0.16712946788497715 , unplacedBoxesSize:2
currentRepackCostTime:15.301s , currentRepackMaxTime:462.045s
Selecting boards with low utilization for repacking...
iter5		 Improve solution by repack 0.960661700483741->0.21545518677774791 , unplacedBoxesSize:3
currentRepackCostTime:16.302s , currentRepackMaxTime:462.045s
iter9		 Improve solution by repack 0.21545518677774791->0.21475241870464928 , unplacedBoxesSize:3
currentRepackCostTime:16.35s , currentRepackMaxTime:462.045s
iter35		 Improve solution by repack 0.21475241870464928->0.19903486965869388 , unplacedBoxesSize:4
currentRepackCostTime:16.751s , currentRepackMaxTime:462.045s
iter46		 Improve solution by repack 0.19903486965869388->0.19227055898951895 , unplacedBoxesSize:4
currentRepackCostTime:16.934s , currentRepackMaxTime:462.045s
iter63		 Improve solution by repack 0.19227055898951895->0.18730868718086535 , unplacedBoxesSize:3
currentRepackCostTime:17.229s , currentRepackMaxTime:462.045s
iter71		 Improve solution by repack 0.18730868718086535->0.16712946788497715 , unplacedBoxesSize:2
currentRepackCostTime:17.337s , currentRepackMaxTime:462.045s
iter105		 Improve solution by repack 0.16712946788497715->0.162714324106423 , unplacedBoxesSize:2
currentRepackCostTime:17.774s , currentRepackMaxTime:462.045s
Selecting boards with low utilization for repacking...
iter5		 Improve solution by repack 0.9684382558452028->0.956375806234883 , unplacedBoxesSize:10
currentRepackCostTime:18.41s , currentRepackMaxTime:462.045s
iter6		 Improve solution by repack 0.956375806234883->0.21014478634775596 , unplacedBoxesSize:2
currentRepackCostTime:18.413s , currentRepackMaxTime:462.045s
iter9		 Improve solution by repack 0.21014478634775596->0.18502082773448 , unplacedBoxesSize:4
currentRepackCostTime:18.463s , currentRepackMaxTime:462.045s
iter10		 Improve solution by repack 0.18502082773448->0.17055075920451493 , unplacedBoxesSize:3
currentRepackCostTime:18.47s , currentRepackMaxTime:462.045s
iter20		 Improve solution by repack 0.17055075920451493->0.17006668234345607 , unplacedBoxesSize:3
currentRepackCostTime:18.586000000000002s , currentRepackMaxTime:462.045s
Selecting boards with low utilization for repacking...
iter1		 Improve solution by repack 0.973117441547971->0.9617708613276 , unplacedBoxesSize:13
currentRepackCostTime:19.364s , currentRepackMaxTime:462.045s
iter2		 Improve solution by repack 0.9617708613276->0.9597811408223595 , unplacedBoxesSize:13
currentRepackCostTime:19.383s , currentRepackMaxTime:462.045s
iter3		 Improve solution by repack 0.9597811408223595->0.19240056436441816 , unplacedBoxesSize:4
currentRepackCostTime:19.403s , currentRepackMaxTime:462.045s
iter19		 Improve solution by repack 0.19240056436441816->0.18889394651975275 , unplacedBoxesSize:3
currentRepackCostTime:19.657s , currentRepackMaxTime:462.045s
iter21		 Improve solution by repack 0.18889394651975275->0.18656275194840097 , unplacedBoxesSize:4
currentRepackCostTime:19.68s , currentRepackMaxTime:462.045s
iter23		 Improve solution by repack 0.18656275194840097->0.18441413598495027 , unplacedBoxesSize:4
currentRepackCostTime:19.698s , currentRepackMaxTime:462.045s
iter39		 Improve solution by repack 0.18441413598495027->0.16554790378930395 , unplacedBoxesSize:3
currentRepackCostTime:19.949s , currentRepackMaxTime:462.045s
iter54		 Improve solution by repack 0.16554790378930395->0.16112469766191884 , unplacedBoxesSize:3
currentRepackCostTime:20.173000000000002s , currentRepackMaxTime:462.045s
Selecting boards with low utilization for repacking...
iter1		 Improve solution by repack 0.980836468691212->0.9732848562214458 , unplacedBoxesSize:14
currentRepackCostTime:20.943s , currentRepackMaxTime:462.045s
iter2		 Improve solution by repack 0.9732848562214458->0.19908425154528353 , unplacedBoxesSize:4
currentRepackCostTime:20.973s , currentRepackMaxTime:462.045s
iter9		 Improve solution by repack 0.19908425154528353->0.17734105751142165 , unplacedBoxesSize:4
currentRepackCostTime:21.057000000000002s , currentRepackMaxTime:462.045s
iter10		 Improve solution by repack 0.17734105751142165->0.16742206396130074 , unplacedBoxesSize:2
currentRepackCostTime:21.074s , currentRepackMaxTime:462.045s
iter16		 Improve solution by repack 0.16742206396130074->0.16712946788497715 , unplacedBoxesSize:2
currentRepackCostTime:21.116s , currentRepackMaxTime:462.045s
Selecting boards with low utilization for repacking...
iter1		 Improve solution by repack 0.9716586603063692->0.9656095471647407 , unplacedBoxesSize:12
currentRepackCostTime:21.936s , currentRepackMaxTime:462.045s
iter5		 Improve solution by repack 0.9656095471647407->0.9593123488309594 , unplacedBoxesSize:11
currentRepackCostTime:21.994s , currentRepackMaxTime:462.045s
iter8		 Improve solution by repack 0.9593123488309594->0.25352173474872347 , unplacedBoxesSize:4
currentRepackCostTime:22.019000000000002s , currentRepackMaxTime:462.045s
iter9		 Improve solution by repack 0.25352173474872347->0.23671874496103198 , unplacedBoxesSize:4
currentRepackCostTime:22.051000000000002s , currentRepackMaxTime:462.045s
iter11		 Improve solution by repack 0.23671874496103198->0.21734211233539372 , unplacedBoxesSize:4
currentRepackCostTime:22.081s , currentRepackMaxTime:462.045s
iter13		 Improve solution by repack 0.21734211233539372->0.20336737436173072 , unplacedBoxesSize:3
currentRepackCostTime:22.113s , currentRepackMaxTime:462.045s
iter14		 Improve solution by repack 0.20336737436173072->0.20108047567858103 , unplacedBoxesSize:5
currentRepackCostTime:22.129s , currentRepackMaxTime:462.045s
iter16		 Improve solution by repack 0.20108047567858103->0.1915355415210965 , unplacedBoxesSize:3
currentRepackCostTime:22.158s , currentRepackMaxTime:462.045s
iter48		 Improve solution by repack 0.1915355415210965->0.1888632088148347 , unplacedBoxesSize:4
currentRepackCostTime:22.616s , currentRepackMaxTime:462.045s
iter68		 Improve solution by repack 0.1888632088148347->0.18613074442354208 , unplacedBoxesSize:5
currentRepackCostTime:22.927s , currentRepackMaxTime:462.045s
iter75		 Improve solution by repack 0.18613074442354208->0.17712300120935234 , unplacedBoxesSize:4
currentRepackCostTime:23.038s , currentRepackMaxTime:462.045s
Selecting boards with low utilization for repacking...
Completed repack sweep without reducing board count. No-reduction sweeps: 2/3
Selecting boards with low utilization for repacking...
Selecting boards with low utilization for repacking...
iter7		 Improve solution by repack 0.956187012899758->0.9513933955925826 , unplacedBoxesSize:14
currentRepackCostTime:24.871000000000002s , currentRepackMaxTime:462.045s
iter12		 Improve solution by repack 0.9513933955925826->0.17547685434023114 , unplacedBoxesSize:3
currentRepackCostTime:24.943s , currentRepackMaxTime:462.045s
iter27		 Improve solution by repack 0.17547685434023114->0.17184207874227359 , unplacedBoxesSize:4
currentRepackCostTime:25.177s , currentRepackMaxTime:462.045s
Selecting boards with low utilization for repacking...
iter6		 Improve solution by repack 0.9569336569470573->0.17835682948132223 , unplacedBoxesSize:4
currentRepackCostTime:26.031s , currentRepackMaxTime:462.045s
iter8		 Improve solution by repack 0.17835682948132223->0.17519244154797098 , unplacedBoxesSize:4
currentRepackCostTime:26.079s , currentRepackMaxTime:462.045s
iter17		 Improve solution by repack 0.17519244154797098->0.16969346277882288 , unplacedBoxesSize:4
currentRepackCostTime:26.240000000000002s , currentRepackMaxTime:462.045s
iter25		 Improve solution by repack 0.16969346277882288->0.16935232464391295 , unplacedBoxesSize:3
currentRepackCostTime:26.333000000000002s , currentRepackMaxTime:462.045s
Selecting boards with low utilization for repacking...
iter1		 Improve solution by repack 0.964469517602795->0.9557700382961569 , unplacedBoxesSize:14
currentRepackCostTime:27.083000000000002s , currentRepackMaxTime:462.045s
iter5		 Improve solution by repack 0.9557700382961569->0.17649262631013168 , unplacedBoxesSize:3
currentRepackCostTime:27.151s , currentRepackMaxTime:462.045s
iter11		 Improve solution by repack 0.17649262631013168->0.17547685434023114 , unplacedBoxesSize:3
currentRepackCostTime:27.264s , currentRepackMaxTime:462.045s
Selecting boards with low utilization for repacking...
iter1		 Improve solution by repack 0.9748907753292125->0.9747661448535341 , unplacedBoxesSize:11
currentRepackCostTime:28.209s , currentRepackMaxTime:462.045s
iter2		 Improve solution by repack 0.9747661448535341->0.952402579951626 , unplacedBoxesSize:13
currentRepackCostTime:28.228s , currentRepackMaxTime:462.045s
iter3		 Improve solution by repack 0.952402579951626->0.23056016527815104 , unplacedBoxesSize:3
currentRepackCostTime:28.247s , currentRepackMaxTime:462.045s
iter8		 Improve solution by repack 0.23056016527815104->0.22772272238645525 , unplacedBoxesSize:4
currentRepackCostTime:28.313s , currentRepackMaxTime:462.045s
iter11		 Improve solution by repack 0.22772272238645525->0.22739821284600914 , unplacedBoxesSize:4
currentRepackCostTime:28.344s , currentRepackMaxTime:462.045s
iter14		 Improve solution by repack 0.22739821284600914->0.2188097957538296 , unplacedBoxesSize:3
currentRepackCostTime:28.379s , currentRepackMaxTime:462.045s
iter18		 Improve solution by repack 0.2188097957538296->0.21559052002149962 , unplacedBoxesSize:6
currentRepackCostTime:28.444s , currentRepackMaxTime:462.045s
iter22		 Improve solution by repack 0.21559052002149962->0.2134706732061274 , unplacedBoxesSize:4
currentRepackCostTime:28.524s , currentRepackMaxTime:462.045s
iter31		 Improve solution by repack 0.2134706732061274->0.21011673609244827 , unplacedBoxesSize:5
currentRepackCostTime:28.634s , currentRepackMaxTime:462.045s
iter34		 Improve solution by repack 0.21011673609244827->0.20584570679924752 , unplacedBoxesSize:5
currentRepackCostTime:28.685000000000002s , currentRepackMaxTime:462.045s
iter36		 Improve solution by repack 0.20584570679924752->0.20365560333243754 , unplacedBoxesSize:4
currentRepackCostTime:28.716s , currentRepackMaxTime:462.045s
iter40		 Improve solution by repack 0.20365560333243754->0.19699555227089494 , unplacedBoxesSize:4
currentRepackCostTime:28.773s , currentRepackMaxTime:462.045s
Selecting boards with low utilization for repacking...
iter1		 Improve solution by repack 0.9700082303144316->0.20303816178446654 , unplacedBoxesSize:4
currentRepackCostTime:29.761s , currentRepackMaxTime:462.045s
iter11		 Improve solution by repack 0.20303816178446654->0.196975779360387 , unplacedBoxesSize:5
currentRepackCostTime:29.906000000000002s , currentRepackMaxTime:462.045s
iter13		 Improve solution by repack 0.196975779360387->0.18686744154797097 , unplacedBoxesSize:5
currentRepackCostTime:29.93s , currentRepackMaxTime:462.045s
iter17		 Improve solution by repack 0.18686744154797097->0.18669141359849503 , unplacedBoxesSize:5
currentRepackCostTime:30.02s , currentRepackMaxTime:462.045s
iter35		 Improve solution by repack 0.18669141359849503->0.18271549986562755 , unplacedBoxesSize:5
currentRepackCostTime:30.321s , currentRepackMaxTime:462.045s
iter37		 Improve solution by repack 0.18271549986562755->0.18119507524858908 , unplacedBoxesSize:3
currentRepackCostTime:30.361s , currentRepackMaxTime:462.045s
iter45		 Improve solution by repack 0.18119507524858908->0.1760921123353937 , unplacedBoxesSize:4
currentRepackCostTime:30.45s , currentRepackMaxTime:462.045s
iter50		 Improve solution by repack 0.1760921123353937->0.16945427976350444 , unplacedBoxesSize:3
currentRepackCostTime:30.553s , currentRepackMaxTime:462.045s
iter53		 Improve solution by repack 0.16945427976350444->0.16552354877721043 , unplacedBoxesSize:4
currentRepackCostTime:30.615000000000002s , currentRepackMaxTime:462.045s
iter57		 Improve solution by repack 0.16552354877721043->0.1634966608438592 , unplacedBoxesSize:7
currentRepackCostTime:30.697s , currentRepackMaxTime:462.045s
iter71		 Improve solution by repack 0.1634966608438592->0.1577939398011287 , unplacedBoxesSize:4
currentRepackCostTime:30.959s , currentRepackMaxTime:462.045s
Selecting boards with low utilization for repacking...
iter5		 Improve solution by repack 0.9771887127116365->0.1804168435904327 , unplacedBoxesSize:3
currentRepackCostTime:31.585s , currentRepackMaxTime:462.045s
iter31		 Improve solution by repack 0.1804168435904327->0.17826894651975275 , unplacedBoxesSize:3
currentRepackCostTime:31.946s , currentRepackMaxTime:462.045s
iter41		 Improve solution by repack 0.17826894651975275->0.177386455253964 , unplacedBoxesSize:3
currentRepackCostTime:32.075s , currentRepackMaxTime:462.045s
iter46		 Improve solution by repack 0.177386455253964->0.1756107229239452 , unplacedBoxesSize:3
currentRepackCostTime:32.146s , currentRepackMaxTime:462.045s
iter56		 Improve solution by repack 0.1756107229239452->0.17093417764041924 , unplacedBoxesSize:4
currentRepackCostTime:32.309s , currentRepackMaxTime:462.045s
iter64		 Improve solution by repack 0.17093417764041924->0.16482820814297233 , unplacedBoxesSize:4
currentRepackCostTime:32.401s , currentRepackMaxTime:462.045s
iter65		 Improve solution by repack 0.16482820814297233->0.16026533861865092 , unplacedBoxesSize:5
currentRepackCostTime:32.419000000000004s , currentRepackMaxTime:462.045s
iter67		 Improve solution by repack 0.16026533861865092->0.15932410642300457 , unplacedBoxesSize:4
currentRepackCostTime:32.44s , currentRepackMaxTime:462.045s
iter82		 Improve solution by repack 0.15932410642300457->0.15500638269282452 , unplacedBoxesSize:4
currentRepackCostTime:32.677s , currentRepackMaxTime:462.045s
iter85		 Improve solution by repack 0.15500638269282452->0.14592952163396936 , unplacedBoxesSize:6
currentRepackCostTime:32.724000000000004s , currentRepackMaxTime:462.045s
iter113		 Improve solution by repack 0.14592952163396936->0.14109110454178983 , unplacedBoxesSize:4
currentRepackCostTime:33.259s , currentRepackMaxTime:462.045s
Selecting boards with low utilization for repacking...
iter3		 Improve solution by repack 0.9796528151034669->0.9768147003493685 , unplacedBoxesSize:10
currentRepackCostTime:34.353s , currentRepackMaxTime:462.045s
iter5		 Improve solution by repack 0.9768147003493685->0.16552002149959688 , unplacedBoxesSize:2
currentRepackCostTime:34.369s , currentRepackMaxTime:462.045s
iter8		 Improve solution by repack 0.16552002149959688->0.16173306906745497 , unplacedBoxesSize:3
currentRepackCostTime:34.406s , currentRepackMaxTime:462.045s
iter44		 Improve solution by repack 0.16173306906745497->0.1550329212577264 , unplacedBoxesSize:2
currentRepackCostTime:34.889s , currentRepackMaxTime:462.045s
Selecting boards with low utilization for repacking...
iter2		 Improve solution by repack 0.9846674281107228->0.165465096748186 , unplacedBoxesSize:4
currentRepackCostTime:35.773s , currentRepackMaxTime:462.045s
iter34		 Improve solution by repack 0.165465096748186->0.16427266191883902 , unplacedBoxesSize:3
currentRepackCostTime:36.253s , currentRepackMaxTime:462.045s
iter38		 Improve solution by repack 0.16427266191883902->0.16186072292394516 , unplacedBoxesSize:3
currentRepackCostTime:36.315s , currentRepackMaxTime:462.045s
Selecting boards with low utilization for repacking...
Completed repack sweep without reducing board count. No-reduction sweeps: 3/3
Global repack result: 9 -> 9 boards.
