total number of nestable workpieces：213
Processing color group: 0 (1/2), boxes: 95
Allocated time: 267.6s
searchTime: 1000
Start nesting on the 1th large board, remaining blocks count: 112
Utilization of the 1th large board: 98.92011556033324, Time taken for this board: 1.0010000000000001s
-------------------------------------------------------------------
Start nesting on the 2th large board, remaining blocks count: 105
Utilization of the 2th large board: 98.75764982531578, Time taken for this board: 2.0020000000000002s
-------------------------------------------------------------------
Start nesting on the 3th large board, remaining blocks count: 95
Utilization of the 3th large board: 98.76871136791185, Time taken for this board: 3.0020000000000002s
-------------------------------------------------------------------
Start nesting on the 4th large board, remaining blocks count: 79
Utilization of the 4th large board: 98.49332706261758, Time taken for this board: 4.002s
-------------------------------------------------------------------
Start nesting on the 5th large board, remaining blocks count: 61
Utilization of the 5th large board: 96.79103399623757, Time taken for this board: 4.276s
-------------------------------------------------------------------
Start nesting on the 6th large board, remaining blocks count: 46
Utilization of the 6th large board: 97.9604441010481, Time taken for this board: 4.415s
-------------------------------------------------------------------
Start nesting on the 7th large board, remaining blocks count: 32
Utilization of the 7th large board: 96.57688625369525, Time taken for this board: 4.453s
-------------------------------------------------------------------
Start nesting on the 8th large board, remaining blocks count: 20
Utilization of the 8th large board: 94.75880979575383, Time taken for this board: 4.4750000000000005s
-------------------------------------------------------------------
Start nesting on the 9th large board, remaining blocks count: 6
Utilization of the 9th large board: 41.876259742004834, Time taken for this board: 4.4750000000000005s
-------------------------------------------------------------------
Found solution: 9


Start improving solution by repacking.
Selecting boards with low utilization for repacking...
iter21		 Improve solution by repack 0.4187625974200484->0.41653050255307716 , unplacedBoxesSize:6
currentRepackCostTime:0.377s , currentRepackMaxTime:263.1306338028169s
Selecting boards with low utilization for repacking...
iter5		 Improve solution by repack 0.9589830522708949->0.4556244121203977 , unplacedBoxesSize:7
currentRepackCostTime:1.082s , currentRepackMaxTime:263.1306338028169s
iter1		 Improve solution by repack 0.4556244121203977->0.4360187113679118 , unplacedBoxesSize:8
currentRepackCostTime:1.105s , currentRepackMaxTime:263.1306338028169s
iter5		 Improve solution by repack 0.4360187113679118->0.41573384170921795 , unplacedBoxesSize:7
currentRepackCostTime:1.205s , currentRepackMaxTime:263.1306338028169s
iter2		 Improve solution by repack 0.41573384170921795->0.41438558183284063 , unplacedBoxesSize:7
currentRepackCostTime:1.229s , currentRepackMaxTime:263.1306338028169s
iter11		 Improve solution by repack 0.41438558183284063->0.40413128191346415 , unplacedBoxesSize:7
currentRepackCostTime:1.439s , currentRepackMaxTime:263.1306338028169s
iter9		 Improve solution by repack 0.40413128191346415->0.4012706597688793 , unplacedBoxesSize:7
currentRepackCostTime:1.677s , currentRepackMaxTime:263.1306338028169s
iter3		 Improve solution by repack 0.4012706597688793->0.4007183888739586 , unplacedBoxesSize:6
currentRepackCostTime:1.73s , currentRepackMaxTime:263.1306338028169s
Selecting boards with low utilization for repacking...
iter1		 Improve solution by repack 0.9657688625369524->0.40864720505240526 , unplacedBoxesSize:6
currentRepackCostTime:2.715s , currentRepackMaxTime:263.1306338028169s
iter2		 Improve solution by repack 0.40864720505240526->0.4066905267401236 , unplacedBoxesSize:8
currentRepackCostTime:2.7520000000000002s , currentRepackMaxTime:263.1306338028169s
iter2		 Improve solution by repack 0.4066905267401236->0.4061863410373555 , unplacedBoxesSize:7
currentRepackCostTime:2.791s , currentRepackMaxTime:263.1306338028169s
iter13		 Improve solution by repack 0.4061863410373555->0.40333680462241334 , unplacedBoxesSize:5
currentRepackCostTime:3.116s , currentRepackMaxTime:263.1306338028169s
Selecting boards with low utilization for repacking...
iter5		 Improve solution by repack 0.9692267703574308->0.4297769416823435 , unplacedBoxesSize:7
currentRepackCostTime:3.93s , currentRepackMaxTime:263.1306338028169s
iter3		 Improve solution by repack 0.4297769416823435->0.4249259271701155 , unplacedBoxesSize:6
currentRepackCostTime:3.992s , currentRepackMaxTime:263.1306338028169s
iter6		 Improve solution by repack 0.4249259271701155->0.42196519752754635 , unplacedBoxesSize:8
currentRepackCostTime:4.107s , currentRepackMaxTime:263.1306338028169s
iter6		 Improve solution by repack 0.42196519752754635->0.4020793301531846 , unplacedBoxesSize:7
currentRepackCostTime:4.267s , currentRepackMaxTime:263.1306338028169s
iter6		 Improve solution by repack 0.4020793301531846->0.40127930999731254 , unplacedBoxesSize:6
currentRepackCostTime:4.396s , currentRepackMaxTime:263.1306338028169s
iter17		 Improve solution by repack 0.40127930999731254->0.4004411986025262 , unplacedBoxesSize:7
currentRepackCostTime:4.745s , currentRepackMaxTime:263.1306338028169s
iter12		 Improve solution by repack 0.4004411986025262->0.3985444840096748 , unplacedBoxesSize:9
currentRepackCostTime:5.016s , currentRepackMaxTime:263.1306338028169s
Selecting boards with low utilization for repacking...
iter1		 Improve solution by repack 0.9760875772641764->0.43288212174146734 , unplacedBoxesSize:6
currentRepackCostTime:5.721s , currentRepackMaxTime:263.1306338028169s
iter3		 Improve solution by repack 0.43288212174146734->0.4208218086535877 , unplacedBoxesSize:10
currentRepackCostTime:5.812s , currentRepackMaxTime:263.1306338028169s
iter5		 Improve solution by repack 0.4208218086535877->0.41741101518409035 , unplacedBoxesSize:8
currentRepackCostTime:5.939s , currentRepackMaxTime:263.1306338028169s
iter4		 Improve solution by repack 0.41741101518409035->0.4058631281913464 , unplacedBoxesSize:7
currentRepackCostTime:6.031s , currentRepackMaxTime:263.1306338028169s
iter9		 Improve solution by repack 0.4058631281913464->0.40352677371674284 , unplacedBoxesSize:7
currentRepackCostTime:6.208s , currentRepackMaxTime:263.1306338028169s
Selecting boards with low utilization for repacking...
iter3		 Improve solution by repack 0.9695384305294276->0.41290698065036285 , unplacedBoxesSize:6
currentRepackCostTime:6.964s , currentRepackMaxTime:263.1306338028169s
iter2		 Improve solution by repack 0.41290698065036285->0.41261438457403926 , unplacedBoxesSize:6
currentRepackCostTime:6.9990000000000006s , currentRepackMaxTime:263.1306338028169s
iter17		 Improve solution by repack 0.41261438457403926->0.40839465869389946 , unplacedBoxesSize:7
currentRepackCostTime:7.3660000000000005s , currentRepackMaxTime:263.1306338028169s
iter7		 Improve solution by repack 0.40839465869389946->0.4072073568933083 , unplacedBoxesSize:7
currentRepackCostTime:7.5280000000000005s , currentRepackMaxTime:263.1306338028169s
iter24		 Improve solution by repack 0.4072073568933083->0.3987764915345337 , unplacedBoxesSize:10
currentRepackCostTime:8.029s , currentRepackMaxTime:263.1306338028169s
iter12		 Improve solution by repack 0.3987764915345337->0.39747749260951354 , unplacedBoxesSize:8
currentRepackCostTime:8.335s , currentRepackMaxTime:263.1306338028169s
Selecting boards with low utilization for repacking...
iter5		 Improve solution by repack 0.974920841171728->0.9744860991668907 , unplacedBoxesSize:13
currentRepackCostTime:9.525s , currentRepackMaxTime:263.1306338028169s
iter2		 Improve solution by repack 0.9744860991668907->0.413486461972588 , unplacedBoxesSize:7
currentRepackCostTime:9.573s , currentRepackMaxTime:263.1306338028169s
iter6		 Improve solution by repack 0.413486461972588->0.41335712846009137 , unplacedBoxesSize:7
currentRepackCostTime:9.677s , currentRepackMaxTime:263.1306338028169s
iter8		 Improve solution by repack 0.41335712846009137->0.411474475947326 , unplacedBoxesSize:9
currentRepackCostTime:9.855s , currentRepackMaxTime:263.1306338028169s
iter3		 Improve solution by repack 0.411474475947326->0.40916227156678314 , unplacedBoxesSize:7
currentRepackCostTime:9.907s , currentRepackMaxTime:263.1306338028169s
iter2		 Improve solution by repack 0.40916227156678314->0.402363024052674 , unplacedBoxesSize:6
currentRepackCostTime:9.945s , currentRepackMaxTime:263.1306338028169s
iter9		 Improve solution by repack 0.402363024052674->0.3983546089760817 , unplacedBoxesSize:7
currentRepackCostTime:10.156s , currentRepackMaxTime:263.1306338028169s
iter14		 Improve solution by repack 0.3983546089760817->0.39375050389680194 , unplacedBoxesSize:5
currentRepackCostTime:10.46s , currentRepackMaxTime:263.1306338028169s
iter18		 Improve solution by repack 0.39375050389680194->0.3929935669174953 , unplacedBoxesSize:8
currentRepackCostTime:10.784s , currentRepackMaxTime:263.1306338028169s
iter9		 Improve solution by repack 0.3929935669174953->0.39289450416554694 , unplacedBoxesSize:9
currentRepackCostTime:10.988s , currentRepackMaxTime:263.1306338028169s
iter2		 Improve solution by repack 0.39289450416554694->0.3920371237570546 , unplacedBoxesSize:8
currentRepackCostTime:11.033s , currentRepackMaxTime:263.1306338028169s
iter21		 Improve solution by repack 0.3920371237570546->0.3905245095404461 , unplacedBoxesSize:8
currentRepackCostTime:11.481s , currentRepackMaxTime:263.1306338028169s
iter8		 Improve solution by repack 0.3905245095404461->0.38996106893308247 , unplacedBoxesSize:9
currentRepackCostTime:11.677s , currentRepackMaxTime:263.1306338028169s
iter16		 Improve solution by repack 0.38996106893308247->0.38610193832303147 , unplacedBoxesSize:9
currentRepackCostTime:12.055s , currentRepackMaxTime:263.1306338028169s
Selecting boards with low utilization for repacking...
iter1		 Improve solution by repack 0.9849430126310131->0.3877705085998388 , unplacedBoxesSize:10
currentRepackCostTime:13.208s , currentRepackMaxTime:263.1306338028169s
iter9		 Improve solution by repack 0.3877705085998388->0.3869663732867508 , unplacedBoxesSize:9
currentRepackCostTime:13.447000000000001s , currentRepackMaxTime:263.1306338028169s
iter19		 Improve solution by repack 0.3869663732867508->0.38313188658962644 , unplacedBoxesSize:9
currentRepackCostTime:13.928s , currentRepackMaxTime:263.1306338028169s
Selecting boards with low utilization for repacking...
iter3		 Improve solution by repack 0.9839826323568933->0.4005227089492072 , unplacedBoxesSize:6
currentRepackCostTime:15.354000000000001s , currentRepackMaxTime:263.1306338028169s
iter11		 Improve solution by repack 0.4005227089492072->0.3960995028218221 , unplacedBoxesSize:6
currentRepackCostTime:15.574s , currentRepackMaxTime:263.1306338028169s
Selecting boards with low utilization for repacking...
All low-utilization boards have been repacked once. Restarting repacking process...
Selecting boards with low utilization for repacking...
Selecting boards with low utilization for repacking...
iter1		 Improve solution by repack 0.9700752015587207->0.3960995028218221 , unplacedBoxesSize:6
currentRepackCostTime:17.046s , currentRepackMaxTime:263.1306338028169s
Selecting boards with low utilization for repacking...
iter2		 Improve solution by repack 0.9723894786347755->0.9703656611126041 , unplacedBoxesSize:13
currentRepackCostTime:18.208000000000002s , currentRepackMaxTime:263.1306338028169s
iter1		 Improve solution by repack 0.9703656611126041->0.9658911784466541 , unplacedBoxesSize:15
currentRepackCostTime:18.242s , currentRepackMaxTime:263.1306338028169s
iter1		 Improve solution by repack 0.9658911784466541->0.961182813759742 , unplacedBoxesSize:16
currentRepackCostTime:18.273s , currentRepackMaxTime:263.1306338028169s
iter1		 Improve solution by repack 0.961182813759742->0.40561156275194843 , unplacedBoxesSize:9
currentRepackCostTime:18.303s , currentRepackMaxTime:263.1306338028169s
iter9		 Improve solution by repack 0.40561156275194843->0.4016581564095673 , unplacedBoxesSize:7
currentRepackCostTime:18.535s , currentRepackMaxTime:263.1306338028169s
iter6		 Improve solution by repack 0.4016581564095673->0.3946809493415749 , unplacedBoxesSize:5
currentRepackCostTime:18.676000000000002s , currentRepackMaxTime:263.1306338028169s
iter9		 Improve solution by repack 0.3946809493415749->0.38717868180596615 , unplacedBoxesSize:4
currentRepackCostTime:18.838s , currentRepackMaxTime:263.1306338028169s
iter14		 Improve solution by repack 0.38717868180596615->0.38586082370330554 , unplacedBoxesSize:7
currentRepackCostTime:19.108s , currentRepackMaxTime:263.1306338028169s
iter5		 Improve solution by repack 0.38586082370330554->0.38517065305025533 , unplacedBoxesSize:7
currentRepackCostTime:19.217s , currentRepackMaxTime:263.1306338028169s
iter11		 Improve solution by repack 0.38517065305025533->0.38499798441279226 , unplacedBoxesSize:8
currentRepackCostTime:19.443s , currentRepackMaxTime:263.1306338028169s
iter2		 Improve solution by repack 0.38499798441279226->0.3781256718624026 , unplacedBoxesSize:8
currentRepackCostTime:19.5s , currentRepackMaxTime:263.1306338028169s
iter13		 Improve solution by repack 0.3781256718624026->0.37677590029561947 , unplacedBoxesSize:8
currentRepackCostTime:19.809s , currentRepackMaxTime:263.1306338028169s
iter1		 Improve solution by repack 0.37677590029561947->0.3707919578070411 , unplacedBoxesSize:8
currentRepackCostTime:19.825s , currentRepackMaxTime:263.1306338028169s
Selecting boards with low utilization for repacking...
iter2		 Improve solution by repack 0.9841025597957539->0.38858354608976076 , unplacedBoxesSize:9
currentRepackCostTime:20.684s , currentRepackMaxTime:263.1306338028169s
iter2		 Improve solution by repack 0.38858354608976076->0.38731506987368985 , unplacedBoxesSize:8
currentRepackCostTime:20.726s , currentRepackMaxTime:263.1306338028169s
iter2		 Improve solution by repack 0.38731506987368985->0.3870977223864553 , unplacedBoxesSize:8
currentRepackCostTime:20.776s , currentRepackMaxTime:263.1306338028169s
iter3		 Improve solution by repack 0.3870977223864553->0.3768706328943833 , unplacedBoxesSize:9
currentRepackCostTime:20.845s , currentRepackMaxTime:263.1306338028169s
iter13		 Improve solution by repack 0.3768706328943833->0.3765645995700081 , unplacedBoxesSize:8
currentRepackCostTime:21.121s , currentRepackMaxTime:263.1306338028169s
iter6		 Improve solution by repack 0.3765645995700081->0.37114048642837943 , unplacedBoxesSize:8
currentRepackCostTime:21.28s , currentRepackMaxTime:263.1306338028169s
iter12		 Improve solution by repack 0.37114048642837943->0.37055982934694975 , unplacedBoxesSize:9
currentRepackCostTime:21.603s , currentRepackMaxTime:263.1306338028169s
iter7		 Improve solution by repack 0.37055982934694975->0.36376058183284066 , unplacedBoxesSize:8
currentRepackCostTime:21.765s , currentRepackMaxTime:263.1306338028169s
Selecting boards with low utilization for repacking...
iter4		 Improve solution by repack 0.9793768845740392->0.377766141494222 , unplacedBoxesSize:8
currentRepackCostTime:22.76s , currentRepackMaxTime:263.1306338028169s
Selecting boards with low utilization for repacking...
iter1		 Improve solution by repack 0.980836468691212->0.40004182343456063 , unplacedBoxesSize:8
currentRepackCostTime:23.975s , currentRepackMaxTime:263.1306338028169s
iter5		 Improve solution by repack 0.40004182343456063->0.40000386320881487 , unplacedBoxesSize:6
currentRepackCostTime:24.098s , currentRepackMaxTime:263.1306338028169s
iter9		 Improve solution by repack 0.40000386320881487->0.395408324375168 , unplacedBoxesSize:6
currentRepackCostTime:24.259s , currentRepackMaxTime:263.1306338028169s
iter3		 Improve solution by repack 0.395408324375168->0.3951815708142973 , unplacedBoxesSize:8
currentRepackCostTime:24.324s , currentRepackMaxTime:263.1306338028169s
iter13		 Improve solution by repack 0.3951815708142973->0.38489905267401237 , unplacedBoxesSize:9
currentRepackCostTime:24.642s , currentRepackMaxTime:263.1306338028169s
iter2		 Improve solution by repack 0.38489905267401237->0.38462426095135716 , unplacedBoxesSize:8
currentRepackCostTime:24.697s , currentRepackMaxTime:263.1306338028169s
iter2		 Improve solution by repack 0.38462426095135716->0.3812965264713787 , unplacedBoxesSize:8
currentRepackCostTime:24.731s , currentRepackMaxTime:263.1306338028169s
iter1		 Improve solution by repack 0.3812965264713787->0.3758814834721849 , unplacedBoxesSize:9
currentRepackCostTime:24.769000000000002s , currentRepackMaxTime:263.1306338028169s
iter7		 Improve solution by repack 0.3758814834721849->0.37255307712980384 , unplacedBoxesSize:8
currentRepackCostTime:24.931s , currentRepackMaxTime:263.1306338028169s
Selecting boards with low utilization for repacking...
iter1		 Improve solution by repack 0.9822946150228433->0.3996536079011018 , unplacedBoxesSize:8
currentRepackCostTime:25.914s , currentRepackMaxTime:263.1306338028169s
iter13		 Improve solution by repack 0.3996536079011018->0.3982644114485353 , unplacedBoxesSize:8
currentRepackCostTime:26.178s , currentRepackMaxTime:263.1306338028169s
iter6		 Improve solution by repack 0.3982644114485353->0.39373941816715935 , unplacedBoxesSize:8
currentRepackCostTime:26.336000000000002s , currentRepackMaxTime:263.1306338028169s
iter2		 Improve solution by repack 0.39373941816715935->0.39183384842784197 , unplacedBoxesSize:10
currentRepackCostTime:26.375s , currentRepackMaxTime:263.1306338028169s
iter3		 Improve solution by repack 0.39183384842784197->0.38096823770491806 , unplacedBoxesSize:9
currentRepackCostTime:26.443s , currentRepackMaxTime:263.1306338028169s
iter4		 Improve solution by repack 0.38096823770491806->0.37561416621875837 , unplacedBoxesSize:10
currentRepackCostTime:26.55s , currentRepackMaxTime:263.1306338028169s
iter15		 Improve solution by repack 0.37561416621875837->0.37141225477022305 , unplacedBoxesSize:9
currentRepackCostTime:26.909s , currentRepackMaxTime:263.1306338028169s
Selecting boards with low utilization for repacking...
iter4		 Improve solution by repack 0.983349475947326->0.9833224435635582 , unplacedBoxesSize:11
currentRepackCostTime:28.008s , currentRepackMaxTime:263.1306338028169s
iter3		 Improve solution by repack 0.9833224435635582->0.4107073031443161 , unplacedBoxesSize:5
currentRepackCostTime:28.076s , currentRepackMaxTime:263.1306338028169s
iter4		 Improve solution by repack 0.4107073031443161->0.39944873689868315 , unplacedBoxesSize:9
currentRepackCostTime:28.168s , currentRepackMaxTime:263.1306338028169s
iter1		 Improve solution by repack 0.39944873689868315->0.39068873286750877 , unplacedBoxesSize:9
currentRepackCostTime:28.198s , currentRepackMaxTime:263.1306338028169s
iter3		 Improve solution by repack 0.39068873286750877->0.3900186710561677 , unplacedBoxesSize:9
currentRepackCostTime:28.25s , currentRepackMaxTime:263.1306338028169s
iter10		 Improve solution by repack 0.3900186710561677->0.38596277882289703 , unplacedBoxesSize:8
currentRepackCostTime:28.45s , currentRepackMaxTime:263.1306338028169s
iter3		 Improve solution by repack 0.38596277882289703->0.3849852190271433 , unplacedBoxesSize:8
currentRepackCostTime:28.488s , currentRepackMaxTime:263.1306338028169s
iter20		 Improve solution by repack 0.3849852190271433->0.3798303077129804 , unplacedBoxesSize:8
currentRepackCostTime:28.966s , currentRepackMaxTime:263.1306338028169s
iter11		 Improve solution by repack 0.3798303077129804->0.3763863410373556 , unplacedBoxesSize:8
currentRepackCostTime:29.184s , currentRepackMaxTime:263.1306338028169s
iter2		 Improve solution by repack 0.3763863410373556->0.3736629938188659 , unplacedBoxesSize:9
currentRepackCostTime:29.221s , currentRepackMaxTime:263.1306338028169s
iter17		 Improve solution by repack 0.3736629938188659->0.3727059258263907 , unplacedBoxesSize:8
currentRepackCostTime:29.66s , currentRepackMaxTime:263.1306338028169s
Selecting boards with low utilization for repacking...
iter4		 Improve solution by repack 0.9749254232733137->0.40611898683149694 , unplacedBoxesSize:6
currentRepackCostTime:30.477s , currentRepackMaxTime:263.1306338028169s
iter3		 Improve solution by repack 0.40611898683149694->0.40153201424348295 , unplacedBoxesSize:6
currentRepackCostTime:30.572s , currentRepackMaxTime:263.1306338028169s
iter28		 Improve solution by repack 0.40153201424348295->0.4005709150765923 , unplacedBoxesSize:8
currentRepackCostTime:31.147000000000002s , currentRepackMaxTime:263.1306338028169s
iter8		 Improve solution by repack 0.4005709150765923->0.38777445579145386 , unplacedBoxesSize:9
currentRepackCostTime:31.343s , currentRepackMaxTime:263.1306338028169s
iter4		 Improve solution by repack 0.38777445579145386->0.3860113208814835 , unplacedBoxesSize:7
currentRepackCostTime:31.413s , currentRepackMaxTime:263.1306338028169s
iter8		 Improve solution by repack 0.3860113208814835->0.3785313087879602 , unplacedBoxesSize:8
currentRepackCostTime:31.588s , currentRepackMaxTime:263.1306338028169s
iter3		 Improve solution by repack 0.3785313087879602->0.3757360252620263 , unplacedBoxesSize:9
currentRepackCostTime:31.645s , currentRepackMaxTime:263.1306338028169s
iter6		 Improve solution by repack 0.3757360252620263->0.3703302203708681 , unplacedBoxesSize:6
currentRepackCostTime:31.811s , currentRepackMaxTime:263.1306338028169s
iter23		 Improve solution by repack 0.3703302203708681->0.36899858908895455 , unplacedBoxesSize:8
currentRepackCostTime:32.254s , currentRepackMaxTime:263.1306338028169s
iter28		 Improve solution by repack 0.36899858908895455->0.36389142703574306 , unplacedBoxesSize:8
currentRepackCostTime:32.878s , currentRepackMaxTime:263.1306338028169s
iter1		 Improve solution by repack 0.36389142703574306->0.36332655872077396 , unplacedBoxesSize:8
currentRepackCostTime:32.914s , currentRepackMaxTime:263.1306338028169s
iter10		 Improve solution by repack 0.36332655872077396->0.36275413195377587 , unplacedBoxesSize:6
currentRepackCostTime:33.162s , currentRepackMaxTime:263.1306338028169s
Selecting boards with low utilization for repacking...
All low-utilization boards have been repacked once. Restarting repacking process...
Selecting boards with low utilization for repacking...
Selecting boards with low utilization for repacking...
iter1		 Improve solution by repack 0.9759747043805429->0.36275413195377587 , unplacedBoxesSize:6
currentRepackCostTime:34.646s , currentRepackMaxTime:263.1306338028169s
Selecting boards with low utilization for repacking...
iter1		 Improve solution by repack 0.9778003224939532->0.9749240795485085 , unplacedBoxesSize:14
currentRepackCostTime:35.823s , currentRepackMaxTime:263.1306338028169s
iter1		 Improve solution by repack 0.9749240795485085->0.3876526807309863 , unplacedBoxesSize:6
currentRepackCostTime:35.857s , currentRepackMaxTime:263.1306338028169s
iter11		 Improve solution by repack 0.3876526807309863->0.3860675893576996 , unplacedBoxesSize:8
currentRepackCostTime:36.108000000000004s , currentRepackMaxTime:263.1306338028169s
iter2		 Improve solution by repack 0.3860675893576996->0.3817040110185434 , unplacedBoxesSize:8
currentRepackCostTime:36.154s , currentRepackMaxTime:263.1306338028169s
iter9		 Improve solution by repack 0.3817040110185434->0.38131852996506316 , unplacedBoxesSize:9
currentRepackCostTime:36.304s , currentRepackMaxTime:263.1306338028169s
iter1		 Improve solution by repack 0.38131852996506316->0.3748303547433485 , unplacedBoxesSize:7
currentRepackCostTime:36.325s , currentRepackMaxTime:263.1306338028169s
iter27		 Improve solution by repack 0.3748303547433485->0.3736737436173072 , unplacedBoxesSize:7
currentRepackCostTime:36.902s , currentRepackMaxTime:263.1306338028169s
iter22		 Improve solution by repack 0.3736737436173072->0.3702286011824778 , unplacedBoxesSize:6
currentRepackCostTime:37.426s , currentRepackMaxTime:263.1306338028169s
iter19		 Improve solution by repack 0.3702286011824778->0.3699360051061542 , unplacedBoxesSize:6
currentRepackCostTime:37.816s , currentRepackMaxTime:263.1306338028169s
Selecting boards with low utilization for repacking...
iter5		 Improve solution by repack 0.9787308519215265->0.37123908223595803 , unplacedBoxesSize:7
currentRepackCostTime:38.895s , currentRepackMaxTime:263.1306338028169s
iter4		 Improve solution by repack 0.37123908223595803->0.3702579951625907 , unplacedBoxesSize:6
currentRepackCostTime:38.97s , currentRepackMaxTime:263.1306338028169s
iter16		 Improve solution by repack 0.3702579951625907->0.36993348562214456 , unplacedBoxesSize:6
currentRepackCostTime:39.297000000000004s , currentRepackMaxTime:263.1306338028169s
Selecting boards with low utilization for repacking...
iter1		 Improve solution by repack 0.9800843187315237->0.37760615425960764 , unplacedBoxesSize:7
currentRepackCostTime:39.908s , currentRepackMaxTime:263.1306338028169s
Selecting boards with low utilization for repacking...
iter1		 Improve solution by repack 0.98097134506853->0.3872879434291857 , unplacedBoxesSize:9
currentRepackCostTime:41.064s , currentRepackMaxTime:263.1306338028169s
iter11		 Improve solution by repack 0.3872879434291857->0.3828743113410374 , unplacedBoxesSize:8
currentRepackCostTime:41.292s , currentRepackMaxTime:263.1306338028169s
iter11		 Improve solution by repack 0.3828743113410374->0.38067068664337544 , unplacedBoxesSize:6
currentRepackCostTime:41.543s , currentRepackMaxTime:263.1306338028169s
iter6		 Improve solution by repack 0.38067068664337544->0.3782227559795754 , unplacedBoxesSize:8
currentRepackCostTime:41.675000000000004s , currentRepackMaxTime:263.1306338028169s
iter6		 Improve solution by repack 0.3782227559795754->0.3772451961838215 , unplacedBoxesSize:8
currentRepackCostTime:41.801s , currentRepackMaxTime:263.1306338028169s
Selecting boards with low utilization for repacking...
iter1		 Improve solution by repack 0.9821978298844396->0.37903604541789837 , unplacedBoxesSize:9
currentRepackCostTime:42.894s , currentRepackMaxTime:263.1306338028169s
Selecting boards with low utilization for repacking...
iter2		 Improve solution by repack 0.9846555025530771->0.3831375974200484 , unplacedBoxesSize:7
currentRepackCostTime:44.26s , currentRepackMaxTime:263.1306338028169s
iter2		 Improve solution by repack 0.3831375974200484->0.3803535675893577 , unplacedBoxesSize:9
currentRepackCostTime:44.307s , currentRepackMaxTime:263.1306338028169s
iter8		 Improve solution by repack 0.3803535675893577->0.37903604541789837 , unplacedBoxesSize:9
currentRepackCostTime:44.501s , currentRepackMaxTime:263.1306338028169s
Selecting boards with low utilization for repacking...
iter1		 Improve solution by repack 0.9866783122816448->0.9863538027411987 , unplacedBoxesSize:10
currentRepackCostTime:45.601s , currentRepackMaxTime:263.1306338028169s
iter1		 Improve solution by repack 0.9863538027411987->0.38918167159365763 , unplacedBoxesSize:8
currentRepackCostTime:45.618s , currentRepackMaxTime:263.1306338028169s
iter2		 Improve solution by repack 0.38918167159365763->0.3803535675893577 , unplacedBoxesSize:9
currentRepackCostTime:45.673s , currentRepackMaxTime:263.1306338028169s
iter5		 Improve solution by repack 0.3803535675893577->0.3772196654125235 , unplacedBoxesSize:8
currentRepackCostTime:45.777s , currentRepackMaxTime:263.1306338028169s
iter1		 Improve solution by repack 0.3772196654125235->0.37590214324106425 , unplacedBoxesSize:8
currentRepackCostTime:45.815s , currentRepackMaxTime:263.1306338028169s
iter3		 Improve solution by repack 0.37590214324106425->0.3758252149959688 , unplacedBoxesSize:7
currentRepackCostTime:45.910000000000004s , currentRepackMaxTime:263.1306338028169s
iter4		 Improve solution by repack 0.3758252149959688->0.3661038699274389 , unplacedBoxesSize:8
currentRepackCostTime:45.988s , currentRepackMaxTime:263.1306338028169s
iter21		 Improve solution by repack 0.3661038699274389->0.3638123891427036 , unplacedBoxesSize:8
currentRepackCostTime:46.452s , currentRepackMaxTime:263.1306338028169s
Selecting boards with low utilization for repacking...
All low-utilization boards have been repacked once. Restarting repacking process...
Processing color group: 1 (2/2), boxes: 118
Allocated time: 332.4s
searchTime: 1000
Start nesting on the 1th large board, remaining blocks count: 145
Utilization of the 1th large board: 98.92367643106692, Time taken for this board: 1.0s
-------------------------------------------------------------------
Start nesting on the 2th large board, remaining blocks count: 139
Utilization of the 2th large board: 98.12295081967213, Time taken for this board: 2.0s
-------------------------------------------------------------------
Start nesting on the 3th large board, remaining blocks count: 127
Utilization of the 3th large board: 98.64579414135984, Time taken for this board: 3.0020000000000002s
-------------------------------------------------------------------
Start nesting on the 4th large board, remaining blocks count: 112
Utilization of the 4th large board: 99.46462644450416, Time taken for this board: 4.002s
-------------------------------------------------------------------
Start nesting on the 5th large board, remaining blocks count: 98
Utilization of the 5th large board: 98.63249126578876, Time taken for this board: 5.002s
-------------------------------------------------------------------
Start nesting on the 6th large board, remaining blocks count: 76
Utilization of the 6th large board: 99.30062483203442, Time taken for this board: 5.7250000000000005s
-------------------------------------------------------------------
Start nesting on the 7th large board, remaining blocks count: 62
Utilization of the 7th large board: 98.7832571889277, Time taken for this board: 5.985s
-------------------------------------------------------------------
Start nesting on the 8th large board, remaining blocks count: 46
Utilization of the 8th large board: 98.23364015049717, Time taken for this board: 6.138s
-------------------------------------------------------------------
Start nesting on the 9th large board, remaining blocks count: 30
Utilization of the 9th large board: 97.64854877721044, Time taken for this board: 6.187s
-------------------------------------------------------------------
Start nesting on the 10th large board, remaining blocks count: 14
Utilization of the 10th large board: 64.62691480784736, Time taken for this board: 6.194s
-------------------------------------------------------------------
Found solution: 10


Start improving solution by repacking.
Selecting boards with low utilization for repacking...
Selecting boards with low utilization for repacking...
iter9		 Improve solution by repack 0.9764854877721043->0.6686472050524053 , unplacedBoxesSize:13
currentRepackCostTime:1.0170000000000001s , currentRepackMaxTime:326.2003661971831s
Selecting boards with low utilization for repacking...
iter4		 Improve solution by repack 0.9654269685568395->0.6818839021768341 , unplacedBoxesSize:15
currentRepackCostTime:2.798s , currentRepackMaxTime:326.2003661971831s
iter11		 Improve solution by repack 0.6818839021768341->0.6744134641225478 , unplacedBoxesSize:14
currentRepackCostTime:3.106s , currentRepackMaxTime:326.2003661971831s
iter3		 Improve solution by repack 0.6744134641225478->0.6711149556570815 , unplacedBoxesSize:14
currentRepackCostTime:3.1910000000000003s , currentRepackMaxTime:326.2003661971831s
iter4		 Improve solution by repack 0.6711149556570815->0.6694245498521902 , unplacedBoxesSize:14
currentRepackCostTime:3.3000000000000003s , currentRepackMaxTime:326.2003661971831s
iter12		 Improve solution by repack 0.6694245498521902->0.6686515721580221 , unplacedBoxesSize:12
currentRepackCostTime:3.6270000000000002s , currentRepackMaxTime:326.2003661971831s
iter19		 Improve solution by repack 0.6686515721580221->0.6669054017737167 , unplacedBoxesSize:12
currentRepackCostTime:4.104s , currentRepackMaxTime:326.2003661971831s
iter31		 Improve solution by repack 0.6669054017737167->0.662608841709218 , unplacedBoxesSize:12
currentRepackCostTime:4.936s , currentRepackMaxTime:326.2003661971831s
iter10		 Improve solution by repack 0.662608841709218->0.6616413598495028 , unplacedBoxesSize:11
currentRepackCostTime:5.214s , currentRepackMaxTime:326.2003661971831s
Selecting boards with low utilization for repacking...
iter3		 Improve solution by repack 0.9767522171459285->0.6777721042730448 , unplacedBoxesSize:7
currentRepackCostTime:6.532s , currentRepackMaxTime:326.2003661971831s
iter31		 Improve solution by repack 0.6777721042730448->0.6725060467616232 , unplacedBoxesSize:8
currentRepackCostTime:7.255s , currentRepackMaxTime:326.2003661971831s
Selecting boards with low utilization for repacking...
iter4		 Improve solution by repack 0.9800705455522708->0.6952606826122011 , unplacedBoxesSize:11
currentRepackCostTime:8.256s , currentRepackMaxTime:326.2003661971831s
iter2		 Improve solution by repack 0.6952606826122011->0.6927647137866164 , unplacedBoxesSize:5
currentRepackCostTime:8.314s , currentRepackMaxTime:326.2003661971831s
iter3		 Improve solution by repack 0.6927647137866164->0.6904105079279764 , unplacedBoxesSize:10
currentRepackCostTime:8.354000000000001s , currentRepackMaxTime:326.2003661971831s
iter7		 Improve solution by repack 0.6904105079279764->0.6876746842246708 , unplacedBoxesSize:8
currentRepackCostTime:8.527000000000001s , currentRepackMaxTime:326.2003661971831s
iter5		 Improve solution by repack 0.6876746842246708->0.669899220639613 , unplacedBoxesSize:16
currentRepackCostTime:8.625s , currentRepackMaxTime:326.2003661971831s
iter2		 Improve solution by repack 0.669899220639613->0.668054958344531 , unplacedBoxesSize:19
currentRepackCostTime:8.677s , currentRepackMaxTime:326.2003661971831s
iter15		 Improve solution by repack 0.668054958344531->0.6541410239183015 , unplacedBoxesSize:18
currentRepackCostTime:9.169s , currentRepackMaxTime:326.2003661971831s
iter23		 Improve solution by repack 0.6541410239183015->0.6528402983069068 , unplacedBoxesSize:16
currentRepackCostTime:9.867s , currentRepackMaxTime:326.2003661971831s
iter13		 Improve solution by repack 0.6528402983069068->0.6527912523515184 , unplacedBoxesSize:16
currentRepackCostTime:10.239s , currentRepackMaxTime:326.2003661971831s
Selecting boards with low utilization for repacking...
iter1		 Improve solution by repack 0.9778634775597959->0.6592572561139479 , unplacedBoxesSize:15
currentRepackCostTime:12.327s , currentRepackMaxTime:326.2003661971831s
iter12		 Improve solution by repack 0.6592572561139479->0.6528402983069068 , unplacedBoxesSize:16
currentRepackCostTime:12.716000000000001s , currentRepackMaxTime:326.2003661971831s
Selecting boards with low utilization for repacking...
iter2		 Improve solution by repack 0.9781409567320613->0.6784486697124429 , unplacedBoxesSize:12
currentRepackCostTime:14.415000000000001s , currentRepackMaxTime:326.2003661971831s
iter2		 Improve solution by repack 0.6784486697124429->0.6743476216070948 , unplacedBoxesSize:18
currentRepackCostTime:14.475s , currentRepackMaxTime:326.2003661971831s
iter1		 Improve solution by repack 0.6743476216070948->0.6689683552808384 , unplacedBoxesSize:18
currentRepackCostTime:14.49s , currentRepackMaxTime:326.2003661971831s
iter4		 Improve solution by repack 0.6689683552808384->0.666402848696587 , unplacedBoxesSize:20
currentRepackCostTime:14.615s , currentRepackMaxTime:326.2003661971831s
Selecting boards with low utilization for repacking...
iter4		 Improve solution by repack 0.9763390217683419->0.6688134909970438 , unplacedBoxesSize:19
currentRepackCostTime:16.885s , currentRepackMaxTime:326.2003661971831s
iter12		 Improve solution by repack 0.6688134909970438->0.6594793066380006 , unplacedBoxesSize:16
currentRepackCostTime:17.222s , currentRepackMaxTime:326.2003661971831s
iter23		 Improve solution by repack 0.6594793066380006->0.6593939801128729 , unplacedBoxesSize:19
currentRepackCostTime:17.917s , currentRepackMaxTime:326.2003661971831s
iter1		 Improve solution by repack 0.6593939801128729->0.6533720773985487 , unplacedBoxesSize:22
currentRepackCostTime:17.945s , currentRepackMaxTime:326.2003661971831s
iter7		 Improve solution by repack 0.6533720773985487->0.6515123622682074 , unplacedBoxesSize:20
currentRepackCostTime:18.18s , currentRepackMaxTime:326.2003661971831s
Selecting boards with low utilization for repacking...
iter5		 Improve solution by repack 0.9834110454178984->0.6757645794141359 , unplacedBoxesSize:17
currentRepackCostTime:20.419s , currentRepackMaxTime:326.2003661971831s
iter1		 Improve solution by repack 0.6757645794141359->0.6687741870464929 , unplacedBoxesSize:18
currentRepackCostTime:20.448s , currentRepackMaxTime:326.2003661971831s
iter17		 Improve solution by repack 0.6687741870464929->0.6661532518140285 , unplacedBoxesSize:20
currentRepackCostTime:21.028s , currentRepackMaxTime:326.2003661971831s
iter1		 Improve solution by repack 0.6661532518140285->0.6659795753829616 , unplacedBoxesSize:18
currentRepackCostTime:21.045s , currentRepackMaxTime:326.2003661971831s
iter13		 Improve solution by repack 0.6659795753829616->0.6625927170115561 , unplacedBoxesSize:18
currentRepackCostTime:21.508s , currentRepackMaxTime:326.2003661971831s
iter10		 Improve solution by repack 0.6625927170115561->0.6606419645256651 , unplacedBoxesSize:19
currentRepackCostTime:21.859s , currentRepackMaxTime:326.2003661971831s
iter8		 Improve solution by repack 0.6606419645256651->0.6559829346949745 , unplacedBoxesSize:14
currentRepackCostTime:22.13s , currentRepackMaxTime:326.2003661971831s
Selecting boards with low utilization for repacking...
iter10		 Improve solution by repack 0.983148683149691->0.9783643509809191 , unplacedBoxesSize:19
currentRepackCostTime:23.905s , currentRepackMaxTime:326.2003661971831s
iter4		 Improve solution by repack 0.9783643509809191->0.6603406342381081 , unplacedBoxesSize:18
currentRepackCostTime:24.041s , currentRepackMaxTime:326.2003661971831s
iter10		 Improve solution by repack 0.6603406342381081->0.6523615963450685 , unplacedBoxesSize:18
currentRepackCostTime:24.346s , currentRepackMaxTime:326.2003661971831s
iter1		 Improve solution by repack 0.6523615963450685->0.6519954313356624 , unplacedBoxesSize:17
currentRepackCostTime:24.371000000000002s , currentRepackMaxTime:326.2003661971831s
Selecting boards with low utilization for repacking...
All low-utilization boards have been repacked once. Restarting repacking process...
Selecting boards with low utilization for repacking...
Selecting boards with low utilization for repacking...
iter5		 Improve solution by repack 0.97866668906208->0.6666595001343725 , unplacedBoxesSize:17
currentRepackCostTime:27.224s , currentRepackMaxTime:326.2003661971831s
iter2		 Improve solution by repack 0.6666595001343725->0.6640036280569739 , unplacedBoxesSize:17
currentRepackCostTime:27.279s , currentRepackMaxTime:326.2003661971831s
iter13		 Improve solution by repack 0.6640036280569739->0.6635884170921795 , unplacedBoxesSize:19
currentRepackCostTime:27.675s , currentRepackMaxTime:326.2003661971831s
iter12		 Improve solution by repack 0.6635884170921795->0.6535655737704918 , unplacedBoxesSize:20
currentRepackCostTime:28.034s , currentRepackMaxTime:326.2003661971831s
iter31		 Improve solution by repack 0.6535655737704918->0.6458297500671862 , unplacedBoxesSize:15
currentRepackCostTime:29.093s , currentRepackMaxTime:326.2003661971831s
Selecting boards with low utilization for repacking...
iter1		 Improve solution by repack 0.981346076323569->0.6552264176296694 , unplacedBoxesSize:17
currentRepackCostTime:30.383s , currentRepackMaxTime:326.2003661971831s
iter10		 Improve solution by repack 0.6552264176296694->0.6509432948132223 , unplacedBoxesSize:16
currentRepackCostTime:30.698s , currentRepackMaxTime:326.2003661971831s
iter18		 Improve solution by repack 0.6509432948132223->0.6489868314969094 , unplacedBoxesSize:19
currentRepackCostTime:31.242s , currentRepackMaxTime:326.2003661971831s
iter25		 Improve solution by repack 0.6489868314969094->0.646097151303413 , unplacedBoxesSize:17
currentRepackCostTime:32.05s , currentRepackMaxTime:326.2003661971831s
iter16		 Improve solution by repack 0.646097151303413->0.6442878258532653 , unplacedBoxesSize:17
currentRepackCostTime:32.575s , currentRepackMaxTime:326.2003661971831s
iter16		 Improve solution by repack 0.6442878258532653->0.6441625235151841 , unplacedBoxesSize:19
currentRepackCostTime:33.099000000000004s , currentRepackMaxTime:326.2003661971831s
iter3		 Improve solution by repack 0.6441625235151841->0.6379676162321957 , unplacedBoxesSize:16
currentRepackCostTime:33.168s , currentRepackMaxTime:326.2003661971831s
Selecting boards with low utilization for repacking...
iter2		 Improve solution by repack 0.9780462241332974->0.6612644450416555 , unplacedBoxesSize:9
currentRepackCostTime:34.827s , currentRepackMaxTime:326.2003661971831s
Selecting boards with low utilization for repacking...
iter2		 Improve solution by repack 0.9725214995968826->0.6680563020693362 , unplacedBoxesSize:10
currentRepackCostTime:36.553s , currentRepackMaxTime:326.2003661971831s
iter15		 Improve solution by repack 0.6680563020693362->0.6654279763504434 , unplacedBoxesSize:15
currentRepackCostTime:36.925000000000004s , currentRepackMaxTime:326.2003661971831s
iter12		 Improve solution by repack 0.6654279763504434->0.6615815640956733 , unplacedBoxesSize:16
currentRepackCostTime:37.281s , currentRepackMaxTime:326.2003661971831s
iter15		 Improve solution by repack 0.6615815640956733->0.6510185434023112 , unplacedBoxesSize:13
currentRepackCostTime:37.736000000000004s , currentRepackMaxTime:326.2003661971831s
Selecting boards with low utilization for repacking...
iter1		 Improve solution by repack 0.9821781779091642->0.6790002687449611 , unplacedBoxesSize:18
currentRepackCostTime:39.537s , currentRepackMaxTime:326.2003661971831s
iter13		 Improve solution by repack 0.6790002687449611->0.6785205589895189 , unplacedBoxesSize:20
currentRepackCostTime:39.973s , currentRepackMaxTime:326.2003661971831s
iter4		 Improve solution by repack 0.6785205589895189->0.6774986562751948 , unplacedBoxesSize:22
currentRepackCostTime:40.112s , currentRepackMaxTime:326.2003661971831s
iter7		 Improve solution by repack 0.6774986562751948->0.6710030905670519 , unplacedBoxesSize:25
currentRepackCostTime:40.355000000000004s , currentRepackMaxTime:326.2003661971831s
iter2		 Improve solution by repack 0.6710030905670519->0.66462241332975 , unplacedBoxesSize:26
currentRepackCostTime:40.414s , currentRepackMaxTime:326.2003661971831s
iter2		 Improve solution by repack 0.66462241332975->0.6626632625638269 , unplacedBoxesSize:22
currentRepackCostTime:40.515s , currentRepackMaxTime:326.2003661971831s
iter2		 Improve solution by repack 0.6626632625638269->0.6590130341306101 , unplacedBoxesSize:22
currentRepackCostTime:40.553000000000004s , currentRepackMaxTime:326.2003661971831s
iter6		 Improve solution by repack 0.6590130341306101->0.6564431604407417 , unplacedBoxesSize:16
currentRepackCostTime:40.773s , currentRepackMaxTime:326.2003661971831s
iter2		 Improve solution by repack 0.6564431604407417->0.6561166353130878 , unplacedBoxesSize:16
currentRepackCostTime:40.816s , currentRepackMaxTime:326.2003661971831s
iter2		 Improve solution by repack 0.6561166353130878->0.6533344531040043 , unplacedBoxesSize:19
currentRepackCostTime:40.877s , currentRepackMaxTime:326.2003661971831s
Selecting boards with low utilization for repacking...
iter3		 Improve solution by repack 0.9776095135716205->0.6635756517065305 , unplacedBoxesSize:19
currentRepackCostTime:43.277s , currentRepackMaxTime:326.2003661971831s
Selecting boards with low utilization for repacking...
iter1		 Improve solution by repack 0.9862882961569471->0.671999462510078 , unplacedBoxesSize:19
currentRepackCostTime:45.497s , currentRepackMaxTime:326.2003661971831s
iter2		 Improve solution by repack 0.671999462510078->0.6689613007256113 , unplacedBoxesSize:18
currentRepackCostTime:45.542s , currentRepackMaxTime:326.2003661971831s
iter6		 Improve solution by repack 0.6689613007256113->0.6683183284063424 , unplacedBoxesSize:18
currentRepackCostTime:45.705s , currentRepackMaxTime:326.2003661971831s
iter3		 Improve solution by repack 0.6683183284063424->0.6667703574307982 , unplacedBoxesSize:19
currentRepackCostTime:45.83s , currentRepackMaxTime:326.2003661971831s
iter1		 Improve solution by repack 0.6667703574307982->0.6586334318731524 , unplacedBoxesSize:19
currentRepackCostTime:45.867000000000004s , currentRepackMaxTime:326.2003661971831s
iter19		 Improve solution by repack 0.6586334318731524->0.653470841171728 , unplacedBoxesSize:19
currentRepackCostTime:46.559s , currentRepackMaxTime:326.2003661971831s
Selecting boards with low utilization for repacking...
iter1		 Improve solution by repack 0.9842461703843053->0.9613645525396398 , unplacedBoxesSize:16
currentRepackCostTime:47.834s , currentRepackMaxTime:326.2003661971831s
iter4		 Improve solution by repack 0.9613645525396398->0.9604024455791453 , unplacedBoxesSize:17
currentRepackCostTime:47.932s , currentRepackMaxTime:326.2003661971831s
iter3		 Improve solution by repack 0.9604024455791453->0.660655737704918 , unplacedBoxesSize:18
currentRepackCostTime:48.039s , currentRepackMaxTime:326.2003661971831s
iter4		 Improve solution by repack 0.660655737704918->0.6592952163396937 , unplacedBoxesSize:22
currentRepackCostTime:48.19s , currentRepackMaxTime:326.2003661971831s
iter3		 Improve solution by repack 0.6592952163396937->0.6587456328943833 , unplacedBoxesSize:23
currentRepackCostTime:48.29s , currentRepackMaxTime:326.2003661971831s
iter9		 Improve solution by repack 0.6587456328943833->0.6585077936038699 , unplacedBoxesSize:23
currentRepackCostTime:48.639s , currentRepackMaxTime:326.2003661971831s
iter4		 Improve solution by repack 0.6585077936038699->0.6553523918301533 , unplacedBoxesSize:22
currentRepackCostTime:48.763s , currentRepackMaxTime:326.2003661971831s
iter10		 Improve solution by repack 0.6553523918301533->0.6549381886589626 , unplacedBoxesSize:20
currentRepackCostTime:49.097s , currentRepackMaxTime:326.2003661971831s
iter2		 Improve solution by repack 0.6549381886589626->0.6535669174952969 , unplacedBoxesSize:22
currentRepackCostTime:49.167s , currentRepackMaxTime:326.2003661971831s
iter7		 Improve solution by repack 0.6535669174952969->0.6519719161515721 , unplacedBoxesSize:27
currentRepackCostTime:49.412s , currentRepackMaxTime:326.2003661971831s
iter5		 Improve solution by repack 0.6519719161515721->0.6442387798978769 , unplacedBoxesSize:27
currentRepackCostTime:49.638s , currentRepackMaxTime:326.2003661971831s
iter6		 Improve solution by repack 0.6442387798978769->0.6434231389411448 , unplacedBoxesSize:17
currentRepackCostTime:49.906s , currentRepackMaxTime:326.2003661971831s
iter2		 Improve solution by repack 0.6434231389411448->0.6433992878258532 , unplacedBoxesSize:22
currentRepackCostTime:49.985s , currentRepackMaxTime:326.2003661971831s
iter17		 Improve solution by repack 0.6433992878258532->0.6419826659500134 , unplacedBoxesSize:20
currentRepackCostTime:50.555s , currentRepackMaxTime:326.2003661971831s
iter15		 Improve solution by repack 0.6419826659500134->0.6417915210964794 , unplacedBoxesSize:16
currentRepackCostTime:51.048s , currentRepackMaxTime:326.2003661971831s
iter7		 Improve solution by repack 0.6417915210964794->0.6390886186509003 , unplacedBoxesSize:12
currentRepackCostTime:51.262s , currentRepackMaxTime:326.2003661971831s
Selecting boards with low utilization for repacking...
iter1		 Improve solution by repack 0.9918442622950819->0.6537966944369793 , unplacedBoxesSize:13
currentRepackCostTime:52.488s , currentRepackMaxTime:326.2003661971831s
iter8		 Improve solution by repack 0.6537966944369793->0.6458972722386456 , unplacedBoxesSize:16
currentRepackCostTime:52.695s , currentRepackMaxTime:326.2003661971831s
iter9		 Improve solution by repack 0.6458972722386456->0.640718220908358 , unplacedBoxesSize:17
currentRepackCostTime:52.96s , currentRepackMaxTime:326.2003661971831s
iter20		 Improve solution by repack 0.640718220908358->0.6406819403386187 , unplacedBoxesSize:17
currentRepackCostTime:53.641s , currentRepackMaxTime:326.2003661971831s
Selecting boards with low utilization for repacking...
All low-utilization boards have been repacked once. Restarting repacking process...
Selecting boards with low utilization for repacking...
Selecting boards with low utilization for repacking...
iter4		 Improve solution by repack 0.9794900564364418->0.6482753292125772 , unplacedBoxesSize:15
currentRepackCostTime:57.232s , currentRepackMaxTime:326.2003661971831s
iter3		 Improve solution by repack 0.6482753292125772->0.6458452029024456 , unplacedBoxesSize:17
currentRepackCostTime:57.325s , currentRepackMaxTime:326.2003661971831s
iter4		 Improve solution by repack 0.6458452029024456->0.6410057780166621 , unplacedBoxesSize:16
currentRepackCostTime:57.443s , currentRepackMaxTime:326.2003661971831s
iter11		 Improve solution by repack 0.6410057780166621->0.6351451222789573 , unplacedBoxesSize:15
currentRepackCostTime:57.795s , currentRepackMaxTime:326.2003661971831s
iter25		 Improve solution by repack 0.6351451222789573->0.6328581026605751 , unplacedBoxesSize:15
currentRepackCostTime:58.555s , currentRepackMaxTime:326.2003661971831s
Selecting boards with low utilization for repacking...
iter3		 Improve solution by repack 0.982087476484816->0.661482800322494 , unplacedBoxesSize:11
currentRepackCostTime:60.444s , currentRepackMaxTime:326.2003661971831s
iter20		 Improve solution by repack 0.661482800322494->0.6578668368718087 , unplacedBoxesSize:17
currentRepackCostTime:60.934000000000005s , currentRepackMaxTime:326.2003661971831s
iter5		 Improve solution by repack 0.6578668368718087->0.6529891158290783 , unplacedBoxesSize:17
currentRepackCostTime:61.109s , currentRepackMaxTime:326.2003661971831s
iter4		 Improve solution by repack 0.6529891158290783->0.6522084117172803 , unplacedBoxesSize:15
currentRepackCostTime:61.279s , currentRepackMaxTime:326.2003661971831s
iter8		 Improve solution by repack 0.6522084117172803->0.6408888739586133 , unplacedBoxesSize:14
currentRepackCostTime:61.503s , currentRepackMaxTime:326.2003661971831s
Selecting boards with low utilization for repacking...
iter7		 Improve solution by repack 0.9747893711367912->0.645103130878796 , unplacedBoxesSize:13
currentRepackCostTime:63.661s , currentRepackMaxTime:326.2003661971831s
iter14		 Improve solution by repack 0.645103130878796->0.6440147137866165 , unplacedBoxesSize:13
currentRepackCostTime:64.04s , currentRepackMaxTime:326.2003661971831s
iter8		 Improve solution by repack 0.6440147137866165->0.6414646600376243 , unplacedBoxesSize:14
currentRepackCostTime:64.269s , currentRepackMaxTime:326.2003661971831s
iter8		 Improve solution by repack 0.6414646600376243->0.6409204514915345 , unplacedBoxesSize:15
currentRepackCostTime:64.518s , currentRepackMaxTime:326.2003661971831s
Selecting boards with low utilization for repacking...
iter5		 Improve solution by repack 0.9811357833915614->0.6526713249126579 , unplacedBoxesSize:14
currentRepackCostTime:66.866s , currentRepackMaxTime:326.2003661971831s
Selecting boards with low utilization for repacking...
iter4		 Improve solution by repack 0.9823041521096479->0.6732756651437786 , unplacedBoxesSize:15
currentRepackCostTime:68.82900000000001s , currentRepackMaxTime:326.2003661971831s
iter2		 Improve solution by repack 0.6732756651437786->0.6630660440741737 , unplacedBoxesSize:13
currentRepackCostTime:68.881s , currentRepackMaxTime:326.2003661971831s
iter23		 Improve solution by repack 0.6630660440741737->0.6582581967213115 , unplacedBoxesSize:14
currentRepackCostTime:69.541s , currentRepackMaxTime:326.2003661971831s
iter20		 Improve solution by repack 0.6582581967213115->0.6552546358505779 , unplacedBoxesSize:13
currentRepackCostTime:70.122s , currentRepackMaxTime:326.2003661971831s
iter8		 Improve solution by repack 0.6552546358505779->0.6499623757054556 , unplacedBoxesSize:12
currentRepackCostTime:70.37s , currentRepackMaxTime:326.2003661971831s
iter15		 Improve solution by repack 0.6499623757054556->0.6437520155872077 , unplacedBoxesSize:13
currentRepackCostTime:70.74s , currentRepackMaxTime:326.2003661971831s
Selecting boards with low utilization for repacking...
iter1		 Improve solution by repack 0.9801363880677237->0.6598978769148078 , unplacedBoxesSize:9
currentRepackCostTime:71.831s , currentRepackMaxTime:326.2003661971831s
iter17		 Improve solution by repack 0.6598978769148078->0.6569020424617038 , unplacedBoxesSize:11
currentRepackCostTime:72.254s , currentRepackMaxTime:326.2003661971831s
Selecting boards with low utilization for repacking...
iter1		 Improve solution by repack 0.9830327868852459->0.6684849502821822 , unplacedBoxesSize:11
currentRepackCostTime:73.734s , currentRepackMaxTime:326.2003661971831s
iter19		 Improve solution by repack 0.6684849502821822->0.668315640956732 , unplacedBoxesSize:15
currentRepackCostTime:74.278s , currentRepackMaxTime:326.2003661971831s
iter14		 Improve solution by repack 0.668315640956732->0.6647030368180596 , unplacedBoxesSize:12
currentRepackCostTime:74.703s , currentRepackMaxTime:326.2003661971831s
iter4		 Improve solution by repack 0.6647030368180596->0.6630704111797904 , unplacedBoxesSize:13
currentRepackCostTime:74.8s , currentRepackMaxTime:326.2003661971831s
iter23		 Improve solution by repack 0.6630704111797904->0.6628090567051867 , unplacedBoxesSize:12
currentRepackCostTime:75.441s , currentRepackMaxTime:326.2003661971831s
iter10		 Improve solution by repack 0.6628090567051867->0.6594154797097554 , unplacedBoxesSize:17
currentRepackCostTime:75.721s , currentRepackMaxTime:326.2003661971831s
iter21		 Improve solution by repack 0.6594154797097554->0.6575315775329212 , unplacedBoxesSize:13
currentRepackCostTime:76.455s , currentRepackMaxTime:326.2003661971831s
iter18		 Improve solution by repack 0.6575315775329212->0.657277613544746 , unplacedBoxesSize:11
currentRepackCostTime:77.006s , currentRepackMaxTime:326.2003661971831s
Selecting boards with low utilization for repacking...
iter3		 Improve solution by repack 0.9785326525127654->0.6755247245364149 , unplacedBoxesSize:11
currentRepackCostTime:79.045s , currentRepackMaxTime:326.2003661971831s
iter13		 Improve solution by repack 0.6755247245364149->0.6689256920182747 , unplacedBoxesSize:13
currentRepackCostTime:79.373s , currentRepackMaxTime:326.2003661971831s
iter17		 Improve solution by repack 0.6689256920182747->0.6676555361461972 , unplacedBoxesSize:18
currentRepackCostTime:79.846s , currentRepackMaxTime:326.2003661971831s
iter15		 Improve solution by repack 0.6676555361461972->0.6647379736629938 , unplacedBoxesSize:17
currentRepackCostTime:80.308s , currentRepackMaxTime:326.2003661971831s
iter17		 Improve solution by repack 0.6647379736629938->0.6623911582907821 , unplacedBoxesSize:13
currentRepackCostTime:80.902s , currentRepackMaxTime:326.2003661971831s
iter24		 Improve solution by repack 0.6623911582907821->0.662340096748186 , unplacedBoxesSize:11
currentRepackCostTime:81.552s , currentRepackMaxTime:326.2003661971831s
iter20		 Improve solution by repack 0.662340096748186->0.6590110185434023 , unplacedBoxesSize:16
currentRepackCostTime:82.031s , currentRepackMaxTime:326.2003661971831s
Selecting boards with low utilization for repacking...
iter1		 Improve solution by repack 0.9813074442354206->0.6650006718624026 , unplacedBoxesSize:16
currentRepackCostTime:84.269s , currentRepackMaxTime:326.2003661971831s
iter1		 Improve solution by repack 0.6650006718624026->0.6633038833646869 , unplacedBoxesSize:13
currentRepackCostTime:84.316s , currentRepackMaxTime:326.2003661971831s
iter1		 Improve solution by repack 0.6633038833646869->0.6611552674012362 , unplacedBoxesSize:11
currentRepackCostTime:84.33s , currentRepackMaxTime:326.2003661971831s
Selecting boards with low utilization for repacking...
All low-utilization boards have been repacked once. Restarting repacking process...
