total number of nestable workpieces：922
Start priority-first combined packing.
Start nesting on the 1th large board, remaining blocks count: 209
Utilization of the 1th large board: 94.32306275194841, Time taken for this board: 2.93s
-------------------------------------------------------------------
Start nesting on the 2th large board, remaining blocks count: 209
Utilization of the 2th large board: 94.32306275194841, Time taken for this board: 5.682s
-------------------------------------------------------------------
Start nesting on the 3th large board, remaining blocks count: 207
Utilization of the 3th large board: 92.6847621607095, Time taken for this board: 8.353s
-------------------------------------------------------------------
Start nesting on the 4th large board, remaining blocks count: 207
Utilization of the 4th large board: 92.6847621607095, Time taken for this board: 11.004s
-------------------------------------------------------------------
Start nesting on the 5th large board, remaining blocks count: 206
Utilization of the 5th large board: 97.16964297231927, Time taken for this board: 13.68s
-------------------------------------------------------------------
Start nesting on the 6th large board, remaining blocks count: 204
Utilization of the 6th large board: 96.73320343993551, Time taken for this board: 16.131s
-------------------------------------------------------------------
Start nesting on the 7th large board, remaining blocks count: 200
Utilization of the 7th large board: 94.31577532921257, Time taken for this board: 17.911s
-------------------------------------------------------------------
Start nesting on the 8th large board, remaining blocks count: 200
Utilization of the 8th large board: 94.31577532921257, Time taken for this board: 19.703s
-------------------------------------------------------------------
Start nesting on the 9th large board, remaining blocks count: 200
Utilization of the 9th large board: 94.31577532921257, Time taken for this board: 21.502s
-------------------------------------------------------------------
Start nesting on the 10th large board, remaining blocks count: 200
Utilization of the 10th large board: 94.31577532921257, Time taken for this board: 23.306s
-------------------------------------------------------------------
Start nesting on the 11th large board, remaining blocks count: 198
Utilization of the 11th large board: 92.13779897876914, Time taken for this board: 25.063s
-------------------------------------------------------------------
Start nesting on the 12th large board, remaining blocks count: 198
Utilization of the 12th large board: 92.13779897876914, Time taken for this board: 26.819s
-------------------------------------------------------------------
Start nesting on the 13th large board, remaining blocks count: 198
Utilization of the 13th large board: 92.13779897876914, Time taken for this board: 28.613s
-------------------------------------------------------------------
Start nesting on the 14th large board, remaining blocks count: 198
Utilization of the 14th large board: 92.13779897876914, Time taken for this board: 30.237000000000002s
-------------------------------------------------------------------
Start nesting on the 15th large board, remaining blocks count: 197
Utilization of the 15th large board: 92.95691682343455, Time taken for this board: 31.739s
-------------------------------------------------------------------
Start nesting on the 16th large board, remaining blocks count: 195
Utilization of the 16th large board: 89.02492609513573, Time taken for this board: 32.826s
-------------------------------------------------------------------
Start nesting on the 17th large board, remaining blocks count: 195
Utilization of the 17th large board: 89.02492609513573, Time taken for this board: 33.887s
-------------------------------------------------------------------
Start nesting on the 18th large board, remaining blocks count: 193
Utilization of the 18th large board: 90.168486294007, Time taken for this board: 34.955s
-------------------------------------------------------------------
Start nesting on the 19th large board, remaining blocks count: 192
Utilization of the 19th large board: 90.28970706799247, Time taken for this board: 36.026s
-------------------------------------------------------------------
Start nesting on the 20th large board, remaining blocks count: 192
Utilization of the 20th large board: 90.28970706799247, Time taken for this board: 37.084s
-------------------------------------------------------------------
Start nesting on the 21th large board, remaining blocks count: 189
Utilization of the 21th large board: 90.64957336737436, Time taken for this board: 38.313s
-------------------------------------------------------------------
Start nesting on the 22th large board, remaining blocks count: 189
Utilization of the 22th large board: 90.64957336737436, Time taken for this board: 39.481s
-------------------------------------------------------------------
Start nesting on the 23th large board, remaining blocks count: 185
Utilization of the 23th large board: 97.25127653856491, Time taken for this board: 40.746s
-------------------------------------------------------------------
Start nesting on the 24th large board, remaining blocks count: 181
Utilization of the 24th large board: 97.2252082773448, Time taken for this board: 41.992s
-------------------------------------------------------------------
Start nesting on the 25th large board, remaining blocks count: 177
Utilization of the 25th large board: 96.72897070679925, Time taken for this board: 43.203s
-------------------------------------------------------------------
Start nesting on the 26th large board, remaining blocks count: 175
Utilization of the 26th large board: 96.59147406611126, Time taken for this board: 44.404s
-------------------------------------------------------------------
Start nesting on the 27th large board, remaining blocks count: 175
Utilization of the 27th large board: 96.59147406611126, Time taken for this board: 45.594s
-------------------------------------------------------------------
Start nesting on the 28th large board, remaining blocks count: 172
Utilization of the 28th large board: 96.91584923407687, Time taken for this board: 47.117000000000004s
-------------------------------------------------------------------
Start nesting on the 29th large board, remaining blocks count: 170
Utilization of the 29th large board: 96.28490325181403, Time taken for this board: 48.606s
-------------------------------------------------------------------
Start nesting on the 30th large board, remaining blocks count: 166
Utilization of the 30th large board: 96.01666218758399, Time taken for this board: 50.039s
-------------------------------------------------------------------
Start nesting on the 31th large board, remaining blocks count: 164
Utilization of the 31th large board: 95.75661784466541, Time taken for this board: 51.453s
-------------------------------------------------------------------
Start nesting on the 32th large board, remaining blocks count: 164
Utilization of the 32th large board: 95.75661784466541, Time taken for this board: 52.889s
-------------------------------------------------------------------
Start nesting on the 33th large board, remaining blocks count: 162
Utilization of the 33th large board: 95.69457135178716, Time taken for this board: 54.279s
-------------------------------------------------------------------
Start nesting on the 34th large board, remaining blocks count: 162
Utilization of the 34th large board: 95.69457135178716, Time taken for this board: 55.687s
-------------------------------------------------------------------
Start nesting on the 35th large board, remaining blocks count: 158
Utilization of the 35th large board: 95.65123622682076, Time taken for this board: 57.067s
-------------------------------------------------------------------
Start nesting on the 36th large board, remaining blocks count: 156
Utilization of the 36th large board: 95.5236159634507, Time taken for this board: 58.35s
-------------------------------------------------------------------
Start nesting on the 37th large board, remaining blocks count: 154
Utilization of the 37th large board: 95.20723595807578, Time taken for this board: 59.604s
-------------------------------------------------------------------
Start nesting on the 38th large board, remaining blocks count: 152
Utilization of the 38th large board: 95.18758398280032, Time taken for this board: 60.822s
-------------------------------------------------------------------
Start nesting on the 39th large board, remaining blocks count: 150
Utilization of the 39th large board: 94.96254367105617, Time taken for this board: 62.016s
-------------------------------------------------------------------
Start nesting on the 40th large board, remaining blocks count: 147
Utilization of the 40th large board: 88.64391292663262, Time taken for this board: 62.542s
-------------------------------------------------------------------
Start nesting on the 41th large board, remaining blocks count: 147
Utilization of the 41th large board: 88.64391292663262, Time taken for this board: 63.066s
-------------------------------------------------------------------
Start nesting on the 42th large board, remaining blocks count: 144
Utilization of the 42th large board: 99.05331228164471, Time taken for this board: 64.072s
-------------------------------------------------------------------
Start nesting on the 43th large board, remaining blocks count: 138
Utilization of the 43th large board: 98.85514646600376, Time taken for this board: 65.008s
-------------------------------------------------------------------
Start nesting on the 44th large board, remaining blocks count: 134
Utilization of the 44th large board: 98.67508734211233, Time taken for this board: 65.928s
-------------------------------------------------------------------
Start nesting on the 45th large board, remaining blocks count: 132
Utilization of the 45th large board: 99.00483740929857, Time taken for this board: 66.82900000000001s
-------------------------------------------------------------------
Start nesting on the 46th large board, remaining blocks count: 128
Utilization of the 46th large board: 99.25396398817523, Time taken for this board: 67.32000000000001s
-------------------------------------------------------------------
Start nesting on the 47th large board, remaining blocks count: 122
Utilization of the 47th large board: 99.07521499596884, Time taken for this board: 67.778s
-------------------------------------------------------------------
Start nesting on the 48th large board, remaining blocks count: 120
Utilization of the 48th large board: 98.27593388873957, Time taken for this board: 68.20700000000001s
-------------------------------------------------------------------
Start nesting on the 49th large board, remaining blocks count: 114
Utilization of the 49th large board: 98.06100510615425, Time taken for this board: 68.599s
-------------------------------------------------------------------
Start nesting on the 50th large board, remaining blocks count: 110
Utilization of the 50th large board: 98.03715399086268, Time taken for this board: 68.96000000000001s
-------------------------------------------------------------------
Start nesting on the 51th large board, remaining blocks count: 108
Utilization of the 51th large board: 98.02116366568127, Time taken for this board: 69.308s
-------------------------------------------------------------------
Start nesting on the 52th large board, remaining blocks count: 104
Utilization of the 52th large board: 98.2900765923139, Time taken for this board: 69.636s
-------------------------------------------------------------------
Start nesting on the 53th large board, remaining blocks count: 98
Utilization of the 53th large board: 98.32803681805966, Time taken for this board: 69.932s
-------------------------------------------------------------------
Start nesting on the 54th large board, remaining blocks count: 94
Utilization of the 54th large board: 98.01934963719431, Time taken for this board: 70.208s
-------------------------------------------------------------------
Start nesting on the 55th large board, remaining blocks count: 90
Utilization of the 55th large board: 97.56725342649825, Time taken for this board: 70.496s
-------------------------------------------------------------------
Start nesting on the 56th large board, remaining blocks count: 88
Utilization of the 56th large board: 97.90308384842785, Time taken for this board: 70.742s
-------------------------------------------------------------------
Start nesting on the 57th large board, remaining blocks count: 86
Utilization of the 57th large board: 97.69413464122547, Time taken for this board: 70.978s
-------------------------------------------------------------------
Start nesting on the 58th large board, remaining blocks count: 82
Utilization of the 58th large board: 97.36361193227627, Time taken for this board: 71.184s
-------------------------------------------------------------------
Start nesting on the 59th large board, remaining blocks count: 80
Utilization of the 59th large board: 96.76269819940876, Time taken for this board: 71.386s
-------------------------------------------------------------------
Start nesting on the 60th large board, remaining blocks count: 78
Utilization of the 60th large board: 96.64602929320075, Time taken for this board: 71.568s
-------------------------------------------------------------------
Start nesting on the 61th large board, remaining blocks count: 76
Utilization of the 61th large board: 96.33280704111797, Time taken for this board: 71.736s
-------------------------------------------------------------------
Start nesting on the 62th large board, remaining blocks count: 70
Utilization of the 62th large board: 95.69070814297231, Time taken for this board: 71.887s
-------------------------------------------------------------------
Start nesting on the 63th large board, remaining blocks count: 68
Utilization of the 63th large board: 95.56026605751143, Time taken for this board: 72.038s
-------------------------------------------------------------------
Start nesting on the 64th large board, remaining blocks count: 66
Utilization of the 64th large board: 95.65140419242138, Time taken for this board: 72.178s
-------------------------------------------------------------------
Start nesting on the 65th large board, remaining blocks count: 62
Utilization of the 65th large board: 95.20169309325449, Time taken for this board: 72.244s
-------------------------------------------------------------------
Start nesting on the 66th large board, remaining blocks count: 60
Utilization of the 66th large board: 95.1649758129535, Time taken for this board: 72.305s
-------------------------------------------------------------------
Start nesting on the 67th large board, remaining blocks count: 58
Utilization of the 67th large board: 94.87516796560065, Time taken for this board: 72.364s
-------------------------------------------------------------------
Start nesting on the 68th large board, remaining blocks count: 54
Utilization of the 68th large board: 94.63517871539908, Time taken for this board: 72.417s
-------------------------------------------------------------------
Start nesting on the 69th large board, remaining blocks count: 54
Utilization of the 69th large board: 94.63517871539908, Time taken for this board: 72.471s
-------------------------------------------------------------------
Start nesting on the 70th large board, remaining blocks count: 54
Utilization of the 70th large board: 94.63517871539908, Time taken for this board: 72.524s
-------------------------------------------------------------------
Start nesting on the 71th large board, remaining blocks count: 50
Utilization of the 71th large board: 94.36468691212039, Time taken for this board: 72.571s
-------------------------------------------------------------------
Start nesting on the 72th large board, remaining blocks count: 46
Utilization of the 72th large board: 93.97292394517602, Time taken for this board: 72.611s
-------------------------------------------------------------------
Start nesting on the 73th large board, remaining blocks count: 42
Utilization of the 73th large board: 93.77149959688256, Time taken for this board: 72.645s
-------------------------------------------------------------------
Start nesting on the 74th large board, remaining blocks count: 38
Utilization of the 74th large board: 94.26955119591508, Time taken for this board: 72.678s
-------------------------------------------------------------------
Start nesting on the 75th large board, remaining blocks count: 32
Utilization of the 75th large board: 95.15896264445043, Time taken for this board: 72.68900000000001s
-------------------------------------------------------------------
Start nesting on the 76th large board, remaining blocks count: 30
Utilization of the 76th large board: 95.57188927707605, Time taken for this board: 72.69800000000001s
-------------------------------------------------------------------
Start nesting on the 77th large board, remaining blocks count: 26
Utilization of the 77th large board: 93.76189196452567, Time taken for this board: 72.705s
-------------------------------------------------------------------
Start nesting on the 78th large board, remaining blocks count: 20
Utilization of the 78th large board: 96.30287557108305, Time taken for this board: 72.71300000000001s
-------------------------------------------------------------------
Start nesting on the 79th large board, remaining blocks count: 18
Utilization of the 79th large board: 91.17347487234613, Time taken for this board: 72.72s
-------------------------------------------------------------------
Start nesting on the 80th large board, remaining blocks count: 12
Utilization of the 80th large board: 86.97057242676699, Time taken for this board: 72.721s
-------------------------------------------------------------------
Start nesting on the 81th large board, remaining blocks count: 4
Utilization of the 81th large board: 63.158290782047835, Time taken for this board: 72.721s
-------------------------------------------------------------------
Start nesting on the 82th large board, remaining blocks count: 2
Utilization of the 82th large board: 51.85743079817254, Time taken for this board: 72.721s
-------------------------------------------------------------------
Start nesting on the 83th large board, remaining blocks count: 2
Utilization of the 83th large board: 17.285810266057513, Time taken for this board: 72.721s
-------------------------------------------------------------------
Start global repack optimization for 83 boards, time=290.161s.
Start improving solution by repacking.
Selecting boards with low utilization for repacking...
iter42		 Improve solution by repack 0.17285810266057514->0.0 , unplacedBoxesSize:0
currentRepackCostTime:0.076s , currentRepackMaxTime:290.161s
Improved success.
Global repack result: 83 -> 82 boards.
Start nesting on the 1th large board, remaining blocks count: 223
Utilization of the 1th large board: 98.75628191346411, Time taken for this board: 3.238s
-------------------------------------------------------------------
Start nesting on the 2th large board, remaining blocks count: 218
Utilization of the 2th large board: 97.45404461166353, Time taken for this board: 7.097s
-------------------------------------------------------------------
Start nesting on the 3th large board, remaining blocks count: 213
Utilization of the 3th large board: 99.69752754635851, Time taken for this board: 12.963000000000001s
-------------------------------------------------------------------
Start nesting on the 4th large board, remaining blocks count: 205
Utilization of the 4th large board: 99.75893576995432, Time taken for this board: 17.55s
-------------------------------------------------------------------
Start nesting on the 5th large board, remaining blocks count: 203
Utilization of the 5th large board: 98.63386858371405, Time taken for this board: 22.347s
-------------------------------------------------------------------
Start nesting on the 6th large board, remaining blocks count: 197
Utilization of the 6th large board: 99.2100241870465, Time taken for this board: 25.917s
-------------------------------------------------------------------
Start nesting on the 7th large board, remaining blocks count: 196
Utilization of the 7th large board: 98.800524052674, Time taken for this board: 29.979s
-------------------------------------------------------------------
Start nesting on the 8th large board, remaining blocks count: 182
Utilization of the 8th large board: 99.28466809997312, Time taken for this board: 33.935s
-------------------------------------------------------------------
Start nesting on the 9th large board, remaining blocks count: 175
Utilization of the 9th large board: 99.0939599570008, Time taken for this board: 37.437s
-------------------------------------------------------------------
Start nesting on the 10th large board, remaining blocks count: 168
Utilization of the 10th large board: 99.54531711905403, Time taken for this board: 40.351s
-------------------------------------------------------------------
Start nesting on the 11th large board, remaining blocks count: 165
Utilization of the 11th large board: 99.30334587476486, Time taken for this board: 42.78s
-------------------------------------------------------------------
Start nesting on the 12th large board, remaining blocks count: 156
Utilization of the 12th large board: 99.10098091910777, Time taken for this board: 45.302s
-------------------------------------------------------------------
Start nesting on the 13th large board, remaining blocks count: 146
Utilization of the 13th large board: 99.05485881295351, Time taken for this board: 48.073s
-------------------------------------------------------------------
Start nesting on the 14th large board, remaining blocks count: 138
Utilization of the 14th large board: 98.92911851652781, Time taken for this board: 50.138s
-------------------------------------------------------------------
Start nesting on the 15th large board, remaining blocks count: 128
Utilization of the 15th large board: 98.85343321687718, Time taken for this board: 51.023s
-------------------------------------------------------------------
Start nesting on the 16th large board, remaining blocks count: 128
Utilization of the 16th large board: 98.85343321687718, Time taken for this board: 51.902s
-------------------------------------------------------------------
Start nesting on the 17th large board, remaining blocks count: 122
Utilization of the 17th large board: 98.98757054555227, Time taken for this board: 52.659s
-------------------------------------------------------------------
Start nesting on the 18th large board, remaining blocks count: 118
Utilization of the 18th large board: 98.37921341914137, Time taken for this board: 53.392s
-------------------------------------------------------------------
Start nesting on the 19th large board, remaining blocks count: 112
Utilization of the 19th large board: 97.9321083042193, Time taken for this board: 54.024s
-------------------------------------------------------------------
Start nesting on the 20th large board, remaining blocks count: 108
Utilization of the 20th large board: 97.7210427304488, Time taken for this board: 54.588s
-------------------------------------------------------------------
Start nesting on the 21th large board, remaining blocks count: 98
Utilization of the 21th large board: 98.69309325450148, Time taken for this board: 55.018s
-------------------------------------------------------------------
Start nesting on the 22th large board, remaining blocks count: 94
Utilization of the 22th large board: 97.76357162053212, Time taken for this board: 55.411s
-------------------------------------------------------------------
Start nesting on the 23th large board, remaining blocks count: 86
Utilization of the 23th large board: 97.56597688793335, Time taken for this board: 55.788000000000004s
-------------------------------------------------------------------
Start nesting on the 24th large board, remaining blocks count: 82
Utilization of the 24th large board: 97.82975006718624, Time taken for this board: 56.042s
-------------------------------------------------------------------
Start nesting on the 25th large board, remaining blocks count: 76
Utilization of the 25th large board: 96.38914270357431, Time taken for this board: 56.228s
-------------------------------------------------------------------
Start nesting on the 26th large board, remaining blocks count: 70
Utilization of the 26th large board: 94.79093080300994, Time taken for this board: 56.397s
-------------------------------------------------------------------
Start nesting on the 27th large board, remaining blocks count: 62
Utilization of the 27th large board: 96.06164337543672, Time taken for this board: 56.466s
-------------------------------------------------------------------
Start nesting on the 28th large board, remaining blocks count: 56
Utilization of the 28th large board: 94.55304353668367, Time taken for this board: 56.528s
-------------------------------------------------------------------
Start nesting on the 29th large board, remaining blocks count: 52
Utilization of the 29th large board: 97.18902848696587, Time taken for this board: 56.588s
-------------------------------------------------------------------
Start nesting on the 30th large board, remaining blocks count: 42
Utilization of the 30th large board: 94.43506449879065, Time taken for this board: 56.626s
-------------------------------------------------------------------
Start nesting on the 31th large board, remaining blocks count: 38
Utilization of the 31th large board: 91.78507121741468, Time taken for this board: 56.656s
-------------------------------------------------------------------
Start nesting on the 32th large board, remaining blocks count: 36
Utilization of the 32th large board: 91.02452297769416, Time taken for this board: 56.689s
-------------------------------------------------------------------
Start nesting on the 33th large board, remaining blocks count: 32
Utilization of the 33th large board: 89.50053748992207, Time taken for this board: 56.702s
-------------------------------------------------------------------
Start nesting on the 34th large board, remaining blocks count: 32
Utilization of the 34th large board: 89.50053748992207, Time taken for this board: 56.714s
-------------------------------------------------------------------
Start nesting on the 35th large board, remaining blocks count: 30
Utilization of the 35th large board: 89.39653319000269, Time taken for this board: 56.726s
-------------------------------------------------------------------
Start nesting on the 36th large board, remaining blocks count: 26
Utilization of the 36th large board: 91.45323837678043, Time taken for this board: 56.738s
-------------------------------------------------------------------
Start nesting on the 37th large board, remaining blocks count: 24
Utilization of the 37th large board: 84.22876914807847, Time taken for this board: 56.752s
-------------------------------------------------------------------
Start nesting on the 38th large board, remaining blocks count: 24
Utilization of the 38th large board: 82.41111260413867, Time taken for this board: 56.767s
-------------------------------------------------------------------
Start nesting on the 39th large board, remaining blocks count: 20
Utilization of the 39th large board: 85.96439129266327, Time taken for this board: 56.782000000000004s
-------------------------------------------------------------------
Start nesting on the 40th large board, remaining blocks count: 18
Utilization of the 40th large board: 80.0462241332975, Time taken for this board: 56.793s
-------------------------------------------------------------------
Start nesting on the 41th large board, remaining blocks count: 16
Utilization of the 41th large board: 79.50483740929857, Time taken for this board: 56.796s
-------------------------------------------------------------------
Start nesting on the 42th large board, remaining blocks count: 16
Utilization of the 42th large board: 80.00147809728568, Time taken for this board: 56.800000000000004s
-------------------------------------------------------------------
Start nesting on the 43th large board, remaining blocks count: 10
Utilization of the 43th large board: 78.0968489653319, Time taken for this board: 56.805s
-------------------------------------------------------------------
Start nesting on the 44th large board, remaining blocks count: 2
Utilization of the 44th large board: 10.347218489653319, Time taken for this board: 56.805s
-------------------------------------------------------------------
Start global repack optimization for 44 boards, time=459.422s.
Start improving solution by repacking.
Selecting boards with low utilization for repacking...
iter19		 Improve solution by repack 0.10347218489653319->0.08308384842784199 , unplacedBoxesSize:1
currentRepackCostTime:0.111s , currentRepackMaxTime:459.422s
iter8		 Improve solution by repack 0.08308384842784199->0.0667461703843053 , unplacedBoxesSize:1
currentRepackCostTime:0.159s , currentRepackMaxTime:459.422s
iter9		 Improve solution by repack 0.0667461703843053->0.0 , unplacedBoxesSize:0
currentRepackCostTime:0.21s , currentRepackMaxTime:459.422s
Improved success.
Global repack result: 44 -> 43 boards.
