total number of nestable workpieces：376
Start priority-first combined packing.
Start nesting on the 1th large board, remaining blocks count: 193
Utilization of the 1th large board: 97.86559392636389, Time taken for this board: 1.002s
-------------------------------------------------------------------
Start nesting on the 2th large board, remaining blocks count: 186
Utilization of the 2th large board: 98.99314700349368, Time taken for this board: 2.005s
-------------------------------------------------------------------
Start nesting on the 3th large board, remaining blocks count: 179
Utilization of the 3th large board: 98.34970438054286, Time taken for this board: 3.005s
-------------------------------------------------------------------
Start nesting on the 4th large board, remaining blocks count: 168
Utilization of the 4th large board: 99.20750470303682, Time taken for this board: 4.007s
-------------------------------------------------------------------
Start nesting on the 5th large board, remaining blocks count: 163
Utilization of the 5th large board: 98.38122196906075, Time taken for this board: 5.008s
-------------------------------------------------------------------
Start nesting on the 6th large board, remaining blocks count: 153
Utilization of the 6th large board: 99.10743079817253, Time taken for this board: 6.008s
-------------------------------------------------------------------
Start nesting on the 7th large board, remaining blocks count: 142
Utilization of the 7th large board: 99.55969497446922, Time taken for this board: 7.008s
-------------------------------------------------------------------
Start nesting on the 8th large board, remaining blocks count: 134
Utilization of the 8th large board: 98.04357027680732, Time taken for this board: 8.009s
-------------------------------------------------------------------
Start nesting on the 9th large board, remaining blocks count: 124
Utilization of the 9th large board: 98.12095202902447, Time taken for this board: 9.01s
-------------------------------------------------------------------
Start nesting on the 10th large board, remaining blocks count: 118
Utilization of the 10th large board: 99.21701155603333, Time taken for this board: 10.01s
-------------------------------------------------------------------
Start nesting on the 11th large board, remaining blocks count: 112
Utilization of the 11th large board: 98.43052942757323, Time taken for this board: 11.01s
-------------------------------------------------------------------
Start nesting on the 12th large board, remaining blocks count: 104
Utilization of the 12th large board: 98.43931402848696, Time taken for this board: 12.011000000000001s
-------------------------------------------------------------------
Start nesting on the 13th large board, remaining blocks count: 94
Utilization of the 13th large board: 98.581513705993, Time taken for this board: 13.011000000000001s
-------------------------------------------------------------------
Start nesting on the 14th large board, remaining blocks count: 88
Utilization of the 14th large board: 97.87998857833917, Time taken for this board: 13.952s
-------------------------------------------------------------------
Start nesting on the 15th large board, remaining blocks count: 78
Utilization of the 15th large board: 98.24165210964793, Time taken for this board: 14.713000000000001s
-------------------------------------------------------------------
Start nesting on the 16th large board, remaining blocks count: 66
Utilization of the 16th large board: 98.2548710024187, Time taken for this board: 15.539s
-------------------------------------------------------------------
Start nesting on the 17th large board, remaining blocks count: 58
Utilization of the 17th large board: 98.26669578070411, Time taken for this board: 15.715s
-------------------------------------------------------------------
Start nesting on the 18th large board, remaining blocks count: 44
Utilization of the 18th large board: 97.56891373286749, Time taken for this board: 15.805s
-------------------------------------------------------------------
Start nesting on the 19th large board, remaining blocks count: 35
Utilization of the 19th large board: 97.53947191615157, Time taken for this board: 15.935s
-------------------------------------------------------------------
Start nesting on the 20th large board, remaining blocks count: 24
Utilization of the 20th large board: 96.47164740661114, Time taken for this board: 15.966000000000001s
-------------------------------------------------------------------
Start nesting on the 21th large board, remaining blocks count: 10
Utilization of the 21th large board: 64.70144114485353, Time taken for this board: 15.969000000000001s
-------------------------------------------------------------------
Start global repack optimization for 21 boards, time=5.0s.
Start improving solution by repacking.
Selecting boards with low utilization for repacking...
iter192		 Improve solution by repack 0.6470144114485353->0.6467947848612604 , unplacedBoxesSize:11
currentRepackCostTime:2.753s , currentRepackMaxTime:5.0s
iter2		 Improve solution by repack 0.6467947848612604->0.6445930917680059 , unplacedBoxesSize:11
currentRepackCostTime:2.778s , currentRepackMaxTime:5.0s
iter7		 Improve solution by repack 0.6445930917680059->0.636253263764781 , unplacedBoxesSize:7
currentRepackCostTime:2.94s , currentRepackMaxTime:5.0s
iter46		 Improve solution by repack 0.636253263764781->0.6316656193143644 , unplacedBoxesSize:8
currentRepackCostTime:3.722s , currentRepackMaxTime:5.0s
iter21		 Improve solution by repack 0.6316656193143644->0.625796733262228 , unplacedBoxesSize:8
currentRepackCostTime:4.074s , currentRepackMaxTime:5.0s
iter8		 Improve solution by repack 0.625796733262228->0.619137904990258 , unplacedBoxesSize:9
currentRepackCostTime:4.231s , currentRepackMaxTime:5.0s
iter16		 Improve solution by repack 0.619137904990258->0.6163526269819941 , unplacedBoxesSize:7
currentRepackCostTime:4.478s , currentRepackMaxTime:5.0s
Global repack result: 21 -> 21 boards.
Start nesting on the 1th large board, remaining blocks count: 147
Utilization of the 1th large board: 97.95646331631282, Time taken for this board: 1.0s
-------------------------------------------------------------------
Start nesting on the 2th large board, remaining blocks count: 146
Utilization of the 2th large board: 98.24025799516258, Time taken for this board: 2.0020000000000002s
-------------------------------------------------------------------
Start nesting on the 3th large board, remaining blocks count: 140
Utilization of the 3th large board: 98.63276001074979, Time taken for this board: 3.004s
-------------------------------------------------------------------
Start nesting on the 4th large board, remaining blocks count: 133
Utilization of the 4th large board: 98.49193765116904, Time taken for this board: 4.006s
-------------------------------------------------------------------
Start nesting on the 5th large board, remaining blocks count: 122
Utilization of the 5th large board: 98.7717683418436, Time taken for this board: 5.007s
-------------------------------------------------------------------
Start nesting on the 6th large board, remaining blocks count: 115
Utilization of the 6th large board: 96.7797131147541, Time taken for this board: 6.008s
-------------------------------------------------------------------
Start nesting on the 7th large board, remaining blocks count: 103
Utilization of the 7th large board: 99.13806772373017, Time taken for this board: 7.008s
-------------------------------------------------------------------
Start nesting on the 8th large board, remaining blocks count: 93
Utilization of the 8th large board: 98.37352190271432, Time taken for this board: 8.008000000000001s
-------------------------------------------------------------------
Start nesting on the 9th large board, remaining blocks count: 87
Utilization of the 9th large board: 99.09073501746842, Time taken for this board: 9.008000000000001s
-------------------------------------------------------------------
Start nesting on the 10th large board, remaining blocks count: 75
Utilization of the 10th large board: 98.42001478097285, Time taken for this board: 9.859s
-------------------------------------------------------------------
Start nesting on the 11th large board, remaining blocks count: 72
Utilization of the 11th large board: 97.06607766729373, Time taken for this board: 10.669s
-------------------------------------------------------------------
Start nesting on the 12th large board, remaining blocks count: 64
Utilization of the 12th large board: 97.2993482934695, Time taken for this board: 10.88s
-------------------------------------------------------------------
Start nesting on the 13th large board, remaining blocks count: 54
Utilization of the 13th large board: 98.07578607901102, Time taken for this board: 11.024000000000001s
-------------------------------------------------------------------
Start nesting on the 14th large board, remaining blocks count: 42
Utilization of the 14th large board: 97.86344396667563, Time taken for this board: 11.119s
-------------------------------------------------------------------
Start nesting on the 15th large board, remaining blocks count: 30
Utilization of the 15th large board: 97.29024455791453, Time taken for this board: 11.142s
-------------------------------------------------------------------
Start nesting on the 16th large board, remaining blocks count: 24
Utilization of the 16th large board: 96.35837140553613, Time taken for this board: 11.162s
-------------------------------------------------------------------
Start nesting on the 17th large board, remaining blocks count: 16
Utilization of the 17th large board: 87.60726283257189, Time taken for this board: 11.166s
-------------------------------------------------------------------
Start nesting on the 18th large board, remaining blocks count: 4
Utilization of the 18th large board: 61.32424079548508, Time taken for this board: 11.166s
-------------------------------------------------------------------
Start global repack optimization for 18 boards, time=5.0s.
Start improving solution by repacking.
Selecting boards with low utilization for repacking...
iter5		 Improve solution by repack 0.6132424079548509->0.5969793066380006 , unplacedBoxesSize:5
currentRepackCostTime:0.07s , currentRepackMaxTime:5.0s
iter2		 Improve solution by repack 0.5969793066380006->0.5967569201827465 , unplacedBoxesSize:6
currentRepackCostTime:0.082s , currentRepackMaxTime:5.0s
iter15		 Improve solution by repack 0.5967569201827465->0.5892448266595001 , unplacedBoxesSize:4
currentRepackCostTime:0.243s , currentRepackMaxTime:5.0s
iter14		 Improve solution by repack 0.5892448266595001->0.5823196049449073 , unplacedBoxesSize:4
currentRepackCostTime:0.35000000000000003s , currentRepackMaxTime:5.0s
iter7		 Improve solution by repack 0.5823196049449073->0.5592747245364149 , unplacedBoxesSize:3
currentRepackCostTime:0.404s , currentRepackMaxTime:5.0s
iter6		 Improve solution by repack 0.5592747245364149->0.5539314028486966 , unplacedBoxesSize:5
currentRepackCostTime:0.454s , currentRepackMaxTime:5.0s
iter17		 Improve solution by repack 0.5539314028486966->0.5406841238914271 , unplacedBoxesSize:5
currentRepackCostTime:0.611s , currentRepackMaxTime:5.0s
iter9		 Improve solution by repack 0.5406841238914271->0.5393743281375973 , unplacedBoxesSize:5
currentRepackCostTime:0.6960000000000001s , currentRepackMaxTime:5.0s
iter9		 Improve solution by repack 0.5393743281375973->0.5349711099166891 , unplacedBoxesSize:3
currentRepackCostTime:0.781s , currentRepackMaxTime:5.0s
iter21		 Improve solution by repack 0.5349711099166891->0.5316500940607364 , unplacedBoxesSize:5
currentRepackCostTime:0.9450000000000001s , currentRepackMaxTime:5.0s
iter10		 Improve solution by repack 0.5316500940607364->0.5302821822090836 , unplacedBoxesSize:6
currentRepackCostTime:1.047s , currentRepackMaxTime:5.0s
iter6		 Improve solution by repack 0.5302821822090836->0.5247816447191616 , unplacedBoxesSize:6
currentRepackCostTime:1.112s , currentRepackMaxTime:5.0s
iter1		 Improve solution by repack 0.5247816447191616->0.5229477962913196 , unplacedBoxesSize:7
currentRepackCostTime:1.117s , currentRepackMaxTime:5.0s
iter2		 Improve solution by repack 0.5229477962913196->0.5026590634238108 , unplacedBoxesSize:9
currentRepackCostTime:1.154s , currentRepackMaxTime:5.0s
iter27		 Improve solution by repack 0.5026590634238108->0.4968032786885246 , unplacedBoxesSize:8
currentRepackCostTime:1.447s , currentRepackMaxTime:5.0s
iter2		 Improve solution by repack 0.4968032786885246->0.48780468959957 , unplacedBoxesSize:7
currentRepackCostTime:1.463s , currentRepackMaxTime:5.0s
iter50		 Improve solution by repack 0.48780468959957->0.48518576995431334 , unplacedBoxesSize:8
currentRepackCostTime:2.072s , currentRepackMaxTime:5.0s
iter12		 Improve solution by repack 0.48518576995431334->0.4842428110722924 , unplacedBoxesSize:7
currentRepackCostTime:2.21s , currentRepackMaxTime:5.0s
iter16		 Improve solution by repack 0.4842428110722924->0.481541924213921 , unplacedBoxesSize:7
currentRepackCostTime:2.367s , currentRepackMaxTime:5.0s
iter37		 Improve solution by repack 0.481541924213921->0.48060467616232194 , unplacedBoxesSize:7
currentRepackCostTime:2.807s , currentRepackMaxTime:5.0s
iter1		 Improve solution by repack 0.48060467616232194->0.4797944101048105 , unplacedBoxesSize:6
currentRepackCostTime:2.817s , currentRepackMaxTime:5.0s
iter14		 Improve solution by repack 0.4797944101048105->0.4788746304756786 , unplacedBoxesSize:5
currentRepackCostTime:2.9410000000000003s , currentRepackMaxTime:5.0s
Selecting boards with low utilization for repacking...
iter6		 Improve solution by repack 0.9712190943294813->0.5167389478634776 , unplacedBoxesSize:7
currentRepackCostTime:4.683s , currentRepackMaxTime:5.0s
iter22		 Improve solution by repack 0.5167389478634776->0.513372917226552 , unplacedBoxesSize:7
currentRepackCostTime:4.871s , currentRepackMaxTime:5.0s
Global repack result: 18 -> 18 boards.
