total number of nestable workpieces：927
Start priority-first combined packing.
Start nesting on the 1th large board, remaining blocks count: 209
Utilization of the 1th large board: 94.32306275194841, Time taken for this board: 3.041s
-------------------------------------------------------------------
Start nesting on the 2th large board, remaining blocks count: 209
Utilization of the 2th large board: 94.32306275194841, Time taken for this board: 5.944s
-------------------------------------------------------------------
Start nesting on the 3th large board, remaining blocks count: 207
Utilization of the 3th large board: 92.6847621607095, Time taken for this board: 8.889s
-------------------------------------------------------------------
Start nesting on the 4th large board, remaining blocks count: 207
Utilization of the 4th large board: 92.6847621607095, Time taken for this board: 11.871s
-------------------------------------------------------------------
Start nesting on the 5th large board, remaining blocks count: 206
Utilization of the 5th large board: 97.16964297231927, Time taken for this board: 14.81s
-------------------------------------------------------------------
Start nesting on the 6th large board, remaining blocks count: 206
Utilization of the 6th large board: 97.16964297231927, Time taken for this board: 17.704s
-------------------------------------------------------------------
Start nesting on the 7th large board, remaining blocks count: 202
Utilization of the 7th large board: 93.19349408761084, Time taken for this board: 20.289s
-------------------------------------------------------------------
Start nesting on the 8th large board, remaining blocks count: 202
Utilization of the 8th large board: 93.19349408761084, Time taken for this board: 22.646s
-------------------------------------------------------------------
Start nesting on the 9th large board, remaining blocks count: 200
Utilization of the 9th large board: 94.31577532921257, Time taken for this board: 24.586000000000002s
-------------------------------------------------------------------
Start nesting on the 10th large board, remaining blocks count: 200
Utilization of the 10th large board: 94.31577532921257, Time taken for this board: 26.514s
-------------------------------------------------------------------
Start nesting on the 11th large board, remaining blocks count: 198
Utilization of the 11th large board: 92.13779897876914, Time taken for this board: 28.413s
-------------------------------------------------------------------
Start nesting on the 12th large board, remaining blocks count: 198
Utilization of the 12th large board: 92.13779897876914, Time taken for this board: 30.314s
-------------------------------------------------------------------
Start nesting on the 13th large board, remaining blocks count: 198
Utilization of the 13th large board: 92.13779897876914, Time taken for this board: 32.224000000000004s
-------------------------------------------------------------------
Start nesting on the 14th large board, remaining blocks count: 198
Utilization of the 14th large board: 92.13779897876914, Time taken for this board: 34.105000000000004s
-------------------------------------------------------------------
Start nesting on the 15th large board, remaining blocks count: 197
Utilization of the 15th large board: 93.46198938457404, Time taken for this board: 35.949s
-------------------------------------------------------------------
Start nesting on the 16th large board, remaining blocks count: 195
Utilization of the 16th large board: 89.02492609513573, Time taken for this board: 37.103s
-------------------------------------------------------------------
Start nesting on the 17th large board, remaining blocks count: 194
Utilization of the 17th large board: 90.28970706799247, Time taken for this board: 38.278s
-------------------------------------------------------------------
Start nesting on the 18th large board, remaining blocks count: 194
Utilization of the 18th large board: 90.28970706799247, Time taken for this board: 39.452s
-------------------------------------------------------------------
Start nesting on the 19th large board, remaining blocks count: 192
Utilization of the 19th large board: 90.20871405536147, Time taken for this board: 40.594s
-------------------------------------------------------------------
Start nesting on the 20th large board, remaining blocks count: 191
Utilization of the 20th large board: 90.64957336737436, Time taken for this board: 41.861000000000004s
-------------------------------------------------------------------
Start nesting on the 21th large board, remaining blocks count: 191
Utilization of the 21th large board: 90.64957336737436, Time taken for this board: 43.127s
-------------------------------------------------------------------
Start nesting on the 22th large board, remaining blocks count: 189
Utilization of the 22th large board: 90.34021432410643, Time taken for this board: 44.375s
-------------------------------------------------------------------
Start nesting on the 23th large board, remaining blocks count: 187
Utilization of the 23th large board: 97.25127653856491, Time taken for this board: 45.779s
-------------------------------------------------------------------
Start nesting on the 24th large board, remaining blocks count: 183
Utilization of the 24th large board: 97.2252082773448, Time taken for this board: 47.133s
-------------------------------------------------------------------
Start nesting on the 25th large board, remaining blocks count: 179
Utilization of the 25th large board: 96.72897070679925, Time taken for this board: 48.571s
-------------------------------------------------------------------
Start nesting on the 26th large board, remaining blocks count: 177
Utilization of the 26th large board: 96.59147406611126, Time taken for this board: 49.975s
-------------------------------------------------------------------
Start nesting on the 27th large board, remaining blocks count: 175
Utilization of the 27th large board: 96.16205321150228, Time taken for this board: 51.359s
-------------------------------------------------------------------
Start nesting on the 28th large board, remaining blocks count: 174
Utilization of the 28th large board: 97.37153990862672, Time taken for this board: 53.025s
-------------------------------------------------------------------
Start nesting on the 29th large board, remaining blocks count: 170
Utilization of the 29th large board: 96.91584923407687, Time taken for this board: 54.562s
-------------------------------------------------------------------
Start nesting on the 30th large board, remaining blocks count: 168
Utilization of the 30th large board: 96.28490325181403, Time taken for this board: 56.07s
-------------------------------------------------------------------
Start nesting on the 31th large board, remaining blocks count: 164
Utilization of the 31th large board: 96.6549986562752, Time taken for this board: 57.512s
-------------------------------------------------------------------
Start nesting on the 32th large board, remaining blocks count: 162
Utilization of the 32th large board: 96.01666218758399, Time taken for this board: 58.849000000000004s
-------------------------------------------------------------------
Start nesting on the 33th large board, remaining blocks count: 160
Utilization of the 33th large board: 95.75661784466541, Time taken for this board: 60.171s
-------------------------------------------------------------------
Start nesting on the 34th large board, remaining blocks count: 160
Utilization of the 34th large board: 95.75661784466541, Time taken for this board: 61.499s
-------------------------------------------------------------------
Start nesting on the 35th large board, remaining blocks count: 158
Utilization of the 35th large board: 95.69457135178716, Time taken for this board: 62.800000000000004s
-------------------------------------------------------------------
Start nesting on the 36th large board, remaining blocks count: 158
Utilization of the 36th large board: 95.69457135178716, Time taken for this board: 64.109s
-------------------------------------------------------------------
Start nesting on the 37th large board, remaining blocks count: 154
Utilization of the 37th large board: 95.5236159634507, Time taken for this board: 65.376s
-------------------------------------------------------------------
Start nesting on the 38th large board, remaining blocks count: 152
Utilization of the 38th large board: 95.20723595807578, Time taken for this board: 66.599s
-------------------------------------------------------------------
Start nesting on the 39th large board, remaining blocks count: 148
Utilization of the 39th large board: 95.18758398280032, Time taken for this board: 67.761s
-------------------------------------------------------------------
Start nesting on the 40th large board, remaining blocks count: 143
Utilization of the 40th large board: 88.64391292663262, Time taken for this board: 68.293s
-------------------------------------------------------------------
Start nesting on the 41th large board, remaining blocks count: 143
Utilization of the 41th large board: 88.64391292663262, Time taken for this board: 68.82600000000001s
-------------------------------------------------------------------
Start nesting on the 42th large board, remaining blocks count: 142
Utilization of the 42th large board: 98.8613276001075, Time taken for this board: 69.83200000000001s
-------------------------------------------------------------------
Start nesting on the 43th large board, remaining blocks count: 134
Utilization of the 43th large board: 98.85514646600376, Time taken for this board: 70.745s
-------------------------------------------------------------------
Start nesting on the 44th large board, remaining blocks count: 130
Utilization of the 44th large board: 98.67508734211233, Time taken for this board: 71.655s
-------------------------------------------------------------------
Start nesting on the 45th large board, remaining blocks count: 128
Utilization of the 45th large board: 99.11569470572427, Time taken for this board: 72.08500000000001s
-------------------------------------------------------------------
Start nesting on the 46th large board, remaining blocks count: 124
Utilization of the 46th large board: 99.07521499596884, Time taken for this board: 72.5s
-------------------------------------------------------------------
Start nesting on the 47th large board, remaining blocks count: 122
Utilization of the 47th large board: 98.35850577801666, Time taken for this board: 72.94200000000001s
-------------------------------------------------------------------
Start nesting on the 48th large board, remaining blocks count: 120
Utilization of the 48th large board: 98.0559661381349, Time taken for this board: 73.367s
-------------------------------------------------------------------
Start nesting on the 49th large board, remaining blocks count: 118
Utilization of the 49th large board: 98.05284197796291, Time taken for this board: 73.774s
-------------------------------------------------------------------
Start nesting on the 50th large board, remaining blocks count: 114
Utilization of the 50th large board: 98.03715399086268, Time taken for this board: 74.164s
-------------------------------------------------------------------
Start nesting on the 51th large board, remaining blocks count: 112
Utilization of the 51th large board: 98.02116366568127, Time taken for this board: 74.539s
-------------------------------------------------------------------
Start nesting on the 52th large board, remaining blocks count: 104
Utilization of the 52th large board: 98.0055428648213, Time taken for this board: 74.86s
-------------------------------------------------------------------
Start nesting on the 53th large board, remaining blocks count: 102
Utilization of the 53th large board: 97.98914942219834, Time taken for this board: 75.165s
-------------------------------------------------------------------
Start nesting on the 54th large board, remaining blocks count: 98
Utilization of the 54th large board: 97.67915210964793, Time taken for this board: 75.47500000000001s
-------------------------------------------------------------------
Start nesting on the 55th large board, remaining blocks count: 94
Utilization of the 55th large board: 97.64559258263907, Time taken for this board: 75.756s
-------------------------------------------------------------------
Start nesting on the 56th large board, remaining blocks count: 92
Utilization of the 56th large board: 97.52747917226552, Time taken for this board: 76.025s
-------------------------------------------------------------------
Start nesting on the 57th large board, remaining blocks count: 88
Utilization of the 57th large board: 97.32081429723192, Time taken for this board: 76.3s
-------------------------------------------------------------------
Start nesting on the 58th large board, remaining blocks count: 82
Utilization of the 58th large board: 96.99754770223059, Time taken for this board: 76.525s
-------------------------------------------------------------------
Start nesting on the 59th large board, remaining blocks count: 80
Utilization of the 59th large board: 96.99072829884439, Time taken for this board: 76.737s
-------------------------------------------------------------------
Start nesting on the 60th large board, remaining blocks count: 76
Utilization of the 60th large board: 96.96694436979307, Time taken for this board: 76.93s
-------------------------------------------------------------------
Start nesting on the 61th large board, remaining blocks count: 76
Utilization of the 61th large board: 96.96694436979307, Time taken for this board: 77.126s
-------------------------------------------------------------------
Start nesting on the 62th large board, remaining blocks count: 74
Utilization of the 62th large board: 96.72960897608169, Time taken for this board: 77.31700000000001s
-------------------------------------------------------------------
Start nesting on the 63th large board, remaining blocks count: 74
Utilization of the 63th large board: 96.72960897608169, Time taken for this board: 77.505s
-------------------------------------------------------------------
Start nesting on the 64th large board, remaining blocks count: 70
Utilization of the 64th large board: 97.32222520827733, Time taken for this board: 77.69s
-------------------------------------------------------------------
Start nesting on the 65th large board, remaining blocks count: 60
Utilization of the 65th large board: 96.34557242676699, Time taken for this board: 77.746s
-------------------------------------------------------------------
Start nesting on the 66th large board, remaining blocks count: 56
Utilization of the 66th large board: 95.29635850577802, Time taken for this board: 77.797s
-------------------------------------------------------------------
Start nesting on the 67th large board, remaining blocks count: 54
Utilization of the 67th large board: 95.20169309325449, Time taken for this board: 77.846s
-------------------------------------------------------------------
Start nesting on the 68th large board, remaining blocks count: 52
Utilization of the 68th large board: 95.1649758129535, Time taken for this board: 77.893s
-------------------------------------------------------------------
Start nesting on the 69th large board, remaining blocks count: 52
Utilization of the 69th large board: 95.1649758129535, Time taken for this board: 77.941s
-------------------------------------------------------------------
Start nesting on the 70th large board, remaining blocks count: 48
Utilization of the 70th large board: 94.63517871539908, Time taken for this board: 77.982s
-------------------------------------------------------------------
Start nesting on the 71th large board, remaining blocks count: 46
Utilization of the 71th large board: 95.09647944101049, Time taken for this board: 78.022s
-------------------------------------------------------------------
Start nesting on the 72th large board, remaining blocks count: 40
Utilization of the 72th large board: 94.39535743079819, Time taken for this board: 78.047s
-------------------------------------------------------------------
Start nesting on the 73th large board, remaining blocks count: 38
Utilization of the 73th large board: 94.37342112335394, Time taken for this board: 78.074s
-------------------------------------------------------------------
Start nesting on the 74th large board, remaining blocks count: 36
Utilization of the 74th large board: 93.57655872077399, Time taken for this board: 78.098s
-------------------------------------------------------------------
Start nesting on the 75th large board, remaining blocks count: 28
Utilization of the 75th large board: 93.20411179790378, Time taken for this board: 78.109s
-------------------------------------------------------------------
Start nesting on the 76th large board, remaining blocks count: 24
Utilization of the 76th large board: 92.00544208546088, Time taken for this board: 78.115s
-------------------------------------------------------------------
Start nesting on the 77th large board, remaining blocks count: 20
Utilization of the 77th large board: 92.90496506315507, Time taken for this board: 78.122s
-------------------------------------------------------------------
Start nesting on the 78th large board, remaining blocks count: 18
Utilization of the 78th large board: 89.57131819403386, Time taken for this board: 78.127s
-------------------------------------------------------------------
Start nesting on the 79th large board, remaining blocks count: 12
Utilization of the 79th large board: 84.72050524052675, Time taken for this board: 78.129s
-------------------------------------------------------------------
Start nesting on the 80th large board, remaining blocks count: 8
Utilization of the 80th large board: 79.18556839559258, Time taken for this board: 78.129s
-------------------------------------------------------------------
Start nesting on the 81th large board, remaining blocks count: 2
Utilization of the 81th large board: 51.85743079817254, Time taken for this board: 78.129s
-------------------------------------------------------------------
Start nesting on the 82th large board, remaining blocks count: 2
Utilization of the 82th large board: 51.85743079817254, Time taken for this board: 78.129s
-------------------------------------------------------------------
Start nesting on the 83th large board, remaining blocks count: 2
Utilization of the 83th large board: 51.85743079817254, Time taken for this board: 78.129s
-------------------------------------------------------------------
Start global repack optimization for 83 boards, time=287.515s.
Start improving solution by repacking.
Selecting boards with low utilization for repacking...
iter28		 Improve solution by repack 0.5185743079817253->0.34571620532115027 , unplacedBoxesSize:2
currentRepackCostTime:0.056s , currentRepackMaxTime:287.515s
iter65		 Improve solution by repack 0.34571620532115027->0.3292999193765117 , unplacedBoxesSize:2
currentRepackCostTime:0.194s , currentRepackMaxTime:287.515s
iter7		 Improve solution by repack 0.3292999193765117->0.17285810266057514 , unplacedBoxesSize:1
currentRepackCostTime:0.212s , currentRepackMaxTime:287.515s
iter21		 Improve solution by repack 0.17285810266057514->0.0 , unplacedBoxesSize:0
currentRepackCostTime:0.257s , currentRepackMaxTime:287.515s
Improved success.
Global repack result: 83 -> 82 boards.
Start nesting on the 1th large board, remaining blocks count: 235
Utilization of the 1th large board: 98.68687852727761, Time taken for this board: 3.693s
-------------------------------------------------------------------
Start nesting on the 2th large board, remaining blocks count: 232
Utilization of the 2th large board: 98.8150026874496, Time taken for this board: 8.045s
-------------------------------------------------------------------
Start nesting on the 3th large board, remaining blocks count: 225
Utilization of the 3th large board: 99.75769282450955, Time taken for this board: 14.167s
-------------------------------------------------------------------
Start nesting on the 4th large board, remaining blocks count: 218
Utilization of the 4th large board: 98.88870599301262, Time taken for this board: 21.223s
-------------------------------------------------------------------
Start nesting on the 5th large board, remaining blocks count: 213
Utilization of the 5th large board: 98.36428379467885, Time taken for this board: 26.994s
-------------------------------------------------------------------
Start nesting on the 6th large board, remaining blocks count: 205
Utilization of the 6th large board: 98.5499193765117, Time taken for this board: 32.03s
-------------------------------------------------------------------
Start nesting on the 7th large board, remaining blocks count: 203
Utilization of the 7th large board: 99.22829884439666, Time taken for this board: 37.741s
-------------------------------------------------------------------
Start nesting on the 8th large board, remaining blocks count: 196
Utilization of the 8th large board: 99.11297366299382, Time taken for this board: 43.574s
-------------------------------------------------------------------
Start nesting on the 9th large board, remaining blocks count: 187
Utilization of the 9th large board: 99.4508868583714, Time taken for this board: 47.351s
-------------------------------------------------------------------
Start nesting on the 10th large board, remaining blocks count: 183
Utilization of the 10th large board: 99.41030636925558, Time taken for this board: 50.938s
-------------------------------------------------------------------
Start nesting on the 11th large board, remaining blocks count: 176
Utilization of the 11th large board: 99.3964324106423, Time taken for this board: 54.181000000000004s
-------------------------------------------------------------------
Start nesting on the 12th large board, remaining blocks count: 169
Utilization of the 12th large board: 99.10984950282182, Time taken for this board: 57.747s
-------------------------------------------------------------------
Start nesting on the 13th large board, remaining blocks count: 160
Utilization of the 13th large board: 99.31819403386186, Time taken for this board: 60.997s
-------------------------------------------------------------------
Start nesting on the 14th large board, remaining blocks count: 154
Utilization of the 14th large board: 99.26118650900295, Time taken for this board: 64.142s
-------------------------------------------------------------------
Start nesting on the 15th large board, remaining blocks count: 148
Utilization of the 15th large board: 99.09402714324105, Time taken for this board: 68.139s
-------------------------------------------------------------------
Start nesting on the 16th large board, remaining blocks count: 138
Utilization of the 16th large board: 99.29988578339157, Time taken for this board: 71.236s
-------------------------------------------------------------------
Start nesting on the 17th large board, remaining blocks count: 132
Utilization of the 17th large board: 99.34476619188389, Time taken for this board: 73.75s
-------------------------------------------------------------------
Start nesting on the 18th large board, remaining blocks count: 126
Utilization of the 18th large board: 99.12167730448803, Time taken for this board: 74.81400000000001s
-------------------------------------------------------------------
Start nesting on the 19th large board, remaining blocks count: 120
Utilization of the 19th large board: 98.87818513168503, Time taken for this board: 75.821s
-------------------------------------------------------------------
Start nesting on the 20th large board, remaining blocks count: 114
Utilization of the 20th large board: 98.81211367911853, Time taken for this board: 76.745s
-------------------------------------------------------------------
Start nesting on the 21th large board, remaining blocks count: 106
Utilization of the 21th large board: 98.52284332168772, Time taken for this board: 77.76s
-------------------------------------------------------------------
Start nesting on the 22th large board, remaining blocks count: 100
Utilization of the 22th large board: 98.44699005643645, Time taken for this board: 78.35300000000001s
-------------------------------------------------------------------
Start nesting on the 23th large board, remaining blocks count: 96
Utilization of the 23th large board: 98.13759742004837, Time taken for this board: 78.893s
-------------------------------------------------------------------
Start nesting on the 24th large board, remaining blocks count: 92
Utilization of the 24th large board: 97.85652378392906, Time taken for this board: 79.374s
-------------------------------------------------------------------
Start nesting on the 25th large board, remaining blocks count: 86
Utilization of the 25th large board: 98.56957135178716, Time taken for this board: 79.772s
-------------------------------------------------------------------
Start nesting on the 26th large board, remaining blocks count: 80
Utilization of the 26th large board: 98.51081698468154, Time taken for this board: 80.151s
-------------------------------------------------------------------
Start nesting on the 27th large board, remaining blocks count: 76
Utilization of the 27th large board: 97.80378258532652, Time taken for this board: 80.498s
-------------------------------------------------------------------
Start nesting on the 28th large board, remaining blocks count: 70
Utilization of the 28th large board: 95.76763638806771, Time taken for this board: 80.721s
-------------------------------------------------------------------
Start nesting on the 29th large board, remaining blocks count: 60
Utilization of the 29th large board: 93.15076592313895, Time taken for this board: 80.796s
-------------------------------------------------------------------
Start nesting on the 30th large board, remaining blocks count: 56
Utilization of the 30th large board: 94.12946788497716, Time taken for this board: 80.85600000000001s
-------------------------------------------------------------------
Start nesting on the 31th large board, remaining blocks count: 50
Utilization of the 31th large board: 93.45323837678043, Time taken for this board: 80.911s
-------------------------------------------------------------------
Start nesting on the 32th large board, remaining blocks count: 42
Utilization of the 32th large board: 92.57817119054017, Time taken for this board: 80.95400000000001s
-------------------------------------------------------------------
Start nesting on the 33th large board, remaining blocks count: 36
Utilization of the 33th large board: 92.04289841440473, Time taken for this board: 80.989s
-------------------------------------------------------------------
Start nesting on the 34th large board, remaining blocks count: 34
Utilization of the 34th large board: 94.04810534802472, Time taken for this board: 81.023s
-------------------------------------------------------------------
Start nesting on the 35th large board, remaining blocks count: 30
Utilization of the 35th large board: 91.92196318194034, Time taken for this board: 81.035s
-------------------------------------------------------------------
Start nesting on the 36th large board, remaining blocks count: 28
Utilization of the 36th large board: 88.02516124697662, Time taken for this board: 81.049s
-------------------------------------------------------------------
Start nesting on the 37th large board, remaining blocks count: 20
Utilization of the 37th large board: 89.1486159634507, Time taken for this board: 81.065s
-------------------------------------------------------------------
Start nesting on the 38th large board, remaining blocks count: 18
Utilization of the 38th large board: 86.62046492878258, Time taken for this board: 81.078s
-------------------------------------------------------------------
Start nesting on the 39th large board, remaining blocks count: 16
Utilization of the 39th large board: 86.18933082504704, Time taken for this board: 81.08500000000001s
-------------------------------------------------------------------
Start nesting on the 40th large board, remaining blocks count: 14
Utilization of the 40th large board: 80.40237839290513, Time taken for this board: 81.089s
-------------------------------------------------------------------
Start nesting on the 41th large board, remaining blocks count: 12
Utilization of the 41th large board: 80.0462241332975, Time taken for this board: 81.092s
-------------------------------------------------------------------
Start nesting on the 42th large board, remaining blocks count: 10
Utilization of the 42th large board: 85.09889814565977, Time taken for this board: 81.096s
-------------------------------------------------------------------
Start nesting on the 43th large board, remaining blocks count: 4
Utilization of the 43th large board: 58.248454716474065, Time taken for this board: 81.096s
-------------------------------------------------------------------
Start global repack optimization for 43 boards, time=431.874s.
Start improving solution by repacking.
Selecting boards with low utilization for repacking...
iter29		 Improve solution by repack 0.5824845471647406->0.5465681268476217 , unplacedBoxesSize:5
currentRepackCostTime:0.188s , currentRepackMaxTime:431.874s
iter6		 Improve solution by repack 0.5465681268476217->0.5045834453104004 , unplacedBoxesSize:5
currentRepackCostTime:0.245s , currentRepackMaxTime:431.874s
iter3		 Improve solution by repack 0.5045834453104004->0.49801397473797365 , unplacedBoxesSize:8
currentRepackCostTime:0.271s , currentRepackMaxTime:431.874s
iter1		 Improve solution by repack 0.49801397473797365->0.49372749260951354 , unplacedBoxesSize:6
currentRepackCostTime:0.28s , currentRepackMaxTime:431.874s
iter1		 Improve solution by repack 0.49372749260951354->0.3998777210427305 , unplacedBoxesSize:4
currentRepackCostTime:0.28800000000000003s , currentRepackMaxTime:431.874s
iter2		 Improve solution by repack 0.3998777210427305->0.3475490459553883 , unplacedBoxesSize:3
currentRepackCostTime:0.299s , currentRepackMaxTime:431.874s
iter15		 Improve solution by repack 0.3475490459553883->0.33796526471378663 , unplacedBoxesSize:4
currentRepackCostTime:0.421s , currentRepackMaxTime:431.874s
iter3		 Improve solution by repack 0.33796526471378663->0.2946435769954313 , unplacedBoxesSize:3
currentRepackCostTime:0.44s , currentRepackMaxTime:431.874s
iter20		 Improve solution by repack 0.2946435769954313->0.2615157215802204 , unplacedBoxesSize:3
currentRepackCostTime:0.585s , currentRepackMaxTime:431.874s
iter8		 Improve solution by repack 0.2615157215802204->0.19230717549045956 , unplacedBoxesSize:3
currentRepackCostTime:0.657s , currentRepackMaxTime:431.874s
iter7		 Improve solution by repack 0.19230717549045956->0.18042864821284602 , unplacedBoxesSize:3
currentRepackCostTime:0.731s , currentRepackMaxTime:431.874s
iter2		 Improve solution by repack 0.18042864821284602->0.17335393711367914 , unplacedBoxesSize:1
currentRepackCostTime:0.737s , currentRepackMaxTime:431.874s
iter7		 Improve solution by repack 0.17335393711367914->0.16616769685568397 , unplacedBoxesSize:2
currentRepackCostTime:0.801s , currentRepackMaxTime:431.874s
iter24		 Improve solution by repack 0.16616769685568397->0.1498925020155872 , unplacedBoxesSize:1
currentRepackCostTime:0.962s , currentRepackMaxTime:431.874s
iter43		 Improve solution by repack 0.1498925020155872->0.13710696049449073 , unplacedBoxesSize:2
currentRepackCostTime:1.227s , currentRepackMaxTime:431.874s
iter16		 Improve solution by repack 0.13710696049449073->0.09668771835528084 , unplacedBoxesSize:1
currentRepackCostTime:1.362s , currentRepackMaxTime:431.874s
iter40		 Improve solution by repack 0.09668771835528084->0.08308384842784199 , unplacedBoxesSize:1
currentRepackCostTime:1.6580000000000001s , currentRepackMaxTime:431.874s
iter41		 Improve solution by repack 0.08308384842784199->0.03915614082235958 , unplacedBoxesSize:1
currentRepackCostTime:1.954s , currentRepackMaxTime:431.874s
iter65		 Improve solution by repack 0.03915614082235958->0.029363074442354208 , unplacedBoxesSize:1
currentRepackCostTime:2.427s , currentRepackMaxTime:431.874s
iter10		 Improve solution by repack 0.029363074442354208->0.0 , unplacedBoxesSize:0
currentRepackCostTime:2.501s , currentRepackMaxTime:431.874s
Improved success.
Global repack result: 43 -> 42 boards.
