total number of nestable workpieces：90
Processing color group: 0 (1/2), boxes: 48
Allocated time: 320.0s
searchTime: 1000
Start nesting on the 1th large board, remaining blocks count: 26
Utilization of the 1th large board: 97.6355751142166, Time taken for this board: 0.177s
-------------------------------------------------------------------
Start nesting on the 2th large board, remaining blocks count: 20
Utilization of the 2th large board: 78.4758331093792, Time taken for this board: 0.297s
-------------------------------------------------------------------
Found solution: 2


Processing color group: 1 (2/2), boxes: 42
Allocated time: 280.0s
searchTime: 1000
Start nesting on the 1th large board, remaining blocks count: 37
Utilization of the 1th large board: 98.18220908357968, Time taken for this board: 0.457s
-------------------------------------------------------------------
Start nesting on the 2th large board, remaining blocks count: 20
Utilization of the 2th large board: 69.46078315640958, Time taken for this board: 0.666s
-------------------------------------------------------------------
Found solution: 2


