total number of nestable workpieces：118
Start priority-first combined packing.
Start nesting on the 1th large board, remaining blocks count: 52
Utilization of the 1th large board: 98.264579414136, Time taken for this board: 0.099s
-------------------------------------------------------------------
Start nesting on the 2th large board, remaining blocks count: 52
Utilization of the 2th large board: 98.16689062080087, Time taken for this board: 0.201s
-------------------------------------------------------------------
Start nesting on the 3th large board, remaining blocks count: 47
Utilization of the 3th large board: 93.79971781779092, Time taken for this board: 0.289s
-------------------------------------------------------------------
Start nesting on the 4th large board, remaining blocks count: 45
Utilization of the 4th large board: 95.15024522977694, Time taken for this board: 0.34700000000000003s
-------------------------------------------------------------------
Start nesting on the 5th large board, remaining blocks count: 35
Utilization of the 5th large board: 81.78500403117442, Time taken for this board: 0.363s
-------------------------------------------------------------------
Start nesting on the 6th large board, remaining blocks count: 32
Utilization of the 6th large board: 86.78742273582371, Time taken for this board: 0.369s
-------------------------------------------------------------------
Start nesting on the 7th large board, remaining blocks count: 29
Utilization of the 7th large board: 86.2781510346681, Time taken for this board: 0.373s
-------------------------------------------------------------------
Start nesting on the 8th large board, remaining blocks count: 26
Utilization of the 8th large board: 89.34305294275732, Time taken for this board: 0.378s
-------------------------------------------------------------------
Start nesting on the 9th large board, remaining blocks count: 16
Utilization of the 9th large board: 84.35951357162052, Time taken for this board: 0.379s
-------------------------------------------------------------------
Start nesting on the 10th large board, remaining blocks count: 6
Utilization of the 10th large board: 71.4168234345606, Time taken for this board: 0.379s
-------------------------------------------------------------------
Start global repack optimization for 10 boards, time=325.582s.
Start improving solution by repacking.
Selecting boards with low utilization for repacking...
Selecting boards with low utilization for repacking...
iter1		 Improve solution by repack 0.8178500403117442->0.8151894651975277 , unplacedBoxesSize:3
currentRepackCostTime:0.132s , currentRepackMaxTime:325.582s
iter3		 Improve solution by repack 0.8151894651975277->0.7141682343456061 , unplacedBoxesSize:5
currentRepackCostTime:0.135s , currentRepackMaxTime:325.582s
Selecting boards with low utilization for repacking...
iter1		 Improve solution by repack 0.8435951357162053->0.7776740123622682 , unplacedBoxesSize:6
currentRepackCostTime:0.388s , currentRepackMaxTime:325.582s
iter6		 Improve solution by repack 0.7776740123622682->0.7636092448266595 , unplacedBoxesSize:4
currentRepackCostTime:0.4s , currentRepackMaxTime:325.582s
Selecting boards with low utilization for repacking...
iter1		 Improve solution by repack 0.8678742273582369->0.7141682343456061 , unplacedBoxesSize:5
currentRepackCostTime:0.631s , currentRepackMaxTime:325.582s
Selecting boards with low utilization for repacking...
iter1		 Improve solution by repack 0.8934305294275733->0.8774240795485084 , unplacedBoxesSize:4
currentRepackCostTime:0.88s , currentRepackMaxTime:325.582s
iter3		 Improve solution by repack 0.8774240795485084->0.7655804891158291 , unplacedBoxesSize:6
currentRepackCostTime:0.887s , currentRepackMaxTime:325.582s
iter6		 Improve solution by repack 0.7655804891158291->0.7317441547970975 , unplacedBoxesSize:5
currentRepackCostTime:0.898s , currentRepackMaxTime:325.582s
iter7		 Improve solution by repack 0.7317441547970975->0.7170975544208547 , unplacedBoxesSize:5
currentRepackCostTime:0.903s , currentRepackMaxTime:325.582s
iter10		 Improve solution by repack 0.7170975544208547->0.7141682343456061 , unplacedBoxesSize:5
currentRepackCostTime:0.91s , currentRepackMaxTime:325.582s
Selecting boards with low utilization for repacking...
iter2		 Improve solution by repack 0.8548078473528621->0.8448024724536415 , unplacedBoxesSize:2
currentRepackCostTime:1.1400000000000001s , currentRepackMaxTime:325.582s
iter9		 Improve solution by repack 0.8448024724536415->0.7141682343456061 , unplacedBoxesSize:5
currentRepackCostTime:1.161s , currentRepackMaxTime:325.582s
Selecting boards with low utilization for repacking...
iter1		 Improve solution by repack 0.9089485353399624->0.8774314700349368 , unplacedBoxesSize:6
currentRepackCostTime:1.3800000000000001s , currentRepackMaxTime:325.582s
iter2		 Improve solution by repack 0.8774314700349368->0.8686576189196452 , unplacedBoxesSize:4
currentRepackCostTime:1.383s , currentRepackMaxTime:325.582s
iter3		 Improve solution by repack 0.8686576189196452->0.8392972319269014 , unplacedBoxesSize:6
currentRepackCostTime:1.385s , currentRepackMaxTime:325.582s
iter6		 Improve solution by repack 0.8392972319269014->0.7776740123622682 , unplacedBoxesSize:6
currentRepackCostTime:1.395s , currentRepackMaxTime:325.582s
iter7		 Improve solution by repack 0.7776740123622682->0.7742703574307982 , unplacedBoxesSize:3
currentRepackCostTime:1.4020000000000001s , currentRepackMaxTime:325.582s
iter11		 Improve solution by repack 0.7742703574307982->0.7655737704918033 , unplacedBoxesSize:5
currentRepackCostTime:1.414s , currentRepackMaxTime:325.582s
iter15		 Improve solution by repack 0.7655737704918033->0.7141682343456061 , unplacedBoxesSize:5
currentRepackCostTime:1.426s , currentRepackMaxTime:325.582s
Selecting boards with low utilization for repacking...
iter1		 Improve solution by repack 0.9269551195915078->0.8760449140016124 , unplacedBoxesSize:3
currentRepackCostTime:1.68s , currentRepackMaxTime:325.582s
iter2		 Improve solution by repack 0.8760449140016124->0.77882289707068 , unplacedBoxesSize:1
currentRepackCostTime:1.682s , currentRepackMaxTime:325.582s
iter17		 Improve solution by repack 0.77882289707068->0.7141682343456061 , unplacedBoxesSize:5
currentRepackCostTime:1.71s , currentRepackMaxTime:325.582s
Selecting boards with low utilization for repacking...
iter1		 Improve solution by repack 0.9379971781779091->0.8832067992475141 , unplacedBoxesSize:3
currentRepackCostTime:1.962s , currentRepackMaxTime:325.582s
iter2		 Improve solution by repack 0.8832067992475141->0.77882289707068 , unplacedBoxesSize:1
currentRepackCostTime:1.962s , currentRepackMaxTime:325.582s
iter3		 Improve solution by repack 0.77882289707068->0.7141682343456061 , unplacedBoxesSize:5
currentRepackCostTime:1.965s , currentRepackMaxTime:325.582s
Selecting boards with low utilization for repacking...
iter1		 Improve solution by repack 0.7948165815640957->0.77882289707068 , unplacedBoxesSize:1
currentRepackCostTime:2.305s , currentRepackMaxTime:325.582s
iter2		 Improve solution by repack 0.77882289707068->0.7141682343456061 , unplacedBoxesSize:5
currentRepackCostTime:2.305s , currentRepackMaxTime:325.582s
Selecting boards with low utilization for repacking...
Completed repack sweep without reducing board count. No-reduction sweeps: 1/3
Selecting boards with low utilization for repacking...
Selecting boards with low utilization for repacking...
iter2		 Improve solution by repack 0.77882289707068->0.7141682343456061 , unplacedBoxesSize:5
currentRepackCostTime:2.727s , currentRepackMaxTime:325.582s
Selecting boards with low utilization for repacking...
iter3		 Improve solution by repack 0.8476162321956463->0.77882289707068 , unplacedBoxesSize:1
currentRepackCostTime:3.019s , currentRepackMaxTime:325.582s
iter5		 Improve solution by repack 0.77882289707068->0.7141682343456061 , unplacedBoxesSize:5
currentRepackCostTime:3.023s , currentRepackMaxTime:325.582s
Selecting boards with low utilization for repacking...
iter1		 Improve solution by repack 0.8832067992475141->0.7141682343456061 , unplacedBoxesSize:5
currentRepackCostTime:3.285s , currentRepackMaxTime:325.582s
Selecting boards with low utilization for repacking...
iter1		 Improve solution by repack 0.8794208546089761->0.7141682343456061 , unplacedBoxesSize:5
currentRepackCostTime:3.5740000000000003s , currentRepackMaxTime:325.582s
Selecting boards with low utilization for repacking...
iter2		 Improve solution by repack 0.8913551464660038->0.8476162321956463 , unplacedBoxesSize:3
currentRepackCostTime:3.863s , currentRepackMaxTime:325.582s
iter7		 Improve solution by repack 0.8476162321956463->0.7718113410373556 , unplacedBoxesSize:4
currentRepackCostTime:3.879s , currentRepackMaxTime:325.582s
iter18		 Improve solution by repack 0.7718113410373556->0.7288148347218489 , unplacedBoxesSize:5
currentRepackCostTime:3.9090000000000003s , currentRepackMaxTime:325.582s
iter20		 Improve solution by repack 0.7288148347218489->0.7141682343456061 , unplacedBoxesSize:5
currentRepackCostTime:3.9210000000000003s , currentRepackMaxTime:325.582s
Selecting boards with low utilization for repacking...
iter1		 Improve solution by repack 0.9265237839290513->0.7141682343456061 , unplacedBoxesSize:5
currentRepackCostTime:4.14s , currentRepackMaxTime:325.582s
Selecting boards with low utilization for repacking...
iter1		 Improve solution by repack 0.9370511959150766->0.8760449140016124 , unplacedBoxesSize:3
currentRepackCostTime:4.446s , currentRepackMaxTime:325.582s
iter2		 Improve solution by repack 0.8760449140016124->0.7141682343456061 , unplacedBoxesSize:5
currentRepackCostTime:4.45s , currentRepackMaxTime:325.582s
Selecting boards with low utilization for repacking...
iter1		 Improve solution by repack 0.8760449140016124->0.8748985487772105 , unplacedBoxesSize:5
currentRepackCostTime:4.7700000000000005s , currentRepackMaxTime:325.582s
iter3		 Improve solution by repack 0.8748985487772105->0.77882289707068 , unplacedBoxesSize:1
currentRepackCostTime:4.776s , currentRepackMaxTime:325.582s
iter4		 Improve solution by repack 0.77882289707068->0.7141682343456061 , unplacedBoxesSize:5
currentRepackCostTime:4.776s , currentRepackMaxTime:325.582s
Selecting boards with low utilization for repacking...
iter1		 Improve solution by repack 0.9493630744423541->0.8843005912389144 , unplacedBoxesSize:4
currentRepackCostTime:5.0600000000000005s , currentRepackMaxTime:325.582s
iter2		 Improve solution by repack 0.8843005912389144->0.8804138672399893 , unplacedBoxesSize:4
currentRepackCostTime:5.063s , currentRepackMaxTime:325.582s
iter3		 Improve solution by repack 0.8804138672399893->0.8509862940069873 , unplacedBoxesSize:2
currentRepackCostTime:5.0680000000000005s , currentRepackMaxTime:325.582s
iter5		 Improve solution by repack 0.8509862940069873->0.7863316312819134 , unplacedBoxesSize:6
currentRepackCostTime:5.07s , currentRepackMaxTime:325.582s
iter8		 Improve solution by repack 0.7863316312819134->0.7776115291588283 , unplacedBoxesSize:6
currentRepackCostTime:5.079s , currentRepackMaxTime:325.582s
iter11		 Improve solution by repack 0.7776115291588283->0.7757860790110186 , unplacedBoxesSize:6
currentRepackCostTime:5.098s , currentRepackMaxTime:325.582s
Selecting boards with low utilization for repacking...
Completed repack sweep without reducing board count. No-reduction sweeps: 2/3
Selecting boards with low utilization for repacking...
Selecting boards with low utilization for repacking...
iter2		 Improve solution by repack 0.77882289707068->0.7141682343456061 , unplacedBoxesSize:5
currentRepackCostTime:5.514s , currentRepackMaxTime:325.582s
Selecting boards with low utilization for repacking...
iter1		 Improve solution by repack 0.8931772373018007->0.8495565708142973 , unplacedBoxesSize:4
currentRepackCostTime:5.805s , currentRepackMaxTime:325.582s
iter3		 Improve solution by repack 0.8495565708142973->0.8476162321956463 , unplacedBoxesSize:3
currentRepackCostTime:5.816s , currentRepackMaxTime:325.582s
iter5		 Improve solution by repack 0.8476162321956463->0.7141682343456061 , unplacedBoxesSize:5
currentRepackCostTime:5.817s , currentRepackMaxTime:325.582s
Selecting boards with low utilization for repacking...
iter1		 Improve solution by repack 0.8967280300994356->0.8794208546089761 , unplacedBoxesSize:2
currentRepackCostTime:6.099s , currentRepackMaxTime:325.582s
iter4		 Improve solution by repack 0.8794208546089761->0.7141682343456061 , unplacedBoxesSize:5
currentRepackCostTime:6.104s , currentRepackMaxTime:325.582s
Selecting boards with low utilization for repacking...
iter1		 Improve solution by repack 0.9039634842784197->0.77882289707068 , unplacedBoxesSize:1
currentRepackCostTime:6.399s , currentRepackMaxTime:325.582s
iter2		 Improve solution by repack 0.77882289707068->0.7141682343456061 , unplacedBoxesSize:5
currentRepackCostTime:6.4s , currentRepackMaxTime:325.582s
Selecting boards with low utilization for repacking...
iter1		 Improve solution by repack 0.8696855683955925->0.8448024724536415 , unplacedBoxesSize:2
currentRepackCostTime:6.686s , currentRepackMaxTime:325.582s
iter2		 Improve solution by repack 0.8448024724536415->0.7718113410373556 , unplacedBoxesSize:4
currentRepackCostTime:6.687s , currentRepackMaxTime:325.582s
iter4		 Improve solution by repack 0.7718113410373556->0.7235420585864015 , unplacedBoxesSize:5
currentRepackCostTime:6.6930000000000005s , currentRepackMaxTime:325.582s
iter10		 Improve solution by repack 0.7235420585864015->0.7141682343456061 , unplacedBoxesSize:5
currentRepackCostTime:6.72s , currentRepackMaxTime:325.582s
Selecting boards with low utilization for repacking...
iter1		 Improve solution by repack 0.9302183552808385->0.9029407417360924 , unplacedBoxesSize:6
currentRepackCostTime:6.978s , currentRepackMaxTime:325.582s
iter2		 Improve solution by repack 0.9029407417360924->0.8988161784466542 , unplacedBoxesSize:5
currentRepackCostTime:6.986s , currentRepackMaxTime:325.582s
iter3		 Improve solution by repack 0.8988161784466542->0.8517065305025531 , unplacedBoxesSize:4
currentRepackCostTime:6.99s , currentRepackMaxTime:325.582s
iter4		 Improve solution by repack 0.8517065305025531->0.7757860790110186 , unplacedBoxesSize:6
currentRepackCostTime:6.9910000000000005s , currentRepackMaxTime:325.582s
Selecting boards with low utilization for repacking...
iter1		 Improve solution by repack 0.9346219094329482->0.8178500403117442 , unplacedBoxesSize:2
currentRepackCostTime:7.284s , currentRepackMaxTime:325.582s
iter4		 Improve solution by repack 0.8178500403117442->0.7630475678581027 , unplacedBoxesSize:5
currentRepackCostTime:7.291s , currentRepackMaxTime:325.582s
iter10		 Improve solution by repack 0.7630475678581027->0.7235420585864015 , unplacedBoxesSize:5
currentRepackCostTime:7.311s , currentRepackMaxTime:325.582s
iter11		 Improve solution by repack 0.7235420585864015->0.7141682343456061 , unplacedBoxesSize:5
currentRepackCostTime:7.314s , currentRepackMaxTime:325.582s
Selecting boards with low utilization for repacking...
iter1		 Improve solution by repack 0.9575866702499328->0.7141682343456061 , unplacedBoxesSize:5
currentRepackCostTime:7.588s , currentRepackMaxTime:325.582s
Selecting boards with low utilization for repacking...
iter1		 Improve solution by repack 0.9742367643106691->0.950676565439398 , unplacedBoxesSize:8
currentRepackCostTime:7.889s , currentRepackMaxTime:325.582s
iter2		 Improve solution by repack 0.950676565439398->0.8178500403117442 , unplacedBoxesSize:2
currentRepackCostTime:7.898000000000001s , currentRepackMaxTime:325.582s
iter4		 Improve solution by repack 0.8178500403117442->0.77882289707068 , unplacedBoxesSize:1
currentRepackCostTime:7.902s , currentRepackMaxTime:325.582s
iter5		 Improve solution by repack 0.77882289707068->0.7206127385111529 , unplacedBoxesSize:5
currentRepackCostTime:7.904s , currentRepackMaxTime:325.582s
iter19		 Improve solution by repack 0.7206127385111529->0.7141682343456061 , unplacedBoxesSize:5
currentRepackCostTime:7.956s , currentRepackMaxTime:325.582s
Selecting boards with low utilization for repacking...
Completed repack sweep without reducing board count. No-reduction sweeps: 3/3
Global repack result: 10 -> 10 boards.
Start nesting on the 1th large board, remaining blocks count: 29
Utilization of the 1th large board: 89.07786885245902, Time taken for this board: 0.005s
-------------------------------------------------------------------
Start nesting on the 2th large board, remaining blocks count: 27
Utilization of the 2th large board: 90.17443227626983, Time taken for this board: 0.012s
-------------------------------------------------------------------
Start nesting on the 3th large board, remaining blocks count: 22
Utilization of the 3th large board: 89.34567320612739, Time taken for this board: 0.02s
-------------------------------------------------------------------
Start nesting on the 4th large board, remaining blocks count: 10
Utilization of the 4th large board: 81.90251276538565, Time taken for this board: 0.022s
-------------------------------------------------------------------
Start global repack optimization for 4 boards, time=591.363s.
Start improving solution by repacking.
Selecting boards with low utilization for repacking...
Selecting boards with low utilization for repacking...
iter1		 Improve solution by repack 0.8907786885245902->0.8852694168234345 , unplacedBoxesSize:3
currentRepackCostTime:0.011s , currentRepackMaxTime:591.363s
iter2		 Improve solution by repack 0.8852694168234345->0.8806886589626444 , unplacedBoxesSize:3
currentRepackCostTime:0.013000000000000001s , currentRepackMaxTime:591.363s
iter4		 Improve solution by repack 0.8806886589626444->0.8190251276538564 , unplacedBoxesSize:8
currentRepackCostTime:0.016s , currentRepackMaxTime:591.363s
Selecting boards with low utilization for repacking...
iter1		 Improve solution by repack 0.8934567320612739->0.8380744423542059 , unplacedBoxesSize:8
currentRepackCostTime:0.033s , currentRepackMaxTime:591.363s
iter2		 Improve solution by repack 0.8380744423542059->0.8190251276538564 , unplacedBoxesSize:8
currentRepackCostTime:0.034s , currentRepackMaxTime:591.363s
Selecting boards with low utilization for repacking...
iter1		 Improve solution by repack 0.9017443227626981->0.8806886589626444 , unplacedBoxesSize:3
currentRepackCostTime:0.054s , currentRepackMaxTime:591.363s
iter2		 Improve solution by repack 0.8806886589626444->0.8190251276538564 , unplacedBoxesSize:8
currentRepackCostTime:0.054s , currentRepackMaxTime:591.363s
Selecting boards with low utilization for repacking...
Completed repack sweep without reducing board count. No-reduction sweeps: 1/3
Selecting boards with low utilization for repacking...
Selecting boards with low utilization for repacking...
iter1		 Improve solution by repack 0.8907786885245902->0.8190251276538564 , unplacedBoxesSize:8
currentRepackCostTime:0.083s , currentRepackMaxTime:591.363s
Selecting boards with low utilization for repacking...
iter1		 Improve solution by repack 0.8934567320612739->0.8768019349637194 , unplacedBoxesSize:4
currentRepackCostTime:0.10200000000000001s , currentRepackMaxTime:591.363s
iter3		 Improve solution by repack 0.8768019349637194->0.8190251276538564 , unplacedBoxesSize:8
currentRepackCostTime:0.10300000000000001s , currentRepackMaxTime:591.363s
Selecting boards with low utilization for repacking...
iter1		 Improve solution by repack 0.9017443227626981->0.8190251276538564 , unplacedBoxesSize:8
currentRepackCostTime:0.124s , currentRepackMaxTime:591.363s
Selecting boards with low utilization for repacking...
Completed repack sweep without reducing board count. No-reduction sweeps: 2/3
Selecting boards with low utilization for repacking...
Selecting boards with low utilization for repacking...
iter1		 Improve solution by repack 0.8907786885245902->0.8873662993818866 , unplacedBoxesSize:5
currentRepackCostTime:0.158s , currentRepackMaxTime:591.363s
iter2		 Improve solution by repack 0.8873662993818866->0.8487449610319806 , unplacedBoxesSize:5
currentRepackCostTime:0.16s , currentRepackMaxTime:591.363s
iter4		 Improve solution by repack 0.8487449610319806->0.8243402311206665 , unplacedBoxesSize:8
currentRepackCostTime:0.165s , currentRepackMaxTime:591.363s
iter6		 Improve solution by repack 0.8243402311206665->0.8190251276538564 , unplacedBoxesSize:8
currentRepackCostTime:0.166s , currentRepackMaxTime:591.363s
Selecting boards with low utilization for repacking...
iter1		 Improve solution by repack 0.8934567320612739->0.8380744423542059 , unplacedBoxesSize:8
currentRepackCostTime:0.179s , currentRepackMaxTime:591.363s
iter2		 Improve solution by repack 0.8380744423542059->0.8190251276538564 , unplacedBoxesSize:8
currentRepackCostTime:0.18s , currentRepackMaxTime:591.363s
Selecting boards with low utilization for repacking...
iter1		 Improve solution by repack 0.9017443227626981->0.8190251276538564 , unplacedBoxesSize:8
currentRepackCostTime:0.2s , currentRepackMaxTime:591.363s
Selecting boards with low utilization for repacking...
Completed repack sweep without reducing board count. No-reduction sweeps: 3/3
Global repack result: 4 -> 4 boards.
