total number of nestable workpieces：371
Start priority-first combined packing.
Start nesting on the 1th large board, remaining blocks count: 188
Utilization of the 1th large board: 97.7561475409836, Time taken for this board: 4.3180000000000005s
-------------------------------------------------------------------
Start nesting on the 2th large board, remaining blocks count: 183
Utilization of the 2th large board: 98.93019349637196, Time taken for this board: 9.782s
-------------------------------------------------------------------
Start nesting on the 3th large board, remaining blocks count: 177
Utilization of the 3th large board: 99.61549314700349, Time taken for this board: 15.288s
-------------------------------------------------------------------
Start nesting on the 4th large board, remaining blocks count: 168
Utilization of the 4th large board: 98.30898951894652, Time taken for this board: 20.618000000000002s
-------------------------------------------------------------------
Start nesting on the 5th large board, remaining blocks count: 158
Utilization of the 5th large board: 98.29454447729104, Time taken for this board: 25.854s
-------------------------------------------------------------------
Start nesting on the 6th large board, remaining blocks count: 149
Utilization of the 6th large board: 98.65664471916152, Time taken for this board: 31.187s
-------------------------------------------------------------------
Start nesting on the 7th large board, remaining blocks count: 139
Utilization of the 7th large board: 98.93496371943027, Time taken for this board: 34.569s
-------------------------------------------------------------------
Start nesting on the 8th large board, remaining blocks count: 132
Utilization of the 8th large board: 99.3688020693362, Time taken for this board: 37.601s
-------------------------------------------------------------------
Start nesting on the 9th large board, remaining blocks count: 124
Utilization of the 9th large board: 98.37711636656813, Time taken for this board: 38.902s
-------------------------------------------------------------------
Start nesting on the 10th large board, remaining blocks count: 117
Utilization of the 10th large board: 99.03607901101854, Time taken for this board: 40.38s
-------------------------------------------------------------------
Start nesting on the 11th large board, remaining blocks count: 104
Utilization of the 11th large board: 99.34970438054286, Time taken for this board: 41.538000000000004s
-------------------------------------------------------------------
Start nesting on the 12th large board, remaining blocks count: 96
Utilization of the 12th large board: 97.93111730717548, Time taken for this board: 42.727000000000004s
-------------------------------------------------------------------
Start nesting on the 13th large board, remaining blocks count: 82
Utilization of the 13th large board: 98.08949207202366, Time taken for this board: 43.418s
-------------------------------------------------------------------
Start nesting on the 14th large board, remaining blocks count: 76
Utilization of the 14th large board: 98.37133834990594, Time taken for this board: 44.041000000000004s
-------------------------------------------------------------------
Start nesting on the 15th large board, remaining blocks count: 71
Utilization of the 15th large board: 97.99180327868852, Time taken for this board: 44.613s
-------------------------------------------------------------------
Start nesting on the 16th large board, remaining blocks count: 61
Utilization of the 16th large board: 97.22339424885783, Time taken for this board: 44.763s
-------------------------------------------------------------------
Start nesting on the 17th large board, remaining blocks count: 57
Utilization of the 17th large board: 97.74744692287021, Time taken for this board: 44.888s
-------------------------------------------------------------------
Start nesting on the 18th large board, remaining blocks count: 48
Utilization of the 18th large board: 98.19979508196721, Time taken for this board: 45.095s
-------------------------------------------------------------------
Start nesting on the 19th large board, remaining blocks count: 36
Utilization of the 19th large board: 97.22865157215803, Time taken for this board: 45.184s
-------------------------------------------------------------------
Start nesting on the 20th large board, remaining blocks count: 24
Utilization of the 20th large board: 92.31031644719162, Time taken for this board: 45.199s
-------------------------------------------------------------------
Start nesting on the 21th large board, remaining blocks count: 10
Utilization of the 21th large board: 72.89749059392636, Time taken for this board: 45.201s
-------------------------------------------------------------------
Start global repack optimization for 21 boards, time=343.827s.
Start improving solution by repacking.
Selecting boards with low utilization for repacking...
iter10		 Improve solution by repack 0.7289749059392636->0.7222457000806234 , unplacedBoxesSize:9
currentRepackCostTime:0.149s , currentRepackMaxTime:343.827s
iter37		 Improve solution by repack 0.7222457000806234->0.7168776874496103 , unplacedBoxesSize:11
currentRepackCostTime:0.618s , currentRepackMaxTime:343.827s
iter41		 Improve solution by repack 0.7168776874496103->0.705390352055899 , unplacedBoxesSize:8
currentRepackCostTime:0.68s , currentRepackMaxTime:343.827s
iter61		 Improve solution by repack 0.705390352055899->0.7000876780435367 , unplacedBoxesSize:11
currentRepackCostTime:0.997s , currentRepackMaxTime:343.827s
iter64		 Improve solution by repack 0.7000876780435367->0.6976370599301264 , unplacedBoxesSize:8
currentRepackCostTime:1.075s , currentRepackMaxTime:343.827s
iter85		 Improve solution by repack 0.6976370599301264->0.6880443765116905 , unplacedBoxesSize:7
currentRepackCostTime:1.3940000000000001s , currentRepackMaxTime:343.827s
iter101		 Improve solution by repack 0.6880443765116905->0.6704247850040311 , unplacedBoxesSize:9
currentRepackCostTime:1.647s , currentRepackMaxTime:343.827s
iter102		 Improve solution by repack 0.6704247850040311->0.6685870733673743 , unplacedBoxesSize:8
currentRepackCostTime:1.659s , currentRepackMaxTime:343.827s
iter247		 Improve solution by repack 0.6685870733673743->0.6621140150497178 , unplacedBoxesSize:9
currentRepackCostTime:3.801s , currentRepackMaxTime:343.827s
iter250		 Improve solution by repack 0.6621140150497178->0.6616363208814835 , unplacedBoxesSize:9
currentRepackCostTime:3.835s , currentRepackMaxTime:343.827s
iter273		 Improve solution by repack 0.6616363208814835->0.6611042058586402 , unplacedBoxesSize:9
currentRepackCostTime:4.28s , currentRepackMaxTime:343.827s
iter275		 Improve solution by repack 0.6611042058586402->0.6588568261220101 , unplacedBoxesSize:10
currentRepackCostTime:4.308s , currentRepackMaxTime:343.827s
iter358		 Improve solution by repack 0.6588568261220101->0.6576798911582908 , unplacedBoxesSize:9
currentRepackCostTime:5.792s , currentRepackMaxTime:343.827s
iter364		 Improve solution by repack 0.6576798911582908->0.6547156342381081 , unplacedBoxesSize:9
currentRepackCostTime:5.876s , currentRepackMaxTime:343.827s
iter387		 Improve solution by repack 0.6547156342381081->0.6533410037624295 , unplacedBoxesSize:9
currentRepackCostTime:6.282s , currentRepackMaxTime:343.827s
iter438		 Improve solution by repack 0.6533410037624295->0.6520832773447998 , unplacedBoxesSize:9
currentRepackCostTime:7.158s , currentRepackMaxTime:343.827s
iter450		 Improve solution by repack 0.6520832773447998->0.6512891359849503 , unplacedBoxesSize:9
currentRepackCostTime:7.406000000000001s , currentRepackMaxTime:343.827s
iter487		 Improve solution by repack 0.6512891359849503->0.6456984009674819 , unplacedBoxesSize:7
currentRepackCostTime:8.147s , currentRepackMaxTime:343.827s
iter546		 Improve solution by repack 0.6456984009674819->0.6373654595538834 , unplacedBoxesSize:8
currentRepackCostTime:9.004s , currentRepackMaxTime:343.827s
iter697		 Improve solution by repack 0.6373654595538834->0.6368877653856491 , unplacedBoxesSize:8
currentRepackCostTime:11.604000000000001s , currentRepackMaxTime:343.827s
iter886		 Improve solution by repack 0.6368877653856491->0.6328713719430261 , unplacedBoxesSize:9
currentRepackCostTime:14.818s , currentRepackMaxTime:343.827s
iter896		 Improve solution by repack 0.6328713719430261->0.6320570747110992 , unplacedBoxesSize:8
currentRepackCostTime:15.018s , currentRepackMaxTime:343.827s
iter901		 Improve solution by repack 0.6320570747110992->0.6313368382155334 , unplacedBoxesSize:7
currentRepackCostTime:15.137s , currentRepackMaxTime:343.827s
iter932		 Improve solution by repack 0.6313368382155334->0.629087778822897 , unplacedBoxesSize:6
currentRepackCostTime:15.611s , currentRepackMaxTime:343.827s
Selecting boards with low utilization for repacking...
Selecting boards with low utilization for repacking...
iter1		 Improve solution by repack 0.9780307712980382->0.6708336132760011 , unplacedBoxesSize:6
currentRepackCostTime:23.438s , currentRepackMaxTime:343.827s
iter93		 Improve solution by repack 0.6708336132760011->0.6605675557645795 , unplacedBoxesSize:9
currentRepackCostTime:24.7s , currentRepackMaxTime:343.827s
iter104		 Improve solution by repack 0.6605675557645795->0.6566694101048105 , unplacedBoxesSize:9
currentRepackCostTime:24.879s , currentRepackMaxTime:343.827s
iter105		 Improve solution by repack 0.6566694101048105->0.6524272708949207 , unplacedBoxesSize:6
currentRepackCostTime:24.883s , currentRepackMaxTime:343.827s
iter152		 Improve solution by repack 0.6524272708949207->0.6490383969363074 , unplacedBoxesSize:8
currentRepackCostTime:25.562s , currentRepackMaxTime:343.827s
iter177		 Improve solution by repack 0.6490383969363074->0.644883599838753 , unplacedBoxesSize:8
currentRepackCostTime:25.985s , currentRepackMaxTime:343.827s
iter262		 Improve solution by repack 0.644883599838753->0.6372351182477829 , unplacedBoxesSize:7
currentRepackCostTime:27.518s , currentRepackMaxTime:343.827s
iter400		 Improve solution by repack 0.6372351182477829->0.6327705925826391 , unplacedBoxesSize:10
currentRepackCostTime:29.582s , currentRepackMaxTime:343.827s
iter493		 Improve solution by repack 0.6327705925826391->0.6325680260682612 , unplacedBoxesSize:13
currentRepackCostTime:31.295s , currentRepackMaxTime:343.827s
iter496		 Improve solution by repack 0.6325680260682612->0.6290790446116635 , unplacedBoxesSize:12
currentRepackCostTime:31.339000000000002s , currentRepackMaxTime:343.827s
iter502		 Improve solution by repack 0.6290790446116635->0.6261537557108304 , unplacedBoxesSize:11
currentRepackCostTime:31.458000000000002s , currentRepackMaxTime:343.827s
iter521		 Improve solution by repack 0.6261537557108304->0.6254513235689331 , unplacedBoxesSize:12
currentRepackCostTime:31.794s , currentRepackMaxTime:343.827s
iter576		 Improve solution by repack 0.6254513235689331->0.6213319672131148 , unplacedBoxesSize:12
currentRepackCostTime:32.966s , currentRepackMaxTime:343.827s
iter592		 Improve solution by repack 0.6213319672131148->0.6207998521902715 , unplacedBoxesSize:12
currentRepackCostTime:33.279s , currentRepackMaxTime:343.827s
iter601		 Improve solution by repack 0.6207998521902715->0.6194756113947864 , unplacedBoxesSize:9
currentRepackCostTime:33.422000000000004s , currentRepackMaxTime:343.827s
iter684		 Improve solution by repack 0.6194756113947864->0.6164623085192152 , unplacedBoxesSize:9
currentRepackCostTime:34.762s , currentRepackMaxTime:343.827s
iter686		 Improve solution by repack 0.6164623085192152->0.6150876780435367 , unplacedBoxesSize:9
currentRepackCostTime:34.785000000000004s , currentRepackMaxTime:343.827s
iter854		 Improve solution by repack 0.6150876780435367->0.6149234076861059 , unplacedBoxesSize:10
currentRepackCostTime:37.484s , currentRepackMaxTime:343.827s
iter904		 Improve solution by repack 0.6149234076861059->0.614848159097017 , unplacedBoxesSize:9
currentRepackCostTime:38.401s , currentRepackMaxTime:343.827s
iter936		 Improve solution by repack 0.614848159097017->0.6134802472453641 , unplacedBoxesSize:11
currentRepackCostTime:38.891s , currentRepackMaxTime:343.827s
iter957		 Improve solution by repack 0.6134802472453641->0.6122829884439667 , unplacedBoxesSize:11
currentRepackCostTime:39.263s , currentRepackMaxTime:343.827s
iter972		 Improve solution by repack 0.6122829884439667->0.6121338349905939 , unplacedBoxesSize:10
currentRepackCostTime:39.551s , currentRepackMaxTime:343.827s
iter1008		 Improve solution by repack 0.6121338349905939->0.6111001746842247 , unplacedBoxesSize:10
currentRepackCostTime:40.196s , currentRepackMaxTime:343.827s
iter1021		 Improve solution by repack 0.6111001746842247->0.6105680596613813 , unplacedBoxesSize:10
currentRepackCostTime:40.38s , currentRepackMaxTime:343.827s
iter1123		 Improve solution by repack 0.6105680596613813->0.6100520693361999 , unplacedBoxesSize:9
currentRepackCostTime:42.276s , currentRepackMaxTime:343.827s
iter1126		 Improve solution by repack 0.6100520693361999->0.6092649825315775 , unplacedBoxesSize:10
currentRepackCostTime:42.319s , currentRepackMaxTime:343.827s
iter1146		 Improve solution by repack 0.6092649825315775->0.6071798575651706 , unplacedBoxesSize:10
currentRepackCostTime:42.678000000000004s , currentRepackMaxTime:343.827s
iter1186		 Improve solution by repack 0.6071798575651706->0.6007506382692824 , unplacedBoxesSize:9
currentRepackCostTime:43.414s , currentRepackMaxTime:343.827s
iter1271		 Improve solution by repack 0.6007506382692824->0.5999564969094329 , unplacedBoxesSize:9
currentRepackCostTime:44.777s , currentRepackMaxTime:343.827s
Selecting boards with low utilization for repacking...
iter1		 Improve solution by repack 0.9787829212577264->0.629087778822897 , unplacedBoxesSize:6
currentRepackCostTime:51.621s , currentRepackMaxTime:343.827s
Selecting boards with low utilization for repacking...
Selecting boards with low utilization for repacking...
iter4		 Improve solution by repack 0.9780307712980382->0.9780195176027949 , unplacedBoxesSize:12
currentRepackCostTime:60.914s , currentRepackMaxTime:343.827s
iter12		 Improve solution by repack 0.9780195176027949->0.9754180663800054 , unplacedBoxesSize:13
currentRepackCostTime:61.068s , currentRepackMaxTime:343.827s
iter13		 Improve solution by repack 0.9754180663800054->0.9734266662187584 , unplacedBoxesSize:13
currentRepackCostTime:61.073s , currentRepackMaxTime:343.827s
iter27		 Improve solution by repack 0.9734266662187584->0.6328701961838216 , unplacedBoxesSize:6
currentRepackCostTime:61.365s , currentRepackMaxTime:343.827s
iter166		 Improve solution by repack 0.6328701961838216->0.6319848495028219 , unplacedBoxesSize:6
currentRepackCostTime:63.4s , currentRepackMaxTime:343.827s
Selecting boards with low utilization for repacking...
Selecting boards with low utilization for repacking...
iter17		 Improve solution by repack 0.9746736428379469->0.6375624832034399 , unplacedBoxesSize:7
currentRepackCostTime:70.659s , currentRepackMaxTime:343.827s
iter31		 Improve solution by repack 0.6375624832034399->0.6362456328943833 , unplacedBoxesSize:7
currentRepackCostTime:70.845s , currentRepackMaxTime:343.827s
iter64		 Improve solution by repack 0.6362456328943833->0.6354393980112873 , unplacedBoxesSize:7
currentRepackCostTime:71.31700000000001s , currentRepackMaxTime:343.827s
Selecting boards with low utilization for repacking...
iter43		 Improve solution by repack 0.6354393980112873->0.6330724267669982 , unplacedBoxesSize:6
currentRepackCostTime:77.482s , currentRepackMaxTime:343.827s
iter50		 Improve solution by repack 0.6330724267669982->0.6326793872614889 , unplacedBoxesSize:6
currentRepackCostTime:77.572s , currentRepackMaxTime:343.827s
iter92		 Improve solution by repack 0.6326793872614889->0.6318852459016393 , unplacedBoxesSize:6
currentRepackCostTime:78.311s , currentRepackMaxTime:343.827s
iter150		 Improve solution by repack 0.6318852459016393->0.6284345606019888 , unplacedBoxesSize:6
currentRepackCostTime:79.197s , currentRepackMaxTime:343.827s
iter158		 Improve solution by repack 0.6284345606019888->0.6256389411448535 , unplacedBoxesSize:6
currentRepackCostTime:79.307s , currentRepackMaxTime:343.827s
iter163		 Improve solution by repack 0.6256389411448535->0.6250685299650631 , unplacedBoxesSize:6
currentRepackCostTime:79.364s , currentRepackMaxTime:343.827s
Selecting boards with low utilization for repacking...
Selecting boards with low utilization for repacking...
iter2		 Improve solution by repack 0.973675759204515->0.6250685299650631 , unplacedBoxesSize:6
currentRepackCostTime:86.703s , currentRepackMaxTime:343.827s
Selecting boards with low utilization for repacking...
Selecting boards with low utilization for repacking...
iter39		 Improve solution by repack 0.973675759204515->0.9735286213383499 , unplacedBoxesSize:8
currentRepackCostTime:97.009s , currentRepackMaxTime:343.827s
iter50		 Improve solution by repack 0.9735286213383499->0.6428661650094061 , unplacedBoxesSize:6
currentRepackCostTime:97.144s , currentRepackMaxTime:343.827s
iter107		 Improve solution by repack 0.6428661650094061->0.6414068798710024 , unplacedBoxesSize:6
currentRepackCostTime:97.94200000000001s , currentRepackMaxTime:343.827s
iter117		 Improve solution by repack 0.6414068798710024->0.6365976887933351 , unplacedBoxesSize:7
currentRepackCostTime:98.108s , currentRepackMaxTime:343.827s
iter135		 Improve solution by repack 0.6365976887933351->0.6344064095673206 , unplacedBoxesSize:5
currentRepackCostTime:98.446s , currentRepackMaxTime:343.827s
Selecting boards with low utilization for repacking...
Selecting boards with low utilization for repacking...
iter1		 Improve solution by repack 0.9720693361999463->0.970970841171728 , unplacedBoxesSize:10
currentRepackCostTime:105.105s , currentRepackMaxTime:343.827s
iter2		 Improve solution by repack 0.970970841171728->0.6648987167428111 , unplacedBoxesSize:7
currentRepackCostTime:105.134s , currentRepackMaxTime:343.827s
iter28		 Improve solution by repack 0.6648987167428111->0.6568798710024187 , unplacedBoxesSize:2
currentRepackCostTime:105.456s , currentRepackMaxTime:343.827s
iter54		 Improve solution by repack 0.6568798710024187->0.6554624092985757 , unplacedBoxesSize:3
currentRepackCostTime:105.77s , currentRepackMaxTime:343.827s
Selecting boards with low utilization for repacking...
Selecting boards with low utilization for repacking...
iter1		 Improve solution by repack 0.9645379266326256->0.9617394517602795 , unplacedBoxesSize:11
currentRepackCostTime:112.82000000000001s , currentRepackMaxTime:343.827s
iter11		 Improve solution by repack 0.9617394517602795->0.6885192152647138 , unplacedBoxesSize:7
currentRepackCostTime:113.041s , currentRepackMaxTime:343.827s
iter17		 Improve solution by repack 0.6885192152647138->0.6744500806234883 , unplacedBoxesSize:7
currentRepackCostTime:113.133s , currentRepackMaxTime:343.827s
iter49		 Improve solution by repack 0.6744500806234883->0.6697836603063693 , unplacedBoxesSize:9
currentRepackCostTime:113.653s , currentRepackMaxTime:343.827s
iter57		 Improve solution by repack 0.6697836603063693->0.6663712711636657 , unplacedBoxesSize:8
currentRepackCostTime:113.812s , currentRepackMaxTime:343.827s
iter87		 Improve solution by repack 0.6663712711636657->0.6590782047836603 , unplacedBoxesSize:5
currentRepackCostTime:114.3s , currentRepackMaxTime:343.827s
iter140		 Improve solution by repack 0.6590782047836603->0.6576437785541521 , unplacedBoxesSize:9
currentRepackCostTime:115.004s , currentRepackMaxTime:343.827s
iter154		 Improve solution by repack 0.6576437785541521->0.6479064767535608 , unplacedBoxesSize:12
currentRepackCostTime:115.267s , currentRepackMaxTime:343.827s
iter159		 Improve solution by repack 0.6479064767535608->0.6363773179252888 , unplacedBoxesSize:11
currentRepackCostTime:115.318s , currentRepackMaxTime:343.827s
iter174		 Improve solution by repack 0.6363773179252888->0.6332847352862133 , unplacedBoxesSize:5
currentRepackCostTime:115.684s , currentRepackMaxTime:343.827s
iter213		 Improve solution by repack 0.6332847352862133->0.6327526202633701 , unplacedBoxesSize:5
currentRepackCostTime:116.265s , currentRepackMaxTime:343.827s
iter298		 Improve solution by repack 0.6327526202633701->0.6300329212577265 , unplacedBoxesSize:3
currentRepackCostTime:117.47500000000001s , currentRepackMaxTime:343.827s
Selecting boards with low utilization for repacking...
Selecting boards with low utilization for repacking...
iter4		 Improve solution by repack 0.9732410642300456->0.6415620800859984 , unplacedBoxesSize:4
currentRepackCostTime:123.636s , currentRepackMaxTime:343.827s
Selecting boards with low utilization for repacking...
Selecting boards with low utilization for repacking...
iter4		 Improve solution by repack 0.9619363074442354->0.6415620800859984 , unplacedBoxesSize:4
currentRepackCostTime:131.52s , currentRepackMaxTime:343.827s
Selecting boards with low utilization for repacking...
Selecting boards with low utilization for repacking...
iter8		 Improve solution by repack 0.9619363074442354->0.6986660171996776 , unplacedBoxesSize:5
currentRepackCostTime:139.365s , currentRepackMaxTime:343.827s
iter10		 Improve solution by repack 0.6986660171996776->0.6934933485622145 , unplacedBoxesSize:9
currentRepackCostTime:139.387s , currentRepackMaxTime:343.827s
iter16		 Improve solution by repack 0.6934933485622145->0.6933129535071217 , unplacedBoxesSize:11
currentRepackCostTime:139.478s , currentRepackMaxTime:343.827s
iter28		 Improve solution by repack 0.6933129535071217->0.6791702499328137 , unplacedBoxesSize:11
currentRepackCostTime:139.708s , currentRepackMaxTime:343.827s
iter29		 Improve solution by repack 0.6791702499328137->0.6771909432948131 , unplacedBoxesSize:11
currentRepackCostTime:139.711s , currentRepackMaxTime:343.827s
iter71		 Improve solution by repack 0.6771909432948131->0.6748825920451491 , unplacedBoxesSize:9
currentRepackCostTime:140.54500000000002s , currentRepackMaxTime:343.827s
iter81		 Improve solution by repack 0.6748825920451491->0.6744048978769148 , unplacedBoxesSize:9
currentRepackCostTime:140.738s , currentRepackMaxTime:343.827s
iter96		 Improve solution by repack 0.6744048978769148->0.6712293402311207 , unplacedBoxesSize:7
currentRepackCostTime:140.998s , currentRepackMaxTime:343.827s
iter184		 Improve solution by repack 0.6712293402311207->0.6671748185971512 , unplacedBoxesSize:12
currentRepackCostTime:142.4s , currentRepackMaxTime:343.827s
iter185		 Improve solution by repack 0.6671748185971512->0.6584570679924752 , unplacedBoxesSize:11
currentRepackCostTime:142.42000000000002s , currentRepackMaxTime:343.827s
iter188		 Improve solution by repack 0.6584570679924752->0.6531169376511691 , unplacedBoxesSize:11
currentRepackCostTime:142.484s , currentRepackMaxTime:343.827s
iter196		 Improve solution by repack 0.6531169376511691->0.6491144853533997 , unplacedBoxesSize:6
currentRepackCostTime:142.657s , currentRepackMaxTime:343.827s
iter301		 Improve solution by repack 0.6491144853533997->0.6477452297769416 , unplacedBoxesSize:4
currentRepackCostTime:144.245s , currentRepackMaxTime:343.827s
iter426		 Improve solution by repack 0.6477452297769416->0.6449939532383768 , unplacedBoxesSize:4
currentRepackCostTime:145.865s , currentRepackMaxTime:343.827s
iter484		 Improve solution by repack 0.6449939532383768->0.6445767266863747 , unplacedBoxesSize:5
currentRepackCostTime:146.62800000000001s , currentRepackMaxTime:343.827s
iter530		 Improve solution by repack 0.6445767266863747->0.6426740123622682 , unplacedBoxesSize:5
currentRepackCostTime:147.255s , currentRepackMaxTime:343.827s
Selecting boards with low utilization for repacking...
iter3		 Improve solution by repack 0.9789611327600107->0.6783621674281108 , unplacedBoxesSize:8
currentRepackCostTime:151.668s , currentRepackMaxTime:343.827s
iter11		 Improve solution by repack 0.6783621674281108->0.6510568395592583 , unplacedBoxesSize:6
currentRepackCostTime:151.806s , currentRepackMaxTime:343.827s
iter16		 Improve solution by repack 0.6510568395592583->0.6473427841977963 , unplacedBoxesSize:5
currentRepackCostTime:151.854s , currentRepackMaxTime:343.827s
iter26		 Improve solution by repack 0.6473427841977963->0.6435131685030906 , unplacedBoxesSize:5
currentRepackCostTime:151.969s , currentRepackMaxTime:343.827s
iter52		 Improve solution by repack 0.6435131685030906->0.6433438591776405 , unplacedBoxesSize:5
currentRepackCostTime:152.304s , currentRepackMaxTime:343.827s
iter102		 Improve solution by repack 0.6433438591776405->0.6414169578070411 , unplacedBoxesSize:5
currentRepackCostTime:152.946s , currentRepackMaxTime:343.827s
Selecting boards with low utilization for repacking...
Selecting boards with low utilization for repacking...
iter3		 Improve solution by repack 0.9696492878258534->0.6763726148884708 , unplacedBoxesSize:5
currentRepackCostTime:159.83700000000002s , currentRepackMaxTime:343.827s
iter8		 Improve solution by repack 0.6763726148884708->0.6729167226552002 , unplacedBoxesSize:12
currentRepackCostTime:159.899s , currentRepackMaxTime:343.827s
iter10		 Improve solution by repack 0.6729167226552002->0.671394786347756 , unplacedBoxesSize:10
currentRepackCostTime:159.91s , currentRepackMaxTime:343.827s
iter26		 Improve solution by repack 0.671394786347756->0.6507380408492341 , unplacedBoxesSize:11
currentRepackCostTime:160.201s , currentRepackMaxTime:343.827s
iter31		 Improve solution by repack 0.6507380408492341->0.6438366702499327 , unplacedBoxesSize:11
currentRepackCostTime:160.267s , currentRepackMaxTime:343.827s
iter33		 Improve solution by repack 0.6438366702499327->0.6423276672937382 , unplacedBoxesSize:8
currentRepackCostTime:160.294s , currentRepackMaxTime:343.827s
iter81		 Improve solution by repack 0.6423276672937382->0.6409332168771836 , unplacedBoxesSize:5
currentRepackCostTime:161.089s , currentRepackMaxTime:343.827s
iter160		 Improve solution by repack 0.6409332168771836->0.6385655737704918 , unplacedBoxesSize:7
currentRepackCostTime:162.28s , currentRepackMaxTime:343.827s
iter184		 Improve solution by repack 0.6385655737704918->0.6385007390486428 , unplacedBoxesSize:10
currentRepackCostTime:162.709s , currentRepackMaxTime:343.827s
iter233		 Improve solution by repack 0.6385007390486428->0.636601048105348 , unplacedBoxesSize:11
currentRepackCostTime:163.622s , currentRepackMaxTime:343.827s
iter243		 Improve solution by repack 0.636601048105348->0.6351568798710024 , unplacedBoxesSize:11
currentRepackCostTime:163.791s , currentRepackMaxTime:343.827s
iter256		 Improve solution by repack 0.6351568798710024->0.6335847218489653 , unplacedBoxesSize:7
currentRepackCostTime:164.07500000000002s , currentRepackMaxTime:343.827s
Selecting boards with low utilization for repacking...
Selecting boards with low utilization for repacking...
iter4		 Improve solution by repack 0.9724133297500671->0.6454578742273582 , unplacedBoxesSize:8
currentRepackCostTime:173.113s , currentRepackMaxTime:343.827s
iter39		 Improve solution by repack 0.6454578742273582->0.6410911045417899 , unplacedBoxesSize:5
currentRepackCostTime:173.67600000000002s , currentRepackMaxTime:343.827s
iter42		 Improve solution by repack 0.6410911045417899->0.6300940607363612 , unplacedBoxesSize:4
currentRepackCostTime:173.708s , currentRepackMaxTime:343.827s
Selecting boards with low utilization for repacking...
Selecting boards with low utilization for repacking...
iter7		 Improve solution by repack 0.9796499596882557->0.6300940607363612 , unplacedBoxesSize:4
currentRepackCostTime:181.663s , currentRepackMaxTime:343.827s
Selecting boards with low utilization for repacking...
Selecting boards with low utilization for repacking...
iter1		 Improve solution by repack 0.9796499596882557->0.9779948266595001 , unplacedBoxesSize:9
currentRepackCostTime:190.073s , currentRepackMaxTime:343.827s
iter4		 Improve solution by repack 0.9779948266595001->0.642327331362537 , unplacedBoxesSize:7
currentRepackCostTime:190.122s , currentRepackMaxTime:343.827s
iter130		 Improve solution by repack 0.642327331362537->0.6410642300456867 , unplacedBoxesSize:8
currentRepackCostTime:192.049s , currentRepackMaxTime:343.827s
iter156		 Improve solution by repack 0.6410642300456867->0.6381792528890083 , unplacedBoxesSize:7
currentRepackCostTime:192.422s , currentRepackMaxTime:343.827s
iter199		 Improve solution by repack 0.6381792528890083->0.633974737973663 , unplacedBoxesSize:8
currentRepackCostTime:193.138s , currentRepackMaxTime:343.827s
iter355		 Improve solution by repack 0.633974737973663->0.632926296694437 , unplacedBoxesSize:10
currentRepackCostTime:195.638s , currentRepackMaxTime:343.827s
iter373		 Improve solution by repack 0.632926296694437->0.6329133633431874 , unplacedBoxesSize:8
currentRepackCostTime:195.973s , currentRepackMaxTime:343.827s
iter451		 Improve solution by repack 0.6329133633431874->0.6302151639344262 , unplacedBoxesSize:9
currentRepackCostTime:197.223s , currentRepackMaxTime:343.827s
iter453		 Improve solution by repack 0.6302151639344262->0.6277277613544746 , unplacedBoxesSize:7
currentRepackCostTime:197.275s , currentRepackMaxTime:343.827s
iter478		 Improve solution by repack 0.6277277613544746->0.6271526471378661 , unplacedBoxesSize:10
currentRepackCostTime:197.643s , currentRepackMaxTime:343.827s
iter484		 Improve solution by repack 0.6271526471378661->0.6263101316850309 , unplacedBoxesSize:10
currentRepackCostTime:197.791s , currentRepackMaxTime:343.827s
iter486		 Improve solution by repack 0.6263101316850309->0.6186965869389949 , unplacedBoxesSize:9
currentRepackCostTime:197.821s , currentRepackMaxTime:343.827s
iter533		 Improve solution by repack 0.6186965869389949->0.6163316312819135 , unplacedBoxesSize:8
currentRepackCostTime:198.668s , currentRepackMaxTime:343.827s
iter544		 Improve solution by repack 0.6163316312819135->0.6150349368449342 , unplacedBoxesSize:8
currentRepackCostTime:198.87s , currentRepackMaxTime:343.827s
iter589		 Improve solution by repack 0.6150349368449342->0.6096806973931739 , unplacedBoxesSize:8
currentRepackCostTime:199.624s , currentRepackMaxTime:343.827s
iter603		 Improve solution by repack 0.6096806973931739->0.607786213383499 , unplacedBoxesSize:9
currentRepackCostTime:199.859s , currentRepackMaxTime:343.827s
iter604		 Improve solution by repack 0.607786213383499->0.6064891830153185 , unplacedBoxesSize:8
currentRepackCostTime:199.87s , currentRepackMaxTime:343.827s
iter628		 Improve solution by repack 0.6064891830153185->0.6051353802741198 , unplacedBoxesSize:8
currentRepackCostTime:200.28300000000002s , currentRepackMaxTime:343.827s
iter632		 Improve solution by repack 0.6051353802741198->0.6046576861058854 , unplacedBoxesSize:8
currentRepackCostTime:200.345s , currentRepackMaxTime:343.827s
Selecting boards with low utilization for repacking...
Selecting boards with low utilization for repacking...
iter4		 Improve solution by repack 0.9783546089760817->0.6311902042461703 , unplacedBoxesSize:4
currentRepackCostTime:211.248s , currentRepackMaxTime:343.827s
iter79		 Improve solution by repack 0.6311902042461703->0.626055999731255 , unplacedBoxesSize:8
currentRepackCostTime:212.285s , currentRepackMaxTime:343.827s
iter144		 Improve solution by repack 0.626055999731255->0.6255475678581026 , unplacedBoxesSize:7
currentRepackCostTime:213.364s , currentRepackMaxTime:343.827s
iter160		 Improve solution by repack 0.6255475678581026->0.6184352324643912 , unplacedBoxesSize:6
currentRepackCostTime:213.608s , currentRepackMaxTime:343.827s
iter211		 Improve solution by repack 0.6184352324643912->0.6181732061273851 , unplacedBoxesSize:6
currentRepackCostTime:214.326s , currentRepackMaxTime:343.827s
iter275		 Improve solution by repack 0.6181732061273851->0.6176410911045418 , unplacedBoxesSize:6
currentRepackCostTime:215.28300000000002s , currentRepackMaxTime:343.827s
iter289		 Improve solution by repack 0.6176410911045418->0.6109758801397475 , unplacedBoxesSize:7
currentRepackCostTime:215.518s , currentRepackMaxTime:343.827s
iter381		 Improve solution by repack 0.6109758801397475->0.6046576861058854 , unplacedBoxesSize:8
currentRepackCostTime:216.933s , currentRepackMaxTime:343.827s
Selecting boards with low utilization for repacking...
Selecting boards with low utilization for repacking...
iter3		 Improve solution by repack 0.9783546089760817->0.6139686912120398 , unplacedBoxesSize:7
currentRepackCostTime:224.841s , currentRepackMaxTime:343.827s
iter18		 Improve solution by repack 0.6139686912120398->0.6067713652244021 , unplacedBoxesSize:8
currentRepackCostTime:225.07500000000002s , currentRepackMaxTime:343.827s
iter84		 Improve solution by repack 0.6067713652244021->0.6046576861058854 , unplacedBoxesSize:8
currentRepackCostTime:226.193s , currentRepackMaxTime:343.827s
Selecting boards with low utilization for repacking...
Selecting boards with low utilization for repacking...
iter5		 Improve solution by repack 0.9783546089760817->0.629852862133835 , unplacedBoxesSize:4
currentRepackCostTime:235.781s , currentRepackMaxTime:343.827s
iter11		 Improve solution by repack 0.629852862133835->0.6221019215264714 , unplacedBoxesSize:11
currentRepackCostTime:235.86s , currentRepackMaxTime:343.827s
iter18		 Improve solution by repack 0.6221019215264714->0.6182686105885514 , unplacedBoxesSize:11
currentRepackCostTime:235.98000000000002s , currentRepackMaxTime:343.827s
iter62		 Improve solution by repack 0.6182686105885514->0.6163689196452566 , unplacedBoxesSize:12
currentRepackCostTime:236.797s , currentRepackMaxTime:343.827s
iter72		 Improve solution by repack 0.6163689196452566->0.6143828943832302 , unplacedBoxesSize:11
currentRepackCostTime:236.969s , currentRepackMaxTime:343.827s
iter193		 Improve solution by repack 0.6143828943832302->0.6142960561676969 , unplacedBoxesSize:9
currentRepackCostTime:239.27700000000002s , currentRepackMaxTime:343.827s
iter221		 Improve solution by repack 0.6142960561676969->0.6109483337812416 , unplacedBoxesSize:12
currentRepackCostTime:239.74200000000002s , currentRepackMaxTime:343.827s
iter223		 Improve solution by repack 0.6109483337812416->0.6105032249395324 , unplacedBoxesSize:7
currentRepackCostTime:239.767s , currentRepackMaxTime:343.827s
iter249		 Improve solution by repack 0.6105032249395324->0.6094826659500134 , unplacedBoxesSize:8
currentRepackCostTime:240.167s , currentRepackMaxTime:343.827s
iter264		 Improve solution by repack 0.6094826659500134->0.6017965600644988 , unplacedBoxesSize:7
currentRepackCostTime:240.46200000000002s , currentRepackMaxTime:343.827s
iter297		 Improve solution by repack 0.6017965600644988->0.6005993012631013 , unplacedBoxesSize:7
currentRepackCostTime:240.99200000000002s , currentRepackMaxTime:343.827s
iter301		 Improve solution by repack 0.6005993012631013->0.6003372749260951 , unplacedBoxesSize:7
currentRepackCostTime:241.072s , currentRepackMaxTime:343.827s
iter407		 Improve solution by repack 0.6003372749260951->0.5964942219833378 , unplacedBoxesSize:7
currentRepackCostTime:242.98600000000002s , currentRepackMaxTime:343.827s
Selecting boards with low utilization for repacking...
Selecting boards with low utilization for repacking...
iter2		 Improve solution by repack 0.9750105818328406->0.5964942219833378 , unplacedBoxesSize:7
currentRepackCostTime:250.852s , currentRepackMaxTime:343.827s
Selecting boards with low utilization for repacking...
Selecting boards with low utilization for repacking...
iter1		 Improve solution by repack 0.9750105818328406->0.9722661918839021 , unplacedBoxesSize:8
currentRepackCostTime:262.186s , currentRepackMaxTime:343.827s
iter13		 Improve solution by repack 0.9722661918839021->0.6130811609782317 , unplacedBoxesSize:4
currentRepackCostTime:262.358s , currentRepackMaxTime:343.827s
Selecting boards with low utilization for repacking...
Selecting boards with low utilization for repacking...
iter15		 Improve solution by repack 0.9624079548508465->0.6130811609782317 , unplacedBoxesSize:4
currentRepackCostTime:270.57s , currentRepackMaxTime:343.827s
Selecting boards with low utilization for repacking...
Selecting boards with low utilization for repacking...
iter13		 Improve solution by repack 0.9638672399892503->0.9624079548508465 , unplacedBoxesSize:9
currentRepackCostTime:278.69s , currentRepackMaxTime:343.827s
iter17		 Improve solution by repack 0.9624079548508465->0.6130811609782317 , unplacedBoxesSize:4
currentRepackCostTime:278.742s , currentRepackMaxTime:343.827s
Selecting boards with low utilization for repacking...
Selecting boards with low utilization for repacking...
iter16		 Improve solution by repack 0.9624079548508465->0.6130811609782317 , unplacedBoxesSize:4
currentRepackCostTime:287.056s , currentRepackMaxTime:343.827s
Selecting boards with low utilization for repacking...
Selecting boards with low utilization for repacking...
iter1		 Improve solution by repack 0.9624079548508465->0.618873958613276 , unplacedBoxesSize:5
currentRepackCostTime:295.019s , currentRepackMaxTime:343.827s
Selecting boards with low utilization for repacking...
Selecting boards with low utilization for repacking...
iter9		 Improve solution by repack 0.9618758398280033->0.618873958613276 , unplacedBoxesSize:5
currentRepackCostTime:304.127s , currentRepackMaxTime:343.827s
iter129		 Improve solution by repack 0.618873958613276->0.6162308519215265 , unplacedBoxesSize:6
currentRepackCostTime:305.729s , currentRepackMaxTime:343.827s
iter146		 Improve solution by repack 0.6162308519215265->0.6143415748454717 , unplacedBoxesSize:6
currentRepackCostTime:306.046s , currentRepackMaxTime:343.827s
iter267		 Improve solution by repack 0.6143415748454717->0.6132679387261488 , unplacedBoxesSize:6
currentRepackCostTime:308.157s , currentRepackMaxTime:343.827s
iter288		 Improve solution by repack 0.6132679387261488->0.6125564364418167 , unplacedBoxesSize:8
currentRepackCostTime:308.46s , currentRepackMaxTime:343.827s
iter457		 Improve solution by repack 0.6125564364418167->0.6090392367643107 , unplacedBoxesSize:7
currentRepackCostTime:311.55s , currentRepackMaxTime:343.827s
iter513		 Improve solution by repack 0.6090392367643107->0.6064043603869927 , unplacedBoxesSize:4
currentRepackCostTime:312.559s , currentRepackMaxTime:343.827s
Selecting boards with low utilization for repacking...
Selecting boards with low utilization for repacking...
iter11		 Improve solution by repack 0.9693516527815104->0.613272137866165 , unplacedBoxesSize:6
currentRepackCostTime:319.656s , currentRepackMaxTime:343.827s
Selecting boards with low utilization for repacking...
iter133		 Improve solution by repack 0.613272137866165->0.6130000335931202 , unplacedBoxesSize:6
currentRepackCostTime:328.122s , currentRepackMaxTime:343.827s
iter145		 Improve solution by repack 0.6130000335931202->0.6112807377049181 , unplacedBoxesSize:6
currentRepackCostTime:328.277s , currentRepackMaxTime:343.827s
iter166		 Improve solution by repack 0.6112807377049181->0.6108413396936307 , unplacedBoxesSize:6
currentRepackCostTime:328.642s , currentRepackMaxTime:343.827s
iter183		 Improve solution by repack 0.6108413396936307->0.6097310870733673 , unplacedBoxesSize:6
currentRepackCostTime:328.94s , currentRepackMaxTime:343.827s
iter206		 Improve solution by repack 0.6097310870733673->0.609253392905133 , unplacedBoxesSize:6
currentRepackCostTime:329.294s , currentRepackMaxTime:343.827s
Selecting boards with low utilization for repacking...
Selecting boards with low utilization for repacking...
iter2		 Improve solution by repack 0.9668341843590432->0.624888806772373 , unplacedBoxesSize:7
currentRepackCostTime:335.949s , currentRepackMaxTime:343.827s
iter25		 Improve solution by repack 0.624888806772373->0.6229787019618382 , unplacedBoxesSize:6
currentRepackCostTime:336.358s , currentRepackMaxTime:343.827s
iter143		 Improve solution by repack 0.6229787019618382->0.6193671056167697 , unplacedBoxesSize:5
currentRepackCostTime:338.224s , currentRepackMaxTime:343.827s
iter157		 Improve solution by repack 0.6193671056167697->0.6181485151840903 , unplacedBoxesSize:7
currentRepackCostTime:338.40000000000003s , currentRepackMaxTime:343.827s
iter198		 Improve solution by repack 0.6181485151840903->0.6143491332975006 , unplacedBoxesSize:6
currentRepackCostTime:338.945s , currentRepackMaxTime:343.827s
Selecting boards with low utilization for repacking...
Global repack result: 21 -> 21 boards.
Start nesting on the 1th large board, remaining blocks count: 152
Utilization of the 1th large board: 97.95646331631282, Time taken for this board: 2.606s
-------------------------------------------------------------------
Start nesting on the 2th large board, remaining blocks count: 151
Utilization of the 2th large board: 98.5151840902983, Time taken for this board: 5.506s
-------------------------------------------------------------------
Start nesting on the 3th large board, remaining blocks count: 143
Utilization of the 3th large board: 98.52398548777211, Time taken for this board: 8.974s
-------------------------------------------------------------------
Start nesting on the 4th large board, remaining blocks count: 136
Utilization of the 4th large board: 97.7727089492072, Time taken for this board: 14.073s
-------------------------------------------------------------------
Start nesting on the 5th large board, remaining blocks count: 123
Utilization of the 5th large board: 96.52371674281108, Time taken for this board: 15.122s
-------------------------------------------------------------------
Start nesting on the 6th large board, remaining blocks count: 111
Utilization of the 6th large board: 98.82823837678043, Time taken for this board: 15.638s
-------------------------------------------------------------------
Start nesting on the 7th large board, remaining blocks count: 104
Utilization of the 7th large board: 98.81355818328406, Time taken for this board: 16.716s
-------------------------------------------------------------------
Start nesting on the 8th large board, remaining blocks count: 92
Utilization of the 8th large board: 97.08371405536147, Time taken for this board: 17.507s
-------------------------------------------------------------------
Start nesting on the 9th large board, remaining blocks count: 82
Utilization of the 9th large board: 97.17878258532652, Time taken for this board: 18.132s
-------------------------------------------------------------------
Start nesting on the 10th large board, remaining blocks count: 72
Utilization of the 10th large board: 98.42001478097285, Time taken for this board: 18.865000000000002s
-------------------------------------------------------------------
Start nesting on the 11th large board, remaining blocks count: 69
Utilization of the 11th large board: 97.29753426498253, Time taken for this board: 19.346s
-------------------------------------------------------------------
Start nesting on the 12th large board, remaining blocks count: 61
Utilization of the 12th large board: 94.33263907551733, Time taken for this board: 19.539s
-------------------------------------------------------------------
Start nesting on the 13th large board, remaining blocks count: 55
Utilization of the 13th large board: 96.69094329481322, Time taken for this board: 19.691s
-------------------------------------------------------------------
Start nesting on the 14th large board, remaining blocks count: 46
Utilization of the 14th large board: 98.33628392905132, Time taken for this board: 19.78s
-------------------------------------------------------------------
Start nesting on the 15th large board, remaining blocks count: 38
Utilization of the 15th large board: 96.87886320881482, Time taken for this board: 19.853s
-------------------------------------------------------------------
Start nesting on the 16th large board, remaining blocks count: 28
Utilization of the 16th large board: 96.55240526740124, Time taken for this board: 19.869s
-------------------------------------------------------------------
Start nesting on the 17th large board, remaining blocks count: 18
Utilization of the 17th large board: 89.26232867508733, Time taken for this board: 19.883s
-------------------------------------------------------------------
Start nesting on the 18th large board, remaining blocks count: 4
Utilization of the 18th large board: 69.02418704649287, Time taken for this board: 19.883s
-------------------------------------------------------------------
Start global repack optimization for 18 boards, time=186.994s.
Start improving solution by repacking.
Selecting boards with low utilization for repacking...
iter5		 Improve solution by repack 0.6902418704649288->0.6504839088954583 , unplacedBoxesSize:5
currentRepackCostTime:0.068s , currentRepackMaxTime:186.994s
iter42		 Improve solution by repack 0.6504839088954583->0.6497087476484816 , unplacedBoxesSize:4
currentRepackCostTime:0.365s , currentRepackMaxTime:186.994s
iter44		 Improve solution by repack 0.6497087476484816->0.6398058317656544 , unplacedBoxesSize:7
currentRepackCostTime:0.385s , currentRepackMaxTime:186.994s
iter52		 Improve solution by repack 0.6398058317656544->0.6162316917495297 , unplacedBoxesSize:5
currentRepackCostTime:0.468s , currentRepackMaxTime:186.994s
iter70		 Improve solution by repack 0.6162316917495297->0.605141427035743 , unplacedBoxesSize:7
currentRepackCostTime:0.594s , currentRepackMaxTime:186.994s
iter71		 Improve solution by repack 0.605141427035743->0.599496103198065 , unplacedBoxesSize:9
currentRepackCostTime:0.611s , currentRepackMaxTime:186.994s
iter76		 Improve solution by repack 0.599496103198065->0.5988877317925289 , unplacedBoxesSize:11
currentRepackCostTime:0.654s , currentRepackMaxTime:186.994s
iter79		 Improve solution by repack 0.5988877317925289->0.5626001074979844 , unplacedBoxesSize:3
currentRepackCostTime:0.713s , currentRepackMaxTime:186.994s
iter146		 Improve solution by repack 0.5626001074979844->0.5541695780704111 , unplacedBoxesSize:4
currentRepackCostTime:1.201s , currentRepackMaxTime:186.994s
iter168		 Improve solution by repack 0.5541695780704111->0.546821083042193 , unplacedBoxesSize:6
currentRepackCostTime:1.419s , currentRepackMaxTime:186.994s
iter198		 Improve solution by repack 0.546821083042193->0.5455647003493684 , unplacedBoxesSize:6
currentRepackCostTime:1.76s , currentRepackMaxTime:186.994s
iter202		 Improve solution by repack 0.5455647003493684->0.5453715399086266 , unplacedBoxesSize:5
currentRepackCostTime:1.798s , currentRepackMaxTime:186.994s
iter235		 Improve solution by repack 0.5453715399086266->0.5432289707067992 , unplacedBoxesSize:5
currentRepackCostTime:2.1310000000000002s , currentRepackMaxTime:186.994s
iter275		 Improve solution by repack 0.5432289707067992->0.5371029293200753 , unplacedBoxesSize:5
currentRepackCostTime:2.471s , currentRepackMaxTime:186.994s
iter282		 Improve solution by repack 0.5371029293200753->0.5354380542864821 , unplacedBoxesSize:4
currentRepackCostTime:2.521s , currentRepackMaxTime:186.994s
Selecting boards with low utilization for repacking...
Selecting boards with low utilization for repacking...
iter11		 Improve solution by repack 0.9667804353668369->0.5563144987906476 , unplacedBoxesSize:4
currentRepackCostTime:5.349s , currentRepackMaxTime:186.994s
iter12		 Improve solution by repack 0.5563144987906476->0.5532074711099167 , unplacedBoxesSize:5
currentRepackCostTime:5.367s , currentRepackMaxTime:186.994s
iter66		 Improve solution by repack 0.5532074711099167->0.5480922467078743 , unplacedBoxesSize:6
currentRepackCostTime:5.848s , currentRepackMaxTime:186.994s
iter88		 Improve solution by repack 0.5480922467078743->0.547012227895727 , unplacedBoxesSize:7
currentRepackCostTime:6.0680000000000005s , currentRepackMaxTime:186.994s
iter115		 Improve solution by repack 0.547012227895727->0.5453517199677506 , unplacedBoxesSize:9
currentRepackCostTime:6.323s , currentRepackMaxTime:186.994s
iter117		 Improve solution by repack 0.5453517199677506->0.5407387127116366 , unplacedBoxesSize:8
currentRepackCostTime:6.3500000000000005s , currentRepackMaxTime:186.994s
iter118		 Improve solution by repack 0.5407387127116366->0.5331399489384574 , unplacedBoxesSize:7
currentRepackCostTime:6.354s , currentRepackMaxTime:186.994s
iter142		 Improve solution by repack 0.5331399489384574->0.525560669174953 , unplacedBoxesSize:5
currentRepackCostTime:6.618s , currentRepackMaxTime:186.994s
iter148		 Improve solution by repack 0.525560669174953->0.5250248589088954 , unplacedBoxesSize:5
currentRepackCostTime:6.68s , currentRepackMaxTime:186.994s
iter153		 Improve solution by repack 0.5250248589088954->0.5238591776404192 , unplacedBoxesSize:6
currentRepackCostTime:6.697s , currentRepackMaxTime:186.994s
iter158		 Improve solution by repack 0.5238591776404192->0.5236226820747112 , unplacedBoxesSize:6
currentRepackCostTime:6.745s , currentRepackMaxTime:186.994s
iter226		 Improve solution by repack 0.5236226820747112->0.5160239183015318 , unplacedBoxesSize:5
currentRepackCostTime:7.393s , currentRepackMaxTime:186.994s
iter250		 Improve solution by repack 0.5160239183015318->0.5117542327331362 , unplacedBoxesSize:5
currentRepackCostTime:7.6160000000000005s , currentRepackMaxTime:186.994s
Selecting boards with low utilization for repacking...
Selecting boards with low utilization for repacking...
iter4		 Improve solution by repack 0.9669094329481323->0.5300604676162323 , unplacedBoxesSize:5
currentRepackCostTime:10.777000000000001s , currentRepackMaxTime:186.994s
Selecting boards with low utilization for repacking...
Selecting boards with low utilization for repacking...
iter17		 Improve solution by repack 0.9486031980650362->0.5396976619188391 , unplacedBoxesSize:4
currentRepackCostTime:14.617s , currentRepackMaxTime:186.994s
iter22		 Improve solution by repack 0.5396976619188391->0.5372863477559796 , unplacedBoxesSize:5
currentRepackCostTime:14.65s , currentRepackMaxTime:186.994s
iter24		 Improve solution by repack 0.5372863477559796->0.5300604676162323 , unplacedBoxesSize:5
currentRepackCostTime:14.671000000000001s , currentRepackMaxTime:186.994s
Selecting boards with low utilization for repacking...
Selecting boards with low utilization for repacking...
iter22		 Improve solution by repack 0.9491390083310938->0.9490483069067456 , unplacedBoxesSize:9
currentRepackCostTime:18.427s , currentRepackMaxTime:186.994s
iter30		 Improve solution by repack 0.9490483069067456->0.5366504299919377 , unplacedBoxesSize:5
currentRepackCostTime:18.537s , currentRepackMaxTime:186.994s
iter31		 Improve solution by repack 0.5366504299919377->0.5309735286213384 , unplacedBoxesSize:6
currentRepackCostTime:18.552s , currentRepackMaxTime:186.994s
iter48		 Improve solution by repack 0.5309735286213384->0.5213225611394787 , unplacedBoxesSize:6
currentRepackCostTime:18.713s , currentRepackMaxTime:186.994s
iter51		 Improve solution by repack 0.5213225611394787->0.520754165546896 , unplacedBoxesSize:5
currentRepackCostTime:18.757s , currentRepackMaxTime:186.994s
Selecting boards with low utilization for repacking...
Selecting boards with low utilization for repacking...
iter10		 Improve solution by repack 0.9649116500940608->0.5650309056705187 , unplacedBoxesSize:3
currentRepackCostTime:22.336000000000002s , currentRepackMaxTime:186.994s
iter60		 Improve solution by repack 0.5650309056705187->0.5591621875839828 , unplacedBoxesSize:7
currentRepackCostTime:22.686s , currentRepackMaxTime:186.994s
iter63		 Improve solution by repack 0.5591621875839828->0.55913800053749 , unplacedBoxesSize:9
currentRepackCostTime:22.721s , currentRepackMaxTime:186.994s
iter65		 Improve solution by repack 0.55913800053749->0.5583452029024456 , unplacedBoxesSize:9
currentRepackCostTime:22.732s , currentRepackMaxTime:186.994s
iter69		 Improve solution by repack 0.5583452029024456->0.5564384574039237 , unplacedBoxesSize:6
currentRepackCostTime:22.767s , currentRepackMaxTime:186.994s
iter73		 Improve solution by repack 0.5564384574039237->0.5534957000806235 , unplacedBoxesSize:8
currentRepackCostTime:22.795s , currentRepackMaxTime:186.994s
iter87		 Improve solution by repack 0.5534957000806235->0.5525997715667832 , unplacedBoxesSize:7
currentRepackCostTime:22.96s , currentRepackMaxTime:186.994s
iter92		 Improve solution by repack 0.5525997715667832->0.5520639613007255 , unplacedBoxesSize:7
currentRepackCostTime:23.018s , currentRepackMaxTime:186.994s
iter99		 Improve solution by repack 0.5520639613007255->0.5507407282988444 , unplacedBoxesSize:4
currentRepackCostTime:23.11s , currentRepackMaxTime:186.994s
iter106		 Improve solution by repack 0.5507407282988444->0.55001041386724 , unplacedBoxesSize:8
currentRepackCostTime:23.174s , currentRepackMaxTime:186.994s
iter117		 Improve solution by repack 0.55001041386724->0.5492451625907014 , unplacedBoxesSize:6
currentRepackCostTime:23.299s , currentRepackMaxTime:186.994s
iter120		 Improve solution by repack 0.5492451625907014->0.5436888605213652 , unplacedBoxesSize:8
currentRepackCostTime:23.341s , currentRepackMaxTime:186.994s
iter135		 Improve solution by repack 0.5436888605213652->0.5391013840365493 , unplacedBoxesSize:4
currentRepackCostTime:23.476s , currentRepackMaxTime:186.994s
iter170		 Improve solution by repack 0.5391013840365493->0.5249539774254233 , unplacedBoxesSize:4
currentRepackCostTime:23.752s , currentRepackMaxTime:186.994s
iter175		 Improve solution by repack 0.5249539774254233->0.5219524321418973 , unplacedBoxesSize:8
currentRepackCostTime:23.803s , currentRepackMaxTime:186.994s
iter176		 Improve solution by repack 0.5219524321418973->0.5188934426229508 , unplacedBoxesSize:7
currentRepackCostTime:23.815s , currentRepackMaxTime:186.994s
iter182		 Improve solution by repack 0.5188934426229508->0.516844262295082 , unplacedBoxesSize:5
currentRepackCostTime:23.88s , currentRepackMaxTime:186.994s
iter210		 Improve solution by repack 0.516844262295082->0.5149818597151303 , unplacedBoxesSize:5
currentRepackCostTime:24.145s , currentRepackMaxTime:186.994s
iter234		 Improve solution by repack 0.5149818597151303->0.51439062080086 , unplacedBoxesSize:5
currentRepackCostTime:24.355s , currentRepackMaxTime:186.994s
iter287		 Improve solution by repack 0.51439062080086->0.5125967481859715 , unplacedBoxesSize:5
currentRepackCostTime:24.75s , currentRepackMaxTime:186.994s
Selecting boards with low utilization for repacking...
Selecting boards with low utilization for repacking...
iter2		 Improve solution by repack 0.9584426229508197->0.5343133566245633 , unplacedBoxesSize:5
currentRepackCostTime:27.455000000000002s , currentRepackMaxTime:186.994s
iter32		 Improve solution by repack 0.5343133566245633->0.5294094329481323 , unplacedBoxesSize:8
currentRepackCostTime:27.735s , currentRepackMaxTime:186.994s
iter40		 Improve solution by repack 0.5294094329481323->0.5287909836065574 , unplacedBoxesSize:8
currentRepackCostTime:27.816s , currentRepackMaxTime:186.994s
iter50		 Improve solution by repack 0.5287909836065574->0.5281849637194302 , unplacedBoxesSize:8
currentRepackCostTime:27.938s , currentRepackMaxTime:186.994s
iter66		 Improve solution by repack 0.5281849637194302->0.5198149019080892 , unplacedBoxesSize:7
currentRepackCostTime:28.09s , currentRepackMaxTime:186.994s
iter95		 Improve solution by repack 0.5198149019080892->0.515498185971513 , unplacedBoxesSize:7
currentRepackCostTime:28.377s , currentRepackMaxTime:186.994s
iter111		 Improve solution by repack 0.515498185971513->0.5153641494221983 , unplacedBoxesSize:7
currentRepackCostTime:28.551000000000002s , currentRepackMaxTime:186.994s
iter128		 Improve solution by repack 0.5153641494221983->0.511107565170653 , unplacedBoxesSize:6
currentRepackCostTime:28.734s , currentRepackMaxTime:186.994s
iter133		 Improve solution by repack 0.511107565170653->0.5031221445847891 , unplacedBoxesSize:6
currentRepackCostTime:28.759s , currentRepackMaxTime:186.994s
iter139		 Improve solution by repack 0.5031221445847891->0.501268476216071 , unplacedBoxesSize:5
currentRepackCostTime:28.809s , currentRepackMaxTime:186.994s
iter240		 Improve solution by repack 0.501268476216071->0.49825047030368186 , unplacedBoxesSize:8
currentRepackCostTime:29.7s , currentRepackMaxTime:186.994s
iter254		 Improve solution by repack 0.49825047030368186->0.4976941682343456 , unplacedBoxesSize:8
currentRepackCostTime:29.897000000000002s , currentRepackMaxTime:186.994s
iter264		 Improve solution by repack 0.4976941682343456->0.483504434291857 , unplacedBoxesSize:7
currentRepackCostTime:29.998s , currentRepackMaxTime:186.994s
iter285		 Improve solution by repack 0.483504434291857->0.48087610857296426 , unplacedBoxesSize:7
currentRepackCostTime:30.212s , currentRepackMaxTime:186.994s
iter381		 Improve solution by repack 0.48087610857296426->0.47938490997043803 , unplacedBoxesSize:8
currentRepackCostTime:31.14s , currentRepackMaxTime:186.994s
iter388		 Improve solution by repack 0.47938490997043803->0.4790221042730449 , unplacedBoxesSize:8
currentRepackCostTime:31.208000000000002s , currentRepackMaxTime:186.994s
iter446		 Improve solution by repack 0.4790221042730449->0.4739340902983069 , unplacedBoxesSize:6
currentRepackCostTime:31.872s , currentRepackMaxTime:186.994s
Selecting boards with low utilization for repacking...
Selecting boards with low utilization for repacking...
iter16		 Improve solution by repack 0.9672252082773447->0.5170988981456598 , unplacedBoxesSize:5
currentRepackCostTime:34.796s , currentRepackMaxTime:186.994s
iter46		 Improve solution by repack 0.5170988981456598->0.5114236764310669 , unplacedBoxesSize:6
currentRepackCostTime:35.021s , currentRepackMaxTime:186.994s
iter51		 Improve solution by repack 0.5114236764310669->0.5064881752217146 , unplacedBoxesSize:7
currentRepackCostTime:35.052s , currentRepackMaxTime:186.994s
iter78		 Improve solution by repack 0.5064881752217146->0.5008374764848159 , unplacedBoxesSize:9
currentRepackCostTime:35.367s , currentRepackMaxTime:186.994s
iter80		 Improve solution by repack 0.5008374764848159->0.47979743348562215 , unplacedBoxesSize:6
currentRepackCostTime:35.392s , currentRepackMaxTime:186.994s
iter97		 Improve solution by repack 0.47979743348562215->0.4728624697661919 , unplacedBoxesSize:7
currentRepackCostTime:35.549s , currentRepackMaxTime:186.994s
iter105		 Improve solution by repack 0.4728624697661919->0.4726995431335662 , unplacedBoxesSize:6
currentRepackCostTime:35.622s , currentRepackMaxTime:186.994s
iter127		 Improve solution by repack 0.4726995431335662->0.4720081967213115 , unplacedBoxesSize:6
currentRepackCostTime:35.818s , currentRepackMaxTime:186.994s
iter238		 Improve solution by repack 0.4720081967213115->0.4709930126310131 , unplacedBoxesSize:7
currentRepackCostTime:36.885s , currentRepackMaxTime:186.994s
iter308		 Improve solution by repack 0.4709930126310131->0.46968288094598226 , unplacedBoxesSize:7
currentRepackCostTime:37.575s , currentRepackMaxTime:186.994s
Selecting boards with low utilization for repacking...
Selecting boards with low utilization for repacking...
iter2		 Improve solution by repack 0.9693236025262026->0.968029427573233 , unplacedBoxesSize:11
currentRepackCostTime:42.09s , currentRepackMaxTime:186.994s
iter3		 Improve solution by repack 0.968029427573233->0.4778782585326525 , unplacedBoxesSize:8
currentRepackCostTime:42.106s , currentRepackMaxTime:186.994s
iter25		 Improve solution by repack 0.4778782585326525->0.4740647675356087 , unplacedBoxesSize:6
currentRepackCostTime:42.343s , currentRepackMaxTime:186.994s
Selecting boards with low utilization for repacking...
Selecting boards with low utilization for repacking...
iter14		 Improve solution by repack 0.9715950013437248->0.9667092179521635 , unplacedBoxesSize:7
currentRepackCostTime:46.739000000000004s , currentRepackMaxTime:186.994s
iter25		 Improve solution by repack 0.9667092179521635->0.4831218086535878 , unplacedBoxesSize:6
currentRepackCostTime:46.812s , currentRepackMaxTime:186.994s
Selecting boards with low utilization for repacking...
Selecting boards with low utilization for repacking...
iter1		 Improve solution by repack 0.966355482397205->0.522096882558452 , unplacedBoxesSize:6
currentRepackCostTime:50.988s , currentRepackMaxTime:186.994s
iter3		 Improve solution by repack 0.522096882558452->0.5042072023649556 , unplacedBoxesSize:4
currentRepackCostTime:50.994s , currentRepackMaxTime:186.994s
iter13		 Improve solution by repack 0.5042072023649556->0.5034184359043268 , unplacedBoxesSize:6
currentRepackCostTime:51.093s , currentRepackMaxTime:186.994s
iter27		 Improve solution by repack 0.5034184359043268->0.4935219027143241 , unplacedBoxesSize:8
currentRepackCostTime:51.198s , currentRepackMaxTime:186.994s
iter50		 Improve solution by repack 0.4935219027143241->0.4923236361193227 , unplacedBoxesSize:9
currentRepackCostTime:51.416000000000004s , currentRepackMaxTime:186.994s
iter107		 Improve solution by repack 0.4923236361193227->0.4892599435635582 , unplacedBoxesSize:9
currentRepackCostTime:52.108000000000004s , currentRepackMaxTime:186.994s
iter112		 Improve solution by repack 0.4892599435635582->0.4876525127653857 , unplacedBoxesSize:7
currentRepackCostTime:52.189s , currentRepackMaxTime:186.994s
iter210		 Improve solution by repack 0.4876525127653857->0.48050423273313625 , unplacedBoxesSize:9
currentRepackCostTime:53.146s , currentRepackMaxTime:186.994s
iter218		 Improve solution by repack 0.48050423273313625->0.4783979441010481 , unplacedBoxesSize:9
currentRepackCostTime:53.245000000000005s , currentRepackMaxTime:186.994s
Selecting boards with low utilization for repacking...
Selecting boards with low utilization for repacking...
iter6		 Improve solution by repack 0.9666648750335932->0.5001894651975275 , unplacedBoxesSize:9
currentRepackCostTime:58.043s , currentRepackMaxTime:186.994s
iter46		 Improve solution by repack 0.5001894651975275->0.4979477962913196 , unplacedBoxesSize:9
currentRepackCostTime:58.506s , currentRepackMaxTime:186.994s
iter52		 Improve solution by repack 0.4979477962913196->0.4935114888470841 , unplacedBoxesSize:9
currentRepackCostTime:58.582s , currentRepackMaxTime:186.994s
iter70		 Improve solution by repack 0.4935114888470841->0.49253325718892776 , unplacedBoxesSize:8
currentRepackCostTime:58.794000000000004s , currentRepackMaxTime:186.994s
iter71		 Improve solution by repack 0.49253325718892776->0.4899126578876646 , unplacedBoxesSize:8
currentRepackCostTime:58.802s , currentRepackMaxTime:186.994s
iter100		 Improve solution by repack 0.4899126578876646->0.48945915076592317 , unplacedBoxesSize:7
currentRepackCostTime:59.142s , currentRepackMaxTime:186.994s
iter102		 Improve solution by repack 0.48945915076592317->0.48843120128997586 , unplacedBoxesSize:7
currentRepackCostTime:59.153s , currentRepackMaxTime:186.994s
iter199		 Improve solution by repack 0.48843120128997586->0.4817364283794679 , unplacedBoxesSize:8
currentRepackCostTime:60.136s , currentRepackMaxTime:186.994s
iter268		 Improve solution by repack 0.4817364283794679->0.47619961031980657 , unplacedBoxesSize:8
currentRepackCostTime:60.948s , currentRepackMaxTime:186.994s
iter272		 Improve solution by repack 0.47619961031980657->0.47070041655468964 , unplacedBoxesSize:8
currentRepackCostTime:60.989000000000004s , currentRepackMaxTime:186.994s
Selecting boards with low utilization for repacking...
Selecting boards with low utilization for repacking...
iter1		 Improve solution by repack 0.9741319537758667->0.47070041655468964 , unplacedBoxesSize:8
currentRepackCostTime:65.038s , currentRepackMaxTime:186.994s
Selecting boards with low utilization for repacking...
Selecting boards with low utilization for repacking...
iter17		 Improve solution by repack 0.9743684493415748->0.48602895726955114 , unplacedBoxesSize:8
currentRepackCostTime:70.682s , currentRepackMaxTime:186.994s
Selecting boards with low utilization for repacking...
Selecting boards with low utilization for repacking...
iter2		 Improve solution by repack 0.9678186307444235->0.9639537422735823 , unplacedBoxesSize:8
currentRepackCostTime:75.477s , currentRepackMaxTime:186.994s
iter4		 Improve solution by repack 0.9639537422735823->0.9632623958613277 , unplacedBoxesSize:8
currentRepackCostTime:75.5s , currentRepackMaxTime:186.994s
iter12		 Improve solution by repack 0.9632623958613277->0.5063855482397205 , unplacedBoxesSize:6
currentRepackCostTime:75.57300000000001s , currentRepackMaxTime:186.994s
iter18		 Improve solution by repack 0.5063855482397205->0.48602895726955114 , unplacedBoxesSize:8
currentRepackCostTime:75.625s , currentRepackMaxTime:186.994s
iter40		 Improve solution by repack 0.48602895726955114->0.48412758667024997 , unplacedBoxesSize:6
currentRepackCostTime:75.836s , currentRepackMaxTime:186.994s
Selecting boards with low utilization for repacking...
Selecting boards with low utilization for repacking...
iter6		 Improve solution by repack 0.9656160978231658->0.5218113410373555 , unplacedBoxesSize:6
currentRepackCostTime:79.96300000000001s , currentRepackMaxTime:186.994s
iter19		 Improve solution by repack 0.5218113410373555->0.5177244020424617 , unplacedBoxesSize:5
currentRepackCostTime:80.096s , currentRepackMaxTime:186.994s
iter56		 Improve solution by repack 0.5177244020424617->0.5080734345606019 , unplacedBoxesSize:5
currentRepackCostTime:80.429s , currentRepackMaxTime:186.994s
iter172		 Improve solution by repack 0.5080734345606019->0.5056426363880677 , unplacedBoxesSize:5
currentRepackCostTime:81.498s , currentRepackMaxTime:186.994s
iter179		 Improve solution by repack 0.5056426363880677->0.5050298978769148 , unplacedBoxesSize:5
currentRepackCostTime:81.557s , currentRepackMaxTime:186.994s
iter312		 Improve solution by repack 0.5050298978769148->0.5020918435904327 , unplacedBoxesSize:4
currentRepackCostTime:82.804s , currentRepackMaxTime:186.994s
Selecting boards with low utilization for repacking...
Selecting boards with low utilization for repacking...
iter8		 Improve solution by repack 0.9671425692018275->0.9656617844665413 , unplacedBoxesSize:11
currentRepackCostTime:86.654s , currentRepackMaxTime:186.994s
iter19		 Improve solution by repack 0.9656617844665413->0.49142602794947593 , unplacedBoxesSize:8
currentRepackCostTime:86.787s , currentRepackMaxTime:186.994s
iter23		 Improve solution by repack 0.49142602794947593->0.48880542864821286 , unplacedBoxesSize:8
currentRepackCostTime:86.82300000000001s , currentRepackMaxTime:186.994s
iter24		 Improve solution by repack 0.48880542864821286->0.48390587207739855 , unplacedBoxesSize:8
currentRepackCostTime:86.83200000000001s , currentRepackMaxTime:186.994s
iter115		 Improve solution by repack 0.48390587207739855->0.4783092582639075 , unplacedBoxesSize:8
currentRepackCostTime:87.81700000000001s , currentRepackMaxTime:186.994s
iter213		 Improve solution by repack 0.4783092582639075->0.47309694974469224 , unplacedBoxesSize:7
currentRepackCostTime:88.923s , currentRepackMaxTime:186.994s
Selecting boards with low utilization for repacking...
Selecting boards with low utilization for repacking...
iter1		 Improve solution by repack 0.9749942891695781->0.9741319537758667 , unplacedBoxesSize:6
currentRepackCostTime:93.21000000000001s , currentRepackMaxTime:186.994s
iter3		 Improve solution by repack 0.9741319537758667->0.47309694974469224 , unplacedBoxesSize:7
currentRepackCostTime:93.217s , currentRepackMaxTime:186.994s
Selecting boards with low utilization for repacking...
Selecting boards with low utilization for repacking...
iter23		 Improve solution by repack 0.9741319537758667->0.47309694974469224 , unplacedBoxesSize:7
currentRepackCostTime:98.10600000000001s , currentRepackMaxTime:186.994s
Selecting boards with low utilization for repacking...
Selecting boards with low utilization for repacking...
iter11		 Improve solution by repack 0.9741319537758667->0.4903268610588552 , unplacedBoxesSize:7
currentRepackCostTime:102.70400000000001s , currentRepackMaxTime:186.994s
iter26		 Improve solution by repack 0.4903268610588552->0.48914102391830155 , unplacedBoxesSize:6
currentRepackCostTime:102.875s , currentRepackMaxTime:186.994s
iter31		 Improve solution by repack 0.48914102391830155->0.4865204246170385 , unplacedBoxesSize:6
currentRepackCostTime:102.94s , currentRepackMaxTime:186.994s
iter35		 Improve solution by repack 0.4865204246170385->0.48517871539908625 , unplacedBoxesSize:6
currentRepackCostTime:102.96900000000001s , currentRepackMaxTime:186.994s
iter48		 Improve solution by repack 0.48517871539908625->0.48085460897608173 , unplacedBoxesSize:5
currentRepackCostTime:103.11200000000001s , currentRepackMaxTime:186.994s
iter172		 Improve solution by repack 0.48085460897608173->0.4791494221983338 , unplacedBoxesSize:5
currentRepackCostTime:104.247s , currentRepackMaxTime:186.994s
iter270		 Improve solution by repack 0.4791494221983338->0.47671862402579956 , unplacedBoxesSize:5
currentRepackCostTime:105.14s , currentRepackMaxTime:186.994s
iter284		 Improve solution by repack 0.47671862402579956->0.47610588551464655 , unplacedBoxesSize:5
currentRepackCostTime:105.283s , currentRepackMaxTime:186.994s
iter285		 Improve solution by repack 0.47610588551464655->0.47574307981725344 , unplacedBoxesSize:5
currentRepackCostTime:105.303s , currentRepackMaxTime:186.994s
iter312		 Improve solution by repack 0.47574307981725344->0.47217616232195647 , unplacedBoxesSize:4
currentRepackCostTime:105.539s , currentRepackMaxTime:186.994s
iter458		 Improve solution by repack 0.47217616232195647->0.4719396667562483 , unplacedBoxesSize:4
currentRepackCostTime:106.775s , currentRepackMaxTime:186.994s
Selecting boards with low utilization for repacking...
Selecting boards with low utilization for repacking...
iter4		 Improve solution by repack 0.9749942891695781->0.4719396667562483 , unplacedBoxesSize:4
currentRepackCostTime:109.401s , currentRepackMaxTime:186.994s
Selecting boards with low utilization for repacking...
Selecting boards with low utilization for repacking...
iter3		 Improve solution by repack 0.9770904998656276->0.4873333781241602 , unplacedBoxesSize:4
currentRepackCostTime:113.278s , currentRepackMaxTime:186.994s
iter20		 Improve solution by repack 0.4873333781241602->0.48413732867508735 , unplacedBoxesSize:6
currentRepackCostTime:113.45s , currentRepackMaxTime:186.994s
iter34		 Improve solution by repack 0.48413732867508735->0.48225712174146734 , unplacedBoxesSize:5
currentRepackCostTime:113.605s , currentRepackMaxTime:186.994s
iter58		 Improve solution by repack 0.48225712174146734->0.4796311475409836 , unplacedBoxesSize:5
currentRepackCostTime:113.804s , currentRepackMaxTime:186.994s
iter114		 Improve solution by repack 0.4796311475409836->0.4712919914001612 , unplacedBoxesSize:5
currentRepackCostTime:114.31s , currentRepackMaxTime:186.994s
iter118		 Improve solution by repack 0.4712919914001612->0.4706543939801129 , unplacedBoxesSize:5
currentRepackCostTime:114.35000000000001s , currentRepackMaxTime:186.994s
Selecting boards with low utilization for repacking...
Selecting boards with low utilization for repacking...
iter24		 Improve solution by repack 0.9712966944369793->0.4706543939801129 , unplacedBoxesSize:5
currentRepackCostTime:117.796s , currentRepackMaxTime:186.994s
Selecting boards with low utilization for repacking...
Selecting boards with low utilization for repacking...
iter2		 Improve solution by repack 0.9712966944369793->0.968938793335125 , unplacedBoxesSize:5
currentRepackCostTime:122.013s , currentRepackMaxTime:186.994s
iter30		 Improve solution by repack 0.968938793335125->0.49586132760010754 , unplacedBoxesSize:5
currentRepackCostTime:122.202s , currentRepackMaxTime:186.994s
iter140		 Improve solution by repack 0.49586132760010754->0.49501612469766193 , unplacedBoxesSize:6
currentRepackCostTime:123.256s , currentRepackMaxTime:186.994s
iter141		 Improve solution by repack 0.49501612469766193->0.4778802741198602 , unplacedBoxesSize:5
currentRepackCostTime:123.261s , currentRepackMaxTime:186.994s
iter183		 Improve solution by repack 0.4778802741198602->0.47289505509271706 , unplacedBoxesSize:5
currentRepackCostTime:123.62s , currentRepackMaxTime:186.994s
Selecting boards with low utilization for repacking...
Selecting boards with low utilization for repacking...
iter4		 Improve solution by repack 0.9710373555495834->0.4863323031443161 , unplacedBoxesSize:5
currentRepackCostTime:127.831s , currentRepackMaxTime:186.994s
iter131		 Improve solution by repack 0.4863323031443161->0.4846788497715668 , unplacedBoxesSize:5
currentRepackCostTime:129.091s , currentRepackMaxTime:186.994s
iter160		 Improve solution by repack 0.4846788497715668->0.48173542058586405 , unplacedBoxesSize:4
currentRepackCostTime:129.31300000000002s , currentRepackMaxTime:186.994s
iter175		 Improve solution by repack 0.48173542058586405->0.4790157215802203 , unplacedBoxesSize:4
currentRepackCostTime:129.433s , currentRepackMaxTime:186.994s
iter267		 Improve solution by repack 0.4790157215802203->0.47289505509271706 , unplacedBoxesSize:5
currentRepackCostTime:130.248s , currentRepackMaxTime:186.994s
Selecting boards with low utilization for repacking...
Selecting boards with low utilization for repacking...
iter16		 Improve solution by repack 0.9710373555495834->0.47289505509271706 , unplacedBoxesSize:5
currentRepackCostTime:133.882s , currentRepackMaxTime:186.994s
Selecting boards with low utilization for repacking...
Selecting boards with low utilization for repacking...
iter1		 Improve solution by repack 0.9710373555495834->0.4912194302606826 , unplacedBoxesSize:6
currentRepackCostTime:138.248s , currentRepackMaxTime:186.994s
iter3		 Improve solution by repack 0.4912194302606826->0.48542629669443693 , unplacedBoxesSize:5
currentRepackCostTime:138.26500000000001s , currentRepackMaxTime:186.994s
iter20		 Improve solution by repack 0.48542629669443693->0.48078238376780436 , unplacedBoxesSize:6
currentRepackCostTime:138.431s , currentRepackMaxTime:186.994s
iter35		 Improve solution by repack 0.48078238376780436->0.4786861730717549 , unplacedBoxesSize:6
currentRepackCostTime:138.581s , currentRepackMaxTime:186.994s
iter77		 Improve solution by repack 0.4786861730717549->0.47831967213114757 , unplacedBoxesSize:6
currentRepackCostTime:139.077s , currentRepackMaxTime:186.994s
iter156		 Improve solution by repack 0.47831967213114757->0.47159231389411455 , unplacedBoxesSize:5
currentRepackCostTime:139.969s , currentRepackMaxTime:186.994s
Selecting boards with low utilization for repacking...
Selecting boards with low utilization for repacking...
iter1		 Improve solution by repack 0.9710373555495834->0.48965735017468426 , unplacedBoxesSize:4
currentRepackCostTime:144.52s , currentRepackMaxTime:186.994s
iter7		 Improve solution by repack 0.48965735017468426->0.47159231389411455 , unplacedBoxesSize:5
currentRepackCostTime:144.566s , currentRepackMaxTime:186.994s
Selecting boards with low utilization for repacking...
Selecting boards with low utilization for repacking...
iter4		 Improve solution by repack 0.9710373555495834->0.9671291319537759 , unplacedBoxesSize:6
currentRepackCostTime:149.035s , currentRepackMaxTime:186.994s
iter5		 Improve solution by repack 0.9671291319537759->0.521753896801935 , unplacedBoxesSize:3
currentRepackCostTime:149.044s , currentRepackMaxTime:186.994s
iter9		 Improve solution by repack 0.521753896801935->0.5195612738511153 , unplacedBoxesSize:6
currentRepackCostTime:149.094s , currentRepackMaxTime:186.994s
iter22		 Improve solution by repack 0.5195612738511153->0.5098777210427304 , unplacedBoxesSize:5
currentRepackCostTime:149.198s , currentRepackMaxTime:186.994s
iter83		 Improve solution by repack 0.5098777210427304->0.4868634103735555 , unplacedBoxesSize:4
currentRepackCostTime:149.742s , currentRepackMaxTime:186.994s
Selecting boards with low utilization for repacking...
Selecting boards with low utilization for repacking...
iter3		 Improve solution by repack 0.9712523515184089->0.9629178984144048 , unplacedBoxesSize:4
currentRepackCostTime:153.011s , currentRepackMaxTime:186.994s
iter11		 Improve solution by repack 0.9629178984144048->0.5382131819403386 , unplacedBoxesSize:4
currentRepackCostTime:153.07500000000002s , currentRepackMaxTime:186.994s
iter16		 Improve solution by repack 0.5382131819403386->0.5229488040849234 , unplacedBoxesSize:5
currentRepackCostTime:153.105s , currentRepackMaxTime:186.994s
iter26		 Improve solution by repack 0.5229488040849234->0.5121405536146197 , unplacedBoxesSize:6
currentRepackCostTime:153.195s , currentRepackMaxTime:186.994s
iter28		 Improve solution by repack 0.5121405536146197->0.5116480784735287 , unplacedBoxesSize:8
currentRepackCostTime:153.212s , currentRepackMaxTime:186.994s
iter29		 Improve solution by repack 0.5116480784735287->0.5042105616769685 , unplacedBoxesSize:6
currentRepackCostTime:153.227s , currentRepackMaxTime:186.994s
iter54		 Improve solution by repack 0.5042105616769685->0.5017273582370331 , unplacedBoxesSize:6
currentRepackCostTime:153.458s , currentRepackMaxTime:186.994s
iter142		 Improve solution by repack 0.5017273582370331->0.49065607363611935 , unplacedBoxesSize:7
currentRepackCostTime:154.322s , currentRepackMaxTime:186.994s
iter160		 Improve solution by repack 0.49065607363611935->0.48546526471378665 , unplacedBoxesSize:6
currentRepackCostTime:154.576s , currentRepackMaxTime:186.994s
iter164		 Improve solution by repack 0.48546526471378665->0.4712211099166891 , unplacedBoxesSize:8
currentRepackCostTime:154.614s , currentRepackMaxTime:186.994s
iter182		 Improve solution by repack 0.4712211099166891->0.4709792394517603 , unplacedBoxesSize:6
currentRepackCostTime:154.80700000000002s , currentRepackMaxTime:186.994s
iter289		 Improve solution by repack 0.4709792394517603->0.46882491265788767 , unplacedBoxesSize:6
currentRepackCostTime:155.848s , currentRepackMaxTime:186.994s
iter309		 Improve solution by repack 0.46882491265788767->0.464767199677506 , unplacedBoxesSize:5
currentRepackCostTime:156.046s , currentRepackMaxTime:186.994s
Selecting boards with low utilization for repacking...
Selecting boards with low utilization for repacking...
iter1		 Improve solution by repack 0.9757978366030636->0.48073871271163665 , unplacedBoxesSize:5
currentRepackCostTime:160.284s , currentRepackMaxTime:186.994s
iter20		 Improve solution by repack 0.48073871271163665->0.464767199677506 , unplacedBoxesSize:5
currentRepackCostTime:160.496s , currentRepackMaxTime:186.994s
Selecting boards with low utilization for repacking...
Selecting boards with low utilization for repacking...
iter14		 Improve solution by repack 0.9773515184090298->0.9754639209889814 , unplacedBoxesSize:7
currentRepackCostTime:164.635s , currentRepackMaxTime:186.994s
iter26		 Improve solution by repack 0.9754639209889814->0.5056705186777748 , unplacedBoxesSize:3
currentRepackCostTime:164.77s , currentRepackMaxTime:186.994s
iter27		 Improve solution by repack 0.5056705186777748->0.464767199677506 , unplacedBoxesSize:5
currentRepackCostTime:164.775s , currentRepackMaxTime:186.994s
Selecting boards with low utilization for repacking...
Selecting boards with low utilization for repacking...
iter2		 Improve solution by repack 0.9754639209889814->0.9747198333781242 , unplacedBoxesSize:10
currentRepackCostTime:168.728s , currentRepackMaxTime:186.994s
iter6		 Improve solution by repack 0.9747198333781242->0.4837056570814297 , unplacedBoxesSize:6
currentRepackCostTime:168.76500000000001s , currentRepackMaxTime:186.994s
iter22		 Improve solution by repack 0.4837056570814297->0.47898179252889006 , unplacedBoxesSize:5
currentRepackCostTime:168.883s , currentRepackMaxTime:186.994s
iter23		 Improve solution by repack 0.47898179252889006->0.46619625100779355 , unplacedBoxesSize:7
currentRepackCostTime:168.894s , currentRepackMaxTime:186.994s
iter62		 Improve solution by repack 0.46619625100779355->0.4607497984412792 , unplacedBoxesSize:6
currentRepackCostTime:169.317s , currentRepackMaxTime:186.994s
iter84		 Improve solution by repack 0.4607497984412792->0.4592717011556033 , unplacedBoxesSize:6
currentRepackCostTime:169.558s , currentRepackMaxTime:186.994s
Selecting boards with low utilization for repacking...
Selecting boards with low utilization for repacking...
iter26		 Improve solution by repack 0.9788699274388606->0.5066877183552808 , unplacedBoxesSize:8
currentRepackCostTime:173.619s , currentRepackMaxTime:186.994s
iter28		 Improve solution by repack 0.5066877183552808->0.500240358774523 , unplacedBoxesSize:8
currentRepackCostTime:173.65s , currentRepackMaxTime:186.994s
iter52		 Improve solution by repack 0.500240358774523->0.4992597755979575 , unplacedBoxesSize:8
currentRepackCostTime:173.89000000000001s , currentRepackMaxTime:186.994s
iter80		 Improve solution by repack 0.4992597755979575->0.49444924079548513 , unplacedBoxesSize:8
currentRepackCostTime:174.229s , currentRepackMaxTime:186.994s
iter110		 Improve solution by repack 0.49444924079548513->0.4919788027411986 , unplacedBoxesSize:8
currentRepackCostTime:174.571s , currentRepackMaxTime:186.994s
iter118		 Improve solution by repack 0.4919788027411986->0.4871271163665681 , unplacedBoxesSize:8
currentRepackCostTime:174.665s , currentRepackMaxTime:186.994s
iter141		 Improve solution by repack 0.4871271163665681->0.48687113679118516 , unplacedBoxesSize:9
currentRepackCostTime:174.923s , currentRepackMaxTime:186.994s
iter144		 Improve solution by repack 0.48687113679118516->0.4750178043536684 , unplacedBoxesSize:10
currentRepackCostTime:174.959s , currentRepackMaxTime:186.994s
iter149		 Improve solution by repack 0.4750178043536684->0.47390973528621333 , unplacedBoxesSize:9
currentRepackCostTime:175.041s , currentRepackMaxTime:186.994s
iter154		 Improve solution by repack 0.47390973528621333->0.4738024052674012 , unplacedBoxesSize:7
currentRepackCostTime:175.104s , currentRepackMaxTime:186.994s
iter192		 Improve solution by repack 0.4738024052674012->0.4730643644181672 , unplacedBoxesSize:9
currentRepackCostTime:175.492s , currentRepackMaxTime:186.994s
Selecting boards with low utilization for repacking...
Selecting boards with low utilization for repacking...
iter1		 Improve solution by repack 0.9716201961838216->0.9618074778285407 , unplacedBoxesSize:9
currentRepackCostTime:180.894s , currentRepackMaxTime:186.994s
iter2		 Improve solution by repack 0.9618074778285407->0.5005895592582639 , unplacedBoxesSize:7
currentRepackCostTime:180.907s , currentRepackMaxTime:186.994s
iter18		 Improve solution by repack 0.5005895592582639->0.4955260682612201 , unplacedBoxesSize:5
currentRepackCostTime:181.074s , currentRepackMaxTime:186.994s
iter26		 Improve solution by repack 0.4955260682612201->0.48904729911314165 , unplacedBoxesSize:5
currentRepackCostTime:181.165s , currentRepackMaxTime:186.994s
iter118		 Improve solution by repack 0.48904729911314165->0.4879007659231389 , unplacedBoxesSize:6
currentRepackCostTime:181.96800000000002s , currentRepackMaxTime:186.994s
iter125		 Improve solution by repack 0.4879007659231389->0.48389142703574306 , unplacedBoxesSize:9
currentRepackCostTime:182.02100000000002s , currentRepackMaxTime:186.994s
iter138		 Improve solution by repack 0.48389142703574306->0.4826733404998656 , unplacedBoxesSize:10
currentRepackCostTime:182.234s , currentRepackMaxTime:186.994s
iter139		 Improve solution by repack 0.4826733404998656->0.4700268744961032 , unplacedBoxesSize:4
currentRepackCostTime:182.252s , currentRepackMaxTime:186.994s
Selecting boards with low utilization for repacking...
Selecting boards with low utilization for repacking...
iter2		 Improve solution by repack 0.972765385649019->0.48740123622682074 , unplacedBoxesSize:6
currentRepackCostTime:185.17600000000002s , currentRepackMaxTime:186.994s
iter19		 Improve solution by repack 0.48740123622682074->0.47590499865627517 , unplacedBoxesSize:4
currentRepackCostTime:185.355s , currentRepackMaxTime:186.994s
iter37		 Improve solution by repack 0.47590499865627517->0.475348696586939 , unplacedBoxesSize:4
currentRepackCostTime:185.489s , currentRepackMaxTime:186.994s
iter41		 Improve solution by repack 0.475348696586939->0.4733740929857565 , unplacedBoxesSize:4
currentRepackCostTime:185.534s , currentRepackMaxTime:186.994s
iter62		 Improve solution by repack 0.4733740929857565->0.4712893039505509 , unplacedBoxesSize:4
currentRepackCostTime:185.75s , currentRepackMaxTime:186.994s
Global repack result: 18 -> 18 boards.
