total number of nestable workpieces：215
Start priority-first combined packing.
Start nesting on the 1th large board, remaining blocks count: 149
Utilization of the 1th large board: 98.83458747648481, Time taken for this board: 4.659s
-------------------------------------------------------------------
Start nesting on the 2th large board, remaining blocks count: 145
Utilization of the 2th large board: 98.59231389411448, Time taken for this board: 11.084s
-------------------------------------------------------------------
Start nesting on the 3th large board, remaining blocks count: 135
Utilization of the 3th large board: 98.61055495834454, Time taken for this board: 18.456s
-------------------------------------------------------------------
Start nesting on the 4th large board, remaining blocks count: 114
Utilization of the 4th large board: 98.3759070142435, Time taken for this board: 21.18s
-------------------------------------------------------------------
Start nesting on the 5th large board, remaining blocks count: 98
Utilization of the 5th large board: 99.13202096210695, Time taken for this board: 22.892s
-------------------------------------------------------------------
Start nesting on the 6th large board, remaining blocks count: 78
Utilization of the 6th large board: 98.7444571351787, Time taken for this board: 23.951s
-------------------------------------------------------------------
Start nesting on the 7th large board, remaining blocks count: 66
Utilization of the 7th large board: 99.089324106423, Time taken for this board: 24.895s
-------------------------------------------------------------------
Start nesting on the 8th large board, remaining blocks count: 48
Utilization of the 8th large board: 98.12530233808116, Time taken for this board: 25.14s
-------------------------------------------------------------------
Start nesting on the 9th large board, remaining blocks count: 28
Utilization of the 9th large board: 96.24549852190272, Time taken for this board: 25.217s
-------------------------------------------------------------------
Start nesting on the 10th large board, remaining blocks count: 12
Utilization of the 10th large board: 67.40231120666488, Time taken for this board: 25.235s
-------------------------------------------------------------------
Start global repack optimization for 10 boards, time=360.482s.
Start improving solution by repacking.
Selecting boards with low utilization for repacking...
Selecting boards with low utilization for repacking...
iter3		 Improve solution by repack 0.9624549852190272->0.6781080354743348 , unplacedBoxesSize:9
currentRepackCostTime:1.247s , currentRepackMaxTime:360.482s
Selecting boards with low utilization for repacking...
iter1		 Improve solution by repack 0.9812530233808116->0.7055082639075517 , unplacedBoxesSize:15
currentRepackCostTime:3.342s , currentRepackMaxTime:360.482s
iter2		 Improve solution by repack 0.7055082639075517->0.7017710292932007 , unplacedBoxesSize:13
currentRepackCostTime:3.42s , currentRepackMaxTime:360.482s
iter6		 Improve solution by repack 0.7017710292932007->0.6967575920451491 , unplacedBoxesSize:15
currentRepackCostTime:3.5820000000000003s , currentRepackMaxTime:360.482s
iter7		 Improve solution by repack 0.6967575920451491->0.6890681268476216 , unplacedBoxesSize:13
currentRepackCostTime:3.7720000000000002s , currentRepackMaxTime:360.482s
iter3		 Improve solution by repack 0.6890681268476216->0.688463786616501 , unplacedBoxesSize:13
currentRepackCostTime:3.862s , currentRepackMaxTime:360.482s
iter18		 Improve solution by repack 0.688463786616501->0.6881755576457941 , unplacedBoxesSize:14
currentRepackCostTime:4.337s , currentRepackMaxTime:360.482s
iter14		 Improve solution by repack 0.6881755576457941->0.6881651437785541 , unplacedBoxesSize:15
currentRepackCostTime:4.865s , currentRepackMaxTime:360.482s
Selecting boards with low utilization for repacking...
iter2		 Improve solution by repack 0.9734365761891964->0.7067072023649557 , unplacedBoxesSize:17
currentRepackCostTime:7.455s , currentRepackMaxTime:360.482s
iter12		 Improve solution by repack 0.7067072023649557->0.7043959957000806 , unplacedBoxesSize:14
currentRepackCostTime:7.848s , currentRepackMaxTime:360.482s
iter4		 Improve solution by repack 0.7043959957000806->0.6985521365224402 , unplacedBoxesSize:12
currentRepackCostTime:7.974s , currentRepackMaxTime:360.482s
iter3		 Improve solution by repack 0.6985521365224402->0.6945310400429991 , unplacedBoxesSize:12
currentRepackCostTime:8.047s , currentRepackMaxTime:360.482s
iter4		 Improve solution by repack 0.6945310400429991->0.6939959016393442 , unplacedBoxesSize:17
currentRepackCostTime:8.16s , currentRepackMaxTime:360.482s
iter4		 Improve solution by repack 0.6939959016393442->0.6897574576726686 , unplacedBoxesSize:14
currentRepackCostTime:8.282s , currentRepackMaxTime:360.482s
iter3		 Improve solution by repack 0.6897574576726686->0.6876740123622682 , unplacedBoxesSize:17
currentRepackCostTime:8.412s , currentRepackMaxTime:360.482s
iter2		 Improve solution by repack 0.6876740123622682->0.6799341574845471 , unplacedBoxesSize:13
currentRepackCostTime:8.492s , currentRepackMaxTime:360.482s
iter17		 Improve solution by repack 0.6799341574845471->0.6758841709217952 , unplacedBoxesSize:15
currentRepackCostTime:9.079s , currentRepackMaxTime:360.482s
Selecting boards with low utilization for repacking...
iter5		 Improve solution by repack 0.979091642031712->0.6766541252351519 , unplacedBoxesSize:18
currentRepackCostTime:12.195s , currentRepackMaxTime:360.482s
iter27		 Improve solution by repack 0.6766541252351519->0.6758841709217952 , unplacedBoxesSize:15
currentRepackCostTime:13.217s , currentRepackMaxTime:360.482s
Selecting boards with low utilization for repacking...
iter3		 Improve solution by repack 0.979091642031712->0.6783653587745231 , unplacedBoxesSize:14
currentRepackCostTime:15.040000000000001s , currentRepackMaxTime:360.482s
iter1		 Improve solution by repack 0.6783653587745231->0.6761253695243213 , unplacedBoxesSize:16
currentRepackCostTime:15.061s , currentRepackMaxTime:360.482s
iter12		 Improve solution by repack 0.6761253695243213->0.6758324375167966 , unplacedBoxesSize:15
currentRepackCostTime:15.421000000000001s , currentRepackMaxTime:360.482s
iter25		 Improve solution by repack 0.6758324375167966->0.6758257188927708 , unplacedBoxesSize:17
currentRepackCostTime:16.187s , currentRepackMaxTime:360.482s
iter7		 Improve solution by repack 0.6758257188927708->0.6748481590970169 , unplacedBoxesSize:17
currentRepackCostTime:16.396s , currentRepackMaxTime:360.482s
iter15		 Improve solution by repack 0.6748481590970169->0.6673458075786078 , unplacedBoxesSize:19
currentRepackCostTime:16.87s , currentRepackMaxTime:360.482s
iter11		 Improve solution by repack 0.6673458075786078->0.6651887933351249 , unplacedBoxesSize:15
currentRepackCostTime:17.295s , currentRepackMaxTime:360.482s
iter14		 Improve solution by repack 0.6651887933351249->0.6640775329212577 , unplacedBoxesSize:15
currentRepackCostTime:17.688s , currentRepackMaxTime:360.482s
iter5		 Improve solution by repack 0.6640775329212577->0.6615976887933351 , unplacedBoxesSize:17
currentRepackCostTime:17.828s , currentRepackMaxTime:360.482s
iter25		 Improve solution by repack 0.6615976887933351->0.6577660575114217 , unplacedBoxesSize:16
currentRepackCostTime:18.696s , currentRepackMaxTime:360.482s
iter33		 Improve solution by repack 0.6577660575114217->0.6569148078473529 , unplacedBoxesSize:13
currentRepackCostTime:19.747s , currentRepackMaxTime:360.482s
iter25		 Improve solution by repack 0.6569148078473529->0.650519013705993 , unplacedBoxesSize:14
currentRepackCostTime:20.481s , currentRepackMaxTime:360.482s
iter3		 Improve solution by repack 0.650519013705993->0.6450893576995431 , unplacedBoxesSize:14
currentRepackCostTime:20.534s , currentRepackMaxTime:360.482s
iter17		 Improve solution by repack 0.6450893576995431->0.6449106423004568 , unplacedBoxesSize:16
currentRepackCostTime:21.073s , currentRepackMaxTime:360.482s
Selecting boards with low utilization for repacking...
iter5		 Improve solution by repack 0.983995565708143->0.6790667831228164 , unplacedBoxesSize:14
currentRepackCostTime:23.531s , currentRepackMaxTime:360.482s
iter9		 Improve solution by repack 0.6790667831228164->0.675617441547971 , unplacedBoxesSize:14
currentRepackCostTime:23.781s , currentRepackMaxTime:360.482s
iter8		 Improve solution by repack 0.675617441547971->0.6741017199677506 , unplacedBoxesSize:14
currentRepackCostTime:24.022000000000002s , currentRepackMaxTime:360.482s
iter1		 Improve solution by repack 0.6741017199677506->0.6680522708949207 , unplacedBoxesSize:18
currentRepackCostTime:24.060000000000002s , currentRepackMaxTime:360.482s
iter23		 Improve solution by repack 0.6680522708949207->0.6667629669443699 , unplacedBoxesSize:17
currentRepackCostTime:24.788s , currentRepackMaxTime:360.482s
iter21		 Improve solution by repack 0.6667629669443699->0.6657820478366031 , unplacedBoxesSize:19
currentRepackCostTime:25.474s , currentRepackMaxTime:360.482s
Selecting boards with low utilization for repacking...
iter1		 Improve solution by repack 0.9821136791185165->0.6883035474334857 , unplacedBoxesSize:19
currentRepackCostTime:27.879s , currentRepackMaxTime:360.482s
iter4		 Improve solution by repack 0.6883035474334857->0.6874845471647407 , unplacedBoxesSize:17
currentRepackCostTime:28.048000000000002s , currentRepackMaxTime:360.482s
iter3		 Improve solution by repack 0.6874845471647407->0.6799852190271432 , unplacedBoxesSize:18
currentRepackCostTime:28.143s , currentRepackMaxTime:360.482s
iter12		 Improve solution by repack 0.6799852190271432->0.6747043805428649 , unplacedBoxesSize:18
currentRepackCostTime:28.525000000000002s , currentRepackMaxTime:360.482s
iter36		 Improve solution by repack 0.6747043805428649->0.674374496103198 , unplacedBoxesSize:19
currentRepackCostTime:29.622s , currentRepackMaxTime:360.482s
iter4		 Improve solution by repack 0.674374496103198->0.6730784735286214 , unplacedBoxesSize:22
currentRepackCostTime:29.736s , currentRepackMaxTime:360.482s
iter3		 Improve solution by repack 0.6730784735286214->0.6685383633431873 , unplacedBoxesSize:20
currentRepackCostTime:29.85s , currentRepackMaxTime:360.482s
iter37		 Improve solution by repack 0.6685383633431873->0.6684553883364688 , unplacedBoxesSize:22
currentRepackCostTime:31.13s , currentRepackMaxTime:360.482s
iter1		 Improve solution by repack 0.6684553883364688->0.6678769148078473 , unplacedBoxesSize:23
currentRepackCostTime:31.141000000000002s , currentRepackMaxTime:360.482s
iter7		 Improve solution by repack 0.6678769148078473->0.6663087879602257 , unplacedBoxesSize:22
currentRepackCostTime:31.432000000000002s , currentRepackMaxTime:360.482s
iter2		 Improve solution by repack 0.6663087879602257->0.6632262832571889 , unplacedBoxesSize:16
currentRepackCostTime:31.531000000000002s , currentRepackMaxTime:360.482s
Selecting boards with low utilization for repacking...
iter3		 Improve solution by repack 0.9859120532115023->0.6727008868583714 , unplacedBoxesSize:15
currentRepackCostTime:33.996s , currentRepackMaxTime:360.482s
iter13		 Improve solution by repack 0.6727008868583714->0.6725194840096748 , unplacedBoxesSize:15
currentRepackCostTime:34.473s , currentRepackMaxTime:360.482s
iter18		 Improve solution by repack 0.6725194840096748->0.6660336603063692 , unplacedBoxesSize:16
currentRepackCostTime:35.050000000000004s , currentRepackMaxTime:360.482s
iter7		 Improve solution by repack 0.6660336603063692->0.6657215802203709 , unplacedBoxesSize:16
currentRepackCostTime:35.244s , currentRepackMaxTime:360.482s
iter3		 Improve solution by repack 0.6657215802203709->0.664953641494222 , unplacedBoxesSize:16
currentRepackCostTime:35.347s , currentRepackMaxTime:360.482s
iter4		 Improve solution by repack 0.664953641494222->0.6575087342112336 , unplacedBoxesSize:18
currentRepackCostTime:35.446s , currentRepackMaxTime:360.482s
Selecting boards with low utilization for repacking...
iter4		 Improve solution by repack 0.9908932410642299->0.6722198333781242 , unplacedBoxesSize:14
currentRepackCostTime:38.725s , currentRepackMaxTime:360.482s
iter5		 Improve solution by repack 0.6722198333781242->0.6648622682074712 , unplacedBoxesSize:15
currentRepackCostTime:38.914s , currentRepackMaxTime:360.482s
iter44		 Improve solution by repack 0.6648622682074712->0.6635051061542596 , unplacedBoxesSize:19
currentRepackCostTime:40.300000000000004s , currentRepackMaxTime:360.482s
Selecting boards with low utilization for repacking...
All low-utilization boards have been repacked once. Restarting repacking process...
Selecting boards with low utilization for repacking...
iter41		 Improve solution by repack 0.6635051061542596->0.6628386186509003 , unplacedBoxesSize:19
currentRepackCostTime:44.535000000000004s , currentRepackMaxTime:360.482s
iter5		 Improve solution by repack 0.6628386186509003->0.6601793872614888 , unplacedBoxesSize:18
currentRepackCostTime:44.754s , currentRepackMaxTime:360.482s
iter9		 Improve solution by repack 0.6601793872614888->0.658302875571083 , unplacedBoxesSize:21
currentRepackCostTime:45.0s , currentRepackMaxTime:360.482s
iter4		 Improve solution by repack 0.658302875571083->0.6572117710292932 , unplacedBoxesSize:17
currentRepackCostTime:45.115s , currentRepackMaxTime:360.482s
iter44		 Improve solution by repack 0.6572117710292932->0.655524724536415 , unplacedBoxesSize:18
currentRepackCostTime:46.543s , currentRepackMaxTime:360.482s
iter33		 Improve solution by repack 0.655524724536415->0.6537234614350981 , unplacedBoxesSize:15
currentRepackCostTime:47.685s , currentRepackMaxTime:360.482s
Selecting boards with low utilization for repacking...
iter3		 Improve solution by repack 0.9818704649287825->0.6813894114485353 , unplacedBoxesSize:14
currentRepackCostTime:50.503s , currentRepackMaxTime:360.482s
iter22		 Improve solution by repack 0.6813894114485353->0.6793805428648212 , unplacedBoxesSize:14
currentRepackCostTime:51.195s , currentRepackMaxTime:360.482s
iter1		 Improve solution by repack 0.6793805428648212->0.6767528890083311 , unplacedBoxesSize:13
currentRepackCostTime:51.209s , currentRepackMaxTime:360.482s
iter10		 Improve solution by repack 0.6767528890083311->0.665886186509003 , unplacedBoxesSize:11
currentRepackCostTime:51.513s , currentRepackMaxTime:360.482s
iter20		 Improve solution by repack 0.665886186509003->0.6620330556302069 , unplacedBoxesSize:15
currentRepackCostTime:52.117000000000004s , currentRepackMaxTime:360.482s
Selecting boards with low utilization for repacking...
iter3		 Improve solution by repack 0.9788870599301264->0.6659735286213384 , unplacedBoxesSize:9
currentRepackCostTime:54.713s , currentRepackMaxTime:360.482s
iter19		 Improve solution by repack 0.6659735286213384->0.6626793872614889 , unplacedBoxesSize:11
currentRepackCostTime:55.093s , currentRepackMaxTime:360.482s
iter18		 Improve solution by repack 0.6626793872614889->0.6599227358237033 , unplacedBoxesSize:15
currentRepackCostTime:55.601s , currentRepackMaxTime:360.482s
Selecting boards with low utilization for repacking...
iter2		 Improve solution by repack 0.9829555227089493->0.6835467616232196 , unplacedBoxesSize:11
currentRepackCostTime:57.132s , currentRepackMaxTime:360.482s
iter17		 Improve solution by repack 0.6835467616232196->0.6816689062080086 , unplacedBoxesSize:14
currentRepackCostTime:57.604s , currentRepackMaxTime:360.482s
iter14		 Improve solution by repack 0.6816689062080086->0.6789317387798979 , unplacedBoxesSize:13
currentRepackCostTime:57.946s , currentRepackMaxTime:360.482s
iter7		 Improve solution by repack 0.6789317387798979->0.678504434291857 , unplacedBoxesSize:13
currentRepackCostTime:58.13s , currentRepackMaxTime:360.482s
iter10		 Improve solution by repack 0.678504434291857->0.6763013974737974 , unplacedBoxesSize:20
currentRepackCostTime:58.428000000000004s , currentRepackMaxTime:360.482s
iter13		 Improve solution by repack 0.6763013974737974->0.6729488040849235 , unplacedBoxesSize:16
currentRepackCostTime:58.96s , currentRepackMaxTime:360.482s
iter6		 Improve solution by repack 0.6729488040849235->0.6669786347755979 , unplacedBoxesSize:15
currentRepackCostTime:59.144s , currentRepackMaxTime:360.482s
iter4		 Improve solution by repack 0.6669786347755979->0.6664780972856759 , unplacedBoxesSize:19
currentRepackCostTime:59.300000000000004s , currentRepackMaxTime:360.482s
iter1		 Improve solution by repack 0.6664780972856759->0.6641695780704111 , unplacedBoxesSize:18
currentRepackCostTime:59.307s , currentRepackMaxTime:360.482s
iter4		 Improve solution by repack 0.6641695780704111->0.6603426498253158 , unplacedBoxesSize:19
currentRepackCostTime:59.388s , currentRepackMaxTime:360.482s
iter39		 Improve solution by repack 0.6603426498253158->0.6541937651169041 , unplacedBoxesSize:15
currentRepackCostTime:60.757s , currentRepackMaxTime:360.482s
Selecting boards with low utilization for repacking...
iter3		 Improve solution by repack 0.9856805966138136->0.9835114888470842 , unplacedBoxesSize:12
currentRepackCostTime:62.754s , currentRepackMaxTime:360.482s
iter1		 Improve solution by repack 0.9835114888470842->0.6725503896801934 , unplacedBoxesSize:10
currentRepackCostTime:62.779s , currentRepackMaxTime:360.482s
iter43		 Improve solution by repack 0.6725503896801934->0.6718563558183284 , unplacedBoxesSize:12
currentRepackCostTime:63.823s , currentRepackMaxTime:360.482s
iter45		 Improve solution by repack 0.6718563558183284->0.6692656543939801 , unplacedBoxesSize:8
currentRepackCostTime:64.985s , currentRepackMaxTime:360.482s
Selecting boards with low utilization for repacking...
iter1		 Improve solution by repack 0.9796744826659499->0.6934412792260145 , unplacedBoxesSize:10
currentRepackCostTime:67.005s , currentRepackMaxTime:360.482s
iter4		 Improve solution by repack 0.6934412792260145->0.6862362268207471 , unplacedBoxesSize:6
currentRepackCostTime:67.078s , currentRepackMaxTime:360.482s
Selecting boards with low utilization for repacking...
iter1		 Improve solution by repack 0.9788816850309056->0.9755401773716743 , unplacedBoxesSize:22
currentRepackCostTime:68.863s , currentRepackMaxTime:360.482s
iter3		 Improve solution by repack 0.9755401773716743->0.6940157215802203 , unplacedBoxesSize:15
currentRepackCostTime:68.94500000000001s , currentRepackMaxTime:360.482s
iter10		 Improve solution by repack 0.6940157215802203->0.6912321956463316 , unplacedBoxesSize:16
currentRepackCostTime:69.237s , currentRepackMaxTime:360.482s
iter17		 Improve solution by repack 0.6912321956463316->0.685009406073636 , unplacedBoxesSize:13
currentRepackCostTime:69.727s , currentRepackMaxTime:360.482s
iter16		 Improve solution by repack 0.685009406073636->0.6834567320612739 , unplacedBoxesSize:10
currentRepackCostTime:70.154s , currentRepackMaxTime:360.482s
iter10		 Improve solution by repack 0.6834567320612739->0.6801323568933082 , unplacedBoxesSize:17
currentRepackCostTime:70.427s , currentRepackMaxTime:360.482s
iter2		 Improve solution by repack 0.6801323568933082->0.6797446922870196 , unplacedBoxesSize:12
currentRepackCostTime:70.506s , currentRepackMaxTime:360.482s
iter3		 Improve solution by repack 0.6797446922870196->0.6695962106960495 , unplacedBoxesSize:12
currentRepackCostTime:70.61s , currentRepackMaxTime:360.482s
iter21		 Improve solution by repack 0.6695962106960495->0.6675248589088955 , unplacedBoxesSize:13
currentRepackCostTime:71.158s , currentRepackMaxTime:360.482s
iter26		 Improve solution by repack 0.6675248589088955->0.6658344531040042 , unplacedBoxesSize:13
currentRepackCostTime:71.878s , currentRepackMaxTime:360.482s
Selecting boards with low utilization for repacking...
iter4		 Improve solution by repack 0.9863390217683419->0.6830855280838485 , unplacedBoxesSize:12
currentRepackCostTime:73.993s , currentRepackMaxTime:360.482s
iter6		 Improve solution by repack 0.6830855280838485->0.6792317253426499 , unplacedBoxesSize:14
currentRepackCostTime:74.167s , currentRepackMaxTime:360.482s
iter3		 Improve solution by repack 0.6792317253426499->0.6695834453104005 , unplacedBoxesSize:16
currentRepackCostTime:74.274s , currentRepackMaxTime:360.482s
iter39		 Improve solution by repack 0.6695834453104005->0.6691662187583982 , unplacedBoxesSize:16
currentRepackCostTime:75.462s , currentRepackMaxTime:360.482s
Selecting boards with low utilization for repacking...
iter3		 Improve solution by repack 0.975668503090567->0.6743751679656006 , unplacedBoxesSize:17
currentRepackCostTime:78.098s , currentRepackMaxTime:360.482s
iter2		 Improve solution by repack 0.6743751679656006->0.6600557645794141 , unplacedBoxesSize:19
currentRepackCostTime:78.17s , currentRepackMaxTime:360.482s
iter31		 Improve solution by repack 0.6600557645794141->0.6547769416823435 , unplacedBoxesSize:14
currentRepackCostTime:79.316s , currentRepackMaxTime:360.482s
iter2		 Improve solution by repack 0.6547769416823435->0.6461092448266594 , unplacedBoxesSize:13
currentRepackCostTime:79.339s , currentRepackMaxTime:360.482s
iter25		 Improve solution by repack 0.6461092448266594->0.6449764848159097 , unplacedBoxesSize:12
currentRepackCostTime:80.118s , currentRepackMaxTime:360.482s
iter3		 Improve solution by repack 0.6449764848159097->0.644008331093792 , unplacedBoxesSize:14
currentRepackCostTime:80.199s , currentRepackMaxTime:360.482s
Selecting boards with low utilization for repacking...
iter8		 Improve solution by repack 0.9880354743348562->0.6613094598226283 , unplacedBoxesSize:10
currentRepackCostTime:82.541s , currentRepackMaxTime:360.482s
Selecting boards with low utilization for repacking...
All low-utilization boards have been repacked once. Restarting repacking process...
Selecting boards with low utilization for repacking...
Selecting boards with low utilization for repacking...
iter11		 Improve solution by repack 0.9783240392367644->0.9732803681805967 , unplacedBoxesSize:10
currentRepackCostTime:86.045s , currentRepackMaxTime:360.482s
iter4		 Improve solution by repack 0.9732803681805967->0.6694248857833915 , unplacedBoxesSize:10
currentRepackCostTime:86.15s , currentRepackMaxTime:360.482s
iter14		 Improve solution by repack 0.6694248857833915->0.6655220370868046 , unplacedBoxesSize:10
currentRepackCostTime:86.462s , currentRepackMaxTime:360.482s
Selecting boards with low utilization for repacking...
iter1		 Improve solution by repack 0.9673101988712712->0.6970696721311476 , unplacedBoxesSize:10
currentRepackCostTime:88.031s , currentRepackMaxTime:360.482s
iter9		 Improve solution by repack 0.6970696721311476->0.6910944638538028 , unplacedBoxesSize:14
currentRepackCostTime:88.244s , currentRepackMaxTime:360.482s
iter1		 Improve solution by repack 0.6910944638538028->0.686428379467885 , unplacedBoxesSize:12
currentRepackCostTime:88.285s , currentRepackMaxTime:360.482s
iter3		 Improve solution by repack 0.686428379467885->0.6847379736629938 , unplacedBoxesSize:12
currentRepackCostTime:88.377s , currentRepackMaxTime:360.482s
Selecting boards with low utilization for repacking...
iter1		 Improve solution by repack 0.974046627250739->0.6935158559527009 , unplacedBoxesSize:13
currentRepackCostTime:90.479s , currentRepackMaxTime:360.482s
iter2		 Improve solution by repack 0.6935158559527009->0.6911509002956194 , unplacedBoxesSize:12
currentRepackCostTime:90.509s , currentRepackMaxTime:360.482s
iter2		 Improve solution by repack 0.6911509002956194->0.6894766191883902 , unplacedBoxesSize:12
currentRepackCostTime:90.584s , currentRepackMaxTime:360.482s
iter2		 Improve solution by repack 0.6894766191883902->0.6820491803278689 , unplacedBoxesSize:14
currentRepackCostTime:90.649s , currentRepackMaxTime:360.482s
iter4		 Improve solution by repack 0.6820491803278689->0.6810504568664337 , unplacedBoxesSize:15
currentRepackCostTime:90.754s , currentRepackMaxTime:360.482s
iter2		 Improve solution by repack 0.6810504568664337->0.6803597823165816 , unplacedBoxesSize:15
currentRepackCostTime:90.816s , currentRepackMaxTime:360.482s
iter2		 Improve solution by repack 0.6803597823165816->0.6798226283257189 , unplacedBoxesSize:16
currentRepackCostTime:90.866s , currentRepackMaxTime:360.482s
iter9		 Improve solution by repack 0.6798226283257189->0.6773179252889008 , unplacedBoxesSize:11
currentRepackCostTime:91.167s , currentRepackMaxTime:360.482s
iter19		 Improve solution by repack 0.6773179252889008->0.6748132222520828 , unplacedBoxesSize:14
currentRepackCostTime:91.646s , currentRepackMaxTime:360.482s
iter5		 Improve solution by repack 0.6748132222520828->0.6741809997312551 , unplacedBoxesSize:11
currentRepackCostTime:91.761s , currentRepackMaxTime:360.482s
Selecting boards with low utilization for repacking...
iter3		 Improve solution by repack 0.9766756248320343->0.6863796694436979 , unplacedBoxesSize:15
currentRepackCostTime:94.125s , currentRepackMaxTime:360.482s
iter4		 Improve solution by repack 0.6863796694436979->0.682962241332975 , unplacedBoxesSize:15
currentRepackCostTime:94.218s , currentRepackMaxTime:360.482s
iter2		 Improve solution by repack 0.682962241332975->0.6721741467347486 , unplacedBoxesSize:13
currentRepackCostTime:94.307s , currentRepackMaxTime:360.482s
iter1		 Improve solution by repack 0.6721741467347486->0.671402848696587 , unplacedBoxesSize:13
currentRepackCostTime:94.318s , currentRepackMaxTime:360.482s
iter9		 Improve solution by repack 0.671402848696587->0.6713034130610052 , unplacedBoxesSize:16
currentRepackCostTime:94.518s , currentRepackMaxTime:360.482s
iter9		 Improve solution by repack 0.6713034130610052->0.6697588013974738 , unplacedBoxesSize:18
currentRepackCostTime:94.875s , currentRepackMaxTime:360.482s
iter2		 Improve solution by repack 0.6697588013974738->0.6692031711905402 , unplacedBoxesSize:16
currentRepackCostTime:94.923s , currentRepackMaxTime:360.482s
iter24		 Improve solution by repack 0.6692031711905402->0.6679420854608976 , unplacedBoxesSize:17
currentRepackCostTime:95.677s , currentRepackMaxTime:360.482s
Selecting boards with low utilization for repacking...
iter6		 Improve solution by repack 0.9836791185165279->0.9763185299650632 , unplacedBoxesSize:11
currentRepackCostTime:98.304s , currentRepackMaxTime:360.482s
iter1		 Improve solution by repack 0.9763185299650632->0.6725940607363611 , unplacedBoxesSize:18
currentRepackCostTime:98.34100000000001s , currentRepackMaxTime:360.482s
iter17		 Improve solution by repack 0.6725940607363611->0.671407551733405 , unplacedBoxesSize:16
currentRepackCostTime:98.879s , currentRepackMaxTime:360.482s
iter1		 Improve solution by repack 0.671407551733405->0.6699146734748723 , unplacedBoxesSize:17
currentRepackCostTime:98.91s , currentRepackMaxTime:360.482s
Selecting boards with low utilization for repacking...
iter6		 Improve solution by repack 0.9850070545552271->0.6792703574307982 , unplacedBoxesSize:19
currentRepackCostTime:101.045s , currentRepackMaxTime:360.482s
iter4		 Improve solution by repack 0.6792703574307982->0.6791883902176835 , unplacedBoxesSize:18
currentRepackCostTime:101.153s , currentRepackMaxTime:360.482s
iter3		 Improve solution by repack 0.6791883902176835->0.6772588013974739 , unplacedBoxesSize:16
currentRepackCostTime:101.229s , currentRepackMaxTime:360.482s
iter16		 Improve solution by repack 0.6772588013974739->0.6767135850577801 , unplacedBoxesSize:13
currentRepackCostTime:101.802s , currentRepackMaxTime:360.482s
iter22		 Improve solution by repack 0.6767135850577801->0.6726719967750605 , unplacedBoxesSize:12
currentRepackCostTime:102.48100000000001s , currentRepackMaxTime:360.482s
Selecting boards with low utilization for repacking...
iter1		 Improve solution by repack 0.9852667293738242->0.9830223730180059 , unplacedBoxesSize:11
currentRepackCostTime:104.81400000000001s , currentRepackMaxTime:360.482s
iter3		 Improve solution by repack 0.9830223730180059->0.7032558452029025 , unplacedBoxesSize:10
currentRepackCostTime:104.845s , currentRepackMaxTime:360.482s
iter9		 Improve solution by repack 0.7032558452029025->0.7019356355818328 , unplacedBoxesSize:10
currentRepackCostTime:105.083s , currentRepackMaxTime:360.482s
iter11		 Improve solution by repack 0.7019356355818328->0.6978547433485622 , unplacedBoxesSize:14
currentRepackCostTime:105.366s , currentRepackMaxTime:360.482s
iter7		 Improve solution by repack 0.6978547433485622->0.6907592045149153 , unplacedBoxesSize:16
currentRepackCostTime:105.56700000000001s , currentRepackMaxTime:360.482s
iter1		 Improve solution by repack 0.6907592045149153->0.6902143241064229 , unplacedBoxesSize:18
currentRepackCostTime:105.607s , currentRepackMaxTime:360.482s
iter43		 Improve solution by repack 0.6902143241064229->0.6735689330825047 , unplacedBoxesSize:19
currentRepackCostTime:106.86s , currentRepackMaxTime:360.482s
iter3		 Improve solution by repack 0.6735689330825047->0.6732847352862134 , unplacedBoxesSize:19
currentRepackCostTime:106.936s , currentRepackMaxTime:360.482s
iter4		 Improve solution by repack 0.6732847352862134->0.6729441010481053 , unplacedBoxesSize:18
currentRepackCostTime:107.066s , currentRepackMaxTime:360.482s
iter5		 Improve solution by repack 0.6729441010481053->0.6724724536414942 , unplacedBoxesSize:19
currentRepackCostTime:107.211s , currentRepackMaxTime:360.482s
iter2		 Improve solution by repack 0.6724724536414942->0.6723501746842246 , unplacedBoxesSize:20
currentRepackCostTime:107.274s , currentRepackMaxTime:360.482s
iter32		 Improve solution by repack 0.6723501746842246->0.6722440204246171 , unplacedBoxesSize:23
currentRepackCostTime:108.352s , currentRepackMaxTime:360.482s
iter17		 Improve solution by repack 0.6722440204246171->0.6613538027411986 , unplacedBoxesSize:21
currentRepackCostTime:108.902s , currentRepackMaxTime:360.482s
iter27		 Improve solution by repack 0.6613538027411986->0.6605919107766729 , unplacedBoxesSize:21
currentRepackCostTime:109.918s , currentRepackMaxTime:360.482s
iter3		 Improve solution by repack 0.6605919107766729->0.6598461435098092 , unplacedBoxesSize:17
currentRepackCostTime:110.015s , currentRepackMaxTime:360.482s
Selecting boards with low utilization for repacking...
iter2		 Improve solution by repack 0.9842418032786885->0.682436173071755 , unplacedBoxesSize:14
currentRepackCostTime:111.848s , currentRepackMaxTime:360.482s
iter5		 Improve solution by repack 0.682436173071755->0.6710554958344531 , unplacedBoxesSize:11
currentRepackCostTime:112.016s , currentRepackMaxTime:360.482s
iter6		 Improve solution by repack 0.6710554958344531->0.662130475678581 , unplacedBoxesSize:12
currentRepackCostTime:112.188s , currentRepackMaxTime:360.482s
iter29		 Improve solution by repack 0.662130475678581->0.6618576995431336 , unplacedBoxesSize:15
currentRepackCostTime:112.921s , currentRepackMaxTime:360.482s
Selecting boards with low utilization for repacking...
iter5		 Improve solution by repack 0.9865217683418436->0.6678890083310938 , unplacedBoxesSize:15
currentRepackCostTime:114.494s , currentRepackMaxTime:360.482s
iter4		 Improve solution by repack 0.6678890083310938->0.6659748723461435 , unplacedBoxesSize:13
currentRepackCostTime:114.647s , currentRepackMaxTime:360.482s
iter16		 Improve solution by repack 0.6659748723461435->0.6654441010481054 , unplacedBoxesSize:17
currentRepackCostTime:115.09100000000001s , currentRepackMaxTime:360.482s
iter9		 Improve solution by repack 0.6654441010481054->0.6609479978500403 , unplacedBoxesSize:15
currentRepackCostTime:115.32300000000001s , currentRepackMaxTime:360.482s
iter5		 Improve solution by repack 0.6609479978500403->0.6595095404461166 , unplacedBoxesSize:11
currentRepackCostTime:115.447s , currentRepackMaxTime:360.482s
Selecting boards with low utilization for repacking...
All low-utilization boards have been repacked once. Restarting repacking process...
Global repack result: 10 -> 10 boards.
Start nesting on the 1th large board, remaining blocks count: 96
Utilization of the 1th large board: 98.51679656006449, Time taken for this board: 0.63s
-------------------------------------------------------------------
Start nesting on the 2th large board, remaining blocks count: 89
Utilization of the 2th large board: 98.33522104273044, Time taken for this board: 1.71s
-------------------------------------------------------------------
Start nesting on the 3th large board, remaining blocks count: 79
Utilization of the 3th large board: 98.25735689330826, Time taken for this board: 2.556s
-------------------------------------------------------------------
Start nesting on the 4th large board, remaining blocks count: 67
Utilization of the 4th large board: 97.49260951357162, Time taken for this board: 3.129s
-------------------------------------------------------------------
Start nesting on the 5th large board, remaining blocks count: 57
Utilization of the 5th large board: 97.07321620532115, Time taken for this board: 3.443s
-------------------------------------------------------------------
Start nesting on the 6th large board, remaining blocks count: 38
Utilization of the 6th large board: 96.50597957538295, Time taken for this board: 3.544s
-------------------------------------------------------------------
Start nesting on the 7th large board, remaining blocks count: 26
Utilization of the 7th large board: 95.4749731255039, Time taken for this board: 3.572s
-------------------------------------------------------------------
Start nesting on the 8th large board, remaining blocks count: 14
Utilization of the 8th large board: 93.3733324375168, Time taken for this board: 3.5820000000000003s
-------------------------------------------------------------------
Start nesting on the 9th large board, remaining blocks count: 2
Utilization of the 9th large board: 17.059426229508198, Time taken for this board: 3.583s
-------------------------------------------------------------------
Start global repack optimization for 9 boards, time=453.405s.
Start improving solution by repacking.
Selecting boards with low utilization for repacking...
Selecting boards with low utilization for repacking...
iter9		 Improve solution by repack 0.933733324375168->0.19227639075517333 , unplacedBoxesSize:3
currentRepackCostTime:0.5710000000000001s , currentRepackMaxTime:453.405s
iter22		 Improve solution by repack 0.19227639075517333->0.18733568261220104 , unplacedBoxesSize:3
currentRepackCostTime:0.895s , currentRepackMaxTime:453.405s
iter11		 Improve solution by repack 0.18733568261220104->0.18617907148615961 , unplacedBoxesSize:4
currentRepackCostTime:1.034s , currentRepackMaxTime:453.405s
iter5		 Improve solution by repack 0.18617907148615961->0.18595857968288093 , unplacedBoxesSize:3
currentRepackCostTime:1.106s , currentRepackMaxTime:453.405s
iter1		 Improve solution by repack 0.18595857968288093->0.18232044477291048 , unplacedBoxesSize:3
currentRepackCostTime:1.131s , currentRepackMaxTime:453.405s
iter4		 Improve solution by repack 0.18232044477291048->0.17509708411717279 , unplacedBoxesSize:3
currentRepackCostTime:1.176s , currentRepackMaxTime:453.405s
iter2		 Improve solution by repack 0.17509708411717279->0.1696146869121204 , unplacedBoxesSize:3
currentRepackCostTime:1.192s , currentRepackMaxTime:453.405s
iter3		 Improve solution by repack 0.1696146869121204->0.16500621472722385 , unplacedBoxesSize:3
currentRepackCostTime:1.2530000000000001s , currentRepackMaxTime:453.405s
iter21		 Improve solution by repack 0.16500621472722385->0.1548122144584789 , unplacedBoxesSize:2
currentRepackCostTime:1.52s , currentRepackMaxTime:453.405s
iter1		 Improve solution by repack 0.1548122144584789->0.15355835124966408 , unplacedBoxesSize:2
currentRepackCostTime:1.5350000000000001s , currentRepackMaxTime:453.405s
iter19		 Improve solution by repack 0.15355835124966408->0.1531939868314969 , unplacedBoxesSize:4
currentRepackCostTime:1.7650000000000001s , currentRepackMaxTime:453.405s
iter12		 Improve solution by repack 0.1531939868314969->0.14937243348562215 , unplacedBoxesSize:4
currentRepackCostTime:1.974s , currentRepackMaxTime:453.405s
iter8		 Improve solution by repack 0.14937243348562215->0.14516359849502822 , unplacedBoxesSize:3
currentRepackCostTime:2.089s , currentRepackMaxTime:453.405s
iter18		 Improve solution by repack 0.14516359849502822->0.13625167965600646 , unplacedBoxesSize:1
currentRepackCostTime:2.4130000000000003s , currentRepackMaxTime:453.405s
Selecting boards with low utilization for repacking...
iter4		 Improve solution by repack 0.9648969531040044->0.17392468422467078 , unplacedBoxesSize:3
currentRepackCostTime:2.995s , currentRepackMaxTime:453.405s
iter3		 Improve solution by repack 0.17392468422467078->0.17378762429454447 , unplacedBoxesSize:3
currentRepackCostTime:3.019s , currentRepackMaxTime:453.405s
iter4		 Improve solution by repack 0.17378762429454447->0.17175490459553885 , unplacedBoxesSize:1
currentRepackCostTime:3.064s , currentRepackMaxTime:453.405s
iter1		 Improve solution by repack 0.17175490459553885->0.1571893476216071 , unplacedBoxesSize:4
currentRepackCostTime:3.09s , currentRepackMaxTime:453.405s
iter5		 Improve solution by repack 0.1571893476216071->0.15273288430529428 , unplacedBoxesSize:4
currentRepackCostTime:3.1830000000000003s , currentRepackMaxTime:453.405s
iter4		 Improve solution by repack 0.15273288430529428->0.15120910037624294 , unplacedBoxesSize:4
currentRepackCostTime:3.244s , currentRepackMaxTime:453.405s
iter15		 Improve solution by repack 0.15120910037624294->0.1325850745767267 , unplacedBoxesSize:3
currentRepackCostTime:3.471s , currentRepackMaxTime:453.405s
Selecting boards with low utilization for repacking...
iter3		 Improve solution by repack 0.9636816380005375->0.1609102055898952 , unplacedBoxesSize:2
currentRepackCostTime:3.998s , currentRepackMaxTime:453.405s
iter7		 Improve solution by repack 0.1609102055898952->0.1387977862133835 , unplacedBoxesSize:4
currentRepackCostTime:4.072s , currentRepackMaxTime:453.405s
iter17		 Improve solution by repack 0.1387977862133835->0.13565699744692286 , unplacedBoxesSize:3
currentRepackCostTime:4.366s , currentRepackMaxTime:453.405s
Selecting boards with low utilization for repacking...
iter6		 Improve solution by repack 0.9622866836871808->0.9612968624025799 , unplacedBoxesSize:12
currentRepackCostTime:5.097s , currentRepackMaxTime:453.405s
iter2		 Improve solution by repack 0.9612968624025799->0.1628644013705993 , unplacedBoxesSize:4
currentRepackCostTime:5.14s , currentRepackMaxTime:453.405s
iter7		 Improve solution by repack 0.1628644013705993->0.15977106288632087 , unplacedBoxesSize:3
currentRepackCostTime:5.32s , currentRepackMaxTime:453.405s
iter1		 Improve solution by repack 0.15977106288632087->0.1543493012631013 , unplacedBoxesSize:3
currentRepackCostTime:5.338s , currentRepackMaxTime:453.405s
iter15		 Improve solution by repack 0.1543493012631013->0.15261547635044345 , unplacedBoxesSize:3
currentRepackCostTime:5.538s , currentRepackMaxTime:453.405s
iter14		 Improve solution by repack 0.15261547635044345->0.14776840902983068 , unplacedBoxesSize:5
currentRepackCostTime:5.73s , currentRepackMaxTime:453.405s
iter3		 Improve solution by repack 0.14776840902983068->0.1453812819134641 , unplacedBoxesSize:3
currentRepackCostTime:5.793s , currentRepackMaxTime:453.405s
Selecting boards with low utilization for repacking...
iter1		 Improve solution by repack 0.9652900765923139->0.17577499328137597 , unplacedBoxesSize:2
currentRepackCostTime:6.751s , currentRepackMaxTime:453.405s
Selecting boards with low utilization for repacking...
iter1		 Improve solution by repack 0.9534066783122818->0.17577499328137597 , unplacedBoxesSize:2
currentRepackCostTime:7.673s , currentRepackMaxTime:453.405s
iter23		 Improve solution by repack 0.17577499328137597->0.1668832303144316 , unplacedBoxesSize:3
currentRepackCostTime:7.909s , currentRepackMaxTime:453.405s
iter6		 Improve solution by repack 0.1668832303144316->0.1667461703843053 , unplacedBoxesSize:3
currentRepackCostTime:7.99s , currentRepackMaxTime:453.405s
iter5		 Improve solution by repack 0.1667461703843053->0.1625750806234883 , unplacedBoxesSize:3
currentRepackCostTime:8.143s , currentRepackMaxTime:453.405s
iter3		 Improve solution by repack 0.1625750806234883->0.1619580959419511 , unplacedBoxesSize:4
currentRepackCostTime:8.186s , currentRepackMaxTime:453.405s
iter13		 Improve solution by repack 0.1619580959419511->0.16016985017468421 , unplacedBoxesSize:4
currentRepackCostTime:8.355s , currentRepackMaxTime:453.405s
iter8		 Improve solution by repack 0.16016985017468421->0.1511679488040849 , unplacedBoxesSize:4
currentRepackCostTime:8.454s , currentRepackMaxTime:453.405s
iter6		 Improve solution by repack 0.1511679488040849->0.15020374227358238 , unplacedBoxesSize:2
currentRepackCostTime:8.549s , currentRepackMaxTime:453.405s
Selecting boards with low utilization for repacking...
iter1		 Improve solution by repack 0.9682714660037625->0.966099754770223 , unplacedBoxesSize:11
currentRepackCostTime:9.120000000000001s , currentRepackMaxTime:453.405s
iter1		 Improve solution by repack 0.966099754770223->0.9553227828540716 , unplacedBoxesSize:10
currentRepackCostTime:9.129s , currentRepackMaxTime:453.405s
iter2		 Improve solution by repack 0.9553227828540716->0.9533925221714593 , unplacedBoxesSize:9
currentRepackCostTime:9.141s , currentRepackMaxTime:453.405s
iter7		 Improve solution by repack 0.9533925221714593->0.16203557511421662 , unplacedBoxesSize:2
currentRepackCostTime:9.238s , currentRepackMaxTime:453.405s
iter4		 Improve solution by repack 0.16203557511421662->0.16082874227358238 , unplacedBoxesSize:2
currentRepackCostTime:9.261000000000001s , currentRepackMaxTime:453.405s
Selecting boards with low utilization for repacking...
iter5		 Improve solution by repack 0.9679638370061812->0.9654714794410105 , unplacedBoxesSize:9
currentRepackCostTime:9.994s , currentRepackMaxTime:453.405s
iter2		 Improve solution by repack 0.9654714794410105->0.16100489115829078 , unplacedBoxesSize:3
currentRepackCostTime:10.021s , currentRepackMaxTime:453.405s
iter1		 Improve solution by repack 0.16100489115829078->0.15816816715936577 , unplacedBoxesSize:2
currentRepackCostTime:10.038s , currentRepackMaxTime:453.405s
iter18		 Improve solution by repack 0.15816816715936577->0.1469305966138135 , unplacedBoxesSize:2
currentRepackCostTime:10.248s , currentRepackMaxTime:453.405s
Selecting boards with low utilization for repacking...
All low-utilization boards have been repacked once. Restarting repacking process...
Selecting boards with low utilization for repacking...
Selecting boards with low utilization for repacking...
iter1		 Improve solution by repack 0.9636285138403655->0.1469305966138135 , unplacedBoxesSize:2
currentRepackCostTime:11.201s , currentRepackMaxTime:453.405s
Selecting boards with low utilization for repacking...
iter3		 Improve solution by repack 0.9639773783929052->0.1469305966138135 , unplacedBoxesSize:2
currentRepackCostTime:12.074s , currentRepackMaxTime:453.405s
Selecting boards with low utilization for repacking...
iter1		 Improve solution by repack 0.9671452566514378->0.9560623353937113 , unplacedBoxesSize:13
currentRepackCostTime:12.909s , currentRepackMaxTime:453.405s
iter3		 Improve solution by repack 0.9560623353937113->0.955036989384574 , unplacedBoxesSize:12
currentRepackCostTime:12.955s , currentRepackMaxTime:453.405s
iter3		 Improve solution by repack 0.955036989384574->0.9497343153722119 , unplacedBoxesSize:12
currentRepackCostTime:13.013s , currentRepackMaxTime:453.405s
iter1		 Improve solution by repack 0.9497343153722119->0.15279103735554958 , unplacedBoxesSize:3
currentRepackCostTime:13.024000000000001s , currentRepackMaxTime:453.405s
iter4		 Improve solution by repack 0.15279103735554958->0.13484278419779627 , unplacedBoxesSize:2
currentRepackCostTime:13.073s , currentRepackMaxTime:453.405s
iter25		 Improve solution by repack 0.13484278419779627->0.13363595135716205 , unplacedBoxesSize:2
currentRepackCostTime:13.403s , currentRepackMaxTime:453.405s
Selecting boards with low utilization for repacking...
iter2		 Improve solution by repack 0.9645912086804622->0.16263516527815103 , unplacedBoxesSize:4
currentRepackCostTime:14.345s , currentRepackMaxTime:453.405s
iter5		 Improve solution by repack 0.16263516527815103->0.15073014646600377 , unplacedBoxesSize:3
currentRepackCostTime:14.418000000000001s , currentRepackMaxTime:453.405s
iter24		 Improve solution by repack 0.15073014646600377->0.1493948199408761 , unplacedBoxesSize:3
currentRepackCostTime:14.700000000000001s , currentRepackMaxTime:453.405s
iter4		 Improve solution by repack 0.1493948199408761->0.1305102794947595 , unplacedBoxesSize:3
currentRepackCostTime:14.76s , currentRepackMaxTime:453.405s
Selecting boards with low utilization for repacking...
iter3		 Improve solution by repack 0.9641442152647138->0.9625458546089761 , unplacedBoxesSize:8
currentRepackCostTime:15.284s , currentRepackMaxTime:453.405s
iter1		 Improve solution by repack 0.9625458546089761->0.1305102794947595 , unplacedBoxesSize:3
currentRepackCostTime:15.298s , currentRepackMaxTime:453.405s
Selecting boards with low utilization for repacking...
iter5		 Improve solution by repack 0.9748715063155067->0.1305102794947595 , unplacedBoxesSize:3
currentRepackCostTime:16.252s , currentRepackMaxTime:453.405s
Selecting boards with low utilization for repacking...
iter1		 Improve solution by repack 0.9800137731792529->0.9759491736092448 , unplacedBoxesSize:12
currentRepackCostTime:17.146s , currentRepackMaxTime:453.405s
iter2		 Improve solution by repack 0.9759491736092448->0.9758843388873959 , unplacedBoxesSize:12
currentRepackCostTime:17.186s , currentRepackMaxTime:453.405s
iter2		 Improve solution by repack 0.9758843388873959->0.16625688658962645 , unplacedBoxesSize:4
currentRepackCostTime:17.204s , currentRepackMaxTime:453.405s
iter8		 Improve solution by repack 0.16625688658962645->0.1621113276001075 , unplacedBoxesSize:3
currentRepackCostTime:17.299s , currentRepackMaxTime:453.405s
Selecting boards with low utilization for repacking...
iter1		 Improve solution by repack 0.9832459352324645->0.2536708882020962 , unplacedBoxesSize:4
currentRepackCostTime:18.056s , currentRepackMaxTime:453.405s
iter4		 Improve solution by repack 0.2536708882020962->0.24519366433754367 , unplacedBoxesSize:4
currentRepackCostTime:18.115000000000002s , currentRepackMaxTime:453.405s
iter1		 Improve solution by repack 0.24519366433754367->0.23064162859446388 , unplacedBoxesSize:3
currentRepackCostTime:18.128s , currentRepackMaxTime:453.405s
iter1		 Improve solution by repack 0.23064162859446388->0.23056016527815104 , unplacedBoxesSize:3
currentRepackCostTime:18.131s , currentRepackMaxTime:453.405s
iter2		 Improve solution by repack 0.23056016527815104->0.21872833243751677 , unplacedBoxesSize:3
currentRepackCostTime:18.16s , currentRepackMaxTime:453.405s
iter1		 Improve solution by repack 0.21872833243751677->0.21033878661650093 , unplacedBoxesSize:2
currentRepackCostTime:18.166s , currentRepackMaxTime:453.405s
iter3		 Improve solution by repack 0.21033878661650093->0.18730868718086535 , unplacedBoxesSize:3
currentRepackCostTime:18.213s , currentRepackMaxTime:453.405s
iter16		 Improve solution by repack 0.18730868718086535->0.18344127922601453 , unplacedBoxesSize:3
currentRepackCostTime:18.41s , currentRepackMaxTime:453.405s
iter2		 Improve solution by repack 0.18344127922601453->0.18109110454178984 , unplacedBoxesSize:4
currentRepackCostTime:18.436s , currentRepackMaxTime:453.405s
iter2		 Improve solution by repack 0.18109110454178984->0.17793671056167698 , unplacedBoxesSize:3
currentRepackCostTime:18.449s , currentRepackMaxTime:453.405s
iter3		 Improve solution by repack 0.17793671056167698->0.15850980919107768 , unplacedBoxesSize:3
currentRepackCostTime:18.497s , currentRepackMaxTime:453.405s
iter8		 Improve solution by repack 0.15850980919107768->0.1555596613813491 , unplacedBoxesSize:3
currentRepackCostTime:18.623s , currentRepackMaxTime:453.405s
iter1		 Improve solution by repack 0.1555596613813491->0.15553345874764848 , unplacedBoxesSize:3
currentRepackCostTime:18.639s , currentRepackMaxTime:453.405s
iter14		 Improve solution by repack 0.15553345874764848->0.15549449072829885 , unplacedBoxesSize:4
currentRepackCostTime:18.851s , currentRepackMaxTime:453.405s
iter10		 Improve solution by repack 0.15549449072829885->0.14272540983606558 , unplacedBoxesSize:2
currentRepackCostTime:18.948s , currentRepackMaxTime:453.405s
iter9		 Improve solution by repack 0.14272540983606558->0.12697594732598766 , unplacedBoxesSize:3
currentRepackCostTime:19.119s , currentRepackMaxTime:453.405s
iter7		 Improve solution by repack 0.12697594732598766->0.11615051733404998 , unplacedBoxesSize:2
currentRepackCostTime:19.204s , currentRepackMaxTime:453.405s
iter9		 Improve solution by repack 0.11615051733404998->0.11132264512227896 , unplacedBoxesSize:2
currentRepackCostTime:19.323s , currentRepackMaxTime:453.405s
Selecting boards with low utilization for repacking...
All low-utilization boards have been repacked once. Restarting repacking process...
Selecting boards with low utilization for repacking...
Selecting boards with low utilization for repacking...
iter1		 Improve solution by repack 0.9644253896801934->0.9575459385917764 , unplacedBoxesSize:15
currentRepackCostTime:20.471s , currentRepackMaxTime:453.405s
iter1		 Improve solution by repack 0.9575459385917764->0.1277304488040849 , unplacedBoxesSize:3
currentRepackCostTime:20.493000000000002s , currentRepackMaxTime:453.405s
iter4		 Improve solution by repack 0.1277304488040849->0.12558183284063423 , unplacedBoxesSize:3
currentRepackCostTime:20.53s , currentRepackMaxTime:453.405s
iter12		 Improve solution by repack 0.12558183284063423->0.1216513538027412 , unplacedBoxesSize:3
currentRepackCostTime:20.714000000000002s , currentRepackMaxTime:453.405s
Selecting boards with low utilization for repacking...
iter5		 Improve solution by repack 0.9549326457941414->0.954628628056974 , unplacedBoxesSize:13
currentRepackCostTime:21.594s , currentRepackMaxTime:453.405s
iter1		 Improve solution by repack 0.954628628056974->0.13673235017468421 , unplacedBoxesSize:3
currentRepackCostTime:21.635s , currentRepackMaxTime:453.405s
iter12		 Improve solution by repack 0.13673235017468421->0.13334990593926363 , unplacedBoxesSize:3
currentRepackCostTime:21.821s , currentRepackMaxTime:453.405s
iter2		 Improve solution by repack 0.13334990593926363->0.13317622950819671 , unplacedBoxesSize:2
currentRepackCostTime:21.836000000000002s , currentRepackMaxTime:453.405s
iter4		 Improve solution by repack 0.13317622950819671->0.13251041386724 , unplacedBoxesSize:4
currentRepackCostTime:21.899s , currentRepackMaxTime:453.405s
iter5		 Improve solution by repack 0.13251041386724->0.12114451760279495 , unplacedBoxesSize:3
currentRepackCostTime:21.962s , currentRepackMaxTime:453.405s
iter5		 Improve solution by repack 0.12114451760279495->0.10909432948132222 , unplacedBoxesSize:3
currentRepackCostTime:22.037s , currentRepackMaxTime:453.405s
Selecting boards with low utilization for repacking...
iter2		 Improve solution by repack 0.9709246506315506->0.11671123353937114 , unplacedBoxesSize:3
currentRepackCostTime:22.626s , currentRepackMaxTime:453.405s
Selecting boards with low utilization for repacking...
iter2		 Improve solution by repack 0.974403890083311->0.9743776874496103 , unplacedBoxesSize:8
currentRepackCostTime:23.627s , currentRepackMaxTime:453.405s
iter1		 Improve solution by repack 0.9743776874496103->0.20664152781510345 , unplacedBoxesSize:3
currentRepackCostTime:23.637s , currentRepackMaxTime:453.405s
iter19		 Improve solution by repack 0.20664152781510345->0.17792957202364956 , unplacedBoxesSize:5
currentRepackCostTime:23.94s , currentRepackMaxTime:453.405s
iter4		 Improve solution by repack 0.17792957202364956->0.1641621875839828 , unplacedBoxesSize:3
currentRepackCostTime:24.005s , currentRepackMaxTime:453.405s
iter1		 Improve solution by repack 0.1641621875839828->0.1566380005374899 , unplacedBoxesSize:3
currentRepackCostTime:24.02s , currentRepackMaxTime:453.405s
iter2		 Improve solution by repack 0.1566380005374899->0.15222184896533192 , unplacedBoxesSize:3
currentRepackCostTime:24.052s , currentRepackMaxTime:453.405s
iter6		 Improve solution by repack 0.15222184896533192->0.14899287825853266 , unplacedBoxesSize:4
currentRepackCostTime:24.121000000000002s , currentRepackMaxTime:453.405s
iter3		 Improve solution by repack 0.14899287825853266->0.14801531846277882 , unplacedBoxesSize:4
currentRepackCostTime:24.142s , currentRepackMaxTime:453.405s
iter4		 Improve solution by repack 0.14801531846277882->0.14457874227358236 , unplacedBoxesSize:4
currentRepackCostTime:24.209s , currentRepackMaxTime:453.405s
iter16		 Improve solution by repack 0.14457874227358236->0.1426202633700618 , unplacedBoxesSize:3
currentRepackCostTime:24.48s , currentRepackMaxTime:453.405s
iter12		 Improve solution by repack 0.1426202633700618->0.14093346882558452 , unplacedBoxesSize:4
currentRepackCostTime:24.647000000000002s , currentRepackMaxTime:453.405s
iter18		 Improve solution by repack 0.14093346882558452->0.13928732195646332 , unplacedBoxesSize:3
currentRepackCostTime:24.898s , currentRepackMaxTime:453.405s
iter6		 Improve solution by repack 0.13928732195646332->0.13721009137328674 , unplacedBoxesSize:3
currentRepackCostTime:24.997s , currentRepackMaxTime:453.405s
iter8		 Improve solution by repack 0.13721009137328674->0.13110412187583984 , unplacedBoxesSize:3
currentRepackCostTime:25.123s , currentRepackMaxTime:453.405s
iter2		 Improve solution by repack 0.13110412187583984->0.11905393375436711 , unplacedBoxesSize:3
currentRepackCostTime:25.138s , currentRepackMaxTime:453.405s
iter12		 Improve solution by repack 0.11905393375436711->0.11561735756517065 , unplacedBoxesSize:3
currentRepackCostTime:25.303s , currentRepackMaxTime:453.405s
iter18		 Improve solution by repack 0.11561735756517065->0.10266242273582371 , unplacedBoxesSize:4
currentRepackCostTime:25.6s , currentRepackMaxTime:453.405s
iter12		 Improve solution by repack 0.10266242273582371->0.09825626511690407 , unplacedBoxesSize:3
currentRepackCostTime:25.758s , currentRepackMaxTime:453.405s
Selecting boards with low utilization for repacking...
iter2		 Improve solution by repack 0.9719035541521097->0.11854113477559795 , unplacedBoxesSize:4
currentRepackCostTime:26.805s , currentRepackMaxTime:453.405s
iter6		 Improve solution by repack 0.11854113477559795->0.11642535608707336 , unplacedBoxesSize:2
currentRepackCostTime:26.882s , currentRepackMaxTime:453.405s
iter26		 Improve solution by repack 0.11642535608707336->0.11123118785272776 , unplacedBoxesSize:3
currentRepackCostTime:27.198s , currentRepackMaxTime:453.405s
Selecting boards with low utilization for repacking...
iter1		 Improve solution by repack 0.9818469497446922->0.11123118785272776 , unplacedBoxesSize:3
currentRepackCostTime:27.756s , currentRepackMaxTime:453.405s
Selecting boards with low utilization for repacking...
iter1		 Improve solution by repack 0.9846674281107228->0.11123118785272776 , unplacedBoxesSize:3
currentRepackCostTime:28.754s , currentRepackMaxTime:453.405s
Selecting boards with low utilization for repacking...
iter2		 Improve solution by repack 0.9861998521902714->0.11123118785272776 , unplacedBoxesSize:3
currentRepackCostTime:29.774s , currentRepackMaxTime:453.405s
Selecting boards with low utilization for repacking...
All low-utilization boards have been repacked once. Restarting repacking process...
Global repack result: 9 -> 9 boards.
