total number of nestable workpieces：282
Start priority-first combined packing.
Start nesting on the 1th large board, remaining blocks count: 124
Utilization of the 1th large board: 98.59647944101049, Time taken for this board: 1.052s
-------------------------------------------------------------------
Start nesting on the 2th large board, remaining blocks count: 122
Utilization of the 2th large board: 98.57074711099168, Time taken for this board: 2.001s
-------------------------------------------------------------------
Start nesting on the 3th large board, remaining blocks count: 114
Utilization of the 3th large board: 97.46976619188389, Time taken for this board: 2.7520000000000002s
-------------------------------------------------------------------
Start nesting on the 4th large board, remaining blocks count: 108
Utilization of the 4th large board: 97.68382155334588, Time taken for this board: 3.537s
-------------------------------------------------------------------
Start nesting on the 5th large board, remaining blocks count: 102
Utilization of the 5th large board: 96.17441547970977, Time taken for this board: 4.173s
-------------------------------------------------------------------
Start nesting on the 6th large board, remaining blocks count: 96
Utilization of the 6th large board: 95.6847621607095, Time taken for this board: 4.667s
-------------------------------------------------------------------
Start nesting on the 7th large board, remaining blocks count: 88
Utilization of the 7th large board: 95.6863020693362, Time taken for this board: 5.0680000000000005s
-------------------------------------------------------------------
Start nesting on the 8th large board, remaining blocks count: 82
Utilization of the 8th large board: 95.95411179790378, Time taken for this board: 5.4510000000000005s
-------------------------------------------------------------------
Start nesting on the 9th large board, remaining blocks count: 79
Utilization of the 9th large board: 92.69766729373825, Time taken for this board: 5.69s
-------------------------------------------------------------------
Start nesting on the 10th large board, remaining blocks count: 71
Utilization of the 10th large board: 99.13685837140552, Time taken for this board: 5.96s
-------------------------------------------------------------------
Start nesting on the 11th large board, remaining blocks count: 65
Utilization of the 11th large board: 98.66806638000537, Time taken for this board: 6.192s
-------------------------------------------------------------------
Start nesting on the 12th large board, remaining blocks count: 59
Utilization of the 12th large board: 96.57719699005644, Time taken for this board: 6.285s
-------------------------------------------------------------------
Start nesting on the 13th large board, remaining blocks count: 55
Utilization of the 13th large board: 95.64431604407416, Time taken for this board: 6.383s
-------------------------------------------------------------------
Start nesting on the 14th large board, remaining blocks count: 53
Utilization of the 14th large board: 94.39431604407416, Time taken for this board: 6.478s
-------------------------------------------------------------------
Start nesting on the 15th large board, remaining blocks count: 45
Utilization of the 15th large board: 91.89653319000269, Time taken for this board: 6.525s
-------------------------------------------------------------------
Start nesting on the 16th large board, remaining blocks count: 43
Utilization of the 16th large board: 93.75745767266864, Time taken for this board: 6.569s
-------------------------------------------------------------------
Start nesting on the 17th large board, remaining blocks count: 35
Utilization of the 17th large board: 91.56725342649825, Time taken for this board: 6.607s
-------------------------------------------------------------------
Start nesting on the 18th large board, remaining blocks count: 31
Utilization of the 18th large board: 91.33230314431606, Time taken for this board: 6.6240000000000006s
-------------------------------------------------------------------
Start nesting on the 19th large board, remaining blocks count: 29
Utilization of the 19th large board: 92.96996775060468, Time taken for this board: 6.639s
-------------------------------------------------------------------
Start nesting on the 20th large board, remaining blocks count: 21
Utilization of the 20th large board: 90.60729642569201, Time taken for this board: 6.648000000000001s
-------------------------------------------------------------------
Start nesting on the 21th large board, remaining blocks count: 15
Utilization of the 21th large board: 88.8051599032518, Time taken for this board: 6.651s
-------------------------------------------------------------------
Start nesting on the 22th large board, remaining blocks count: 15
Utilization of the 22th large board: 86.62449610319807, Time taken for this board: 6.654s
-------------------------------------------------------------------
Start nesting on the 23th large board, remaining blocks count: 13
Utilization of the 23th large board: 87.55435366836873, Time taken for this board: 6.656000000000001s
-------------------------------------------------------------------
Start nesting on the 24th large board, remaining blocks count: 9
Utilization of the 24th large board: 82.61300725611395, Time taken for this board: 6.659s
-------------------------------------------------------------------
Start nesting on the 25th large board, remaining blocks count: 5
Utilization of the 25th large board: 85.62321956463316, Time taken for this board: 6.66s
-------------------------------------------------------------------
Start nesting on the 26th large board, remaining blocks count: 5
Utilization of the 26th large board: 40.64686912120398, Time taken for this board: 6.66s
-------------------------------------------------------------------
Start global repack optimization for 26 boards, time=432.62s.
Start improving solution by repacking.
Selecting boards with low utilization for repacking...
iter8		 Improve solution by repack 0.40646869121203977->0.39326122010212305 , unplacedBoxesSize:1
currentRepackCostTime:0.045s , currentRepackMaxTime:432.62s
iter18		 Improve solution by repack 0.39326122010212305->0.38846277882289704 , unplacedBoxesSize:4
currentRepackCostTime:0.11900000000000001s , currentRepackMaxTime:432.62s
iter6		 Improve solution by repack 0.38846277882289704->0.3799556570814297 , unplacedBoxesSize:3
currentRepackCostTime:0.167s , currentRepackMaxTime:432.62s
iter1		 Improve solution by repack 0.3799556570814297->0.3505213652244021 , unplacedBoxesSize:3
currentRepackCostTime:0.181s , currentRepackMaxTime:432.62s
iter20		 Improve solution by repack 0.3505213652244021->0.34540580489115824 , unplacedBoxesSize:3
currentRepackCostTime:0.28600000000000003s , currentRepackMaxTime:432.62s
iter6		 Improve solution by repack 0.34540580489115824->0.33472588013974736 , unplacedBoxesSize:3
currentRepackCostTime:0.332s , currentRepackMaxTime:432.62s
iter18		 Improve solution by repack 0.33472588013974736->0.3052915882827197 , unplacedBoxesSize:3
currentRepackCostTime:0.453s , currentRepackMaxTime:432.62s
iter15		 Improve solution by repack 0.3052915882827197->0.29674079548508464 , unplacedBoxesSize:3
currentRepackCostTime:0.542s , currentRepackMaxTime:432.62s
iter5		 Improve solution by repack 0.29674079548508464->0.2943086535877452 , unplacedBoxesSize:3
currentRepackCostTime:0.5710000000000001s , currentRepackMaxTime:432.62s
iter1		 Improve solution by repack 0.2943086535877452->0.282394517602795 , unplacedBoxesSize:3
currentRepackCostTime:0.579s , currentRepackMaxTime:432.62s
iter204		 Improve solution by repack 0.282394517602795->0.2775033593120129 , unplacedBoxesSize:3
currentRepackCostTime:1.795s , currentRepackMaxTime:432.62s
iter38		 Improve solution by repack 0.2775033593120129->0.26981725342649826 , unplacedBoxesSize:2
currentRepackCostTime:2.015s , currentRepackMaxTime:432.62s
iter37		 Improve solution by repack 0.26981725342649826->0.2654857565170653 , unplacedBoxesSize:2
currentRepackCostTime:2.209s , currentRepackMaxTime:432.62s
iter6		 Improve solution by repack 0.2654857565170653->0.24722923945176029 , unplacedBoxesSize:2
currentRepackCostTime:2.247s , currentRepackMaxTime:432.62s
iter96		 Improve solution by repack 0.24722923945176029->0.24675423273313624 , unplacedBoxesSize:2
currentRepackCostTime:2.748s , currentRepackMaxTime:432.62s
Selecting boards with low utilization for repacking...
iter6		 Improve solution by repack 0.8508116097823165->0.8466648750335932 , unplacedBoxesSize:4
currentRepackCostTime:5.522s , currentRepackMaxTime:432.62s
iter3		 Improve solution by repack 0.8466648750335932->0.2715976887933351 , unplacedBoxesSize:2
currentRepackCostTime:5.54s , currentRepackMaxTime:432.62s
iter55		 Improve solution by repack 0.2715976887933351->0.27140016124697663 , unplacedBoxesSize:3
currentRepackCostTime:5.863s , currentRepackMaxTime:432.62s
iter12		 Improve solution by repack 0.27140016124697663->0.2689680193496372 , unplacedBoxesSize:3
currentRepackCostTime:5.923s , currentRepackMaxTime:432.62s
iter86		 Improve solution by repack 0.2689680193496372->0.2680529427573233 , unplacedBoxesSize:2
currentRepackCostTime:6.4430000000000005s , currentRepackMaxTime:432.62s
iter15		 Improve solution by repack 0.2680529427573233->0.2609520290244558 , unplacedBoxesSize:3
currentRepackCostTime:6.514s , currentRepackMaxTime:432.62s
iter6		 Improve solution by repack 0.2609520290244558->0.25015318462778824 , unplacedBoxesSize:5
currentRepackCostTime:6.549s , currentRepackMaxTime:432.62s
iter4		 Improve solution by repack 0.25015318462778824->0.22650094060736362 , unplacedBoxesSize:3
currentRepackCostTime:6.58s , currentRepackMaxTime:432.62s
iter16		 Improve solution by repack 0.22650094060736362->0.21146264445041657 , unplacedBoxesSize:2
currentRepackCostTime:6.681s , currentRepackMaxTime:432.62s
iter90		 Improve solution by repack 0.21146264445041657->0.20445041655468962 , unplacedBoxesSize:2
currentRepackCostTime:7.205s , currentRepackMaxTime:432.62s
iter5		 Improve solution by repack 0.20445041655468962->0.19958142972319268 , unplacedBoxesSize:2
currentRepackCostTime:7.23s , currentRepackMaxTime:432.62s
iter14		 Improve solution by repack 0.19958142972319268->0.1948427841977963 , unplacedBoxesSize:2
currentRepackCostTime:7.3100000000000005s , currentRepackMaxTime:432.62s
iter27		 Improve solution by repack 0.1948427841977963->0.1929145391023918 , unplacedBoxesSize:2
currentRepackCostTime:7.452s , currentRepackMaxTime:432.62s
iter11		 Improve solution by repack 0.1929145391023918->0.1867824509540446 , unplacedBoxesSize:2
currentRepackCostTime:7.5200000000000005s , currentRepackMaxTime:432.62s
iter31		 Improve solution by repack 0.1867824509540446->0.1796069604944907 , unplacedBoxesSize:2
currentRepackCostTime:7.7s , currentRepackMaxTime:432.62s
iter20		 Improve solution by repack 0.1796069604944907->0.17109916689062082 , unplacedBoxesSize:1
currentRepackCostTime:7.815s , currentRepackMaxTime:432.62s
iter52		 Improve solution by repack 0.17109916689062082->0.16676766998118783 , unplacedBoxesSize:1
currentRepackCostTime:8.097s , currentRepackMaxTime:432.62s
iter1		 Improve solution by repack 0.16676766998118783->0.16456866433754366 , unplacedBoxesSize:1
currentRepackCostTime:8.103s , currentRepackMaxTime:432.62s
Selecting boards with low utilization for repacking...
iter14		 Improve solution by repack 0.8835333243751679->0.16456866433754366 , unplacedBoxesSize:1
currentRepackCostTime:10.783s , currentRepackMaxTime:432.62s
iter236		 Improve solution by repack 0.16456866433754366->0.16437113679118517 , unplacedBoxesSize:2
currentRepackCostTime:11.966000000000001s , currentRepackMaxTime:432.62s
iter279		 Improve solution by repack 0.16437113679118517->0.15340835796828808 , unplacedBoxesSize:2
currentRepackCostTime:13.587s , currentRepackMaxTime:432.62s
iter11		 Improve solution by repack 0.15340835796828808->0.14602660575114215 , unplacedBoxesSize:2
currentRepackCostTime:13.654s , currentRepackMaxTime:432.62s
iter11		 Improve solution by repack 0.14602660575114215->0.12907954850846545 , unplacedBoxesSize:2
currentRepackCostTime:13.731s , currentRepackMaxTime:432.62s
Selecting boards with low utilization for repacking...
iter5		 Improve solution by repack 0.895046358505778->0.890361461972588 , unplacedBoxesSize:6
currentRepackCostTime:16.344s , currentRepackMaxTime:432.62s
iter1		 Improve solution by repack 0.890361461972588->0.8729205858640151 , unplacedBoxesSize:5
currentRepackCostTime:16.349s , currentRepackMaxTime:432.62s
iter11		 Improve solution by repack 0.8729205858640151->0.16456866433754366 , unplacedBoxesSize:1
currentRepackCostTime:16.41s , currentRepackMaxTime:432.62s
iter325		 Improve solution by repack 0.16456866433754366->0.14431537221177104 , unplacedBoxesSize:2
currentRepackCostTime:18.133s , currentRepackMaxTime:432.62s
iter160		 Improve solution by repack 0.14431537221177104->0.13646331631281913 , unplacedBoxesSize:1
currentRepackCostTime:19.071s , currentRepackMaxTime:432.62s
Selecting boards with low utilization for repacking...
iter1		 Improve solution by repack 0.9041682343456061->0.16676766998118783 , unplacedBoxesSize:1
currentRepackCostTime:21.617s , currentRepackMaxTime:432.62s
iter21		 Improve solution by repack 0.16676766998118783->0.16456866433754366 , unplacedBoxesSize:1
currentRepackCostTime:21.73s , currentRepackMaxTime:432.62s
iter62		 Improve solution by repack 0.16456866433754366->0.13646331631281913 , unplacedBoxesSize:1
currentRepackCostTime:22.033s , currentRepackMaxTime:432.62s
Selecting boards with low utilization for repacking...
iter5		 Improve solution by repack 0.9041682343456061->0.8999274388605213 , unplacedBoxesSize:3
currentRepackCostTime:25.054000000000002s , currentRepackMaxTime:432.62s
iter4		 Improve solution by repack 0.8999274388605213->0.88817186240258 , unplacedBoxesSize:7
currentRepackCostTime:25.067s , currentRepackMaxTime:432.62s
iter19		 Improve solution by repack 0.88817186240258->0.87966406879871 , unplacedBoxesSize:6
currentRepackCostTime:25.189s , currentRepackMaxTime:432.62s
iter6		 Improve solution by repack 0.87966406879871->0.8742575920451491 , unplacedBoxesSize:3
currentRepackCostTime:25.237000000000002s , currentRepackMaxTime:432.62s
iter17		 Improve solution by repack 0.8742575920451491->0.13646331631281913 , unplacedBoxesSize:1
currentRepackCostTime:25.305s , currentRepackMaxTime:432.62s
Selecting boards with low utilization for repacking...
iter4		 Improve solution by repack 0.8911670249932814->0.8742575920451491 , unplacedBoxesSize:3
currentRepackCostTime:28.515s , currentRepackMaxTime:432.62s
iter1		 Improve solution by repack 0.8742575920451491->0.18187449610319809 , unplacedBoxesSize:1
currentRepackCostTime:28.518s , currentRepackMaxTime:432.62s
iter9		 Improve solution by repack 0.18187449610319809->0.1758512496640688 , unplacedBoxesSize:2
currentRepackCostTime:28.569s , currentRepackMaxTime:432.62s
iter16		 Improve solution by repack 0.1758512496640688->0.14471109916689062 , unplacedBoxesSize:1
currentRepackCostTime:28.647000000000002s , currentRepackMaxTime:432.62s
iter5		 Improve solution by repack 0.14471109916689062->0.14431537221177104 , unplacedBoxesSize:2
currentRepackCostTime:28.676000000000002s , currentRepackMaxTime:432.62s
iter31		 Improve solution by repack 0.14431537221177104->0.1405596613813491 , unplacedBoxesSize:2
currentRepackCostTime:28.872s , currentRepackMaxTime:432.62s
iter18		 Improve solution by repack 0.1405596613813491->0.1338736226820747 , unplacedBoxesSize:2
currentRepackCostTime:28.986s , currentRepackMaxTime:432.62s
iter276		 Improve solution by repack 0.1338736226820747->0.12775967481859715 , unplacedBoxesSize:2
currentRepackCostTime:30.679000000000002s , currentRepackMaxTime:432.62s
Selecting boards with low utilization for repacking...
iter5		 Improve solution by repack 0.91819269013706->0.9172205052405268 , unplacedBoxesSize:8
currentRepackCostTime:34.586s , currentRepackMaxTime:432.62s
iter1		 Improve solution by repack 0.9172205052405268->0.8893355280838485 , unplacedBoxesSize:3
currentRepackCostTime:34.594s , currentRepackMaxTime:432.62s
iter8		 Improve solution by repack 0.8893355280838485->0.15340835796828808 , unplacedBoxesSize:2
currentRepackCostTime:34.623s , currentRepackMaxTime:432.62s
iter2		 Improve solution by repack 0.15340835796828808->0.13646331631281913 , unplacedBoxesSize:1
currentRepackCostTime:34.64s , currentRepackMaxTime:432.62s
iter73		 Improve solution by repack 0.13646331631281913->0.12775967481859715 , unplacedBoxesSize:2
currentRepackCostTime:35.057s , currentRepackMaxTime:432.62s
iter44		 Improve solution by repack 0.12775967481859715->0.10216003762429454 , unplacedBoxesSize:1
currentRepackCostTime:35.32s , currentRepackMaxTime:432.62s
iter14		 Improve solution by repack 0.10216003762429454->0.09742139209889815 , unplacedBoxesSize:1
currentRepackCostTime:35.394s , currentRepackMaxTime:432.62s
Selecting boards with low utilization for repacking...
iter7		 Improve solution by repack 0.8619430260682612->0.8495135716205321 , unplacedBoxesSize:3
currentRepackCostTime:38.242s , currentRepackMaxTime:432.62s
iter6		 Improve solution by repack 0.8495135716205321->0.8277774791722655 , unplacedBoxesSize:2
currentRepackCostTime:38.274s , currentRepackMaxTime:432.62s
iter3		 Improve solution by repack 0.8277774791722655->0.17109916689062082 , unplacedBoxesSize:1
currentRepackCostTime:38.283s , currentRepackMaxTime:432.62s
iter6		 Improve solution by repack 0.17109916689062082->0.16312147272238645 , unplacedBoxesSize:2
currentRepackCostTime:38.319s , currentRepackMaxTime:432.62s
iter5		 Improve solution by repack 0.16312147272238645->0.1496076323568933 , unplacedBoxesSize:2
currentRepackCostTime:38.345s , currentRepackMaxTime:432.62s
iter14		 Improve solution by repack 0.1496076323568933->0.13646331631281913 , unplacedBoxesSize:1
currentRepackCostTime:38.401s , currentRepackMaxTime:432.62s
Selecting boards with low utilization for repacking...
iter1		 Improve solution by repack 0.9066084385917764->0.906303413061005 , unplacedBoxesSize:6
currentRepackCostTime:41.747s , currentRepackMaxTime:432.62s
iter1		 Improve solution by repack 0.906303413061005->0.9051881214727224 , unplacedBoxesSize:6
currentRepackCostTime:41.751s , currentRepackMaxTime:432.62s
iter13		 Improve solution by repack 0.9051881214727224->0.17021230851921526 , unplacedBoxesSize:2
currentRepackCostTime:41.824s , currentRepackMaxTime:432.62s
iter28		 Improve solution by repack 0.17021230851921526->0.13646331631281913 , unplacedBoxesSize:1
currentRepackCostTime:42.004s , currentRepackMaxTime:432.62s
Selecting boards with low utilization for repacking...
iter3		 Improve solution by repack 0.9125799516259071->0.9102915882827197 , unplacedBoxesSize:8
currentRepackCostTime:45.352000000000004s , currentRepackMaxTime:432.62s
iter1		 Improve solution by repack 0.9102915882827197->0.899780972856759 , unplacedBoxesSize:9
currentRepackCostTime:45.357s , currentRepackMaxTime:432.62s
iter1		 Improve solution by repack 0.899780972856759->0.885759876377318 , unplacedBoxesSize:6
currentRepackCostTime:45.363s , currentRepackMaxTime:432.62s
iter3		 Improve solution by repack 0.885759876377318->0.1796069604944907 , unplacedBoxesSize:2
currentRepackCostTime:45.374s , currentRepackMaxTime:432.62s
iter29		 Improve solution by repack 0.1796069604944907->0.17109916689062082 , unplacedBoxesSize:1
currentRepackCostTime:45.544000000000004s , currentRepackMaxTime:432.62s
iter42		 Improve solution by repack 0.17109916689062082->0.16973730180059124 , unplacedBoxesSize:2
currentRepackCostTime:45.813s , currentRepackMaxTime:432.62s
iter103		 Improve solution by repack 0.16973730180059124->0.15877452297769418 , unplacedBoxesSize:2
currentRepackCostTime:46.404s , currentRepackMaxTime:432.62s
iter57		 Improve solution by repack 0.15877452297769418->0.14602660575114215 , unplacedBoxesSize:2
currentRepackCostTime:46.739000000000004s , currentRepackMaxTime:432.62s
iter8		 Improve solution by repack 0.14602660575114215->0.14471109916689062 , unplacedBoxesSize:1
currentRepackCostTime:46.785000000000004s , currentRepackMaxTime:432.62s
iter4		 Improve solution by repack 0.14471109916689062->0.13646331631281913 , unplacedBoxesSize:1
currentRepackCostTime:46.811s , currentRepackMaxTime:432.62s
Selecting boards with low utilization for repacking...
iter1		 Improve solution by repack 0.8656732061273851->0.17161314162859448 , unplacedBoxesSize:2
currentRepackCostTime:48.954s , currentRepackMaxTime:432.62s
iter1		 Improve solution by repack 0.17161314162859448->0.16973730180059124 , unplacedBoxesSize:2
currentRepackCostTime:48.966s , currentRepackMaxTime:432.62s
iter5		 Improve solution by repack 0.16973730180059124->0.15698938457403924 , unplacedBoxesSize:2
currentRepackCostTime:48.996s , currentRepackMaxTime:432.62s
iter23		 Improve solution by repack 0.15698938457403924->0.15340835796828808 , unplacedBoxesSize:2
currentRepackCostTime:49.136s , currentRepackMaxTime:432.62s
iter44		 Improve solution by repack 0.15340835796828808->0.14595404461166353 , unplacedBoxesSize:1
currentRepackCostTime:49.426s , currentRepackMaxTime:432.62s
Selecting boards with low utilization for repacking...
iter3		 Improve solution by repack 0.8650228433216877->0.14595404461166353 , unplacedBoxesSize:1
currentRepackCostTime:52.548s , currentRepackMaxTime:432.62s
iter220		 Improve solution by repack 0.14595404461166353->0.11915748454716475 , unplacedBoxesSize:2
currentRepackCostTime:53.703s , currentRepackMaxTime:432.62s
iter1		 Improve solution by repack 0.11915748454716475->0.09742139209889815 , unplacedBoxesSize:1
currentRepackCostTime:53.706s , currentRepackMaxTime:432.62s
iter38		 Improve solution by repack 0.09742139209889815->0.07480381617844666 , unplacedBoxesSize:1
currentRepackCostTime:53.927s , currentRepackMaxTime:432.62s
iter193		 Improve solution by repack 0.07480381617844666->0.07122278957269551 , unplacedBoxesSize:1
currentRepackCostTime:55.062s , currentRepackMaxTime:432.62s
Selecting boards with low utilization for repacking...
iter1		 Improve solution by repack 0.9290009406073637->0.893579682880946 , unplacedBoxesSize:5
currentRepackCostTime:58.094s , currentRepackMaxTime:432.62s
iter3		 Improve solution by repack 0.893579682880946->0.07122278957269551 , unplacedBoxesSize:1
currentRepackCostTime:58.113s , currentRepackMaxTime:432.62s
Selecting boards with low utilization for repacking...
iter11		 Improve solution by repack 0.893579682880946->0.8825087342112334 , unplacedBoxesSize:6
currentRepackCostTime:61.969s , currentRepackMaxTime:432.62s
iter1		 Improve solution by repack 0.8825087342112334->0.8742575920451491 , unplacedBoxesSize:3
currentRepackCostTime:61.976s , currentRepackMaxTime:432.62s
iter4		 Improve solution by repack 0.8742575920451491->0.8733102660575115 , unplacedBoxesSize:5
currentRepackCostTime:61.994s , currentRepackMaxTime:432.62s
iter2		 Improve solution by repack 0.8733102660575115->0.8428305563020693 , unplacedBoxesSize:4
currentRepackCostTime:62.004s , currentRepackMaxTime:432.62s
iter3		 Improve solution by repack 0.8428305563020693->0.08755173340499867 , unplacedBoxesSize:1
currentRepackCostTime:62.014s , currentRepackMaxTime:432.62s
iter254		 Improve solution by repack 0.08755173340499867->0.08218556839559259 , unplacedBoxesSize:1
currentRepackCostTime:63.423s , currentRepackMaxTime:432.62s
iter71		 Improve solution by repack 0.08218556839559259->0.07122278957269551 , unplacedBoxesSize:1
currentRepackCostTime:63.816s , currentRepackMaxTime:432.62s
Selecting boards with low utilization for repacking...
iter3		 Improve solution by repack 0.8532954850846547->0.8402069336199945 , unplacedBoxesSize:3
currentRepackCostTime:67.46300000000001s , currentRepackMaxTime:432.62s
iter13		 Improve solution by repack 0.8402069336199945->0.8277774791722655 , unplacedBoxesSize:2
currentRepackCostTime:67.521s , currentRepackMaxTime:432.62s
iter3		 Improve solution by repack 0.8277774791722655->0.07122278957269551 , unplacedBoxesSize:1
currentRepackCostTime:67.532s , currentRepackMaxTime:432.62s
Selecting boards with low utilization for repacking...
iter1		 Improve solution by repack 0.9347413329750067->0.8950100779360387 , unplacedBoxesSize:4
currentRepackCostTime:71.27s , currentRepackMaxTime:432.62s
iter2		 Improve solution by repack 0.8950100779360387->0.07122278957269551 , unplacedBoxesSize:1
currentRepackCostTime:71.285s , currentRepackMaxTime:432.62s
Selecting boards with low utilization for repacking...
iter1		 Improve solution by repack 0.9414048642837948->0.07122278957269551 , unplacedBoxesSize:1
currentRepackCostTime:75.10000000000001s , currentRepackMaxTime:432.62s
Selecting boards with low utilization for repacking...
iter4		 Improve solution by repack 0.9418254501478098->0.9175933888739587 , unplacedBoxesSize:7
currentRepackCostTime:78.937s , currentRepackMaxTime:432.62s
iter3		 Improve solution by repack 0.9175933888739587->0.9117992475141091 , unplacedBoxesSize:6
currentRepackCostTime:78.968s , currentRepackMaxTime:432.62s
iter1		 Improve solution by repack 0.9117992475141091->0.9072480515990325 , unplacedBoxesSize:6
currentRepackCostTime:78.974s , currentRepackMaxTime:432.62s
iter2		 Improve solution by repack 0.9072480515990325->0.09742139209889815 , unplacedBoxesSize:1
currentRepackCostTime:78.983s , currentRepackMaxTime:432.62s
Selecting boards with low utilization for repacking...
iter1		 Improve solution by repack 0.8998179252889008->0.8842468422467079 , unplacedBoxesSize:4
currentRepackCostTime:82.64s , currentRepackMaxTime:432.62s
iter2		 Improve solution by repack 0.8842468422467079->0.8687080085998387 , unplacedBoxesSize:3
currentRepackCostTime:82.649s , currentRepackMaxTime:432.62s
iter13		 Improve solution by repack 0.8687080085998387->0.1796069604944907 , unplacedBoxesSize:2
currentRepackCostTime:82.71600000000001s , currentRepackMaxTime:432.62s
iter5		 Improve solution by repack 0.1796069604944907->0.17057914539102392 , unplacedBoxesSize:1
currentRepackCostTime:82.752s , currentRepackMaxTime:432.62s
iter36		 Improve solution by repack 0.17057914539102392->0.16345606019887127 , unplacedBoxesSize:1
currentRepackCostTime:82.933s , currentRepackMaxTime:432.62s
iter26		 Improve solution by repack 0.16345606019887127->0.13646331631281913 , unplacedBoxesSize:1
currentRepackCostTime:83.035s , currentRepackMaxTime:432.62s
iter46		 Improve solution by repack 0.13646331631281913->0.12475611394786347 , unplacedBoxesSize:2
currentRepackCostTime:83.3s , currentRepackMaxTime:432.62s
iter2		 Improve solution by repack 0.12475611394786347->0.10302002149959688 , unplacedBoxesSize:1
currentRepackCostTime:83.31s , currentRepackMaxTime:432.62s
iter2		 Improve solution by repack 0.10302002149959688->0.09871808653587745 , unplacedBoxesSize:1
currentRepackCostTime:83.321s , currentRepackMaxTime:432.62s
iter34		 Improve solution by repack 0.09871808653587745->0.08218556839559259 , unplacedBoxesSize:1
currentRepackCostTime:83.52s , currentRepackMaxTime:432.62s
Selecting boards with low utilization for repacking...
iter2		 Improve solution by repack 0.8950100779360387->0.08218556839559259 , unplacedBoxesSize:1
currentRepackCostTime:86.325s , currentRepackMaxTime:432.62s
Selecting boards with low utilization for repacking...
iter1		 Improve solution by repack 0.9470034936844933->0.15433552808384843 , unplacedBoxesSize:2
currentRepackCostTime:90.024s , currentRepackMaxTime:432.62s
iter2		 Improve solution by repack 0.15433552808384843->0.14337274926095137 , unplacedBoxesSize:2
currentRepackCostTime:90.041s , currentRepackMaxTime:432.62s
iter4		 Improve solution by repack 0.14337274926095137->0.07122278957269551 , unplacedBoxesSize:1
currentRepackCostTime:90.065s , currentRepackMaxTime:432.62s
Selecting boards with low utilization for repacking...
iter2		 Improve solution by repack 0.9508351249664068->0.9466144853533995 , unplacedBoxesSize:7
currentRepackCostTime:93.869s , currentRepackMaxTime:432.62s
iter3		 Improve solution by repack 0.9466144853533995->0.9183472184896533 , unplacedBoxesSize:7
currentRepackCostTime:93.886s , currentRepackMaxTime:432.62s
iter3		 Improve solution by repack 0.9183472184896533->0.913907551733405 , unplacedBoxesSize:7
currentRepackCostTime:93.904s , currentRepackMaxTime:432.62s
iter5		 Improve solution by repack 0.913907551733405->0.8994799785004031 , unplacedBoxesSize:8
currentRepackCostTime:93.947s , currentRepackMaxTime:432.62s
iter14		 Improve solution by repack 0.8994799785004031->0.8953675087342112 , unplacedBoxesSize:6
currentRepackCostTime:94.044s , currentRepackMaxTime:432.62s
iter1		 Improve solution by repack 0.8953675087342112->0.8914317387798979 , unplacedBoxesSize:6
currentRepackCostTime:94.052s , currentRepackMaxTime:432.62s
iter1		 Improve solution by repack 0.8914317387798979->0.08387798978769148 , unplacedBoxesSize:1
currentRepackCostTime:94.058s , currentRepackMaxTime:432.62s
iter29		 Improve solution by repack 0.08387798978769148->0.08218556839559259 , unplacedBoxesSize:1
currentRepackCostTime:94.218s , currentRepackMaxTime:432.62s
Selecting boards with low utilization for repacking...
iter1		 Improve solution by repack 0.9801840902983069->0.9345673206127385 , unplacedBoxesSize:9
currentRepackCostTime:97.66s , currentRepackMaxTime:432.62s
iter2		 Improve solution by repack 0.9345673206127385->0.9335077936038699 , unplacedBoxesSize:9
currentRepackCostTime:97.676s , currentRepackMaxTime:432.62s
iter1		 Improve solution by repack 0.9335077936038699->0.8902626981994087 , unplacedBoxesSize:6
currentRepackCostTime:97.68900000000001s , currentRepackMaxTime:432.62s
iter5		 Improve solution by repack 0.8902626981994087->0.16606355818328408 , unplacedBoxesSize:2
currentRepackCostTime:97.71300000000001s , currentRepackMaxTime:432.62s
iter74		 Improve solution by repack 0.16606355818328408->0.11022037086804623 , unplacedBoxesSize:1
currentRepackCostTime:98.17s , currentRepackMaxTime:432.62s
iter3		 Improve solution by repack 0.11022037086804623->0.10702902445579145 , unplacedBoxesSize:1
currentRepackCostTime:98.18900000000001s , currentRepackMaxTime:432.62s
iter1		 Improve solution by repack 0.10702902445579145->0.09742139209889815 , unplacedBoxesSize:1
currentRepackCostTime:98.19800000000001s , currentRepackMaxTime:432.62s
iter51		 Improve solution by repack 0.09742139209889815->0.0929588820209621 , unplacedBoxesSize:2
currentRepackCostTime:98.48400000000001s , currentRepackMaxTime:432.62s
iter3		 Improve solution by repack 0.0929588820209621->0.09174415479709755 , unplacedBoxesSize:1
currentRepackCostTime:98.501s , currentRepackMaxTime:432.62s
iter46		 Improve solution by repack 0.09174415479709755->0.0883176565439398 , unplacedBoxesSize:1
currentRepackCostTime:98.756s , currentRepackMaxTime:432.62s
iter1		 Improve solution by repack 0.0883176565439398->0.08387798978769148 , unplacedBoxesSize:1
currentRepackCostTime:98.76s , currentRepackMaxTime:432.62s
iter98		 Improve solution by repack 0.08387798978769148->0.08218556839559259 , unplacedBoxesSize:1
currentRepackCostTime:99.33800000000001s , currentRepackMaxTime:432.62s
iter48		 Improve solution by repack 0.08218556839559259->0.07122278957269551 , unplacedBoxesSize:1
currentRepackCostTime:99.638s , currentRepackMaxTime:432.62s
iter31		 Improve solution by repack 0.07122278957269551->0.06863007256113948 , unplacedBoxesSize:2
currentRepackCostTime:99.813s , currentRepackMaxTime:432.62s
iter1		 Improve solution by repack 0.06863007256113948->0.04689398011287288 , unplacedBoxesSize:1
currentRepackCostTime:99.816s , currentRepackMaxTime:432.62s
Selecting boards with low utilization for repacking...
iter2		 Improve solution by repack 0.9556691749529697->0.9158566245632894 , unplacedBoxesSize:8
currentRepackCostTime:103.556s , currentRepackMaxTime:432.62s
iter5		 Improve solution by repack 0.9158566245632894->0.09742139209889815 , unplacedBoxesSize:1
currentRepackCostTime:103.593s , currentRepackMaxTime:432.62s
iter81		 Improve solution by repack 0.09742139209889815->0.08218556839559259 , unplacedBoxesSize:1
currentRepackCostTime:104.036s , currentRepackMaxTime:432.62s
iter78		 Improve solution by repack 0.08218556839559259->0.07480381617844666 , unplacedBoxesSize:1
currentRepackCostTime:104.499s , currentRepackMaxTime:432.62s
iter15		 Improve solution by repack 0.07480381617844666->0.07214995968825584 , unplacedBoxesSize:1
currentRepackCostTime:104.59400000000001s , currentRepackMaxTime:432.62s
iter7		 Improve solution by repack 0.07214995968825584->0.06520827734479978 , unplacedBoxesSize:3
currentRepackCostTime:104.634s , currentRepackMaxTime:432.62s
iter1		 Improve solution by repack 0.06520827734479978->0.04347218489653319 , unplacedBoxesSize:2
currentRepackCostTime:104.642s , currentRepackMaxTime:432.62s
iter5		 Improve solution by repack 0.04347218489653319->0.021736092448266596 , unplacedBoxesSize:1
currentRepackCostTime:104.69200000000001s , currentRepackMaxTime:432.62s
iter75		 Improve solution by repack 0.021736092448266596->0.0 , unplacedBoxesSize:0
currentRepackCostTime:105.129s , currentRepackMaxTime:432.62s
Improved success.
Global repack result: 26 -> 25 boards.
Start nesting on the 1th large board, remaining blocks count: 49
Utilization of the 1th large board: 97.25426632625638, Time taken for this board: 0.129s
-------------------------------------------------------------------
Start nesting on the 2th large board, remaining blocks count: 47
Utilization of the 2th large board: 97.1298710024187, Time taken for this board: 0.24s
-------------------------------------------------------------------
Start nesting on the 3th large board, remaining blocks count: 46
Utilization of the 3th large board: 95.54538430529428, Time taken for this board: 0.35100000000000003s
-------------------------------------------------------------------
Start nesting on the 4th large board, remaining blocks count: 41
Utilization of the 4th large board: 94.33566245632895, Time taken for this board: 0.46s
-------------------------------------------------------------------
Start nesting on the 5th large board, remaining blocks count: 39
Utilization of the 5th large board: 96.96123353937114, Time taken for this board: 0.5720000000000001s
-------------------------------------------------------------------
Start nesting on the 6th large board, remaining blocks count: 32
Utilization of the 6th large board: 97.4024455791454, Time taken for this board: 0.618s
-------------------------------------------------------------------
Start nesting on the 7th large board, remaining blocks count: 25
Utilization of the 7th large board: 97.58777882289706, Time taken for this board: 0.658s
-------------------------------------------------------------------
Start nesting on the 8th large board, remaining blocks count: 21
Utilization of the 8th large board: 93.54051330287557, Time taken for this board: 0.679s
-------------------------------------------------------------------
Start nesting on the 9th large board, remaining blocks count: 13
Utilization of the 9th large board: 88.17757323300188, Time taken for this board: 0.682s
-------------------------------------------------------------------
Start nesting on the 10th large board, remaining blocks count: 6
Utilization of the 10th large board: 58.37946788497716, Time taken for this board: 0.682s
-------------------------------------------------------------------
Start global repack optimization for 10 boards, time=487.525s.
Start improving solution by repacking.
Selecting boards with low utilization for repacking...
iter8		 Improve solution by repack 0.5837946788497715->0.5634735286213384 , unplacedBoxesSize:3
currentRepackCostTime:0.062s , currentRepackMaxTime:487.525s
iter16		 Improve solution by repack 0.5634735286213384->0.5356124025799516 , unplacedBoxesSize:6
currentRepackCostTime:0.163s , currentRepackMaxTime:487.525s
iter1		 Improve solution by repack 0.5356124025799516->0.51561979306638 , unplacedBoxesSize:6
currentRepackCostTime:0.17200000000000001s , currentRepackMaxTime:487.525s
iter3		 Improve solution by repack 0.51561979306638->0.5139505509271701 , unplacedBoxesSize:4
currentRepackCostTime:0.193s , currentRepackMaxTime:487.525s
iter2		 Improve solution by repack 0.5139505509271701->0.5098710024187046 , unplacedBoxesSize:4
currentRepackCostTime:0.214s , currentRepackMaxTime:487.525s
iter1		 Improve solution by repack 0.5098710024187046->0.5087852727761354 , unplacedBoxesSize:4
currentRepackCostTime:0.221s , currentRepackMaxTime:487.525s
iter9		 Improve solution by repack 0.5087852727761354->0.48704918032786887 , unplacedBoxesSize:3
currentRepackCostTime:0.292s , currentRepackMaxTime:487.525s
iter44		 Improve solution by repack 0.48704918032786887->0.48036314162859445 , unplacedBoxesSize:3
currentRepackCostTime:0.606s , currentRepackMaxTime:487.525s
Selecting boards with low utilization for repacking...
iter3		 Improve solution by repack 0.9354051330287556->0.5034815909701693 , unplacedBoxesSize:2
currentRepackCostTime:0.997s , currentRepackMaxTime:487.525s
iter3		 Improve solution by repack 0.5034815909701693->0.49338652244020426 , unplacedBoxesSize:6
currentRepackCostTime:1.0150000000000001s , currentRepackMaxTime:487.525s
iter22		 Improve solution by repack 0.49338652244020426->0.4853261891964526 , unplacedBoxesSize:6
currentRepackCostTime:1.211s , currentRepackMaxTime:487.525s
Selecting boards with low utilization for repacking...
iter1		 Improve solution by repack 0.9343335124966407->0.5356291991400162 , unplacedBoxesSize:3
currentRepackCostTime:1.76s , currentRepackMaxTime:487.525s
iter45		 Improve solution by repack 0.5356291991400162->0.4853261891964526 , unplacedBoxesSize:6
currentRepackCostTime:2.072s , currentRepackMaxTime:487.525s
Selecting boards with low utilization for repacking...
iter1		 Improve solution by repack 0.9343335124966407->0.9246932948132223 , unplacedBoxesSize:9
currentRepackCostTime:2.861s , currentRepackMaxTime:487.525s
iter4		 Improve solution by repack 0.9246932948132223->0.9168197393173878 , unplacedBoxesSize:7
currentRepackCostTime:2.896s , currentRepackMaxTime:487.525s
iter5		 Improve solution by repack 0.9168197393173878->0.5302280972856759 , unplacedBoxesSize:6
currentRepackCostTime:2.945s , currentRepackMaxTime:487.525s
iter8		 Improve solution by repack 0.5302280972856759->0.5291047433485622 , unplacedBoxesSize:6
currentRepackCostTime:3.008s , currentRepackMaxTime:487.525s
iter3		 Improve solution by repack 0.5291047433485622->0.5288007256113948 , unplacedBoxesSize:4
currentRepackCostTime:3.04s , currentRepackMaxTime:487.525s
iter7		 Improve solution by repack 0.5288007256113948->0.5183848427841978 , unplacedBoxesSize:4
currentRepackCostTime:3.095s , currentRepackMaxTime:487.525s
iter15		 Improve solution by repack 0.5183848427841978->0.517791924213921 , unplacedBoxesSize:3
currentRepackCostTime:3.223s , currentRepackMaxTime:487.525s
iter24		 Improve solution by repack 0.517791924213921->0.5040345337274926 , unplacedBoxesSize:4
currentRepackCostTime:3.382s , currentRepackMaxTime:487.525s
iter4		 Improve solution by repack 0.5040345337274926->0.48757524858908896 , unplacedBoxesSize:8
currentRepackCostTime:3.408s , currentRepackMaxTime:487.525s
iter1		 Improve solution by repack 0.48757524858908896->0.4793012631013168 , unplacedBoxesSize:8
currentRepackCostTime:3.419s , currentRepackMaxTime:487.525s
iter4		 Improve solution by repack 0.4793012631013168->0.46380710830421934 , unplacedBoxesSize:6
currentRepackCostTime:3.463s , currentRepackMaxTime:487.525s
iter27		 Improve solution by repack 0.46380710830421934->0.44733136253695244 , unplacedBoxesSize:4
currentRepackCostTime:3.716s , currentRepackMaxTime:487.525s
Selecting boards with low utilization for repacking...
iter2		 Improve solution by repack 0.9619900564364418->0.9548498387530234 , unplacedBoxesSize:10
currentRepackCostTime:4.343s , currentRepackMaxTime:487.525s
iter3		 Improve solution by repack 0.9548498387530234->0.9518936441816717 , unplacedBoxesSize:10
currentRepackCostTime:4.374s , currentRepackMaxTime:487.525s
iter3		 Improve solution by repack 0.9518936441816717->0.44155872077398545 , unplacedBoxesSize:4
currentRepackCostTime:4.401s , currentRepackMaxTime:487.525s
iter28		 Improve solution by repack 0.44155872077398545->0.44015520021499593 , unplacedBoxesSize:2
currentRepackCostTime:4.615s , currentRepackMaxTime:487.525s
Selecting boards with low utilization for repacking...
iter2		 Improve solution by repack 0.9637073367374361->0.4944557914539103 , unplacedBoxesSize:5
currentRepackCostTime:5.014s , currentRepackMaxTime:487.525s
iter1		 Improve solution by repack 0.4944557914539103->0.4888323031443161 , unplacedBoxesSize:5
currentRepackCostTime:5.019s , currentRepackMaxTime:487.525s
iter3		 Improve solution by repack 0.4888323031443161->0.4695290244557915 , unplacedBoxesSize:6
currentRepackCostTime:5.047s , currentRepackMaxTime:487.525s
Selecting boards with low utilization for repacking...
iter2		 Improve solution by repack 0.969522641762967->0.943714055361462 , unplacedBoxesSize:7
currentRepackCostTime:5.813s , currentRepackMaxTime:487.525s
iter3		 Improve solution by repack 0.943714055361462->0.4695290244557915 , unplacedBoxesSize:6
currentRepackCostTime:5.841s , currentRepackMaxTime:487.525s
iter3		 Improve solution by repack 0.4695290244557915->0.4632927976350444 , unplacedBoxesSize:5
currentRepackCostTime:5.87s , currentRepackMaxTime:487.525s
iter41		 Improve solution by repack 0.4632927976350444->0.4584016393442623 , unplacedBoxesSize:5
currentRepackCostTime:6.2s , currentRepackMaxTime:487.525s
iter1		 Improve solution by repack 0.4584016393442623->0.439264310669175 , unplacedBoxesSize:5
currentRepackCostTime:6.206s , currentRepackMaxTime:487.525s
iter7		 Improve solution by repack 0.439264310669175->0.4280405133028755 , unplacedBoxesSize:6
currentRepackCostTime:6.274s , currentRepackMaxTime:487.525s
Selecting boards with low utilization for repacking...
iter3		 Improve solution by repack 0.969522641762967->0.4280405133028755 , unplacedBoxesSize:6
currentRepackCostTime:6.993s , currentRepackMaxTime:487.525s
Selecting boards with low utilization for repacking...
iter2		 Improve solution by repack 0.9732840634238107->0.9706611126041386 , unplacedBoxesSize:10
currentRepackCostTime:7.755s , currentRepackMaxTime:487.525s
iter1		 Improve solution by repack 0.9706611126041386->0.45144013705993014 , unplacedBoxesSize:6
currentRepackCostTime:7.763s , currentRepackMaxTime:487.525s
iter7		 Improve solution by repack 0.45144013705993014->0.44900329212577267 , unplacedBoxesSize:6
currentRepackCostTime:7.829s , currentRepackMaxTime:487.525s
iter21		 Improve solution by repack 0.44900329212577267->0.4280405133028755 , unplacedBoxesSize:6
currentRepackCostTime:8.004s , currentRepackMaxTime:487.525s
Selecting boards with low utilization for repacking...
iter1		 Improve solution by repack 0.9893220908357968->0.9816598360655737 , unplacedBoxesSize:8
currentRepackCostTime:8.51s , currentRepackMaxTime:487.525s
iter1		 Improve solution by repack 0.9816598360655737->0.9457749932813759 , unplacedBoxesSize:6
currentRepackCostTime:8.513s , currentRepackMaxTime:487.525s
iter4		 Improve solution by repack 0.9457749932813759->0.4280405133028755 , unplacedBoxesSize:6
currentRepackCostTime:8.546s , currentRepackMaxTime:487.525s
Selecting boards with low utilization for repacking...
All low-utilization boards have been repacked once. Restarting repacking process...
Selecting boards with low utilization for repacking...
Selecting boards with low utilization for repacking...
iter2		 Improve solution by repack 0.9457749932813759->0.9439989250201558 , unplacedBoxesSize:6
currentRepackCostTime:9.671s , currentRepackMaxTime:487.525s
iter2		 Improve solution by repack 0.9439989250201558->0.4280405133028755 , unplacedBoxesSize:6
currentRepackCostTime:9.688s , currentRepackMaxTime:487.525s
Selecting boards with low utilization for repacking...
iter2		 Improve solution by repack 0.965550255307713->0.4392206396130072 , unplacedBoxesSize:7
currentRepackCostTime:10.468s , currentRepackMaxTime:487.525s
iter32		 Improve solution by repack 0.4392206396130072->0.429749731255039 , unplacedBoxesSize:7
currentRepackCostTime:10.762s , currentRepackMaxTime:487.525s
iter1		 Improve solution by repack 0.429749731255039->0.42607699543133565 , unplacedBoxesSize:5
currentRepackCostTime:10.769s , currentRepackMaxTime:487.525s
Selecting boards with low utilization for repacking...
iter1		 Improve solution by repack 0.9593933082504703->0.42607699543133565 , unplacedBoxesSize:5
currentRepackCostTime:11.221s , currentRepackMaxTime:487.525s
Selecting boards with low utilization for repacking...
iter3		 Improve solution by repack 0.9675829750067186->0.44611596345068527 , unplacedBoxesSize:5
currentRepackCostTime:11.975s , currentRepackMaxTime:487.525s
iter3		 Improve solution by repack 0.44611596345068527->0.44324744692287016 , unplacedBoxesSize:6
currentRepackCostTime:11.998000000000001s , currentRepackMaxTime:487.525s
iter40		 Improve solution by repack 0.44324744692287016->0.4422386455253964 , unplacedBoxesSize:7
currentRepackCostTime:12.373000000000001s , currentRepackMaxTime:487.525s
iter13		 Improve solution by repack 0.4422386455253964->0.43178077129803816 , unplacedBoxesSize:5
currentRepackCostTime:12.465s , currentRepackMaxTime:487.525s
Selecting boards with low utilization for repacking...
iter3		 Improve solution by repack 0.9683119457135179->0.9528211502284332 , unplacedBoxesSize:7
currentRepackCostTime:13.187s , currentRepackMaxTime:487.525s
iter1		 Improve solution by repack 0.9528211502284332->0.4558566245632894 , unplacedBoxesSize:4
currentRepackCostTime:13.198s , currentRepackMaxTime:487.525s
Selecting boards with low utilization for repacking...
iter3		 Improve solution by repack 0.9714868314969095->0.9602244020424616 , unplacedBoxesSize:5
currentRepackCostTime:13.909s , currentRepackMaxTime:487.525s
iter4		 Improve solution by repack 0.9602244020424616->0.9576793872614888 , unplacedBoxesSize:5
currentRepackCostTime:13.934000000000001s , currentRepackMaxTime:487.525s
iter1		 Improve solution by repack 0.9576793872614888->0.5660769954313356 , unplacedBoxesSize:5
currentRepackCostTime:13.937000000000001s , currentRepackMaxTime:487.525s
iter1		 Improve solution by repack 0.5660769954313356->0.5545397742542327 , unplacedBoxesSize:7
currentRepackCostTime:13.945s , currentRepackMaxTime:487.525s
iter2		 Improve solution by repack 0.5545397742542327->0.5439844799785004 , unplacedBoxesSize:5
currentRepackCostTime:13.98s , currentRepackMaxTime:487.525s
iter2		 Improve solution by repack 0.5439844799785004->0.5380798172534265 , unplacedBoxesSize:4
currentRepackCostTime:13.99s , currentRepackMaxTime:487.525s
iter5		 Improve solution by repack 0.5380798172534265->0.532235958075786 , unplacedBoxesSize:6
currentRepackCostTime:14.044s , currentRepackMaxTime:487.525s
iter2		 Improve solution by repack 0.532235958075786->0.5277069336199947 , unplacedBoxesSize:3
currentRepackCostTime:14.057s , currentRepackMaxTime:487.525s
iter4		 Improve solution by repack 0.5277069336199947->0.5210208949207202 , unplacedBoxesSize:3
currentRepackCostTime:14.078000000000001s , currentRepackMaxTime:487.525s
iter10		 Improve solution by repack 0.5210208949207202->0.5077143241064229 , unplacedBoxesSize:3
currentRepackCostTime:14.143s , currentRepackMaxTime:487.525s
iter2		 Improve solution by repack 0.5077143241064229->0.5018180596613814 , unplacedBoxesSize:6
currentRepackCostTime:14.165000000000001s , currentRepackMaxTime:487.525s
iter2		 Improve solution by repack 0.5018180596613814->0.4746029293200753 , unplacedBoxesSize:7
currentRepackCostTime:14.191s , currentRepackMaxTime:487.525s
iter7		 Improve solution by repack 0.4746029293200753->0.47027244020424613 , unplacedBoxesSize:7
currentRepackCostTime:14.265s , currentRepackMaxTime:487.525s
iter7		 Improve solution by repack 0.47027244020424613->0.46200315775329215 , unplacedBoxesSize:6
currentRepackCostTime:14.314s , currentRepackMaxTime:487.525s
iter24		 Improve solution by repack 0.46200315775329215->0.4581271835528084 , unplacedBoxesSize:5
currentRepackCostTime:14.52s , currentRepackMaxTime:487.525s
Selecting boards with low utilization for repacking...
iter3		 Improve solution by repack 0.9620333915614083->0.46200315775329215 , unplacedBoxesSize:6
currentRepackCostTime:15.063s , currentRepackMaxTime:487.525s
iter27		 Improve solution by repack 0.46200315775329215->0.46056402848696587 , unplacedBoxesSize:5
currentRepackCostTime:15.333s , currentRepackMaxTime:487.525s
iter18		 Improve solution by repack 0.46056402848696587->0.4581271835528084 , unplacedBoxesSize:5
currentRepackCostTime:15.466000000000001s , currentRepackMaxTime:487.525s
Selecting boards with low utilization for repacking...
iter3		 Improve solution by repack 0.9639522305831766->0.49338652244020426 , unplacedBoxesSize:6
currentRepackCostTime:16.234s , currentRepackMaxTime:487.525s
iter10		 Improve solution by repack 0.49338652244020426->0.46725006718624024 , unplacedBoxesSize:5
currentRepackCostTime:16.347s , currentRepackMaxTime:487.525s
iter10		 Improve solution by repack 0.46725006718624024->0.46056402848696587 , unplacedBoxesSize:5
currentRepackCostTime:16.421s , currentRepackMaxTime:487.525s
iter1		 Improve solution by repack 0.46056402848696587->0.4581271835528084 , unplacedBoxesSize:5
currentRepackCostTime:16.428s , currentRepackMaxTime:487.525s
Selecting boards with low utilization for repacking...
iter1		 Improve solution by repack 0.9893220908357968->0.9842179521633969 , unplacedBoxesSize:13
currentRepackCostTime:16.990000000000002s , currentRepackMaxTime:487.525s
iter1		 Improve solution by repack 0.9842179521633969->0.9818802069336199 , unplacedBoxesSize:10
currentRepackCostTime:17.005s , currentRepackMaxTime:487.525s
iter1		 Improve solution by repack 0.9818802069336199->0.9650870061811342 , unplacedBoxesSize:10
currentRepackCostTime:17.015s , currentRepackMaxTime:487.525s
iter8		 Improve solution by repack 0.9650870061811342->0.48301699811878523 , unplacedBoxesSize:7
currentRepackCostTime:17.098s , currentRepackMaxTime:487.525s
iter19		 Improve solution by repack 0.48301699811878523->0.4769185030905671 , unplacedBoxesSize:8
currentRepackCostTime:17.265s , currentRepackMaxTime:487.525s
iter12		 Improve solution by repack 0.4769185030905671->0.4551824106423004 , unplacedBoxesSize:7
currentRepackCostTime:17.416s , currentRepackMaxTime:487.525s
iter14		 Improve solution by repack 0.4551824106423004->0.451102862133835 , unplacedBoxesSize:7
currentRepackCostTime:17.557s , currentRepackMaxTime:487.525s
iter16		 Improve solution by repack 0.451102862133835->0.4486092448266595 , unplacedBoxesSize:7
currentRepackCostTime:17.705000000000002s , currentRepackMaxTime:487.525s
iter16		 Improve solution by repack 0.4486092448266595->0.4461807981725343 , unplacedBoxesSize:6
currentRepackCostTime:17.881s , currentRepackMaxTime:487.525s
iter5		 Improve solution by repack 0.4461807981725343->0.4405573098629401 , unplacedBoxesSize:6
currentRepackCostTime:17.921s , currentRepackMaxTime:487.525s
iter12		 Improve solution by repack 0.4405573098629401->0.43024187046492873 , unplacedBoxesSize:5
currentRepackCostTime:18.043s , currentRepackMaxTime:487.525s
Selecting boards with low utilization for repacking...
All low-utilization boards have been repacked once. Restarting repacking process...
Selecting boards with low utilization for repacking...
Selecting boards with low utilization for repacking...
iter8		 Improve solution by repack 0.9486297366299381->0.43024187046492873 , unplacedBoxesSize:5
currentRepackCostTime:19.195s , currentRepackMaxTime:487.525s
Selecting boards with low utilization for repacking...
iter1		 Improve solution by repack 0.9597796291319538->0.4519779629131954 , unplacedBoxesSize:6
currentRepackCostTime:19.934s , currentRepackMaxTime:487.525s
iter1		 Improve solution by repack 0.4519779629131954->0.43024187046492873 , unplacedBoxesSize:5
currentRepackCostTime:19.937s , currentRepackMaxTime:487.525s
Selecting boards with low utilization for repacking...
iter2		 Improve solution by repack 0.9597796291319538->0.498178916957807 , unplacedBoxesSize:6
currentRepackCostTime:20.740000000000002s , currentRepackMaxTime:487.525s
iter4		 Improve solution by repack 0.498178916957807->0.47724670787422735 , unplacedBoxesSize:4
currentRepackCostTime:20.776s , currentRepackMaxTime:487.525s
iter9		 Improve solution by repack 0.47724670787422735->0.47353466809997313 , unplacedBoxesSize:4
currentRepackCostTime:20.827s , currentRepackMaxTime:487.525s
iter8		 Improve solution by repack 0.47353466809997313->0.4730892233270626 , unplacedBoxesSize:5
currentRepackCostTime:20.894000000000002s , currentRepackMaxTime:487.525s
iter2		 Improve solution by repack 0.4730892233270626->0.47116769685568394 , unplacedBoxesSize:5
currentRepackCostTime:20.916s , currentRepackMaxTime:487.525s
iter3		 Improve solution by repack 0.47116769685568394->0.4609439666756248 , unplacedBoxesSize:3
currentRepackCostTime:20.955000000000002s , currentRepackMaxTime:487.525s
Selecting boards with low utilization for repacking...
iter2		 Improve solution by repack 0.9520387664606289->0.9409815909701694 , unplacedBoxesSize:12
currentRepackCostTime:21.426000000000002s , currentRepackMaxTime:487.525s
iter2		 Improve solution by repack 0.9409815909701694->0.4815950013437248 , unplacedBoxesSize:4
currentRepackCostTime:21.451s , currentRepackMaxTime:487.525s
iter18		 Improve solution by repack 0.4815950013437248->0.4743079817253426 , unplacedBoxesSize:5
currentRepackCostTime:21.579s , currentRepackMaxTime:487.525s
iter20		 Improve solution by repack 0.4743079817253426->0.44492878258532653 , unplacedBoxesSize:5
currentRepackCostTime:21.752s , currentRepackMaxTime:487.525s
iter4		 Improve solution by repack 0.44492878258532653->0.4294383230314432 , unplacedBoxesSize:5
currentRepackCostTime:21.774s , currentRepackMaxTime:487.525s
Selecting boards with low utilization for repacking...
iter4		 Improve solution by repack 0.9583660306369255->0.9562966944369793 , unplacedBoxesSize:6
currentRepackCostTime:22.596s , currentRepackMaxTime:487.525s
iter1		 Improve solution by repack 0.9562966944369793->0.4294383230314432 , unplacedBoxesSize:5
currentRepackCostTime:22.602s , currentRepackMaxTime:487.525s
Selecting boards with low utilization for repacking...
iter5		 Improve solution by repack 0.9624378527277613->0.46603130878796023 , unplacedBoxesSize:5
currentRepackCostTime:23.387s , currentRepackMaxTime:487.525s
iter15		 Improve solution by repack 0.46603130878796023->0.4579709755442085 , unplacedBoxesSize:5
currentRepackCostTime:23.509s , currentRepackMaxTime:487.525s
iter1		 Improve solution by repack 0.4579709755442085->0.4294383230314432 , unplacedBoxesSize:5
currentRepackCostTime:23.527s , currentRepackMaxTime:487.525s
Selecting boards with low utilization for repacking...
iter2		 Improve solution by repack 0.9624378527277613->0.4294383230314432 , unplacedBoxesSize:5
currentRepackCostTime:24.142s , currentRepackMaxTime:487.525s
Selecting boards with low utilization for repacking...
iter2		 Improve solution by repack 0.9649019080892234->0.9637785541521097 , unplacedBoxesSize:11
currentRepackCostTime:24.953s , currentRepackMaxTime:487.525s
iter2		 Improve solution by repack 0.9637785541521097->0.4877754635850578 , unplacedBoxesSize:5
currentRepackCostTime:24.977s , currentRepackMaxTime:487.525s
iter1		 Improve solution by repack 0.4877754635850578->0.47971513034130614 , unplacedBoxesSize:5
currentRepackCostTime:24.986s , currentRepackMaxTime:487.525s
iter9		 Improve solution by repack 0.47971513034130614->0.47671459285138407 , unplacedBoxesSize:5
currentRepackCostTime:25.053s , currentRepackMaxTime:487.525s
iter4		 Improve solution by repack 0.47671459285138407->0.43085998387530233 , unplacedBoxesSize:5
currentRepackCostTime:25.077s , currentRepackMaxTime:487.525s
iter3		 Improve solution by repack 0.43085998387530233->0.4294383230314432 , unplacedBoxesSize:5
currentRepackCostTime:25.106s , currentRepackMaxTime:487.525s
Selecting boards with low utilization for repacking...
iter7		 Improve solution by repack 0.965847890352056->0.9649019080892234 , unplacedBoxesSize:11
currentRepackCostTime:25.814s , currentRepackMaxTime:487.525s
iter2		 Improve solution by repack 0.9649019080892234->0.4730892233270626 , unplacedBoxesSize:5
currentRepackCostTime:25.845s , currentRepackMaxTime:487.525s
Selecting boards with low utilization for repacking...
All low-utilization boards have been repacked once. Restarting repacking process...
Global repack result: 10 -> 10 boards.
