total number of nestable workpieces：278
Start priority-first combined packing.
Start nesting on the 1th large board, remaining blocks count: 120
Utilization of the 1th large board: 98.59647944101049, Time taken for this board: 0.872s
-------------------------------------------------------------------
Start nesting on the 2th large board, remaining blocks count: 118
Utilization of the 2th large board: 97.9058048911583, Time taken for this board: 1.671s
-------------------------------------------------------------------
Start nesting on the 3th large board, remaining blocks count: 112
Utilization of the 3th large board: 97.79676162321957, Time taken for this board: 2.422s
-------------------------------------------------------------------
Start nesting on the 4th large board, remaining blocks count: 108
Utilization of the 4th large board: 97.68382155334588, Time taken for this board: 3.098s
-------------------------------------------------------------------
Start nesting on the 5th large board, remaining blocks count: 100
Utilization of the 5th large board: 95.58142972319268, Time taken for this board: 3.58s
-------------------------------------------------------------------
Start nesting on the 6th large board, remaining blocks count: 92
Utilization of the 6th large board: 95.17461703843054, Time taken for this board: 3.932s
-------------------------------------------------------------------
Start nesting on the 7th large board, remaining blocks count: 86
Utilization of the 7th large board: 95.1914082235958, Time taken for this board: 4.2620000000000005s
-------------------------------------------------------------------
Start nesting on the 8th large board, remaining blocks count: 78
Utilization of the 8th large board: 93.19987906476754, Time taken for this board: 4.498s
-------------------------------------------------------------------
Start nesting on the 9th large board, remaining blocks count: 77
Utilization of the 9th large board: 92.69766729373825, Time taken for this board: 4.723s
-------------------------------------------------------------------
Start nesting on the 10th large board, remaining blocks count: 69
Utilization of the 10th large board: 98.8689868314969, Time taken for this board: 4.952s
-------------------------------------------------------------------
Start nesting on the 11th large board, remaining blocks count: 61
Utilization of the 11th large board: 97.99321418973393, Time taken for this board: 5.048s
-------------------------------------------------------------------
Start nesting on the 12th large board, remaining blocks count: 54
Utilization of the 12th large board: 97.10746439129267, Time taken for this board: 5.112s
-------------------------------------------------------------------
Start nesting on the 13th large board, remaining blocks count: 49
Utilization of the 13th large board: 94.75732330018813, Time taken for this board: 5.172s
-------------------------------------------------------------------
Start nesting on the 14th large board, remaining blocks count: 47
Utilization of the 14th large board: 94.40009406073635, Time taken for this board: 5.229s
-------------------------------------------------------------------
Start nesting on the 15th large board, remaining blocks count: 43
Utilization of the 15th large board: 92.75120935232465, Time taken for this board: 5.277s
-------------------------------------------------------------------
Start nesting on the 16th large board, remaining blocks count: 39
Utilization of the 16th large board: 91.99039236764311, Time taken for this board: 5.322s
-------------------------------------------------------------------
Start nesting on the 17th large board, remaining blocks count: 35
Utilization of the 17th large board: 91.98804084923408, Time taken for this board: 5.365s
-------------------------------------------------------------------
Start nesting on the 18th large board, remaining blocks count: 33
Utilization of the 18th large board: 91.51410911045417, Time taken for this board: 5.4s
-------------------------------------------------------------------
Start nesting on the 19th large board, remaining blocks count: 29
Utilization of the 19th large board: 90.72272238645525, Time taken for this board: 5.415s
-------------------------------------------------------------------
Start nesting on the 20th large board, remaining blocks count: 23
Utilization of the 20th large board: 89.7109647944101, Time taken for this board: 5.424s
-------------------------------------------------------------------
Start nesting on the 21th large board, remaining blocks count: 21
Utilization of the 21th large board: 88.51834184359043, Time taken for this board: 5.433s
-------------------------------------------------------------------
Start nesting on the 22th large board, remaining blocks count: 19
Utilization of the 22th large board: 87.35937919914001, Time taken for this board: 5.439s
-------------------------------------------------------------------
Start nesting on the 23th large board, remaining blocks count: 11
Utilization of the 23th large board: 90.04131953775867, Time taken for this board: 5.44s
-------------------------------------------------------------------
Start nesting on the 24th large board, remaining blocks count: 7
Utilization of the 24th large board: 85.64344262295081, Time taken for this board: 5.44s
-------------------------------------------------------------------
Start nesting on the 25th large board, remaining blocks count: 5
Utilization of the 25th large board: 85.62321956463316, Time taken for this board: 5.441s
-------------------------------------------------------------------
Start nesting on the 26th large board, remaining blocks count: 3
Utilization of the 26th large board: 43.81322225208278, Time taken for this board: 5.441s
-------------------------------------------------------------------
Start global repack optimization for 26 boards, time=5.0s.
Start improving solution by repacking.
Selecting boards with low utilization for repacking...
iter14		 Improve solution by repack 0.43813222252082773->0.43482061273851114 , unplacedBoxesSize:3
currentRepackCostTime:0.067s , currentRepackMaxTime:5.0s
iter1		 Improve solution by repack 0.43482061273851114->0.41388873958613276 , unplacedBoxesSize:1
currentRepackCostTime:0.073s , currentRepackMaxTime:5.0s
iter104		 Improve solution by repack 0.41388873958613276->0.39326122010212305 , unplacedBoxesSize:1
currentRepackCostTime:0.448s , currentRepackMaxTime:5.0s
Selecting boards with low utilization for repacking...
iter4		 Improve solution by repack 0.8562321956463316->0.852223192690137 , unplacedBoxesSize:8
currentRepackCostTime:2.57s , currentRepackMaxTime:5.0s
iter5		 Improve solution by repack 0.852223192690137->0.42410709486697123 , unplacedBoxesSize:4
currentRepackCostTime:2.601s , currentRepackMaxTime:5.0s
iter3		 Improve solution by repack 0.42410709486697123->0.39852391830153183 , unplacedBoxesSize:4
currentRepackCostTime:2.622s , currentRepackMaxTime:5.0s
iter2		 Improve solution by repack 0.39852391830153183->0.3896801934963719 , unplacedBoxesSize:4
currentRepackCostTime:2.638s , currentRepackMaxTime:5.0s
iter6		 Improve solution by repack 0.3896801934963719->0.38798777210427304 , unplacedBoxesSize:4
currentRepackCostTime:2.68s , currentRepackMaxTime:5.0s
iter5		 Improve solution by repack 0.38798777210427304->0.384008331093792 , unplacedBoxesSize:4
currentRepackCostTime:2.709s , currentRepackMaxTime:5.0s
iter3		 Improve solution by repack 0.384008331093792->0.37104004299919374 , unplacedBoxesSize:3
currentRepackCostTime:2.734s , currentRepackMaxTime:5.0s
iter2		 Improve solution by repack 0.37104004299919374->0.3532948132222521 , unplacedBoxesSize:3
currentRepackCostTime:2.747s , currentRepackMaxTime:5.0s
iter14		 Improve solution by repack 0.3532948132222521->0.34502889008331095 , unplacedBoxesSize:3
currentRepackCostTime:2.848s , currentRepackMaxTime:5.0s
iter2		 Improve solution by repack 0.34502889008331095->0.33999328137597423 , unplacedBoxesSize:4
currentRepackCostTime:2.859s , currentRepackMaxTime:5.0s
iter45		 Improve solution by repack 0.33999328137597423->0.3213457941413598 , unplacedBoxesSize:1
currentRepackCostTime:3.162s , currentRepackMaxTime:5.0s
iter323		 Improve solution by repack 0.3213457941413598->0.30514713786616504 , unplacedBoxesSize:4
currentRepackCostTime:4.442s , currentRepackMaxTime:5.0s
iter2		 Improve solution by repack 0.30514713786616504->0.27812819134641226 , unplacedBoxesSize:2
currentRepackCostTime:4.454s , currentRepackMaxTime:5.0s
iter1		 Improve solution by repack 0.27812819134641226->0.2737966944369793 , unplacedBoxesSize:2
currentRepackCostTime:4.4590000000000005s , currentRepackMaxTime:5.0s
iter9		 Improve solution by repack 0.2737966944369793->0.264189062080086 , unplacedBoxesSize:2
currentRepackCostTime:4.507s , currentRepackMaxTime:5.0s
iter21		 Improve solution by repack 0.264189062080086->0.2618865896264445 , unplacedBoxesSize:3
currentRepackCostTime:4.613s , currentRepackMaxTime:5.0s
iter1		 Improve solution by repack 0.2618865896264445->0.252983069067455 , unplacedBoxesSize:2
currentRepackCostTime:4.618s , currentRepackMaxTime:5.0s
iter62		 Improve solution by repack 0.252983069067455->0.25055092717011557 , unplacedBoxesSize:2
currentRepackCostTime:4.91s , currentRepackMaxTime:5.0s
Global repack result: 26 -> 26 boards.
Start nesting on the 1th large board, remaining blocks count: 42
Utilization of the 1th large board: 96.95226417629671, Time taken for this board: 0.081s
-------------------------------------------------------------------
Start nesting on the 2th large board, remaining blocks count: 37
Utilization of the 2th large board: 94.80116232195645, Time taken for this board: 0.152s
-------------------------------------------------------------------
Start nesting on the 3th large board, remaining blocks count: 34
Utilization of the 3th large board: 93.76864418167159, Time taken for this board: 0.212s
-------------------------------------------------------------------
Start nesting on the 4th large board, remaining blocks count: 29
Utilization of the 4th large board: 93.14256920182747, Time taken for this board: 0.23700000000000002s
-------------------------------------------------------------------
Start nesting on the 5th large board, remaining blocks count: 29
Utilization of the 5th large board: 92.0071889277076, Time taken for this board: 0.257s
-------------------------------------------------------------------
Start nesting on the 6th large board, remaining blocks count: 24
Utilization of the 6th large board: 94.45636253695244, Time taken for this board: 0.272s
-------------------------------------------------------------------
Start nesting on the 7th large board, remaining blocks count: 13
Utilization of the 7th large board: 91.97137866165009, Time taken for this board: 0.275s
-------------------------------------------------------------------
Start nesting on the 8th large board, remaining blocks count: 7
Utilization of the 8th large board: 87.65143778554152, Time taken for this board: 0.276s
-------------------------------------------------------------------
Start nesting on the 9th large board, remaining blocks count: 7
Utilization of the 9th large board: 65.7760682612201, Time taken for this board: 0.276s
-------------------------------------------------------------------
Start global repack optimization for 9 boards, time=5.0s.
Start improving solution by repacking.
Selecting boards with low utilization for repacking...
iter1		 Improve solution by repack 0.657760682612201->0.6442549045955388 , unplacedBoxesSize:4
currentRepackCostTime:0.006s , currentRepackMaxTime:5.0s
iter4		 Improve solution by repack 0.6442549045955388->0.6137019618382156 , unplacedBoxesSize:3
currentRepackCostTime:0.016s , currentRepackMaxTime:5.0s
iter10		 Improve solution by repack 0.6137019618382156->0.6000181402848697 , unplacedBoxesSize:3
currentRepackCostTime:0.044s , currentRepackMaxTime:5.0s
Selecting boards with low utilization for repacking...
iter9		 Improve solution by repack 0.8850070545552271->0.6000181402848697 , unplacedBoxesSize:3
currentRepackCostTime:0.304s , currentRepackMaxTime:5.0s
Selecting boards with low utilization for repacking...
iter1		 Improve solution by repack 0.9004068126847622->0.8942938726148885 , unplacedBoxesSize:6
currentRepackCostTime:0.546s , currentRepackMaxTime:5.0s
iter2		 Improve solution by repack 0.8942938726148885->0.8622655200214997 , unplacedBoxesSize:4
currentRepackCostTime:0.552s , currentRepackMaxTime:5.0s
iter7		 Improve solution by repack 0.8622655200214997->0.6155818328406342 , unplacedBoxesSize:2
currentRepackCostTime:0.5710000000000001s , currentRepackMaxTime:5.0s
iter24		 Improve solution by repack 0.6155818328406342->0.6077929320075248 , unplacedBoxesSize:3
currentRepackCostTime:0.654s , currentRepackMaxTime:5.0s
iter8		 Improve solution by repack 0.6077929320075248->0.5871654125235152 , unplacedBoxesSize:3
currentRepackCostTime:0.684s , currentRepackMaxTime:5.0s
Selecting boards with low utilization for repacking...
iter3		 Improve solution by repack 0.8850070545552271->0.5871654125235152 , unplacedBoxesSize:3
currentRepackCostTime:0.96s , currentRepackMaxTime:5.0s
Selecting boards with low utilization for repacking...
iter2		 Improve solution by repack 0.9197137866165009->0.912965600644988 , unplacedBoxesSize:6
currentRepackCostTime:1.2530000000000001s , currentRepackMaxTime:5.0s
iter2		 Improve solution by repack 0.912965600644988->0.6601088417092179 , unplacedBoxesSize:4
currentRepackCostTime:1.2610000000000001s , currentRepackMaxTime:5.0s
iter4		 Improve solution by repack 0.6601088417092179->0.6557897742542328 , unplacedBoxesSize:3
currentRepackCostTime:1.28s , currentRepackMaxTime:5.0s
Selecting boards with low utilization for repacking...
iter1		 Improve solution by repack 0.9225651706530502->0.6557897742542328 , unplacedBoxesSize:3
currentRepackCostTime:1.5350000000000001s , currentRepackMaxTime:5.0s
Selecting boards with low utilization for repacking...
iter2		 Improve solution by repack 0.9365331900026874->0.6936035339962376 , unplacedBoxesSize:5
currentRepackCostTime:1.823s , currentRepackMaxTime:5.0s
iter1		 Improve solution by repack 0.6936035339962376->0.6729524993281377 , unplacedBoxesSize:4
currentRepackCostTime:1.83s , currentRepackMaxTime:5.0s
iter8		 Improve solution by repack 0.6729524993281377->0.6467095538833647 , unplacedBoxesSize:4
currentRepackCostTime:1.864s , currentRepackMaxTime:5.0s
iter1		 Improve solution by repack 0.6467095538833647->0.638649220639613 , unplacedBoxesSize:4
currentRepackCostTime:1.869s , currentRepackMaxTime:5.0s
iter2		 Improve solution by repack 0.638649220639613->0.6146865761891965 , unplacedBoxesSize:4
currentRepackCostTime:1.875s , currentRepackMaxTime:5.0s
iter11		 Improve solution by repack 0.6146865761891965->0.6127650497178178 , unplacedBoxesSize:4
currentRepackCostTime:1.921s , currentRepackMaxTime:5.0s
iter17		 Improve solution by repack 0.6127650497178178->0.6111878527277613 , unplacedBoxesSize:4
currentRepackCostTime:1.997s , currentRepackMaxTime:5.0s
iter7		 Improve solution by repack 0.6111878527277613->0.5854098360655737 , unplacedBoxesSize:3
currentRepackCostTime:2.036s , currentRepackMaxTime:5.0s
iter24		 Improve solution by repack 0.5854098360655737->0.5829729911314163 , unplacedBoxesSize:3
currentRepackCostTime:2.126s , currentRepackMaxTime:5.0s
Selecting boards with low utilization for repacking...
iter1		 Improve solution by repack 0.9328372749260951->0.9258868583714055 , unplacedBoxesSize:6
currentRepackCostTime:2.4090000000000003s , currentRepackMaxTime:5.0s
iter2		 Improve solution by repack 0.9258868583714055->0.921682007524859 , unplacedBoxesSize:7
currentRepackCostTime:2.4170000000000003s , currentRepackMaxTime:5.0s
iter6		 Improve solution by repack 0.921682007524859->0.9184745364149423 , unplacedBoxesSize:4
currentRepackCostTime:2.444s , currentRepackMaxTime:5.0s
iter2		 Improve solution by repack 0.9184745364149423->0.7277778151034668 , unplacedBoxesSize:5
currentRepackCostTime:2.453s , currentRepackMaxTime:5.0s
iter4		 Improve solution by repack 0.7277778151034668->0.7253409701693093 , unplacedBoxesSize:5
currentRepackCostTime:2.464s , currentRepackMaxTime:5.0s
iter9		 Improve solution by repack 0.7253409701693093->0.7043781913464122 , unplacedBoxesSize:5
currentRepackCostTime:2.5020000000000002s , currentRepackMaxTime:5.0s
iter4		 Improve solution by repack 0.7043781913464122->0.6781352459016393 , unplacedBoxesSize:5
currentRepackCostTime:2.519s , currentRepackMaxTime:5.0s
iter2		 Improve solution by repack 0.6781352459016393->0.6725117575920452 , unplacedBoxesSize:5
currentRepackCostTime:2.525s , currentRepackMaxTime:5.0s
iter6		 Improve solution by repack 0.6725117575920452->0.6661878527277614 , unplacedBoxesSize:3
currentRepackCostTime:2.553s , currentRepackMaxTime:5.0s
iter3		 Improve solution by repack 0.6661878527277614->0.6637204380542865 , unplacedBoxesSize:5
currentRepackCostTime:2.563s , currentRepackMaxTime:5.0s
iter2		 Improve solution by repack 0.6637204380542865->0.6571724670787423 , unplacedBoxesSize:6
currentRepackCostTime:2.572s , currentRepackMaxTime:5.0s
iter2		 Improve solution by repack 0.6571724670787423->0.6354363746304756 , unplacedBoxesSize:5
currentRepackCostTime:2.578s , currentRepackMaxTime:5.0s
iter9		 Improve solution by repack 0.6354363746304756->0.6292001478097285 , unplacedBoxesSize:4
currentRepackCostTime:2.614s , currentRepackMaxTime:5.0s
iter19		 Improve solution by repack 0.6292001478097285->0.603600510615426 , unplacedBoxesSize:3
currentRepackCostTime:2.693s , currentRepackMaxTime:5.0s
Selecting boards with low utilization for repacking...
iter1		 Improve solution by repack 0.9502395189465198->0.6807363611932276 , unplacedBoxesSize:4
currentRepackCostTime:2.831s , currentRepackMaxTime:5.0s
iter6		 Improve solution by repack 0.6807363611932276->0.678111730717549 , unplacedBoxesSize:4
currentRepackCostTime:2.856s , currentRepackMaxTime:5.0s
iter9		 Improve solution by repack 0.678111730717549->0.6702553077129804 , unplacedBoxesSize:6
currentRepackCostTime:2.8930000000000002s , currentRepackMaxTime:5.0s
iter4		 Improve solution by repack 0.6702553077129804->0.6400786079011018 , unplacedBoxesSize:4
currentRepackCostTime:2.9130000000000003s , currentRepackMaxTime:5.0s
iter3		 Improve solution by repack 0.6400786079011018->0.635886186509003 , unplacedBoxesSize:4
currentRepackCostTime:2.926s , currentRepackMaxTime:5.0s
iter3		 Improve solution by repack 0.635886186509003->0.6152586670249933 , unplacedBoxesSize:4
currentRepackCostTime:2.938s , currentRepackMaxTime:5.0s
iter7		 Improve solution by repack 0.6152586670249933->0.6085726283257189 , unplacedBoxesSize:4
currentRepackCostTime:2.962s , currentRepackMaxTime:5.0s
Selecting boards with low utilization for repacking...
All low-utilization boards have been repacked once. Restarting repacking process...
Selecting boards with low utilization for repacking...
Selecting boards with low utilization for repacking...
iter1		 Improve solution by repack 0.9125047030368181->0.6085726283257189 , unplacedBoxesSize:4
currentRepackCostTime:3.2800000000000002s , currentRepackMaxTime:5.0s
Selecting boards with low utilization for repacking...
iter1		 Improve solution by repack 0.9188736226820747->0.9107850712174147 , unplacedBoxesSize:4
currentRepackCostTime:3.584s , currentRepackMaxTime:5.0s
iter1		 Improve solution by repack 0.9107850712174147->0.6085726283257189 , unplacedBoxesSize:4
currentRepackCostTime:3.586s , currentRepackMaxTime:5.0s
Selecting boards with low utilization for repacking...
iter1		 Improve solution by repack 0.9292992475141091->0.9125047030368181 , unplacedBoxesSize:8
currentRepackCostTime:3.879s , currentRepackMaxTime:5.0s
iter3		 Improve solution by repack 0.9125047030368181->0.8850070545552271 , unplacedBoxesSize:3
currentRepackCostTime:3.895s , currentRepackMaxTime:5.0s
iter8		 Improve solution by repack 0.8850070545552271->0.6085726283257189 , unplacedBoxesSize:4
currentRepackCostTime:3.923s , currentRepackMaxTime:5.0s
Selecting boards with low utilization for repacking...
iter5		 Improve solution by repack 0.9119084251545283->0.8850070545552271 , unplacedBoxesSize:3
currentRepackCostTime:4.206s , currentRepackMaxTime:5.0s
iter1		 Improve solution by repack 0.8850070545552271->0.8793563558183284 , unplacedBoxesSize:6
currentRepackCostTime:4.211s , currentRepackMaxTime:5.0s
iter4		 Improve solution by repack 0.8793563558183284->0.6085726283257189 , unplacedBoxesSize:4
currentRepackCostTime:4.223s , currentRepackMaxTime:5.0s
Selecting boards with low utilization for repacking...
iter1		 Improve solution by repack 0.9210917764041924->0.6085726283257189 , unplacedBoxesSize:4
currentRepackCostTime:4.479s , currentRepackMaxTime:5.0s
Selecting boards with low utilization for repacking...
iter1		 Improve solution by repack 0.9562006181134103->0.9273407686105886 , unplacedBoxesSize:7
currentRepackCostTime:4.788s , currentRepackMaxTime:5.0s
iter5		 Improve solution by repack 0.9273407686105886->0.7031335662456328 , unplacedBoxesSize:3
currentRepackCostTime:4.813s , currentRepackMaxTime:5.0s
iter4		 Improve solution by repack 0.7031335662456328->0.6658394920720236 , unplacedBoxesSize:6
currentRepackCostTime:4.829s , currentRepackMaxTime:5.0s
iter6		 Improve solution by repack 0.6658394920720236->0.6449381886589626 , unplacedBoxesSize:6
currentRepackCostTime:4.855s , currentRepackMaxTime:5.0s
iter1		 Improve solution by repack 0.6449381886589626->0.6382430798172535 , unplacedBoxesSize:6
currentRepackCostTime:4.861s , currentRepackMaxTime:5.0s
iter2		 Improve solution by repack 0.6382430798172535->0.6155818328406342 , unplacedBoxesSize:2
currentRepackCostTime:4.867s , currentRepackMaxTime:5.0s
iter2		 Improve solution by repack 0.6155818328406342->0.6137019618382156 , unplacedBoxesSize:3
currentRepackCostTime:4.871s , currentRepackMaxTime:5.0s
iter22		 Improve solution by repack 0.6137019618382156->0.6000181402848697 , unplacedBoxesSize:3
currentRepackCostTime:4.957s , currentRepackMaxTime:5.0s
iter6		 Improve solution by repack 0.6000181402848697->0.5885689330825047 , unplacedBoxesSize:5
currentRepackCostTime:4.981s , currentRepackMaxTime:5.0s
iter4		 Improve solution by repack 0.5885689330825047->0.5848568933082505 , unplacedBoxesSize:5
currentRepackCostTime:5.0s , currentRepackMaxTime:5.0s
Global repack result: 9 -> 9 boards.
