total number of nestable workpieces：440
Start priority-first combined packing.
Start nesting on the 1th large board, remaining blocks count: 275
Utilization of the 1th large board: 98.6991400161247, Time taken for this board: 18.402s
-------------------------------------------------------------------
Start nesting on the 2th large board, remaining blocks count: 268
Utilization of the 2th large board: 98.31403319000269, Time taken for this board: 38.256s
-------------------------------------------------------------------
Start nesting on the 3th large board, remaining blocks count: 259
Utilization of the 3th large board: 98.31172735823704, Time taken for this board: 58.047000000000004s
-------------------------------------------------------------------
Start nesting on the 4th large board, remaining blocks count: 251
Utilization of the 4th large board: 98.33905536146197, Time taken for this board: 67.179s
-------------------------------------------------------------------
Start nesting on the 5th large board, remaining blocks count: 240
Utilization of the 5th large board: 98.128124160172, Time taken for this board: 73.909s
-------------------------------------------------------------------
Start nesting on the 6th large board, remaining blocks count: 234
Utilization of the 6th large board: 98.9525497178178, Time taken for this board: 81.977s
-------------------------------------------------------------------
Start nesting on the 7th large board, remaining blocks count: 221
Utilization of the 7th large board: 97.99475947325988, Time taken for this board: 88.06700000000001s
-------------------------------------------------------------------
Start nesting on the 8th large board, remaining blocks count: 216
Utilization of the 8th large board: 98.89376511690405, Time taken for this board: 98.86s
-------------------------------------------------------------------
Start nesting on the 9th large board, remaining blocks count: 205
Utilization of the 9th large board: 97.1893476216071, Time taken for this board: 104.438s
-------------------------------------------------------------------
Start nesting on the 10th large board, remaining blocks count: 201
Utilization of the 10th large board: 98.49751410911045, Time taken for this board: 111.238s
-------------------------------------------------------------------
Start nesting on the 11th large board, remaining blocks count: 193
Utilization of the 11th large board: 97.5126814028487, Time taken for this board: 118.18s
-------------------------------------------------------------------
Start nesting on the 12th large board, remaining blocks count: 186
Utilization of the 12th large board: 98.61468691212039, Time taken for this board: 124.802s
-------------------------------------------------------------------
Start nesting on the 13th large board, remaining blocks count: 180
Utilization of the 13th large board: 98.08539371136791, Time taken for this board: 132.452s
-------------------------------------------------------------------
Start nesting on the 14th large board, remaining blocks count: 165
Utilization of the 14th large board: 97.8861193227627, Time taken for this board: 139.06900000000002s
-------------------------------------------------------------------
Start nesting on the 15th large board, remaining blocks count: 157
Utilization of the 15th large board: 98.86989384574039, Time taken for this board: 144.859s
-------------------------------------------------------------------
Start nesting on the 16th large board, remaining blocks count: 148
Utilization of the 16th large board: 98.60622144584788, Time taken for this board: 151.633s
-------------------------------------------------------------------
Start nesting on the 17th large board, remaining blocks count: 140
Utilization of the 17th large board: 99.29209217952163, Time taken for this board: 155.661s
-------------------------------------------------------------------
Start nesting on the 18th large board, remaining blocks count: 126
Utilization of the 18th large board: 98.99217280300995, Time taken for this board: 157.275s
-------------------------------------------------------------------
Start nesting on the 19th large board, remaining blocks count: 112
Utilization of the 19th large board: 98.95728634775597, Time taken for this board: 158.739s
-------------------------------------------------------------------
Start nesting on the 20th large board, remaining blocks count: 100
Utilization of the 20th large board: 98.85271096479441, Time taken for this board: 160.05100000000002s
-------------------------------------------------------------------
Start nesting on the 21th large board, remaining blocks count: 88
Utilization of the 21th large board: 98.55932545014781, Time taken for this board: 161.098s
-------------------------------------------------------------------
Start nesting on the 22th large board, remaining blocks count: 78
Utilization of the 22th large board: 98.34389277076055, Time taken for this board: 162.037s
-------------------------------------------------------------------
Start nesting on the 23th large board, remaining blocks count: 70
Utilization of the 23th large board: 98.46899355012093, Time taken for this board: 162.96s
-------------------------------------------------------------------
Start nesting on the 24th large board, remaining blocks count: 58
Utilization of the 24th large board: 97.96529830690673, Time taken for this board: 163.373s
-------------------------------------------------------------------
Start nesting on the 25th large board, remaining blocks count: 46
Utilization of the 25th large board: 97.15866030636924, Time taken for this board: 163.675s
-------------------------------------------------------------------
Start nesting on the 26th large board, remaining blocks count: 32
Utilization of the 26th large board: 96.61095807578607, Time taken for this board: 163.781s
-------------------------------------------------------------------
Start nesting on the 27th large board, remaining blocks count: 18
Utilization of the 27th large board: 79.16089424885784, Time taken for this board: 164.008s
-------------------------------------------------------------------
Start global repack optimization for 27 boards, time=296.736s.
Start improving solution by repacking.
Selecting boards with low utilization for repacking...
Selecting boards with low utilization for repacking...
iter16		 Improve solution by repack 0.9661095807578608->0.8003666689062081 , unplacedBoxesSize:20
currentRepackCostTime:8.57s , currentRepackMaxTime:296.736s
iter20		 Improve solution by repack 0.8003666689062081->0.7966343052942757 , unplacedBoxesSize:20
currentRepackCostTime:8.997s , currentRepackMaxTime:296.736s
iter47		 Improve solution by repack 0.7966343052942757->0.7956839559258264 , unplacedBoxesSize:16
currentRepackCostTime:10.028s , currentRepackMaxTime:296.736s
iter146		 Improve solution by repack 0.7956839559258264->0.7942073703305563 , unplacedBoxesSize:17
currentRepackCostTime:12.918000000000001s , currentRepackMaxTime:296.736s
iter301		 Improve solution by repack 0.7942073703305563->0.7934883095941951 , unplacedBoxesSize:18
currentRepackCostTime:19.115000000000002s , currentRepackMaxTime:296.736s
iter30		 Improve solution by repack 0.7934883095941951->0.7933776202633701 , unplacedBoxesSize:18
currentRepackCostTime:19.765s , currentRepackMaxTime:296.736s
iter62		 Improve solution by repack 0.7933776202633701->0.7880603332437517 , unplacedBoxesSize:18
currentRepackCostTime:21.29s , currentRepackMaxTime:296.736s
iter29		 Improve solution by repack 0.7880603332437517->0.7865607363611933 , unplacedBoxesSize:18
currentRepackCostTime:21.883s , currentRepackMaxTime:296.736s
iter18		 Improve solution by repack 0.7865607363611933->0.7830605482397206 , unplacedBoxesSize:17
currentRepackCostTime:22.223s , currentRepackMaxTime:296.736s
iter28		 Improve solution by repack 0.7830605482397206->0.7829474939532384 , unplacedBoxesSize:17
currentRepackCostTime:22.986s , currentRepackMaxTime:296.736s
iter118		 Improve solution by repack 0.7829474939532384->0.7802076390755174 , unplacedBoxesSize:18
currentRepackCostTime:25.842000000000002s , currentRepackMaxTime:296.736s
iter33		 Improve solution by repack 0.7802076390755174->0.7786087409298575 , unplacedBoxesSize:17
currentRepackCostTime:26.745s , currentRepackMaxTime:296.736s
iter147		 Improve solution by repack 0.7786087409298575->0.7780717549045956 , unplacedBoxesSize:16
currentRepackCostTime:30.051000000000002s , currentRepackMaxTime:296.736s
iter13		 Improve solution by repack 0.7780717549045956->0.7772680395055093 , unplacedBoxesSize:16
currentRepackCostTime:30.278000000000002s , currentRepackMaxTime:296.736s
iter7		 Improve solution by repack 0.7772680395055093->0.7758030435366837 , unplacedBoxesSize:19
currentRepackCostTime:30.458000000000002s , currentRepackMaxTime:296.736s
iter52		 Improve solution by repack 0.7758030435366837->0.7656019887127117 , unplacedBoxesSize:18
currentRepackCostTime:31.692s , currentRepackMaxTime:296.736s
iter116		 Improve solution by repack 0.7656019887127117->0.765103130878796 , unplacedBoxesSize:12
currentRepackCostTime:34.333s , currentRepackMaxTime:296.736s
iter88		 Improve solution by repack 0.765103130878796->0.7626898011287288 , unplacedBoxesSize:9
currentRepackCostTime:35.859s , currentRepackMaxTime:296.736s
iter11		 Improve solution by repack 0.7626898011287288->0.7573869591507659 , unplacedBoxesSize:7
currentRepackCostTime:36.058s , currentRepackMaxTime:296.736s
iter136		 Improve solution by repack 0.7573869591507659->0.7537924952969632 , unplacedBoxesSize:7
currentRepackCostTime:38.17s , currentRepackMaxTime:296.736s
Selecting boards with low utilization for repacking...
iter10		 Improve solution by repack 0.975328372749261->0.9752786549314699 , unplacedBoxesSize:14
currentRepackCostTime:48.853s , currentRepackMaxTime:296.736s
iter3		 Improve solution by repack 0.9752786549314699->0.7646806973931738 , unplacedBoxesSize:8
currentRepackCostTime:48.910000000000004s , currentRepackMaxTime:296.736s
iter50		 Improve solution by repack 0.7646806973931738->0.7524801800591239 , unplacedBoxesSize:10
currentRepackCostTime:49.662s , currentRepackMaxTime:296.736s
iter146		 Improve solution by repack 0.7524801800591239->0.7518741601719967 , unplacedBoxesSize:12
currentRepackCostTime:52.324s , currentRepackMaxTime:296.736s
iter19		 Improve solution by repack 0.7518741601719967->0.7439063759742005 , unplacedBoxesSize:12
currentRepackCostTime:52.719s , currentRepackMaxTime:296.736s
iter22		 Improve solution by repack 0.7439063759742005->0.7434091977962913 , unplacedBoxesSize:12
currentRepackCostTime:53.147s , currentRepackMaxTime:296.736s
iter25		 Improve solution by repack 0.7434091977962913->0.7433522574576726 , unplacedBoxesSize:12
currentRepackCostTime:53.61s , currentRepackMaxTime:296.736s
iter86		 Improve solution by repack 0.7433522574576726->0.7405935904326794 , unplacedBoxesSize:12
currentRepackCostTime:55.292s , currentRepackMaxTime:296.736s
iter199		 Improve solution by repack 0.7405935904326794->0.7389045283525935 , unplacedBoxesSize:11
currentRepackCostTime:59.128s , currentRepackMaxTime:296.736s
iter13		 Improve solution by repack 0.7389045283525935->0.7384570679924751 , unplacedBoxesSize:11
currentRepackCostTime:59.399s , currentRepackMaxTime:296.736s
iter136		 Improve solution by repack 0.7384570679924751->0.7370537153990863 , unplacedBoxesSize:12
currentRepackCostTime:62.003s , currentRepackMaxTime:296.736s
iter70		 Improve solution by repack 0.7370537153990863->0.7370046694436979 , unplacedBoxesSize:12
currentRepackCostTime:63.392s , currentRepackMaxTime:296.736s
Selecting boards with low utilization for repacking...
iter29		 Improve solution by repack 0.978757558452029->0.7562271566783123 , unplacedBoxesSize:15
currentRepackCostTime:76.255s , currentRepackMaxTime:296.736s
iter58		 Improve solution by repack 0.7562271566783123->0.753065372211771 , unplacedBoxesSize:16
currentRepackCostTime:77.374s , currentRepackMaxTime:296.736s
iter8		 Improve solution by repack 0.753065372211771->0.752575248589089 , unplacedBoxesSize:15
currentRepackCostTime:77.516s , currentRepackMaxTime:296.736s
iter8		 Improve solution by repack 0.752575248589089->0.7462666285944638 , unplacedBoxesSize:9
currentRepackCostTime:77.708s , currentRepackMaxTime:296.736s
iter80		 Improve solution by repack 0.7462666285944638->0.7455633566245633 , unplacedBoxesSize:8
currentRepackCostTime:78.97s , currentRepackMaxTime:296.736s
iter294		 Improve solution by repack 0.7455633566245633->0.7452986428379469 , unplacedBoxesSize:9
currentRepackCostTime:83.261s , currentRepackMaxTime:296.736s
iter25		 Improve solution by repack 0.7452986428379469->0.7451910104810535 , unplacedBoxesSize:10
currentRepackCostTime:83.688s , currentRepackMaxTime:296.736s
iter5		 Improve solution by repack 0.7451910104810535->0.7438087879602258 , unplacedBoxesSize:12
currentRepackCostTime:83.767s , currentRepackMaxTime:296.736s
iter42		 Improve solution by repack 0.7438087879602258->0.7437590701424348 , unplacedBoxesSize:12
currentRepackCostTime:84.57300000000001s , currentRepackMaxTime:296.736s
iter83		 Improve solution by repack 0.7437590701424348->0.7426454582101585 , unplacedBoxesSize:12
currentRepackCostTime:86.20700000000001s , currentRepackMaxTime:296.736s
iter103		 Improve solution by repack 0.7426454582101585->0.7398772171459285 , unplacedBoxesSize:8
currentRepackCostTime:88.14s , currentRepackMaxTime:296.736s
iter118		 Improve solution by repack 0.7398772171459285->0.7375438390217683 , unplacedBoxesSize:8
currentRepackCostTime:89.83800000000001s , currentRepackMaxTime:296.736s
Selecting boards with low utilization for repacking...
iter5		 Improve solution by repack 0.9791964525665143->0.7692853063692555 , unplacedBoxesSize:12
currentRepackCostTime:98.075s , currentRepackMaxTime:296.736s
iter71		 Improve solution by repack 0.7692853063692555->0.7485675893576995 , unplacedBoxesSize:9
currentRepackCostTime:99.266s , currentRepackMaxTime:296.736s
Selecting boards with low utilization for repacking...
iter1		 Improve solution by repack 0.9799704380542865->0.7901093456060199 , unplacedBoxesSize:12
currentRepackCostTime:108.767s , currentRepackMaxTime:296.736s
iter12		 Improve solution by repack 0.7901093456060199->0.7887741870464929 , unplacedBoxesSize:10
currentRepackCostTime:108.97200000000001s , currentRepackMaxTime:296.736s
iter16		 Improve solution by repack 0.7887741870464929->0.7883178245095405 , unplacedBoxesSize:11
currentRepackCostTime:109.178s , currentRepackMaxTime:296.736s
iter23		 Improve solution by repack 0.7883178245095405->0.7801578876646064 , unplacedBoxesSize:11
currentRepackCostTime:109.63s , currentRepackMaxTime:296.736s
iter55		 Improve solution by repack 0.7801578876646064->0.778274489384574 , unplacedBoxesSize:12
currentRepackCostTime:110.598s , currentRepackMaxTime:296.736s
iter33		 Improve solution by repack 0.778274489384574->0.7763732867508735 , unplacedBoxesSize:8
currentRepackCostTime:111.305s , currentRepackMaxTime:296.736s
iter25		 Improve solution by repack 0.7763732867508735->0.7734679857565171 , unplacedBoxesSize:9
currentRepackCostTime:111.635s , currentRepackMaxTime:296.736s
iter122		 Improve solution by repack 0.7734679857565171->0.7713821889277076 , unplacedBoxesSize:9
currentRepackCostTime:113.63s , currentRepackMaxTime:296.736s
iter36		 Improve solution by repack 0.7713821889277076->0.7705477358237034 , unplacedBoxesSize:9
currentRepackCostTime:114.22s , currentRepackMaxTime:296.736s
iter68		 Improve solution by repack 0.7705477358237034->0.7682610521365224 , unplacedBoxesSize:9
currentRepackCostTime:115.283s , currentRepackMaxTime:296.736s
iter17		 Improve solution by repack 0.7682610521365224->0.7677425423273314 , unplacedBoxesSize:12
currentRepackCostTime:115.529s , currentRepackMaxTime:296.736s
iter9		 Improve solution by repack 0.7677425423273314->0.7628397944101049 , unplacedBoxesSize:8
currentRepackCostTime:115.676s , currentRepackMaxTime:296.736s
iter193		 Improve solution by repack 0.7628397944101049->0.7606436441816716 , unplacedBoxesSize:8
currentRepackCostTime:118.37400000000001s , currentRepackMaxTime:296.736s
iter4		 Improve solution by repack 0.7606436441816716->0.7602459016393442 , unplacedBoxesSize:8
currentRepackCostTime:118.43900000000001s , currentRepackMaxTime:296.736s
iter25		 Improve solution by repack 0.7602459016393442->0.7601961838215534 , unplacedBoxesSize:8
currentRepackCostTime:118.83200000000001s , currentRepackMaxTime:296.736s
iter118		 Improve solution by repack 0.7601961838215534->0.7570641292663263 , unplacedBoxesSize:9
currentRepackCostTime:120.793s , currentRepackMaxTime:296.736s
iter132		 Improve solution by repack 0.7570641292663263->0.7565842515452835 , unplacedBoxesSize:10
currentRepackCostTime:122.907s , currentRepackMaxTime:296.736s
iter47		 Improve solution by repack 0.7565842515452835->0.7560635581832841 , unplacedBoxesSize:10
currentRepackCostTime:123.739s , currentRepackMaxTime:296.736s
iter120		 Improve solution by repack 0.7560635581832841->0.7427022305831766 , unplacedBoxesSize:14
currentRepackCostTime:125.741s , currentRepackMaxTime:296.736s
iter63		 Improve solution by repack 0.7427022305831766->0.7426170720236496 , unplacedBoxesSize:12
currentRepackCostTime:126.983s , currentRepackMaxTime:296.736s
iter129		 Improve solution by repack 0.7426170720236496->0.7418061341037355 , unplacedBoxesSize:12
currentRepackCostTime:129.364s , currentRepackMaxTime:296.736s
iter76		 Improve solution by repack 0.7418061341037355->0.7402417024993281 , unplacedBoxesSize:10
currentRepackCostTime:130.855s , currentRepackMaxTime:296.736s
iter10		 Improve solution by repack 0.7402417024993281->0.7399910978231659 , unplacedBoxesSize:10
currentRepackCostTime:131.035s , currentRepackMaxTime:296.736s
Selecting boards with low utilization for repacking...
iter6		 Improve solution by repack 0.978597655200215->0.7476300053748992 , unplacedBoxesSize:12
currentRepackCostTime:138.28900000000002s , currentRepackMaxTime:296.736s
iter22		 Improve solution by repack 0.7476300053748992->0.7447713988175222 , unplacedBoxesSize:12
currentRepackCostTime:138.703s , currentRepackMaxTime:296.736s
iter8		 Improve solution by repack 0.7447713988175222->0.743589592851384 , unplacedBoxesSize:11
currentRepackCostTime:138.857s , currentRepackMaxTime:296.736s
iter81		 Improve solution by repack 0.743589592851384->0.7435398750335932 , unplacedBoxesSize:11
currentRepackCostTime:140.412s , currentRepackMaxTime:296.736s
iter32		 Improve solution by repack 0.7435398750335932->0.7427144920720237 , unplacedBoxesSize:9
currentRepackCostTime:140.978s , currentRepackMaxTime:296.736s
iter188		 Improve solution by repack 0.7427144920720237->0.7390763571620531 , unplacedBoxesSize:10
currentRepackCostTime:143.707s , currentRepackMaxTime:296.736s
iter6		 Improve solution by repack 0.7390763571620531->0.7344882088148348 , unplacedBoxesSize:10
currentRepackCostTime:143.80700000000002s , currentRepackMaxTime:296.736s
iter67		 Improve solution by repack 0.7344882088148348->0.734393476216071 , unplacedBoxesSize:11
currentRepackCostTime:144.94400000000002s , currentRepackMaxTime:296.736s
iter13		 Improve solution by repack 0.734393476216071->0.7334444705724267 , unplacedBoxesSize:11
currentRepackCostTime:145.219s , currentRepackMaxTime:296.736s
iter22		 Improve solution by repack 0.7334444705724267->0.7274739653319001 , unplacedBoxesSize:13
currentRepackCostTime:145.636s , currentRepackMaxTime:296.736s
iter147		 Improve solution by repack 0.7274739653319001->0.7273308586401506 , unplacedBoxesSize:13
currentRepackCostTime:148.49s , currentRepackMaxTime:296.736s
iter139		 Improve solution by repack 0.7273308586401506->0.7264196452566514 , unplacedBoxesSize:10
currentRepackCostTime:151.1s , currentRepackMaxTime:296.736s
iter65		 Improve solution by repack 0.7264196452566514->0.7263089559258264 , unplacedBoxesSize:10
currentRepackCostTime:152.324s , currentRepackMaxTime:296.736s
Selecting boards with low utilization for repacking...
iter2		 Improve solution by repack 0.9808539371136791->0.7496885917764041 , unplacedBoxesSize:10
currentRepackCostTime:162.369s , currentRepackMaxTime:296.736s
iter91		 Improve solution by repack 0.7496885917764041->0.7492182880945982 , unplacedBoxesSize:9
currentRepackCostTime:163.928s , currentRepackMaxTime:296.736s
iter159		 Improve solution by repack 0.7492182880945982->0.7478670048374094 , unplacedBoxesSize:10
currentRepackCostTime:166.532s , currentRepackMaxTime:296.736s
iter20		 Improve solution by repack 0.7478670048374094->0.7442448266595001 , unplacedBoxesSize:12
currentRepackCostTime:166.861s , currentRepackMaxTime:296.736s
iter39		 Improve solution by repack 0.7442448266595001->0.7439008331093793 , unplacedBoxesSize:11
currentRepackCostTime:167.604s , currentRepackMaxTime:296.736s
iter24		 Improve solution by repack 0.7439008331093793->0.743630744423542 , unplacedBoxesSize:11
currentRepackCostTime:167.978s , currentRepackMaxTime:296.736s
iter96		 Improve solution by repack 0.743630744423542->0.7426021230851921 , unplacedBoxesSize:13
currentRepackCostTime:169.651s , currentRepackMaxTime:296.736s
iter24		 Improve solution by repack 0.7426021230851921->0.7422325987637731 , unplacedBoxesSize:13
currentRepackCostTime:170.076s , currentRepackMaxTime:296.736s
iter13		 Improve solution by repack 0.7422325987637731->0.7416386723998925 , unplacedBoxesSize:12
currentRepackCostTime:170.33s , currentRepackMaxTime:296.736s
iter75		 Improve solution by repack 0.7416386723998925->0.7388007256113948 , unplacedBoxesSize:12
currentRepackCostTime:171.732s , currentRepackMaxTime:296.736s
iter26		 Improve solution by repack 0.7388007256113948->0.7380455522708949 , unplacedBoxesSize:12
currentRepackCostTime:172.244s , currentRepackMaxTime:296.736s
iter102		 Improve solution by repack 0.7380455522708949->0.7378745632894382 , unplacedBoxesSize:11
currentRepackCostTime:174.213s , currentRepackMaxTime:296.736s
iter342		 Improve solution by repack 0.7378745632894382->0.73784634506853 , unplacedBoxesSize:11
currentRepackCostTime:180.19400000000002s , currentRepackMaxTime:296.736s
Selecting boards with low utilization for repacking...
iter61		 Improve solution by repack 0.9748797366299382->0.9744927438860522 , unplacedBoxesSize:8
currentRepackCostTime:187.90200000000002s , currentRepackMaxTime:296.736s
iter24		 Improve solution by repack 0.9744927438860522->0.7700962442891696 , unplacedBoxesSize:11
currentRepackCostTime:188.239s , currentRepackMaxTime:296.736s
iter1		 Improve solution by repack 0.7700962442891696->0.749026303413061 , unplacedBoxesSize:10
currentRepackCostTime:188.25900000000001s , currentRepackMaxTime:296.736s
iter53		 Improve solution by repack 0.749026303413061->0.7464866635313089 , unplacedBoxesSize:10
currentRepackCostTime:189.231s , currentRepackMaxTime:296.736s
iter91		 Improve solution by repack 0.7464866635313089->0.7455638941144854 , unplacedBoxesSize:10
currentRepackCostTime:190.75300000000001s , currentRepackMaxTime:296.736s
iter2		 Improve solution by repack 0.7455638941144854->0.744869020424617 , unplacedBoxesSize:10
currentRepackCostTime:190.775s , currentRepackMaxTime:296.736s
iter104		 Improve solution by repack 0.744869020424617->0.7414268677774791 , unplacedBoxesSize:10
currentRepackCostTime:192.547s , currentRepackMaxTime:296.736s
Selecting boards with low utilization for repacking...
iter9		 Improve solution by repack 0.9798832639075518->0.9784884775597958 , unplacedBoxesSize:12
currentRepackCostTime:198.73000000000002s , currentRepackMaxTime:296.736s
iter1		 Improve solution by repack 0.9784884775597958->0.7869699005643643 , unplacedBoxesSize:12
currentRepackCostTime:198.762s , currentRepackMaxTime:296.736s
iter96		 Improve solution by repack 0.7869699005643643->0.7784488376780435 , unplacedBoxesSize:12
currentRepackCostTime:200.708s , currentRepackMaxTime:296.736s
iter15		 Improve solution by repack 0.7784488376780435->0.768479944907283 , unplacedBoxesSize:12
currentRepackCostTime:200.94400000000002s , currentRepackMaxTime:296.736s
iter29		 Improve solution by repack 0.768479944907283->0.7665637597420049 , unplacedBoxesSize:11
currentRepackCostTime:201.381s , currentRepackMaxTime:296.736s
iter31		 Improve solution by repack 0.7665637597420049->0.7651137127116368 , unplacedBoxesSize:9
currentRepackCostTime:201.903s , currentRepackMaxTime:296.736s
iter194		 Improve solution by repack 0.7651137127116368->0.7650589559258264 , unplacedBoxesSize:10
currentRepackCostTime:204.654s , currentRepackMaxTime:296.736s
iter19		 Improve solution by repack 0.7650589559258264->0.7610188793335125 , unplacedBoxesSize:10
currentRepackCostTime:204.948s , currentRepackMaxTime:296.736s
iter65		 Improve solution by repack 0.7610188793335125->0.7603523918301532 , unplacedBoxesSize:12
currentRepackCostTime:206.031s , currentRepackMaxTime:296.736s
iter46		 Improve solution by repack 0.7603523918301532->0.758696586938995 , unplacedBoxesSize:13
currentRepackCostTime:206.774s , currentRepackMaxTime:296.736s
iter16		 Improve solution by repack 0.758696586938995->0.7529180663800055 , unplacedBoxesSize:9
currentRepackCostTime:207.05s , currentRepackMaxTime:296.736s
iter11		 Improve solution by repack 0.7529180663800055->0.7485185434023113 , unplacedBoxesSize:10
currentRepackCostTime:207.244s , currentRepackMaxTime:296.736s
iter42		 Improve solution by repack 0.7485185434023113->0.7462963585057779 , unplacedBoxesSize:9
currentRepackCostTime:207.939s , currentRepackMaxTime:296.736s
iter30		 Improve solution by repack 0.7462963585057779->0.7459523649556571 , unplacedBoxesSize:9
currentRepackCostTime:208.399s , currentRepackMaxTime:296.736s
iter70		 Improve solution by repack 0.7459523649556571->0.7456782450954044 , unplacedBoxesSize:9
currentRepackCostTime:209.458s , currentRepackMaxTime:296.736s
iter134		 Improve solution by repack 0.7456782450954044->0.7390745095404461 , unplacedBoxesSize:8
currentRepackCostTime:211.623s , currentRepackMaxTime:296.736s
iter74		 Improve solution by repack 0.7390745095404461->0.7380909029830691 , unplacedBoxesSize:11
currentRepackCostTime:212.721s , currentRepackMaxTime:296.736s
iter24		 Improve solution by repack 0.7380909029830691->0.7356130744423541 , unplacedBoxesSize:11
currentRepackCostTime:213.251s , currentRepackMaxTime:296.736s
iter6		 Improve solution by repack 0.7356130744423541->0.7352260816984681 , unplacedBoxesSize:10
currentRepackCostTime:213.348s , currentRepackMaxTime:296.736s
iter19		 Improve solution by repack 0.7352260816984681->0.7347218489653319 , unplacedBoxesSize:13
currentRepackCostTime:213.66s , currentRepackMaxTime:296.736s
iter45		 Improve solution by repack 0.7347218489653319->0.7304325450147809 , unplacedBoxesSize:14
currentRepackCostTime:214.489s , currentRepackMaxTime:296.736s
iter69		 Improve solution by repack 0.7304325450147809->0.7303828271969901 , unplacedBoxesSize:14
currentRepackCostTime:215.834s , currentRepackMaxTime:296.736s
iter231		 Improve solution by repack 0.7303828271969901->0.7264707067992474 , unplacedBoxesSize:14
currentRepackCostTime:220.493s , currentRepackMaxTime:296.736s
iter6		 Improve solution by repack 0.7264707067992474->0.7204716474066112 , unplacedBoxesSize:13
currentRepackCostTime:220.596s , currentRepackMaxTime:296.736s
iter119		 Improve solution by repack 0.7204716474066112->0.7186377989787691 , unplacedBoxesSize:11
currentRepackCostTime:223.02700000000002s , currentRepackMaxTime:296.736s
Selecting boards with low utilization for repacking...
iter6		 Improve solution by repack 0.9760382424079549->0.7472818126847621 , unplacedBoxesSize:15
currentRepackCostTime:229.701s , currentRepackMaxTime:296.736s
iter4		 Improve solution by repack 0.7472818126847621->0.7449850510615426 , unplacedBoxesSize:12
currentRepackCostTime:229.78300000000002s , currentRepackMaxTime:296.736s
iter33		 Improve solution by repack 0.7449850510615426->0.7302764713786617 , unplacedBoxesSize:13
currentRepackCostTime:230.46200000000002s , currentRepackMaxTime:296.736s
iter322		 Improve solution by repack 0.7302764713786617->0.7254632491265788 , unplacedBoxesSize:17
currentRepackCostTime:236.63400000000001s , currentRepackMaxTime:296.736s
iter47		 Improve solution by repack 0.7254632491265788->0.7235652378392905 , unplacedBoxesSize:16
currentRepackCostTime:237.66s , currentRepackMaxTime:296.736s
iter57		 Improve solution by repack 0.7235652378392905->0.7231177774791723 , unplacedBoxesSize:16
currentRepackCostTime:238.917s , currentRepackMaxTime:296.736s
iter18		 Improve solution by repack 0.7231177774791723->0.7205895592582638 , unplacedBoxesSize:16
currentRepackCostTime:239.29s , currentRepackMaxTime:296.736s
iter77		 Improve solution by repack 0.7205895592582638->0.7201420988981456 , unplacedBoxesSize:16
currentRepackCostTime:240.876s , currentRepackMaxTime:296.736s
iter53		 Improve solution by repack 0.7201420988981456->0.7200923810803548 , unplacedBoxesSize:16
currentRepackCostTime:242.061s , currentRepackMaxTime:296.736s
iter124		 Improve solution by repack 0.7200923810803548->0.7124516259070143 , unplacedBoxesSize:16
currentRepackCostTime:244.75s , currentRepackMaxTime:296.736s
iter97		 Improve solution by repack 0.7124516259070143->0.7109918368718087 , unplacedBoxesSize:17
currentRepackCostTime:246.886s , currentRepackMaxTime:296.736s
iter15		 Improve solution by repack 0.7109918368718087->0.707941917495297 , unplacedBoxesSize:15
currentRepackCostTime:247.315s , currentRepackMaxTime:296.736s
iter291		 Improve solution by repack 0.707941917495297->0.7055628527277613 , unplacedBoxesSize:15
currentRepackCostTime:253.973s , currentRepackMaxTime:296.736s
iter304		 Improve solution by repack 0.7055628527277613->0.7049104743348562 , unplacedBoxesSize:13
currentRepackCostTime:260.803s , currentRepackMaxTime:296.736s
iter2		 Improve solution by repack 0.7049104743348562->0.7045234815909702 , unplacedBoxesSize:13
currentRepackCostTime:260.854s , currentRepackMaxTime:296.736s
Selecting boards with low utilization for repacking...
iter15		 Improve solution by repack 0.9847831564095673->0.7221469363074442 , unplacedBoxesSize:12
currentRepackCostTime:274.502s , currentRepackMaxTime:296.736s
iter48		 Improve solution by repack 0.7221469363074442->0.7214744490728299 , unplacedBoxesSize:13
currentRepackCostTime:275.495s , currentRepackMaxTime:296.736s
iter11		 Improve solution by repack 0.7214744490728299->0.7208534802472454 , unplacedBoxesSize:12
currentRepackCostTime:275.726s , currentRepackMaxTime:296.736s
iter14		 Improve solution by repack 0.7208534802472454->0.7207404259607633 , unplacedBoxesSize:12
currentRepackCostTime:275.994s , currentRepackMaxTime:296.736s
iter51		 Improve solution by repack 0.7207404259607633->0.7176205993012631 , unplacedBoxesSize:12
currentRepackCostTime:276.951s , currentRepackMaxTime:296.736s
iter22		 Improve solution by repack 0.7176205993012631->0.7175636589626444 , unplacedBoxesSize:12
currentRepackCostTime:277.298s , currentRepackMaxTime:296.736s
iter230		 Improve solution by repack 0.7175636589626444->0.7152962913195378 , unplacedBoxesSize:15
currentRepackCostTime:281.726s , currentRepackMaxTime:296.736s
iter27		 Improve solution by repack 0.7152962913195378->0.7152870532115023 , unplacedBoxesSize:16
currentRepackCostTime:282.33s , currentRepackMaxTime:296.736s
iter32		 Improve solution by repack 0.7152870532115023->0.7137625974200483 , unplacedBoxesSize:16
currentRepackCostTime:283.067s , currentRepackMaxTime:296.736s
iter40		 Improve solution by repack 0.7137625974200483->0.7109285138403655 , unplacedBoxesSize:16
currentRepackCostTime:284.023s , currentRepackMaxTime:296.736s
iter15		 Improve solution by repack 0.7109285138403655->0.7106715600644987 , unplacedBoxesSize:19
currentRepackCostTime:284.298s , currentRepackMaxTime:296.736s
iter7		 Improve solution by repack 0.7106715600644987->0.7099298239720505 , unplacedBoxesSize:18
currentRepackCostTime:284.52s , currentRepackMaxTime:296.736s
iter4		 Improve solution by repack 0.7099298239720505->0.7095858304219296 , unplacedBoxesSize:18
currentRepackCostTime:284.627s , currentRepackMaxTime:296.736s
iter4		 Improve solution by repack 0.7095858304219296->0.7082400900295619 , unplacedBoxesSize:18
currentRepackCostTime:284.76300000000003s , currentRepackMaxTime:296.736s
iter56		 Improve solution by repack 0.7082400900295619->0.7063761757592045 , unplacedBoxesSize:17
currentRepackCostTime:286.148s , currentRepackMaxTime:296.736s
iter62		 Improve solution by repack 0.7063761757592045->0.7057227895726955 , unplacedBoxesSize:17
currentRepackCostTime:287.689s , currentRepackMaxTime:296.736s
iter33		 Improve solution by repack 0.7057227895726955->0.7042722050524053 , unplacedBoxesSize:16
currentRepackCostTime:288.443s , currentRepackMaxTime:296.736s
iter224		 Improve solution by repack 0.7042722050524053->0.7042075382961569 , unplacedBoxesSize:14
currentRepackCostTime:293.701s , currentRepackMaxTime:296.736s
iter8		 Improve solution by repack 0.7042075382961569->0.7040624160171998 , unplacedBoxesSize:15
currentRepackCostTime:293.863s , currentRepackMaxTime:296.736s
iter32		 Improve solution by repack 0.7040624160171998->0.702954178984144 , unplacedBoxesSize:15
currentRepackCostTime:294.577s , currentRepackMaxTime:296.736s
iter62		 Improve solution by repack 0.702954178984144->0.7028581026605751 , unplacedBoxesSize:15
currentRepackCostTime:296.038s , currentRepackMaxTime:296.736s
Global repack result: 27 -> 27 boards.
Start nesting on the 1th large board, remaining blocks count: 185
Utilization of the 1th large board: 98.9629131953776, Time taken for this board: 8.301s
-------------------------------------------------------------------
Start nesting on the 2th large board, remaining blocks count: 175
Utilization of the 2th large board: 98.84735286213383, Time taken for this board: 19.246s
-------------------------------------------------------------------
Start nesting on the 3th large board, remaining blocks count: 162
Utilization of the 3th large board: 98.78705321150228, Time taken for this board: 29.789s
-------------------------------------------------------------------
Start nesting on the 4th large board, remaining blocks count: 148
Utilization of the 4th large board: 99.51968556839559, Time taken for this board: 37.992s
-------------------------------------------------------------------
Start nesting on the 5th large board, remaining blocks count: 136
Utilization of the 5th large board: 98.44651975275464, Time taken for this board: 42.927s
-------------------------------------------------------------------
Start nesting on the 6th large board, remaining blocks count: 122
Utilization of the 6th large board: 98.98871271163667, Time taken for this board: 46.114000000000004s
-------------------------------------------------------------------
Start nesting on the 7th large board, remaining blocks count: 106
Utilization of the 7th large board: 99.14301750201558, Time taken for this board: 48.416000000000004s
-------------------------------------------------------------------
Start nesting on the 8th large board, remaining blocks count: 91
Utilization of the 8th large board: 97.73319302606826, Time taken for this board: 50.334s
-------------------------------------------------------------------
Start nesting on the 9th large board, remaining blocks count: 76
Utilization of the 9th large board: 97.8586468691212, Time taken for this board: 52.132s
-------------------------------------------------------------------
Start nesting on the 10th large board, remaining blocks count: 52
Utilization of the 10th large board: 98.5746096479441, Time taken for this board: 52.441s
-------------------------------------------------------------------
Start nesting on the 11th large board, remaining blocks count: 34
Utilization of the 11th large board: 97.36388907551733, Time taken for this board: 52.662s
-------------------------------------------------------------------
Start nesting on the 12th large board, remaining blocks count: 20
Utilization of the 12th large board: 93.03439901908088, Time taken for this board: 52.714s
-------------------------------------------------------------------
Start global repack optimization for 12 boards, time=82.189s.
Start improving solution by repacking.
Selecting boards with low utilization for repacking...
Selecting boards with low utilization for repacking...
iter3		 Improve solution by repack 0.9736388907551733->0.9490170653050256 , unplacedBoxesSize:12
currentRepackCostTime:1.926s , currentRepackMaxTime:82.189s
iter4		 Improve solution by repack 0.9490170653050256->0.9370327163396936 , unplacedBoxesSize:18
currentRepackCostTime:2.027s , currentRepackMaxTime:82.189s
iter22		 Improve solution by repack 0.9370327163396936->0.9295519064095673 , unplacedBoxesSize:22
currentRepackCostTime:2.7840000000000003s , currentRepackMaxTime:82.189s
iter1		 Improve solution by repack 0.9295519064095673->0.9279348075114217 , unplacedBoxesSize:21
currentRepackCostTime:2.7960000000000003s , currentRepackMaxTime:82.189s
iter5		 Improve solution by repack 0.9279348075114217->0.9253451138806772 , unplacedBoxesSize:21
currentRepackCostTime:2.9370000000000003s , currentRepackMaxTime:82.189s
iter52		 Improve solution by repack 0.9253451138806772->0.9246606087073368 , unplacedBoxesSize:22
currentRepackCostTime:4.8s , currentRepackMaxTime:82.189s
iter15		 Improve solution by repack 0.9246606087073368->0.9222683233673743 , unplacedBoxesSize:19
currentRepackCostTime:5.357s , currentRepackMaxTime:82.189s
iter1		 Improve solution by repack 0.9222683233673743->0.9216206480112873 , unplacedBoxesSize:20
currentRepackCostTime:5.383s , currentRepackMaxTime:82.189s
iter21		 Improve solution by repack 0.9216206480112873->0.9208444336199946 , unplacedBoxesSize:19
currentRepackCostTime:6.122s , currentRepackMaxTime:82.189s
iter11		 Improve solution by repack 0.9208444336199946->0.9188308619994625 , unplacedBoxesSize:19
currentRepackCostTime:6.518s , currentRepackMaxTime:82.189s
iter23		 Improve solution by repack 0.9188308619994625->0.9185674919376512 , unplacedBoxesSize:19
currentRepackCostTime:7.226s , currentRepackMaxTime:82.189s
iter21		 Improve solution by repack 0.9185674919376512->0.9179995296963183 , unplacedBoxesSize:20
currentRepackCostTime:7.9270000000000005s , currentRepackMaxTime:82.189s
iter11		 Improve solution by repack 0.9179995296963183->0.9155059560601989 , unplacedBoxesSize:18
currentRepackCostTime:8.315s , currentRepackMaxTime:82.189s
iter14		 Improve solution by repack 0.9155059560601989->0.9143702885649019 , unplacedBoxesSize:17
currentRepackCostTime:8.769s , currentRepackMaxTime:82.189s
iter15		 Improve solution by repack 0.9143702885649019->0.9137495851249665 , unplacedBoxesSize:19
currentRepackCostTime:9.227s , currentRepackMaxTime:82.189s
iter56		 Improve solution by repack 0.9137495851249665->0.9118813306234882 , unplacedBoxesSize:19
currentRepackCostTime:11.18s , currentRepackMaxTime:82.189s
iter10		 Improve solution by repack 0.9118813306234882->0.9111100325853265 , unplacedBoxesSize:19
currentRepackCostTime:11.538s , currentRepackMaxTime:82.189s
iter2		 Improve solution by repack 0.9111100325853265->0.9107295451491535 , unplacedBoxesSize:18
currentRepackCostTime:11.592s , currentRepackMaxTime:82.189s
iter60		 Improve solution by repack 0.9107295451491535->0.905978134238108 , unplacedBoxesSize:20
currentRepackCostTime:13.593s , currentRepackMaxTime:82.189s
iter6		 Improve solution by repack 0.905978134238108->0.9049301195915077 , unplacedBoxesSize:21
currentRepackCostTime:13.777000000000001s , currentRepackMaxTime:82.189s
Selecting boards with low utilization for repacking...
iter5		 Improve solution by repack 0.9773319302606827->0.9574630475678582 , unplacedBoxesSize:17
currentRepackCostTime:17.993000000000002s , currentRepackMaxTime:82.189s
iter10		 Improve solution by repack 0.9574630475678582->0.9470720673206128 , unplacedBoxesSize:19
currentRepackCostTime:18.329s , currentRepackMaxTime:82.189s
iter3		 Improve solution by repack 0.9470720673206128->0.9419329850846547 , unplacedBoxesSize:20
currentRepackCostTime:18.458000000000002s , currentRepackMaxTime:82.189s
iter5		 Improve solution by repack 0.9419329850846547->0.9408597604810536 , unplacedBoxesSize:25
currentRepackCostTime:18.664s , currentRepackMaxTime:82.189s
iter22		 Improve solution by repack 0.9408597604810536->0.9386337577264177 , unplacedBoxesSize:23
currentRepackCostTime:19.63s , currentRepackMaxTime:82.189s
iter4		 Improve solution by repack 0.9386337577264177->0.9277912422735825 , unplacedBoxesSize:24
currentRepackCostTime:19.787s , currentRepackMaxTime:82.189s
iter1		 Improve solution by repack 0.9277912422735825->0.9216274606960494 , unplacedBoxesSize:18
currentRepackCostTime:19.856s , currentRepackMaxTime:82.189s
iter3		 Improve solution by repack 0.9216274606960494->0.9132698316984681 , unplacedBoxesSize:21
currentRepackCostTime:19.92s , currentRepackMaxTime:82.189s
iter45		 Improve solution by repack 0.9132698316984681->0.9109310786750874 , unplacedBoxesSize:21
currentRepackCostTime:21.786s , currentRepackMaxTime:82.189s
iter58		 Improve solution by repack 0.9109310786750874->0.9095554404058049 , unplacedBoxesSize:22
currentRepackCostTime:24.062s , currentRepackMaxTime:82.189s
iter6		 Improve solution by repack 0.9095554404058049->0.9059552657215802 , unplacedBoxesSize:22
currentRepackCostTime:24.349s , currentRepackMaxTime:82.189s
iter5		 Improve solution by repack 0.9059552657215802->0.9049588937785542 , unplacedBoxesSize:20
currentRepackCostTime:24.509s , currentRepackMaxTime:82.189s
iter2		 Improve solution by repack 0.9049588937785542->0.9049373941816716 , unplacedBoxesSize:19
currentRepackCostTime:24.562s , currentRepackMaxTime:82.189s
iter21		 Improve solution by repack 0.9049373941816716->0.8982637849368449 , unplacedBoxesSize:20
currentRepackCostTime:25.311s , currentRepackMaxTime:82.189s
iter23		 Improve solution by repack 0.8982637849368449->0.8962948921660845 , unplacedBoxesSize:20
currentRepackCostTime:26.141000000000002s , currentRepackMaxTime:82.189s
Selecting boards with low utilization for repacking...
iter5		 Improve solution by repack 0.978586468691212->0.9405402411986025 , unplacedBoxesSize:14
currentRepackCostTime:30.777s , currentRepackMaxTime:82.189s
iter18		 Improve solution by repack 0.9405402411986025->0.9401477089492072 , unplacedBoxesSize:18
currentRepackCostTime:31.318s , currentRepackMaxTime:82.189s
iter14		 Improve solution by repack 0.9401477089492072->0.9384173273313625 , unplacedBoxesSize:17
currentRepackCostTime:31.724s , currentRepackMaxTime:82.189s
iter3		 Improve solution by repack 0.9384173273313625->0.9323658626713249 , unplacedBoxesSize:22
currentRepackCostTime:31.843s , currentRepackMaxTime:82.189s
iter4		 Improve solution by repack 0.9323658626713249->0.927507551733405 , unplacedBoxesSize:22
currentRepackCostTime:31.996000000000002s , currentRepackMaxTime:82.189s
iter9		 Improve solution by repack 0.927507551733405->0.9254937852727761 , unplacedBoxesSize:23
currentRepackCostTime:32.332s , currentRepackMaxTime:82.189s
iter4		 Improve solution by repack 0.9254937852727761->0.9252543368718086 , unplacedBoxesSize:22
currentRepackCostTime:32.522s , currentRepackMaxTime:82.189s
iter15		 Improve solution by repack 0.9252543368718086->0.9251871254367106 , unplacedBoxesSize:22
currentRepackCostTime:33.2s , currentRepackMaxTime:82.189s
iter6		 Improve solution by repack 0.9251871254367106->0.9216022910507927 , unplacedBoxesSize:22
currentRepackCostTime:33.471000000000004s , currentRepackMaxTime:82.189s
iter11		 Improve solution by repack 0.9216022910507927->0.9175792982397205 , unplacedBoxesSize:22
currentRepackCostTime:33.942s , currentRepackMaxTime:82.189s
iter1		 Improve solution by repack 0.9175792982397205->0.91582449106423 , unplacedBoxesSize:24
currentRepackCostTime:33.961s , currentRepackMaxTime:82.189s
iter13		 Improve solution by repack 0.91582449106423->0.9143423626041387 , unplacedBoxesSize:23
currentRepackCostTime:34.456s , currentRepackMaxTime:82.189s
iter4		 Improve solution by repack 0.9143423626041387->0.912718225947326 , unplacedBoxesSize:24
currentRepackCostTime:34.636s , currentRepackMaxTime:82.189s
iter37		 Improve solution by repack 0.912718225947326->0.9093429185702767 , unplacedBoxesSize:16
currentRepackCostTime:36.238s , currentRepackMaxTime:82.189s
iter25		 Improve solution by repack 0.9093429185702767->0.908349234076861 , unplacedBoxesSize:16
currentRepackCostTime:36.906s , currentRepackMaxTime:82.189s
iter5		 Improve solution by repack 0.908349234076861->0.9081153251814028 , unplacedBoxesSize:23
currentRepackCostTime:37.084s , currentRepackMaxTime:82.189s
iter2		 Improve solution by repack 0.9081153251814028->0.9067212106960495 , unplacedBoxesSize:23
currentRepackCostTime:37.135s , currentRepackMaxTime:82.189s
iter15		 Improve solution by repack 0.9067212106960495->0.9026006785810265 , unplacedBoxesSize:23
currentRepackCostTime:37.71s , currentRepackMaxTime:82.189s
iter42		 Improve solution by repack 0.9026006785810265->0.899797668637463 , unplacedBoxesSize:22
currentRepackCostTime:39.472s , currentRepackMaxTime:82.189s
iter7		 Improve solution by repack 0.899797668637463->0.8977452264176297 , unplacedBoxesSize:21
currentRepackCostTime:39.715s , currentRepackMaxTime:82.189s
iter13		 Improve solution by repack 0.8977452264176297->0.895027850376243 , unplacedBoxesSize:24
currentRepackCostTime:40.138s , currentRepackMaxTime:82.189s
Selecting boards with low utilization for repacking...
iter3		 Improve solution by repack 0.9844651975275465->0.9789625218355281 , unplacedBoxesSize:14
currentRepackCostTime:43.584s , currentRepackMaxTime:82.189s
iter2		 Improve solution by repack 0.9789625218355281->0.9552813877317925 , unplacedBoxesSize:18
currentRepackCostTime:43.633s , currentRepackMaxTime:82.189s
iter5		 Improve solution by repack 0.9552813877317925->0.9525456866433755 , unplacedBoxesSize:19
currentRepackCostTime:43.825s , currentRepackMaxTime:82.189s
iter3		 Improve solution by repack 0.9525456866433755->0.9446599402042462 , unplacedBoxesSize:16
currentRepackCostTime:43.946s , currentRepackMaxTime:82.189s
iter16		 Improve solution by repack 0.9446599402042462->0.9414957739854878 , unplacedBoxesSize:25
currentRepackCostTime:44.374s , currentRepackMaxTime:82.189s
iter3		 Improve solution by repack 0.9414957739854878->0.933716684023112 , unplacedBoxesSize:25
currentRepackCostTime:44.585s , currentRepackMaxTime:82.189s
iter1		 Improve solution by repack 0.933716684023112->0.9323913195377587 , unplacedBoxesSize:21
currentRepackCostTime:44.634s , currentRepackMaxTime:82.189s
iter6		 Improve solution by repack 0.9323913195377587->0.9243057914539102 , unplacedBoxesSize:23
currentRepackCostTime:44.927s , currentRepackMaxTime:82.189s
iter14		 Improve solution by repack 0.9243057914539102->0.9180136388067724 , unplacedBoxesSize:22
currentRepackCostTime:45.43s , currentRepackMaxTime:82.189s
iter3		 Improve solution by repack 0.9180136388067724->0.9098207252754636 , unplacedBoxesSize:19
currentRepackCostTime:45.64s , currentRepackMaxTime:82.189s
Selecting boards with low utilization for repacking...
iter6		 Improve solution by repack 0.9857460964794411->0.9405408458747649 , unplacedBoxesSize:14
currentRepackCostTime:48.479s , currentRepackMaxTime:82.189s
iter10		 Improve solution by repack 0.9405408458747649->0.9350706093791992 , unplacedBoxesSize:21
currentRepackCostTime:48.742000000000004s , currentRepackMaxTime:82.189s
iter17		 Improve solution by repack 0.9350706093791992->0.9345190069873689 , unplacedBoxesSize:20
currentRepackCostTime:49.410000000000004s , currentRepackMaxTime:82.189s
Selecting boards with low utilization for repacking...
iter5		 Improve solution by repack 0.987870532115023->0.9426890318462778 , unplacedBoxesSize:13
currentRepackCostTime:53.177s , currentRepackMaxTime:82.189s
iter14		 Improve solution by repack 0.9426890318462778->0.9425256987368986 , unplacedBoxesSize:19
currentRepackCostTime:53.598s , currentRepackMaxTime:82.189s
iter2		 Improve solution by repack 0.9425256987368986->0.9401573065036279 , unplacedBoxesSize:20
currentRepackCostTime:53.682s , currentRepackMaxTime:82.189s
iter9		 Improve solution by repack 0.9401573065036279->0.9335871153587745 , unplacedBoxesSize:18
currentRepackCostTime:54.072s , currentRepackMaxTime:82.189s
iter5		 Improve solution by repack 0.9335871153587745->0.9287653974066111 , unplacedBoxesSize:20
currentRepackCostTime:54.275s , currentRepackMaxTime:82.189s
iter2		 Improve solution by repack 0.9287653974066111->0.9265200853265252 , unplacedBoxesSize:18
currentRepackCostTime:54.321s , currentRepackMaxTime:82.189s
iter13		 Improve solution by repack 0.9265200853265252->0.9256517031711905 , unplacedBoxesSize:18
currentRepackCostTime:54.737s , currentRepackMaxTime:82.189s
iter46		 Improve solution by repack 0.9256517031711905->0.9244463820209621 , unplacedBoxesSize:20
currentRepackCostTime:56.33s , currentRepackMaxTime:82.189s
iter7		 Improve solution by repack 0.9244463820209621->0.9239545787422736 , unplacedBoxesSize:18
currentRepackCostTime:56.575s , currentRepackMaxTime:82.189s
iter13		 Improve solution by repack 0.9239545787422736->0.921091437113679 , unplacedBoxesSize:18
currentRepackCostTime:56.958s , currentRepackMaxTime:82.189s
iter48		 Improve solution by repack 0.921091437113679->0.9209119272373019 , unplacedBoxesSize:18
currentRepackCostTime:58.765s , currentRepackMaxTime:82.189s
iter1		 Improve solution by repack 0.9209119272373019->0.9207030032249396 , unplacedBoxesSize:22
currentRepackCostTime:58.806000000000004s , currentRepackMaxTime:82.189s
iter3		 Improve solution by repack 0.9207030032249396->0.919567458344531 , unplacedBoxesSize:19
currentRepackCostTime:58.93s , currentRepackMaxTime:82.189s
Selecting boards with low utilization for repacking...
iter2		 Improve solution by repack 0.9884735286213383->0.9446834520290244 , unplacedBoxesSize:16
currentRepackCostTime:62.275s , currentRepackMaxTime:82.189s
iter16		 Improve solution by repack 0.9446834520290244->0.9402637966944369 , unplacedBoxesSize:17
currentRepackCostTime:62.694s , currentRepackMaxTime:82.189s
iter5		 Improve solution by repack 0.9402637966944369->0.9364683552808385 , unplacedBoxesSize:15
currentRepackCostTime:62.815000000000005s , currentRepackMaxTime:82.189s
iter4		 Improve solution by repack 0.9364683552808385->0.9344194134641226 , unplacedBoxesSize:21
currentRepackCostTime:62.933s , currentRepackMaxTime:82.189s
iter1		 Improve solution by repack 0.9344194134641226->0.9222991097823166 , unplacedBoxesSize:20
currentRepackCostTime:62.979s , currentRepackMaxTime:82.189s
iter56		 Improve solution by repack 0.9222991097823166->0.9204069537758667 , unplacedBoxesSize:20
currentRepackCostTime:64.989s , currentRepackMaxTime:82.189s
iter5		 Improve solution by repack 0.9204069537758667->0.9170851249664068 , unplacedBoxesSize:22
currentRepackCostTime:65.127s , currentRepackMaxTime:82.189s
iter5		 Improve solution by repack 0.9170851249664068->0.9170249412120397 , unplacedBoxesSize:19
currentRepackCostTime:65.32000000000001s , currentRepackMaxTime:82.189s
iter3		 Improve solution by repack 0.9170249412120397->0.9158105499193765 , unplacedBoxesSize:18
currentRepackCostTime:65.428s , currentRepackMaxTime:82.189s
iter4		 Improve solution by repack 0.9158105499193765->0.9147538464122549 , unplacedBoxesSize:18
currentRepackCostTime:65.549s , currentRepackMaxTime:82.189s
iter50		 Improve solution by repack 0.9147538464122549->0.9126401672937382 , unplacedBoxesSize:16
currentRepackCostTime:67.35s , currentRepackMaxTime:82.189s
iter1		 Improve solution by repack 0.9126401672937382->0.9125192320612738 , unplacedBoxesSize:17
currentRepackCostTime:67.365s , currentRepackMaxTime:82.189s
iter3		 Improve solution by repack 0.9125192320612738->0.9091704044611664 , unplacedBoxesSize:18
currentRepackCostTime:67.45s , currentRepackMaxTime:82.189s
iter3		 Improve solution by repack 0.9091704044611664->0.9071847151303413 , unplacedBoxesSize:18
currentRepackCostTime:67.548s , currentRepackMaxTime:82.189s
iter16		 Improve solution by repack 0.9071847151303413->0.9054332672668638 , unplacedBoxesSize:16
currentRepackCostTime:68.161s , currentRepackMaxTime:82.189s
Selecting boards with low utilization for repacking...
iter4		 Improve solution by repack 0.9896291319537759->0.9880474670787422 , unplacedBoxesSize:19
currentRepackCostTime:71.233s , currentRepackMaxTime:82.189s
iter10		 Improve solution by repack 0.9880474670787422->0.9442534600913732 , unplacedBoxesSize:22
currentRepackCostTime:71.56700000000001s , currentRepackMaxTime:82.189s
iter1		 Improve solution by repack 0.9442534600913732->0.9436076054823971 , unplacedBoxesSize:20
currentRepackCostTime:71.57900000000001s , currentRepackMaxTime:82.189s
iter3		 Improve solution by repack 0.9436076054823971->0.9393671459285138 , unplacedBoxesSize:19
currentRepackCostTime:71.672s , currentRepackMaxTime:82.189s
iter16		 Improve solution by repack 0.9393671459285138->0.9379044981187852 , unplacedBoxesSize:19
currentRepackCostTime:72.182s , currentRepackMaxTime:82.189s
iter3		 Improve solution by repack 0.9379044981187852->0.9291272944101048 , unplacedBoxesSize:18
currentRepackCostTime:72.258s , currentRepackMaxTime:82.189s
iter34		 Improve solution by repack 0.9291272944101048->0.9275859009674818 , unplacedBoxesSize:20
currentRepackCostTime:73.479s , currentRepackMaxTime:82.189s
iter14		 Improve solution by repack 0.9275859009674818->0.9262099267669981 , unplacedBoxesSize:18
currentRepackCostTime:73.965s , currentRepackMaxTime:82.189s
Selecting boards with low utilization for repacking...
iter1		 Improve solution by repack 0.9898871271163665->0.9529850812953508 , unplacedBoxesSize:16
currentRepackCostTime:77.727s , currentRepackMaxTime:82.189s
iter1		 Improve solution by repack 0.9529850812953508->0.9405176666218757 , unplacedBoxesSize:17
currentRepackCostTime:77.749s , currentRepackMaxTime:82.189s
iter3		 Improve solution by repack 0.9405176666218757->0.9365928144316045 , unplacedBoxesSize:19
currentRepackCostTime:77.879s , currentRepackMaxTime:82.189s
iter8		 Improve solution by repack 0.9365928144316045->0.9316280872077398 , unplacedBoxesSize:21
currentRepackCostTime:78.203s , currentRepackMaxTime:82.189s
iter22		 Improve solution by repack 0.9316280872077398->0.93058905200215 , unplacedBoxesSize:20
currentRepackCostTime:79.041s , currentRepackMaxTime:82.189s
iter1		 Improve solution by repack 0.93058905200215->0.9274977156678312 , unplacedBoxesSize:18
currentRepackCostTime:79.06700000000001s , currentRepackMaxTime:82.189s
iter26		 Improve solution by repack 0.9274977156678312->0.9264384238108035 , unplacedBoxesSize:17
currentRepackCostTime:79.894s , currentRepackMaxTime:82.189s
iter14		 Improve solution by repack 0.9264384238108035->0.9260487436173072 , unplacedBoxesSize:17
currentRepackCostTime:80.32300000000001s , currentRepackMaxTime:82.189s
iter10		 Improve solution by repack 0.9260487436173072->0.9245985319806505 , unplacedBoxesSize:22
currentRepackCostTime:80.71000000000001s , currentRepackMaxTime:82.189s
iter1		 Improve solution by repack 0.9245985319806505->0.921272910507928 , unplacedBoxesSize:21
currentRepackCostTime:80.717s , currentRepackMaxTime:82.189s
iter6		 Improve solution by repack 0.921272910507928->0.9141092750604677 , unplacedBoxesSize:21
currentRepackCostTime:80.934s , currentRepackMaxTime:82.189s
iter1		 Improve solution by repack 0.9141092750604677->0.9136382995162591 , unplacedBoxesSize:19
currentRepackCostTime:80.96600000000001s , currentRepackMaxTime:82.189s
iter11		 Improve solution by repack 0.9136382995162591->0.9079321754904595 , unplacedBoxesSize:19
currentRepackCostTime:81.32000000000001s , currentRepackMaxTime:82.189s
iter17		 Improve solution by repack 0.9079321754904595->0.9055826205993013 , unplacedBoxesSize:20
currentRepackCostTime:81.928s , currentRepackMaxTime:82.189s
iter1		 Improve solution by repack 0.9055826205993013->0.9038412758667025 , unplacedBoxesSize:22
currentRepackCostTime:81.959s , currentRepackMaxTime:82.189s
Global repack result: 12 -> 12 boards.
