total number of nestable workpieces：163
Start priority-first combined packing.
Start nesting on the 1th large board, remaining blocks count: 90
Utilization of the 1th large board: 99.5370868046224, Time taken for this board: 1.5070000000000001s
-------------------------------------------------------------------
Start nesting on the 2th large board, remaining blocks count: 83
Utilization of the 2th large board: 99.30092717011557, Time taken for this board: 2.835s
-------------------------------------------------------------------
Start nesting on the 3th large board, remaining blocks count: 77
Utilization of the 3th large board: 98.68926363880678, Time taken for this board: 4.164s
-------------------------------------------------------------------
Start nesting on the 4th large board, remaining blocks count: 67
Utilization of the 4th large board: 99.06711905401775, Time taken for this board: 5.106s
-------------------------------------------------------------------
Start nesting on the 5th large board, remaining blocks count: 55
Utilization of the 5th large board: 95.34701693093255, Time taken for this board: 5.3660000000000005s
-------------------------------------------------------------------
Start nesting on the 6th large board, remaining blocks count: 50
Utilization of the 6th large board: 98.41232195646332, Time taken for this board: 5.746s
-------------------------------------------------------------------
Start nesting on the 7th large board, remaining blocks count: 35
Utilization of the 7th large board: 97.1992743886052, Time taken for this board: 5.923s
-------------------------------------------------------------------
Start nesting on the 8th large board, remaining blocks count: 30
Utilization of the 8th large board: 97.11079011018542, Time taken for this board: 5.98s
-------------------------------------------------------------------
Start nesting on the 9th large board, remaining blocks count: 18
Utilization of the 9th large board: 93.43812147272239, Time taken for this board: 6.009s
-------------------------------------------------------------------
Start nesting on the 10th large board, remaining blocks count: 8
Utilization of the 10th large board: 58.33883700618114, Time taken for this board: 6.01s
-------------------------------------------------------------------
Start global repack optimization for 10 boards, time=443.089s.
Start improving solution by repacking.
Selecting boards with low utilization for repacking...
iter3		 Improve solution by repack 0.5833883700618113->0.5742313894114486 , unplacedBoxesSize:6
currentRepackCostTime:0.05s , currentRepackMaxTime:443.089s
iter5		 Improve solution by repack 0.5742313894114486->0.5667078742273582 , unplacedBoxesSize:7
currentRepackCostTime:0.07200000000000001s , currentRepackMaxTime:443.089s
Selecting boards with low utilization for repacking...
iter3		 Improve solution by repack 0.9419047299113141->0.5664948938457405 , unplacedBoxesSize:7
currentRepackCostTime:1.992s , currentRepackMaxTime:443.089s
iter8		 Improve solution by repack 0.5664948938457405->0.5608186643375437 , unplacedBoxesSize:7
currentRepackCostTime:2.11s , currentRepackMaxTime:443.089s
iter27		 Improve solution by repack 0.5608186643375437->0.557349502821822 , unplacedBoxesSize:7
currentRepackCostTime:2.505s , currentRepackMaxTime:443.089s
iter52		 Improve solution by repack 0.557349502821822->0.5569013705993013 , unplacedBoxesSize:7
currentRepackCostTime:3.043s , currentRepackMaxTime:443.089s
Selecting boards with low utilization for repacking...
iter1		 Improve solution by repack 0.968303379467885->0.5699516259070142 , unplacedBoxesSize:6
currentRepackCostTime:4.82s , currentRepackMaxTime:443.089s
Selecting boards with low utilization for repacking...
iter3		 Improve solution by repack 0.968328910239183->0.9496516393442623 , unplacedBoxesSize:5
currentRepackCostTime:6.57s , currentRepackMaxTime:443.089s
iter13		 Improve solution by repack 0.9496516393442623->0.7124272708949206 , unplacedBoxesSize:5
currentRepackCostTime:6.744s , currentRepackMaxTime:443.089s
iter15		 Improve solution by repack 0.7124272708949206->0.6130594934157484 , unplacedBoxesSize:7
currentRepackCostTime:6.7700000000000005s , currentRepackMaxTime:443.089s
iter20		 Improve solution by repack 0.6130594934157484->0.5852358237033056 , unplacedBoxesSize:8
currentRepackCostTime:6.8950000000000005s , currentRepackMaxTime:443.089s
iter23		 Improve solution by repack 0.5852358237033056->0.5638034130610051 , unplacedBoxesSize:7
currentRepackCostTime:6.946s , currentRepackMaxTime:443.089s
iter27		 Improve solution by repack 0.5638034130610051->0.558050255307713 , unplacedBoxesSize:5
currentRepackCostTime:7.015000000000001s , currentRepackMaxTime:443.089s
iter39		 Improve solution by repack 0.558050255307713->0.5567737167428111 , unplacedBoxesSize:5
currentRepackCostTime:7.236s , currentRepackMaxTime:443.089s
iter65		 Improve solution by repack 0.5567737167428111->0.5563558183284063 , unplacedBoxesSize:5
currentRepackCostTime:7.745s , currentRepackMaxTime:443.089s
iter70		 Improve solution by repack 0.5563558183284063->0.5545350712174146 , unplacedBoxesSize:5
currentRepackCostTime:7.817s , currentRepackMaxTime:443.089s
iter84		 Improve solution by repack 0.5545350712174146->0.5530435366836872 , unplacedBoxesSize:5
currentRepackCostTime:8.088000000000001s , currentRepackMaxTime:443.089s
Selecting boards with low utilization for repacking...
iter2		 Improve solution by repack 0.9719927438860522->0.9607981725342649 , unplacedBoxesSize:16
currentRepackCostTime:9.1s , currentRepackMaxTime:443.089s
iter3		 Improve solution by repack 0.9607981725342649->0.5619517602794948 , unplacedBoxesSize:9
currentRepackCostTime:9.119s , currentRepackMaxTime:443.089s
iter4		 Improve solution by repack 0.5619517602794948->0.5497695511959151 , unplacedBoxesSize:9
currentRepackCostTime:9.139s , currentRepackMaxTime:443.089s
iter9		 Improve solution by repack 0.5497695511959151->0.5467433149690943 , unplacedBoxesSize:9
currentRepackCostTime:9.265s , currentRepackMaxTime:443.089s
iter10		 Improve solution by repack 0.5467433149690943->0.5455447124428917 , unplacedBoxesSize:6
currentRepackCostTime:9.290000000000001s , currentRepackMaxTime:443.089s
iter24		 Improve solution by repack 0.5455447124428917->0.5450858304219296 , unplacedBoxesSize:8
currentRepackCostTime:9.594s , currentRepackMaxTime:443.089s
iter32		 Improve solution by repack 0.5450858304219296->0.5409614350980919 , unplacedBoxesSize:9
currentRepackCostTime:9.725s , currentRepackMaxTime:443.089s
iter43		 Improve solution by repack 0.5409614350980919->0.5390520021499596 , unplacedBoxesSize:9
currentRepackCostTime:9.974s , currentRepackMaxTime:443.089s
iter48		 Improve solution by repack 0.5390520021499596->0.5356167696855684 , unplacedBoxesSize:11
currentRepackCostTime:10.104000000000001s , currentRepackMaxTime:443.089s
iter49		 Improve solution by repack 0.5356167696855684->0.530462241332975 , unplacedBoxesSize:9
currentRepackCostTime:10.125s , currentRepackMaxTime:443.089s
iter51		 Improve solution by repack 0.530462241332975->0.527272910507928 , unplacedBoxesSize:9
currentRepackCostTime:10.155s , currentRepackMaxTime:443.089s
iter59		 Improve solution by repack 0.527272910507928->0.5264350980919108 , unplacedBoxesSize:9
currentRepackCostTime:10.343s , currentRepackMaxTime:443.089s
iter66		 Improve solution by repack 0.5264350980919108->0.5114895189465197 , unplacedBoxesSize:10
currentRepackCostTime:10.558s , currentRepackMaxTime:443.089s
iter68		 Improve solution by repack 0.5114895189465197->0.5107296425692018 , unplacedBoxesSize:9
currentRepackCostTime:10.626s , currentRepackMaxTime:443.089s
Selecting boards with low utilization for repacking...
iter2		 Improve solution by repack 0.9740854273044881->0.5359083579682881 , unplacedBoxesSize:11
currentRepackCostTime:12.11s , currentRepackMaxTime:443.089s
iter4		 Improve solution by repack 0.5359083579682881->0.5356208008599839 , unplacedBoxesSize:8
currentRepackCostTime:12.182s , currentRepackMaxTime:443.089s
iter9		 Improve solution by repack 0.5356208008599839->0.5354736629938189 , unplacedBoxesSize:9
currentRepackCostTime:12.281s , currentRepackMaxTime:443.089s
iter19		 Improve solution by repack 0.5354736629938189->0.5326693093254502 , unplacedBoxesSize:8
currentRepackCostTime:12.437s , currentRepackMaxTime:443.089s
iter21		 Improve solution by repack 0.5326693093254502->0.5226269819940876 , unplacedBoxesSize:9
currentRepackCostTime:12.51s , currentRepackMaxTime:443.089s
iter28		 Improve solution by repack 0.5226269819940876->0.5208223595807578 , unplacedBoxesSize:9
currentRepackCostTime:12.71s , currentRepackMaxTime:443.089s
iter32		 Improve solution by repack 0.5208223595807578->0.5204642569201827 , unplacedBoxesSize:10
currentRepackCostTime:12.790000000000001s , currentRepackMaxTime:443.089s
iter36		 Improve solution by repack 0.5204642569201827->0.5115600644987907 , unplacedBoxesSize:9
currentRepackCostTime:12.907s , currentRepackMaxTime:443.089s
iter49		 Improve solution by repack 0.5115600644987907->0.509862772104273 , unplacedBoxesSize:6
currentRepackCostTime:13.166s , currentRepackMaxTime:443.089s
iter55		 Improve solution by repack 0.509862772104273->0.5085212308519216 , unplacedBoxesSize:6
currentRepackCostTime:13.315s , currentRepackMaxTime:443.089s
iter94		 Improve solution by repack 0.5085212308519216->0.5065311744154797 , unplacedBoxesSize:9
currentRepackCostTime:14.027000000000001s , currentRepackMaxTime:443.089s
iter100		 Improve solution by repack 0.5065311744154797->0.505844531040043 , unplacedBoxesSize:9
currentRepackCostTime:14.201s , currentRepackMaxTime:443.089s
iter105		 Improve solution by repack 0.505844531040043->0.49835057780166625 , unplacedBoxesSize:7
currentRepackCostTime:14.306000000000001s , currentRepackMaxTime:443.089s
iter110		 Improve solution by repack 0.49835057780166625->0.493617979037893 , unplacedBoxesSize:8
currentRepackCostTime:14.405000000000001s , currentRepackMaxTime:443.089s
iter113		 Improve solution by repack 0.493617979037893->0.49007927976350446 , unplacedBoxesSize:8
currentRepackCostTime:14.487s , currentRepackMaxTime:443.089s
Selecting boards with low utilization for repacking...
iter2		 Improve solution by repack 0.9848535339962375->0.9826834184359042 , unplacedBoxesSize:12
currentRepackCostTime:15.978s , currentRepackMaxTime:443.089s
iter4		 Improve solution by repack 0.9826834184359042->0.502685434023112 , unplacedBoxesSize:8
currentRepackCostTime:16.034s , currentRepackMaxTime:443.089s
iter27		 Improve solution by repack 0.502685434023112->0.5002183552808385 , unplacedBoxesSize:8
currentRepackCostTime:16.623s , currentRepackMaxTime:443.089s
iter64		 Improve solution by repack 0.5002183552808385->0.4997910507927976 , unplacedBoxesSize:9
currentRepackCostTime:17.507s , currentRepackMaxTime:443.089s
iter78		 Improve solution by repack 0.4997910507927976->0.49928631416285946 , unplacedBoxesSize:9
currentRepackCostTime:17.784s , currentRepackMaxTime:443.089s
iter103		 Improve solution by repack 0.49928631416285946->0.4958067387798979 , unplacedBoxesSize:8
currentRepackCostTime:18.417s , currentRepackMaxTime:443.089s
iter121		 Improve solution by repack 0.4958067387798979->0.4927391830153185 , unplacedBoxesSize:7
currentRepackCostTime:18.782s , currentRepackMaxTime:443.089s
Selecting boards with low utilization for repacking...
iter3		 Improve solution by repack 0.9864592851384038->0.9848150698736898 , unplacedBoxesSize:18
currentRepackCostTime:20.184s , currentRepackMaxTime:443.089s
iter6		 Improve solution by repack 0.9848150698736898->0.5035763235689331 , unplacedBoxesSize:8
currentRepackCostTime:20.285s , currentRepackMaxTime:443.089s
iter9		 Improve solution by repack 0.5035763235689331->0.49835242542327335 , unplacedBoxesSize:8
currentRepackCostTime:20.35s , currentRepackMaxTime:443.089s
Selecting boards with low utilization for repacking...
iter5		 Improve solution by repack 0.987932007524859->0.49835242542327335 , unplacedBoxesSize:8
currentRepackCostTime:22.256s , currentRepackMaxTime:443.089s
Selecting boards with low utilization for repacking...
iter1		 Improve solution by repack 0.9920115560333244->0.9878567589357701 , unplacedBoxesSize:14
currentRepackCostTime:24.229s , currentRepackMaxTime:443.089s
iter2		 Improve solution by repack 0.9878567589357701->0.9798392569201827 , unplacedBoxesSize:13
currentRepackCostTime:24.238s , currentRepackMaxTime:443.089s
iter9		 Improve solution by repack 0.9798392569201827->0.5539839760816985 , unplacedBoxesSize:8
currentRepackCostTime:24.403000000000002s , currentRepackMaxTime:443.089s
iter10		 Improve solution by repack 0.5539839760816985->0.5344433619994625 , unplacedBoxesSize:7
currentRepackCostTime:24.423000000000002s , currentRepackMaxTime:443.089s
iter17		 Improve solution by repack 0.5344433619994625->0.5268556839559259 , unplacedBoxesSize:9
currentRepackCostTime:24.576s , currentRepackMaxTime:443.089s
iter18		 Improve solution by repack 0.5268556839559259->0.5120337274926096 , unplacedBoxesSize:12
currentRepackCostTime:24.614s , currentRepackMaxTime:443.089s
iter21		 Improve solution by repack 0.5120337274926096->0.5077584990593926 , unplacedBoxesSize:9
currentRepackCostTime:24.678s , currentRepackMaxTime:443.089s
iter29		 Improve solution by repack 0.5077584990593926->0.5033235353399624 , unplacedBoxesSize:9
currentRepackCostTime:24.885s , currentRepackMaxTime:443.089s
iter41		 Improve solution by repack 0.5033235353399624->0.5020469967750605 , unplacedBoxesSize:9
currentRepackCostTime:25.153000000000002s , currentRepackMaxTime:443.089s
iter46		 Improve solution by repack 0.5020469967750605->0.5019724200483741 , unplacedBoxesSize:6
currentRepackCostTime:25.293s , currentRepackMaxTime:443.089s
Selecting boards with low utilization for repacking...
Completed repack sweep without reducing board count. No-reduction sweeps: 1/3
Selecting boards with low utilization for repacking...
iter16		 Improve solution by repack 0.5019724200483741->0.5016566447191615 , unplacedBoxesSize:9
currentRepackCostTime:27.46s , currentRepackMaxTime:443.089s
iter22		 Improve solution by repack 0.5016566447191615->0.5005319470572427 , unplacedBoxesSize:9
currentRepackCostTime:27.577s , currentRepackMaxTime:443.089s
iter64		 Improve solution by repack 0.5005319470572427->0.4995488443966675 , unplacedBoxesSize:9
currentRepackCostTime:28.645s , currentRepackMaxTime:443.089s
Selecting boards with low utilization for repacking...
iter2		 Improve solution by repack 0.9766951088417093->0.5035968153722118 , unplacedBoxesSize:7
currentRepackCostTime:30.336000000000002s , currentRepackMaxTime:443.089s
iter17		 Improve solution by repack 0.5035968153722118->0.4975018476216071 , unplacedBoxesSize:9
currentRepackCostTime:30.709s , currentRepackMaxTime:443.089s
Selecting boards with low utilization for repacking...
iter3		 Improve solution by repack 0.9812980381617845->0.5200784399355012 , unplacedBoxesSize:10
currentRepackCostTime:32.452s , currentRepackMaxTime:443.089s
iter10		 Improve solution by repack 0.5200784399355012->0.5191183485622144 , unplacedBoxesSize:13
currentRepackCostTime:32.654s , currentRepackMaxTime:443.089s
iter21		 Improve solution by repack 0.5191183485622144->0.5144529360386992 , unplacedBoxesSize:12
currentRepackCostTime:32.928s , currentRepackMaxTime:443.089s
iter24		 Improve solution by repack 0.5144529360386992->0.5115397406611126 , unplacedBoxesSize:13
currentRepackCostTime:33.003s , currentRepackMaxTime:443.089s
iter25		 Improve solution by repack 0.5115397406611126->0.5071786818059661 , unplacedBoxesSize:11
currentRepackCostTime:33.029s , currentRepackMaxTime:443.089s
Selecting boards with low utilization for repacking...
iter2		 Improve solution by repack 0.9837442891695781->0.5071786818059661 , unplacedBoxesSize:11
currentRepackCostTime:34.68s , currentRepackMaxTime:443.089s
Selecting boards with low utilization for repacking...
iter4		 Improve solution by repack 0.9844099368449342->0.9813131550658426 , unplacedBoxesSize:16
currentRepackCostTime:36.917s , currentRepackMaxTime:443.089s
iter7		 Improve solution by repack 0.9813131550658426->0.9759437987100242 , unplacedBoxesSize:15
currentRepackCostTime:36.968s , currentRepackMaxTime:443.089s
iter9		 Improve solution by repack 0.9759437987100242->0.532117710292932 , unplacedBoxesSize:10
currentRepackCostTime:37.031s , currentRepackMaxTime:443.089s
iter11		 Improve solution by repack 0.532117710292932->0.5317031711905402 , unplacedBoxesSize:10
currentRepackCostTime:37.085s , currentRepackMaxTime:443.089s
iter14		 Improve solution by repack 0.5317031711905402->0.5275629871002419 , unplacedBoxesSize:8
currentRepackCostTime:37.126s , currentRepackMaxTime:443.089s
iter17		 Improve solution by repack 0.5275629871002419->0.5219482330018812 , unplacedBoxesSize:9
currentRepackCostTime:37.204s , currentRepackMaxTime:443.089s
iter34		 Improve solution by repack 0.5219482330018812->0.5062093523246439 , unplacedBoxesSize:11
currentRepackCostTime:37.597s , currentRepackMaxTime:443.089s
iter38		 Improve solution by repack 0.5062093523246439->0.5061509002956195 , unplacedBoxesSize:11
currentRepackCostTime:37.706s , currentRepackMaxTime:443.089s
iter45		 Improve solution by repack 0.5061509002956195->0.5049677506046761 , unplacedBoxesSize:10
currentRepackCostTime:37.909s , currentRepackMaxTime:443.089s
iter46		 Improve solution by repack 0.5049677506046761->0.5021761623219565 , unplacedBoxesSize:10
currentRepackCostTime:37.929s , currentRepackMaxTime:443.089s
Selecting boards with low utilization for repacking...
iter1		 Improve solution by repack 0.9848535339962375->0.52254686240258 , unplacedBoxesSize:10
currentRepackCostTime:40.09s , currentRepackMaxTime:443.089s
iter28		 Improve solution by repack 0.52254686240258->0.5199655670518678 , unplacedBoxesSize:11
currentRepackCostTime:40.703s , currentRepackMaxTime:443.089s
iter33		 Improve solution by repack 0.5199655670518678->0.5146854004299919 , unplacedBoxesSize:10
currentRepackCostTime:40.800000000000004s , currentRepackMaxTime:443.089s
iter46		 Improve solution by repack 0.5146854004299919->0.5125114216608438 , unplacedBoxesSize:8
currentRepackCostTime:41.128s , currentRepackMaxTime:443.089s
iter62		 Improve solution by repack 0.5125114216608438->0.5092287019618382 , unplacedBoxesSize:8
currentRepackCostTime:41.504s , currentRepackMaxTime:443.089s
Selecting boards with low utilization for repacking...
iter5		 Improve solution by repack 0.9821015855952702->0.9808853466809998 , unplacedBoxesSize:12
currentRepackCostTime:43.098s , currentRepackMaxTime:443.089s
iter6		 Improve solution by repack 0.9808853466809998->0.9710034264982531 , unplacedBoxesSize:12
currentRepackCostTime:43.125s , currentRepackMaxTime:443.089s
iter7		 Improve solution by repack 0.9710034264982531->0.5537332034399355 , unplacedBoxesSize:7
currentRepackCostTime:43.13s , currentRepackMaxTime:443.089s
iter8		 Improve solution by repack 0.5537332034399355->0.525508599838753 , unplacedBoxesSize:5
currentRepackCostTime:43.160000000000004s , currentRepackMaxTime:443.089s
iter12		 Improve solution by repack 0.525508599838753->0.522029696318194 , unplacedBoxesSize:4
currentRepackCostTime:43.264s , currentRepackMaxTime:443.089s
iter14		 Improve solution by repack 0.522029696318194->0.520353399623757 , unplacedBoxesSize:5
currentRepackCostTime:43.302s , currentRepackMaxTime:443.089s
iter45		 Improve solution by repack 0.520353399623757->0.5186811341037355 , unplacedBoxesSize:9
currentRepackCostTime:43.904s , currentRepackMaxTime:443.089s
iter50		 Improve solution by repack 0.5186811341037355->0.5118778554152109 , unplacedBoxesSize:9
currentRepackCostTime:44.016s , currentRepackMaxTime:443.089s
iter53		 Improve solution by repack 0.5118778554152109->0.5086938994893846 , unplacedBoxesSize:8
currentRepackCostTime:44.081s , currentRepackMaxTime:443.089s
Selecting boards with low utilization for repacking...
iter3		 Improve solution by repack 0.9821069604944908->0.5086938994893846 , unplacedBoxesSize:8
currentRepackCostTime:46.1s , currentRepackMaxTime:443.089s
Selecting boards with low utilization for repacking...
iter2		 Improve solution by repack 0.9890567051867777->0.9844099368449342 , unplacedBoxesSize:14
currentRepackCostTime:48.262s , currentRepackMaxTime:443.089s
iter3		 Improve solution by repack 0.9844099368449342->0.5268388873958613 , unplacedBoxesSize:7
currentRepackCostTime:48.294000000000004s , currentRepackMaxTime:443.089s
iter5		 Improve solution by repack 0.5268388873958613->0.5263880677237301 , unplacedBoxesSize:8
currentRepackCostTime:48.349000000000004s , currentRepackMaxTime:443.089s
iter10		 Improve solution by repack 0.5263880677237301->0.5262261488847084 , unplacedBoxesSize:7
currentRepackCostTime:48.484s , currentRepackMaxTime:443.089s
iter12		 Improve solution by repack 0.5262261488847084->0.5188907551733405 , unplacedBoxesSize:7
currentRepackCostTime:48.516s , currentRepackMaxTime:443.089s
iter17		 Improve solution by repack 0.5188907551733405->0.513509641225477 , unplacedBoxesSize:7
currentRepackCostTime:48.642s , currentRepackMaxTime:443.089s
iter33		 Improve solution by repack 0.513509641225477->0.5116002082773448 , unplacedBoxesSize:7
currentRepackCostTime:49.024s , currentRepackMaxTime:443.089s
iter37		 Improve solution by repack 0.5116002082773448->0.5115417562483203 , unplacedBoxesSize:7
currentRepackCostTime:49.101s , currentRepackMaxTime:443.089s
iter39		 Improve solution by repack 0.5115417562483203->0.5102002149959688 , unplacedBoxesSize:7
currentRepackCostTime:49.139s , currentRepackMaxTime:443.089s
iter45		 Improve solution by repack 0.5102002149959688->0.5080576457941414 , unplacedBoxesSize:7
currentRepackCostTime:49.259s , currentRepackMaxTime:443.089s
iter46		 Improve solution by repack 0.5080576457941414->0.5063430529427574 , unplacedBoxesSize:7
currentRepackCostTime:49.284s , currentRepackMaxTime:443.089s
iter78		 Improve solution by repack 0.5063430529427574->0.5043751679656007 , unplacedBoxesSize:7
currentRepackCostTime:50.023s , currentRepackMaxTime:443.089s
iter82		 Improve solution by repack 0.5043751679656007->0.5030413531308788 , unplacedBoxesSize:6
currentRepackCostTime:50.101s , currentRepackMaxTime:443.089s
iter108		 Improve solution by repack 0.5030413531308788->0.5026375638269283 , unplacedBoxesSize:6
currentRepackCostTime:50.61s , currentRepackMaxTime:443.089s
Selecting boards with low utilization for repacking...
iter1		 Improve solution by repack 0.9908075786079011->0.9850611394786347 , unplacedBoxesSize:17
currentRepackCostTime:52.119s , currentRepackMaxTime:443.089s
iter3		 Improve solution by repack 0.9850611394786347->0.5461267132491265 , unplacedBoxesSize:8
currentRepackCostTime:52.175000000000004s , currentRepackMaxTime:443.089s
iter9		 Improve solution by repack 0.5461267132491265->0.5418795350712174 , unplacedBoxesSize:13
currentRepackCostTime:52.342s , currentRepackMaxTime:443.089s
iter17		 Improve solution by repack 0.5418795350712174->0.5405035608707337 , unplacedBoxesSize:13
currentRepackCostTime:52.534s , currentRepackMaxTime:443.089s
iter18		 Improve solution by repack 0.5405035608707337->0.53912758667025 , unplacedBoxesSize:13
currentRepackCostTime:52.557s , currentRepackMaxTime:443.089s
iter20		 Improve solution by repack 0.53912758667025->0.5378228298844396 , unplacedBoxesSize:10
currentRepackCostTime:52.605000000000004s , currentRepackMaxTime:443.089s
iter22		 Improve solution by repack 0.5378228298844396->0.5292809392636388 , unplacedBoxesSize:11
currentRepackCostTime:52.657000000000004s , currentRepackMaxTime:443.089s
iter43		 Improve solution by repack 0.5292809392636388->0.5264310669174953 , unplacedBoxesSize:10
currentRepackCostTime:53.18s , currentRepackMaxTime:443.089s
iter62		 Improve solution by repack 0.5264310669174953->0.5254373824240796 , unplacedBoxesSize:11
currentRepackCostTime:53.657000000000004s , currentRepackMaxTime:443.089s
iter64		 Improve solution by repack 0.5254373824240796->0.5184478298844397 , unplacedBoxesSize:12
currentRepackCostTime:53.72s , currentRepackMaxTime:443.089s
iter70		 Improve solution by repack 0.5184478298844397->0.5175710494490728 , unplacedBoxesSize:11
currentRepackCostTime:53.826s , currentRepackMaxTime:443.089s
Selecting boards with low utilization for repacking...
Completed repack sweep without reducing board count. No-reduction sweeps: 2/3
Selecting boards with low utilization for repacking...
Selecting boards with low utilization for repacking...
iter3		 Improve solution by repack 0.9730581496909434->0.5275097420048374 , unplacedBoxesSize:8
currentRepackCostTime:56.751s , currentRepackMaxTime:443.089s
iter19		 Improve solution by repack 0.5275097420048374->0.5274539774254233 , unplacedBoxesSize:8
currentRepackCostTime:57.097s , currentRepackMaxTime:443.089s
iter27		 Improve solution by repack 0.5274539774254233->0.5243405670518677 , unplacedBoxesSize:8
currentRepackCostTime:57.264s , currentRepackMaxTime:443.089s
iter47		 Improve solution by repack 0.5243405670518677->0.5230882155334587 , unplacedBoxesSize:8
currentRepackCostTime:57.705s , currentRepackMaxTime:443.089s
iter48		 Improve solution by repack 0.5230882155334587->0.5179983539371137 , unplacedBoxesSize:9
currentRepackCostTime:57.727000000000004s , currentRepackMaxTime:443.089s
iter60		 Improve solution by repack 0.5179983539371137->0.5118098293469497 , unplacedBoxesSize:9
currentRepackCostTime:58.027s , currentRepackMaxTime:443.089s
iter64		 Improve solution by repack 0.5118098293469497->0.5112199341574846 , unplacedBoxesSize:8
currentRepackCostTime:58.13s , currentRepackMaxTime:443.089s
iter66		 Improve solution by repack 0.5112199341574846->0.510430999731255 , unplacedBoxesSize:8
currentRepackCostTime:58.19s , currentRepackMaxTime:443.089s
iter74		 Improve solution by repack 0.510430999731255->0.5084422870196184 , unplacedBoxesSize:8
currentRepackCostTime:58.327s , currentRepackMaxTime:443.089s
iter86		 Improve solution by repack 0.5084422870196184->0.5073175893576995 , unplacedBoxesSize:8
currentRepackCostTime:58.645s , currentRepackMaxTime:443.089s
iter111		 Improve solution by repack 0.5073175893576995->0.506833848427842 , unplacedBoxesSize:8
currentRepackCostTime:59.21s , currentRepackMaxTime:443.089s
Selecting boards with low utilization for repacking...
iter1		 Improve solution by repack 0.9718630744423541->0.5184978836334319 , unplacedBoxesSize:8
currentRepackCostTime:60.835s , currentRepackMaxTime:443.089s
iter2		 Improve solution by repack 0.5184978836334319->0.5166893980112873 , unplacedBoxesSize:8
currentRepackCostTime:60.849000000000004s , currentRepackMaxTime:443.089s
iter12		 Improve solution by repack 0.5166893980112873->0.5162412657887665 , unplacedBoxesSize:8
currentRepackCostTime:61.079s , currentRepackMaxTime:443.089s
iter34		 Improve solution by repack 0.5162412657887665->0.5122423407686106 , unplacedBoxesSize:9
currentRepackCostTime:61.515s , currentRepackMaxTime:443.089s
iter46		 Improve solution by repack 0.5122423407686106->0.4969371472722387 , unplacedBoxesSize:8
currentRepackCostTime:61.868s , currentRepackMaxTime:443.089s
iter77		 Improve solution by repack 0.4969371472722387->0.4955611730717549 , unplacedBoxesSize:8
currentRepackCostTime:62.498000000000005s , currentRepackMaxTime:443.089s
Selecting boards with low utilization for repacking...
iter4		 Improve solution by repack 0.9777485890889546->0.5093348562214459 , unplacedBoxesSize:7
currentRepackCostTime:64.029s , currentRepackMaxTime:443.089s
iter25		 Improve solution by repack 0.5093348562214459->0.5080059123891427 , unplacedBoxesSize:8
currentRepackCostTime:64.491s , currentRepackMaxTime:443.089s
iter68		 Improve solution by repack 0.5080059123891427->0.5021135111529158 , unplacedBoxesSize:8
currentRepackCostTime:65.46900000000001s , currentRepackMaxTime:443.089s
Selecting boards with low utilization for repacking...
iter3		 Improve solution by repack 0.9759849502821822->0.5160250940607364 , unplacedBoxesSize:8
currentRepackCostTime:67.156s , currentRepackMaxTime:443.089s
iter4		 Improve solution by repack 0.5160250940607364->0.5070155872077399 , unplacedBoxesSize:8
currentRepackCostTime:67.203s , currentRepackMaxTime:443.089s
iter24		 Improve solution by repack 0.5070155872077399->0.5047420048374093 , unplacedBoxesSize:7
currentRepackCostTime:67.637s , currentRepackMaxTime:443.089s
Selecting boards with low utilization for repacking...
iter5		 Improve solution by repack 0.9848535339962375->0.5047420048374093 , unplacedBoxesSize:7
currentRepackCostTime:69.18900000000001s , currentRepackMaxTime:443.089s
Selecting boards with low utilization for repacking...
iter1		 Improve solution by repack 0.9868825584520291->0.9809950282182209 , unplacedBoxesSize:12
currentRepackCostTime:71.027s , currentRepackMaxTime:443.089s
iter3		 Improve solution by repack 0.9809950282182209->0.5360561676968557 , unplacedBoxesSize:5
currentRepackCostTime:71.062s , currentRepackMaxTime:443.089s
iter4		 Improve solution by repack 0.5360561676968557->0.5356080354743349 , unplacedBoxesSize:5
currentRepackCostTime:71.06700000000001s , currentRepackMaxTime:443.089s
iter18		 Improve solution by repack 0.5356080354743349->0.5257303144316043 , unplacedBoxesSize:11
currentRepackCostTime:71.349s , currentRepackMaxTime:443.089s
iter23		 Improve solution by repack 0.5257303144316043->0.5153480247245364 , unplacedBoxesSize:10
currentRepackCostTime:71.512s , currentRepackMaxTime:443.089s
iter28		 Improve solution by repack 0.5153480247245364->0.5102761354474603 , unplacedBoxesSize:8
currentRepackCostTime:71.662s , currentRepackMaxTime:443.089s
iter37		 Improve solution by repack 0.5102761354474603->0.5047453641494222 , unplacedBoxesSize:10
currentRepackCostTime:71.837s , currentRepackMaxTime:443.089s
iter51		 Improve solution by repack 0.5047453641494222->0.5000033593120129 , unplacedBoxesSize:8
currentRepackCostTime:72.187s , currentRepackMaxTime:443.089s
iter53		 Improve solution by repack 0.5000033593120129->0.49747715667831227 , unplacedBoxesSize:9
currentRepackCostTime:72.236s , currentRepackMaxTime:443.089s
iter66		 Improve solution by repack 0.49747715667831227->0.49693160440741735 , unplacedBoxesSize:9
currentRepackCostTime:72.61s , currentRepackMaxTime:443.089s
iter68		 Improve solution by repack 0.49693160440741735->0.49419443697930665 , unplacedBoxesSize:8
currentRepackCostTime:72.656s , currentRepackMaxTime:443.089s
Selecting boards with low utilization for repacking...
iter2		 Improve solution by repack 0.9876088417092179->0.977957538296157 , unplacedBoxesSize:14
currentRepackCostTime:74.263s , currentRepackMaxTime:443.089s
iter6		 Improve solution by repack 0.977957538296157->0.4995532115022844 , unplacedBoxesSize:10
currentRepackCostTime:74.374s , currentRepackMaxTime:443.089s
iter13		 Improve solution by repack 0.4995532115022844->0.4981772373018006 , unplacedBoxesSize:10
currentRepackCostTime:74.583s , currentRepackMaxTime:443.089s
iter17		 Improve solution by repack 0.4981772373018006->0.4951632625638269 , unplacedBoxesSize:8
currentRepackCostTime:74.687s , currentRepackMaxTime:443.089s
Selecting boards with low utilization for repacking...
iter2		 Improve solution by repack 0.9844840096748186->0.9789522305831766 , unplacedBoxesSize:15
currentRepackCostTime:76.413s , currentRepackMaxTime:443.089s
iter5		 Improve solution by repack 0.9789522305831766->0.5107706261757592 , unplacedBoxesSize:8
currentRepackCostTime:76.543s , currentRepackMaxTime:443.089s
iter10		 Improve solution by repack 0.5107706261757592->0.5067844665412523 , unplacedBoxesSize:7
currentRepackCostTime:76.72800000000001s , currentRepackMaxTime:443.089s
iter13		 Improve solution by repack 0.5067844665412523->0.5045572426766998 , unplacedBoxesSize:9
currentRepackCostTime:76.79s , currentRepackMaxTime:443.089s
iter14		 Improve solution by repack 0.5045572426766998->0.503432545014781 , unplacedBoxesSize:9
currentRepackCostTime:76.796s , currentRepackMaxTime:443.089s
iter21		 Improve solution by repack 0.503432545014781->0.5020686643375437 , unplacedBoxesSize:9
currentRepackCostTime:76.933s , currentRepackMaxTime:443.089s
iter25		 Improve solution by repack 0.5020686643375437->0.5013027411986025 , unplacedBoxesSize:8
currentRepackCostTime:76.996s , currentRepackMaxTime:443.089s
iter29		 Improve solution by repack 0.5013027411986025->0.4994791386723999 , unplacedBoxesSize:8
currentRepackCostTime:77.07900000000001s , currentRepackMaxTime:443.089s
iter36		 Improve solution by repack 0.4994791386723999->0.49126041386724 , unplacedBoxesSize:11
currentRepackCostTime:77.20400000000001s , currentRepackMaxTime:443.089s
Selecting boards with low utilization for repacking...
iter5		 Improve solution by repack 0.9892186240257995->0.49126041386724 , unplacedBoxesSize:11
currentRepackCostTime:78.71900000000001s , currentRepackMaxTime:443.089s
Selecting boards with low utilization for repacking...
Completed repack sweep without reducing board count. No-reduction sweeps: 3/3
Global repack result: 10 -> 10 boards.
Start nesting on the 1th large board, remaining blocks count: 29
Utilization of the 1th large board: 96.52979709755442, Time taken for this board: 0.04s
-------------------------------------------------------------------
Start nesting on the 2th large board, remaining blocks count: 20
Utilization of the 2th large board: 95.02952835259339, Time taken for this board: 0.067s
-------------------------------------------------------------------
Start nesting on the 3th large board, remaining blocks count: 9
Utilization of the 3th large board: 83.19688927707605, Time taken for this board: 0.067s
-------------------------------------------------------------------
Start nesting on the 4th large board, remaining blocks count: 5
Utilization of the 4th large board: 79.6676296694437, Time taken for this board: 0.067s
-------------------------------------------------------------------
Start nesting on the 5th large board, remaining blocks count: 4
Utilization of the 5th large board: 58.21788497715667, Time taken for this board: 0.067s
-------------------------------------------------------------------
Start nesting on the 6th large board, remaining blocks count: 1
Utilization of the 6th large board: 22.024321418973393, Time taken for this board: 0.067s
-------------------------------------------------------------------
Start global repack optimization for 6 boards, time=512.925s.
Start improving solution by repacking.
Selecting boards with low utilization for repacking...
Selecting boards with low utilization for repacking...
iter2		 Improve solution by repack 0.5821788497715668->0.22024321418973394 , unplacedBoxesSize:1
currentRepackCostTime:0.051000000000000004s , currentRepackMaxTime:512.925s
Selecting boards with low utilization for repacking...
iter1		 Improve solution by repack 0.7297470438054287->0.5821788497715668 , unplacedBoxesSize:3
currentRepackCostTime:0.14400000000000002s , currentRepackMaxTime:512.925s
iter4		 Improve solution by repack 0.5821788497715668->0.22024321418973394 , unplacedBoxesSize:1
currentRepackCostTime:0.162s , currentRepackMaxTime:512.925s
Selecting boards with low utilization for repacking...
iter6		 Improve solution by repack 0.6346012496640688->0.5821788497715668 , unplacedBoxesSize:3
currentRepackCostTime:0.251s , currentRepackMaxTime:512.925s
iter9		 Improve solution by repack 0.5821788497715668->0.22024321418973394 , unplacedBoxesSize:1
currentRepackCostTime:0.264s , currentRepackMaxTime:512.925s
Selecting boards with low utilization for repacking...
iter1		 Improve solution by repack 0.7496331631281913->0.5821788497715668 , unplacedBoxesSize:3
currentRepackCostTime:0.352s , currentRepackMaxTime:512.925s
iter2		 Improve solution by repack 0.5821788497715668->0.22024321418973394 , unplacedBoxesSize:1
currentRepackCostTime:0.352s , currentRepackMaxTime:512.925s
Selecting boards with low utilization for repacking...
iter1		 Improve solution by repack 0.6914807847352862->0.22024321418973394 , unplacedBoxesSize:1
currentRepackCostTime:0.428s , currentRepackMaxTime:512.925s
Selecting boards with low utilization for repacking...
Completed repack sweep without reducing board count. No-reduction sweeps: 1/3
Selecting boards with low utilization for repacking...
Selecting boards with low utilization for repacking...
iter2		 Improve solution by repack 0.6914807847352862->0.5821788497715668 , unplacedBoxesSize:3
currentRepackCostTime:0.5680000000000001s , currentRepackMaxTime:512.925s
iter5		 Improve solution by repack 0.5821788497715668->0.22024321418973394 , unplacedBoxesSize:1
currentRepackCostTime:0.577s , currentRepackMaxTime:512.925s
Selecting boards with low utilization for repacking...
iter1		 Improve solution by repack 0.796676296694437->0.22024321418973394 , unplacedBoxesSize:1
currentRepackCostTime:0.657s , currentRepackMaxTime:512.925s
Selecting boards with low utilization for repacking...
iter1		 Improve solution by repack 0.8319688927707606->0.5821788497715668 , unplacedBoxesSize:3
currentRepackCostTime:0.732s , currentRepackMaxTime:512.925s
iter8		 Improve solution by repack 0.5821788497715668->0.22024321418973394 , unplacedBoxesSize:1
currentRepackCostTime:0.753s , currentRepackMaxTime:512.925s
Selecting boards with low utilization for repacking...
iter1		 Improve solution by repack 0.9096240929857565->0.7455102794947596 , unplacedBoxesSize:3
currentRepackCostTime:0.811s , currentRepackMaxTime:512.925s
iter2		 Improve solution by repack 0.7455102794947596->0.22024321418973394 , unplacedBoxesSize:1
currentRepackCostTime:0.811s , currentRepackMaxTime:512.925s
Selecting boards with low utilization for repacking...
iter1		 Improve solution by repack 0.9644037221177103->0.6346012496640688 , unplacedBoxesSize:2
currentRepackCostTime:0.894s , currentRepackMaxTime:512.925s
iter2		 Improve solution by repack 0.6346012496640688->0.5834352324643912 , unplacedBoxesSize:3
currentRepackCostTime:0.894s , currentRepackMaxTime:512.925s
iter3		 Improve solution by repack 0.5834352324643912->0.5821788497715668 , unplacedBoxesSize:3
currentRepackCostTime:0.906s , currentRepackMaxTime:512.925s
iter6		 Improve solution by repack 0.5821788497715668->0.22024321418973394 , unplacedBoxesSize:1
currentRepackCostTime:0.914s , currentRepackMaxTime:512.925s
Selecting boards with low utilization for repacking...
Completed repack sweep without reducing board count. No-reduction sweeps: 2/3
Selecting boards with low utilization for repacking...
Selecting boards with low utilization for repacking...
iter2		 Improve solution by repack 0.6295404461166353->0.22024321418973394 , unplacedBoxesSize:1
currentRepackCostTime:1.03s , currentRepackMaxTime:512.925s
Selecting boards with low utilization for repacking...
iter1		 Improve solution by repack 0.7112778822897071->0.5821788497715668 , unplacedBoxesSize:3
currentRepackCostTime:1.12s , currentRepackMaxTime:512.925s
iter3		 Improve solution by repack 0.5821788497715668->0.22024321418973394 , unplacedBoxesSize:1
currentRepackCostTime:1.129s , currentRepackMaxTime:512.925s
Selecting boards with low utilization for repacking...
iter2		 Improve solution by repack 0.796676296694437->0.7442538968019349 , unplacedBoxesSize:3
currentRepackCostTime:1.217s , currentRepackMaxTime:512.925s
iter3		 Improve solution by repack 0.7442538968019349->0.22024321418973394 , unplacedBoxesSize:1
currentRepackCostTime:1.218s , currentRepackMaxTime:512.925s
Selecting boards with low utilization for repacking...
iter1		 Improve solution by repack 0.7846667562483204->0.22024321418973394 , unplacedBoxesSize:1
currentRepackCostTime:1.287s , currentRepackMaxTime:512.925s
Selecting boards with low utilization for repacking...
iter1		 Improve solution by repack 0.9397655200214996->0.8118197393173878 , unplacedBoxesSize:3
currentRepackCostTime:1.377s , currentRepackMaxTime:512.925s
iter2		 Improve solution by repack 0.8118197393173878->0.6243288094598226 , unplacedBoxesSize:2
currentRepackCostTime:1.377s , currentRepackMaxTime:512.925s
iter3		 Improve solution by repack 0.6243288094598226->0.22024321418973394 , unplacedBoxesSize:1
currentRepackCostTime:1.377s , currentRepackMaxTime:512.925s
Selecting boards with low utilization for repacking...
Completed repack sweep without reducing board count. No-reduction sweeps: 3/3
Global repack result: 6 -> 6 boards.
