total number of nestable workpieces：278
Start priority-first combined packing.
Start nesting on the 1th large board, remaining blocks count: 120
Utilization of the 1th large board: 98.59647944101049, Time taken for this board: 0.9580000000000001s
-------------------------------------------------------------------
Start nesting on the 2th large board, remaining blocks count: 118
Utilization of the 2th large board: 97.9058048911583, Time taken for this board: 1.841s
-------------------------------------------------------------------
Start nesting on the 3th large board, remaining blocks count: 112
Utilization of the 3th large board: 97.79676162321957, Time taken for this board: 2.6470000000000002s
-------------------------------------------------------------------
Start nesting on the 4th large board, remaining blocks count: 108
Utilization of the 4th large board: 97.68382155334588, Time taken for this board: 3.399s
-------------------------------------------------------------------
Start nesting on the 5th large board, remaining blocks count: 100
Utilization of the 5th large board: 95.58142972319268, Time taken for this board: 3.95s
-------------------------------------------------------------------
Start nesting on the 6th large board, remaining blocks count: 92
Utilization of the 6th large board: 95.17461703843054, Time taken for this board: 4.357s
-------------------------------------------------------------------
Start nesting on the 7th large board, remaining blocks count: 86
Utilization of the 7th large board: 95.1914082235958, Time taken for this board: 4.74s
-------------------------------------------------------------------
Start nesting on the 8th large board, remaining blocks count: 78
Utilization of the 8th large board: 93.19987906476754, Time taken for this board: 5.014s
-------------------------------------------------------------------
Start nesting on the 9th large board, remaining blocks count: 77
Utilization of the 9th large board: 92.69766729373825, Time taken for this board: 5.269s
-------------------------------------------------------------------
Start nesting on the 10th large board, remaining blocks count: 69
Utilization of the 10th large board: 98.8689868314969, Time taken for this board: 5.533s
-------------------------------------------------------------------
Start nesting on the 11th large board, remaining blocks count: 61
Utilization of the 11th large board: 97.99321418973393, Time taken for this board: 5.646s
-------------------------------------------------------------------
Start nesting on the 12th large board, remaining blocks count: 54
Utilization of the 12th large board: 97.10746439129267, Time taken for this board: 5.724s
-------------------------------------------------------------------
Start nesting on the 13th large board, remaining blocks count: 49
Utilization of the 13th large board: 94.75732330018813, Time taken for this board: 5.7940000000000005s
-------------------------------------------------------------------
Start nesting on the 14th large board, remaining blocks count: 47
Utilization of the 14th large board: 94.40009406073635, Time taken for this board: 5.86s
-------------------------------------------------------------------
Start nesting on the 15th large board, remaining blocks count: 43
Utilization of the 15th large board: 92.75120935232465, Time taken for this board: 5.914s
-------------------------------------------------------------------
Start nesting on the 16th large board, remaining blocks count: 39
Utilization of the 16th large board: 91.99039236764311, Time taken for this board: 5.966s
-------------------------------------------------------------------
Start nesting on the 17th large board, remaining blocks count: 35
Utilization of the 17th large board: 91.98804084923408, Time taken for this board: 6.017s
-------------------------------------------------------------------
Start nesting on the 18th large board, remaining blocks count: 33
Utilization of the 18th large board: 91.51410911045417, Time taken for this board: 6.0600000000000005s
-------------------------------------------------------------------
Start nesting on the 19th large board, remaining blocks count: 29
Utilization of the 19th large board: 90.72272238645525, Time taken for this board: 6.0760000000000005s
-------------------------------------------------------------------
Start nesting on the 20th large board, remaining blocks count: 23
Utilization of the 20th large board: 89.7109647944101, Time taken for this board: 6.086s
-------------------------------------------------------------------
Start nesting on the 21th large board, remaining blocks count: 21
Utilization of the 21th large board: 88.51834184359043, Time taken for this board: 6.096s
-------------------------------------------------------------------
Start nesting on the 22th large board, remaining blocks count: 19
Utilization of the 22th large board: 87.35937919914001, Time taken for this board: 6.101s
-------------------------------------------------------------------
Start nesting on the 23th large board, remaining blocks count: 11
Utilization of the 23th large board: 90.04131953775867, Time taken for this board: 6.102s
-------------------------------------------------------------------
Start nesting on the 24th large board, remaining blocks count: 7
Utilization of the 24th large board: 85.64344262295081, Time taken for this board: 6.103s
-------------------------------------------------------------------
Start nesting on the 25th large board, remaining blocks count: 5
Utilization of the 25th large board: 85.62321956463316, Time taken for this board: 6.104s
-------------------------------------------------------------------
Start nesting on the 26th large board, remaining blocks count: 3
Utilization of the 26th large board: 43.81322225208278, Time taken for this board: 6.104s
-------------------------------------------------------------------
Start nesting on the 1th large board, remaining blocks count: 35
Utilization of the 1th large board: 90.67431470034936, Time taken for this board: 0.046s
-------------------------------------------------------------------
Start nesting on the 2th large board, remaining blocks count: 33
Utilization of the 2th large board: 90.21828809459824, Time taken for this board: 0.081s
-------------------------------------------------------------------
Start nesting on the 3th large board, remaining blocks count: 33
Utilization of the 3th large board: 90.04068126847622, Time taken for this board: 0.116s
-------------------------------------------------------------------
Start nesting on the 4th large board, remaining blocks count: 29
Utilization of the 4th large board: 87.98696586938995, Time taken for this board: 0.133s
-------------------------------------------------------------------
Start nesting on the 5th large board, remaining blocks count: 29
Utilization of the 5th large board: 91.71415614082235, Time taken for this board: 0.149s
-------------------------------------------------------------------
Start nesting on the 6th large board, remaining blocks count: 26
Utilization of the 6th large board: 94.36206664875033, Time taken for this board: 0.176s
-------------------------------------------------------------------
Start nesting on the 7th large board, remaining blocks count: 19
Utilization of the 7th large board: 92.91893980112873, Time taken for this board: 0.197s
-------------------------------------------------------------------
Start nesting on the 8th large board, remaining blocks count: 13
Utilization of the 8th large board: 92.88830287557109, Time taken for this board: 0.202s
-------------------------------------------------------------------
Start nesting on the 9th large board, remaining blocks count: 6
Utilization of the 9th large board: 82.46845606019887, Time taken for this board: 0.203s
-------------------------------------------------------------------
