total number of nestable workpieces：115
Start priority-first combined packing.
Start nesting on the 1th large board, remaining blocks count: 55
Utilization of the 1th large board: 98.10917764041923, Time taken for this board: 0.117s
-------------------------------------------------------------------
Start nesting on the 2th large board, remaining blocks count: 51
Utilization of the 2th large board: 95.72648481590971, Time taken for this board: 0.21s
-------------------------------------------------------------------
Start nesting on the 3th large board, remaining blocks count: 46
Utilization of the 3th large board: 92.47110991668906, Time taken for this board: 0.28500000000000003s
-------------------------------------------------------------------
Start nesting on the 4th large board, remaining blocks count: 46
Utilization of the 4th large board: 91.43321687718355, Time taken for this board: 0.334s
-------------------------------------------------------------------
Start nesting on the 5th large board, remaining blocks count: 38
Utilization of the 5th large board: 81.78500403117442, Time taken for this board: 0.356s
-------------------------------------------------------------------
Start nesting on the 6th large board, remaining blocks count: 35
Utilization of the 6th large board: 86.78742273582371, Time taken for this board: 0.372s
-------------------------------------------------------------------
Start nesting on the 7th large board, remaining blocks count: 32
Utilization of the 7th large board: 90.64849838753022, Time taken for this board: 0.382s
-------------------------------------------------------------------
Start nesting on the 8th large board, remaining blocks count: 24
Utilization of the 8th large board: 89.66789841440473, Time taken for this board: 0.386s
-------------------------------------------------------------------
Start nesting on the 9th large board, remaining blocks count: 14
Utilization of the 9th large board: 74.14683552808386, Time taken for this board: 0.387s
-------------------------------------------------------------------
Start nesting on the 10th large board, remaining blocks count: 8
Utilization of the 10th large board: 72.70931873152378, Time taken for this board: 0.387s
-------------------------------------------------------------------
Start nesting on the 11th large board, remaining blocks count: 2
Utilization of the 11th large board: 13.533458747648483, Time taken for this board: 0.388s
-------------------------------------------------------------------
Start global repack optimization for 11 boards, time=317.771s.
Start improving solution by repacking.
Selecting boards with low utilization for repacking...
iter51		 Improve solution by repack 0.1353345874764848->0.09052354877721043 , unplacedBoxesSize:1
currentRepackCostTime:0.10300000000000001s , currentRepackMaxTime:317.771s
Selecting boards with low utilization for repacking...
iter6		 Improve solution by repack 0.7270931873152379->0.09052354877721043 , unplacedBoxesSize:1
currentRepackCostTime:0.245s , currentRepackMaxTime:317.771s
Selecting boards with low utilization for repacking...
iter10		 Improve solution by repack 0.7270931873152379->0.09052354877721043 , unplacedBoxesSize:1
currentRepackCostTime:0.516s , currentRepackMaxTime:317.771s
Selecting boards with low utilization for repacking...
iter3		 Improve solution by repack 0.7344739317387798->0.09052354877721043 , unplacedBoxesSize:1
currentRepackCostTime:0.73s , currentRepackMaxTime:317.771s
Selecting boards with low utilization for repacking...
iter2		 Improve solution by repack 0.77882289707068->0.09052354877721043 , unplacedBoxesSize:1
currentRepackCostTime:0.9540000000000001s , currentRepackMaxTime:317.771s
Selecting boards with low utilization for repacking...
iter1		 Improve solution by repack 0.8696855683955925->0.8678742273582369 , unplacedBoxesSize:3
currentRepackCostTime:1.166s , currentRepackMaxTime:317.771s
iter2		 Improve solution by repack 0.8678742273582369->0.77882289707068 , unplacedBoxesSize:1
currentRepackCostTime:1.169s , currentRepackMaxTime:317.771s
iter5		 Improve solution by repack 0.77882289707068->0.7344739317387798 , unplacedBoxesSize:3
currentRepackCostTime:1.179s , currentRepackMaxTime:317.771s
iter6		 Improve solution by repack 0.7344739317387798->0.09052354877721043 , unplacedBoxesSize:1
currentRepackCostTime:1.179s , currentRepackMaxTime:317.771s
Selecting boards with low utilization for repacking...
iter1		 Improve solution by repack 0.8741205321150229->0.09052354877721043 , unplacedBoxesSize:1
currentRepackCostTime:1.3900000000000001s , currentRepackMaxTime:317.771s
Selecting boards with low utilization for repacking...
iter1		 Improve solution by repack 0.8794208546089761->0.8696855683955925 , unplacedBoxesSize:2
currentRepackCostTime:1.621s , currentRepackMaxTime:317.771s
iter2		 Improve solution by repack 0.8696855683955925->0.09052354877721043 , unplacedBoxesSize:1
currentRepackCostTime:1.622s , currentRepackMaxTime:317.771s
Selecting boards with low utilization for repacking...
iter1		 Improve solution by repack 0.876154931470035->0.7344739317387798 , unplacedBoxesSize:3
currentRepackCostTime:1.857s , currentRepackMaxTime:317.771s
iter2		 Improve solution by repack 0.7344739317387798->0.09052354877721043 , unplacedBoxesSize:1
currentRepackCostTime:1.858s , currentRepackMaxTime:317.771s
Selecting boards with low utilization for repacking...
iter1		 Improve solution by repack 0.8953869927438861->0.7344739317387798 , unplacedBoxesSize:3
currentRepackCostTime:2.08s , currentRepackMaxTime:317.771s
iter3		 Improve solution by repack 0.7344739317387798->0.7270931873152379 , unplacedBoxesSize:4
currentRepackCostTime:2.084s , currentRepackMaxTime:317.771s
iter15		 Improve solution by repack 0.7270931873152379->0.09052354877721043 , unplacedBoxesSize:1
currentRepackCostTime:2.108s , currentRepackMaxTime:317.771s
Selecting boards with low utilization for repacking...
iter1		 Improve solution by repack 0.9572648481590971->0.9184164203171191 , unplacedBoxesSize:5
currentRepackCostTime:2.3000000000000003s , currentRepackMaxTime:317.771s
iter2		 Improve solution by repack 0.9184164203171191->0.8944141359849503 , unplacedBoxesSize:4
currentRepackCostTime:2.306s , currentRepackMaxTime:317.771s
iter4		 Improve solution by repack 0.8944141359849503->0.8781063558183283 , unplacedBoxesSize:3
currentRepackCostTime:2.311s , currentRepackMaxTime:317.771s
iter5		 Improve solution by repack 0.8781063558183283->0.8725191480784734 , unplacedBoxesSize:3
currentRepackCostTime:2.314s , currentRepackMaxTime:317.771s
iter8		 Improve solution by repack 0.8725191480784734->0.8499106423004569 , unplacedBoxesSize:6
currentRepackCostTime:2.323s , currentRepackMaxTime:317.771s
iter11		 Improve solution by repack 0.8499106423004569->0.1353345874764848 , unplacedBoxesSize:1
currentRepackCostTime:2.33s , currentRepackMaxTime:317.771s
Selecting boards with low utilization for repacking...
Completed repack sweep without reducing board count. No-reduction sweeps: 1/3
Selecting boards with low utilization for repacking...
Selecting boards with low utilization for repacking...
iter2		 Improve solution by repack 0.8050996036011825->0.7849140016124697 , unplacedBoxesSize:6
currentRepackCostTime:2.6830000000000003s , currentRepackMaxTime:317.771s
iter3		 Improve solution by repack 0.7849140016124697->0.7194410104810536 , unplacedBoxesSize:5
currentRepackCostTime:2.69s , currentRepackMaxTime:317.771s
iter5		 Improve solution by repack 0.7194410104810536->0.7141682343456061 , unplacedBoxesSize:5
currentRepackCostTime:2.692s , currentRepackMaxTime:317.771s
iter13		 Improve solution by repack 0.7141682343456061->0.1353345874764848 , unplacedBoxesSize:1
currentRepackCostTime:2.724s , currentRepackMaxTime:317.771s
Selecting boards with low utilization for repacking...
iter1		 Improve solution by repack 0.7407840634238108->0.7141682343456061 , unplacedBoxesSize:5
currentRepackCostTime:2.9330000000000003s , currentRepackMaxTime:317.771s
iter10		 Improve solution by repack 0.7141682343456061->0.1353345874764848 , unplacedBoxesSize:1
currentRepackCostTime:2.963s , currentRepackMaxTime:317.771s
Selecting boards with low utilization for repacking...
iter3		 Improve solution by repack 0.8178500403117442->0.1353345874764848 , unplacedBoxesSize:1
currentRepackCostTime:3.182s , currentRepackMaxTime:317.771s
Selecting boards with low utilization for repacking...
iter1		 Improve solution by repack 0.8476162321956463->0.8178500403117442 , unplacedBoxesSize:2
currentRepackCostTime:3.43s , currentRepackMaxTime:317.771s
iter2		 Improve solution by repack 0.8178500403117442->0.1353345874764848 , unplacedBoxesSize:1
currentRepackCostTime:3.43s , currentRepackMaxTime:317.771s
Selecting boards with low utilization for repacking...
iter1		 Improve solution by repack 0.8633586401504972->0.8116494221983338 , unplacedBoxesSize:3
currentRepackCostTime:3.686s , currentRepackMaxTime:317.771s
iter2		 Improve solution by repack 0.8116494221983338->0.1353345874764848 , unplacedBoxesSize:1
currentRepackCostTime:3.689s , currentRepackMaxTime:317.771s
Selecting boards with low utilization for repacking...
iter1		 Improve solution by repack 0.8794208546089761->0.1353345874764848 , unplacedBoxesSize:1
currentRepackCostTime:3.918s , currentRepackMaxTime:317.771s
Selecting boards with low utilization for repacking...
iter1		 Improve solution by repack 0.8905885514646601->0.1353345874764848 , unplacedBoxesSize:1
currentRepackCostTime:4.1610000000000005s , currentRepackMaxTime:317.771s
Selecting boards with low utilization for repacking...
iter1		 Improve solution by repack 0.892629165546896->0.1353345874764848 , unplacedBoxesSize:1
currentRepackCostTime:4.4030000000000005s , currentRepackMaxTime:317.771s
Selecting boards with low utilization for repacking...
iter1		 Improve solution by repack 0.9203755710830422->0.7141682343456061 , unplacedBoxesSize:5
currentRepackCostTime:4.639s , currentRepackMaxTime:317.771s
iter2		 Improve solution by repack 0.7141682343456061->0.1353345874764848 , unplacedBoxesSize:1
currentRepackCostTime:4.641s , currentRepackMaxTime:317.771s
Selecting boards with low utilization for repacking...
iter1		 Improve solution by repack 0.9566769685568396->0.1353345874764848 , unplacedBoxesSize:1
currentRepackCostTime:4.876s , currentRepackMaxTime:317.771s
Selecting boards with low utilization for repacking...
Completed repack sweep without reducing board count. No-reduction sweeps: 2/3
Selecting boards with low utilization for repacking...
Selecting boards with low utilization for repacking...
iter1		 Improve solution by repack 0.7741165009406074->0.7141682343456061 , unplacedBoxesSize:5
currentRepackCostTime:5.226s , currentRepackMaxTime:317.771s
iter2		 Improve solution by repack 0.7141682343456061->0.1353345874764848 , unplacedBoxesSize:1
currentRepackCostTime:5.226s , currentRepackMaxTime:317.771s
Selecting boards with low utilization for repacking...
iter3		 Improve solution by repack 0.8178500403117442->0.77882289707068 , unplacedBoxesSize:1
currentRepackCostTime:5.463s , currentRepackMaxTime:317.771s
iter4		 Improve solution by repack 0.77882289707068->0.7141682343456061 , unplacedBoxesSize:5
currentRepackCostTime:5.464s , currentRepackMaxTime:317.771s
iter10		 Improve solution by repack 0.7141682343456061->0.1353345874764848 , unplacedBoxesSize:1
currentRepackCostTime:5.4750000000000005s , currentRepackMaxTime:317.771s
Selecting boards with low utilization for repacking...
iter2		 Improve solution by repack 0.77882289707068->0.1353345874764848 , unplacedBoxesSize:1
currentRepackCostTime:5.71s , currentRepackMaxTime:317.771s
Selecting boards with low utilization for repacking...
iter1		 Improve solution by repack 0.8794208546089761->0.7566245632894383 , unplacedBoxesSize:5
currentRepackCostTime:5.938s , currentRepackMaxTime:317.771s
iter3		 Improve solution by repack 0.7566245632894383->0.7188910911045419 , unplacedBoxesSize:4
currentRepackCostTime:5.945s , currentRepackMaxTime:317.771s
iter6		 Improve solution by repack 0.7188910911045419->0.1353345874764848 , unplacedBoxesSize:1
currentRepackCostTime:5.952s , currentRepackMaxTime:317.771s
Selecting boards with low utilization for repacking...
iter1		 Improve solution by repack 0.8844830018812146->0.8747067320612739 , unplacedBoxesSize:3
currentRepackCostTime:6.204s , currentRepackMaxTime:317.771s
iter2		 Improve solution by repack 0.8747067320612739->0.22585813625369525 , unplacedBoxesSize:2
currentRepackCostTime:6.206s , currentRepackMaxTime:317.771s
iter9		 Improve solution by repack 0.22585813625369525->0.14353668368718087 , unplacedBoxesSize:1
currentRepackCostTime:6.226s , currentRepackMaxTime:317.771s
iter10		 Improve solution by repack 0.14353668368718087->0.1353345874764848 , unplacedBoxesSize:1
currentRepackCostTime:6.232s , currentRepackMaxTime:317.771s
Selecting boards with low utilization for repacking...
iter1		 Improve solution by repack 0.8642963920988982->0.7294366433754367 , unplacedBoxesSize:4
currentRepackCostTime:6.457s , currentRepackMaxTime:317.771s
iter3		 Improve solution by repack 0.7294366433754367->0.7270931873152379 , unplacedBoxesSize:4
currentRepackCostTime:6.461s , currentRepackMaxTime:317.771s
iter5		 Improve solution by repack 0.7270931873152379->0.7165476350443429 , unplacedBoxesSize:4
currentRepackCostTime:6.4750000000000005s , currentRepackMaxTime:317.771s
iter9		 Improve solution by repack 0.7165476350443429->0.1353345874764848 , unplacedBoxesSize:1
currentRepackCostTime:6.481s , currentRepackMaxTime:317.771s
Selecting boards with low utilization for repacking...
iter1		 Improve solution by repack 0.8430156543939801->0.8199304622413329 , unplacedBoxesSize:3
currentRepackCostTime:6.7090000000000005s , currentRepackMaxTime:317.771s
iter2		 Improve solution by repack 0.8199304622413329->0.8154518274657351 , unplacedBoxesSize:5
currentRepackCostTime:6.714s , currentRepackMaxTime:317.771s
iter3		 Improve solution by repack 0.8154518274657351->0.8153418099973125 , unplacedBoxesSize:5
currentRepackCostTime:6.715s , currentRepackMaxTime:317.771s
iter4		 Improve solution by repack 0.8153418099973125->0.8097546022574577 , unplacedBoxesSize:5
currentRepackCostTime:6.7170000000000005s , currentRepackMaxTime:317.771s
iter5		 Improve solution by repack 0.8097546022574577->0.14353668368718087 , unplacedBoxesSize:1
currentRepackCostTime:6.7170000000000005s , currentRepackMaxTime:317.771s
iter9		 Improve solution by repack 0.14353668368718087->0.1353345874764848 , unplacedBoxesSize:1
currentRepackCostTime:6.726s , currentRepackMaxTime:317.771s
Selecting boards with low utilization for repacking...
iter1		 Improve solution by repack 0.8834369121203978->0.77882289707068 , unplacedBoxesSize:1
currentRepackCostTime:6.948s , currentRepackMaxTime:317.771s
iter3		 Improve solution by repack 0.77882289707068->0.1353345874764848 , unplacedBoxesSize:1
currentRepackCostTime:6.95s , currentRepackMaxTime:317.771s
Selecting boards with low utilization for repacking...
iter1		 Improve solution by repack 0.9201034668099973->0.7964230045686643 , unplacedBoxesSize:4
currentRepackCostTime:7.179s , currentRepackMaxTime:317.771s
iter2		 Improve solution by repack 0.7964230045686643->0.7811633297500671 , unplacedBoxesSize:5
currentRepackCostTime:7.18s , currentRepackMaxTime:317.771s
iter3		 Improve solution by repack 0.7811633297500671->0.7297510749798441 , unplacedBoxesSize:4
currentRepackCostTime:7.1850000000000005s , currentRepackMaxTime:317.771s
iter6		 Improve solution by repack 0.7297510749798441->0.7274076189196452 , unplacedBoxesSize:4
currentRepackCostTime:7.1930000000000005s , currentRepackMaxTime:317.771s
iter9		 Improve solution by repack 0.7274076189196452->0.1353345874764848 , unplacedBoxesSize:1
currentRepackCostTime:7.197s , currentRepackMaxTime:317.771s
Selecting boards with low utilization for repacking...
iter1		 Improve solution by repack 0.9403399623757054->0.8446869121203978 , unplacedBoxesSize:3
currentRepackCostTime:7.44s , currentRepackMaxTime:317.771s
iter2		 Improve solution by repack 0.8446869121203978->0.8341413598495028 , unplacedBoxesSize:3
currentRepackCostTime:7.45s , currentRepackMaxTime:317.771s
iter3		 Improve solution by repack 0.8341413598495028->0.7168620666487504 , unplacedBoxesSize:4
currentRepackCostTime:7.4510000000000005s , currentRepackMaxTime:317.771s
iter13		 Improve solution by repack 0.7168620666487504->0.1353345874764848 , unplacedBoxesSize:1
currentRepackCostTime:7.469s , currentRepackMaxTime:317.771s
Selecting boards with low utilization for repacking...
Completed repack sweep without reducing board count. No-reduction sweeps: 3/3
Global repack result: 11 -> 11 boards.
Start nesting on the 1th large board, remaining blocks count: 23
Utilization of the 1th large board: 89.07786885245902, Time taken for this board: 0.005s
-------------------------------------------------------------------
Start nesting on the 2th large board, remaining blocks count: 21
Utilization of the 2th large board: 90.17443227626983, Time taken for this board: 0.011s
-------------------------------------------------------------------
Start nesting on the 3th large board, remaining blocks count: 16
Utilization of the 3th large board: 85.68516527815103, Time taken for this board: 0.016s
-------------------------------------------------------------------
Start nesting on the 4th large board, remaining blocks count: 4
Utilization of the 4th large board: 19.55522708949207, Time taken for this board: 0.016s
-------------------------------------------------------------------
Start global repack optimization for 4 boards, time=591.915s.
Start improving solution by repacking.
Selecting boards with low utilization for repacking...
Selecting boards with low utilization for repacking...
iter2		 Improve solution by repack 0.8568516527815103->0.8556611126041386 , unplacedBoxesSize:7
currentRepackCostTime:0.013000000000000001s , currentRepackMaxTime:591.915s
iter4		 Improve solution by repack 0.8556611126041386->0.19555227089492072 , unplacedBoxesSize:3
currentRepackCostTime:0.016s , currentRepackMaxTime:591.915s
iter6		 Improve solution by repack 0.19555227089492072->0.1704696318194034 , unplacedBoxesSize:2
currentRepackCostTime:0.021s , currentRepackMaxTime:591.915s
iter7		 Improve solution by repack 0.1704696318194034->0.16752485890889546 , unplacedBoxesSize:2
currentRepackCostTime:0.021s , currentRepackMaxTime:591.915s
Selecting boards with low utilization for repacking...
iter3		 Improve solution by repack 0.8806886589626444->0.8768019349637194 , unplacedBoxesSize:4
currentRepackCostTime:0.042s , currentRepackMaxTime:591.915s
iter4		 Improve solution by repack 0.8768019349637194->0.2003977425423273 , unplacedBoxesSize:2
currentRepackCostTime:0.046s , currentRepackMaxTime:591.915s
iter10		 Improve solution by repack 0.2003977425423273->0.16752485890889546 , unplacedBoxesSize:2
currentRepackCostTime:0.055s , currentRepackMaxTime:591.915s
Selecting boards with low utilization for repacking...
iter1		 Improve solution by repack 0.8907786885245902->0.16752485890889546 , unplacedBoxesSize:2
currentRepackCostTime:0.067s , currentRepackMaxTime:591.915s
Selecting boards with low utilization for repacking...
Completed repack sweep without reducing board count. No-reduction sweeps: 1/3
Selecting boards with low utilization for repacking...
Selecting boards with low utilization for repacking...
iter2		 Improve solution by repack 0.8806886589626444->0.16752485890889546 , unplacedBoxesSize:2
currentRepackCostTime:0.098s , currentRepackMaxTime:591.915s
Selecting boards with low utilization for repacking...
iter1		 Improve solution by repack 0.8907786885245902->0.16752485890889546 , unplacedBoxesSize:2
currentRepackCostTime:0.115s , currentRepackMaxTime:591.915s
Selecting boards with low utilization for repacking...
iter2		 Improve solution by repack 0.9098214525665144->0.21320881483472184 , unplacedBoxesSize:3
currentRepackCostTime:0.14s , currentRepackMaxTime:591.915s
iter5		 Improve solution by repack 0.21320881483472184->0.19792260145122278 , unplacedBoxesSize:3
currentRepackCostTime:0.14400000000000002s , currentRepackMaxTime:591.915s
iter8		 Improve solution by repack 0.19792260145122278->0.19555227089492072 , unplacedBoxesSize:3
currentRepackCostTime:0.147s , currentRepackMaxTime:591.915s
Selecting boards with low utilization for repacking...
Completed repack sweep without reducing board count. No-reduction sweeps: 2/3
Selecting boards with low utilization for repacking...
Selecting boards with low utilization for repacking...
iter1		 Improve solution by repack 0.8567308855146466->0.8556611126041386 , unplacedBoxesSize:7
currentRepackCostTime:0.177s , currentRepackMaxTime:591.915s
iter2		 Improve solution by repack 0.8556611126041386->0.19555227089492072 , unplacedBoxesSize:3
currentRepackCostTime:0.179s , currentRepackMaxTime:591.915s
iter5		 Improve solution by repack 0.19555227089492072->0.16752485890889546 , unplacedBoxesSize:2
currentRepackCostTime:0.186s , currentRepackMaxTime:591.915s
Selecting boards with low utilization for repacking...
iter1		 Improve solution by repack 0.8907786885245902->0.8836885245901639 , unplacedBoxesSize:8
currentRepackCostTime:0.197s , currentRepackMaxTime:591.915s
iter4		 Improve solution by repack 0.8836885245901639->0.19555227089492072 , unplacedBoxesSize:3
currentRepackCostTime:0.201s , currentRepackMaxTime:591.915s
Selecting boards with low utilization for repacking...
iter1		 Improve solution by repack 0.8907786885245902->0.8800342649825316 , unplacedBoxesSize:3
currentRepackCostTime:0.217s , currentRepackMaxTime:591.915s
iter2		 Improve solution by repack 0.8800342649825316->0.19555227089492072 , unplacedBoxesSize:3
currentRepackCostTime:0.217s , currentRepackMaxTime:591.915s
Selecting boards with low utilization for repacking...
Completed repack sweep without reducing board count. No-reduction sweeps: 3/3
Global repack result: 4 -> 4 boards.
