total number of nestable workpieces：524
Processing color group: 0 (1/2), boxes: 301
Allocated time: 344.7s
searchTime: 1000
Start nesting on the 1th large board, remaining blocks count: 375
Utilization of the 1th large board: 99.59068462778824, Time taken for this board: 1.002s
-------------------------------------------------------------------
Start nesting on the 2th large board, remaining blocks count: 350
Utilization of the 2th large board: 99.5887026337006, Time taken for this board: 2.004s
-------------------------------------------------------------------
Start nesting on the 3th large board, remaining blocks count: 330
Utilization of the 3th large board: 99.45085326525127, Time taken for this board: 3.005s
-------------------------------------------------------------------
Start nesting on the 4th large board, remaining blocks count: 307
Utilization of the 4th large board: 99.660675893577, Time taken for this board: 4.005s
-------------------------------------------------------------------
Start nesting on the 5th large board, remaining blocks count: 285
Utilization of the 5th large board: 99.63585057780166, Time taken for this board: 5.007s
-------------------------------------------------------------------
Start nesting on the 6th large board, remaining blocks count: 267
Utilization of the 6th large board: 99.48286750873422, Time taken for this board: 6.007000000000001s
-------------------------------------------------------------------
Start nesting on the 7th large board, remaining blocks count: 253
Utilization of the 7th large board: 99.23693227626983, Time taken for this board: 7.01s
-------------------------------------------------------------------
Start nesting on the 8th large board, remaining blocks count: 227
Utilization of the 8th large board: 99.42092179521634, Time taken for this board: 8.012s
-------------------------------------------------------------------
Start nesting on the 9th large board, remaining blocks count: 209
Utilization of the 9th large board: 99.18225947325988, Time taken for this board: 9.012s
-------------------------------------------------------------------
Start nesting on the 10th large board, remaining blocks count: 184
Utilization of the 10th large board: 99.5015116904058, Time taken for this board: 10.014s
-------------------------------------------------------------------
Start nesting on the 11th large board, remaining blocks count: 168
Utilization of the 11th large board: 99.28836334318731, Time taken for this board: 11.015s
-------------------------------------------------------------------
Start nesting on the 12th large board, remaining blocks count: 148
Utilization of the 12th large board: 99.21150228433217, Time taken for this board: 12.018s
-------------------------------------------------------------------
Start nesting on the 13th large board, remaining blocks count: 126
Utilization of the 13th large board: 98.72150547567858, Time taken for this board: 13.019s
-------------------------------------------------------------------
Start nesting on the 14th large board, remaining blocks count: 98
Utilization of the 14th large board: 98.39152781510346, Time taken for this board: 14.019s
-------------------------------------------------------------------
Start nesting on the 15th large board, remaining blocks count: 50
Utilization of the 15th large board: 96.71647406611126, Time taken for this board: 15.019s
-------------------------------------------------------------------
Start nesting on the 16th large board, remaining blocks count: 10
Utilization of the 16th large board: 10.98629400698737, Time taken for this board: 15.021s
-------------------------------------------------------------------
Found solution: 16


Start improving solution by repacking.
Selecting boards with low utilization for repacking...
Selecting boards with low utilization for repacking...
iter16		 Improve solution by repack 0.9671647406611126->0.13161784466541251 , unplacedBoxesSize:9
currentRepackCostTime:15.171000000000001s , currentRepackMaxTime:329.63448854961837s
iter83		 Improve solution by repack 0.13161784466541251->0.12819470572426767 , unplacedBoxesSize:10
currentRepackCostTime:26.407s , currentRepackMaxTime:329.63448854961837s
iter22		 Improve solution by repack 0.12819470572426767->0.12273918301531847 , unplacedBoxesSize:9
currentRepackCostTime:29.013s , currentRepackMaxTime:329.63448854961837s
Selecting boards with low utilization for repacking...
iter4		 Improve solution by repack 0.9741131416285945->0.15038161784466542 , unplacedBoxesSize:11
currentRepackCostTime:53.107s , currentRepackMaxTime:329.63448854961837s
iter13		 Improve solution by repack 0.15038161784466542->0.1484419510884171 , unplacedBoxesSize:10
currentRepackCostTime:54.718s , currentRepackMaxTime:329.63448854961837s
iter10		 Improve solution by repack 0.1484419510884171->0.14242105616769685 , unplacedBoxesSize:9
currentRepackCostTime:55.958s , currentRepackMaxTime:329.63448854961837s
iter17		 Improve solution by repack 0.14242105616769685->0.13850174684224673 , unplacedBoxesSize:8
currentRepackCostTime:57.563s , currentRepackMaxTime:329.63448854961837s
Selecting boards with low utilization for repacking...
iter4		 Improve solution by repack 0.9780655401773716->0.1577210427304488 , unplacedBoxesSize:4
currentRepackCostTime:77.52s , currentRepackMaxTime:329.63448854961837s
iter61		 Improve solution by repack 0.1577210427304488->0.1498058317656544 , unplacedBoxesSize:10
currentRepackCostTime:83.026s , currentRepackMaxTime:329.63448854961837s
iter7		 Improve solution by repack 0.1498058317656544->0.14939733942488578 , unplacedBoxesSize:10
currentRepackCostTime:83.756s , currentRepackMaxTime:329.63448854961837s
Selecting boards with low utilization for repacking...
iter6		 Improve solution by repack 0.9839152781510347->0.9797179857565171 , unplacedBoxesSize:33
currentRepackCostTime:100.95s , currentRepackMaxTime:329.63448854961837s
iter3		 Improve solution by repack 0.9797179857565171->0.17649153453372748 , unplacedBoxesSize:12
currentRepackCostTime:101.402s , currentRepackMaxTime:329.63448854961837s
iter90		 Improve solution by repack 0.17649153453372748->0.1760158559527009 , unplacedBoxesSize:13
currentRepackCostTime:112.479s , currentRepackMaxTime:329.63448854961837s
iter47		 Improve solution by repack 0.1760158559527009->0.1672588013974738 , unplacedBoxesSize:11
currentRepackCostTime:119.175s , currentRepackMaxTime:329.63448854961837s
iter17		 Improve solution by repack 0.1672588013974738->0.1442488578339156 , unplacedBoxesSize:10
currentRepackCostTime:120.87100000000001s , currentRepackMaxTime:329.63448854961837s
Selecting boards with low utilization for repacking...
iter1		 Improve solution by repack 0.9714352660575114->0.17327936038699274 , unplacedBoxesSize:12
currentRepackCostTime:140.494s , currentRepackMaxTime:329.63448854961837s
iter21		 Improve solution by repack 0.17327936038699274->0.17288363343187316 , unplacedBoxesSize:12
currentRepackCostTime:142.737s , currentRepackMaxTime:329.63448854961837s
iter14		 Improve solution by repack 0.17288363343187316->0.1702082773447998 , unplacedBoxesSize:13
currentRepackCostTime:144.367s , currentRepackMaxTime:329.63448854961837s
iter19		 Improve solution by repack 0.1702082773447998->0.1614213249126579 , unplacedBoxesSize:11
currentRepackCostTime:146.75300000000001s , currentRepackMaxTime:329.63448854961837s
iter2		 Improve solution by repack 0.1614213249126579->0.16096445847890353 , unplacedBoxesSize:11
currentRepackCostTime:147.12s , currentRepackMaxTime:329.63448854961837s
iter60		 Improve solution by repack 0.16096445847890353->0.15780032249395326 , unplacedBoxesSize:11
currentRepackCostTime:154.528s , currentRepackMaxTime:329.63448854961837s
iter23		 Improve solution by repack 0.15780032249395326->0.1545243214189734 , unplacedBoxesSize:10
currentRepackCostTime:157.284s , currentRepackMaxTime:329.63448854961837s
Selecting boards with low utilization for repacking...
iter1		 Improve solution by repack 0.9794856893308251->0.9702805025530772 , unplacedBoxesSize:27
currentRepackCostTime:178.433s , currentRepackMaxTime:329.63448854961837s
iter3		 Improve solution by repack 0.9702805025530772->0.17334385917764042 , unplacedBoxesSize:11
currentRepackCostTime:178.887s , currentRepackMaxTime:329.63448854961837s
iter28		 Improve solution by repack 0.17334385917764042->0.16865493147003494 , unplacedBoxesSize:11
currentRepackCostTime:182.309s , currentRepackMaxTime:329.63448854961837s
iter50		 Improve solution by repack 0.16865493147003494->0.16355952700886858 , unplacedBoxesSize:10
currentRepackCostTime:188.72400000000002s , currentRepackMaxTime:329.63448854961837s
Selecting boards with low utilization for repacking...
iter1		 Improve solution by repack 0.9872150547567858->0.9842864065439397 , unplacedBoxesSize:34
currentRepackCostTime:204.33700000000002s , currentRepackMaxTime:329.63448854961837s
iter15		 Improve solution by repack 0.9842864065439397->0.9832151219430261 , unplacedBoxesSize:40
currentRepackCostTime:206.442s , currentRepackMaxTime:329.63448854961837s
iter3		 Improve solution by repack 0.9832151219430261->0.19228836334318733 , unplacedBoxesSize:13
currentRepackCostTime:207.066s , currentRepackMaxTime:329.63448854961837s
iter30		 Improve solution by repack 0.19228836334318733->0.18347151303413062 , unplacedBoxesSize:9
currentRepackCostTime:211.312s , currentRepackMaxTime:329.63448854961837s
iter72		 Improve solution by repack 0.18347151303413062->0.17484614350980918 , unplacedBoxesSize:10
currentRepackCostTime:219.66s , currentRepackMaxTime:329.63448854961837s
iter105		 Improve solution by repack 0.17484614350980918->0.1697144584789035 , unplacedBoxesSize:9
currentRepackCostTime:232.9s , currentRepackMaxTime:329.63448854961837s
iter105		 Improve solution by repack 0.1697144584789035->0.16771902714324108 , unplacedBoxesSize:9
currentRepackCostTime:245.529s , currentRepackMaxTime:329.63448854961837s
iter83		 Improve solution by repack 0.16771902714324108->0.16286851652781512 , unplacedBoxesSize:4
currentRepackCostTime:255.15s , currentRepackMaxTime:329.63448854961837s
Selecting boards with low utilization for repacking...
iter2		 Improve solution by repack 0.9841484144047299->0.9822641762966944 , unplacedBoxesSize:27
currentRepackCostTime:266.471s , currentRepackMaxTime:329.63448854961837s
iter8		 Improve solution by repack 0.9822641762966944->0.19405536146197258 , unplacedBoxesSize:9
currentRepackCostTime:267.46500000000003s , currentRepackMaxTime:329.63448854961837s
iter1		 Improve solution by repack 0.19405536146197258->0.19395794141359848 , unplacedBoxesSize:12
currentRepackCostTime:267.584s , currentRepackMaxTime:329.63448854961837s
iter11		 Improve solution by repack 0.19395794141359848->0.1875070545552271 , unplacedBoxesSize:7
currentRepackCostTime:269.208s , currentRepackMaxTime:329.63448854961837s
iter16		 Improve solution by repack 0.1875070545552271->0.18646801934963722 , unplacedBoxesSize:6
currentRepackCostTime:270.673s , currentRepackMaxTime:329.63448854961837s
iter54		 Improve solution by repack 0.18646801934963722->0.18625436710561677 , unplacedBoxesSize:10
currentRepackCostTime:276.061s , currentRepackMaxTime:329.63448854961837s
iter12		 Improve solution by repack 0.18625436710561677->0.18349032518140285 , unplacedBoxesSize:9
currentRepackCostTime:277.46500000000003s , currentRepackMaxTime:329.63448854961837s
iter8		 Improve solution by repack 0.18349032518140285->0.18311542596076322 , unplacedBoxesSize:10
currentRepackCostTime:278.342s , currentRepackMaxTime:329.63448854961837s
iter97		 Improve solution by repack 0.18311542596076322->0.17976081698468152 , unplacedBoxesSize:10
currentRepackCostTime:289.858s , currentRepackMaxTime:329.63448854961837s
iter79		 Improve solution by repack 0.17976081698468152->0.1790352055898952 , unplacedBoxesSize:13
currentRepackCostTime:299.023s , currentRepackMaxTime:329.63448854961837s
iter26		 Improve solution by repack 0.1790352055898952->0.17845270088685836 , unplacedBoxesSize:12
currentRepackCostTime:302.635s , currentRepackMaxTime:329.63448854961837s
Selecting boards with low utilization for repacking...
iter7		 Improve solution by repack 0.9794432864149422->0.19982296425692017 , unplacedBoxesSize:10
currentRepackCostTime:316.651s , currentRepackMaxTime:329.63448854961837s
iter36		 Improve solution by repack 0.19982296425692017->0.194491400161247 , unplacedBoxesSize:8
currentRepackCostTime:320.526s , currentRepackMaxTime:329.63448854961837s
iter31		 Improve solution by repack 0.194491400161247->0.19336804622413328 , unplacedBoxesSize:10
currentRepackCostTime:324.101s , currentRepackMaxTime:329.63448854961837s
iter6		 Improve solution by repack 0.19336804622413328->0.18366332975006722 , unplacedBoxesSize:9
currentRepackCostTime:324.859s , currentRepackMaxTime:329.63448854961837s
iter32		 Improve solution by repack 0.18366332975006722->0.17681436441816717 , unplacedBoxesSize:9
currentRepackCostTime:328.564s , currentRepackMaxTime:329.63448854961837s
Processing color group: 1 (2/2), boxes: 223
Allocated time: 255.3s
searchTime: 1000
Start nesting on the 1th large board, remaining blocks count: 197
Utilization of the 1th large board: 97.66500940607365, Time taken for this board: 1.002s
-------------------------------------------------------------------
Start nesting on the 2th large board, remaining blocks count: 185
Utilization of the 2th large board: 96.37822493953239, Time taken for this board: 2.003s
-------------------------------------------------------------------
Start nesting on the 3th large board, remaining blocks count: 179
Utilization of the 3th large board: 94.43961636656813, Time taken for this board: 3.004s
-------------------------------------------------------------------
Start nesting on the 4th large board, remaining blocks count: 171
Utilization of the 4th large board: 95.80828406342381, Time taken for this board: 4.0040000000000004s
-------------------------------------------------------------------
Start nesting on the 5th large board, remaining blocks count: 163
Utilization of the 5th large board: 94.45038296156946, Time taken for this board: 5.0040000000000004s
-------------------------------------------------------------------
Start nesting on the 6th large board, remaining blocks count: 152
Utilization of the 6th large board: 96.90338618650901, Time taken for this board: 6.0040000000000004s
-------------------------------------------------------------------
Start nesting on the 7th large board, remaining blocks count: 139
Utilization of the 7th large board: 99.12379064767535, Time taken for this board: 7.0040000000000004s
-------------------------------------------------------------------
Start nesting on the 8th large board, remaining blocks count: 125
Utilization of the 8th large board: 99.37217817790916, Time taken for this board: 8.005s
-------------------------------------------------------------------
Start nesting on the 9th large board, remaining blocks count: 105
Utilization of the 9th large board: 98.8726820747111, Time taken for this board: 8.764s
-------------------------------------------------------------------
Start nesting on the 10th large board, remaining blocks count: 93
Utilization of the 10th large board: 98.76394114485355, Time taken for this board: 9.448s
-------------------------------------------------------------------
Start nesting on the 11th large board, remaining blocks count: 71
Utilization of the 11th large board: 97.4108102660575, Time taken for this board: 9.773s
-------------------------------------------------------------------
Start nesting on the 12th large board, remaining blocks count: 61
Utilization of the 12th large board: 97.51686374630475, Time taken for this board: 9.905s
-------------------------------------------------------------------
Start nesting on the 13th large board, remaining blocks count: 45
Utilization of the 13th large board: 95.02428782585326, Time taken for this board: 9.984s
-------------------------------------------------------------------
Start nesting on the 14th large board, remaining blocks count: 41
Utilization of the 14th large board: 95.5684123891427, Time taken for this board: 10.05s
-------------------------------------------------------------------
Start nesting on the 15th large board, remaining blocks count: 31
Utilization of the 15th large board: 91.79941547970977, Time taken for this board: 10.071s
-------------------------------------------------------------------
Start nesting on the 16th large board, remaining blocks count: 29
Utilization of the 16th large board: 90.7727089492072, Time taken for this board: 10.088000000000001s
-------------------------------------------------------------------
Start nesting on the 17th large board, remaining blocks count: 19
Utilization of the 17th large board: 87.08764445041656, Time taken for this board: 10.098s
-------------------------------------------------------------------
Start nesting on the 18th large board, remaining blocks count: 9
Utilization of the 18th large board: 87.83297500671863, Time taken for this board: 10.1s
-------------------------------------------------------------------
Start nesting on the 19th large board, remaining blocks count: 4
Utilization of the 19th large board: 84.5756517065305, Time taken for this board: 10.1s
-------------------------------------------------------------------
Start nesting on the 20th large board, remaining blocks count: 4
Utilization of the 20th large board: 84.5756517065305, Time taken for this board: 10.1s
-------------------------------------------------------------------
Start nesting on the 21th large board, remaining blocks count: 4
Utilization of the 21th large board: 84.5756517065305, Time taken for this board: 10.1s
-------------------------------------------------------------------
Start nesting on the 22th large board, remaining blocks count: 4
Utilization of the 22th large board: 84.5756517065305, Time taken for this board: 10.101s
-------------------------------------------------------------------
Start nesting on the 23th large board, remaining blocks count: 4
Utilization of the 23th large board: 84.5756517065305, Time taken for this board: 10.101s
-------------------------------------------------------------------
Start nesting on the 24th large board, remaining blocks count: 2
Utilization of the 24th large board: 81.05563020693361, Time taken for this board: 10.101s
-------------------------------------------------------------------
Start nesting on the 25th large board, remaining blocks count: 2
Utilization of the 25th large board: 81.05563020693361, Time taken for this board: 10.101s
-------------------------------------------------------------------
Start nesting on the 26th large board, remaining blocks count: 2
Utilization of the 26th large board: 81.05563020693361, Time taken for this board: 10.101s
-------------------------------------------------------------------
Start nesting on the 27th large board, remaining blocks count: 2
Utilization of the 27th large board: 27.018543402311206, Time taken for this board: 10.101s
-------------------------------------------------------------------
Found solution: 27


Start improving solution by repacking.
Selecting boards with low utilization for repacking...
iter8		 Improve solution by repack 0.27018543402311207->0.20953204783660306 , unplacedBoxesSize:3
currentRepackCostTime:0.041s , currentRepackMaxTime:245.2425114503817s
iter3		 Improve solution by repack 0.20953204783660306->0.20859043267938726 , unplacedBoxesSize:3
currentRepackCostTime:0.068s , currentRepackMaxTime:245.2425114503817s
iter2		 Improve solution by repack 0.20859043267938726->0.17814700349368448 , unplacedBoxesSize:2
currentRepackCostTime:0.075s , currentRepackMaxTime:245.2425114503817s
iter6		 Improve solution by repack 0.17814700349368448->0.16478601182477828 , unplacedBoxesSize:4
currentRepackCostTime:0.114s , currentRepackMaxTime:245.2425114503817s
iter1		 Improve solution by repack 0.16478601182477828->0.16475644987906476 , unplacedBoxesSize:3
currentRepackCostTime:0.12s , currentRepackMaxTime:245.2425114503817s
iter2		 Improve solution by repack 0.16475644987906476->0.15968657618919646 , unplacedBoxesSize:3
currentRepackCostTime:0.14200000000000002s , currentRepackMaxTime:245.2425114503817s
iter2		 Improve solution by repack 0.15968657618919646->0.13509271701155603 , unplacedBoxesSize:1
currentRepackCostTime:0.154s , currentRepackMaxTime:245.2425114503817s
iter2		 Improve solution by repack 0.13509271701155603->0.08514646600376242 , unplacedBoxesSize:1
currentRepackCostTime:0.163s , currentRepackMaxTime:245.2425114503817s
iter18		 Improve solution by repack 0.08514646600376242->0.07960998387530234 , unplacedBoxesSize:2
currentRepackCostTime:0.297s , currentRepackMaxTime:245.2425114503817s
iter17		 Improve solution by repack 0.07960998387530234->0.04305428648212846 , unplacedBoxesSize:1
currentRepackCostTime:0.421s , currentRepackMaxTime:245.2425114503817s
iter7		 Improve solution by repack 0.04305428648212846->0.02388705993012631 , unplacedBoxesSize:1
currentRepackCostTime:0.462s , currentRepackMaxTime:245.2425114503817s
iter7		 Improve solution by repack 0.02388705993012631->0.0 , unplacedBoxesSize:0
currentRepackCostTime:0.502s , currentRepackMaxTime:245.2425114503817s
Improved success.
Found solution 26
Start improving solution by repacking.
Selecting boards with low utilization for repacking...
iter11		 Improve solution by repack 0.845756517065305->0.8427035743079817 , unplacedBoxesSize:5
currentRepackCostTime:0.07100000000000001s , currentRepackMaxTime:244.7405114503817s
iter4		 Improve solution by repack 0.8427035743079817->0.8358116097823165 , unplacedBoxesSize:6
currentRepackCostTime:0.095s , currentRepackMaxTime:244.7405114503817s
iter1		 Improve solution by repack 0.8358116097823165->0.805167965600645 , unplacedBoxesSize:6
currentRepackCostTime:0.1s , currentRepackMaxTime:244.7405114503817s
iter2		 Improve solution by repack 0.805167965600645->0.7975436710561676 , unplacedBoxesSize:7
currentRepackCostTime:0.11900000000000001s , currentRepackMaxTime:244.7405114503817s
iter8		 Improve solution by repack 0.7975436710561676->0.7775359446385379 , unplacedBoxesSize:9
currentRepackCostTime:0.2s , currentRepackMaxTime:244.7405114503817s
iter6		 Improve solution by repack 0.7775359446385379->0.7755183418435904 , unplacedBoxesSize:9
currentRepackCostTime:0.269s , currentRepackMaxTime:244.7405114503817s
iter8		 Improve solution by repack 0.7755183418435904->0.7710749798441279 , unplacedBoxesSize:9
currentRepackCostTime:0.352s , currentRepackMaxTime:244.7405114503817s
iter11		 Improve solution by repack 0.7710749798441279->0.7507793603869928 , unplacedBoxesSize:10
currentRepackCostTime:0.451s , currentRepackMaxTime:244.7405114503817s
iter2		 Improve solution by repack 0.7507793603869928->0.7272900429991936 , unplacedBoxesSize:9
currentRepackCostTime:0.47700000000000004s , currentRepackMaxTime:244.7405114503817s
iter15		 Improve solution by repack 0.7272900429991936->0.722660911045418 , unplacedBoxesSize:9
currentRepackCostTime:0.601s , currentRepackMaxTime:244.7405114503817s
iter16		 Improve solution by repack 0.722660911045418->0.7226464660037624 , unplacedBoxesSize:9
currentRepackCostTime:0.766s , currentRepackMaxTime:244.7405114503817s
iter13		 Improve solution by repack 0.7226464660037624->0.7177274254232733 , unplacedBoxesSize:9
currentRepackCostTime:0.867s , currentRepackMaxTime:244.7405114503817s
iter15		 Improve solution by repack 0.7177274254232733->0.7129850846546627 , unplacedBoxesSize:9
currentRepackCostTime:1.037s , currentRepackMaxTime:244.7405114503817s
iter2		 Improve solution by repack 0.7129850846546627->0.6959177640419242 , unplacedBoxesSize:7
currentRepackCostTime:1.053s , currentRepackMaxTime:244.7405114503817s
iter19		 Improve solution by repack 0.6959177640419242->0.6931980650362807 , unplacedBoxesSize:8
currentRepackCostTime:1.177s , currentRepackMaxTime:244.7405114503817s
iter31		 Improve solution by repack 0.6931980650362807->0.6871848965331899 , unplacedBoxesSize:8
currentRepackCostTime:1.45s , currentRepackMaxTime:244.7405114503817s
iter24		 Improve solution by repack 0.6871848965331899->0.6831416285944638 , unplacedBoxesSize:8
currentRepackCostTime:1.663s , currentRepackMaxTime:244.7405114503817s
iter17		 Improve solution by repack 0.6831416285944638->0.6814095673206128 , unplacedBoxesSize:8
currentRepackCostTime:1.805s , currentRepackMaxTime:244.7405114503817s
iter1		 Improve solution by repack 0.6814095673206128->0.6771284600913733 , unplacedBoxesSize:8
currentRepackCostTime:1.811s , currentRepackMaxTime:244.7405114503817s
iter58		 Improve solution by repack 0.6771284600913733->0.6764149422198334 , unplacedBoxesSize:8
currentRepackCostTime:2.36s , currentRepackMaxTime:244.7405114503817s
Selecting boards with low utilization for repacking...
iter16		 Improve solution by repack 0.8985303009943563->0.6876394114485354 , unplacedBoxesSize:9
currentRepackCostTime:5.47s , currentRepackMaxTime:244.7405114503817s
iter2		 Improve solution by repack 0.6876394114485354->0.6764149422198334 , unplacedBoxesSize:8
currentRepackCostTime:5.485s , currentRepackMaxTime:244.7405114503817s
iter126		 Improve solution by repack 0.6764149422198334->0.6667401236226821 , unplacedBoxesSize:8
currentRepackCostTime:6.63s , currentRepackMaxTime:244.7405114503817s
iter8		 Improve solution by repack 0.6667401236226821->0.6633045552270895 , unplacedBoxesSize:8
currentRepackCostTime:6.689s , currentRepackMaxTime:244.7405114503817s
iter256		 Improve solution by repack 0.6633045552270895->0.6390795485084655 , unplacedBoxesSize:8
currentRepackCostTime:8.987s , currentRepackMaxTime:244.7405114503817s
iter9		 Improve solution by repack 0.6390795485084655->0.6345219699005644 , unplacedBoxesSize:8
currentRepackCostTime:9.078s , currentRepackMaxTime:244.7405114503817s
iter39		 Improve solution by repack 0.6345219699005644->0.6325954044611664 , unplacedBoxesSize:8
currentRepackCostTime:9.435s , currentRepackMaxTime:244.7405114503817s
iter103		 Improve solution by repack 0.6325954044611664->0.6325809594195109 , unplacedBoxesSize:8
currentRepackCostTime:10.378s , currentRepackMaxTime:244.7405114503817s
Selecting boards with low utilization for repacking...
iter10		 Improve solution by repack 0.9015232800322494->0.9008374764848159 , unplacedBoxesSize:10
currentRepackCostTime:13.615s , currentRepackMaxTime:244.7405114503817s
iter1		 Improve solution by repack 0.9008374764848159->0.6511058855146465 , unplacedBoxesSize:8
currentRepackCostTime:13.622s , currentRepackMaxTime:244.7405114503817s
iter8		 Improve solution by repack 0.6511058855146465->0.6459715130341306 , unplacedBoxesSize:7
currentRepackCostTime:13.700000000000001s , currentRepackMaxTime:244.7405114503817s
iter23		 Improve solution by repack 0.6459715130341306->0.6404219295888203 , unplacedBoxesSize:8
currentRepackCostTime:13.892s , currentRepackMaxTime:244.7405114503817s
iter11		 Improve solution by repack 0.6404219295888203->0.6394410104810535 , unplacedBoxesSize:8
currentRepackCostTime:13.995000000000001s , currentRepackMaxTime:244.7405114503817s
iter14		 Improve solution by repack 0.6394410104810535->0.6390795485084655 , unplacedBoxesSize:8
currentRepackCostTime:14.123000000000001s , currentRepackMaxTime:244.7405114503817s
iter274		 Improve solution by repack 0.6390795485084655->0.6381691749529697 , unplacedBoxesSize:8
currentRepackCostTime:16.579s , currentRepackMaxTime:244.7405114503817s
iter4		 Improve solution by repack 0.6381691749529697->0.6326326928245095 , unplacedBoxesSize:9
currentRepackCostTime:16.629s , currentRepackMaxTime:244.7405114503817s
iter4		 Improve solution by repack 0.6326326928245095->0.6214723864552539 , unplacedBoxesSize:8
currentRepackCostTime:16.66s , currentRepackMaxTime:244.7405114503817s
iter16		 Improve solution by repack 0.6214723864552539->0.6189314028486966 , unplacedBoxesSize:8
currentRepackCostTime:16.824s , currentRepackMaxTime:244.7405114503817s
iter21		 Improve solution by repack 0.6189314028486966->0.596025262026337 , unplacedBoxesSize:7
currentRepackCostTime:17.015s , currentRepackMaxTime:244.7405114503817s
Selecting boards with low utilization for repacking...
iter5		 Improve solution by repack 0.9058992878258533->0.596025262026337 , unplacedBoxesSize:7
currentRepackCostTime:21.514s , currentRepackMaxTime:244.7405114503817s
Selecting boards with low utilization for repacking...
iter1		 Improve solution by repack 0.9137177506046761->0.9127368314969095 , unplacedBoxesSize:5
currentRepackCostTime:26.685000000000002s , currentRepackMaxTime:244.7405114503817s
iter6		 Improve solution by repack 0.9127368314969095->0.8925446788497716 , unplacedBoxesSize:6
currentRepackCostTime:26.72s , currentRepackMaxTime:244.7405114503817s
iter3		 Improve solution by repack 0.8925446788497716->0.8835956396130072 , unplacedBoxesSize:7
currentRepackCostTime:26.735s , currentRepackMaxTime:244.7405114503817s
iter3		 Improve solution by repack 0.8835956396130072->0.6338643845740393 , unplacedBoxesSize:7
currentRepackCostTime:26.763s , currentRepackMaxTime:244.7405114503817s
iter83		 Improve solution by repack 0.6338643845740393->0.6326310131685031 , unplacedBoxesSize:8
currentRepackCostTime:27.448s , currentRepackMaxTime:244.7405114503817s
iter21		 Improve solution by repack 0.6326310131685031->0.6309446385380274 , unplacedBoxesSize:8
currentRepackCostTime:27.616s , currentRepackMaxTime:244.7405114503817s
iter50		 Improve solution by repack 0.6309446385380274->0.6262362268207471 , unplacedBoxesSize:8
currentRepackCostTime:28.076s , currentRepackMaxTime:244.7405114503817s
iter20		 Improve solution by repack 0.6262362268207471->0.6257766729373824 , unplacedBoxesSize:7
currentRepackCostTime:28.273s , currentRepackMaxTime:244.7405114503817s
iter9		 Improve solution by repack 0.6257766729373824->0.623909903251814 , unplacedBoxesSize:8
currentRepackCostTime:28.346s , currentRepackMaxTime:244.7405114503817s
iter5		 Improve solution by repack 0.623909903251814->0.5870733673743618 , unplacedBoxesSize:8
currentRepackCostTime:28.396s , currentRepackMaxTime:244.7405114503817s
iter13		 Improve solution by repack 0.5870733673743618->0.5868341843590432 , unplacedBoxesSize:7
currentRepackCostTime:28.509s , currentRepackMaxTime:244.7405114503817s
iter1		 Improve solution by repack 0.5868341843590432->0.5799328137597419 , unplacedBoxesSize:7
currentRepackCostTime:28.523s , currentRepackMaxTime:244.7405114503817s
iter1		 Improve solution by repack 0.5799328137597419->0.5781580892233271 , unplacedBoxesSize:7
currentRepackCostTime:28.532s , currentRepackMaxTime:244.7405114503817s
iter4		 Improve solution by repack 0.5781580892233271->0.5602186912120398 , unplacedBoxesSize:7
currentRepackCostTime:28.563s , currentRepackMaxTime:244.7405114503817s
iter6		 Improve solution by repack 0.5602186912120398->0.549889814565977 , unplacedBoxesSize:7
currentRepackCostTime:28.619s , currentRepackMaxTime:244.7405114503817s
iter40		 Improve solution by repack 0.549889814565977->0.5458465466272507 , unplacedBoxesSize:7
currentRepackCostTime:28.969s , currentRepackMaxTime:244.7405114503817s
iter27		 Improve solution by repack 0.5458465466272507->0.544419510884171 , unplacedBoxesSize:7
currentRepackCostTime:29.183s , currentRepackMaxTime:244.7405114503817s
iter20		 Improve solution by repack 0.544419510884171->0.5420142434829347 , unplacedBoxesSize:7
currentRepackCostTime:29.36s , currentRepackMaxTime:244.7405114503817s
iter7		 Improve solution by repack 0.5420142434829347->0.5373313625369525 , unplacedBoxesSize:8
currentRepackCostTime:29.412s , currentRepackMaxTime:244.7405114503817s
iter23		 Improve solution by repack 0.5373313625369525->0.5353675087342112 , unplacedBoxesSize:7
currentRepackCostTime:29.662s , currentRepackMaxTime:244.7405114503817s
iter19		 Improve solution by repack 0.5353675087342112->0.5342730448804085 , unplacedBoxesSize:6
currentRepackCostTime:29.829s , currentRepackMaxTime:244.7405114503817s
iter146		 Improve solution by repack 0.5342730448804085->0.5337849368449342 , unplacedBoxesSize:7
currentRepackCostTime:31.041s , currentRepackMaxTime:244.7405114503817s
iter54		 Improve solution by repack 0.5337849368449342->0.5333226955119591 , unplacedBoxesSize:8
currentRepackCostTime:31.548000000000002s , currentRepackMaxTime:244.7405114503817s
iter8		 Improve solution by repack 0.5333226955119591->0.5328298844396667 , unplacedBoxesSize:7
currentRepackCostTime:31.629s , currentRepackMaxTime:244.7405114503817s
iter73		 Improve solution by repack 0.5328298844396667->0.5238672399892502 , unplacedBoxesSize:7
currentRepackCostTime:32.238s , currentRepackMaxTime:244.7405114503817s
iter2		 Improve solution by repack 0.5238672399892502->0.5221697796291319 , unplacedBoxesSize:7
currentRepackCostTime:32.255s , currentRepackMaxTime:244.7405114503817s
iter36		 Improve solution by repack 0.5221697796291319->0.5108787960225746 , unplacedBoxesSize:6
currentRepackCostTime:32.575s , currentRepackMaxTime:244.7405114503817s
iter300		 Improve solution by repack 0.5108787960225746->0.5077492609513572 , unplacedBoxesSize:7
currentRepackCostTime:35.069s , currentRepackMaxTime:244.7405114503817s
iter7		 Improve solution by repack 0.5077492609513572->0.5044013705993013 , unplacedBoxesSize:7
currentRepackCostTime:35.148s , currentRepackMaxTime:244.7405114503817s
Selecting boards with low utilization for repacking...
iter5		 Improve solution by repack 0.914903923676431->0.9060044342918571 , unplacedBoxesSize:10
currentRepackCostTime:39.916000000000004s , currentRepackMaxTime:244.7405114503817s
iter6		 Improve solution by repack 0.9060044342918571->0.515159903251814 , unplacedBoxesSize:6
currentRepackCostTime:39.976s , currentRepackMaxTime:244.7405114503817s
iter36		 Improve solution by repack 0.515159903251814->0.5108787960225746 , unplacedBoxesSize:6
currentRepackCostTime:40.288000000000004s , currentRepackMaxTime:244.7405114503817s
Selecting boards with low utilization for repacking...
iter2		 Improve solution by repack 0.9206318865896265->0.5108787960225746 , unplacedBoxesSize:6
currentRepackCostTime:44.807s , currentRepackMaxTime:244.7405114503817s
Selecting boards with low utilization for repacking...
iter2		 Improve solution by repack 0.9275601316850308->0.9203584385917764 , unplacedBoxesSize:10
currentRepackCostTime:49.713s , currentRepackMaxTime:244.7405114503817s
iter4		 Improve solution by repack 0.9203584385917764->0.5579417495296963 , unplacedBoxesSize:7
currentRepackCostTime:49.756s , currentRepackMaxTime:244.7405114503817s
iter1		 Improve solution by repack 0.5579417495296963->0.5514125907014243 , unplacedBoxesSize:7
currentRepackCostTime:49.764s , currentRepackMaxTime:244.7405114503817s
iter19		 Improve solution by repack 0.5514125907014243->0.5494470572426767 , unplacedBoxesSize:8
currentRepackCostTime:49.922000000000004s , currentRepackMaxTime:244.7405114503817s
iter3		 Improve solution by repack 0.5494470572426767->0.5448179252889008 , unplacedBoxesSize:8
currentRepackCostTime:49.943s , currentRepackMaxTime:244.7405114503817s
iter2		 Improve solution by repack 0.5448179252889008->0.5435413867239989 , unplacedBoxesSize:7
currentRepackCostTime:49.968s , currentRepackMaxTime:244.7405114503817s
iter1		 Improve solution by repack 0.5435413867239989->0.5391957807041118 , unplacedBoxesSize:6
currentRepackCostTime:49.979s , currentRepackMaxTime:244.7405114503817s
iter10		 Improve solution by repack 0.5391957807041118->0.5374066111260414 , unplacedBoxesSize:7
currentRepackCostTime:50.053000000000004s , currentRepackMaxTime:244.7405114503817s
iter2		 Improve solution by repack 0.5374066111260414->0.5313934426229509 , unplacedBoxesSize:7
currentRepackCostTime:50.074s , currentRepackMaxTime:244.7405114503817s
iter45		 Improve solution by repack 0.5313934426229509->0.5266366568126848 , unplacedBoxesSize:7
currentRepackCostTime:50.479s , currentRepackMaxTime:244.7405114503817s
iter5		 Improve solution by repack 0.5266366568126848->0.5079991937651169 , unplacedBoxesSize:7
currentRepackCostTime:50.524s , currentRepackMaxTime:244.7405114503817s
iter23		 Improve solution by repack 0.5079991937651169->0.5044463853802741 , unplacedBoxesSize:7
currentRepackCostTime:50.742000000000004s , currentRepackMaxTime:244.7405114503817s
iter2		 Improve solution by repack 0.5044463853802741->0.4868308250470304 , unplacedBoxesSize:8
currentRepackCostTime:50.761s , currentRepackMaxTime:244.7405114503817s
iter4		 Improve solution by repack 0.4868308250470304->0.48407282988443967 , unplacedBoxesSize:7
currentRepackCostTime:50.812s , currentRepackMaxTime:244.7405114503817s
iter2		 Improve solution by repack 0.48407282988443967->0.46878661650094067 , unplacedBoxesSize:6
currentRepackCostTime:50.831s , currentRepackMaxTime:244.7405114503817s
iter66		 Improve solution by repack 0.46878661650094067->0.467724737973663 , unplacedBoxesSize:5
currentRepackCostTime:51.402s , currentRepackMaxTime:244.7405114503817s
iter59		 Improve solution by repack 0.467724737973663->0.45696486159634503 , unplacedBoxesSize:5
currentRepackCostTime:51.862s , currentRepackMaxTime:244.7405114503817s
iter63		 Improve solution by repack 0.45696486159634503->0.45361193227626984 , unplacedBoxesSize:6
currentRepackCostTime:52.359s , currentRepackMaxTime:244.7405114503817s
iter20		 Improve solution by repack 0.45361193227626984->0.4531523783929051 , unplacedBoxesSize:6
currentRepackCostTime:52.521s , currentRepackMaxTime:244.7405114503817s
iter3		 Improve solution by repack 0.4531523783929051->0.4509194436979307 , unplacedBoxesSize:6
currentRepackCostTime:52.553000000000004s , currentRepackMaxTime:244.7405114503817s
iter118		 Improve solution by repack 0.4509194436979307->0.44961938994893846 , unplacedBoxesSize:6
currentRepackCostTime:53.567s , currentRepackMaxTime:244.7405114503817s
iter66		 Improve solution by repack 0.44961938994893846->0.4257323300188121 , unplacedBoxesSize:5
currentRepackCostTime:54.151s , currentRepackMaxTime:244.7405114503817s
Selecting boards with low utilization for repacking...
iter4		 Improve solution by repack 0.9009348965331899->0.5243345202902446 , unplacedBoxesSize:7
currentRepackCostTime:57.237s , currentRepackMaxTime:244.7405114503817s
iter1		 Improve solution by repack 0.5243345202902446->0.5221697796291319 , unplacedBoxesSize:7
currentRepackCostTime:57.245000000000005s , currentRepackMaxTime:244.7405114503817s
iter26		 Improve solution by repack 0.5221697796291319->0.5140056436441817 , unplacedBoxesSize:7
currentRepackCostTime:57.487s , currentRepackMaxTime:244.7405114503817s
iter3		 Improve solution by repack 0.5140056436441817->0.4921684359043268 , unplacedBoxesSize:7
currentRepackCostTime:57.515s , currentRepackMaxTime:244.7405114503817s
iter2		 Improve solution by repack 0.4921684359043268->0.46324274388605213 , unplacedBoxesSize:6
currentRepackCostTime:57.53s , currentRepackMaxTime:244.7405114503817s
iter18		 Improve solution by repack 0.46324274388605213->0.43174549852190275 , unplacedBoxesSize:5
currentRepackCostTime:57.688s , currentRepackMaxTime:244.7405114503817s
iter27		 Improve solution by repack 0.43174549852190275->0.4257323300188121 , unplacedBoxesSize:5
currentRepackCostTime:57.882s , currentRepackMaxTime:244.7405114503817s
Selecting boards with low utilization for repacking...
iter7		 Improve solution by repack 0.9288447325987638->0.9254404058048912 , unplacedBoxesSize:11
currentRepackCostTime:62.165s , currentRepackMaxTime:244.7405114503817s
iter12		 Improve solution by repack 0.9254404058048912->0.9151316850309056 , unplacedBoxesSize:11
currentRepackCostTime:62.277s , currentRepackMaxTime:244.7405114503817s
iter1		 Improve solution by repack 0.9151316850309056->0.4760561676968557 , unplacedBoxesSize:6
currentRepackCostTime:62.289s , currentRepackMaxTime:244.7405114503817s
iter27		 Improve solution by repack 0.4760561676968557->0.4709217952163397 , unplacedBoxesSize:5
currentRepackCostTime:62.503s , currentRepackMaxTime:244.7405114503817s
iter37		 Improve solution by repack 0.4709217952163397->0.4432911179790379 , unplacedBoxesSize:5
currentRepackCostTime:62.800000000000004s , currentRepackMaxTime:244.7405114503817s
iter18		 Improve solution by repack 0.4432911179790379->0.4355704111797904 , unplacedBoxesSize:5
currentRepackCostTime:62.957s , currentRepackMaxTime:244.7405114503817s
iter7		 Improve solution by repack 0.4355704111797904->0.4349324778285408 , unplacedBoxesSize:5
currentRepackCostTime:63.026s , currentRepackMaxTime:244.7405114503817s
iter27		 Improve solution by repack 0.4349324778285408->0.43466709217952165 , unplacedBoxesSize:6
currentRepackCostTime:63.27s , currentRepackMaxTime:244.7405114503817s
iter9		 Improve solution by repack 0.43466709217952165->0.4335864015049718 , unplacedBoxesSize:5
currentRepackCostTime:63.353s , currentRepackMaxTime:244.7405114503817s
iter266		 Improve solution by repack 0.4335864015049718->0.4257323300188121 , unplacedBoxesSize:5
currentRepackCostTime:65.402s , currentRepackMaxTime:244.7405114503817s
Selecting boards with low utilization for repacking...
iter9		 Improve solution by repack 0.9319621741467347->0.9249519618382155 , unplacedBoxesSize:9
currentRepackCostTime:69.415s , currentRepackMaxTime:244.7405114503817s
iter9		 Improve solution by repack 0.9249519618382155->0.9205458882020962 , unplacedBoxesSize:10
currentRepackCostTime:69.494s , currentRepackMaxTime:244.7405114503817s
iter13		 Improve solution by repack 0.9205458882020962->0.5256248320343994 , unplacedBoxesSize:5
currentRepackCostTime:69.621s , currentRepackMaxTime:244.7405114503817s
iter37		 Improve solution by repack 0.5256248320343994->0.5168368718086536 , unplacedBoxesSize:6
currentRepackCostTime:69.893s , currentRepackMaxTime:244.7405114503817s
iter5		 Improve solution by repack 0.5168368718086536->0.5098951894651975 , unplacedBoxesSize:7
currentRepackCostTime:69.93900000000001s , currentRepackMaxTime:244.7405114503817s
iter10		 Improve solution by repack 0.5098951894651975->0.5053423138941145 , unplacedBoxesSize:7
currentRepackCostTime:70.054s , currentRepackMaxTime:244.7405114503817s
iter17		 Improve solution by repack 0.5053423138941145->0.5027922601451222 , unplacedBoxesSize:6
currentRepackCostTime:70.20100000000001s , currentRepackMaxTime:244.7405114503817s
iter26		 Improve solution by repack 0.5027922601451222->0.497218489653319 , unplacedBoxesSize:7
currentRepackCostTime:70.44200000000001s , currentRepackMaxTime:244.7405114503817s
iter4		 Improve solution by repack 0.497218489653319->0.4949677506046762 , unplacedBoxesSize:7
currentRepackCostTime:70.484s , currentRepackMaxTime:244.7405114503817s
iter14		 Improve solution by repack 0.4949677506046762->0.4945649690943295 , unplacedBoxesSize:6
currentRepackCostTime:70.61s , currentRepackMaxTime:244.7405114503817s
iter12		 Improve solution by repack 0.4945649690943295->0.48964592851384037 , unplacedBoxesSize:6
currentRepackCostTime:70.699s , currentRepackMaxTime:244.7405114503817s
iter65		 Improve solution by repack 0.48964592851384037->0.4882548374092986 , unplacedBoxesSize:6
currentRepackCostTime:71.223s , currentRepackMaxTime:244.7405114503817s
iter186		 Improve solution by repack 0.4882548374092986->0.4874240795485084 , unplacedBoxesSize:6
currentRepackCostTime:72.863s , currentRepackMaxTime:244.7405114503817s
iter22		 Improve solution by repack 0.4874240795485084->0.4845394383230315 , unplacedBoxesSize:6
currentRepackCostTime:73.054s , currentRepackMaxTime:244.7405114503817s
iter41		 Improve solution by repack 0.4845394383230315->0.48271835528083845 , unplacedBoxesSize:7
currentRepackCostTime:73.365s , currentRepackMaxTime:244.7405114503817s
iter169		 Improve solution by repack 0.48271835528083845->0.46402983069067455 , unplacedBoxesSize:6
currentRepackCostTime:74.938s , currentRepackMaxTime:244.7405114503817s
Selecting boards with low utilization for repacking...
iter9		 Improve solution by repack 0.9014273716742811->0.8883939129266326 , unplacedBoxesSize:8
currentRepackCostTime:79.891s , currentRepackMaxTime:244.7405114503817s
iter3		 Improve solution by repack 0.8883939129266326->0.8841128056973933 , unplacedBoxesSize:8
currentRepackCostTime:79.92s , currentRepackMaxTime:244.7405114503817s
iter6		 Improve solution by repack 0.8841128056973933->0.5046788497715667 , unplacedBoxesSize:7
currentRepackCostTime:79.96000000000001s , currentRepackMaxTime:244.7405114503817s
iter60		 Improve solution by repack 0.5046788497715667->0.5034762160709486 , unplacedBoxesSize:7
currentRepackCostTime:80.511s , currentRepackMaxTime:244.7405114503817s
iter8		 Improve solution by repack 0.5034762160709486->0.48791689062080085 , unplacedBoxesSize:7
currentRepackCostTime:80.56700000000001s , currentRepackMaxTime:244.7405114503817s
iter58		 Improve solution by repack 0.48791689062080085->0.4676014512227896 , unplacedBoxesSize:6
currentRepackCostTime:81.111s , currentRepackMaxTime:244.7405114503817s
iter5		 Improve solution by repack 0.4676014512227896->0.4603681805966138 , unplacedBoxesSize:6
currentRepackCostTime:81.142s , currentRepackMaxTime:244.7405114503817s
iter3		 Improve solution by repack 0.4603681805966138->0.4591655468959957 , unplacedBoxesSize:6
currentRepackCostTime:81.173s , currentRepackMaxTime:244.7405114503817s
iter48		 Improve solution by repack 0.4591655468959957->0.4591514377855415 , unplacedBoxesSize:6
currentRepackCostTime:81.595s , currentRepackMaxTime:244.7405114503817s
iter44		 Improve solution by repack 0.4591514377855415->0.4573481590970169 , unplacedBoxesSize:7
currentRepackCostTime:81.986s , currentRepackMaxTime:244.7405114503817s
iter2		 Improve solution by repack 0.4573481590970169->0.45042058586401507 , unplacedBoxesSize:6
currentRepackCostTime:82.009s , currentRepackMaxTime:244.7405114503817s
iter42		 Improve solution by repack 0.45042058586401507->0.4457914539102392 , unplacedBoxesSize:6
currentRepackCostTime:82.412s , currentRepackMaxTime:244.7405114503817s
iter87		 Improve solution by repack 0.4457914539102392->0.42800356087073366 , unplacedBoxesSize:5
currentRepackCostTime:83.178s , currentRepackMaxTime:244.7405114503817s
iter22		 Improve solution by repack 0.42800356087073366->0.42568899489384576 , unplacedBoxesSize:5
currentRepackCostTime:83.362s , currentRepackMaxTime:244.7405114503817s
iter95		 Improve solution by repack 0.42568899489384576->0.4252304488040849 , unplacedBoxesSize:6
currentRepackCostTime:84.118s , currentRepackMaxTime:244.7405114503817s
iter90		 Improve solution by repack 0.4252304488040849->0.4243046224133297 , unplacedBoxesSize:5
currentRepackCostTime:85.051s , currentRepackMaxTime:244.7405114503817s
iter79		 Improve solution by repack 0.4243046224133297->0.421319537758667 , unplacedBoxesSize:5
currentRepackCostTime:85.705s , currentRepackMaxTime:244.7405114503817s
iter57		 Improve solution by repack 0.421319537758667->0.42011690405804897 , unplacedBoxesSize:5
currentRepackCostTime:86.191s , currentRepackMaxTime:244.7405114503817s
iter118		 Improve solution by repack 0.42011690405804897->0.4179521633969363 , unplacedBoxesSize:5
currentRepackCostTime:87.12s , currentRepackMaxTime:244.7405114503817s
Selecting boards with low utilization for repacking...
iter11		 Improve solution by repack 0.9262516796560065->0.4712567186240258 , unplacedBoxesSize:6
currentRepackCostTime:90.256s , currentRepackMaxTime:244.7405114503817s
iter31		 Improve solution by repack 0.4712567186240258->0.4696442488578339 , unplacedBoxesSize:6
currentRepackCostTime:90.522s , currentRepackMaxTime:244.7405114503817s
iter17		 Improve solution by repack 0.4696442488578339->0.46436542596076325 , unplacedBoxesSize:5
currentRepackCostTime:90.68s , currentRepackMaxTime:244.7405114503817s
Selecting boards with low utilization for repacking...
iter7		 Improve solution by repack 0.9128500403117442->0.9073226283257189 , unplacedBoxesSize:9
currentRepackCostTime:95.11200000000001s , currentRepackMaxTime:244.7405114503817s
iter19		 Improve solution by repack 0.9073226283257189->0.47451357162053215 , unplacedBoxesSize:5
currentRepackCostTime:95.27s , currentRepackMaxTime:244.7405114503817s
iter128		 Improve solution by repack 0.47451357162053215->0.4729011018543402 , unplacedBoxesSize:5
currentRepackCostTime:96.34700000000001s , currentRepackMaxTime:244.7405114503817s
iter30		 Improve solution by repack 0.4729011018543402->0.46436542596076325 , unplacedBoxesSize:5
currentRepackCostTime:96.602s , currentRepackMaxTime:244.7405114503817s
Selecting boards with low utilization for repacking...
iter1		 Improve solution by repack 0.9305858640150496->0.9201914807847353 , unplacedBoxesSize:8
currentRepackCostTime:99.895s , currentRepackMaxTime:244.7405114503817s
iter12		 Improve solution by repack 0.9201914807847353->0.5490190808922333 , unplacedBoxesSize:5
currentRepackCostTime:100.001s , currentRepackMaxTime:244.7405114503817s
iter41		 Improve solution by repack 0.5490190808922333->0.5418382155334588 , unplacedBoxesSize:6
currentRepackCostTime:100.348s , currentRepackMaxTime:244.7405114503817s
iter6		 Improve solution by repack 0.5418382155334588->0.5405999731255039 , unplacedBoxesSize:6
currentRepackCostTime:100.406s , currentRepackMaxTime:244.7405114503817s
iter1		 Improve solution by repack 0.5405999731255039->0.5267001478097285 , unplacedBoxesSize:6
currentRepackCostTime:100.413s , currentRepackMaxTime:244.7405114503817s
iter4		 Improve solution by repack 0.5267001478097285->0.5218597151303414 , unplacedBoxesSize:8
currentRepackCostTime:100.456s , currentRepackMaxTime:244.7405114503817s
iter2		 Improve solution by repack 0.5218597151303414->0.5193818865896265 , unplacedBoxesSize:7
currentRepackCostTime:100.473s , currentRepackMaxTime:244.7405114503817s
iter1		 Improve solution by repack 0.5193818865896265->0.5176830825047031 , unplacedBoxesSize:6
currentRepackCostTime:100.47800000000001s , currentRepackMaxTime:244.7405114503817s
iter4		 Improve solution by repack 0.5176830825047031->0.515531779091642 , unplacedBoxesSize:7
currentRepackCostTime:100.503s , currentRepackMaxTime:244.7405114503817s
iter2		 Improve solution by repack 0.515531779091642->0.5110638941144854 , unplacedBoxesSize:7
currentRepackCostTime:100.522s , currentRepackMaxTime:244.7405114503817s
iter10		 Improve solution by repack 0.5110638941144854->0.49542965600644984 , unplacedBoxesSize:7
currentRepackCostTime:100.619s , currentRepackMaxTime:244.7405114503817s
iter8		 Improve solution by repack 0.49542965600644984->0.4904246170384305 , unplacedBoxesSize:4
currentRepackCostTime:100.699s , currentRepackMaxTime:244.7405114503817s
iter10		 Improve solution by repack 0.4904246170384305->0.4863544746036012 , unplacedBoxesSize:6
currentRepackCostTime:100.763s , currentRepackMaxTime:244.7405114503817s
iter3		 Improve solution by repack 0.4863544746036012->0.4784553883364687 , unplacedBoxesSize:6
currentRepackCostTime:100.781s , currentRepackMaxTime:244.7405114503817s
iter10		 Improve solution by repack 0.4784553883364687->0.47720941951088414 , unplacedBoxesSize:4
currentRepackCostTime:100.873s , currentRepackMaxTime:244.7405114503817s
iter17		 Improve solution by repack 0.47720941951088414->0.47479037893039505 , unplacedBoxesSize:4
currentRepackCostTime:101.013s , currentRepackMaxTime:244.7405114503817s
iter241		 Improve solution by repack 0.47479037893039505->0.4692444907282988 , unplacedBoxesSize:5
currentRepackCostTime:102.676s , currentRepackMaxTime:244.7405114503817s
iter26		 Improve solution by repack 0.4692444907282988->0.4670115560333244 , unplacedBoxesSize:5
currentRepackCostTime:102.881s , currentRepackMaxTime:244.7405114503817s
iter118		 Improve solution by repack 0.4670115560333244->0.46098797366299377 , unplacedBoxesSize:4
currentRepackCostTime:103.86s , currentRepackMaxTime:244.7405114503817s
iter107		 Improve solution by repack 0.46098797366299377->0.4571741467347487 , unplacedBoxesSize:5
currentRepackCostTime:104.56700000000001s , currentRepackMaxTime:244.7405114503817s
iter28		 Improve solution by repack 0.4571741467347487->0.4511609782316581 , unplacedBoxesSize:5
currentRepackCostTime:104.801s , currentRepackMaxTime:244.7405114503817s
iter241		 Improve solution by repack 0.4511609782316581->0.4505230448804085 , unplacedBoxesSize:5
currentRepackCostTime:106.654s , currentRepackMaxTime:244.7405114503817s
Selecting boards with low utilization for repacking...
iter2		 Improve solution by repack 0.9325749126578876->0.8999344934157484 , unplacedBoxesSize:9
currentRepackCostTime:109.065s , currentRepackMaxTime:244.7405114503817s
iter2		 Improve solution by repack 0.8999344934157484->0.47995968825584523 , unplacedBoxesSize:5
currentRepackCostTime:109.081s , currentRepackMaxTime:244.7405114503817s
iter45		 Improve solution by repack 0.47995968825584523->0.4792723730180059 , unplacedBoxesSize:7
currentRepackCostTime:109.43900000000001s , currentRepackMaxTime:244.7405114503817s
iter7		 Improve solution by repack 0.4792723730180059->0.4698817522171459 , unplacedBoxesSize:6
currentRepackCostTime:109.507s , currentRepackMaxTime:244.7405114503817s
iter6		 Improve solution by repack 0.4698817522171459->0.46560064498790643 , unplacedBoxesSize:6
currentRepackCostTime:109.56s , currentRepackMaxTime:244.7405114503817s
iter45		 Improve solution by repack 0.46560064498790643->0.46004434291857027 , unplacedBoxesSize:5
currentRepackCostTime:109.925s , currentRepackMaxTime:244.7405114503817s
Selecting boards with low utilization for repacking...
iter1		 Improve solution by repack 0.9352415345337275->0.9291799919376511 , unplacedBoxesSize:9
currentRepackCostTime:113.759s , currentRepackMaxTime:244.7405114503817s
iter4		 Improve solution by repack 0.9291799919376511->0.4980082639075517 , unplacedBoxesSize:6
currentRepackCostTime:113.794s , currentRepackMaxTime:244.7405114503817s
iter5		 Improve solution by repack 0.4980082639075517->0.48978265251276537 , unplacedBoxesSize:6
currentRepackCostTime:113.84100000000001s , currentRepackMaxTime:244.7405114503817s
iter1		 Improve solution by repack 0.48978265251276537->0.47567858102660576 , unplacedBoxesSize:5
currentRepackCostTime:113.849s , currentRepackMaxTime:244.7405114503817s
iter6		 Improve solution by repack 0.47567858102660576->0.4737056570814297 , unplacedBoxesSize:6
currentRepackCostTime:113.891s , currentRepackMaxTime:244.7405114503817s
iter113		 Improve solution by repack 0.4737056570814297->0.46878661650094067 , unplacedBoxesSize:6
currentRepackCostTime:114.843s , currentRepackMaxTime:244.7405114503817s
iter129		 Improve solution by repack 0.46878661650094067->0.4515399086267132 , unplacedBoxesSize:6
currentRepackCostTime:115.933s , currentRepackMaxTime:244.7405114503817s
iter32		 Improve solution by repack 0.4515399086267132->0.44912657887664603 , unplacedBoxesSize:5
currentRepackCostTime:116.221s , currentRepackMaxTime:244.7405114503817s
iter9		 Improve solution by repack 0.44912657887664603->0.44624193765116904 , unplacedBoxesSize:5
currentRepackCostTime:116.295s , currentRepackMaxTime:244.7405114503817s
Selecting boards with low utilization for repacking...
iter5		 Improve solution by repack 0.9260400429991937->0.9225107497984413 , unplacedBoxesSize:10
currentRepackCostTime:118.72500000000001s , currentRepackMaxTime:244.7405114503817s
iter1		 Improve solution by repack 0.9225107497984413->0.4783001881214727 , unplacedBoxesSize:6
currentRepackCostTime:118.729s , currentRepackMaxTime:244.7405114503817s
iter19		 Improve solution by repack 0.4783001881214727->0.47479978500403114 , unplacedBoxesSize:6
currentRepackCostTime:118.908s , currentRepackMaxTime:244.7405114503817s
iter51		 Improve solution by repack 0.47479978500403114->0.4737056570814297 , unplacedBoxesSize:6
currentRepackCostTime:119.354s , currentRepackMaxTime:244.7405114503817s
iter6		 Improve solution by repack 0.4737056570814297->0.46402983069067455 , unplacedBoxesSize:6
currentRepackCostTime:119.395s , currentRepackMaxTime:244.7405114503817s
Selecting boards with low utilization for repacking...
iter1		 Improve solution by repack 0.89873958613276->0.46402983069067455 , unplacedBoxesSize:6
currentRepackCostTime:123.656s , currentRepackMaxTime:244.7405114503817s
Selecting boards with low utilization for repacking...
iter4		 Improve solution by repack 0.9295787422735823->0.9110578473528621 , unplacedBoxesSize:4
currentRepackCostTime:128.782s , currentRepackMaxTime:244.7405114503817s
iter14		 Improve solution by repack 0.9110578473528621->0.46402983069067455 , unplacedBoxesSize:6
currentRepackCostTime:128.855s , currentRepackMaxTime:244.7405114503817s
Selecting boards with low utilization for repacking...
iter2		 Improve solution by repack 0.9439868314969095->0.9387634372480516 , unplacedBoxesSize:9
currentRepackCostTime:133.83s , currentRepackMaxTime:244.7405114503817s
iter1		 Improve solution by repack 0.9387634372480516->0.46922836603063695 , unplacedBoxesSize:6
currentRepackCostTime:133.839s , currentRepackMaxTime:244.7405114503817s
iter9		 Improve solution by repack 0.46922836603063695->0.4644853533996237 , unplacedBoxesSize:5
currentRepackCostTime:133.924s , currentRepackMaxTime:244.7405114503817s
iter4		 Improve solution by repack 0.4644853533996237->0.46359580757860785 , unplacedBoxesSize:5
currentRepackCostTime:133.957s , currentRepackMaxTime:244.7405114503817s
iter19		 Improve solution by repack 0.46359580757860785->0.4625497178177909 , unplacedBoxesSize:6
currentRepackCostTime:134.095s , currentRepackMaxTime:244.7405114503817s
iter1		 Improve solution by repack 0.4625497178177909->0.45781140822359584 , unplacedBoxesSize:5
currentRepackCostTime:134.101s , currentRepackMaxTime:244.7405114503817s
Selecting boards with low utilization for repacking...
iter2		 Improve solution by repack 0.9463840365493147->0.4977126444504165 , unplacedBoxesSize:8
currentRepackCostTime:138.45000000000002s , currentRepackMaxTime:244.7405114503817s
iter1		 Improve solution by repack 0.4977126444504165->0.49211871808653584 , unplacedBoxesSize:7
currentRepackCostTime:138.456s , currentRepackMaxTime:244.7405114503817s
iter12		 Improve solution by repack 0.49211871808653584->0.48748958613276 , unplacedBoxesSize:7
currentRepackCostTime:138.576s , currentRepackMaxTime:244.7405114503817s
iter78		 Improve solution by repack 0.48748958613276->0.48656140822359584 , unplacedBoxesSize:7
currentRepackCostTime:139.294s , currentRepackMaxTime:244.7405114503817s
iter34		 Improve solution by repack 0.48656140822359584->0.48408106019887126 , unplacedBoxesSize:5
currentRepackCostTime:139.581s , currentRepackMaxTime:244.7405114503817s
iter99		 Improve solution by repack 0.48408106019887126->0.471425524052674 , unplacedBoxesSize:5
currentRepackCostTime:140.334s , currentRepackMaxTime:244.7405114503817s
iter135		 Improve solution by repack 0.471425524052674->0.47036935635581834 , unplacedBoxesSize:6
currentRepackCostTime:141.32s , currentRepackMaxTime:244.7405114503817s
iter8		 Improve solution by repack 0.47036935635581834->0.46362318597151303 , unplacedBoxesSize:6
currentRepackCostTime:141.386s , currentRepackMaxTime:244.7405114503817s
iter70		 Improve solution by repack 0.46362318597151303->0.4635714525665144 , unplacedBoxesSize:5
currentRepackCostTime:141.969s , currentRepackMaxTime:244.7405114503817s
iter108		 Improve solution by repack 0.4635714525665144->0.4582756651437786 , unplacedBoxesSize:6
currentRepackCostTime:142.823s , currentRepackMaxTime:244.7405114503817s
iter38		 Improve solution by repack 0.4582756651437786->0.45435501209352325 , unplacedBoxesSize:6
currentRepackCostTime:143.139s , currentRepackMaxTime:244.7405114503817s
iter26		 Improve solution by repack 0.45435501209352325->0.45212308519215266 , unplacedBoxesSize:6
currentRepackCostTime:143.382s , currentRepackMaxTime:244.7405114503817s
iter9		 Improve solution by repack 0.45212308519215266->0.44582303144316043 , unplacedBoxesSize:5
currentRepackCostTime:143.445s , currentRepackMaxTime:244.7405114503817s
iter38		 Improve solution by repack 0.44582303144316043->0.44090399086267135 , unplacedBoxesSize:5
currentRepackCostTime:143.81300000000002s , currentRepackMaxTime:244.7405114503817s
iter24		 Improve solution by repack 0.44090399086267135->0.4395995700080623 , unplacedBoxesSize:5
currentRepackCostTime:144.026s , currentRepackMaxTime:244.7405114503817s
iter45		 Improve solution by repack 0.4395995700080623->0.4335864015049718 , unplacedBoxesSize:5
currentRepackCostTime:144.468s , currentRepackMaxTime:244.7405114503817s
Selecting boards with low utilization for repacking...
iter3		 Improve solution by repack 0.9517592717011556->0.9503389545821016 , unplacedBoxesSize:10
currentRepackCostTime:148.454s , currentRepackMaxTime:244.7405114503817s
iter6		 Improve solution by repack 0.9503389545821016->0.9474543133566246 , unplacedBoxesSize:10
currentRepackCostTime:148.501s , currentRepackMaxTime:244.7405114503817s
iter3		 Improve solution by repack 0.9474543133566246->0.47798676431066917 , unplacedBoxesSize:6
currentRepackCostTime:148.52s , currentRepackMaxTime:244.7405114503817s
iter81		 Improve solution by repack 0.47798676431066917->0.4730677237301801 , unplacedBoxesSize:6
currentRepackCostTime:149.174s , currentRepackMaxTime:244.7405114503817s
Selecting boards with low utilization for repacking...
iter1		 Improve solution by repack 0.9565180730986295->0.929470572426767 , unplacedBoxesSize:9
currentRepackCostTime:153.689s , currentRepackMaxTime:244.7405114503817s
iter1		 Improve solution by repack 0.929470572426767->0.5182867508734211 , unplacedBoxesSize:7
currentRepackCostTime:153.697s , currentRepackMaxTime:244.7405114503817s
iter9		 Improve solution by repack 0.5182867508734211->0.5161220102123085 , unplacedBoxesSize:7
currentRepackCostTime:153.77100000000002s , currentRepackMaxTime:244.7405114503817s
iter9		 Improve solution by repack 0.5161220102123085->0.5016904058048911 , unplacedBoxesSize:7
currentRepackCostTime:153.864s , currentRepackMaxTime:244.7405114503817s
iter3		 Improve solution by repack 0.5016904058048911->0.500487772104273 , unplacedBoxesSize:7
currentRepackCostTime:153.897s , currentRepackMaxTime:244.7405114503817s
iter8		 Improve solution by repack 0.500487772104273->0.49989115829078207 , unplacedBoxesSize:7
currentRepackCostTime:153.968s , currentRepackMaxTime:244.7405114503817s
iter1		 Improve solution by repack 0.49989115829078207->0.4982786885245902 , unplacedBoxesSize:7
currentRepackCostTime:153.97s , currentRepackMaxTime:244.7405114503817s
iter14		 Improve solution by repack 0.4982786885245902->0.49411045417898414 , unplacedBoxesSize:8
currentRepackCostTime:154.104s , currentRepackMaxTime:244.7405114503817s
iter4		 Improve solution by repack 0.49411045417898414->0.4935860655737705 , unplacedBoxesSize:6
currentRepackCostTime:154.15200000000002s , currentRepackMaxTime:244.7405114503817s
iter19		 Improve solution by repack 0.4935860655737705->0.49043301531846273 , unplacedBoxesSize:8
currentRepackCostTime:154.324s , currentRepackMaxTime:244.7405114503817s
iter3		 Improve solution by repack 0.49043301531846273->0.472559123891427 , unplacedBoxesSize:7
currentRepackCostTime:154.347s , currentRepackMaxTime:244.7405114503817s
iter27		 Improve solution by repack 0.472559123891427->0.465451827465735 , unplacedBoxesSize:7
currentRepackCostTime:154.595s , currentRepackMaxTime:244.7405114503817s
iter20		 Improve solution by repack 0.465451827465735->0.4605327868852459 , unplacedBoxesSize:7
currentRepackCostTime:154.793s , currentRepackMaxTime:244.7405114503817s
iter1		 Improve solution by repack 0.4605327868852459->0.45943865896264446 , unplacedBoxesSize:7
currentRepackCostTime:154.802s , currentRepackMaxTime:244.7405114503817s
iter80		 Improve solution by repack 0.45943865896264446->0.45500772641762965 , unplacedBoxesSize:6
currentRepackCostTime:155.507s , currentRepackMaxTime:244.7405114503817s
iter90		 Improve solution by repack 0.45500772641762965->0.45008868583714057 , unplacedBoxesSize:6
currentRepackCostTime:156.29500000000002s , currentRepackMaxTime:244.7405114503817s
iter60		 Improve solution by repack 0.45008868583714057->0.4472040446116635 , unplacedBoxesSize:6
currentRepackCostTime:156.806s , currentRepackMaxTime:244.7405114503817s
iter47		 Improve solution by repack 0.4472040446116635->0.44624193765116904 , unplacedBoxesSize:5
currentRepackCostTime:157.198s , currentRepackMaxTime:244.7405114503817s
Selecting boards with low utilization for repacking...
iter2		 Improve solution by repack 0.9557833915614082->0.9396037691480784 , unplacedBoxesSize:10
currentRepackCostTime:161.274s , currentRepackMaxTime:244.7405114503817s
iter2		 Improve solution by repack 0.9396037691480784->0.5692275262026337 , unplacedBoxesSize:6
currentRepackCostTime:161.288s , currentRepackMaxTime:244.7405114503817s
iter29		 Improve solution by repack 0.5692275262026337->0.5647534264982531 , unplacedBoxesSize:7
currentRepackCostTime:161.54500000000002s , currentRepackMaxTime:244.7405114503817s
iter18		 Improve solution by repack 0.5647534264982531->0.49618818865896264 , unplacedBoxesSize:5
currentRepackCostTime:161.691s , currentRepackMaxTime:244.7405114503817s
iter16		 Improve solution by repack 0.49618818865896264->0.4874412120397742 , unplacedBoxesSize:6
currentRepackCostTime:161.80700000000002s , currentRepackMaxTime:244.7405114503817s
iter66		 Improve solution by repack 0.4874412120397742->0.47121271163665684 , unplacedBoxesSize:6
currentRepackCostTime:162.40200000000002s , currentRepackMaxTime:244.7405114503817s
iter18		 Improve solution by repack 0.47121271163665684->0.46897608169846816 , unplacedBoxesSize:6
currentRepackCostTime:162.53s , currentRepackMaxTime:244.7405114503817s
iter51		 Improve solution by repack 0.46897608169846816->0.46469497446922875 , unplacedBoxesSize:6
currentRepackCostTime:162.979s , currentRepackMaxTime:244.7405114503817s
iter142		 Improve solution by repack 0.46469497446922875->0.4479372144584789 , unplacedBoxesSize:5
currentRepackCostTime:164.225s , currentRepackMaxTime:244.7405114503817s
iter8		 Improve solution by repack 0.4479372144584789->0.44570427976350446 , unplacedBoxesSize:5
currentRepackCostTime:164.281s , currentRepackMaxTime:244.7405114503817s
Selecting boards with low utilization for repacking...
iter3		 Improve solution by repack 0.9600117575920453->0.924018744961032 , unplacedBoxesSize:10
currentRepackCostTime:168.583s , currentRepackMaxTime:244.7405114503817s
iter12		 Improve solution by repack 0.924018744961032->0.5030304353668369 , unplacedBoxesSize:6
currentRepackCostTime:168.693s , currentRepackMaxTime:244.7405114503817s
iter9		 Improve solution by repack 0.5030304353668369->0.4914609647944101 , unplacedBoxesSize:6
currentRepackCostTime:168.772s , currentRepackMaxTime:244.7405114503817s
iter9		 Improve solution by repack 0.4914609647944101->0.4905052405267401 , unplacedBoxesSize:6
currentRepackCostTime:168.836s , currentRepackMaxTime:244.7405114503817s
iter1		 Improve solution by repack 0.4905052405267401->0.4808129535071217 , unplacedBoxesSize:6
currentRepackCostTime:168.846s , currentRepackMaxTime:244.7405114503817s
iter46		 Improve solution by repack 0.4808129535071217->0.46040177371674285 , unplacedBoxesSize:6
currentRepackCostTime:169.25s , currentRepackMaxTime:244.7405114503817s
iter1		 Improve solution by repack 0.46040177371674285->0.4590973528621339 , unplacedBoxesSize:6
currentRepackCostTime:169.258s , currentRepackMaxTime:244.7405114503817s
iter4		 Improve solution by repack 0.4590973528621339->0.4530841843590433 , unplacedBoxesSize:6
currentRepackCostTime:169.28900000000002s , currentRepackMaxTime:244.7405114503817s
iter53		 Improve solution by repack 0.4530841843590433->0.44624193765116904 , unplacedBoxesSize:5
currentRepackCostTime:169.71s , currentRepackMaxTime:244.7405114503817s
Selecting boards with low utilization for repacking...
All low-utilization boards have been repacked once. Restarting repacking process...
Selecting boards with low utilization for repacking...
Selecting boards with low utilization for repacking...
iter9		 Improve solution by repack 0.9147739183015318->0.44624193765116904 , unplacedBoxesSize:5
currentRepackCostTime:175.61s , currentRepackMaxTime:244.7405114503817s
Selecting boards with low utilization for repacking...
iter2		 Improve solution by repack 0.9147739183015318->0.5596412254770223 , unplacedBoxesSize:7
currentRepackCostTime:180.168s , currentRepackMaxTime:244.7405114503817s
iter9		 Improve solution by repack 0.5596412254770223->0.529728903520559 , unplacedBoxesSize:6
currentRepackCostTime:180.272s , currentRepackMaxTime:244.7405114503817s
iter15		 Improve solution by repack 0.529728903520559->0.5238192018274657 , unplacedBoxesSize:6
currentRepackCostTime:180.395s , currentRepackMaxTime:244.7405114503817s
iter2		 Improve solution by repack 0.5238192018274657->0.5123703305563021 , unplacedBoxesSize:6
currentRepackCostTime:180.411s , currentRepackMaxTime:244.7405114503817s
iter7		 Improve solution by repack 0.5123703305563021->0.49754367105616765 , unplacedBoxesSize:5
currentRepackCostTime:180.469s , currentRepackMaxTime:244.7405114503817s
iter39		 Improve solution by repack 0.49754367105616765->0.4918516527815104 , unplacedBoxesSize:5
currentRepackCostTime:180.75300000000001s , currentRepackMaxTime:244.7405114503817s
iter14		 Improve solution by repack 0.4918516527815104->0.48661079011018543 , unplacedBoxesSize:5
currentRepackCostTime:180.88400000000001s , currentRepackMaxTime:244.7405114503817s
iter20		 Improve solution by repack 0.48661079011018543->0.47915446116635313 , unplacedBoxesSize:5
currentRepackCostTime:181.043s , currentRepackMaxTime:244.7405114503817s
iter8		 Improve solution by repack 0.47915446116635313->0.47691715936576184 , unplacedBoxesSize:5
currentRepackCostTime:181.096s , currentRepackMaxTime:244.7405114503817s
iter10		 Improve solution by repack 0.47691715936576184->0.46523112066648753 , unplacedBoxesSize:6
currentRepackCostTime:181.172s , currentRepackMaxTime:244.7405114503817s
iter17		 Improve solution by repack 0.46523112066648753->0.4560309728567589 , unplacedBoxesSize:6
currentRepackCostTime:181.333s , currentRepackMaxTime:244.7405114503817s
iter16		 Improve solution by repack 0.4560309728567589->0.4488726148884708 , unplacedBoxesSize:6
currentRepackCostTime:181.478s , currentRepackMaxTime:244.7405114503817s
iter34		 Improve solution by repack 0.4488726148884708->0.4335864015049718 , unplacedBoxesSize:5
currentRepackCostTime:181.814s , currentRepackMaxTime:244.7405114503817s
Selecting boards with low utilization for repacking...
iter1		 Improve solution by repack 0.9067666621875841->0.9039209889814566 , unplacedBoxesSize:10
currentRepackCostTime:185.05s , currentRepackMaxTime:244.7405114503817s
iter10		 Improve solution by repack 0.9039209889814566->0.4330499193765117 , unplacedBoxesSize:5
currentRepackCostTime:185.145s , currentRepackMaxTime:244.7405114503817s
iter12		 Improve solution by repack 0.4330499193765117->0.43174549852190275 , unplacedBoxesSize:5
currentRepackCostTime:185.255s , currentRepackMaxTime:244.7405114503817s
iter280		 Improve solution by repack 0.43174549852190275->0.4306513705993013 , unplacedBoxesSize:5
currentRepackCostTime:187.534s , currentRepackMaxTime:244.7405114503817s
iter116		 Improve solution by repack 0.4306513705993013->0.4209755442085461 , unplacedBoxesSize:5
currentRepackCostTime:188.49s , currentRepackMaxTime:244.7405114503817s
iter91		 Improve solution by repack 0.4209755442085461->0.41009809191077673 , unplacedBoxesSize:5
currentRepackCostTime:189.18800000000002s , currentRepackMaxTime:244.7405114503817s
iter103		 Improve solution by repack 0.41009809191077673->0.4078651572158022 , unplacedBoxesSize:5
currentRepackCostTime:190.07s , currentRepackMaxTime:244.7405114503817s
Selecting boards with low utilization for repacking...
iter4		 Improve solution by repack 0.9184338887395862->0.914924751410911 , unplacedBoxesSize:10
currentRepackCostTime:194.905s , currentRepackMaxTime:244.7405114503817s
iter3		 Improve solution by repack 0.914924751410911->0.5204316715936576 , unplacedBoxesSize:7
currentRepackCostTime:194.935s , currentRepackMaxTime:244.7405114503817s
iter2		 Improve solution by repack 0.5204316715936576->0.47479978500403114 , unplacedBoxesSize:6
currentRepackCostTime:194.95000000000002s , currentRepackMaxTime:244.7405114503817s
iter9		 Improve solution by repack 0.47479978500403114->0.4737056570814297 , unplacedBoxesSize:6
currentRepackCostTime:195.023s , currentRepackMaxTime:244.7405114503817s
iter9		 Improve solution by repack 0.4737056570814297->0.4644893845740392 , unplacedBoxesSize:6
currentRepackCostTime:195.096s , currentRepackMaxTime:244.7405114503817s
iter6		 Improve solution by repack 0.4644893845740392->0.4564925423273314 , unplacedBoxesSize:6
currentRepackCostTime:195.151s , currentRepackMaxTime:244.7405114503817s
iter119		 Improve solution by repack 0.4564925423273314->0.4406510346681 , unplacedBoxesSize:6
currentRepackCostTime:196.263s , currentRepackMaxTime:244.7405114503817s
iter38		 Improve solution by repack 0.4406510346681->0.43394786347755976 , unplacedBoxesSize:5
currentRepackCostTime:196.55s , currentRepackMaxTime:244.7405114503817s
iter102		 Improve solution by repack 0.43394786347755976->0.43269349637194304 , unplacedBoxesSize:6
currentRepackCostTime:197.371s , currentRepackMaxTime:244.7405114503817s
iter6		 Improve solution by repack 0.43269349637194304->0.4312355549583445 , unplacedBoxesSize:5
currentRepackCostTime:197.428s , currentRepackMaxTime:244.7405114503817s
Selecting boards with low utilization for repacking...
iter4		 Improve solution by repack 0.9109184359043268->0.9036031980650363 , unplacedBoxesSize:8
currentRepackCostTime:199.986s , currentRepackMaxTime:244.7405114503817s
iter24		 Improve solution by repack 0.9036031980650363->0.44617811072292396 , unplacedBoxesSize:5
currentRepackCostTime:200.203s , currentRepackMaxTime:244.7405114503817s
iter5		 Improve solution by repack 0.44617811072292396->0.44067018274657355 , unplacedBoxesSize:5
currentRepackCostTime:200.25300000000001s , currentRepackMaxTime:244.7405114503817s
iter18		 Improve solution by repack 0.44067018274657355->0.44047836603063695 , unplacedBoxesSize:4
currentRepackCostTime:200.388s , currentRepackMaxTime:244.7405114503817s
iter71		 Improve solution by repack 0.44047836603063695->0.43867508734211236 , unplacedBoxesSize:5
currentRepackCostTime:200.89600000000002s , currentRepackMaxTime:244.7405114503817s
iter11		 Improve solution by repack 0.43867508734211236->0.4340459553883365 , unplacedBoxesSize:5
currentRepackCostTime:201.00900000000001s , currentRepackMaxTime:244.7405114503817s
iter64		 Improve solution by repack 0.4340459553883365->0.4302358237033056 , unplacedBoxesSize:6
currentRepackCostTime:201.546s , currentRepackMaxTime:244.7405114503817s
iter56		 Improve solution by repack 0.4302358237033056->0.4223367374361731 , unplacedBoxesSize:6
currentRepackCostTime:202.067s , currentRepackMaxTime:244.7405114503817s
iter9		 Improve solution by repack 0.4223367374361731->0.4211764310669175 , unplacedBoxesSize:6
currentRepackCostTime:202.161s , currentRepackMaxTime:244.7405114503817s
iter29		 Improve solution by repack 0.4211764310669175->0.41612536952432144 , unplacedBoxesSize:7
currentRepackCostTime:202.416s , currentRepackMaxTime:244.7405114503817s
iter54		 Improve solution by repack 0.41612536952432144->0.4134792394517603 , unplacedBoxesSize:6
currentRepackCostTime:202.942s , currentRepackMaxTime:244.7405114503817s
iter9		 Improve solution by repack 0.4134792394517603->0.4125171324912658 , unplacedBoxesSize:5
currentRepackCostTime:203.023s , currentRepackMaxTime:244.7405114503817s
iter150		 Improve solution by repack 0.4125171324912658->0.4110417226552002 , unplacedBoxesSize:4
currentRepackCostTime:204.279s , currentRepackMaxTime:244.7405114503817s
Selecting boards with low utilization for repacking...
iter6		 Improve solution by repack 0.9164985890889545->0.45169074173609247 , unplacedBoxesSize:5
currentRepackCostTime:207.19s , currentRepackMaxTime:244.7405114503817s
iter1		 Improve solution by repack 0.45169074173609247->0.4456127385111529 , unplacedBoxesSize:5
currentRepackCostTime:207.197s , currentRepackMaxTime:244.7405114503817s
iter40		 Improve solution by repack 0.4456127385111529->0.4270878124160172 , unplacedBoxesSize:5
currentRepackCostTime:207.538s , currentRepackMaxTime:244.7405114503817s
iter272		 Improve solution by repack 0.4270878124160172->0.426146869121204 , unplacedBoxesSize:5
currentRepackCostTime:209.73600000000002s , currentRepackMaxTime:244.7405114503817s
iter109		 Improve solution by repack 0.426146869121204->0.4257323300188121 , unplacedBoxesSize:5
currentRepackCostTime:210.64000000000001s , currentRepackMaxTime:244.7405114503817s
iter282		 Improve solution by repack 0.4257323300188121->0.4209755442085461 , unplacedBoxesSize:5
currentRepackCostTime:212.982s , currentRepackMaxTime:244.7405114503817s
Selecting boards with low utilization for repacking...
iter3		 Improve solution by repack 0.9287221177102929->0.4209755442085461 , unplacedBoxesSize:5
currentRepackCostTime:217.05700000000002s , currentRepackMaxTime:244.7405114503817s
Selecting boards with low utilization for repacking...
iter4		 Improve solution by repack 0.9197117710292931->0.9164633163128192 , unplacedBoxesSize:9
currentRepackCostTime:222.008s , currentRepackMaxTime:244.7405114503817s
iter5		 Improve solution by repack 0.9164633163128192->0.5018689532383768 , unplacedBoxesSize:6
currentRepackCostTime:222.049s , currentRepackMaxTime:244.7405114503817s
iter2		 Improve solution by repack 0.5018689532383768->0.4965923138941145 , unplacedBoxesSize:7
currentRepackCostTime:222.079s , currentRepackMaxTime:244.7405114503817s
iter12		 Improve solution by repack 0.4965923138941145->0.49392837946788504 , unplacedBoxesSize:7
currentRepackCostTime:222.16400000000002s , currentRepackMaxTime:244.7405114503817s
iter8		 Improve solution by repack 0.49392837946788504->0.48177506046761626 , unplacedBoxesSize:7
currentRepackCostTime:222.238s , currentRepackMaxTime:244.7405114503817s
iter8		 Improve solution by repack 0.48177506046761626->0.4725490459553883 , unplacedBoxesSize:6
currentRepackCostTime:222.30100000000002s , currentRepackMaxTime:244.7405114503817s
iter116		 Improve solution by repack 0.4725490459553883->0.46878661650094067 , unplacedBoxesSize:6
currentRepackCostTime:223.294s , currentRepackMaxTime:244.7405114503817s
iter62		 Improve solution by repack 0.46878661650094067->0.46638134909970436 , unplacedBoxesSize:6
currentRepackCostTime:223.856s , currentRepackMaxTime:244.7405114503817s
iter124		 Improve solution by repack 0.46638134909970436->0.45973662993818865 , unplacedBoxesSize:6
currentRepackCostTime:224.881s , currentRepackMaxTime:244.7405114503817s
iter4		 Improve solution by repack 0.45973662993818865->0.4540872749260951 , unplacedBoxesSize:6
currentRepackCostTime:224.904s , currentRepackMaxTime:244.7405114503817s
iter22		 Improve solution by repack 0.4540872749260951->0.45326122010212305 , unplacedBoxesSize:6
currentRepackCostTime:225.089s , currentRepackMaxTime:244.7405114503817s
iter10		 Improve solution by repack 0.45326122010212305->0.4401975275463585 , unplacedBoxesSize:5
currentRepackCostTime:225.173s , currentRepackMaxTime:244.7405114503817s
iter159		 Improve solution by repack 0.4401975275463585->0.435699744692287 , unplacedBoxesSize:6
currentRepackCostTime:226.534s , currentRepackMaxTime:244.7405114503817s
iter13		 Improve solution by repack 0.435699744692287->0.42476753560870734 , unplacedBoxesSize:6
currentRepackCostTime:226.651s , currentRepackMaxTime:244.7405114503817s
iter47		 Improve solution by repack 0.42476753560870734->0.42260279494759473 , unplacedBoxesSize:6
currentRepackCostTime:227.05100000000002s , currentRepackMaxTime:244.7405114503817s
iter120		 Improve solution by repack 0.42260279494759473->0.4184953641494222 , unplacedBoxesSize:6
currentRepackCostTime:228.091s , currentRepackMaxTime:244.7405114503817s
iter32		 Improve solution by repack 0.4184953641494222->0.41605986294006986 , unplacedBoxesSize:6
currentRepackCostTime:228.363s , currentRepackMaxTime:244.7405114503817s
iter47		 Improve solution by repack 0.41605986294006986->0.4125594598226283 , unplacedBoxesSize:6
currentRepackCostTime:228.85s , currentRepackMaxTime:244.7405114503817s
iter17		 Improve solution by repack 0.4125594598226283->0.40654629131953773 , unplacedBoxesSize:6
currentRepackCostTime:229.02100000000002s , currentRepackMaxTime:244.7405114503817s
iter34		 Improve solution by repack 0.40654629131953773->0.4041497581295351 , unplacedBoxesSize:5
currentRepackCostTime:229.338s , currentRepackMaxTime:244.7405114503817s
iter16		 Improve solution by repack 0.4041497581295351->0.3905321150228433 , unplacedBoxesSize:4
currentRepackCostTime:229.473s , currentRepackMaxTime:244.7405114503817s
iter250		 Improve solution by repack 0.3905321150228433->0.3896533190002687 , unplacedBoxesSize:5
currentRepackCostTime:231.38400000000001s , currentRepackMaxTime:244.7405114503817s
iter43		 Improve solution by repack 0.3896533190002687->0.38364015049717815 , unplacedBoxesSize:5
currentRepackCostTime:231.72s , currentRepackMaxTime:244.7405114503817s
Selecting boards with low utilization for repacking...
iter19		 Improve solution by repack 0.9201464660037624->0.4053587745229777 , unplacedBoxesSize:5
currentRepackCostTime:234.756s , currentRepackMaxTime:244.7405114503817s
iter44		 Improve solution by repack 0.4053587745229777->0.3905321150228433 , unplacedBoxesSize:4
currentRepackCostTime:235.09900000000002s , currentRepackMaxTime:244.7405114503817s
iter118		 Improve solution by repack 0.3905321150228433->0.38364015049717815 , unplacedBoxesSize:5
currentRepackCostTime:235.999s , currentRepackMaxTime:244.7405114503817s
Selecting boards with low utilization for repacking...
iter2		 Improve solution by repack 0.9292832907820479->0.9075591238914271 , unplacedBoxesSize:8
currentRepackCostTime:239.585s , currentRepackMaxTime:244.7405114503817s
iter12		 Improve solution by repack 0.9075591238914271->0.4041497581295351 , unplacedBoxesSize:5
currentRepackCostTime:239.684s , currentRepackMaxTime:244.7405114503817s
Selecting boards with low utilization for repacking...
iter7		 Improve solution by repack 0.9421973259876378->0.9384930126310131 , unplacedBoxesSize:9
currentRepackCostTime:244.544s , currentRepackMaxTime:244.7405114503817s
iter2		 Improve solution by repack 0.9384930126310131->0.47005845202902447 , unplacedBoxesSize:7
currentRepackCostTime:244.56300000000002s , currentRepackMaxTime:244.7405114503817s
iter5		 Improve solution by repack 0.47005845202902447->0.46782182209083584 , unplacedBoxesSize:7
currentRepackCostTime:244.624s , currentRepackMaxTime:244.7405114503817s
iter11		 Improve solution by repack 0.46782182209083584->0.45642972319269015 , unplacedBoxesSize:5
currentRepackCostTime:244.709s , currentRepackMaxTime:244.7405114503817s
