total number of nestable workpieces：922
Start priority-first combined packing.
Start nesting on the 1th large board, remaining blocks count: 209
Utilization of the 1th large board: 94.32306275194841, Time taken for this board: 1.0030000000000001s
-------------------------------------------------------------------
Start nesting on the 2th large board, remaining blocks count: 209
Utilization of the 2th large board: 94.32306275194841, Time taken for this board: 2.003s
-------------------------------------------------------------------
Start nesting on the 3th large board, remaining blocks count: 207
Utilization of the 3th large board: 92.6847621607095, Time taken for this board: 3.0060000000000002s
-------------------------------------------------------------------
Start nesting on the 4th large board, remaining blocks count: 207
Utilization of the 4th large board: 92.6847621607095, Time taken for this board: 4.007s
-------------------------------------------------------------------
Start nesting on the 5th large board, remaining blocks count: 206
Utilization of the 5th large board: 97.16964297231927, Time taken for this board: 5.009s
-------------------------------------------------------------------
Start nesting on the 6th large board, remaining blocks count: 204
Utilization of the 6th large board: 96.73320343993551, Time taken for this board: 6.0120000000000005s
-------------------------------------------------------------------
Start nesting on the 7th large board, remaining blocks count: 200
Utilization of the 7th large board: 94.31577532921257, Time taken for this board: 7.015000000000001s
-------------------------------------------------------------------
Start nesting on the 8th large board, remaining blocks count: 200
Utilization of the 8th large board: 94.31577532921257, Time taken for this board: 8.018s
-------------------------------------------------------------------
Start nesting on the 9th large board, remaining blocks count: 200
Utilization of the 9th large board: 94.31577532921257, Time taken for this board: 9.021s
-------------------------------------------------------------------
Start nesting on the 10th large board, remaining blocks count: 200
Utilization of the 10th large board: 94.31577532921257, Time taken for this board: 10.024000000000001s
-------------------------------------------------------------------
Start nesting on the 11th large board, remaining blocks count: 198
Utilization of the 11th large board: 92.13779897876914, Time taken for this board: 11.028s
-------------------------------------------------------------------
Start nesting on the 12th large board, remaining blocks count: 198
Utilization of the 12th large board: 92.13779897876914, Time taken for this board: 12.030000000000001s
-------------------------------------------------------------------
Start nesting on the 13th large board, remaining blocks count: 198
Utilization of the 13th large board: 92.13779897876914, Time taken for this board: 13.031s
-------------------------------------------------------------------
Start nesting on the 14th large board, remaining blocks count: 198
Utilization of the 14th large board: 92.13779897876914, Time taken for this board: 14.031s
-------------------------------------------------------------------
Start nesting on the 15th large board, remaining blocks count: 197
Utilization of the 15th large board: 92.95691682343455, Time taken for this board: 15.031s
-------------------------------------------------------------------
Start nesting on the 16th large board, remaining blocks count: 195
Utilization of the 16th large board: 89.02492609513573, Time taken for this board: 16.035s
-------------------------------------------------------------------
Start nesting on the 17th large board, remaining blocks count: 195
Utilization of the 17th large board: 89.02492609513573, Time taken for this board: 17.035s
-------------------------------------------------------------------
Start nesting on the 18th large board, remaining blocks count: 193
Utilization of the 18th large board: 90.168486294007, Time taken for this board: 18.036s
-------------------------------------------------------------------
Start nesting on the 19th large board, remaining blocks count: 192
Utilization of the 19th large board: 90.28970706799247, Time taken for this board: 19.036s
-------------------------------------------------------------------
Start nesting on the 20th large board, remaining blocks count: 192
Utilization of the 20th large board: 90.28970706799247, Time taken for this board: 20.036s
-------------------------------------------------------------------
Start nesting on the 21th large board, remaining blocks count: 189
Utilization of the 21th large board: 90.64957336737436, Time taken for this board: 21.036s
-------------------------------------------------------------------
Start nesting on the 22th large board, remaining blocks count: 189
Utilization of the 22th large board: 90.64957336737436, Time taken for this board: 22.037s
-------------------------------------------------------------------
Start nesting on the 23th large board, remaining blocks count: 185
Utilization of the 23th large board: 97.25127653856491, Time taken for this board: 23.037s
-------------------------------------------------------------------
Start nesting on the 24th large board, remaining blocks count: 181
Utilization of the 24th large board: 97.2252082773448, Time taken for this board: 24.037s
-------------------------------------------------------------------
Start nesting on the 25th large board, remaining blocks count: 177
Utilization of the 25th large board: 96.72897070679925, Time taken for this board: 25.037s
-------------------------------------------------------------------
Start nesting on the 26th large board, remaining blocks count: 175
Utilization of the 26th large board: 96.59147406611126, Time taken for this board: 26.037s
-------------------------------------------------------------------
Start nesting on the 27th large board, remaining blocks count: 175
Utilization of the 27th large board: 96.59147406611126, Time taken for this board: 27.037s
-------------------------------------------------------------------
Start nesting on the 28th large board, remaining blocks count: 172
Utilization of the 28th large board: 96.91584923407687, Time taken for this board: 28.037s
-------------------------------------------------------------------
Start nesting on the 29th large board, remaining blocks count: 170
Utilization of the 29th large board: 96.28490325181403, Time taken for this board: 29.038s
-------------------------------------------------------------------
Start nesting on the 30th large board, remaining blocks count: 166
Utilization of the 30th large board: 96.01666218758399, Time taken for this board: 30.038s
-------------------------------------------------------------------
Start nesting on the 31th large board, remaining blocks count: 164
Utilization of the 31th large board: 95.75661784466541, Time taken for this board: 31.038s
-------------------------------------------------------------------
Start nesting on the 32th large board, remaining blocks count: 164
Utilization of the 32th large board: 95.75661784466541, Time taken for this board: 32.038000000000004s
-------------------------------------------------------------------
Start nesting on the 33th large board, remaining blocks count: 162
Utilization of the 33th large board: 95.69457135178716, Time taken for this board: 33.039s
-------------------------------------------------------------------
Start nesting on the 34th large board, remaining blocks count: 162
Utilization of the 34th large board: 95.69457135178716, Time taken for this board: 34.039s
-------------------------------------------------------------------
Start nesting on the 35th large board, remaining blocks count: 158
Utilization of the 35th large board: 95.65123622682076, Time taken for this board: 35.039s
-------------------------------------------------------------------
Start nesting on the 36th large board, remaining blocks count: 156
Utilization of the 36th large board: 95.5236159634507, Time taken for this board: 36.039s
-------------------------------------------------------------------
Start nesting on the 37th large board, remaining blocks count: 154
Utilization of the 37th large board: 95.20723595807578, Time taken for this board: 37.039s
-------------------------------------------------------------------
Start nesting on the 38th large board, remaining blocks count: 152
Utilization of the 38th large board: 95.18758398280032, Time taken for this board: 38.039s
-------------------------------------------------------------------
Start nesting on the 39th large board, remaining blocks count: 150
Utilization of the 39th large board: 94.96254367105617, Time taken for this board: 39.039s
-------------------------------------------------------------------
Start nesting on the 40th large board, remaining blocks count: 147
Utilization of the 40th large board: 88.64391292663262, Time taken for this board: 39.674s
-------------------------------------------------------------------
Start nesting on the 41th large board, remaining blocks count: 147
Utilization of the 41th large board: 88.64391292663262, Time taken for this board: 40.347s
-------------------------------------------------------------------
Start nesting on the 42th large board, remaining blocks count: 144
Utilization of the 42th large board: 99.05331228164471, Time taken for this board: 41.347s
-------------------------------------------------------------------
Start nesting on the 43th large board, remaining blocks count: 138
Utilization of the 43th large board: 98.85514646600376, Time taken for this board: 42.347s
-------------------------------------------------------------------
Start nesting on the 44th large board, remaining blocks count: 134
Utilization of the 44th large board: 98.67508734211233, Time taken for this board: 43.347s
-------------------------------------------------------------------
Start nesting on the 45th large board, remaining blocks count: 132
Utilization of the 45th large board: 98.97547702230584, Time taken for this board: 44.347s
-------------------------------------------------------------------
Start nesting on the 46th large board, remaining blocks count: 128
Utilization of the 46th large board: 99.25396398817523, Time taken for this board: 44.897s
-------------------------------------------------------------------
Start nesting on the 47th large board, remaining blocks count: 124
Utilization of the 47th large board: 99.21348427841978, Time taken for this board: 45.403s
-------------------------------------------------------------------
Start nesting on the 48th large board, remaining blocks count: 120
Utilization of the 48th large board: 98.27593388873957, Time taken for this board: 45.876s
-------------------------------------------------------------------
Start nesting on the 49th large board, remaining blocks count: 114
Utilization of the 49th large board: 98.0559661381349, Time taken for this board: 46.306000000000004s
-------------------------------------------------------------------
Start nesting on the 50th large board, remaining blocks count: 112
Utilization of the 50th large board: 98.03715399086268, Time taken for this board: 46.712s
-------------------------------------------------------------------
Start nesting on the 51th large board, remaining blocks count: 110
Utilization of the 51th large board: 98.02116366568127, Time taken for this board: 47.106s
-------------------------------------------------------------------
Start nesting on the 52th large board, remaining blocks count: 104
Utilization of the 52th large board: 97.73353937113679, Time taken for this board: 47.471000000000004s
-------------------------------------------------------------------
Start nesting on the 53th large board, remaining blocks count: 102
Utilization of the 53th large board: 97.92827868852459, Time taken for this board: 47.817s
-------------------------------------------------------------------
Start nesting on the 54th large board, remaining blocks count: 100
Utilization of the 54th large board: 98.3499731255039, Time taken for this board: 48.152s
-------------------------------------------------------------------
Start nesting on the 55th large board, remaining blocks count: 94
Utilization of the 55th large board: 97.9437987100242, Time taken for this board: 48.473s
-------------------------------------------------------------------
Start nesting on the 56th large board, remaining blocks count: 92
Utilization of the 56th large board: 97.90271432410643, Time taken for this board: 48.788000000000004s
-------------------------------------------------------------------
Start nesting on the 57th large board, remaining blocks count: 88
Utilization of the 57th large board: 97.56725342649825, Time taken for this board: 49.091s
-------------------------------------------------------------------
Start nesting on the 58th large board, remaining blocks count: 86
Utilization of the 58th large board: 98.18066380005375, Time taken for this board: 49.39s
-------------------------------------------------------------------
Start nesting on the 59th large board, remaining blocks count: 84
Utilization of the 59th large board: 98.09399355012093, Time taken for this board: 49.67s
-------------------------------------------------------------------
Start nesting on the 60th large board, remaining blocks count: 80
Utilization of the 60th large board: 97.13504434291858, Time taken for this board: 49.886s
-------------------------------------------------------------------
Start nesting on the 61th large board, remaining blocks count: 74
Utilization of the 61th large board: 97.83250470303682, Time taken for this board: 50.098s
-------------------------------------------------------------------
Start nesting on the 62th large board, remaining blocks count: 70
Utilization of the 62th large board: 96.34792394517602, Time taken for this board: 50.261s
-------------------------------------------------------------------
Start nesting on the 63th large board, remaining blocks count: 66
Utilization of the 63th large board: 95.7304152109648, Time taken for this board: 50.409s
-------------------------------------------------------------------
Start nesting on the 64th large board, remaining blocks count: 62
Utilization of the 64th large board: 95.87678043536684, Time taken for this board: 50.481s
-------------------------------------------------------------------
Start nesting on the 65th large board, remaining blocks count: 58
Utilization of the 65th large board: 95.35376914807847, Time taken for this board: 50.542s
-------------------------------------------------------------------
Start nesting on the 66th large board, remaining blocks count: 54
Utilization of the 66th large board: 94.74899220639612, Time taken for this board: 50.594s
-------------------------------------------------------------------
Start nesting on the 67th large board, remaining blocks count: 48
Utilization of the 67th large board: 94.64475275463585, Time taken for this board: 50.643s
-------------------------------------------------------------------
Start nesting on the 68th large board, remaining blocks count: 46
Utilization of the 68th large board: 94.63517871539908, Time taken for this board: 50.686s
-------------------------------------------------------------------
Start nesting on the 69th large board, remaining blocks count: 46
Utilization of the 69th large board: 94.59567320612739, Time taken for this board: 50.728s
-------------------------------------------------------------------
Start nesting on the 70th large board, remaining blocks count: 44
Utilization of the 70th large board: 95.85568395592584, Time taken for this board: 50.767s
-------------------------------------------------------------------
Start nesting on the 71th large board, remaining blocks count: 42
Utilization of the 71th large board: 93.93284735286213, Time taken for this board: 50.803000000000004s
-------------------------------------------------------------------
Start nesting on the 72th large board, remaining blocks count: 36
Utilization of the 72th large board: 94.4436979306638, Time taken for this board: 50.833s
-------------------------------------------------------------------
Start nesting on the 73th large board, remaining blocks count: 34
Utilization of the 73th large board: 94.5227089492072, Time taken for this board: 50.86s
-------------------------------------------------------------------
Start nesting on the 74th large board, remaining blocks count: 32
Utilization of the 74th large board: 94.2527546358506, Time taken for this board: 50.872s
-------------------------------------------------------------------
Start nesting on the 75th large board, remaining blocks count: 26
Utilization of the 75th large board: 96.30287557108305, Time taken for this board: 50.881s
-------------------------------------------------------------------
Start nesting on the 76th large board, remaining blocks count: 26
Utilization of the 76th large board: 95.99086267132492, Time taken for this board: 50.89s
-------------------------------------------------------------------
Start nesting on the 77th large board, remaining blocks count: 20
Utilization of the 77th large board: 95.10709486697125, Time taken for this board: 50.897s
-------------------------------------------------------------------
Start nesting on the 78th large board, remaining blocks count: 16
Utilization of the 78th large board: 87.80878796022574, Time taken for this board: 50.899s
-------------------------------------------------------------------
Start nesting on the 79th large board, remaining blocks count: 12
Utilization of the 79th large board: 86.42354205858639, Time taken for this board: 50.9s
-------------------------------------------------------------------
Start nesting on the 80th large board, remaining blocks count: 6
Utilization of the 80th large board: 67.65842515452836, Time taken for this board: 50.9s
-------------------------------------------------------------------
Start nesting on the 81th large board, remaining blocks count: 2
Utilization of the 81th large board: 51.85743079817254, Time taken for this board: 50.9s
-------------------------------------------------------------------
Start nesting on the 82th large board, remaining blocks count: 2
Utilization of the 82th large board: 51.85743079817254, Time taken for this board: 50.9s
-------------------------------------------------------------------
Start nesting on the 83th large board, remaining blocks count: 2
Utilization of the 83th large board: 51.85743079817254, Time taken for this board: 50.9s
-------------------------------------------------------------------
Start nesting on the 1th large board, remaining blocks count: 212
Utilization of the 1th large board: 98.66625235151841, Time taken for this board: 1.0030000000000001s
-------------------------------------------------------------------
Start nesting on the 2th large board, remaining blocks count: 207
Utilization of the 2th large board: 97.45246573501747, Time taken for this board: 2.004s
-------------------------------------------------------------------
Start nesting on the 3th large board, remaining blocks count: 198
Utilization of the 3th large board: 99.55959419510884, Time taken for this board: 3.005s
-------------------------------------------------------------------
Start nesting on the 4th large board, remaining blocks count: 195
Utilization of the 4th large board: 99.19799785004032, Time taken for this board: 4.007s
-------------------------------------------------------------------
Start nesting on the 5th large board, remaining blocks count: 190
Utilization of the 5th large board: 98.83478903520559, Time taken for this board: 5.008s
-------------------------------------------------------------------
Start nesting on the 6th large board, remaining blocks count: 188
Utilization of the 6th large board: 97.85141762966944, Time taken for this board: 6.009s
-------------------------------------------------------------------
Start nesting on the 7th large board, remaining blocks count: 180
Utilization of the 7th large board: 98.5499193765117, Time taken for this board: 7.009s
-------------------------------------------------------------------
Start nesting on the 8th large board, remaining blocks count: 178
Utilization of the 8th large board: 98.46237570545553, Time taken for this board: 8.011000000000001s
-------------------------------------------------------------------
Start nesting on the 9th large board, remaining blocks count: 171
Utilization of the 9th large board: 99.03218220908359, Time taken for this board: 9.012s
-------------------------------------------------------------------
Start nesting on the 10th large board, remaining blocks count: 166
Utilization of the 10th large board: 99.20626175759203, Time taken for this board: 10.013s
-------------------------------------------------------------------
Start nesting on the 11th large board, remaining blocks count: 157
Utilization of the 11th large board: 99.27385111529159, Time taken for this board: 11.013s
-------------------------------------------------------------------
Start nesting on the 12th large board, remaining blocks count: 154
Utilization of the 12th large board: 98.66689062080087, Time taken for this board: 12.013s
-------------------------------------------------------------------
Start nesting on the 13th large board, remaining blocks count: 144
Utilization of the 13th large board: 98.7823165815641, Time taken for this board: 13.015s
-------------------------------------------------------------------
Start nesting on the 14th large board, remaining blocks count: 132
Utilization of the 14th large board: 98.7120061811341, Time taken for this board: 14.015s
-------------------------------------------------------------------
Start nesting on the 15th large board, remaining blocks count: 124
Utilization of the 15th large board: 98.74076189196452, Time taken for this board: 14.976s
-------------------------------------------------------------------
Start nesting on the 16th large board, remaining blocks count: 122
Utilization of the 16th large board: 98.37248051599033, Time taken for this board: 15.977s
-------------------------------------------------------------------
Start nesting on the 17th large board, remaining blocks count: 122
Utilization of the 17th large board: 98.38615291588283, Time taken for this board: 16.977s
-------------------------------------------------------------------
Start nesting on the 18th large board, remaining blocks count: 120
Utilization of the 18th large board: 98.66726014512228, Time taken for this board: 17.762s
-------------------------------------------------------------------
Start nesting on the 19th large board, remaining blocks count: 108
Utilization of the 19th large board: 98.41954447729104, Time taken for this board: 18.418s
-------------------------------------------------------------------
Start nesting on the 20th large board, remaining blocks count: 102
Utilization of the 20th large board: 98.2412800678917, Time taken for this board: 18.988s
-------------------------------------------------------------------
Start nesting on the 21th large board, remaining blocks count: 96
Utilization of the 21th large board: 98.01209352324645, Time taken for this board: 19.546s
-------------------------------------------------------------------
Start nesting on the 22th large board, remaining blocks count: 90
Utilization of the 22th large board: 97.95948669712443, Time taken for this board: 20.075s
-------------------------------------------------------------------
Start nesting on the 23th large board, remaining blocks count: 82
Utilization of the 23th large board: 98.3039841440473, Time taken for this board: 20.572s
-------------------------------------------------------------------
Start nesting on the 24th large board, remaining blocks count: 78
Utilization of the 24th large board: 97.8621338349906, Time taken for this board: 21.009s
-------------------------------------------------------------------
Start nesting on the 25th large board, remaining blocks count: 76
Utilization of the 25th large board: 99.10420585864016, Time taken for this board: 21.428s
-------------------------------------------------------------------
Start nesting on the 26th large board, remaining blocks count: 70
Utilization of the 26th large board: 97.49106423004568, Time taken for this board: 21.707s
-------------------------------------------------------------------
Start nesting on the 27th large board, remaining blocks count: 66
Utilization of the 27th large board: 95.98404326793873, Time taken for this board: 21.909s
-------------------------------------------------------------------
Start nesting on the 28th large board, remaining blocks count: 66
Utilization of the 28th large board: 97.14895189465197, Time taken for this board: 22.107s
-------------------------------------------------------------------
Start nesting on the 29th large board, remaining blocks count: 60
Utilization of the 29th large board: 96.12721714592851, Time taken for this board: 22.188s
-------------------------------------------------------------------
Start nesting on the 30th large board, remaining blocks count: 52
Utilization of the 30th large board: 93.55680596613814, Time taken for this board: 22.247s
-------------------------------------------------------------------
Start nesting on the 31th large board, remaining blocks count: 46
Utilization of the 31th large board: 93.83042192958881, Time taken for this board: 22.289s
-------------------------------------------------------------------
Start nesting on the 32th large board, remaining blocks count: 42
Utilization of the 32th large board: 91.22319269013705, Time taken for this board: 22.32s
-------------------------------------------------------------------
Start nesting on the 33th large board, remaining blocks count: 36
Utilization of the 33th large board: 88.8502082773448, Time taken for this board: 22.347s
-------------------------------------------------------------------
Start nesting on the 34th large board, remaining blocks count: 34
Utilization of the 34th large board: 91.48286750873422, Time taken for this board: 22.376s
-------------------------------------------------------------------
Start nesting on the 35th large board, remaining blocks count: 30
Utilization of the 35th large board: 84.0501353179253, Time taken for this board: 22.387s
-------------------------------------------------------------------
Start nesting on the 36th large board, remaining blocks count: 26
Utilization of the 36th large board: 86.29014377855415, Time taken for this board: 22.400000000000002s
-------------------------------------------------------------------
Start nesting on the 37th large board, remaining blocks count: 24
Utilization of the 37th large board: 86.18980112872885, Time taken for this board: 22.412s
-------------------------------------------------------------------
Start nesting on the 38th large board, remaining blocks count: 20
Utilization of the 38th large board: 85.997917226552, Time taken for this board: 22.421s
-------------------------------------------------------------------
Start nesting on the 39th large board, remaining blocks count: 14
Utilization of the 39th large board: 80.72833368529965, Time taken for this board: 22.424s
-------------------------------------------------------------------
Start nesting on the 40th large board, remaining blocks count: 8
Utilization of the 40th large board: 81.97997850040312, Time taken for this board: 22.424s
-------------------------------------------------------------------
Start nesting on the 41th large board, remaining blocks count: 6
Utilization of the 41th large board: 79.50483740929857, Time taken for this board: 22.425s
-------------------------------------------------------------------
Start nesting on the 42th large board, remaining blocks count: 6
Utilization of the 42th large board: 63.180999731255035, Time taken for this board: 22.425s
-------------------------------------------------------------------
