total number of nestable workpieces：84
Start priority-first combined packing.
Start nesting on the 1th large board, remaining blocks count: 80
Utilization of the 1th large board: 99.06879333512497, Time taken for this board: 0.983s
-------------------------------------------------------------------
Start nesting on the 2th large board, remaining blocks count: 68
Utilization of the 2th large board: 99.32484547164742, Time taken for this board: 2.047s
-------------------------------------------------------------------
Start nesting on the 3th large board, remaining blocks count: 54
Utilization of the 3th large board: 98.62557108304219, Time taken for this board: 2.515s
-------------------------------------------------------------------
Start nesting on the 4th large board, remaining blocks count: 26
Utilization of the 4th large board: 96.4007269551196, Time taken for this board: 2.569s
-------------------------------------------------------------------
Start nesting on the 5th large board, remaining blocks count: 6
Utilization of the 5th large board: 17.742676699811877, Time taken for this board: 2.569s
-------------------------------------------------------------------
Start global repack optimization for 5 boards, time=413.318s.
Start improving solution by repacking.
Selecting boards with low utilization for repacking...
Selecting boards with low utilization for repacking...
iter2		 Improve solution by repack 0.9640072695511959->0.18283990862671323 , unplacedBoxesSize:4
currentRepackCostTime:0.213s , currentRepackMaxTime:413.318s
Selecting boards with low utilization for repacking...
iter2		 Improve solution by repack 0.9862557108304219->0.1922312012899758 , unplacedBoxesSize:6
currentRepackCostTime:0.657s , currentRepackMaxTime:413.318s
iter5		 Improve solution by repack 0.1922312012899758->0.18614821284600913 , unplacedBoxesSize:4
currentRepackCostTime:0.766s , currentRepackMaxTime:413.318s
Selecting boards with low utilization for repacking...
iter1		 Improve solution by repack 0.9906879333512497->0.970872641762967 , unplacedBoxesSize:16
currentRepackCostTime:1.09s , currentRepackMaxTime:413.318s
iter1		 Improve solution by repack 0.970872641762967->0.22982330018812147 , unplacedBoxesSize:6
currentRepackCostTime:1.12s , currentRepackMaxTime:413.318s
iter2		 Improve solution by repack 0.22982330018812147->0.22388806772373016 , unplacedBoxesSize:6
currentRepackCostTime:1.18s , currentRepackMaxTime:413.318s
iter1		 Improve solution by repack 0.22388806772373016->0.21875632894383232 , unplacedBoxesSize:4
currentRepackCostTime:1.195s , currentRepackMaxTime:413.318s
iter3		 Improve solution by repack 0.21875632894383232->0.21692757323300185 , unplacedBoxesSize:4
currentRepackCostTime:1.212s , currentRepackMaxTime:413.318s
iter4		 Improve solution by repack 0.21692757323300185->0.21318261220102125 , unplacedBoxesSize:6
currentRepackCostTime:1.327s , currentRepackMaxTime:413.318s
iter1		 Improve solution by repack 0.21318261220102125->0.2003621338349906 , unplacedBoxesSize:5
currentRepackCostTime:1.346s , currentRepackMaxTime:413.318s
iter1		 Improve solution by repack 0.2003621338349906->0.1932847352862134 , unplacedBoxesSize:5
currentRepackCostTime:1.3860000000000001s , currentRepackMaxTime:413.318s
iter1		 Improve solution by repack 0.1932847352862134->0.1916897339424886 , unplacedBoxesSize:4
currentRepackCostTime:1.3980000000000001s , currentRepackMaxTime:413.318s
Selecting boards with low utilization for repacking...
iter1		 Improve solution by repack 0.9839041924213922->0.972149234076861 , unplacedBoxesSize:17
currentRepackCostTime:1.693s , currentRepackMaxTime:413.318s
iter1		 Improve solution by repack 0.972149234076861->0.1957235420585864 , unplacedBoxesSize:5
currentRepackCostTime:1.736s , currentRepackMaxTime:413.318s
Selecting boards with low utilization for repacking...
All low-utilization boards have been repacked once. Restarting repacking process...
Selecting boards with low utilization for repacking...
Selecting boards with low utilization for repacking...
iter2		 Improve solution by repack 0.9730475678581028->0.9678641494221982 , unplacedBoxesSize:18
currentRepackCostTime:2.35s , currentRepackMaxTime:413.318s
iter1		 Improve solution by repack 0.9678641494221982->0.9660467078742274 , unplacedBoxesSize:18
currentRepackCostTime:2.374s , currentRepackMaxTime:413.318s
iter1		 Improve solution by repack 0.9660467078742274->0.1916897339424886 , unplacedBoxesSize:4
currentRepackCostTime:2.403s , currentRepackMaxTime:413.318s
iter5		 Improve solution by repack 0.1916897339424886->0.18864216608438591 , unplacedBoxesSize:6
currentRepackCostTime:2.481s , currentRepackMaxTime:413.318s
iter3		 Improve solution by repack 0.18864216608438591->0.18830354743348562 , unplacedBoxesSize:6
currentRepackCostTime:2.564s , currentRepackMaxTime:413.318s
Selecting boards with low utilization for repacking...
iter1		 Improve solution by repack 0.974537758667025->0.18864216608438591 , unplacedBoxesSize:6
currentRepackCostTime:2.977s , currentRepackMaxTime:413.318s
iter4		 Improve solution by repack 0.18864216608438591->0.18830354743348562 , unplacedBoxesSize:6
currentRepackCostTime:3.08s , currentRepackMaxTime:413.318s
Selecting boards with low utilization for repacking...
iter3		 Improve solution by repack 0.981070841171728->0.21237094866971243 , unplacedBoxesSize:6
currentRepackCostTime:3.455s , currentRepackMaxTime:413.318s
iter2		 Improve solution by repack 0.21237094866971243->0.19889075517334048 , unplacedBoxesSize:4
currentRepackCostTime:3.476s , currentRepackMaxTime:413.318s
Selecting boards with low utilization for repacking...
iter1		 Improve solution by repack 0.9813581698468153->0.9777985890889546 , unplacedBoxesSize:14
currentRepackCostTime:3.802s , currentRepackMaxTime:413.318s
iter3		 Improve solution by repack 0.9777985890889546->0.9760285675893576 , unplacedBoxesSize:20
currentRepackCostTime:3.859s , currentRepackMaxTime:413.318s
iter1		 Improve solution by repack 0.9760285675893576->0.21294678849771567 , unplacedBoxesSize:6
currentRepackCostTime:3.8850000000000002s , currentRepackMaxTime:413.318s
iter4		 Improve solution by repack 0.21294678849771567->0.20250134372480513 , unplacedBoxesSize:6
currentRepackCostTime:4.027s , currentRepackMaxTime:413.318s
iter2		 Improve solution by repack 0.20250134372480513->0.1873125503896802 , unplacedBoxesSize:4
currentRepackCostTime:4.065s , currentRepackMaxTime:413.318s
iter4		 Improve solution by repack 0.1873125503896802->0.1869672131147541 , unplacedBoxesSize:4
currentRepackCostTime:4.148s , currentRepackMaxTime:413.318s
Selecting boards with low utilization for repacking...
All low-utilization boards have been repacked once. Restarting repacking process...
Selecting boards with low utilization for repacking...
Selecting boards with low utilization for repacking...
iter1		 Improve solution by repack 0.9706412926632625->0.20250134372480513 , unplacedBoxesSize:6
currentRepackCostTime:4.813s , currentRepackMaxTime:413.318s
iter2		 Improve solution by repack 0.20250134372480513->0.1873125503896802 , unplacedBoxesSize:4
currentRepackCostTime:4.843s , currentRepackMaxTime:413.318s
iter9		 Improve solution by repack 0.1873125503896802->0.1869672131147541 , unplacedBoxesSize:4
currentRepackCostTime:5.063s , currentRepackMaxTime:413.318s
Selecting boards with low utilization for repacking...
iter2		 Improve solution by repack 0.9706412926632625->0.21140620800859983 , unplacedBoxesSize:8
currentRepackCostTime:5.474s , currentRepackMaxTime:413.318s
iter1		 Improve solution by repack 0.21140620800859983->0.20250134372480513 , unplacedBoxesSize:6
currentRepackCostTime:5.5360000000000005s , currentRepackMaxTime:413.318s
iter2		 Improve solution by repack 0.20250134372480513->0.19375436710561678 , unplacedBoxesSize:4
currentRepackCostTime:5.5840000000000005s , currentRepackMaxTime:413.318s
Selecting boards with low utilization for repacking...
iter2		 Improve solution by repack 0.9777721042730448->0.9767199140016125 , unplacedBoxesSize:16
currentRepackCostTime:5.944s , currentRepackMaxTime:413.318s
iter1		 Improve solution by repack 0.9767199140016125->0.9743839021768341 , unplacedBoxesSize:19
currentRepackCostTime:5.956s , currentRepackMaxTime:413.318s
iter2		 Improve solution by repack 0.9743839021768341->0.2207209083579683 , unplacedBoxesSize:5
currentRepackCostTime:6.039s , currentRepackMaxTime:413.318s
iter2		 Improve solution by repack 0.2207209083579683->0.19696183821553345 , unplacedBoxesSize:5
currentRepackCostTime:6.077s , currentRepackMaxTime:413.318s
Selecting boards with low utilization for repacking...
iter1		 Improve solution by repack 0.9795404461166354->0.21000268744961031 , unplacedBoxesSize:6
currentRepackCostTime:6.373s , currentRepackMaxTime:413.318s
iter5		 Improve solution by repack 0.21000268744961031->0.19696183821553345 , unplacedBoxesSize:5
currentRepackCostTime:6.514s , currentRepackMaxTime:413.318s
Selecting boards with low utilization for repacking...
All low-utilization boards have been repacked once. Restarting repacking process...
Global repack result: 5 -> 5 boards.
Start nesting on the 1th large board, remaining blocks count: 15
Utilization of the 1th large board: 90.77438860521366, Time taken for this board: 0.006s
-------------------------------------------------------------------
Start nesting on the 2th large board, remaining blocks count: 7
Utilization of the 2th large board: 67.50419914001613, Time taken for this board: 0.006s
-------------------------------------------------------------------
Start global repack optimization for 2 boards, time=590.186s.
Start improving solution by repacking.
Selecting boards with low utilization for repacking...
iter1		 Improve solution by repack 0.6750419914001613->0.6724106423004569 , unplacedBoxesSize:4
currentRepackCostTime:0.004s , currentRepackMaxTime:590.186s
Selecting boards with low utilization for repacking...
iter1		 Improve solution by repack 0.9103752351518409->0.6724106423004569 , unplacedBoxesSize:4
currentRepackCostTime:0.012s , currentRepackMaxTime:590.186s
Selecting boards with low utilization for repacking...
All low-utilization boards have been repacked once. Restarting repacking process...
Selecting boards with low utilization for repacking...
Selecting boards with low utilization for repacking...
iter1		 Improve solution by repack 0.9103752351518409->0.6724106423004569 , unplacedBoxesSize:4
currentRepackCostTime:0.025s , currentRepackMaxTime:590.186s
Selecting boards with low utilization for repacking...
All low-utilization boards have been repacked once. Restarting repacking process...
Selecting boards with low utilization for repacking...
Selecting boards with low utilization for repacking...
iter1		 Improve solution by repack 0.9103752351518409->0.6724106423004569 , unplacedBoxesSize:4
currentRepackCostTime:0.037s , currentRepackMaxTime:590.186s
Selecting boards with low utilization for repacking...
All low-utilization boards have been repacked once. Restarting repacking process...
Global repack result: 2 -> 2 boards.
