total number of nestable workpieces：163
Start priority-first combined packing.
Start nesting on the 1th large board, remaining blocks count: 90
Utilization of the 1th large board: 99.5370868046224, Time taken for this board: 1.689s
-------------------------------------------------------------------
Start nesting on the 2th large board, remaining blocks count: 83
Utilization of the 2th large board: 99.30092717011557, Time taken for this board: 3.09s
-------------------------------------------------------------------
Start nesting on the 3th large board, remaining blocks count: 77
Utilization of the 3th large board: 98.68926363880678, Time taken for this board: 4.5040000000000004s
-------------------------------------------------------------------
Start nesting on the 4th large board, remaining blocks count: 67
Utilization of the 4th large board: 99.06711905401775, Time taken for this board: 5.542s
-------------------------------------------------------------------
Start nesting on the 5th large board, remaining blocks count: 55
Utilization of the 5th large board: 95.34701693093255, Time taken for this board: 5.8180000000000005s
-------------------------------------------------------------------
Start nesting on the 6th large board, remaining blocks count: 50
Utilization of the 6th large board: 98.41232195646332, Time taken for this board: 6.218s
-------------------------------------------------------------------
Start nesting on the 7th large board, remaining blocks count: 35
Utilization of the 7th large board: 97.1992743886052, Time taken for this board: 6.402s
-------------------------------------------------------------------
Start nesting on the 8th large board, remaining blocks count: 30
Utilization of the 8th large board: 97.11079011018542, Time taken for this board: 6.461s
-------------------------------------------------------------------
Start nesting on the 9th large board, remaining blocks count: 18
Utilization of the 9th large board: 93.43812147272239, Time taken for this board: 6.492s
-------------------------------------------------------------------
Start nesting on the 10th large board, remaining blocks count: 8
Utilization of the 10th large board: 58.33883700618114, Time taken for this board: 6.493s
-------------------------------------------------------------------
Start global repack optimization for 10 boards, time=442.729s.
Start improving solution by repacking.
Selecting boards with low utilization for repacking...
iter3		 Improve solution by repack 0.5833883700618113->0.5742313894114486 , unplacedBoxesSize:6
currentRepackCostTime:0.051000000000000004s , currentRepackMaxTime:442.729s
iter5		 Improve solution by repack 0.5742313894114486->0.5667078742273582 , unplacedBoxesSize:7
currentRepackCostTime:0.073s , currentRepackMaxTime:442.729s
Selecting boards with low utilization for repacking...
iter3		 Improve solution by repack 0.9419047299113141->0.5664948938457405 , unplacedBoxesSize:7
currentRepackCostTime:2.089s , currentRepackMaxTime:442.729s
iter8		 Improve solution by repack 0.5664948938457405->0.5608186643375437 , unplacedBoxesSize:7
currentRepackCostTime:2.211s , currentRepackMaxTime:442.729s
iter27		 Improve solution by repack 0.5608186643375437->0.557349502821822 , unplacedBoxesSize:7
currentRepackCostTime:2.615s , currentRepackMaxTime:442.729s
iter52		 Improve solution by repack 0.557349502821822->0.5569013705993013 , unplacedBoxesSize:7
currentRepackCostTime:3.209s , currentRepackMaxTime:442.729s
Selecting boards with low utilization for repacking...
iter1		 Improve solution by repack 0.968303379467885->0.5699516259070142 , unplacedBoxesSize:6
currentRepackCostTime:5.159s , currentRepackMaxTime:442.729s
Selecting boards with low utilization for repacking...
iter3		 Improve solution by repack 0.968328910239183->0.9496516393442623 , unplacedBoxesSize:5
currentRepackCostTime:7.011s , currentRepackMaxTime:442.729s
iter13		 Improve solution by repack 0.9496516393442623->0.7124272708949206 , unplacedBoxesSize:5
currentRepackCostTime:7.192s , currentRepackMaxTime:442.729s
iter15		 Improve solution by repack 0.7124272708949206->0.6130594934157484 , unplacedBoxesSize:7
currentRepackCostTime:7.223s , currentRepackMaxTime:442.729s
iter20		 Improve solution by repack 0.6130594934157484->0.5852358237033056 , unplacedBoxesSize:8
currentRepackCostTime:7.3580000000000005s , currentRepackMaxTime:442.729s
iter23		 Improve solution by repack 0.5852358237033056->0.5638034130610051 , unplacedBoxesSize:7
currentRepackCostTime:7.41s , currentRepackMaxTime:442.729s
iter27		 Improve solution by repack 0.5638034130610051->0.558050255307713 , unplacedBoxesSize:5
currentRepackCostTime:7.48s , currentRepackMaxTime:442.729s
iter39		 Improve solution by repack 0.558050255307713->0.5567737167428111 , unplacedBoxesSize:5
currentRepackCostTime:7.7090000000000005s , currentRepackMaxTime:442.729s
iter65		 Improve solution by repack 0.5567737167428111->0.5563558183284063 , unplacedBoxesSize:5
currentRepackCostTime:8.267s , currentRepackMaxTime:442.729s
iter70		 Improve solution by repack 0.5563558183284063->0.5545350712174146 , unplacedBoxesSize:5
currentRepackCostTime:8.341s , currentRepackMaxTime:442.729s
iter84		 Improve solution by repack 0.5545350712174146->0.5530435366836872 , unplacedBoxesSize:5
currentRepackCostTime:8.638s , currentRepackMaxTime:442.729s
Selecting boards with low utilization for repacking...
iter2		 Improve solution by repack 0.9719927438860522->0.9607981725342649 , unplacedBoxesSize:16
currentRepackCostTime:9.714s , currentRepackMaxTime:442.729s
iter3		 Improve solution by repack 0.9607981725342649->0.5619517602794948 , unplacedBoxesSize:9
currentRepackCostTime:9.734s , currentRepackMaxTime:442.729s
iter4		 Improve solution by repack 0.5619517602794948->0.5497695511959151 , unplacedBoxesSize:9
currentRepackCostTime:9.753s , currentRepackMaxTime:442.729s
iter9		 Improve solution by repack 0.5497695511959151->0.5467433149690943 , unplacedBoxesSize:9
currentRepackCostTime:9.897s , currentRepackMaxTime:442.729s
iter10		 Improve solution by repack 0.5467433149690943->0.5455447124428917 , unplacedBoxesSize:6
currentRepackCostTime:9.925s , currentRepackMaxTime:442.729s
iter24		 Improve solution by repack 0.5455447124428917->0.5450858304219296 , unplacedBoxesSize:8
currentRepackCostTime:10.241s , currentRepackMaxTime:442.729s
iter32		 Improve solution by repack 0.5450858304219296->0.5409614350980919 , unplacedBoxesSize:9
currentRepackCostTime:10.376s , currentRepackMaxTime:442.729s
iter43		 Improve solution by repack 0.5409614350980919->0.5390520021499596 , unplacedBoxesSize:9
currentRepackCostTime:10.637s , currentRepackMaxTime:442.729s
iter48		 Improve solution by repack 0.5390520021499596->0.5356167696855684 , unplacedBoxesSize:11
currentRepackCostTime:10.777000000000001s , currentRepackMaxTime:442.729s
iter49		 Improve solution by repack 0.5356167696855684->0.530462241332975 , unplacedBoxesSize:9
currentRepackCostTime:10.806000000000001s , currentRepackMaxTime:442.729s
iter51		 Improve solution by repack 0.530462241332975->0.527272910507928 , unplacedBoxesSize:9
currentRepackCostTime:10.85s , currentRepackMaxTime:442.729s
iter59		 Improve solution by repack 0.527272910507928->0.5264350980919108 , unplacedBoxesSize:9
currentRepackCostTime:11.045s , currentRepackMaxTime:442.729s
iter66		 Improve solution by repack 0.5264350980919108->0.5114895189465197 , unplacedBoxesSize:10
currentRepackCostTime:11.282s , currentRepackMaxTime:442.729s
iter68		 Improve solution by repack 0.5114895189465197->0.5107296425692018 , unplacedBoxesSize:9
currentRepackCostTime:11.352s , currentRepackMaxTime:442.729s
Selecting boards with low utilization for repacking...
iter2		 Improve solution by repack 0.9740854273044881->0.5359083579682881 , unplacedBoxesSize:11
currentRepackCostTime:12.952s , currentRepackMaxTime:442.729s
iter4		 Improve solution by repack 0.5359083579682881->0.5356208008599839 , unplacedBoxesSize:8
currentRepackCostTime:13.024000000000001s , currentRepackMaxTime:442.729s
iter9		 Improve solution by repack 0.5356208008599839->0.5354736629938189 , unplacedBoxesSize:9
currentRepackCostTime:13.132s , currentRepackMaxTime:442.729s
iter19		 Improve solution by repack 0.5354736629938189->0.5326693093254502 , unplacedBoxesSize:8
currentRepackCostTime:13.297s , currentRepackMaxTime:442.729s
iter21		 Improve solution by repack 0.5326693093254502->0.5226269819940876 , unplacedBoxesSize:9
currentRepackCostTime:13.378s , currentRepackMaxTime:442.729s
iter28		 Improve solution by repack 0.5226269819940876->0.5208223595807578 , unplacedBoxesSize:9
currentRepackCostTime:13.586s , currentRepackMaxTime:442.729s
iter32		 Improve solution by repack 0.5208223595807578->0.5204642569201827 , unplacedBoxesSize:10
currentRepackCostTime:13.679s , currentRepackMaxTime:442.729s
iter36		 Improve solution by repack 0.5204642569201827->0.5115600644987907 , unplacedBoxesSize:9
currentRepackCostTime:13.818s , currentRepackMaxTime:442.729s
iter49		 Improve solution by repack 0.5115600644987907->0.509862772104273 , unplacedBoxesSize:6
currentRepackCostTime:14.096s , currentRepackMaxTime:442.729s
iter55		 Improve solution by repack 0.509862772104273->0.5085212308519216 , unplacedBoxesSize:6
currentRepackCostTime:14.254s , currentRepackMaxTime:442.729s
iter94		 Improve solution by repack 0.5085212308519216->0.5065311744154797 , unplacedBoxesSize:9
currentRepackCostTime:14.997s , currentRepackMaxTime:442.729s
iter100		 Improve solution by repack 0.5065311744154797->0.505844531040043 , unplacedBoxesSize:9
currentRepackCostTime:15.19s , currentRepackMaxTime:442.729s
iter105		 Improve solution by repack 0.505844531040043->0.49835057780166625 , unplacedBoxesSize:7
currentRepackCostTime:15.299s , currentRepackMaxTime:442.729s
iter110		 Improve solution by repack 0.49835057780166625->0.493617979037893 , unplacedBoxesSize:8
currentRepackCostTime:15.4s , currentRepackMaxTime:442.729s
iter113		 Improve solution by repack 0.493617979037893->0.49007927976350446 , unplacedBoxesSize:8
currentRepackCostTime:15.49s , currentRepackMaxTime:442.729s
Selecting boards with low utilization for repacking...
iter2		 Improve solution by repack 0.9848535339962375->0.9826834184359042 , unplacedBoxesSize:12
currentRepackCostTime:17.109s , currentRepackMaxTime:442.729s
iter4		 Improve solution by repack 0.9826834184359042->0.502685434023112 , unplacedBoxesSize:8
currentRepackCostTime:17.169s , currentRepackMaxTime:442.729s
iter27		 Improve solution by repack 0.502685434023112->0.5002183552808385 , unplacedBoxesSize:8
currentRepackCostTime:17.835s , currentRepackMaxTime:442.729s
iter64		 Improve solution by repack 0.5002183552808385->0.4997910507927976 , unplacedBoxesSize:9
currentRepackCostTime:18.86s , currentRepackMaxTime:442.729s
iter78		 Improve solution by repack 0.4997910507927976->0.49928631416285946 , unplacedBoxesSize:9
currentRepackCostTime:19.153s , currentRepackMaxTime:442.729s
