total number of nestable workpieces：504
Processing color group: 0 (1/2), boxes: 281
Allocated time: 334.5s
searchTime: 1000
Start nesting on the 1th large board, remaining blocks count: 347
Utilization of the 1th large board: 99.48409365761891, Time taken for this board: 1.0s
-------------------------------------------------------------------
Start nesting on the 2th large board, remaining blocks count: 333
Utilization of the 2th large board: 99.52324643912928, Time taken for this board: 2.003s
-------------------------------------------------------------------
Start nesting on the 3th large board, remaining blocks count: 314
Utilization of the 3th large board: 99.6512026337006, Time taken for this board: 3.007s
-------------------------------------------------------------------
Start nesting on the 4th large board, remaining blocks count: 296
Utilization of the 4th large board: 99.8109883095942, Time taken for this board: 4.007s
-------------------------------------------------------------------
Start nesting on the 5th large board, remaining blocks count: 276
Utilization of the 5th large board: 99.61552674012361, Time taken for this board: 5.008s
-------------------------------------------------------------------
Start nesting on the 6th large board, remaining blocks count: 260
Utilization of the 6th large board: 99.59730247245365, Time taken for this board: 6.008s
-------------------------------------------------------------------
Start nesting on the 7th large board, remaining blocks count: 240
Utilization of the 7th large board: 99.65496506315507, Time taken for this board: 7.009s
-------------------------------------------------------------------
Start nesting on the 8th large board, remaining blocks count: 222
Utilization of the 8th large board: 99.4754434291857, Time taken for this board: 8.01s
-------------------------------------------------------------------
Start nesting on the 9th large board, remaining blocks count: 192
Utilization of the 9th large board: 99.14008331093792, Time taken for this board: 9.01s
-------------------------------------------------------------------
Start nesting on the 10th large board, remaining blocks count: 174
Utilization of the 10th large board: 99.13040849234076, Time taken for this board: 10.01s
-------------------------------------------------------------------
Start nesting on the 11th large board, remaining blocks count: 150
Utilization of the 11th large board: 99.09402714324105, Time taken for this board: 11.01s
-------------------------------------------------------------------
Start nesting on the 12th large board, remaining blocks count: 122
Utilization of the 12th large board: 99.10287053211502, Time taken for this board: 12.011000000000001s
-------------------------------------------------------------------
Start nesting on the 13th large board, remaining blocks count: 100
Utilization of the 13th large board: 98.6558048911583, Time taken for this board: 13.013s
-------------------------------------------------------------------
Start nesting on the 14th large board, remaining blocks count: 80
Utilization of the 14th large board: 97.84557242676699, Time taken for this board: 14.015s
-------------------------------------------------------------------
Start nesting on the 15th large board, remaining blocks count: 44
Utilization of the 15th large board: 96.75329212577263, Time taken for this board: 15.017s
-------------------------------------------------------------------
Start nesting on the 16th large board, remaining blocks count: 10
Utilization of the 16th large board: 18.551431066917495, Time taken for this board: 15.021s
-------------------------------------------------------------------
Found solution: 16


Start improving solution by repacking.
Selecting boards with low utilization for repacking...
Selecting boards with low utilization for repacking...
iter16		 Improve solution by repack 0.9675329212577264->0.2467360924482666 , unplacedBoxesSize:14
currentRepackCostTime:11.649000000000001s , currentRepackMaxTime:319.5018095238095s
iter26		 Improve solution by repack 0.2467360924482666->0.24388202096210695 , unplacedBoxesSize:16
currentRepackCostTime:14.466000000000001s , currentRepackMaxTime:319.5018095238095s
iter27		 Improve solution by repack 0.24388202096210695->0.2415281510346681 , unplacedBoxesSize:15
currentRepackCostTime:17.285s , currentRepackMaxTime:319.5018095238095s
iter20		 Improve solution by repack 0.2415281510346681->0.23855616769685567 , unplacedBoxesSize:14
currentRepackCostTime:19.351s , currentRepackMaxTime:319.5018095238095s
iter11		 Improve solution by repack 0.23855616769685567->0.23137631013168503 , unplacedBoxesSize:15
currentRepackCostTime:20.580000000000002s , currentRepackMaxTime:319.5018095238095s
iter19		 Improve solution by repack 0.23137631013168503->0.22988779897876913 , unplacedBoxesSize:14
currentRepackCostTime:22.722s , currentRepackMaxTime:319.5018095238095s
iter2		 Improve solution by repack 0.22988779897876913->0.22292394517602793 , unplacedBoxesSize:13
currentRepackCostTime:22.913s , currentRepackMaxTime:319.5018095238095s
iter26		 Improve solution by repack 0.22292394517602793->0.2189206530502553 , unplacedBoxesSize:12
currentRepackCostTime:25.695s , currentRepackMaxTime:319.5018095238095s
iter36		 Improve solution by repack 0.2189206530502553->0.21413900833109378 , unplacedBoxesSize:11
currentRepackCostTime:29.54s , currentRepackMaxTime:319.5018095238095s
Selecting boards with low utilization for repacking...
iter4		 Improve solution by repack 0.9784557242676699->0.23643308250470305 , unplacedBoxesSize:11
currentRepackCostTime:42.89s , currentRepackMaxTime:319.5018095238095s
iter9		 Improve solution by repack 0.23643308250470305->0.23606154259607634 , unplacedBoxesSize:7
currentRepackCostTime:43.79s , currentRepackMaxTime:319.5018095238095s
iter9		 Improve solution by repack 0.23606154259607634->0.23032921257726416 , unplacedBoxesSize:13
currentRepackCostTime:44.605000000000004s , currentRepackMaxTime:319.5018095238095s
iter65		 Improve solution by repack 0.23032921257726416->0.2291944369793066 , unplacedBoxesSize:11
currentRepackCostTime:51.517s , currentRepackMaxTime:319.5018095238095s
iter87		 Improve solution by repack 0.2291944369793066->0.2291017199677506 , unplacedBoxesSize:11
currentRepackCostTime:60.171s , currentRepackMaxTime:319.5018095238095s
iter9		 Improve solution by repack 0.2291017199677506->0.2286122682074711 , unplacedBoxesSize:13
currentRepackCostTime:61.157000000000004s , currentRepackMaxTime:319.5018095238095s
Selecting boards with low utilization for repacking...
iter3		 Improve solution by repack 0.9790237839290513->0.249493751679656 , unplacedBoxesSize:13
currentRepackCostTime:75.269s , currentRepackMaxTime:319.5018095238095s
iter13		 Improve solution by repack 0.249493751679656->0.248331765654394 , unplacedBoxesSize:14
currentRepackCostTime:76.637s , currentRepackMaxTime:319.5018095238095s
iter1		 Improve solution by repack 0.248331765654394->0.24649959688255846 , unplacedBoxesSize:10
currentRepackCostTime:76.723s , currentRepackMaxTime:319.5018095238095s
iter89		 Improve solution by repack 0.24649959688255846->0.24399052674012361 , unplacedBoxesSize:9
currentRepackCostTime:85.241s , currentRepackMaxTime:319.5018095238095s
Selecting boards with low utilization for repacking...
iter2		 Improve solution by repack 0.9822433485622144->0.9812795619457134 , unplacedBoxesSize:33
currentRepackCostTime:104.36500000000001s , currentRepackMaxTime:319.5018095238095s
iter10		 Improve solution by repack 0.9812795619457134->0.2750030233808116 , unplacedBoxesSize:13
currentRepackCostTime:105.684s , currentRepackMaxTime:319.5018095238095s
iter29		 Improve solution by repack 0.2750030233808116->0.2649462510077936 , unplacedBoxesSize:17
currentRepackCostTime:108.48s , currentRepackMaxTime:319.5018095238095s
iter2		 Improve solution by repack 0.2649462510077936->0.2594541117979038 , unplacedBoxesSize:15
currentRepackCostTime:108.71300000000001s , currentRepackMaxTime:319.5018095238095s
iter9		 Improve solution by repack 0.2594541117979038->0.2594191749529696 , unplacedBoxesSize:15
currentRepackCostTime:109.531s , currentRepackMaxTime:319.5018095238095s
iter36		 Improve solution by repack 0.2594191749529696->0.2575782719699006 , unplacedBoxesSize:16
currentRepackCostTime:113.681s , currentRepackMaxTime:319.5018095238095s
iter15		 Improve solution by repack 0.2575782719699006->0.25704884439666753 , unplacedBoxesSize:16
currentRepackCostTime:115.414s , currentRepackMaxTime:319.5018095238095s
iter9		 Improve solution by repack 0.25704884439666753->0.25699307981725344 , unplacedBoxesSize:18
currentRepackCostTime:116.565s , currentRepackMaxTime:319.5018095238095s
iter48		 Improve solution by repack 0.25699307981725344->0.25569436979306637 , unplacedBoxesSize:18
currentRepackCostTime:122.111s , currentRepackMaxTime:319.5018095238095s
iter20		 Improve solution by repack 0.25569436979306637->0.2555657081429723 , unplacedBoxesSize:17
currentRepackCostTime:124.711s , currentRepackMaxTime:319.5018095238095s
iter14		 Improve solution by repack 0.2555657081429723->0.252344799785004 , unplacedBoxesSize:16
currentRepackCostTime:126.50500000000001s , currentRepackMaxTime:319.5018095238095s
iter38		 Improve solution by repack 0.252344799785004->0.25075886858371405 , unplacedBoxesSize:15
currentRepackCostTime:131.131s , currentRepackMaxTime:319.5018095238095s
Selecting boards with low utilization for repacking...
iter6		 Improve solution by repack 0.9779152109647944->0.255880475678581 , unplacedBoxesSize:14
currentRepackCostTime:152.639s , currentRepackMaxTime:319.5018095238095s
iter14		 Improve solution by repack 0.255880475678581->0.25184426229508194 , unplacedBoxesSize:15
currentRepackCostTime:154.03300000000002s , currentRepackMaxTime:319.5018095238095s
iter46		 Improve solution by repack 0.25184426229508194->0.2506362536952432 , unplacedBoxesSize:14
currentRepackCostTime:159.641s , currentRepackMaxTime:319.5018095238095s
iter40		 Improve solution by repack 0.2506362536952432->0.24978701961838215 , unplacedBoxesSize:16
currentRepackCostTime:163.773s , currentRepackMaxTime:319.5018095238095s
iter2		 Improve solution by repack 0.24978701961838215->0.24729709755442086 , unplacedBoxesSize:16
currentRepackCostTime:163.942s , currentRepackMaxTime:319.5018095238095s
iter41		 Improve solution by repack 0.24729709755442086->0.2454491400161247 , unplacedBoxesSize:11
currentRepackCostTime:168.465s , currentRepackMaxTime:319.5018095238095s
Selecting boards with low utilization for repacking...
iter1		 Improve solution by repack 0.9792434829346951->0.25483203439935503 , unplacedBoxesSize:11
currentRepackCostTime:185.445s , currentRepackMaxTime:319.5018095238095s
iter8		 Improve solution by repack 0.25483203439935503->0.25154998656275196 , unplacedBoxesSize:13
currentRepackCostTime:186.172s , currentRepackMaxTime:319.5018095238095s
iter2		 Improve solution by repack 0.25154998656275196->0.25136186509002956 , unplacedBoxesSize:14
currentRepackCostTime:186.329s , currentRepackMaxTime:319.5018095238095s
Selecting boards with low utilization for repacking...
iter1		 Improve solution by repack 0.9840960091373288->0.980886186509003 , unplacedBoxesSize:36
currentRepackCostTime:208.918s , currentRepackMaxTime:319.5018095238095s
iter2		 Improve solution by repack 0.980886186509003->0.2898226283257189 , unplacedBoxesSize:18
currentRepackCostTime:209.239s , currentRepackMaxTime:319.5018095238095s
iter10		 Improve solution by repack 0.2898226283257189->0.2854232733136254 , unplacedBoxesSize:18
currentRepackCostTime:210.43200000000002s , currentRepackMaxTime:319.5018095238095s
iter8		 Improve solution by repack 0.2854232733136254->0.2739169578070411 , unplacedBoxesSize:21
currentRepackCostTime:211.394s , currentRepackMaxTime:319.5018095238095s
iter16		 Improve solution by repack 0.2739169578070411->0.2650134372480516 , unplacedBoxesSize:13
currentRepackCostTime:213.44400000000002s , currentRepackMaxTime:319.5018095238095s
iter39		 Improve solution by repack 0.2650134372480516->0.2607034399355012 , unplacedBoxesSize:11
currentRepackCostTime:217.298s , currentRepackMaxTime:319.5018095238095s
iter16		 Improve solution by repack 0.2607034399355012->0.25956127385111527 , unplacedBoxesSize:11
currentRepackCostTime:218.812s , currentRepackMaxTime:319.5018095238095s
iter31		 Improve solution by repack 0.25956127385111527->0.25676699811878523 , unplacedBoxesSize:13
currentRepackCostTime:221.793s , currentRepackMaxTime:319.5018095238095s
iter64		 Improve solution by repack 0.25676699811878523->0.25486159634506855 , unplacedBoxesSize:16
currentRepackCostTime:228.168s , currentRepackMaxTime:319.5018095238095s
iter74		 Improve solution by repack 0.25486159634506855->0.2469873689868315 , unplacedBoxesSize:16
currentRepackCostTime:236.199s , currentRepackMaxTime:319.5018095238095s
Selecting boards with low utilization for repacking...
iter3		 Improve solution by repack 0.9850799516259071->0.26963282719699005 , unplacedBoxesSize:15
currentRepackCostTime:254.285s , currentRepackMaxTime:319.5018095238095s
iter2		 Improve solution by repack 0.26963282719699005->0.26385010749798443 , unplacedBoxesSize:15
currentRepackCostTime:254.525s , currentRepackMaxTime:319.5018095238095s
iter22		 Improve solution by repack 0.26385010749798443->0.263838013974738 , unplacedBoxesSize:15
currentRepackCostTime:256.824s , currentRepackMaxTime:319.5018095238095s
iter43		 Improve solution by repack 0.263838013974738->0.26067589357699544 , unplacedBoxesSize:15
currentRepackCostTime:261.426s , currentRepackMaxTime:319.5018095238095s
iter19		 Improve solution by repack 0.26067589357699544->0.2593963316312819 , unplacedBoxesSize:17
currentRepackCostTime:263.448s , currentRepackMaxTime:319.5018095238095s
iter7		 Improve solution by repack 0.2593963316312819->0.25835864015049714 , unplacedBoxesSize:16
currentRepackCostTime:264.522s , currentRepackMaxTime:319.5018095238095s
iter14		 Improve solution by repack 0.25835864015049714->0.25614821284600914 , unplacedBoxesSize:13
currentRepackCostTime:266.079s , currentRepackMaxTime:319.5018095238095s
iter42		 Improve solution by repack 0.25614821284600914->0.25567992475141094 , unplacedBoxesSize:11
currentRepackCostTime:270.197s , currentRepackMaxTime:319.5018095238095s
Selecting boards with low utilization for repacking...
iter7		 Improve solution by repack 0.9824469228701963->0.2693022708949207 , unplacedBoxesSize:14
currentRepackCostTime:286.681s , currentRepackMaxTime:319.5018095238095s
iter29		 Improve solution by repack 0.2693022708949207->0.26524355012093526 , unplacedBoxesSize:9
currentRepackCostTime:289.555s , currentRepackMaxTime:319.5018095238095s
iter17		 Improve solution by repack 0.26524355012093526->0.2618708008599839 , unplacedBoxesSize:16
currentRepackCostTime:291.097s , currentRepackMaxTime:319.5018095238095s
iter13		 Improve solution by repack 0.2618708008599839->0.259873689868315 , unplacedBoxesSize:16
currentRepackCostTime:292.713s , currentRepackMaxTime:319.5018095238095s
iter5		 Improve solution by repack 0.259873689868315->0.25983841709217953 , unplacedBoxesSize:16
currentRepackCostTime:293.176s , currentRepackMaxTime:319.5018095238095s
iter7		 Improve solution by repack 0.25983841709217953->0.2541799919376512 , unplacedBoxesSize:16
currentRepackCostTime:293.827s , currentRepackMaxTime:319.5018095238095s
iter18		 Improve solution by repack 0.2541799919376512->0.25014176296694435 , unplacedBoxesSize:14
currentRepackCostTime:296.01300000000003s , currentRepackMaxTime:319.5018095238095s
iter18		 Improve solution by repack 0.25014176296694435->0.2492622950819672 , unplacedBoxesSize:13
currentRepackCostTime:298.171s , currentRepackMaxTime:319.5018095238095s
iter58		 Improve solution by repack 0.2492622950819672->0.2487469766191884 , unplacedBoxesSize:13
currentRepackCostTime:303.997s , currentRepackMaxTime:319.5018095238095s
iter15		 Improve solution by repack 0.2487469766191884->0.24868147003493685 , unplacedBoxesSize:14
currentRepackCostTime:305.447s , currentRepackMaxTime:319.5018095238095s
iter45		 Improve solution by repack 0.24868147003493685->0.2471482800322494 , unplacedBoxesSize:14
currentRepackCostTime:310.25s , currentRepackMaxTime:319.5018095238095s
iter39		 Improve solution by repack 0.2471482800322494->0.2461687046492878 , unplacedBoxesSize:14
currentRepackCostTime:314.737s , currentRepackMaxTime:319.5018095238095s
iter6		 Improve solution by repack 0.2461687046492878->0.24577700886858372 , unplacedBoxesSize:14
currentRepackCostTime:315.356s , currentRepackMaxTime:319.5018095238095s
iter8		 Improve solution by repack 0.24577700886858372->0.24554857565170654 , unplacedBoxesSize:14
currentRepackCostTime:316.096s , currentRepackMaxTime:319.5018095238095s
Processing color group: 1 (2/2), boxes: 223
Allocated time: 265.5s
searchTime: 1000
Start nesting on the 1th large board, remaining blocks count: 198
Utilization of the 1th large board: 97.66500940607365, Time taken for this board: 1.002s
-------------------------------------------------------------------
Start nesting on the 2th large board, remaining blocks count: 186
Utilization of the 2th large board: 96.37822493953239, Time taken for this board: 2.0020000000000002s
-------------------------------------------------------------------
Start nesting on the 3th large board, remaining blocks count: 180
Utilization of the 3th large board: 93.30428648212846, Time taken for this board: 3.004s
-------------------------------------------------------------------
Start nesting on the 4th large board, remaining blocks count: 173
Utilization of the 4th large board: 93.87815775329213, Time taken for this board: 4.005s
-------------------------------------------------------------------
Start nesting on the 5th large board, remaining blocks count: 166
Utilization of the 5th large board: 96.86955791453912, Time taken for this board: 5.005s
-------------------------------------------------------------------
Start nesting on the 6th large board, remaining blocks count: 150
Utilization of the 6th large board: 96.82971647406612, Time taken for this board: 6.007000000000001s
-------------------------------------------------------------------
Start nesting on the 7th large board, remaining blocks count: 137
Utilization of the 7th large board: 99.1141158290782, Time taken for this board: 7.007000000000001s
-------------------------------------------------------------------
Start nesting on the 8th large board, remaining blocks count: 127
Utilization of the 8th large board: 99.1711233539371, Time taken for this board: 8.007s
-------------------------------------------------------------------
Start nesting on the 9th large board, remaining blocks count: 99
Utilization of the 9th large board: 99.12227895726956, Time taken for this board: 8.756s
-------------------------------------------------------------------
Start nesting on the 10th large board, remaining blocks count: 81
Utilization of the 10th large board: 98.5559661381349, Time taken for this board: 9.200000000000001s
-------------------------------------------------------------------
Start nesting on the 11th large board, remaining blocks count: 69
Utilization of the 11th large board: 98.28224939532383, Time taken for this board: 9.563s
-------------------------------------------------------------------
Start nesting on the 12th large board, remaining blocks count: 57
Utilization of the 12th large board: 97.50485420585863, Time taken for this board: 9.702s
-------------------------------------------------------------------
Start nesting on the 13th large board, remaining blocks count: 45
Utilization of the 13th large board: 96.63077801666219, Time taken for this board: 9.792s
-------------------------------------------------------------------
Start nesting on the 14th large board, remaining blocks count: 35
Utilization of the 14th large board: 95.54383902176835, Time taken for this board: 9.858s
-------------------------------------------------------------------
Start nesting on the 15th large board, remaining blocks count: 29
Utilization of the 15th large board: 90.92528890083311, Time taken for this board: 9.879s
-------------------------------------------------------------------
Start nesting on the 16th large board, remaining blocks count: 21
Utilization of the 16th large board: 91.99173609244826, Time taken for this board: 9.891s
-------------------------------------------------------------------
Start nesting on the 17th large board, remaining blocks count: 12
Utilization of the 17th large board: 86.6401840902983, Time taken for this board: 9.893s
-------------------------------------------------------------------
Start nesting on the 18th large board, remaining blocks count: 8
Utilization of the 18th large board: 85.66887261488847, Time taken for this board: 9.893s
-------------------------------------------------------------------
Start nesting on the 19th large board, remaining blocks count: 4
Utilization of the 19th large board: 84.5756517065305, Time taken for this board: 9.894s
-------------------------------------------------------------------
Start nesting on the 20th large board, remaining blocks count: 4
Utilization of the 20th large board: 84.5756517065305, Time taken for this board: 9.894s
-------------------------------------------------------------------
Start nesting on the 21th large board, remaining blocks count: 4
Utilization of the 21th large board: 84.5756517065305, Time taken for this board: 9.894s
-------------------------------------------------------------------
Start nesting on the 22th large board, remaining blocks count: 4
Utilization of the 22th large board: 84.5756517065305, Time taken for this board: 9.894s
-------------------------------------------------------------------
Start nesting on the 23th large board, remaining blocks count: 4
Utilization of the 23th large board: 84.5756517065305, Time taken for this board: 9.894s
-------------------------------------------------------------------
Start nesting on the 24th large board, remaining blocks count: 2
Utilization of the 24th large board: 81.05563020693361, Time taken for this board: 9.894s
-------------------------------------------------------------------
Start nesting on the 25th large board, remaining blocks count: 2
Utilization of the 25th large board: 81.05563020693361, Time taken for this board: 9.894s
-------------------------------------------------------------------
Start nesting on the 26th large board, remaining blocks count: 2
Utilization of the 26th large board: 81.05563020693361, Time taken for this board: 9.894s
-------------------------------------------------------------------
Start nesting on the 27th large board, remaining blocks count: 2
Utilization of the 27th large board: 27.018543402311206, Time taken for this board: 9.894s
-------------------------------------------------------------------
Found solution: 27


Start improving solution by repacking.
Selecting boards with low utilization for repacking...
iter8		 Improve solution by repack 0.27018543402311207->0.22553916957807044 , unplacedBoxesSize:3
currentRepackCostTime:0.051000000000000004s , currentRepackMaxTime:255.58219047619048s
iter1		 Improve solution by repack 0.22553916957807044->0.21024993281375973 , unplacedBoxesSize:3
currentRepackCostTime:0.059000000000000004s , currentRepackMaxTime:255.58219047619048s
iter3		 Improve solution by repack 0.21024993281375973->0.17029293200752485 , unplacedBoxesSize:2
currentRepackCostTime:0.088s , currentRepackMaxTime:255.58219047619048s
iter1		 Improve solution by repack 0.17029293200752485->0.16362839290513304 , unplacedBoxesSize:2
currentRepackCostTime:0.091s , currentRepackMaxTime:255.58219047619048s
iter8		 Improve solution by repack 0.16362839290513304->0.12175221714592852 , unplacedBoxesSize:2
currentRepackCostTime:0.15s , currentRepackMaxTime:255.58219047619048s
iter6		 Improve solution by repack 0.12175221714592852->0.08301128728836335 , unplacedBoxesSize:2
currentRepackCostTime:0.187s , currentRepackMaxTime:255.58219047619048s
iter1		 Improve solution by repack 0.08301128728836335->0.08038968019349636 , unplacedBoxesSize:1
currentRepackCostTime:0.196s , currentRepackMaxTime:255.58219047619048s
iter5		 Improve solution by repack 0.08038968019349636->0.06753930395055092 , unplacedBoxesSize:1
currentRepackCostTime:0.224s , currentRepackMaxTime:255.58219047619048s
iter2		 Improve solution by repack 0.06753930395055092->0.04521902714324107 , unplacedBoxesSize:1
currentRepackCostTime:0.23800000000000002s , currentRepackMaxTime:255.58219047619048s
iter2		 Improve solution by repack 0.04521902714324107->0.04064901908089223 , unplacedBoxesSize:1
currentRepackCostTime:0.248s , currentRepackMaxTime:255.58219047619048s
iter8		 Improve solution by repack 0.04064901908089223->0.02388705993012631 , unplacedBoxesSize:1
currentRepackCostTime:0.316s , currentRepackMaxTime:255.58219047619048s
iter7		 Improve solution by repack 0.02388705993012631->0.0 , unplacedBoxesSize:0
currentRepackCostTime:0.386s , currentRepackMaxTime:255.58219047619048s
Improved success.
Found solution 26
Start improving solution by repacking.
Selecting boards with low utilization for repacking...
iter6		 Improve solution by repack 0.845756517065305->0.8353977425423273 , unplacedBoxesSize:9
currentRepackCostTime:0.04s , currentRepackMaxTime:255.19619047619048s
iter3		 Improve solution by repack 0.8353977425423273->0.822064297231927 , unplacedBoxesSize:10
currentRepackCostTime:0.077s , currentRepackMaxTime:255.19619047619048s
iter2		 Improve solution by repack 0.822064297231927->0.7774966406879871 , unplacedBoxesSize:9
currentRepackCostTime:0.091s , currentRepackMaxTime:255.19619047619048s
iter3		 Improve solution by repack 0.7774966406879871->0.7667938726148885 , unplacedBoxesSize:9
currentRepackCostTime:0.108s , currentRepackMaxTime:255.19619047619048s
iter4		 Improve solution by repack 0.7667938726148885->0.754512227895727 , unplacedBoxesSize:8
currentRepackCostTime:0.136s , currentRepackMaxTime:255.19619047619048s
iter33		 Improve solution by repack 0.754512227895727->0.7273891427035742 , unplacedBoxesSize:8
currentRepackCostTime:0.403s , currentRepackMaxTime:255.19619047619048s
iter19		 Improve solution by repack 0.7273891427035742->0.7170270088685836 , unplacedBoxesSize:9
currentRepackCostTime:0.5760000000000001s , currentRepackMaxTime:255.19619047619048s
iter1		 Improve solution by repack 0.7170270088685836->0.7161512362268208 , unplacedBoxesSize:8
currentRepackCostTime:0.583s , currentRepackMaxTime:255.19619047619048s
iter1		 Improve solution by repack 0.7161512362268208->0.6976310131685032 , unplacedBoxesSize:8
currentRepackCostTime:0.592s , currentRepackMaxTime:255.19619047619048s
iter8		 Improve solution by repack 0.6976310131685032->0.6927768073098629 , unplacedBoxesSize:8
currentRepackCostTime:0.649s , currentRepackMaxTime:255.19619047619048s
iter4		 Improve solution by repack 0.6927768073098629->0.6898753695243214 , unplacedBoxesSize:7
currentRepackCostTime:0.679s , currentRepackMaxTime:255.19619047619048s
iter13		 Improve solution by repack 0.6898753695243214->0.6896523112066649 , unplacedBoxesSize:9
currentRepackCostTime:0.777s , currentRepackMaxTime:255.19619047619048s
iter2		 Improve solution by repack 0.6896523112066649->0.6844853533996238 , unplacedBoxesSize:8
currentRepackCostTime:0.793s , currentRepackMaxTime:255.19619047619048s
iter4		 Improve solution by repack 0.6844853533996238->0.65025262026337 , unplacedBoxesSize:7
currentRepackCostTime:0.833s , currentRepackMaxTime:255.19619047619048s
iter3		 Improve solution by repack 0.65025262026337->0.6459715130341306 , unplacedBoxesSize:7
currentRepackCostTime:0.859s , currentRepackMaxTime:255.19619047619048s
iter12		 Improve solution by repack 0.6459715130341306->0.6253604541789841 , unplacedBoxesSize:10
currentRepackCostTime:0.964s , currentRepackMaxTime:255.19619047619048s
iter1		 Improve solution by repack 0.6253604541789841->0.6226024590163934 , unplacedBoxesSize:9
currentRepackCostTime:0.973s , currentRepackMaxTime:255.19619047619048s
iter3		 Improve solution by repack 0.6226024590163934->0.6197087476484816 , unplacedBoxesSize:9
currentRepackCostTime:0.996s , currentRepackMaxTime:255.19619047619048s
iter4		 Improve solution by repack 0.6197087476484816->0.6191655468959957 , unplacedBoxesSize:8
currentRepackCostTime:1.041s , currentRepackMaxTime:255.19619047619048s
iter29		 Improve solution by repack 0.6191655468959957->0.6038793335124967 , unplacedBoxesSize:7
currentRepackCostTime:1.286s , currentRepackMaxTime:255.19619047619048s
iter58		 Improve solution by repack 0.6038793335124967->0.6009443026068261 , unplacedBoxesSize:7
currentRepackCostTime:1.7870000000000001s , currentRepackMaxTime:255.19619047619048s
iter96		 Improve solution by repack 0.6009443026068261->0.596025262026337 , unplacedBoxesSize:7
currentRepackCostTime:2.607s , currentRepackMaxTime:255.19619047619048s
Selecting boards with low utilization for repacking...
iter3		 Improve solution by repack 0.8916904058048911->0.8853533996237571 , unplacedBoxesSize:5
currentRepackCostTime:7.684s , currentRepackMaxTime:255.19619047619048s
iter13		 Improve solution by repack 0.8853533996237571->0.596025262026337 , unplacedBoxesSize:7
currentRepackCostTime:7.756s , currentRepackMaxTime:255.19619047619048s
Selecting boards with low utilization for repacking...
iter6		 Improve solution by repack 0.9000668503090566->0.596025262026337 , unplacedBoxesSize:7
currentRepackCostTime:12.827s , currentRepackMaxTime:255.19619047619048s
iter115		 Improve solution by repack 0.596025262026337->0.5921979978500403 , unplacedBoxesSize:8
currentRepackCostTime:13.805s , currentRepackMaxTime:255.19619047619048s
iter2		 Improve solution by repack 0.5921979978500403->0.5837311878527277 , unplacedBoxesSize:7
currentRepackCostTime:13.822000000000001s , currentRepackMaxTime:255.19619047619048s
iter28		 Improve solution by repack 0.5837311878527277->0.5801837543671056 , unplacedBoxesSize:7
currentRepackCostTime:14.08s , currentRepackMaxTime:255.19619047619048s
iter36		 Improve solution by repack 0.5801837543671056->0.5797779494759473 , unplacedBoxesSize:8
currentRepackCostTime:14.41s , currentRepackMaxTime:255.19619047619048s
iter28		 Improve solution by repack 0.5797779494759473->0.5781580892233271 , unplacedBoxesSize:7
currentRepackCostTime:14.677s , currentRepackMaxTime:255.19619047619048s
iter30		 Improve solution by repack 0.5781580892233271->0.5781342381080355 , unplacedBoxesSize:7
currentRepackCostTime:14.926s , currentRepackMaxTime:255.19619047619048s
iter142		 Improve solution by repack 0.5781342381080355->0.5746341709217953 , unplacedBoxesSize:8
currentRepackCostTime:16.188s , currentRepackMaxTime:255.19619047619048s
iter2		 Improve solution by repack 0.5746341709217953->0.5542945444772911 , unplacedBoxesSize:7
currentRepackCostTime:16.204s , currentRepackMaxTime:255.19619047619048s
iter112		 Improve solution by repack 0.5542945444772911->0.5530227089492072 , unplacedBoxesSize:7
currentRepackCostTime:17.316s , currentRepackMaxTime:255.19619047619048s
Selecting boards with low utilization for repacking...
iter15		 Improve solution by repack 0.9126001074979845->0.5972816447191616 , unplacedBoxesSize:7
currentRepackCostTime:21.145s , currentRepackMaxTime:255.19619047619048s
iter6		 Improve solution by repack 0.5972816447191616->0.5961875167965601 , unplacedBoxesSize:7
currentRepackCostTime:21.19s , currentRepackMaxTime:255.19619047619048s
iter12		 Improve solution by repack 0.5961875167965601->0.5912684762160709 , unplacedBoxesSize:7
currentRepackCostTime:21.287s , currentRepackMaxTime:255.19619047619048s
Selecting boards with low utilization for repacking...
iter11		 Improve solution by repack 0.9071704514915344->0.900582000806235 , unplacedBoxesSize:11
currentRepackCostTime:26.373s , currentRepackMaxTime:255.19619047619048s
iter4		 Improve solution by repack 0.900582000806235->0.9001651101854341 , unplacedBoxesSize:10
currentRepackCostTime:26.405s , currentRepackMaxTime:255.19619047619048s
iter6		 Improve solution by repack 0.9001651101854341->0.8888349905939263 , unplacedBoxesSize:10
currentRepackCostTime:26.462s , currentRepackMaxTime:255.19619047619048s
iter1		 Improve solution by repack 0.8888349905939263->0.8805677237301801 , unplacedBoxesSize:9
currentRepackCostTime:26.471s , currentRepackMaxTime:255.19619047619048s
iter1		 Improve solution by repack 0.8805677237301801->0.6324442354205859 , unplacedBoxesSize:8
currentRepackCostTime:26.482s , currentRepackMaxTime:255.19619047619048s
iter2		 Improve solution by repack 0.6324442354205859->0.6258263907551733 , unplacedBoxesSize:8
currentRepackCostTime:26.494s , currentRepackMaxTime:255.19619047619048s
iter4		 Improve solution by repack 0.6258263907551733->0.6047551061542595 , unplacedBoxesSize:7
currentRepackCostTime:26.523s , currentRepackMaxTime:255.19619047619048s
iter3		 Improve solution by repack 0.6047551061542595->0.5912684762160709 , unplacedBoxesSize:7
currentRepackCostTime:26.554000000000002s , currentRepackMaxTime:255.19619047619048s
Selecting boards with low utilization for repacking...
iter10		 Improve solution by repack 0.9059745364149423->0.6232723058317656 , unplacedBoxesSize:8
currentRepackCostTime:31.635s , currentRepackMaxTime:255.19619047619048s
iter1		 Improve solution by repack 0.6232723058317656->0.621107565170653 , unplacedBoxesSize:8
currentRepackCostTime:31.645s , currentRepackMaxTime:255.19619047619048s
iter7		 Improve solution by repack 0.621107565170653->0.6145108841709218 , unplacedBoxesSize:8
currentRepackCostTime:31.706s , currentRepackMaxTime:255.19619047619048s
iter3		 Improve solution by repack 0.6145108841709218->0.607714324106423 , unplacedBoxesSize:8
currentRepackCostTime:31.739s , currentRepackMaxTime:255.19619047619048s
iter7		 Improve solution by repack 0.607714324106423->0.6072816447191616 , unplacedBoxesSize:8
currentRepackCostTime:31.792s , currentRepackMaxTime:255.19619047619048s
iter16		 Improve solution by repack 0.6072816447191616->0.6012684762160709 , unplacedBoxesSize:8
currentRepackCostTime:31.935000000000002s , currentRepackMaxTime:255.19619047619048s
iter7		 Improve solution by repack 0.6012684762160709->0.597722386455254 , unplacedBoxesSize:9
currentRepackCostTime:32.01s , currentRepackMaxTime:255.19619047619048s
iter16		 Improve solution by repack 0.597722386455254->0.5895478366030638 , unplacedBoxesSize:8
currentRepackCostTime:32.159s , currentRepackMaxTime:255.19619047619048s
iter192		 Improve solution by repack 0.5895478366030638->0.5888232330018812 , unplacedBoxesSize:7
currentRepackCostTime:34.038000000000004s , currentRepackMaxTime:255.19619047619048s
iter8		 Improve solution by repack 0.5888232330018812->0.5876068261220102 , unplacedBoxesSize:7
currentRepackCostTime:34.095s , currentRepackMaxTime:255.19619047619048s
iter4		 Improve solution by repack 0.5876068261220102->0.5811744154797097 , unplacedBoxesSize:7
currentRepackCostTime:34.138s , currentRepackMaxTime:255.19619047619048s
iter3		 Improve solution by repack 0.5811744154797097->0.5715278151034668 , unplacedBoxesSize:6
currentRepackCostTime:34.159s , currentRepackMaxTime:255.19619047619048s
iter34		 Improve solution by repack 0.5715278151034668->0.5705673877989788 , unplacedBoxesSize:7
currentRepackCostTime:34.424s , currentRepackMaxTime:255.19619047619048s
iter26		 Improve solution by repack 0.5705673877989788->0.5648431201289976 , unplacedBoxesSize:7
currentRepackCostTime:34.644s , currentRepackMaxTime:255.19619047619048s
iter4		 Improve solution by repack 0.5648431201289976->0.5572504031174416 , unplacedBoxesSize:7
currentRepackCostTime:34.693s , currentRepackMaxTime:255.19619047619048s
iter20		 Improve solution by repack 0.5572504031174416->0.5443489653319 , unplacedBoxesSize:6
currentRepackCostTime:34.878s , currentRepackMaxTime:255.19619047619048s
iter148		 Improve solution by repack 0.5443489653319->0.5375530771298038 , unplacedBoxesSize:8
currentRepackCostTime:36.076s , currentRepackMaxTime:255.19619047619048s
iter20		 Improve solution by repack 0.5375530771298038->0.5356120666487504 , unplacedBoxesSize:8
currentRepackCostTime:36.283s , currentRepackMaxTime:255.19619047619048s
iter32		 Improve solution by repack 0.5356120666487504->0.5343493012631013 , unplacedBoxesSize:8
currentRepackCostTime:36.607s , currentRepackMaxTime:255.19619047619048s
iter1		 Improve solution by repack 0.5343493012631013->0.5305055764579414 , unplacedBoxesSize:8
currentRepackCostTime:36.621s , currentRepackMaxTime:255.19619047619048s
iter21		 Improve solution by repack 0.5305055764579414->0.5285208949207202 , unplacedBoxesSize:8
currentRepackCostTime:36.821s , currentRepackMaxTime:255.19619047619048s
iter10		 Improve solution by repack 0.5285208949207202->0.526823434560602 , unplacedBoxesSize:8
currentRepackCostTime:36.911s , currentRepackMaxTime:255.19619047619048s
iter8		 Improve solution by repack 0.526823434560602->0.5251629266326256 , unplacedBoxesSize:7
currentRepackCostTime:36.992s , currentRepackMaxTime:255.19619047619048s
iter2		 Improve solution by repack 0.5251629266326256->0.5242999193765117 , unplacedBoxesSize:7
currentRepackCostTime:37.016s , currentRepackMaxTime:255.19619047619048s
iter28		 Improve solution by repack 0.5242999193765117->0.5230139747379736 , unplacedBoxesSize:6
currentRepackCostTime:37.275s , currentRepackMaxTime:255.19619047619048s
iter82		 Improve solution by repack 0.5230139747379736->0.5182867508734211 , unplacedBoxesSize:7
currentRepackCostTime:37.969s , currentRepackMaxTime:255.19619047619048s
iter26		 Improve solution by repack 0.5182867508734211->0.5137167428110723 , unplacedBoxesSize:7
currentRepackCostTime:38.19s , currentRepackMaxTime:255.19619047619048s
iter21		 Improve solution by repack 0.5137167428110723->0.5136495565708143 , unplacedBoxesSize:6
currentRepackCostTime:38.363s , currentRepackMaxTime:255.19619047619048s
iter6		 Improve solution by repack 0.5136495565708143->0.5053423138941145 , unplacedBoxesSize:7
currentRepackCostTime:38.426s , currentRepackMaxTime:255.19619047619048s
iter92		 Improve solution by repack 0.5053423138941145->0.5001635984950282 , unplacedBoxesSize:6
currentRepackCostTime:39.316s , currentRepackMaxTime:255.19619047619048s
iter23		 Improve solution by repack 0.5001635984950282->0.4981386052136522 , unplacedBoxesSize:7
currentRepackCostTime:39.492s , currentRepackMaxTime:255.19619047619048s
iter69		 Improve solution by repack 0.4981386052136522->0.49729273044880407 , unplacedBoxesSize:6
currentRepackCostTime:40.165s , currentRepackMaxTime:255.19619047619048s
iter4		 Improve solution by repack 0.49729273044880407->0.4930116232195646 , unplacedBoxesSize:6
currentRepackCostTime:40.205s , currentRepackMaxTime:255.19619047619048s
Selecting boards with low utilization for repacking...
iter9		 Improve solution by repack 0.9187486562751948->0.9107373689868314 , unplacedBoxesSize:4
currentRepackCostTime:45.036s , currentRepackMaxTime:255.19619047619048s
iter3		 Improve solution by repack 0.9107373689868314->0.8856664875033593 , unplacedBoxesSize:3
currentRepackCostTime:45.057s , currentRepackMaxTime:255.19619047619048s
iter14		 Improve solution by repack 0.8856664875033593->0.5360659097016931 , unplacedBoxesSize:7
currentRepackCostTime:45.133s , currentRepackMaxTime:255.19619047619048s
iter1		 Improve solution by repack 0.5360659097016931->0.5221697796291319 , unplacedBoxesSize:7
currentRepackCostTime:45.135s , currentRepackMaxTime:255.19619047619048s
iter4		 Improve solution by repack 0.5221697796291319->0.5187328675087343 , unplacedBoxesSize:6
currentRepackCostTime:45.161s , currentRepackMaxTime:255.19619047619048s
iter25		 Improve solution by repack 0.5187328675087343->0.5155324509540447 , unplacedBoxesSize:7
currentRepackCostTime:45.36s , currentRepackMaxTime:255.19619047619048s
iter29		 Improve solution by repack 0.5155324509540447->0.4926736764310669 , unplacedBoxesSize:7
currentRepackCostTime:45.623s , currentRepackMaxTime:255.19619047619048s
iter97		 Improve solution by repack 0.4926736764310669->0.49218086535877453 , unplacedBoxesSize:6
currentRepackCostTime:46.61s , currentRepackMaxTime:255.19619047619048s
iter11		 Improve solution by repack 0.49218086535877453->0.47570478366030633 , unplacedBoxesSize:6
currentRepackCostTime:46.704s , currentRepackMaxTime:255.19619047619048s
iter12		 Improve solution by repack 0.47570478366030633->0.47252082773448 , unplacedBoxesSize:5
currentRepackCostTime:46.804s , currentRepackMaxTime:255.19619047619048s
Selecting boards with low utilization for repacking...
iter2		 Improve solution by repack 0.9166044074173609->0.9013813490997045 , unplacedBoxesSize:3
currentRepackCostTime:49.936s , currentRepackMaxTime:255.19619047619048s
iter6		 Improve solution by repack 0.9013813490997045->0.47252082773448 , unplacedBoxesSize:5
currentRepackCostTime:49.964s , currentRepackMaxTime:255.19619047619048s
Selecting boards with low utilization for repacking...
iter5		 Improve solution by repack 0.9189028486965869->0.889176296694437 , unplacedBoxesSize:8
currentRepackCostTime:54.753s , currentRepackMaxTime:255.19619047619048s
iter1		 Improve solution by repack 0.889176296694437->0.47252082773448 , unplacedBoxesSize:5
currentRepackCostTime:54.761s , currentRepackMaxTime:255.19619047619048s
Selecting boards with low utilization for repacking...
iter20		 Improve solution by repack 0.9257010884170922->0.9246220773985488 , unplacedBoxesSize:8
currentRepackCostTime:59.681000000000004s , currentRepackMaxTime:255.19619047619048s
iter8		 Improve solution by repack 0.9246220773985488->0.540286213383499 , unplacedBoxesSize:6
currentRepackCostTime:59.744s , currentRepackMaxTime:255.19619047619048s
iter9		 Improve solution by repack 0.540286213383499->0.5219789707067992 , unplacedBoxesSize:6
currentRepackCostTime:59.814s , currentRepackMaxTime:255.19619047619048s
iter28		 Improve solution by repack 0.5219789707067992->0.5144316044074174 , unplacedBoxesSize:5
currentRepackCostTime:60.049s , currentRepackMaxTime:255.19619047619048s
iter10		 Improve solution by repack 0.5144316044074174->0.4990728298844397 , unplacedBoxesSize:5
currentRepackCostTime:60.119s , currentRepackMaxTime:255.19619047619048s
iter17		 Improve solution by repack 0.4990728298844397->0.49618818865896264 , unplacedBoxesSize:5
currentRepackCostTime:60.242000000000004s , currentRepackMaxTime:255.19619047619048s
iter120		 Improve solution by repack 0.49618818865896264->0.4914609647944101 , unplacedBoxesSize:6
currentRepackCostTime:61.143s , currentRepackMaxTime:255.19619047619048s
Selecting boards with low utilization for repacking...
iter2		 Improve solution by repack 0.9019389948938457->0.5195730314431605 , unplacedBoxesSize:6
currentRepackCostTime:64.562s , currentRepackMaxTime:255.19619047619048s
iter6		 Improve solution by repack 0.5195730314431605->0.5084987234614351 , unplacedBoxesSize:6
currentRepackCostTime:64.604s , currentRepackMaxTime:255.19619047619048s
iter4		 Improve solution by repack 0.5084987234614351->0.5031167696855684 , unplacedBoxesSize:7
currentRepackCostTime:64.646s , currentRepackMaxTime:255.19619047619048s
iter5		 Improve solution by repack 0.5031167696855684->0.49793066380005374 , unplacedBoxesSize:6
currentRepackCostTime:64.679s , currentRepackMaxTime:255.19619047619048s
iter38		 Improve solution by repack 0.49793066380005374->0.49729273044880407 , unplacedBoxesSize:6
currentRepackCostTime:65.013s , currentRepackMaxTime:255.19619047619048s
iter71		 Improve solution by repack 0.49729273044880407->0.4930116232195646 , unplacedBoxesSize:6
currentRepackCostTime:65.714s , currentRepackMaxTime:255.19619047619048s
Selecting boards with low utilization for repacking...
iter2		 Improve solution by repack 0.9002506046761624->0.5560682612201021 , unplacedBoxesSize:6
currentRepackCostTime:69.773s , currentRepackMaxTime:255.19619047619048s
iter3		 Improve solution by repack 0.5560682612201021->0.5467710292932008 , unplacedBoxesSize:7
currentRepackCostTime:69.795s , currentRepackMaxTime:255.19619047619048s
iter11		 Improve solution by repack 0.5467710292932008->0.5440090029561946 , unplacedBoxesSize:7
currentRepackCostTime:69.885s , currentRepackMaxTime:255.19619047619048s
iter5		 Improve solution by repack 0.5440090029561946->0.5175332571889277 , unplacedBoxesSize:7
currentRepackCostTime:69.932s , currentRepackMaxTime:255.19619047619048s
iter1		 Improve solution by repack 0.5175332571889277->0.5103480247245364 , unplacedBoxesSize:6
currentRepackCostTime:69.938s , currentRepackMaxTime:255.19619047619048s
iter2		 Improve solution by repack 0.5103480247245364->0.5098128863208815 , unplacedBoxesSize:6
currentRepackCostTime:69.95100000000001s , currentRepackMaxTime:255.19619047619048s
iter2		 Improve solution by repack 0.5098128863208815->0.4936320881483472 , unplacedBoxesSize:6
currentRepackCostTime:69.96300000000001s , currentRepackMaxTime:255.19619047619048s
iter50		 Improve solution by repack 0.4936320881483472->0.477505710830422 , unplacedBoxesSize:6
currentRepackCostTime:70.471s , currentRepackMaxTime:255.19619047619048s
iter13		 Improve solution by repack 0.477505710830422->0.47567858102660576 , unplacedBoxesSize:5
currentRepackCostTime:70.59100000000001s , currentRepackMaxTime:255.19619047619048s
iter182		 Improve solution by repack 0.47567858102660576->0.4699543133566246 , unplacedBoxesSize:5
currentRepackCostTime:71.987s , currentRepackMaxTime:255.19619047619048s
iter33		 Improve solution by repack 0.4699543133566246->0.46771701155603335 , unplacedBoxesSize:5
currentRepackCostTime:72.256s , currentRepackMaxTime:255.19619047619048s
iter52		 Improve solution by repack 0.46771701155603335->0.4659869658693899 , unplacedBoxesSize:6
currentRepackCostTime:72.669s , currentRepackMaxTime:255.19619047619048s
iter2		 Improve solution by repack 0.4659869658693899->0.4618207471109917 , unplacedBoxesSize:5
currentRepackCostTime:72.686s , currentRepackMaxTime:255.19619047619048s
iter36		 Improve solution by repack 0.4618207471109917->0.45927405267401233 , unplacedBoxesSize:5
currentRepackCostTime:73.008s , currentRepackMaxTime:255.19619047619048s
iter1		 Improve solution by repack 0.45927405267401233->0.4511099166890621 , unplacedBoxesSize:5
currentRepackCostTime:73.012s , currentRepackMaxTime:255.19619047619048s
iter9		 Improve solution by repack 0.4511099166890621->0.44047836603063695 , unplacedBoxesSize:4
currentRepackCostTime:73.069s , currentRepackMaxTime:255.19619047619048s
iter188		 Improve solution by repack 0.44047836603063695->0.4355267401236227 , unplacedBoxesSize:5
currentRepackCostTime:74.424s , currentRepackMaxTime:255.19619047619048s
iter30		 Improve solution by repack 0.4355267401236227->0.4285030905670519 , unplacedBoxesSize:5
currentRepackCostTime:74.667s , currentRepackMaxTime:255.19619047619048s
iter78		 Improve solution by repack 0.4285030905670519->0.4257323300188121 , unplacedBoxesSize:5
currentRepackCostTime:75.348s , currentRepackMaxTime:255.19619047619048s
Selecting boards with low utilization for repacking...
iter2		 Improve solution by repack 0.9289891830153185->0.8909459822628326 , unplacedBoxesSize:7
currentRepackCostTime:79.421s , currentRepackMaxTime:255.19619047619048s
iter20		 Improve solution by repack 0.8909459822628326->0.5061220102123085 , unplacedBoxesSize:6
currentRepackCostTime:79.575s , currentRepackMaxTime:255.19619047619048s
iter83		 Improve solution by repack 0.5061220102123085->0.49490392367643105 , unplacedBoxesSize:7
currentRepackCostTime:80.234s , currentRepackMaxTime:255.19619047619048s
iter5		 Improve solution by repack 0.49490392367643105->0.47294477291050796 , unplacedBoxesSize:6
currentRepackCostTime:80.283s , currentRepackMaxTime:255.19619047619048s
iter84		 Improve solution by repack 0.47294477291050796->0.4669316044074174 , unplacedBoxesSize:6
currentRepackCostTime:81.051s , currentRepackMaxTime:255.19619047619048s
iter40		 Improve solution by repack 0.4669316044074174->0.46585528083848426 , unplacedBoxesSize:6
currentRepackCostTime:81.397s , currentRepackMaxTime:255.19619047619048s
Selecting boards with low utilization for repacking...
iter5		 Improve solution by repack 0.9207151975275464->0.9119460494490728 , unplacedBoxesSize:10
currentRepackCostTime:84.715s , currentRepackMaxTime:255.19619047619048s
iter6		 Improve solution by repack 0.9119460494490728->0.48928748992206395 , unplacedBoxesSize:7
currentRepackCostTime:84.774s , currentRepackMaxTime:255.19619047619048s
iter5		 Improve solution by repack 0.48928748992206395->0.4868909567320613 , unplacedBoxesSize:6
currentRepackCostTime:84.81400000000001s , currentRepackMaxTime:255.19619047619048s
iter22		 Improve solution by repack 0.4868909567320613->0.47567858102660576 , unplacedBoxesSize:5
currentRepackCostTime:84.996s , currentRepackMaxTime:255.19619047619048s
iter28		 Improve solution by repack 0.47567858102660576->0.46585528083848426 , unplacedBoxesSize:6
currentRepackCostTime:85.22500000000001s , currentRepackMaxTime:255.19619047619048s
iter37		 Improve solution by repack 0.46585528083848426->0.465689330825047 , unplacedBoxesSize:6
currentRepackCostTime:85.549s , currentRepackMaxTime:255.19619047619048s
iter69		 Improve solution by repack 0.465689330825047->0.46488679118516524 , unplacedBoxesSize:8
currentRepackCostTime:86.148s , currentRepackMaxTime:255.19619047619048s
iter13		 Improve solution by repack 0.46488679118516524->0.46441279226014515 , unplacedBoxesSize:6
currentRepackCostTime:86.277s , currentRepackMaxTime:255.19619047619048s
iter116		 Improve solution by repack 0.46441279226014515->0.44912657887664603 , unplacedBoxesSize:5
currentRepackCostTime:87.34s , currentRepackMaxTime:255.19619047619048s
iter93		 Improve solution by repack 0.44912657887664603->0.44624193765116904 , unplacedBoxesSize:5
currentRepackCostTime:88.08500000000001s , currentRepackMaxTime:255.19619047619048s
iter16		 Improve solution by repack 0.44624193765116904->0.44427270894920723 , unplacedBoxesSize:6
currentRepackCostTime:88.19s , currentRepackMaxTime:255.19619047619048s
iter39		 Improve solution by repack 0.44427270894920723->0.44360521365224403 , unplacedBoxesSize:5
currentRepackCostTime:88.543s , currentRepackMaxTime:255.19619047619048s
iter11		 Improve solution by repack 0.44360521365224403->0.44047836603063695 , unplacedBoxesSize:4
currentRepackCostTime:88.621s , currentRepackMaxTime:255.19619047619048s
iter223		 Improve solution by repack 0.44047836603063695->0.43065506584251545 , unplacedBoxesSize:5
currentRepackCostTime:90.232s , currentRepackMaxTime:255.19619047619048s
iter10		 Improve solution by repack 0.43065506584251545->0.4284957000806235 , unplacedBoxesSize:5
currentRepackCostTime:90.32300000000001s , currentRepackMaxTime:255.19619047619048s
iter10		 Improve solution by repack 0.4284957000806235->0.4257323300188121 , unplacedBoxesSize:5
currentRepackCostTime:90.393s , currentRepackMaxTime:255.19619047619048s
Selecting boards with low utilization for repacking...
iter27		 Improve solution by repack 0.8961680327868853->0.46878661650094067 , unplacedBoxesSize:6
currentRepackCostTime:94.635s , currentRepackMaxTime:255.19619047619048s
iter23		 Improve solution by repack 0.46878661650094067->0.4257323300188121 , unplacedBoxesSize:5
currentRepackCostTime:94.82600000000001s , currentRepackMaxTime:255.19619047619048s
iter140		 Improve solution by repack 0.4257323300188121->0.4209755442085461 , unplacedBoxesSize:5
currentRepackCostTime:95.925s , currentRepackMaxTime:255.19619047619048s
Selecting boards with low utilization for repacking...
iter1		 Improve solution by repack 0.9122641762966944->0.4677213786616501 , unplacedBoxesSize:6
currentRepackCostTime:99.287s , currentRepackMaxTime:255.19619047619048s
iter4		 Improve solution by repack 0.4677213786616501->0.44666218758398285 , unplacedBoxesSize:6
currentRepackCostTime:99.328s , currentRepackMaxTime:255.19619047619048s
iter9		 Improve solution by repack 0.44666218758398285->0.43572158022037083 , unplacedBoxesSize:4
currentRepackCostTime:99.395s , currentRepackMaxTime:255.19619047619048s
iter30		 Improve solution by repack 0.43572158022037083->0.4330018812147272 , unplacedBoxesSize:5
currentRepackCostTime:99.632s , currentRepackMaxTime:255.19619047619048s
iter8		 Improve solution by repack 0.4330018812147272->0.4294168234345606 , unplacedBoxesSize:5
currentRepackCostTime:99.703s , currentRepackMaxTime:255.19619047619048s
iter40		 Improve solution by repack 0.4294168234345606->0.4257323300188121 , unplacedBoxesSize:5
currentRepackCostTime:100.021s , currentRepackMaxTime:255.19619047619048s
Selecting boards with low utilization for repacking...
iter18		 Improve solution by repack 0.9100524052674013->0.906999462510078 , unplacedBoxesSize:7
currentRepackCostTime:104.296s , currentRepackMaxTime:255.19619047619048s
iter7		 Improve solution by repack 0.906999462510078->0.4257323300188121 , unplacedBoxesSize:5
currentRepackCostTime:104.352s , currentRepackMaxTime:255.19619047619048s
Selecting boards with low utilization for repacking...
iter2		 Improve solution by repack 0.9122641762966944->0.4257323300188121 , unplacedBoxesSize:5
currentRepackCostTime:108.974s , currentRepackMaxTime:255.19619047619048s
Selecting boards with low utilization for repacking...
iter12		 Improve solution by repack 0.9288007256113948->0.9284762160709487 , unplacedBoxesSize:7
currentRepackCostTime:113.86s , currentRepackMaxTime:255.19619047619048s
iter8		 Improve solution by repack 0.9284762160709487->0.47567858102660576 , unplacedBoxesSize:5
currentRepackCostTime:113.916s , currentRepackMaxTime:255.19619047619048s
iter39		 Improve solution by repack 0.47567858102660576->0.46953607901101857 , unplacedBoxesSize:6
currentRepackCostTime:114.172s , currentRepackMaxTime:255.19619047619048s
iter4		 Improve solution by repack 0.46953607901101857->0.4646170384305294 , unplacedBoxesSize:6
currentRepackCostTime:114.212s , currentRepackMaxTime:255.19619047619048s
iter221		 Improve solution by repack 0.4646170384305294->0.4531523783929051 , unplacedBoxesSize:6
currentRepackCostTime:116.211s , currentRepackMaxTime:255.19619047619048s
iter9		 Improve solution by repack 0.4531523783929051->0.4517653184627788 , unplacedBoxesSize:7
currentRepackCostTime:116.273s , currentRepackMaxTime:255.19619047619048s
iter2		 Improve solution by repack 0.4517653184627788->0.44719531040043 , unplacedBoxesSize:7
currentRepackCostTime:116.288s , currentRepackMaxTime:255.19619047619048s
iter189		 Improve solution by repack 0.44719531040043->0.4327076054823972 , unplacedBoxesSize:6
currentRepackCostTime:118.111s , currentRepackMaxTime:255.19619047619048s
iter11		 Improve solution by repack 0.4327076054823972->0.42669443697930665 , unplacedBoxesSize:6
currentRepackCostTime:118.196s , currentRepackMaxTime:255.19619047619048s
iter18		 Improve solution by repack 0.42669443697930665->0.4257323300188121 , unplacedBoxesSize:5
currentRepackCostTime:118.372s , currentRepackMaxTime:255.19619047619048s
Selecting boards with low utilization for repacking...
iter1		 Improve solution by repack 0.9379242811072293->0.4257323300188121 , unplacedBoxesSize:5
currentRepackCostTime:121.568s , currentRepackMaxTime:255.19619047619048s
Selecting boards with low utilization for repacking...
iter4		 Improve solution by repack 0.9438111394786347->0.9266343052942757 , unplacedBoxesSize:8
currentRepackCostTime:126.464s , currentRepackMaxTime:255.19619047619048s
iter2		 Improve solution by repack 0.9266343052942757->0.9198787288363344 , unplacedBoxesSize:8
currentRepackCostTime:126.479s , currentRepackMaxTime:255.19619047619048s
iter3		 Improve solution by repack 0.9198787288363344->0.9130603332437517 , unplacedBoxesSize:8
currentRepackCostTime:126.504s , currentRepackMaxTime:255.19619047619048s
iter1		 Improve solution by repack 0.9130603332437517->0.4699543133566246 , unplacedBoxesSize:5
currentRepackCostTime:126.511s , currentRepackMaxTime:255.19619047619048s
iter23		 Improve solution by repack 0.4699543133566246->0.45698065036280566 , unplacedBoxesSize:5
currentRepackCostTime:126.69200000000001s , currentRepackMaxTime:255.19619047619048s
iter63		 Improve solution by repack 0.45698065036280566->0.4512563826928245 , unplacedBoxesSize:5
currentRepackCostTime:127.171s , currentRepackMaxTime:255.19619047619048s
iter3		 Improve solution by repack 0.4512563826928245->0.44901908089223325 , unplacedBoxesSize:5
currentRepackCostTime:127.19s , currentRepackMaxTime:255.19619047619048s
iter23		 Improve solution by repack 0.44901908089223325->0.4485309728567589 , unplacedBoxesSize:6
currentRepackCostTime:127.372s , currentRepackMaxTime:255.19619047619048s
iter17		 Improve solution by repack 0.4485309728567589->0.4392418032786885 , unplacedBoxesSize:5
currentRepackCostTime:127.536s , currentRepackMaxTime:255.19619047619048s
iter10		 Improve solution by repack 0.4392418032786885->0.4385054420854609 , unplacedBoxesSize:5
currentRepackCostTime:127.607s , currentRepackMaxTime:255.19619047619048s
iter20		 Improve solution by repack 0.4385054420854609->0.4335864015049718 , unplacedBoxesSize:5
currentRepackCostTime:127.76s , currentRepackMaxTime:255.19619047619048s
Selecting boards with low utilization for repacking...
iter6		 Improve solution by repack 0.9253345874764848->0.9110407148615963 , unplacedBoxesSize:9
currentRepackCostTime:131.202s , currentRepackMaxTime:255.19619047619048s
iter2		 Improve solution by repack 0.9110407148615963->0.9021415614082237 , unplacedBoxesSize:8
currentRepackCostTime:131.219s , currentRepackMaxTime:255.19619047619048s
iter11		 Improve solution by repack 0.9021415614082237->0.8990886186509003 , unplacedBoxesSize:6
currentRepackCostTime:131.311s , currentRepackMaxTime:255.19619047619048s
iter10		 Improve solution by repack 0.8990886186509003->0.8986629938188658 , unplacedBoxesSize:5
currentRepackCostTime:131.379s , currentRepackMaxTime:255.19619047619048s
iter16		 Improve solution by repack 0.8986629938188658->0.8975688658962645 , unplacedBoxesSize:5
currentRepackCostTime:131.487s , currentRepackMaxTime:255.19619047619048s
iter13		 Improve solution by repack 0.8975688658962645->0.5499193765116904 , unplacedBoxesSize:7
currentRepackCostTime:131.575s , currentRepackMaxTime:255.19619047619048s
iter8		 Improve solution by repack 0.5499193765116904->0.549889814565977 , unplacedBoxesSize:7
currentRepackCostTime:131.654s , currentRepackMaxTime:255.19619047619048s
iter8		 Improve solution by repack 0.549889814565977->0.5191165009406074 , unplacedBoxesSize:7
currentRepackCostTime:131.725s , currentRepackMaxTime:255.19619047619048s
iter1		 Improve solution by repack 0.5191165009406074->0.5139760816984682 , unplacedBoxesSize:6
currentRepackCostTime:131.73s , currentRepackMaxTime:255.19619047619048s
iter4		 Improve solution by repack 0.5139760816984682->0.5101481456597688 , unplacedBoxesSize:7
currentRepackCostTime:131.768s , currentRepackMaxTime:255.19619047619048s
iter15		 Improve solution by repack 0.5101481456597688->0.5014861596345068 , unplacedBoxesSize:6
currentRepackCostTime:131.92000000000002s , currentRepackMaxTime:255.19619047619048s
iter16		 Improve solution by repack 0.5014861596345068->0.5011451894651975 , unplacedBoxesSize:6
currentRepackCostTime:132.02s , currentRepackMaxTime:255.19619047619048s
iter7		 Improve solution by repack 0.5011451894651975->0.49618818865896264 , unplacedBoxesSize:5
currentRepackCostTime:132.074s , currentRepackMaxTime:255.19619047619048s
iter16		 Improve solution by repack 0.49618818865896264->0.4923602526202634 , unplacedBoxesSize:6
currentRepackCostTime:132.193s , currentRepackMaxTime:255.19619047619048s
iter9		 Improve solution by repack 0.4923602526202634->0.4874412120397742 , unplacedBoxesSize:6
currentRepackCostTime:132.286s , currentRepackMaxTime:255.19619047619048s
iter33		 Improve solution by repack 0.4874412120397742->0.4861989384574039 , unplacedBoxesSize:6
currentRepackCostTime:132.537s , currentRepackMaxTime:255.19619047619048s
iter59		 Improve solution by repack 0.4861989384574039->0.47567858102660576 , unplacedBoxesSize:5
currentRepackCostTime:133.072s , currentRepackMaxTime:255.19619047619048s
iter63		 Improve solution by repack 0.47567858102660576->0.47479978500403114 , unplacedBoxesSize:6
currentRepackCostTime:133.536s , currentRepackMaxTime:255.19619047619048s
iter28		 Improve solution by repack 0.47479978500403114->0.4737056570814297 , unplacedBoxesSize:6
currentRepackCostTime:133.77100000000002s , currentRepackMaxTime:255.19619047619048s
iter39		 Improve solution by repack 0.4737056570814297->0.4684852862133835 , unplacedBoxesSize:6
currentRepackCostTime:134.082s , currentRepackMaxTime:255.19619047619048s
iter2		 Improve solution by repack 0.4684852862133835->0.46441279226014515 , unplacedBoxesSize:6
currentRepackCostTime:134.105s , currentRepackMaxTime:255.19619047619048s
iter13		 Improve solution by repack 0.46441279226014515->0.44912657887664603 , unplacedBoxesSize:5
currentRepackCostTime:134.234s , currentRepackMaxTime:255.19619047619048s
iter206		 Improve solution by repack 0.44912657887664603->0.4410185434023112 , unplacedBoxesSize:6
currentRepackCostTime:135.87800000000001s , currentRepackMaxTime:255.19619047619048s
iter44		 Improve solution by repack 0.4410185434023112->0.4257323300188121 , unplacedBoxesSize:5
currentRepackCostTime:136.266s , currentRepackMaxTime:255.19619047619048s
Selecting boards with low utilization for repacking...
iter2		 Improve solution by repack 0.9119148078473528->0.891409903251814 , unplacedBoxesSize:8
currentRepackCostTime:140.85s , currentRepackMaxTime:255.19619047619048s
iter26		 Improve solution by repack 0.891409903251814->0.46469497446922875 , unplacedBoxesSize:6
currentRepackCostTime:141.062s , currentRepackMaxTime:255.19619047619048s
iter10		 Improve solution by repack 0.46469497446922875->0.45297870196183826 , unplacedBoxesSize:6
currentRepackCostTime:141.144s , currentRepackMaxTime:255.19619047619048s
iter3		 Improve solution by repack 0.45297870196183826->0.44961938994893846 , unplacedBoxesSize:6
currentRepackCostTime:141.165s , currentRepackMaxTime:255.19619047619048s
iter7		 Improve solution by repack 0.44961938994893846->0.44624193765116904 , unplacedBoxesSize:5
currentRepackCostTime:141.221s , currentRepackMaxTime:255.19619047619048s
iter16		 Improve solution by repack 0.44624193765116904->0.44561408223595805 , unplacedBoxesSize:6
currentRepackCostTime:141.343s , currentRepackMaxTime:255.19619047619048s
iter1		 Improve solution by repack 0.44561408223595805->0.4435094732598764 , unplacedBoxesSize:6
currentRepackCostTime:141.35s , currentRepackMaxTime:255.19619047619048s
iter9		 Improve solution by repack 0.4435094732598764->0.43450886858371407 , unplacedBoxesSize:5
currentRepackCostTime:141.422s , currentRepackMaxTime:255.19619047619048s
iter3		 Improve solution by repack 0.43450886858371407->0.43174549852190275 , unplacedBoxesSize:5
currentRepackCostTime:141.446s , currentRepackMaxTime:255.19619047619048s
iter17		 Improve solution by repack 0.43174549852190275->0.4306513705993013 , unplacedBoxesSize:5
currentRepackCostTime:141.568s , currentRepackMaxTime:255.19619047619048s
iter9		 Improve solution by repack 0.4306513705993013->0.4257323300188121 , unplacedBoxesSize:5
currentRepackCostTime:141.63400000000001s , currentRepackMaxTime:255.19619047619048s
Selecting boards with low utilization for repacking...
iter3		 Improve solution by repack 0.9508341171728031->0.9435608707336737 , unplacedBoxesSize:10
currentRepackCostTime:145.81300000000002s , currentRepackMaxTime:255.19619047619048s
iter1		 Improve solution by repack 0.9435608707336737->0.9335212308519215 , unplacedBoxesSize:9
currentRepackCostTime:145.822s , currentRepackMaxTime:255.19619047619048s
iter21		 Improve solution by repack 0.9335212308519215->0.49440271432410643 , unplacedBoxesSize:6
currentRepackCostTime:145.978s , currentRepackMaxTime:255.19619047619048s
iter71		 Improve solution by repack 0.49440271432410643->0.4930116232195646 , unplacedBoxesSize:6
currentRepackCostTime:146.622s , currentRepackMaxTime:255.19619047619048s
Selecting boards with low utilization for repacking...
iter2		 Improve solution by repack 0.9743345202902446->0.9571754904595539 , unplacedBoxesSize:10
currentRepackCostTime:150.873s , currentRepackMaxTime:255.19619047619048s
iter1		 Improve solution by repack 0.9571754904595539->0.9542172803009943 , unplacedBoxesSize:10
currentRepackCostTime:150.87800000000001s , currentRepackMaxTime:255.19619047619048s
iter1		 Improve solution by repack 0.9542172803009943->0.9454844127922601 , unplacedBoxesSize:11
currentRepackCostTime:150.887s , currentRepackMaxTime:255.19619047619048s
iter7		 Improve solution by repack 0.9454844127922601->0.9135504568664337 , unplacedBoxesSize:6
currentRepackCostTime:150.953s , currentRepackMaxTime:255.19619047619048s
iter4		 Improve solution by repack 0.9135504568664337->0.6191595001343725 , unplacedBoxesSize:2
currentRepackCostTime:150.981s , currentRepackMaxTime:255.19619047619048s
iter16		 Improve solution by repack 0.6191595001343725->0.6126609110454179 , unplacedBoxesSize:2
currentRepackCostTime:151.073s , currentRepackMaxTime:255.19619047619048s
iter9		 Improve solution by repack 0.6126609110454179->0.6092337409298576 , unplacedBoxesSize:8
currentRepackCostTime:151.127s , currentRepackMaxTime:255.19619047619048s
iter2		 Improve solution by repack 0.6092337409298576->0.5543926363880678 , unplacedBoxesSize:7
currentRepackCostTime:151.148s , currentRepackMaxTime:255.19619047619048s
iter95		 Improve solution by repack 0.5543926363880678->0.5523535339962375 , unplacedBoxesSize:7
currentRepackCostTime:152.017s , currentRepackMaxTime:255.19619047619048s
iter10		 Improve solution by repack 0.5523535339962375->0.5517156006449879 , unplacedBoxesSize:7
currentRepackCostTime:152.1s , currentRepackMaxTime:255.19619047619048s
iter2		 Improve solution by repack 0.5517156006449879->0.5474344934157485 , unplacedBoxesSize:7
currentRepackCostTime:152.111s , currentRepackMaxTime:255.19619047619048s
iter51		 Improve solution by repack 0.5474344934157485->0.5473787288363343 , unplacedBoxesSize:7
currentRepackCostTime:152.541s , currentRepackMaxTime:255.19619047619048s
iter4		 Improve solution by repack 0.5473787288363343->0.5430861999462511 , unplacedBoxesSize:6
currentRepackCostTime:152.572s , currentRepackMaxTime:255.19619047619048s
iter92		 Improve solution by repack 0.5430861999462511->0.5339804488040849 , unplacedBoxesSize:8
currentRepackCostTime:153.329s , currentRepackMaxTime:255.19619047619048s
iter8		 Improve solution by repack 0.5339804488040849->0.5304330153184628 , unplacedBoxesSize:8
currentRepackCostTime:153.411s , currentRepackMaxTime:255.19619047619048s
iter8		 Improve solution by repack 0.5304330153184628->0.5282682746573502 , unplacedBoxesSize:8
currentRepackCostTime:153.502s , currentRepackMaxTime:255.19619047619048s
iter1		 Improve solution by repack 0.5282682746573502->0.525740392367643 , unplacedBoxesSize:6
currentRepackCostTime:153.511s , currentRepackMaxTime:255.19619047619048s
iter29		 Improve solution by repack 0.525740392367643->0.5242683418435904 , unplacedBoxesSize:7
currentRepackCostTime:153.756s , currentRepackMaxTime:255.19619047619048s
iter14		 Improve solution by repack 0.5242683418435904->0.5162271566783122 , unplacedBoxesSize:7
currentRepackCostTime:153.892s , currentRepackMaxTime:255.19619047619048s
iter10		 Improve solution by repack 0.5162271566783122->0.5149227358237033 , unplacedBoxesSize:7
currentRepackCostTime:153.976s , currentRepackMaxTime:255.19619047619048s
iter38		 Improve solution by repack 0.5149227358237033->0.5138286079011019 , unplacedBoxesSize:7
currentRepackCostTime:154.302s , currentRepackMaxTime:255.19619047619048s
iter57		 Improve solution by repack 0.5138286079011019->0.5093476216070949 , unplacedBoxesSize:7
currentRepackCostTime:154.84s , currentRepackMaxTime:255.19619047619048s
iter94		 Improve solution by repack 0.5093476216070949->0.5044285810266058 , unplacedBoxesSize:7
currentRepackCostTime:155.728s , currentRepackMaxTime:255.19619047619048s
iter30		 Improve solution by repack 0.5044285810266058->0.49644719161515727 , unplacedBoxesSize:6
currentRepackCostTime:156.004s , currentRepackMaxTime:255.19619047619048s
iter8		 Improve solution by repack 0.49644719161515727->0.49524455791453914 , unplacedBoxesSize:6
currentRepackCostTime:156.06900000000002s , currentRepackMaxTime:255.19619047619048s
iter7		 Improve solution by repack 0.49524455791453914->0.49440271432410643 , unplacedBoxesSize:6
currentRepackCostTime:156.13400000000001s , currentRepackMaxTime:255.19619047619048s
iter258		 Improve solution by repack 0.49440271432410643->0.4914609647944101 , unplacedBoxesSize:6
currentRepackCostTime:158.341s , currentRepackMaxTime:255.19619047619048s
iter68		 Improve solution by repack 0.4914609647944101->0.4892962241332975 , unplacedBoxesSize:6
currentRepackCostTime:158.927s , currentRepackMaxTime:255.19619047619048s
Selecting boards with low utilization for repacking...
iter2		 Improve solution by repack 0.9442092179521635->0.917351854340231 , unplacedBoxesSize:7
currentRepackCostTime:163.747s , currentRepackMaxTime:255.19619047619048s
iter1		 Improve solution by repack 0.917351854340231->0.5570599301263102 , unplacedBoxesSize:8
currentRepackCostTime:163.758s , currentRepackMaxTime:255.19619047619048s
iter2		 Improve solution by repack 0.5570599301263102->0.5539330825047031 , unplacedBoxesSize:7
currentRepackCostTime:163.774s , currentRepackMaxTime:255.19619047619048s
iter102		 Improve solution by repack 0.5539330825047031->0.5360659097016931 , unplacedBoxesSize:7
currentRepackCostTime:164.67600000000002s , currentRepackMaxTime:255.19619047619048s
iter11		 Improve solution by repack 0.5360659097016931->0.5347658559527009 , unplacedBoxesSize:7
currentRepackCostTime:164.775s , currentRepackMaxTime:255.19619047619048s
iter29		 Improve solution by repack 0.5347658559527009->0.5313884036549315 , unplacedBoxesSize:6
currentRepackCostTime:165.058s , currentRepackMaxTime:255.19619047619048s
iter18		 Improve solution by repack 0.5313884036549315->0.5201750201558721 , unplacedBoxesSize:7
currentRepackCostTime:165.21200000000002s , currentRepackMaxTime:255.19619047619048s
iter3		 Improve solution by repack 0.5201750201558721->0.5190943294813222 , unplacedBoxesSize:6
currentRepackCostTime:165.233s , currentRepackMaxTime:255.19619047619048s
iter13		 Improve solution by repack 0.5190943294813222->0.516327600107498 , unplacedBoxesSize:6
currentRepackCostTime:165.341s , currentRepackMaxTime:255.19619047619048s
iter116		 Improve solution by repack 0.516327600107498->0.5131271835528084 , unplacedBoxesSize:7
currentRepackCostTime:166.275s , currentRepackMaxTime:255.19619047619048s
iter44		 Improve solution by repack 0.5131271835528084->0.5108787960225746 , unplacedBoxesSize:6
currentRepackCostTime:166.718s , currentRepackMaxTime:255.19619047619048s
iter130		 Improve solution by repack 0.5108787960225746->0.5094356355818328 , unplacedBoxesSize:7
currentRepackCostTime:167.818s , currentRepackMaxTime:255.19619047619048s
iter69		 Improve solution by repack 0.5094356355818328->0.4991893980112873 , unplacedBoxesSize:7
currentRepackCostTime:168.427s , currentRepackMaxTime:255.19619047619048s
iter12		 Improve solution by repack 0.4991893980112873->0.4991598360655738 , unplacedBoxesSize:7
currentRepackCostTime:168.523s , currentRepackMaxTime:255.19619047619048s
iter14		 Improve solution by repack 0.4991598360655738->0.4946314834721849 , unplacedBoxesSize:7
currentRepackCostTime:168.661s , currentRepackMaxTime:255.19619047619048s
iter20		 Improve solution by repack 0.4946314834721849->0.4930411851652781 , unplacedBoxesSize:6
currentRepackCostTime:168.863s , currentRepackMaxTime:255.19619047619048s
iter57		 Improve solution by repack 0.4930411851652781->0.4930116232195646 , unplacedBoxesSize:6
currentRepackCostTime:169.345s , currentRepackMaxTime:255.19619047619048s
iter260		 Improve solution by repack 0.4930116232195646->0.4916927573233002 , unplacedBoxesSize:7
currentRepackCostTime:171.52700000000002s , currentRepackMaxTime:255.19619047619048s
iter10		 Improve solution by repack 0.4916927573233002->0.4892962241332975 , unplacedBoxesSize:6
currentRepackCostTime:171.616s , currentRepackMaxTime:255.19619047619048s
Selecting boards with low utilization for repacking...
All low-utilization boards have been repacked once. Restarting repacking process...
Selecting boards with low utilization for repacking...
Selecting boards with low utilization for repacking...
iter1		 Improve solution by repack 0.9163259204514915->0.5313884036549315 , unplacedBoxesSize:6
currentRepackCostTime:178.957s , currentRepackMaxTime:255.19619047619048s
iter47		 Improve solution by repack 0.5313884036549315->0.5256248320343994 , unplacedBoxesSize:5
currentRepackCostTime:179.338s , currentRepackMaxTime:255.19619047619048s
iter47		 Improve solution by repack 0.5256248320343994->0.5106033324375168 , unplacedBoxesSize:6
currentRepackCostTime:179.671s , currentRepackMaxTime:255.19619047619048s
iter3		 Improve solution by repack 0.5106033324375168->0.5092676699811879 , unplacedBoxesSize:7
currentRepackCostTime:179.699s , currentRepackMaxTime:255.19619047619048s
iter2		 Improve solution by repack 0.5092676699811879->0.4863648884708412 , unplacedBoxesSize:6
currentRepackCostTime:179.72s , currentRepackMaxTime:255.19619047619048s
iter148		 Improve solution by repack 0.4863648884708412->0.4856967213114754 , unplacedBoxesSize:6
currentRepackCostTime:181.02100000000002s , currentRepackMaxTime:255.19619047619048s
iter66		 Improve solution by repack 0.4856967213114754->0.4856822762698199 , unplacedBoxesSize:6
currentRepackCostTime:181.594s , currentRepackMaxTime:255.19619047619048s
iter5		 Improve solution by repack 0.4856822762698199->0.4827976350443429 , unplacedBoxesSize:6
currentRepackCostTime:181.631s , currentRepackMaxTime:255.19619047619048s
iter23		 Improve solution by repack 0.4827976350443429->0.47727559795753827 , unplacedBoxesSize:7
currentRepackCostTime:181.83s , currentRepackMaxTime:255.19619047619048s
iter7		 Improve solution by repack 0.47727559795753827->0.47479978500403114 , unplacedBoxesSize:6
currentRepackCostTime:181.898s , currentRepackMaxTime:255.19619047619048s
iter19		 Improve solution by repack 0.47479978500403114->0.46878661650094067 , unplacedBoxesSize:6
currentRepackCostTime:182.042s , currentRepackMaxTime:255.19619047619048s
Selecting boards with low utilization for repacking...
iter3		 Improve solution by repack 0.912519819940876->0.9059721848965331 , unplacedBoxesSize:7
currentRepackCostTime:186.552s , currentRepackMaxTime:255.19619047619048s
iter2		 Improve solution by repack 0.9059721848965331->0.9032088148347218 , unplacedBoxesSize:7
currentRepackCostTime:186.57500000000002s , currentRepackMaxTime:255.19619047619048s
iter8		 Improve solution by repack 0.9032088148347218->0.5945821015855953 , unplacedBoxesSize:8
currentRepackCostTime:186.64000000000001s , currentRepackMaxTime:255.19619047619048s
iter23		 Improve solution by repack 0.5945821015855953->0.540286213383499 , unplacedBoxesSize:6
currentRepackCostTime:186.861s , currentRepackMaxTime:255.19619047619048s
iter2		 Improve solution by repack 0.540286213383499->0.5351048105348025 , unplacedBoxesSize:8
currentRepackCostTime:186.885s , currentRepackMaxTime:255.19619047619048s
iter2		 Improve solution by repack 0.5351048105348025->0.5322110991668906 , unplacedBoxesSize:8
currentRepackCostTime:186.912s , currentRepackMaxTime:255.19619047619048s
iter5		 Improve solution by repack 0.5322110991668906->0.49440271432410643 , unplacedBoxesSize:6
currentRepackCostTime:186.95600000000002s , currentRepackMaxTime:255.19619047619048s
iter19		 Improve solution by repack 0.49440271432410643->0.4929595538833647 , unplacedBoxesSize:7
currentRepackCostTime:187.101s , currentRepackMaxTime:255.19619047619048s
iter2		 Improve solution by repack 0.4929595538833647->0.49087644450416557 , unplacedBoxesSize:7
currentRepackCostTime:187.121s , currentRepackMaxTime:255.19619047619048s
iter3		 Improve solution by repack 0.49087644450416557->0.4861989384574039 , unplacedBoxesSize:6
currentRepackCostTime:187.14600000000002s , currentRepackMaxTime:255.19619047619048s
iter26		 Improve solution by repack 0.4861989384574039->0.48512664606288636 , unplacedBoxesSize:6
currentRepackCostTime:187.377s , currentRepackMaxTime:255.19619047619048s
iter5		 Improve solution by repack 0.48512664606288636->0.4818566917495297 , unplacedBoxesSize:6
currentRepackCostTime:187.417s , currentRepackMaxTime:255.19619047619048s
Selecting boards with low utilization for repacking...
iter13		 Improve solution by repack 0.9126407551733405->0.5114972453641494 , unplacedBoxesSize:7
currentRepackCostTime:191.957s , currentRepackMaxTime:255.19619047619048s
iter5		 Improve solution by repack 0.5114972453641494->0.4961384708411717 , unplacedBoxesSize:7
currentRepackCostTime:192.00300000000001s , currentRepackMaxTime:255.19619047619048s
iter9		 Improve solution by repack 0.4961384708411717->0.4930116232195646 , unplacedBoxesSize:6
currentRepackCostTime:192.079s , currentRepackMaxTime:255.19619047619048s
Selecting boards with low utilization for repacking...
iter4		 Improve solution by repack 0.9192676699811878->0.917774455791454 , unplacedBoxesSize:13
currentRepackCostTime:196.999s , currentRepackMaxTime:255.19619047619048s
iter3		 Improve solution by repack 0.917774455791454->0.549375503896802 , unplacedBoxesSize:7
currentRepackCostTime:197.032s , currentRepackMaxTime:255.19619047619048s
iter4		 Improve solution by repack 0.549375503896802->0.5474344934157485 , unplacedBoxesSize:7
currentRepackCostTime:197.073s , currentRepackMaxTime:255.19619047619048s
iter11		 Improve solution by repack 0.5474344934157485->0.5435010749798441 , unplacedBoxesSize:7
currentRepackCostTime:197.172s , currentRepackMaxTime:255.19619047619048s
iter7		 Improve solution by repack 0.5435010749798441->0.5382306503628057 , unplacedBoxesSize:7
currentRepackCostTime:197.246s , currentRepackMaxTime:255.19619047619048s
iter1		 Improve solution by repack 0.5382306503628057->0.5360659097016931 , unplacedBoxesSize:7
currentRepackCostTime:197.25300000000001s , currentRepackMaxTime:255.19619047619048s
iter11		 Improve solution by repack 0.5360659097016931->0.5157978366030637 , unplacedBoxesSize:6
currentRepackCostTime:197.364s , currentRepackMaxTime:255.19619047619048s
iter5		 Improve solution by repack 0.5157978366030637->0.5108787960225746 , unplacedBoxesSize:6
currentRepackCostTime:197.404s , currentRepackMaxTime:255.19619047619048s
iter37		 Improve solution by repack 0.5108787960225746->0.5093691212039774 , unplacedBoxesSize:7
currentRepackCostTime:197.714s , currentRepackMaxTime:255.19619047619048s
iter32		 Improve solution by repack 0.5093691212039774->0.5058163128191346 , unplacedBoxesSize:7
currentRepackCostTime:198.018s , currentRepackMaxTime:255.19619047619048s
iter2		 Improve solution by repack 0.5058163128191346->0.5053423138941145 , unplacedBoxesSize:7
currentRepackCostTime:198.04s , currentRepackMaxTime:255.19619047619048s
iter9		 Improve solution by repack 0.5053423138941145->0.4930116232195646 , unplacedBoxesSize:6
currentRepackCostTime:198.112s , currentRepackMaxTime:255.19619047619048s
iter2		 Improve solution by repack 0.4930116232195646->0.4846791857027681 , unplacedBoxesSize:7
currentRepackCostTime:198.13400000000001s , currentRepackMaxTime:255.19619047619048s
iter31		 Improve solution by repack 0.4846791857027681->0.460901303413061 , unplacedBoxesSize:6
currentRepackCostTime:198.43200000000002s , currentRepackMaxTime:255.19619047619048s
iter6		 Improve solution by repack 0.460901303413061->0.46004434291857027 , unplacedBoxesSize:5
currentRepackCostTime:198.484s , currentRepackMaxTime:255.19619047619048s
iter34		 Improve solution by repack 0.46004434291857027->0.4543200752485891 , unplacedBoxesSize:5
currentRepackCostTime:198.744s , currentRepackMaxTime:255.19619047619048s
iter69		 Improve solution by repack 0.4543200752485891->0.45297870196183826 , unplacedBoxesSize:6
currentRepackCostTime:199.258s , currentRepackMaxTime:255.19619047619048s
iter256		 Improve solution by repack 0.45297870196183826->0.43174549852190275 , unplacedBoxesSize:5
currentRepackCostTime:201.597s , currentRepackMaxTime:255.19619047619048s
iter6		 Improve solution by repack 0.43174549852190275->0.4257323300188121 , unplacedBoxesSize:5
currentRepackCostTime:201.624s , currentRepackMaxTime:255.19619047619048s
Selecting boards with low utilization for repacking...
iter1		 Improve solution by repack 0.9184009674818597->0.9064055361461972 , unplacedBoxesSize:7
currentRepackCostTime:204.62s , currentRepackMaxTime:255.19619047619048s
iter6		 Improve solution by repack 0.9064055361461972->0.4257323300188121 , unplacedBoxesSize:5
currentRepackCostTime:204.66s , currentRepackMaxTime:255.19619047619048s
Selecting boards with low utilization for repacking...
iter5		 Improve solution by repack 0.9184009674818597->0.906716944369793 , unplacedBoxesSize:8
currentRepackCostTime:209.467s , currentRepackMaxTime:255.19619047619048s
iter8		 Improve solution by repack 0.906716944369793->0.4257323300188121 , unplacedBoxesSize:5
currentRepackCostTime:209.52700000000002s , currentRepackMaxTime:255.19619047619048s
Selecting boards with low utilization for repacking...
iter13		 Improve solution by repack 0.906716944369793->0.4257323300188121 , unplacedBoxesSize:5
currentRepackCostTime:214.31900000000002s , currentRepackMaxTime:255.19619047619048s
Selecting boards with low utilization for repacking...
iter7		 Improve solution by repack 0.9320669846815373->0.4257323300188121 , unplacedBoxesSize:5
currentRepackCostTime:219.09s , currentRepackMaxTime:255.19619047619048s
Selecting boards with low utilization for repacking...
iter7		 Improve solution by repack 0.9325749126578876->0.9293494692287019 , unplacedBoxesSize:10
currentRepackCostTime:223.895s , currentRepackMaxTime:255.19619047619048s
iter1		 Improve solution by repack 0.9293494692287019->0.9288959621069605 , unplacedBoxesSize:10
currentRepackCostTime:223.904s , currentRepackMaxTime:255.19619047619048s
iter1		 Improve solution by repack 0.9288959621069605->0.9259733606557377 , unplacedBoxesSize:10
currentRepackCostTime:223.90800000000002s , currentRepackMaxTime:255.19619047619048s
iter3		 Improve solution by repack 0.9259733606557377->0.9207860790110186 , unplacedBoxesSize:9
currentRepackCostTime:223.931s , currentRepackMaxTime:255.19619047619048s
iter3		 Improve solution by repack 0.9207860790110186->0.9152754635850577 , unplacedBoxesSize:11
currentRepackCostTime:223.957s , currentRepackMaxTime:255.19619047619048s
iter8		 Improve solution by repack 0.9152754635850577->0.8986492206396131 , unplacedBoxesSize:11
currentRepackCostTime:224.04s , currentRepackMaxTime:255.19619047619048s
iter1		 Improve solution by repack 0.8986492206396131->0.8975685299650632 , unplacedBoxesSize:10
currentRepackCostTime:224.048s , currentRepackMaxTime:255.19619047619048s
iter17		 Improve solution by repack 0.8975685299650632->0.4892962241332975 , unplacedBoxesSize:6
currentRepackCostTime:224.208s , currentRepackMaxTime:255.19619047619048s
iter71		 Improve solution by repack 0.4892962241332975->0.47852895726955114 , unplacedBoxesSize:7
currentRepackCostTime:224.78s , currentRepackMaxTime:255.19619047619048s
iter4		 Improve solution by repack 0.47852895726955114->0.46878661650094067 , unplacedBoxesSize:6
currentRepackCostTime:224.82s , currentRepackMaxTime:255.19619047619048s
iter193		 Improve solution by repack 0.46878661650094067->0.4509194436979307 , unplacedBoxesSize:6
currentRepackCostTime:226.431s , currentRepackMaxTime:255.19619047619048s
iter91		 Improve solution by repack 0.4509194436979307->0.4505814969094329 , unplacedBoxesSize:7
currentRepackCostTime:227.18200000000002s , currentRepackMaxTime:255.19619047619048s
iter13		 Improve solution by repack 0.4505814969094329->0.44960057780166623 , unplacedBoxesSize:7
currentRepackCostTime:227.303s , currentRepackMaxTime:255.19619047619048s
iter8		 Improve solution by repack 0.44960057780166623->0.4486384708411717 , unplacedBoxesSize:6
currentRepackCostTime:227.37800000000001s , currentRepackMaxTime:255.19619047619048s
iter140		 Improve solution by repack 0.4486384708411717->0.4438816850309057 , unplacedBoxesSize:6
currentRepackCostTime:228.692s , currentRepackMaxTime:255.19619047619048s
iter8		 Improve solution by repack 0.4438816850309057->0.4392968959957001 , unplacedBoxesSize:7
currentRepackCostTime:228.76500000000001s , currentRepackMaxTime:255.19619047619048s
iter17		 Improve solution by repack 0.4392968959957001->0.4345716877183553 , unplacedBoxesSize:6
currentRepackCostTime:228.93800000000002s , currentRepackMaxTime:255.19619047619048s
iter2		 Improve solution by repack 0.4345716877183553->0.4335864015049718 , unplacedBoxesSize:5
currentRepackCostTime:228.955s , currentRepackMaxTime:255.19619047619048s
iter96		 Improve solution by repack 0.4335864015049718->0.43169040580489115 , unplacedBoxesSize:5
currentRepackCostTime:229.679s , currentRepackMaxTime:255.19619047619048s
iter3		 Improve solution by repack 0.43169040580489115->0.4257323300188121 , unplacedBoxesSize:5
currentRepackCostTime:229.698s , currentRepackMaxTime:255.19619047619048s
Selecting boards with low utilization for repacking...
iter2		 Improve solution by repack 0.9325749126578876->0.9216675624832035 , unplacedBoxesSize:11
currentRepackCostTime:233.87800000000001s , currentRepackMaxTime:255.19619047619048s
iter2		 Improve solution by repack 0.9216675624832035->0.9192646466003762 , unplacedBoxesSize:12
currentRepackCostTime:233.894s , currentRepackMaxTime:255.19619047619048s
iter2		 Improve solution by repack 0.9192646466003762->0.9172356221445848 , unplacedBoxesSize:12
currentRepackCostTime:233.925s , currentRepackMaxTime:255.19619047619048s
iter3		 Improve solution by repack 0.9172356221445848->0.48886623219564634 , unplacedBoxesSize:7
currentRepackCostTime:233.959s , currentRepackMaxTime:255.19619047619048s
iter2		 Improve solution by repack 0.48886623219564634->0.48325584520290243 , unplacedBoxesSize:6
currentRepackCostTime:233.975s , currentRepackMaxTime:255.19619047619048s
iter9		 Improve solution by repack 0.48325584520290243->0.4831970572426767 , unplacedBoxesSize:7
currentRepackCostTime:234.052s , currentRepackMaxTime:255.19619047619048s
iter5		 Improve solution by repack 0.4831970572426767->0.47846613813490996 , unplacedBoxesSize:7
currentRepackCostTime:234.084s , currentRepackMaxTime:255.19619047619048s
iter10		 Improve solution by repack 0.47846613813490996->0.47191346412254764 , unplacedBoxesSize:7
currentRepackCostTime:234.163s , currentRepackMaxTime:255.19619047619048s
iter14		 Improve solution by repack 0.47191346412254764->0.46878661650094067 , unplacedBoxesSize:6
currentRepackCostTime:234.288s , currentRepackMaxTime:255.19619047619048s
Selecting boards with low utilization for repacking...
iter1		 Improve solution by repack 0.9302737839290514->0.9290711502284332 , unplacedBoxesSize:8
currentRepackCostTime:238.86700000000002s , currentRepackMaxTime:255.19619047619048s
iter5		 Improve solution by repack 0.9290711502284332->0.9273233001881215 , unplacedBoxesSize:9
currentRepackCostTime:238.91s , currentRepackMaxTime:255.19619047619048s
iter8		 Improve solution by repack 0.9273233001881215->0.9061999462510079 , unplacedBoxesSize:7
currentRepackCostTime:238.972s , currentRepackMaxTime:255.19619047619048s
iter9		 Improve solution by repack 0.9061999462510079->0.9028147675356087 , unplacedBoxesSize:7
currentRepackCostTime:239.03s , currentRepackMaxTime:255.19619047619048s
iter5		 Improve solution by repack 0.9028147675356087->0.9015103466809997 , unplacedBoxesSize:7
currentRepackCostTime:239.072s , currentRepackMaxTime:255.19619047619048s
iter6		 Improve solution by repack 0.9015103466809997->0.5710749798441279 , unplacedBoxesSize:4
currentRepackCostTime:239.121s , currentRepackMaxTime:255.19619047619048s
iter19		 Improve solution by repack 0.5710749798441279->0.5666161650094061 , unplacedBoxesSize:7
currentRepackCostTime:239.228s , currentRepackMaxTime:255.19619047619048s
iter1		 Improve solution by repack 0.5666161650094061->0.5640257995162591 , unplacedBoxesSize:6
currentRepackCostTime:239.235s , currentRepackMaxTime:255.19619047619048s
iter5		 Improve solution by repack 0.5640257995162591->0.554313020693362 , unplacedBoxesSize:4
currentRepackCostTime:239.268s , currentRepackMaxTime:255.19619047619048s
iter1		 Improve solution by repack 0.554313020693362->0.5527082773447998 , unplacedBoxesSize:7
currentRepackCostTime:239.274s , currentRepackMaxTime:255.19619047619048s
iter4		 Improve solution by repack 0.5527082773447998->0.5288212174146735 , unplacedBoxesSize:6
currentRepackCostTime:239.296s , currentRepackMaxTime:255.19619047619048s
iter13		 Improve solution by repack 0.5288212174146735->0.5260504568664338 , unplacedBoxesSize:6
currentRepackCostTime:239.39000000000001s , currentRepackMaxTime:255.19619047619048s
iter49		 Improve solution by repack 0.5260504568664338->0.5256248320343994 , unplacedBoxesSize:5
currentRepackCostTime:239.805s , currentRepackMaxTime:255.19619047619048s
iter1		 Improve solution by repack 0.5256248320343994->0.5108787960225746 , unplacedBoxesSize:6
currentRepackCostTime:239.809s , currentRepackMaxTime:255.19619047619048s
iter128		 Improve solution by repack 0.5108787960225746->0.49524455791453914 , unplacedBoxesSize:6
currentRepackCostTime:240.86100000000002s , currentRepackMaxTime:255.19619047619048s
iter18		 Improve solution by repack 0.49524455791453914->0.49313994893845736 , unplacedBoxesSize:6
currentRepackCostTime:241.023s , currentRepackMaxTime:255.19619047619048s
iter191		 Improve solution by repack 0.49313994893845736->0.4930116232195646 , unplacedBoxesSize:6
currentRepackCostTime:242.594s , currentRepackMaxTime:255.19619047619048s
iter75		 Improve solution by repack 0.4930116232195646->0.4926736764310669 , unplacedBoxesSize:7
currentRepackCostTime:243.251s , currentRepackMaxTime:255.19619047619048s
iter16		 Improve solution by repack 0.4926736764310669->0.4916927573233002 , unplacedBoxesSize:7
currentRepackCostTime:243.41s , currentRepackMaxTime:255.19619047619048s
iter2		 Improve solution by repack 0.4916927573233002->0.46878661650094067 , unplacedBoxesSize:6
currentRepackCostTime:243.427s , currentRepackMaxTime:255.19619047619048s
Selecting boards with low utilization for repacking...
iter2		 Improve solution by repack 0.9210951357162053->0.5187328675087343 , unplacedBoxesSize:6
currentRepackCostTime:246.303s , currentRepackMaxTime:255.19619047619048s
iter17		 Improve solution by repack 0.5187328675087343->0.5169295888202097 , unplacedBoxesSize:7
currentRepackCostTime:246.434s , currentRepackMaxTime:255.19619047619048s
iter5		 Improve solution by repack 0.5169295888202097->0.5168919645256651 , unplacedBoxesSize:6
currentRepackCostTime:246.479s , currentRepackMaxTime:255.19619047619048s
iter14		 Improve solution by repack 0.5168919645256651->0.5108787960225746 , unplacedBoxesSize:6
currentRepackCostTime:246.59900000000002s , currentRepackMaxTime:255.19619047619048s
iter12		 Improve solution by repack 0.5108787960225746->0.5043224267669981 , unplacedBoxesSize:6
currentRepackCostTime:246.705s , currentRepackMaxTime:255.19619047619048s
iter10		 Improve solution by repack 0.5043224267669981->0.49956564095673206 , unplacedBoxesSize:6
currentRepackCostTime:246.79s , currentRepackMaxTime:255.19619047619048s
iter8		 Improve solution by repack 0.49956564095673206->0.49858472184896535 , unplacedBoxesSize:6
currentRepackCostTime:246.865s , currentRepackMaxTime:255.19619047619048s
iter2		 Improve solution by repack 0.49858472184896535->0.4938574979844128 , unplacedBoxesSize:7
currentRepackCostTime:246.883s , currentRepackMaxTime:255.19619047619048s
iter37		 Improve solution by repack 0.4938574979844128->0.4916927573233002 , unplacedBoxesSize:7
currentRepackCostTime:247.24s , currentRepackMaxTime:255.19619047619048s
iter223		 Improve solution by repack 0.4916927573233002->0.4892962241332975 , unplacedBoxesSize:6
currentRepackCostTime:249.347s , currentRepackMaxTime:255.19619047619048s
Selecting boards with low utilization for repacking...
iter2		 Improve solution by repack 0.911268476216071->0.891962510077936 , unplacedBoxesSize:7
currentRepackCostTime:254.096s , currentRepackMaxTime:255.19619047619048s
iter2		 Improve solution by repack 0.891962510077936->0.8832988443966675 , unplacedBoxesSize:7
currentRepackCostTime:254.108s , currentRepackMaxTime:255.19619047619048s
iter17		 Improve solution by repack 0.8832988443966675->0.5313884036549315 , unplacedBoxesSize:6
currentRepackCostTime:254.232s , currentRepackMaxTime:255.19619047619048s
iter50		 Improve solution by repack 0.5313884036549315->0.515159903251814 , unplacedBoxesSize:6
currentRepackCostTime:254.649s , currentRepackMaxTime:255.19619047619048s
