total number of nestable workpieces：498
Start priority-first combined packing.
Start nesting on the 1th large board, remaining blocks count: 3
Utilization of the 1th large board: 67.85998387530235, Time taken for this board: 0.04s
-------------------------------------------------------------------
Start nesting on the 2th large board, remaining blocks count: 2
Utilization of the 2th large board: 62.71015855952702, Time taken for this board: 0.045s
-------------------------------------------------------------------
Start nesting on the 3th large board, remaining blocks count: 2
Utilization of the 3th large board: 62.71015855952702, Time taken for this board: 0.045s
-------------------------------------------------------------------
Start nesting on the 4th large board, remaining blocks count: 2
Utilization of the 4th large board: 62.71015855952702, Time taken for this board: 0.046s
-------------------------------------------------------------------
Start nesting on the 5th large board, remaining blocks count: 1
Utilization of the 5th large board: 53.940741736092455, Time taken for this board: 0.046s
-------------------------------------------------------------------
Start global repack optimization for 5 boards, time=26.322s.
Start improving solution by repacking.
Selecting boards with low utilization for repacking...
Selecting boards with low utilization for repacking...
iter2		 Improve solution by repack 0.6271015855952701->0.5394074173609245 , unplacedBoxesSize:2
currentRepackCostTime:0.015s , currentRepackMaxTime:26.322s
Selecting boards with low utilization for repacking...
iter4		 Improve solution by repack 0.6271015855952701->0.5394074173609245 , unplacedBoxesSize:2
currentRepackCostTime:0.029s , currentRepackMaxTime:26.322s
Selecting boards with low utilization for repacking...
iter1		 Improve solution by repack 0.6271015855952701->0.5394074173609245 , unplacedBoxesSize:2
currentRepackCostTime:0.036000000000000004s , currentRepackMaxTime:26.322s
Selecting boards with low utilization for repacking...
iter1		 Improve solution by repack 0.6785998387530234->0.5394074173609245 , unplacedBoxesSize:2
currentRepackCostTime:0.04s , currentRepackMaxTime:26.322s
Selecting boards with low utilization for repacking...
All low-utilization boards have been repacked once. Restarting repacking process...
Selecting boards with low utilization for repacking...
Selecting boards with low utilization for repacking...
iter1		 Improve solution by repack 0.6271015855952701->0.5394074173609245 , unplacedBoxesSize:2
currentRepackCostTime:0.046s , currentRepackMaxTime:26.322s
Selecting boards with low utilization for repacking...
iter3		 Improve solution by repack 0.6271015855952701->0.5394074173609245 , unplacedBoxesSize:2
currentRepackCostTime:0.051000000000000004s , currentRepackMaxTime:26.322s
Selecting boards with low utilization for repacking...
iter1		 Improve solution by repack 0.6271015855952701->0.5394074173609245 , unplacedBoxesSize:2
currentRepackCostTime:0.055s , currentRepackMaxTime:26.322s
Selecting boards with low utilization for repacking...
iter1		 Improve solution by repack 0.6271015855952701->0.5394074173609245 , unplacedBoxesSize:2
currentRepackCostTime:0.06s , currentRepackMaxTime:26.322s
Selecting boards with low utilization for repacking...
All low-utilization boards have been repacked once. Restarting repacking process...
Selecting boards with low utilization for repacking...
Selecting boards with low utilization for repacking...
iter1		 Improve solution by repack 0.6271015855952701->0.5394074173609245 , unplacedBoxesSize:2
currentRepackCostTime:0.073s , currentRepackMaxTime:26.322s
Selecting boards with low utilization for repacking...
iter1		 Improve solution by repack 0.6271015855952701->0.5394074173609245 , unplacedBoxesSize:2
currentRepackCostTime:0.076s , currentRepackMaxTime:26.322s
Selecting boards with low utilization for repacking...
iter1		 Improve solution by repack 0.6271015855952701->0.5394074173609245 , unplacedBoxesSize:2
currentRepackCostTime:0.08s , currentRepackMaxTime:26.322s
Selecting boards with low utilization for repacking...
iter1		 Improve solution by repack 0.6785998387530234->0.6271015855952701 , unplacedBoxesSize:2
currentRepackCostTime:0.084s , currentRepackMaxTime:26.322s
iter1		 Improve solution by repack 0.6271015855952701->0.5394074173609245 , unplacedBoxesSize:2
currentRepackCostTime:0.085s , currentRepackMaxTime:26.322s
Selecting boards with low utilization for repacking...
All low-utilization boards have been repacked once. Restarting repacking process...
Global repack result: 5 -> 5 boards.
Start nesting on the 1th large board, remaining blocks count: 81
Utilization of the 1th large board: 94.7826525127654, Time taken for this board: 0.146s
-------------------------------------------------------------------
Start nesting on the 2th large board, remaining blocks count: 81
Utilization of the 2th large board: 94.7826525127654, Time taken for this board: 0.28700000000000003s
-------------------------------------------------------------------
Start nesting on the 3th large board, remaining blocks count: 80
Utilization of the 3th large board: 91.46954279763501, Time taken for this board: 0.46s
-------------------------------------------------------------------
Start nesting on the 4th large board, remaining blocks count: 79
Utilization of the 4th large board: 94.09691615157215, Time taken for this board: 0.619s
-------------------------------------------------------------------
Start nesting on the 5th large board, remaining blocks count: 79
Utilization of the 5th large board: 94.09691615157215, Time taken for this board: 0.791s
-------------------------------------------------------------------
Start nesting on the 6th large board, remaining blocks count: 76
Utilization of the 6th large board: 93.37338753023381, Time taken for this board: 0.965s
-------------------------------------------------------------------
Start nesting on the 7th large board, remaining blocks count: 76
Utilization of the 7th large board: 93.37338753023381, Time taken for this board: 1.1380000000000001s
-------------------------------------------------------------------
Start nesting on the 8th large board, remaining blocks count: 76
Utilization of the 8th large board: 93.37338753023381, Time taken for this board: 1.311s
-------------------------------------------------------------------
Start nesting on the 9th large board, remaining blocks count: 76
Utilization of the 9th large board: 93.37338753023381, Time taken for this board: 1.485s
-------------------------------------------------------------------
Start nesting on the 10th large board, remaining blocks count: 74
Utilization of the 10th large board: 92.3783593120129, Time taken for this board: 1.657s
-------------------------------------------------------------------
Start nesting on the 11th large board, remaining blocks count: 74
Utilization of the 11th large board: 92.3783593120129, Time taken for this board: 1.828s
-------------------------------------------------------------------
Start nesting on the 12th large board, remaining blocks count: 74
Utilization of the 12th large board: 92.3783593120129, Time taken for this board: 2.001s
-------------------------------------------------------------------
Start nesting on the 13th large board, remaining blocks count: 74
Utilization of the 13th large board: 92.3783593120129, Time taken for this board: 2.173s
-------------------------------------------------------------------
Start nesting on the 14th large board, remaining blocks count: 73
Utilization of the 14th large board: 89.93595303681806, Time taken for this board: 2.3850000000000002s
-------------------------------------------------------------------
Start nesting on the 15th large board, remaining blocks count: 72
Utilization of the 15th large board: 95.31508667024994, Time taken for this board: 2.619s
-------------------------------------------------------------------
Start nesting on the 16th large board, remaining blocks count: 70
Utilization of the 16th large board: 94.99511220102124, Time taken for this board: 2.85s
-------------------------------------------------------------------
Start nesting on the 17th large board, remaining blocks count: 67
Utilization of the 17th large board: 84.02939398011287, Time taken for this board: 3.063s
-------------------------------------------------------------------
Start nesting on the 18th large board, remaining blocks count: 67
Utilization of the 18th large board: 84.02939398011287, Time taken for this board: 3.281s
-------------------------------------------------------------------
Start nesting on the 19th large board, remaining blocks count: 66
Utilization of the 19th large board: 95.09043267938726, Time taken for this board: 3.504s
-------------------------------------------------------------------
Start nesting on the 20th large board, remaining blocks count: 65
Utilization of the 20th large board: 95.20354071486159, Time taken for this board: 3.745s
-------------------------------------------------------------------
Start nesting on the 21th large board, remaining blocks count: 63
Utilization of the 21th large board: 94.86690405804892, Time taken for this board: 3.853s
-------------------------------------------------------------------
Start nesting on the 22th large board, remaining blocks count: 60
Utilization of the 22th large board: 95.51384036549315, Time taken for this board: 3.927s
-------------------------------------------------------------------
Start nesting on the 23th large board, remaining blocks count: 60
Utilization of the 23th large board: 95.51384036549315, Time taken for this board: 4.002s
-------------------------------------------------------------------
Start nesting on the 24th large board, remaining blocks count: 59
Utilization of the 24th large board: 94.50225073904863, Time taken for this board: 4.103s
-------------------------------------------------------------------
Start nesting on the 25th large board, remaining blocks count: 59
Utilization of the 25th large board: 94.50225073904863, Time taken for this board: 4.205s
-------------------------------------------------------------------
Start nesting on the 26th large board, remaining blocks count: 59
Utilization of the 26th large board: 94.50225073904863, Time taken for this board: 4.316s
-------------------------------------------------------------------
Start nesting on the 27th large board, remaining blocks count: 59
Utilization of the 27th large board: 94.50225073904863, Time taken for this board: 4.417s
-------------------------------------------------------------------
Start nesting on the 28th large board, remaining blocks count: 57
Utilization of the 28th large board: 93.60417226552002, Time taken for this board: 4.497s
-------------------------------------------------------------------
Start nesting on the 29th large board, remaining blocks count: 56
Utilization of the 29th large board: 95.38863880677236, Time taken for this board: 4.604s
-------------------------------------------------------------------
Start nesting on the 30th large board, remaining blocks count: 53
Utilization of the 30th large board: 92.35381953775867, Time taken for this board: 4.699s
-------------------------------------------------------------------
Start nesting on the 31th large board, remaining blocks count: 52
Utilization of the 31th large board: 96.94371472722386, Time taken for this board: 4.8s
-------------------------------------------------------------------
Start nesting on the 32th large board, remaining blocks count: 51
Utilization of the 32th large board: 92.71062886320881, Time taken for this board: 4.96s
-------------------------------------------------------------------
Start nesting on the 33th large board, remaining blocks count: 50
Utilization of the 33th large board: 93.07308183284064, Time taken for this board: 5.077s
-------------------------------------------------------------------
Start nesting on the 34th large board, remaining blocks count: 48
Utilization of the 34th large board: 92.84256584251546, Time taken for this board: 5.186s
-------------------------------------------------------------------
Start nesting on the 35th large board, remaining blocks count: 46
Utilization of the 35th large board: 92.25907014243482, Time taken for this board: 5.296s
-------------------------------------------------------------------
Start nesting on the 36th large board, remaining blocks count: 46
Utilization of the 36th large board: 92.21835528083848, Time taken for this board: 5.405s
-------------------------------------------------------------------
Start nesting on the 37th large board, remaining blocks count: 44
Utilization of the 37th large board: 92.17764041924214, Time taken for this board: 5.503s
-------------------------------------------------------------------
Start nesting on the 38th large board, remaining blocks count: 44
Utilization of the 38th large board: 92.17764041924214, Time taken for this board: 5.603s
-------------------------------------------------------------------
Start nesting on the 39th large board, remaining blocks count: 44
Utilization of the 39th large board: 92.17764041924214, Time taken for this board: 5.702s
-------------------------------------------------------------------
Start nesting on the 40th large board, remaining blocks count: 44
Utilization of the 40th large board: 92.12476484815909, Time taken for this board: 5.8s
-------------------------------------------------------------------
Start nesting on the 41th large board, remaining blocks count: 44
Utilization of the 41th large board: 92.90163934426229, Time taken for this board: 5.897s
-------------------------------------------------------------------
Start nesting on the 42th large board, remaining blocks count: 40
Utilization of the 42th large board: 89.71007457672668, Time taken for this board: 5.961s
-------------------------------------------------------------------
Start nesting on the 43th large board, remaining blocks count: 38
Utilization of the 43th large board: 86.08566245632895, Time taken for this board: 6.001s
-------------------------------------------------------------------
Start nesting on the 44th large board, remaining blocks count: 38
Utilization of the 44th large board: 86.08566245632895, Time taken for this board: 6.039s
-------------------------------------------------------------------
Start nesting on the 45th large board, remaining blocks count: 38
Utilization of the 45th large board: 85.85979911314163, Time taken for this board: 6.079s
-------------------------------------------------------------------
Start nesting on the 46th large board, remaining blocks count: 36
Utilization of the 46th large board: 85.63393576995432, Time taken for this board: 6.114s
-------------------------------------------------------------------
Start nesting on the 47th large board, remaining blocks count: 36
Utilization of the 47th large board: 85.63393576995432, Time taken for this board: 6.149s
-------------------------------------------------------------------
Start nesting on the 48th large board, remaining blocks count: 34
Utilization of the 48th large board: 85.57420720236495, Time taken for this board: 6.18s
-------------------------------------------------------------------
Start nesting on the 49th large board, remaining blocks count: 34
Utilization of the 49th large board: 85.26568798710025, Time taken for this board: 6.21s
-------------------------------------------------------------------
Start nesting on the 50th large board, remaining blocks count: 32
Utilization of the 50th large board: 84.95716877183553, Time taken for this board: 6.222s
-------------------------------------------------------------------
Start nesting on the 51th large board, remaining blocks count: 32
Utilization of the 51th large board: 84.42866500940607, Time taken for this board: 6.239s
-------------------------------------------------------------------
Start nesting on the 52th large board, remaining blocks count: 30
Utilization of the 52th large board: 83.90016124697662, Time taken for this board: 6.2490000000000006s
-------------------------------------------------------------------
Start nesting on the 53th large board, remaining blocks count: 30
Utilization of the 53th large board: 82.94116165009406, Time taken for this board: 6.259s
-------------------------------------------------------------------
Start nesting on the 54th large board, remaining blocks count: 28
Utilization of the 54th large board: 94.80319470572427, Time taken for this board: 6.268s
-------------------------------------------------------------------
Start nesting on the 55th large board, remaining blocks count: 25
Utilization of the 55th large board: 89.99014041924214, Time taken for this board: 6.276s
-------------------------------------------------------------------
Start nesting on the 56th large board, remaining blocks count: 22
Utilization of the 56th large board: 96.62965264713787, Time taken for this board: 6.284s
-------------------------------------------------------------------
Start nesting on the 57th large board, remaining blocks count: 20
Utilization of the 57th large board: 96.61636656812684, Time taken for this board: 6.293s
-------------------------------------------------------------------
Start nesting on the 58th large board, remaining blocks count: 20
Utilization of the 58th large board: 96.61636656812684, Time taken for this board: 6.299s
-------------------------------------------------------------------
Start nesting on the 59th large board, remaining blocks count: 20
Utilization of the 59th large board: 96.61636656812684, Time taken for this board: 6.307s
-------------------------------------------------------------------
Start nesting on the 60th large board, remaining blocks count: 20
Utilization of the 60th large board: 95.05383297500671, Time taken for this board: 6.315s
-------------------------------------------------------------------
Start nesting on the 61th large board, remaining blocks count: 16
Utilization of the 61th large board: 95.4560937919914, Time taken for this board: 6.319s
-------------------------------------------------------------------
Start nesting on the 62th large board, remaining blocks count: 14
Utilization of the 62th large board: 94.1976283257189, Time taken for this board: 6.322s
-------------------------------------------------------------------
Start nesting on the 63th large board, remaining blocks count: 12
Utilization of the 63th large board: 94.40227761354475, Time taken for this board: 6.3260000000000005s
-------------------------------------------------------------------
Start nesting on the 64th large board, remaining blocks count: 10
Utilization of the 64th large board: 89.14592851384037, Time taken for this board: 6.329s
-------------------------------------------------------------------
Start nesting on the 65th large board, remaining blocks count: 6
Utilization of the 65th large board: 83.03413061005106, Time taken for this board: 6.33s
-------------------------------------------------------------------
Start nesting on the 66th large board, remaining blocks count: 6
Utilization of the 66th large board: 83.52516124697662, Time taken for this board: 6.33s
-------------------------------------------------------------------
Start nesting on the 67th large board, remaining blocks count: 6
Utilization of the 67th large board: 82.54309997312549, Time taken for this board: 6.331s
-------------------------------------------------------------------
Start nesting on the 68th large board, remaining blocks count: 6
Utilization of the 68th large board: 83.03413061005106, Time taken for this board: 6.332s
-------------------------------------------------------------------
Start nesting on the 69th large board, remaining blocks count: 6
Utilization of the 69th large board: 83.03413061005106, Time taken for this board: 6.332s
-------------------------------------------------------------------
Start nesting on the 70th large board, remaining blocks count: 6
Utilization of the 70th large board: 83.52516124697662, Time taken for this board: 6.333s
-------------------------------------------------------------------
Start nesting on the 71th large board, remaining blocks count: 6
Utilization of the 71th large board: 83.03413061005106, Time taken for this board: 6.3340000000000005s
-------------------------------------------------------------------
Start nesting on the 72th large board, remaining blocks count: 6
Utilization of the 72th large board: 83.03413061005106, Time taken for this board: 6.3340000000000005s
-------------------------------------------------------------------
Start nesting on the 73th large board, remaining blocks count: 6
Utilization of the 73th large board: 83.03413061005106, Time taken for this board: 6.335s
-------------------------------------------------------------------
Start nesting on the 74th large board, remaining blocks count: 6
Utilization of the 74th large board: 76.88823568933083, Time taken for this board: 6.336s
-------------------------------------------------------------------
Start nesting on the 75th large board, remaining blocks count: 2
Utilization of the 75th large board: 23.16285944638538, Time taken for this board: 6.336s
-------------------------------------------------------------------
Start global repack optimization for 75 boards, time=593.107s.
Start improving solution by repacking.
Selecting boards with low utilization for repacking...
iter1		 Improve solution by repack 0.2316285944638538->0.22869037221177105 , unplacedBoxesSize:3
currentRepackCostTime:0.005s , currentRepackMaxTime:593.107s
iter1		 Improve solution by repack 0.22869037221177105->0.22455321150228433 , unplacedBoxesSize:2
currentRepackCostTime:0.011s , currentRepackMaxTime:593.107s
iter1		 Improve solution by repack 0.22455321150228433->0.20817992475141092 , unplacedBoxesSize:2
currentRepackCostTime:0.019s , currentRepackMaxTime:593.107s
iter1		 Improve solution by repack 0.20817992475141092->0.17083495700080623 , unplacedBoxesSize:2
currentRepackCostTime:0.027s , currentRepackMaxTime:593.107s
iter5		 Improve solution by repack 0.17083495700080623->0.1660521365224402 , unplacedBoxesSize:1
currentRepackCostTime:0.062s , currentRepackMaxTime:593.107s
iter2		 Improve solution by repack 0.1660521365224402->0.14030099435635582 , unplacedBoxesSize:1
currentRepackCostTime:0.07100000000000001s , currentRepackMaxTime:593.107s
iter6		 Improve solution by repack 0.14030099435635582->0.1158142972319269 , unplacedBoxesSize:1
currentRepackCostTime:0.085s , currentRepackMaxTime:593.107s
iter21		 Improve solution by repack 0.1158142972319269->0.1086678648212846 , unplacedBoxesSize:2
currentRepackCostTime:0.155s , currentRepackMaxTime:593.107s
iter2		 Improve solution by repack 0.1086678648212846->0.06302774791722655 , unplacedBoxesSize:1
currentRepackCostTime:0.17300000000000001s , currentRepackMaxTime:593.107s
iter11		 Improve solution by repack 0.06302774791722655->0.0 , unplacedBoxesSize:0
currentRepackCostTime:0.215s , currentRepackMaxTime:593.107s
Improved success.
Global repack result: 75 -> 74 boards.
