total number of nestable workpieces：161
Processing color group: 0 (1/1), boxes: 161
searchTime: 1000
Start nesting on the 1th large board, remaining blocks count: 121
Utilization of the 1th large board: 99.44060736361193, Time taken for this board: 1.0010000000000001s
-------------------------------------------------------------------
Start nesting on the 2th large board, remaining blocks count: 111
Utilization of the 2th large board: 99.0498185971513, Time taken for this board: 2.0020000000000002s
-------------------------------------------------------------------
Start nesting on the 3th large board, remaining blocks count: 102
Utilization of the 3th large board: 98.81322225208278, Time taken for this board: 3.0020000000000002s
-------------------------------------------------------------------
Start nesting on the 4th large board, remaining blocks count: 94
Utilization of the 4th large board: 98.57457672668639, Time taken for this board: 3.8120000000000003s
-------------------------------------------------------------------
Start nesting on the 5th large board, remaining blocks count: 90
Utilization of the 5th large board: 98.3258868583714, Time taken for this board: 4.5920000000000005s
-------------------------------------------------------------------
Start nesting on the 6th large board, remaining blocks count: 78
Utilization of the 6th large board: 98.58253829615694, Time taken for this board: 5.392s
-------------------------------------------------------------------
Start nesting on the 7th large board, remaining blocks count: 72
Utilization of the 7th large board: 98.9060400429992, Time taken for this board: 6.221s
-------------------------------------------------------------------
Start nesting on the 8th large board, remaining blocks count: 65
Utilization of the 8th large board: 98.8839021768342, Time taken for this board: 6.721s
-------------------------------------------------------------------
Start nesting on the 9th large board, remaining blocks count: 59
Utilization of the 9th large board: 98.1990392367643, Time taken for this board: 6.852s
-------------------------------------------------------------------
Start nesting on the 10th large board, remaining blocks count: 58
Utilization of the 10th large board: 96.58200080623487, Time taken for this board: 7.158s
-------------------------------------------------------------------
Start nesting on the 11th large board, remaining blocks count: 51
Utilization of the 11th large board: 98.0170317119054, Time taken for this board: 7.4270000000000005s
-------------------------------------------------------------------
Start nesting on the 12th large board, remaining blocks count: 38
Utilization of the 12th large board: 97.01162321956464, Time taken for this board: 7.558s
-------------------------------------------------------------------
Start nesting on the 13th large board, remaining blocks count: 25
Utilization of the 13th large board: 96.72325987637731, Time taken for this board: 7.579s
-------------------------------------------------------------------
Start nesting on the 14th large board, remaining blocks count: 17
Utilization of the 14th large board: 95.80322829884439, Time taken for this board: 7.59s
-------------------------------------------------------------------
Start nesting on the 15th large board, remaining blocks count: 8
Utilization of the 15th large board: 44.40325181402849, Time taken for this board: 7.591s
-------------------------------------------------------------------
Found solution: 15


Lower Bound LB=15
Lower bound reached, no optimization required.
