total number of nestable workpieces：924
Start priority-first combined packing.
Start nesting on the 1th large board, remaining blocks count: 209
Utilization of the 1th large board: 94.32306275194841, Time taken for this board: 2.7600000000000002s
-------------------------------------------------------------------
Start nesting on the 2th large board, remaining blocks count: 207
Utilization of the 2th large board: 94.20212980381618, Time taken for this board: 5.165s
-------------------------------------------------------------------
Start nesting on the 3th large board, remaining blocks count: 205
Utilization of the 3th large board: 92.6847621607095, Time taken for this board: 7.7330000000000005s
-------------------------------------------------------------------
Start nesting on the 4th large board, remaining blocks count: 205
Utilization of the 4th large board: 92.6847621607095, Time taken for this board: 10.339s
-------------------------------------------------------------------
Start nesting on the 5th large board, remaining blocks count: 204
Utilization of the 5th large board: 96.73320343993551, Time taken for this board: 12.931000000000001s
-------------------------------------------------------------------
Start nesting on the 6th large board, remaining blocks count: 204
Utilization of the 6th large board: 96.36495565708142, Time taken for this board: 15.308s
-------------------------------------------------------------------
Start nesting on the 7th large board, remaining blocks count: 200
Utilization of the 7th large board: 93.07256113947864, Time taken for this board: 17.526s
-------------------------------------------------------------------
Start nesting on the 8th large board, remaining blocks count: 198
Utilization of the 8th large board: 94.31577532921257, Time taken for this board: 19.337s
-------------------------------------------------------------------
Start nesting on the 9th large board, remaining blocks count: 198
Utilization of the 9th large board: 94.31577532921257, Time taken for this board: 21.174s
-------------------------------------------------------------------
Start nesting on the 10th large board, remaining blocks count: 198
Utilization of the 10th large board: 94.31577532921257, Time taken for this board: 23.154s
-------------------------------------------------------------------
Start nesting on the 11th large board, remaining blocks count: 196
Utilization of the 11th large board: 92.13779897876914, Time taken for this board: 25.144000000000002s
-------------------------------------------------------------------
Start nesting on the 12th large board, remaining blocks count: 196
Utilization of the 12th large board: 92.13779897876914, Time taken for this board: 27.024s
-------------------------------------------------------------------
Start nesting on the 13th large board, remaining blocks count: 196
Utilization of the 13th large board: 92.13779897876914, Time taken for this board: 28.732s
-------------------------------------------------------------------
Start nesting on the 14th large board, remaining blocks count: 196
Utilization of the 14th large board: 92.13779897876914, Time taken for this board: 30.397000000000002s
-------------------------------------------------------------------
Start nesting on the 15th large board, remaining blocks count: 195
Utilization of the 15th large board: 92.95691682343455, Time taken for this board: 31.918s
-------------------------------------------------------------------
Start nesting on the 16th large board, remaining blocks count: 193
Utilization of the 16th large board: 89.02492609513573, Time taken for this board: 33.02s
-------------------------------------------------------------------
Start nesting on the 17th large board, remaining blocks count: 193
Utilization of the 17th large board: 89.02492609513573, Time taken for this board: 34.101s
-------------------------------------------------------------------
Start nesting on the 18th large board, remaining blocks count: 192
Utilization of the 18th large board: 90.28970706799247, Time taken for this board: 35.244s
-------------------------------------------------------------------
Start nesting on the 19th large board, remaining blocks count: 192
Utilization of the 19th large board: 90.28970706799247, Time taken for this board: 36.347s
-------------------------------------------------------------------
Start nesting on the 20th large board, remaining blocks count: 189
Utilization of the 20th large board: 90.64957336737436, Time taken for this board: 37.533s
-------------------------------------------------------------------
Start nesting on the 21th large board, remaining blocks count: 189
Utilization of the 21th large board: 90.64957336737436, Time taken for this board: 38.713s
-------------------------------------------------------------------
Start nesting on the 22th large board, remaining blocks count: 187
Utilization of the 22th large board: 90.34021432410643, Time taken for this board: 39.88s
-------------------------------------------------------------------
Start nesting on the 23th large board, remaining blocks count: 183
Utilization of the 23th large board: 97.25127653856491, Time taken for this board: 41.143s
-------------------------------------------------------------------
Start nesting on the 24th large board, remaining blocks count: 179
Utilization of the 24th large board: 97.1991400161247, Time taken for this board: 42.37s
-------------------------------------------------------------------
Start nesting on the 25th large board, remaining blocks count: 175
Utilization of the 25th large board: 96.72897070679925, Time taken for this board: 43.588s
-------------------------------------------------------------------
Start nesting on the 26th large board, remaining blocks count: 173
Utilization of the 26th large board: 96.59147406611126, Time taken for this board: 44.747s
-------------------------------------------------------------------
Start nesting on the 27th large board, remaining blocks count: 173
Utilization of the 27th large board: 96.59147406611126, Time taken for this board: 45.904s
-------------------------------------------------------------------
Start nesting on the 28th large board, remaining blocks count: 170
Utilization of the 28th large board: 96.91584923407687, Time taken for this board: 47.392s
-------------------------------------------------------------------
Start nesting on the 29th large board, remaining blocks count: 168
Utilization of the 29th large board: 96.28490325181403, Time taken for this board: 48.836s
-------------------------------------------------------------------
Start nesting on the 30th large board, remaining blocks count: 164
Utilization of the 30th large board: 96.01666218758399, Time taken for this board: 50.26s
-------------------------------------------------------------------
Start nesting on the 31th large board, remaining blocks count: 162
Utilization of the 31th large board: 95.75661784466541, Time taken for this board: 51.663000000000004s
-------------------------------------------------------------------
Start nesting on the 32th large board, remaining blocks count: 162
Utilization of the 32th large board: 95.75661784466541, Time taken for this board: 53.051s
-------------------------------------------------------------------
Start nesting on the 33th large board, remaining blocks count: 160
Utilization of the 33th large board: 95.69457135178716, Time taken for this board: 54.43s
-------------------------------------------------------------------
Start nesting on the 34th large board, remaining blocks count: 160
Utilization of the 34th large board: 95.69457135178716, Time taken for this board: 55.823s
-------------------------------------------------------------------
Start nesting on the 35th large board, remaining blocks count: 156
Utilization of the 35th large board: 95.65123622682076, Time taken for this board: 57.174s
-------------------------------------------------------------------
Start nesting on the 36th large board, remaining blocks count: 154
Utilization of the 36th large board: 95.5236159634507, Time taken for this board: 58.43s
-------------------------------------------------------------------
Start nesting on the 37th large board, remaining blocks count: 152
Utilization of the 37th large board: 95.20723595807578, Time taken for this board: 59.661s
-------------------------------------------------------------------
Start nesting on the 38th large board, remaining blocks count: 150
Utilization of the 38th large board: 95.18758398280032, Time taken for this board: 60.852000000000004s
-------------------------------------------------------------------
Start nesting on the 39th large board, remaining blocks count: 148
Utilization of the 39th large board: 94.96254367105617, Time taken for this board: 62.023s
-------------------------------------------------------------------
Start nesting on the 40th large board, remaining blocks count: 145
Utilization of the 40th large board: 88.64391292663262, Time taken for this board: 62.578s
-------------------------------------------------------------------
Start nesting on the 41th large board, remaining blocks count: 145
Utilization of the 41th large board: 88.64391292663262, Time taken for this board: 63.096000000000004s
-------------------------------------------------------------------
Start nesting on the 42th large board, remaining blocks count: 142
Utilization of the 42th large board: 99.05331228164471, Time taken for this board: 64.08200000000001s
-------------------------------------------------------------------
Start nesting on the 43th large board, remaining blocks count: 136
Utilization of the 43th large board: 98.85514646600376, Time taken for this board: 64.993s
-------------------------------------------------------------------
Start nesting on the 44th large board, remaining blocks count: 132
Utilization of the 44th large board: 98.67508734211233, Time taken for this board: 65.89s
-------------------------------------------------------------------
Start nesting on the 45th large board, remaining blocks count: 130
Utilization of the 45th large board: 99.00483740929857, Time taken for this board: 66.768s
-------------------------------------------------------------------
Start nesting on the 46th large board, remaining blocks count: 126
Utilization of the 46th large board: 99.25396398817523, Time taken for this board: 67.241s
-------------------------------------------------------------------
Start nesting on the 47th large board, remaining blocks count: 120
Utilization of the 47th large board: 99.17599435635582, Time taken for this board: 67.686s
-------------------------------------------------------------------
Start nesting on the 48th large board, remaining blocks count: 116
Utilization of the 48th large board: 99.07521499596884, Time taken for this board: 68.1s
-------------------------------------------------------------------
Start nesting on the 49th large board, remaining blocks count: 110
Utilization of the 49th large board: 98.0559661381349, Time taken for this board: 68.473s
-------------------------------------------------------------------
Start nesting on the 50th large board, remaining blocks count: 108
Utilization of the 50th large board: 98.05284197796291, Time taken for this board: 68.819s
-------------------------------------------------------------------
Start nesting on the 51th large board, remaining blocks count: 104
Utilization of the 51th large board: 97.80012093523246, Time taken for this board: 69.148s
-------------------------------------------------------------------
Start nesting on the 52th large board, remaining blocks count: 102
Utilization of the 52th large board: 97.93839021768342, Time taken for this board: 69.476s
-------------------------------------------------------------------
Start nesting on the 53th large board, remaining blocks count: 100
Utilization of the 53th large board: 98.11448535339962, Time taken for this board: 69.791s
-------------------------------------------------------------------
Start nesting on the 54th large board, remaining blocks count: 100
Utilization of the 54th large board: 98.11448535339962, Time taken for this board: 70.104s
-------------------------------------------------------------------
Start nesting on the 55th large board, remaining blocks count: 96
Utilization of the 55th large board: 97.89962375705454, Time taken for this board: 70.421s
-------------------------------------------------------------------
Start nesting on the 56th large board, remaining blocks count: 96
Utilization of the 56th large board: 98.20438054286481, Time taken for this board: 70.736s
-------------------------------------------------------------------
Start nesting on the 57th large board, remaining blocks count: 90
Utilization of the 57th large board: 97.63964660037624, Time taken for this board: 71.005s
-------------------------------------------------------------------
Start nesting on the 58th large board, remaining blocks count: 84
Utilization of the 58th large board: 97.08761085729644, Time taken for this board: 71.244s
-------------------------------------------------------------------
Start nesting on the 59th large board, remaining blocks count: 80
Utilization of the 59th large board: 97.57279629131955, Time taken for this board: 71.46000000000001s
-------------------------------------------------------------------
Start nesting on the 60th large board, remaining blocks count: 78
Utilization of the 60th large board: 97.28604541789842, Time taken for this board: 71.656s
-------------------------------------------------------------------
Start nesting on the 61th large board, remaining blocks count: 74
Utilization of the 61th large board: 96.96694436979307, Time taken for this board: 71.842s
-------------------------------------------------------------------
Start nesting on the 62th large board, remaining blocks count: 74
Utilization of the 62th large board: 96.96694436979307, Time taken for this board: 72.032s
-------------------------------------------------------------------
Start nesting on the 63th large board, remaining blocks count: 72
Utilization of the 63th large board: 96.70253292125771, Time taken for this board: 72.22s
-------------------------------------------------------------------
Start nesting on the 64th large board, remaining blocks count: 66
Utilization of the 64th large board: 95.56134103735556, Time taken for this board: 72.393s
-------------------------------------------------------------------
Start nesting on the 65th large board, remaining blocks count: 64
Utilization of the 65th large board: 95.29635850577802, Time taken for this board: 72.47s
-------------------------------------------------------------------
Start nesting on the 66th large board, remaining blocks count: 62
Utilization of the 66th large board: 95.22423407686105, Time taken for this board: 72.542s
-------------------------------------------------------------------
Start nesting on the 67th large board, remaining blocks count: 60
Utilization of the 67th large board: 95.20169309325449, Time taken for this board: 72.611s
-------------------------------------------------------------------
Start nesting on the 68th large board, remaining blocks count: 60
Utilization of the 68th large board: 95.20169309325449, Time taken for this board: 72.678s
-------------------------------------------------------------------
Start nesting on the 69th large board, remaining blocks count: 56
Utilization of the 69th large board: 95.1649758129535, Time taken for this board: 72.737s
-------------------------------------------------------------------
Start nesting on the 70th large board, remaining blocks count: 54
Utilization of the 70th large board: 94.55616769685568, Time taken for this board: 72.791s
-------------------------------------------------------------------
Start nesting on the 71th large board, remaining blocks count: 50
Utilization of the 71th large board: 96.05079279763504, Time taken for this board: 72.84100000000001s
-------------------------------------------------------------------
Start nesting on the 72th large board, remaining blocks count: 46
Utilization of the 72th large board: 96.06275194840097, Time taken for this board: 72.883s
-------------------------------------------------------------------
Start nesting on the 73th large board, remaining blocks count: 42
Utilization of the 73th large board: 95.53211502284333, Time taken for this board: 72.921s
-------------------------------------------------------------------
Start nesting on the 74th large board, remaining blocks count: 38
Utilization of the 74th large board: 93.40815640956733, Time taken for this board: 72.94800000000001s
-------------------------------------------------------------------
Start nesting on the 75th large board, remaining blocks count: 34
Utilization of the 75th large board: 92.45169309325449, Time taken for this board: 72.976s
-------------------------------------------------------------------
Start nesting on the 76th large board, remaining blocks count: 30
Utilization of the 76th large board: 96.42139209889814, Time taken for this board: 72.989s
-------------------------------------------------------------------
Start nesting on the 77th large board, remaining blocks count: 26
Utilization of the 77th large board: 90.96785138403655, Time taken for this board: 72.999s
-------------------------------------------------------------------
Start nesting on the 78th large board, remaining blocks count: 22
Utilization of the 78th large board: 92.1194571351787, Time taken for this board: 73.008s
-------------------------------------------------------------------
Start nesting on the 79th large board, remaining blocks count: 20
Utilization of the 79th large board: 91.85864015049717, Time taken for this board: 73.015s
-------------------------------------------------------------------
Start nesting on the 80th large board, remaining blocks count: 14
Utilization of the 80th large board: 91.3512496640688, Time taken for this board: 73.018s
-------------------------------------------------------------------
Start nesting on the 81th large board, remaining blocks count: 12
Utilization of the 81th large board: 84.07350174684224, Time taken for this board: 73.019s
-------------------------------------------------------------------
Start nesting on the 82th large board, remaining blocks count: 4
Utilization of the 82th large board: 39.885245901639344, Time taken for this board: 73.019s
-------------------------------------------------------------------
Start global repack optimization for 82 boards, time=288.435s.
Start improving solution by repacking.
Selecting boards with low utilization for repacking...
iter54		 Improve solution by repack 0.39885245901639343->0.3968496371943026 , unplacedBoxesSize:3
currentRepackCostTime:0.1s , currentRepackMaxTime:288.435s
iter58		 Improve solution by repack 0.3968496371943026->0.38292394517602796 , unplacedBoxesSize:2
currentRepackCostTime:0.106s , currentRepackMaxTime:288.435s
iter110		 Improve solution by repack 0.38292394517602796->0.3811461972588014 , unplacedBoxesSize:2
currentRepackCostTime:0.199s , currentRepackMaxTime:288.435s
iter126		 Improve solution by repack 0.3811461972588014->0.3283606557377049 , unplacedBoxesSize:2
currentRepackCostTime:0.228s , currentRepackMaxTime:288.435s
iter169		 Improve solution by repack 0.3283606557377049->0.3243664337543671 , unplacedBoxesSize:2
currentRepackCostTime:0.31s , currentRepackMaxTime:288.435s
iter215		 Improve solution by repack 0.3243664337543671->0.31403050255307713 , unplacedBoxesSize:3
currentRepackCostTime:0.393s , currentRepackMaxTime:288.435s
iter225		 Improve solution by repack 0.31403050255307713->0.29720370868046225 , unplacedBoxesSize:2
currentRepackCostTime:0.41500000000000004s , currentRepackMaxTime:288.435s
iter228		 Improve solution by repack 0.29720370868046225->0.29323300188121476 , unplacedBoxesSize:2
currentRepackCostTime:0.425s , currentRepackMaxTime:288.435s
iter309		 Improve solution by repack 0.29323300188121476->0.27964189733942485 , unplacedBoxesSize:2
currentRepackCostTime:0.602s , currentRepackMaxTime:288.435s
iter337		 Improve solution by repack 0.27964189733942485->0.2699153453372749 , unplacedBoxesSize:2
currentRepackCostTime:0.664s , currentRepackMaxTime:288.435s
iter343		 Improve solution by repack 0.2699153453372749->0.2655771298038162 , unplacedBoxesSize:2
currentRepackCostTime:0.672s , currentRepackMaxTime:288.435s
iter773		 Improve solution by repack 0.2655771298038162->0.25349231792528887 , unplacedBoxesSize:4
currentRepackCostTime:1.577s , currentRepackMaxTime:288.435s
iter776		 Improve solution by repack 0.25349231792528887->0.2520451491534534 , unplacedBoxesSize:2
currentRepackCostTime:1.588s , currentRepackMaxTime:288.435s
iter791		 Improve solution by repack 0.2520451491534534->0.239798441279226 , unplacedBoxesSize:2
currentRepackCostTime:1.618s , currentRepackMaxTime:288.435s
iter792		 Improve solution by repack 0.239798441279226->0.23380610051061543 , unplacedBoxesSize:2
currentRepackCostTime:1.623s , currentRepackMaxTime:288.435s
iter830		 Improve solution by repack 0.23380610051061543->0.22085259338887395 , unplacedBoxesSize:2
currentRepackCostTime:1.711s , currentRepackMaxTime:288.435s
iter852		 Improve solution by repack 0.22085259338887395->0.17285810266057514 , unplacedBoxesSize:1
currentRepackCostTime:1.768s , currentRepackMaxTime:288.435s
iter1397		 Improve solution by repack 0.17285810266057514->0.15298810803547433 , unplacedBoxesSize:1
currentRepackCostTime:2.773s , currentRepackMaxTime:288.435s
iter1438		 Improve solution by repack 0.15298810803547433->0.12434560601988713 , unplacedBoxesSize:1
currentRepackCostTime:2.839s , currentRepackMaxTime:288.435s
Selecting boards with low utilization for repacking...
iter7		 Improve solution by repack 0.8864391292663263->0.8522897070679926 , unplacedBoxesSize:3
currentRepackCostTime:13.042s , currentRepackMaxTime:288.435s
iter43		 Improve solution by repack 0.8522897070679926->0.2025503896801935 , unplacedBoxesSize:1
currentRepackCostTime:13.093s , currentRepackMaxTime:288.435s
iter156		 Improve solution by repack 0.2025503896801935->0.18091373286750875 , unplacedBoxesSize:1
currentRepackCostTime:13.272s , currentRepackMaxTime:288.435s
iter1559		 Improve solution by repack 0.18091373286750875->0.14505173340499866 , unplacedBoxesSize:2
currentRepackCostTime:15.862s , currentRepackMaxTime:288.435s
iter1628		 Improve solution by repack 0.14505173340499866->0.14439364418167158 , unplacedBoxesSize:1
currentRepackCostTime:16.061s , currentRepackMaxTime:288.435s
iter2207		 Improve solution by repack 0.14439364418167158->0.12458142972319268 , unplacedBoxesSize:2
currentRepackCostTime:17.222s , currentRepackMaxTime:288.435s
iter2211		 Improve solution by repack 0.12458142972319268->0.12156006449879066 , unplacedBoxesSize:1
currentRepackCostTime:17.229s , currentRepackMaxTime:288.435s
iter2220		 Improve solution by repack 0.12156006449879066->0.11360655737704918 , unplacedBoxesSize:1
currentRepackCostTime:17.248s , currentRepackMaxTime:288.435s
iter2253		 Improve solution by repack 0.11360655737704918->0.11065573770491803 , unplacedBoxesSize:1
currentRepackCostTime:17.317s , currentRepackMaxTime:288.435s
iter2363		 Improve solution by repack 0.11065573770491803->0.10797097554420855 , unplacedBoxesSize:1
currentRepackCostTime:17.533s , currentRepackMaxTime:288.435s
iter2426		 Improve solution by repack 0.10797097554420855->0.10778352593388874 , unplacedBoxesSize:1
currentRepackCostTime:17.654s , currentRepackMaxTime:288.435s
iter2826		 Improve solution by repack 0.10778352593388874->0.1070337274926095 , unplacedBoxesSize:1
currentRepackCostTime:18.465s , currentRepackMaxTime:288.435s
iter3313		 Improve solution by repack 0.1070337274926095->0.09671324912657887 , unplacedBoxesSize:1
currentRepackCostTime:19.558s , currentRepackMaxTime:288.435s
iter3456		 Improve solution by repack 0.09671324912657887->0.09271902714324107 , unplacedBoxesSize:1
currentRepackCostTime:19.821s , currentRepackMaxTime:288.435s
Selecting boards with low utilization for repacking...
iter38		 Improve solution by repack 0.8864391292663263->0.09271902714324107 , unplacedBoxesSize:1
currentRepackCostTime:33.18s , currentRepackMaxTime:288.435s
Selecting boards with low utilization for repacking...
iter31		 Improve solution by repack 0.8902492609513571->0.8837033055630208 , unplacedBoxesSize:3
currentRepackCostTime:46.629s , currentRepackMaxTime:288.435s
iter53		 Improve solution by repack 0.8837033055630208->0.09271902714324107 , unplacedBoxesSize:1
currentRepackCostTime:46.663000000000004s , currentRepackMaxTime:288.435s
Selecting boards with low utilization for repacking...
iter3		 Improve solution by repack 0.8902492609513571->0.887381752217146 , unplacedBoxesSize:4
currentRepackCostTime:60.019s , currentRepackMaxTime:288.435s
iter9		 Improve solution by repack 0.887381752217146->0.8837033055630208 , unplacedBoxesSize:3
currentRepackCostTime:60.033s , currentRepackMaxTime:288.435s
iter36		 Improve solution by repack 0.8837033055630208->0.8664982531577532 , unplacedBoxesSize:3
currentRepackCostTime:60.074s , currentRepackMaxTime:288.435s
iter77		 Improve solution by repack 0.8664982531577532->0.09271902714324107 , unplacedBoxesSize:1
currentRepackCostTime:60.141s , currentRepackMaxTime:288.435s
Selecting boards with low utilization for repacking...
iter65		 Improve solution by repack 0.8664982531577532->0.09271902714324107 , unplacedBoxesSize:1
currentRepackCostTime:73.513s , currentRepackMaxTime:288.435s
Selecting boards with low utilization for repacking...
iter40		 Improve solution by repack 0.8664982531577532->0.09271902714324107 , unplacedBoxesSize:1
currentRepackCostTime:86.94500000000001s , currentRepackMaxTime:288.435s
Selecting boards with low utilization for repacking...
iter8		 Improve solution by repack 0.9028970706799248->0.8664982531577532 , unplacedBoxesSize:3
currentRepackCostTime:100.271s , currentRepackMaxTime:288.435s
iter49		 Improve solution by repack 0.8664982531577532->0.09271902714324107 , unplacedBoxesSize:1
currentRepackCostTime:100.331s , currentRepackMaxTime:288.435s
Selecting boards with low utilization for repacking...
iter1		 Improve solution by repack 0.9143234345606019->0.887381752217146 , unplacedBoxesSize:4
currentRepackCostTime:113.679s , currentRepackMaxTime:288.435s
iter3		 Improve solution by repack 0.887381752217146->0.8864391292663263 , unplacedBoxesSize:4
currentRepackCostTime:113.683s , currentRepackMaxTime:288.435s
iter16		 Improve solution by repack 0.8864391292663263->0.09271902714324107 , unplacedBoxesSize:1
currentRepackCostTime:113.709s , currentRepackMaxTime:288.435s
Selecting boards with low utilization for repacking...
iter7		 Improve solution by repack 0.9013074442354205->0.8664982531577532 , unplacedBoxesSize:3
currentRepackCostTime:127.131s , currentRepackMaxTime:288.435s
iter45		 Improve solution by repack 0.8664982531577532->0.09271902714324107 , unplacedBoxesSize:1
currentRepackCostTime:127.19s , currentRepackMaxTime:288.435s
Selecting boards with low utilization for repacking...
iter1		 Improve solution by repack 0.914692958882021->0.8976289975812953 , unplacedBoxesSize:4
currentRepackCostTime:140.528s , currentRepackMaxTime:288.435s
iter2		 Improve solution by repack 0.8976289975812953->0.8962160709486697 , unplacedBoxesSize:4
currentRepackCostTime:140.532s , currentRepackMaxTime:288.435s
iter10		 Improve solution by repack 0.8962160709486697->0.13555495834453105 , unplacedBoxesSize:1
currentRepackCostTime:140.546s , currentRepackMaxTime:288.435s
iter26		 Improve solution by repack 0.13555495834453105->0.09271902714324107 , unplacedBoxesSize:1
currentRepackCostTime:140.578s , currentRepackMaxTime:288.435s
Selecting boards with low utilization for repacking...
iter16		 Improve solution by repack 0.9167999193765117->0.09271902714324107 , unplacedBoxesSize:1
currentRepackCostTime:154.104s , currentRepackMaxTime:288.435s
Selecting boards with low utilization for repacking...
iter4		 Improve solution by repack 0.9212389142703574->0.9191245632894383 , unplacedBoxesSize:3
currentRepackCostTime:167.54s , currentRepackMaxTime:288.435s
iter17		 Improve solution by repack 0.9191245632894383->0.8881349099704381 , unplacedBoxesSize:3
currentRepackCostTime:167.562s , currentRepackMaxTime:288.435s
iter86		 Improve solution by repack 0.8881349099704381->0.20629736629938192 , unplacedBoxesSize:2
currentRepackCostTime:167.67000000000002s , currentRepackMaxTime:288.435s
iter101		 Improve solution by repack 0.20629736629938192->0.2057047836603064 , unplacedBoxesSize:2
currentRepackCostTime:167.707s , currentRepackMaxTime:288.435s
iter106		 Improve solution by repack 0.2057047836603064->0.20337476484815908 , unplacedBoxesSize:2
currentRepackCostTime:167.717s , currentRepackMaxTime:288.435s
iter115		 Improve solution by repack 0.20337476484815908->0.20195176027949477 , unplacedBoxesSize:2
currentRepackCostTime:167.735s , currentRepackMaxTime:288.435s
iter141		 Improve solution by repack 0.20195176027949477->0.2006900026874496 , unplacedBoxesSize:2
currentRepackCostTime:167.792s , currentRepackMaxTime:288.435s
iter186		 Improve solution by repack 0.2006900026874496->0.20050255307712977 , unplacedBoxesSize:2
currentRepackCostTime:167.897s , currentRepackMaxTime:288.435s
iter275		 Improve solution by repack 0.20050255307712977->0.1997527546358506 , unplacedBoxesSize:2
currentRepackCostTime:168.116s , currentRepackMaxTime:288.435s
iter407		 Improve solution by repack 0.1997527546358506->0.18943227626981995 , unplacedBoxesSize:2
currentRepackCostTime:168.417s , currentRepackMaxTime:288.435s
iter501		 Improve solution by repack 0.18943227626981995->0.1407135178715399 , unplacedBoxesSize:2
currentRepackCostTime:168.614s , currentRepackMaxTime:288.435s
iter535		 Improve solution by repack 0.1407135178715399->0.11417092179521635 , unplacedBoxesSize:1
currentRepackCostTime:168.701s , currentRepackMaxTime:288.435s
iter537		 Improve solution by repack 0.11417092179521635->0.10797097554420855 , unplacedBoxesSize:1
currentRepackCostTime:168.708s , currentRepackMaxTime:288.435s
iter546		 Improve solution by repack 0.10797097554420855->0.1070337274926095 , unplacedBoxesSize:1
currentRepackCostTime:168.724s , currentRepackMaxTime:288.435s
iter1127		 Improve solution by repack 0.1070337274926095->0.09705724267669981 , unplacedBoxesSize:1
currentRepackCostTime:169.937s , currentRepackMaxTime:288.435s
iter1139		 Improve solution by repack 0.09705724267669981->0.09671324912657887 , unplacedBoxesSize:1
currentRepackCostTime:169.964s , currentRepackMaxTime:288.435s
iter1661		 Improve solution by repack 0.09671324912657887->0.09271902714324107 , unplacedBoxesSize:1
currentRepackCostTime:171.024s , currentRepackMaxTime:288.435s
Selecting boards with low utilization for repacking...
iter3		 Improve solution by repack 0.8943825584520291->0.8881349099704381 , unplacedBoxesSize:3
currentRepackCostTime:181.05100000000002s , currentRepackMaxTime:288.435s
iter104		 Improve solution by repack 0.8881349099704381->0.11834990593926363 , unplacedBoxesSize:1
currentRepackCostTime:181.221s , currentRepackMaxTime:288.435s
iter208		 Improve solution by repack 0.11834990593926363->0.09271902714324107 , unplacedBoxesSize:1
currentRepackCostTime:181.412s , currentRepackMaxTime:288.435s
Selecting boards with low utilization for repacking...
iter4		 Improve solution by repack 0.8902492609513571->0.8837033055630208 , unplacedBoxesSize:3
currentRepackCostTime:194.434s , currentRepackMaxTime:288.435s
iter48		 Improve solution by repack 0.8837033055630208->0.8664982531577532 , unplacedBoxesSize:3
currentRepackCostTime:194.506s , currentRepackMaxTime:288.435s
iter102		 Improve solution by repack 0.8664982531577532->0.09271902714324107 , unplacedBoxesSize:1
currentRepackCostTime:194.591s , currentRepackMaxTime:288.435s
Selecting boards with low utilization for repacking...
iter1		 Improve solution by repack 0.9213779897876916->0.9013074442354205 , unplacedBoxesSize:5
currentRepackCostTime:208.092s , currentRepackMaxTime:288.435s
iter3		 Improve solution by repack 0.9013074442354205->0.8850067186240258 , unplacedBoxesSize:4
currentRepackCostTime:208.101s , currentRepackMaxTime:288.435s
iter16		 Improve solution by repack 0.8850067186240258->0.09271902714324107 , unplacedBoxesSize:1
currentRepackCostTime:208.12800000000001s , currentRepackMaxTime:288.435s
Selecting boards with low utilization for repacking...
iter13		 Improve solution by repack 0.8850067186240258->0.8683841709217952 , unplacedBoxesSize:4
currentRepackCostTime:221.65800000000002s , currentRepackMaxTime:288.435s
iter33		 Improve solution by repack 0.8683841709217952->0.8592313894114485 , unplacedBoxesSize:3
currentRepackCostTime:221.705s , currentRepackMaxTime:288.435s
iter41		 Improve solution by repack 0.8592313894114485->0.8420263370061812 , unplacedBoxesSize:3
currentRepackCostTime:221.71800000000002s , currentRepackMaxTime:288.435s
iter55		 Improve solution by repack 0.8420263370061812->0.15644181671593657 , unplacedBoxesSize:1
currentRepackCostTime:221.744s , currentRepackMaxTime:288.435s
iter601		 Improve solution by repack 0.15644181671593657->0.15565170653050253 , unplacedBoxesSize:1
currentRepackCostTime:222.78s , currentRepackMaxTime:288.435s
iter688		 Improve solution by repack 0.15565170653050253->0.09271902714324107 , unplacedBoxesSize:1
currentRepackCostTime:222.943s , currentRepackMaxTime:288.435s
Selecting boards with low utilization for repacking...
iter4		 Improve solution by repack 0.9167999193765117->0.9143812147272239 , unplacedBoxesSize:3
currentRepackCostTime:235.03s , currentRepackMaxTime:288.435s
iter11		 Improve solution by repack 0.9143812147272239->0.9105072561139478 , unplacedBoxesSize:6
currentRepackCostTime:235.041s , currentRepackMaxTime:288.435s
iter12		 Improve solution by repack 0.9105072561139478->0.15644181671593657 , unplacedBoxesSize:1
currentRepackCostTime:235.043s , currentRepackMaxTime:288.435s
iter18		 Improve solution by repack 0.15644181671593657->0.09271902714324107 , unplacedBoxesSize:1
currentRepackCostTime:235.05700000000002s , currentRepackMaxTime:288.435s
Selecting boards with low utilization for repacking...
iter1		 Improve solution by repack 0.9105072561139478->0.887381752217146 , unplacedBoxesSize:4
currentRepackCostTime:248.839s , currentRepackMaxTime:288.435s
iter25		 Improve solution by repack 0.887381752217146->0.8729578742273583 , unplacedBoxesSize:3
currentRepackCostTime:248.892s , currentRepackMaxTime:288.435s
iter58		 Improve solution by repack 0.8729578742273583->0.8664982531577532 , unplacedBoxesSize:3
currentRepackCostTime:248.946s , currentRepackMaxTime:288.435s
iter74		 Improve solution by repack 0.8664982531577532->0.8625040311744155 , unplacedBoxesSize:3
currentRepackCostTime:248.97400000000002s , currentRepackMaxTime:288.435s
iter129		 Improve solution by repack 0.8625040311744155->0.17382424079548509 , unplacedBoxesSize:1
currentRepackCostTime:249.055s , currentRepackMaxTime:288.435s
iter141		 Improve solution by repack 0.17382424079548509->0.15644181671593657 , unplacedBoxesSize:1
currentRepackCostTime:249.077s , currentRepackMaxTime:288.435s
iter150		 Improve solution by repack 0.15644181671593657->0.12465399086267132 , unplacedBoxesSize:1
currentRepackCostTime:249.091s , currentRepackMaxTime:288.435s
iter174		 Improve solution by repack 0.12465399086267132->0.1129857565170653 , unplacedBoxesSize:1
currentRepackCostTime:249.14600000000002s , currentRepackMaxTime:288.435s
iter182		 Improve solution by repack 0.1129857565170653->0.10923273313625369 , unplacedBoxesSize:1
currentRepackCostTime:249.162s , currentRepackMaxTime:288.435s
iter213		 Improve solution by repack 0.10923273313625369->0.1078688524590164 , unplacedBoxesSize:1
currentRepackCostTime:249.225s , currentRepackMaxTime:288.435s
iter289		 Improve solution by repack 0.1078688524590164->0.09271902714324107 , unplacedBoxesSize:1
currentRepackCostTime:249.371s , currentRepackMaxTime:288.435s
Selecting boards with low utilization for repacking...
iter7		 Improve solution by repack 0.8625040311744155->0.17612805697393175 , unplacedBoxesSize:2
currentRepackCostTime:262.563s , currentRepackMaxTime:288.435s
iter77		 Improve solution by repack 0.17612805697393175->0.16001343724805162 , unplacedBoxesSize:1
currentRepackCostTime:262.724s , currentRepackMaxTime:288.435s
iter78		 Improve solution by repack 0.16001343724805162->0.15644181671593657 , unplacedBoxesSize:1
currentRepackCostTime:262.726s , currentRepackMaxTime:288.435s
iter98		 Improve solution by repack 0.15644181671593657->0.1260225745767267 , unplacedBoxesSize:1
currentRepackCostTime:262.776s , currentRepackMaxTime:288.435s
iter109		 Improve solution by repack 0.1260225745767267->0.11417092179521635 , unplacedBoxesSize:1
currentRepackCostTime:262.79200000000003s , currentRepackMaxTime:288.435s
iter112		 Improve solution by repack 0.11417092179521635->0.11377586670249933 , unplacedBoxesSize:1
currentRepackCostTime:262.799s , currentRepackMaxTime:288.435s
iter122		 Improve solution by repack 0.11377586670249933->0.11357833915614082 , unplacedBoxesSize:1
currentRepackCostTime:262.819s , currentRepackMaxTime:288.435s
iter127		 Improve solution by repack 0.11357833915614082->0.1129857565170653 , unplacedBoxesSize:1
currentRepackCostTime:262.827s , currentRepackMaxTime:288.435s
iter132		 Improve solution by repack 0.1129857565170653->0.1078688524590164 , unplacedBoxesSize:1
currentRepackCostTime:262.835s , currentRepackMaxTime:288.435s
iter150		 Improve solution by repack 0.1078688524590164->0.06960225745767266 , unplacedBoxesSize:1
currentRepackCostTime:262.87600000000003s , currentRepackMaxTime:288.435s
Selecting boards with low utilization for repacking...
iter7		 Improve solution by repack 0.9183714055361463->0.8757293066380004 , unplacedBoxesSize:3
currentRepackCostTime:277.017s , currentRepackMaxTime:288.435s
iter12		 Improve solution by repack 0.8757293066380004->0.8664982531577532 , unplacedBoxesSize:3
currentRepackCostTime:277.02500000000003s , currentRepackMaxTime:288.435s
iter39		 Improve solution by repack 0.8664982531577532->0.8587872883633432 , unplacedBoxesSize:4
currentRepackCostTime:277.069s , currentRepackMaxTime:288.435s
iter56		 Improve solution by repack 0.8587872883633432->0.8540926498253159 , unplacedBoxesSize:3
currentRepackCostTime:277.115s , currentRepackMaxTime:288.435s
iter72		 Improve solution by repack 0.8540926498253159->0.839387261488847 , unplacedBoxesSize:3
currentRepackCostTime:277.144s , currentRepackMaxTime:288.435s
iter214		 Improve solution by repack 0.839387261488847->0.06960225745767266 , unplacedBoxesSize:1
currentRepackCostTime:277.40000000000003s , currentRepackMaxTime:288.435s
iter2384		 Improve solution by repack 0.06960225745767266->0.04799449072829884 , unplacedBoxesSize:1
currentRepackCostTime:282.264s , currentRepackMaxTime:288.435s
Global repack result: 82 -> 82 boards.
Start nesting on the 1th large board, remaining blocks count: 257
Utilization of the 1th large board: 98.82914539102393, Time taken for this board: 11.059000000000001s
-------------------------------------------------------------------
Start nesting on the 2th large board, remaining blocks count: 254
Utilization of the 2th large board: 98.91766326256382, Time taken for this board: 17.703s
-------------------------------------------------------------------
Start nesting on the 3th large board, remaining blocks count: 249
Utilization of the 3th large board: 99.80448804084924, Time taken for this board: 28.031000000000002s
-------------------------------------------------------------------
Start nesting on the 4th large board, remaining blocks count: 246
Utilization of the 4th large board: 99.50802875571082, Time taken for this board: 38.263s
-------------------------------------------------------------------
Start nesting on the 5th large board, remaining blocks count: 234
Utilization of the 5th large board: 99.2100241870465, Time taken for this board: 46.496s
-------------------------------------------------------------------
Start nesting on the 6th large board, remaining blocks count: 231
Utilization of the 6th large board: 99.48589088954583, Time taken for this board: 55.881s
-------------------------------------------------------------------
Start nesting on the 7th large board, remaining blocks count: 217
Utilization of the 7th large board: 99.41904058048912, Time taken for this board: 64.20400000000001s
-------------------------------------------------------------------
Start nesting on the 8th large board, remaining blocks count: 215
Utilization of the 8th large board: 99.28402983069067, Time taken for this board: 74.142s
-------------------------------------------------------------------
Start nesting on the 9th large board, remaining blocks count: 208
Utilization of the 9th large board: 99.4508868583714, Time taken for this board: 80.623s
-------------------------------------------------------------------
Start nesting on the 10th large board, remaining blocks count: 203
Utilization of the 10th large board: 99.38722789572695, Time taken for this board: 87.331s
-------------------------------------------------------------------
Start nesting on the 11th large board, remaining blocks count: 198
Utilization of the 11th large board: 99.51148884708411, Time taken for this board: 94.584s
-------------------------------------------------------------------
Start nesting on the 12th large board, remaining blocks count: 188
Utilization of the 12th large board: 99.44608304219295, Time taken for this board: 101.48700000000001s
-------------------------------------------------------------------
Start nesting on the 13th large board, remaining blocks count: 182
Utilization of the 13th large board: 99.62913195377585, Time taken for this board: 107.918s
-------------------------------------------------------------------
Start nesting on the 14th large board, remaining blocks count: 180
Utilization of the 14th large board: 99.47319269013705, Time taken for this board: 114.702s
-------------------------------------------------------------------
Start nesting on the 15th large board, remaining blocks count: 170
Utilization of the 15th large board: 99.34983875302338, Time taken for this board: 122.355s
-------------------------------------------------------------------
Start nesting on the 16th large board, remaining blocks count: 162
Utilization of the 16th large board: 99.38776538564902, Time taken for this board: 127.657s
-------------------------------------------------------------------
Start nesting on the 17th large board, remaining blocks count: 150
Utilization of the 17th large board: 99.35941050792798, Time taken for this board: 132.987s
-------------------------------------------------------------------
Start nesting on the 18th large board, remaining blocks count: 138
Utilization of the 18th large board: 99.30730757860789, Time taken for this board: 137.109s
-------------------------------------------------------------------
Start nesting on the 19th large board, remaining blocks count: 130
Utilization of the 19th large board: 99.26142166084387, Time taken for this board: 141.483s
-------------------------------------------------------------------
Start nesting on the 20th large board, remaining blocks count: 120
Utilization of the 20th large board: 99.307813759742, Time taken for this board: 143.09s
-------------------------------------------------------------------
Start nesting on the 21th large board, remaining blocks count: 112
Utilization of the 21th large board: 98.53819537758667, Time taken for this board: 144.061s
-------------------------------------------------------------------
Start nesting on the 22th large board, remaining blocks count: 100
Utilization of the 22th large board: 98.49905939263638, Time taken for this board: 144.843s
-------------------------------------------------------------------
Start nesting on the 23th large board, remaining blocks count: 94
Utilization of the 23th large board: 98.63679118516528, Time taken for this board: 145.621s
-------------------------------------------------------------------
Start nesting on the 24th large board, remaining blocks count: 90
Utilization of the 24th large board: 98.76817387798978, Time taken for this board: 146.33s
-------------------------------------------------------------------
Start nesting on the 25th large board, remaining blocks count: 82
Utilization of the 25th large board: 98.84567320612739, Time taken for this board: 146.922s
-------------------------------------------------------------------
Start nesting on the 26th large board, remaining blocks count: 78
Utilization of the 26th large board: 98.53987503359312, Time taken for this board: 147.395s
-------------------------------------------------------------------
Start nesting on the 27th large board, remaining blocks count: 74
Utilization of the 27th large board: 98.97530905670519, Time taken for this board: 147.826s
-------------------------------------------------------------------
Start nesting on the 28th large board, remaining blocks count: 66
Utilization of the 28th large board: 97.38638806772373, Time taken for this board: 148.14000000000001s
-------------------------------------------------------------------
Start nesting on the 29th large board, remaining blocks count: 54
Utilization of the 29th large board: 96.88679118516528, Time taken for this board: 148.222s
-------------------------------------------------------------------
Start nesting on the 30th large board, remaining blocks count: 50
Utilization of the 30th large board: 95.69732598763773, Time taken for this board: 148.308s
-------------------------------------------------------------------
Start nesting on the 31th large board, remaining blocks count: 48
Utilization of the 31th large board: 93.82511421660843, Time taken for this board: 148.382s
-------------------------------------------------------------------
Start nesting on the 32th large board, remaining blocks count: 40
Utilization of the 32th large board: 91.40819000268745, Time taken for this board: 148.422s
-------------------------------------------------------------------
Start nesting on the 33th large board, remaining blocks count: 38
Utilization of the 33th large board: 91.38282719699005, Time taken for this board: 148.461s
-------------------------------------------------------------------
Start nesting on the 34th large board, remaining blocks count: 38
Utilization of the 34th large board: 96.52650497178179, Time taken for this board: 148.506s
-------------------------------------------------------------------
Start nesting on the 35th large board, remaining blocks count: 30
Utilization of the 35th large board: 90.93482934694974, Time taken for this board: 148.519s
-------------------------------------------------------------------
Start nesting on the 36th large board, remaining blocks count: 28
Utilization of the 36th large board: 90.13255845202902, Time taken for this board: 148.53s
-------------------------------------------------------------------
Start nesting on the 37th large board, remaining blocks count: 22
Utilization of the 37th large board: 86.04582101585595, Time taken for this board: 148.544s
-------------------------------------------------------------------
Start nesting on the 38th large board, remaining blocks count: 16
Utilization of the 38th large board: 87.01410911045417, Time taken for this board: 148.549s
-------------------------------------------------------------------
Start nesting on the 39th large board, remaining blocks count: 14
Utilization of the 39th large board: 86.18933082504704, Time taken for this board: 148.554s
-------------------------------------------------------------------
Start nesting on the 40th large board, remaining blocks count: 12
Utilization of the 40th large board: 85.96439129266327, Time taken for this board: 148.558s
-------------------------------------------------------------------
Start nesting on the 41th large board, remaining blocks count: 10
Utilization of the 41th large board: 85.49576726686375, Time taken for this board: 148.562s
-------------------------------------------------------------------
Start nesting on the 42th large board, remaining blocks count: 8
Utilization of the 42th large board: 74.43684493415749, Time taken for this board: 148.56300000000002s
-------------------------------------------------------------------
Start nesting on the 43th large board, remaining blocks count: 2
Utilization of the 43th large board: 31.80193496371943, Time taken for this board: 148.56300000000002s
-------------------------------------------------------------------
Start global repack optimization for 43 boards, time=89.967s.
Start improving solution by repacking.
Selecting boards with low utilization for repacking...
iter4		 Improve solution by repack 0.3180193496371943->0.31698132222520825 , unplacedBoxesSize:3
currentRepackCostTime:0.021s , currentRepackMaxTime:89.967s
iter26		 Improve solution by repack 0.31698132222520825->0.31410709486697125 , unplacedBoxesSize:3
currentRepackCostTime:0.252s , currentRepackMaxTime:89.967s
iter28		 Improve solution by repack 0.31410709486697125->0.31099637194302604 , unplacedBoxesSize:3
currentRepackCostTime:0.279s , currentRepackMaxTime:89.967s
iter29		 Improve solution by repack 0.31099637194302604->0.3044598226283257 , unplacedBoxesSize:3
currentRepackCostTime:0.28300000000000003s , currentRepackMaxTime:89.967s
iter35		 Improve solution by repack 0.3044598226283257->0.264920048374093 , unplacedBoxesSize:4
currentRepackCostTime:0.375s , currentRepackMaxTime:89.967s
iter38		 Improve solution by repack 0.264920048374093->0.2564935501209352 , unplacedBoxesSize:5
currentRepackCostTime:0.42s , currentRepackMaxTime:89.967s
iter40		 Improve solution by repack 0.2564935501209352->0.2441225477022306 , unplacedBoxesSize:3
currentRepackCostTime:0.436s , currentRepackMaxTime:89.967s
iter41		 Improve solution by repack 0.2441225477022306->0.2271647406611126 , unplacedBoxesSize:2
currentRepackCostTime:0.444s , currentRepackMaxTime:89.967s
iter45		 Improve solution by repack 0.2271647406611126->0.09621069604944907 , unplacedBoxesSize:3
currentRepackCostTime:0.47600000000000003s , currentRepackMaxTime:89.967s
iter50		 Improve solution by repack 0.09621069604944907->0.09497446922870197 , unplacedBoxesSize:1
currentRepackCostTime:0.541s , currentRepackMaxTime:89.967s
iter60		 Improve solution by repack 0.09497446922870197->0.05596580220370868 , unplacedBoxesSize:2
currentRepackCostTime:0.679s , currentRepackMaxTime:89.967s
iter67		 Improve solution by repack 0.05596580220370868->0.05051061542596076 , unplacedBoxesSize:1
currentRepackCostTime:0.782s , currentRepackMaxTime:89.967s
iter74		 Improve solution by repack 0.05051061542596076->0.03927707605482397 , unplacedBoxesSize:1
currentRepackCostTime:0.857s , currentRepackMaxTime:89.967s
iter75		 Improve solution by repack 0.03927707605482397->0.009599570008062348 , unplacedBoxesSize:1
currentRepackCostTime:0.867s , currentRepackMaxTime:89.967s
iter80		 Improve solution by repack 0.009599570008062348->0.0 , unplacedBoxesSize:0
currentRepackCostTime:0.904s , currentRepackMaxTime:89.967s
Improved success. Continue searching for another removable board.
Selecting boards with low utilization for repacking...
iter5		 Improve solution by repack 0.8963467481859716->0.8653376108572964 , unplacedBoxesSize:11
currentRepackCostTime:0.993s , currentRepackMaxTime:89.967s
iter15		 Improve solution by repack 0.8653376108572964->0.8111482128460091 , unplacedBoxesSize:8
currentRepackCostTime:1.172s , currentRepackMaxTime:89.967s
iter21		 Improve solution by repack 0.8111482128460091->0.7726209352324644 , unplacedBoxesSize:8
currentRepackCostTime:1.244s , currentRepackMaxTime:89.967s
iter22		 Improve solution by repack 0.7726209352324644->0.7551595673206127 , unplacedBoxesSize:6
currentRepackCostTime:1.2590000000000001s , currentRepackMaxTime:89.967s
iter31		 Improve solution by repack 0.7551595673206127->0.7450134372480516 , unplacedBoxesSize:7
currentRepackCostTime:1.353s , currentRepackMaxTime:89.967s
iter47		 Improve solution by repack 0.7450134372480516->0.7396348427841978 , unplacedBoxesSize:9
currentRepackCostTime:1.546s , currentRepackMaxTime:89.967s
iter48		 Improve solution by repack 0.7396348427841978->0.7389653319000269 , unplacedBoxesSize:8
currentRepackCostTime:1.561s , currentRepackMaxTime:89.967s
iter56		 Improve solution by repack 0.7389653319000269->0.7274640553614621 , unplacedBoxesSize:8
currentRepackCostTime:1.682s , currentRepackMaxTime:89.967s
iter57		 Improve solution by repack 0.7274640553614621->0.7072295753829615 , unplacedBoxesSize:8
currentRepackCostTime:1.693s , currentRepackMaxTime:89.967s
iter71		 Improve solution by repack 0.7072295753829615->0.645487772104273 , unplacedBoxesSize:6
currentRepackCostTime:1.8940000000000001s , currentRepackMaxTime:89.967s
iter77		 Improve solution by repack 0.645487772104273->0.6372144584789035 , unplacedBoxesSize:6
currentRepackCostTime:1.967s , currentRepackMaxTime:89.967s
iter80		 Improve solution by repack 0.6372144584789035->0.6315049717817791 , unplacedBoxesSize:6
currentRepackCostTime:2.005s , currentRepackMaxTime:89.967s
iter83		 Improve solution by repack 0.6315049717817791->0.6221586938994894 , unplacedBoxesSize:6
currentRepackCostTime:2.041s , currentRepackMaxTime:89.967s
iter90		 Improve solution by repack 0.6221586938994894->0.6197336065573771 , unplacedBoxesSize:5
currentRepackCostTime:2.124s , currentRepackMaxTime:89.967s
iter91		 Improve solution by repack 0.6197336065573771->0.6047900429991938 , unplacedBoxesSize:6
currentRepackCostTime:2.126s , currentRepackMaxTime:89.967s
iter112		 Improve solution by repack 0.6047900429991938->0.5916322897070679 , unplacedBoxesSize:5
currentRepackCostTime:2.4090000000000003s , currentRepackMaxTime:89.967s
iter139		 Improve solution by repack 0.5916322897070679->0.5861418301531846 , unplacedBoxesSize:6
currentRepackCostTime:2.702s , currentRepackMaxTime:89.967s
iter146		 Improve solution by repack 0.5861418301531846->0.5818284735286213 , unplacedBoxesSize:5
currentRepackCostTime:2.826s , currentRepackMaxTime:89.967s
iter184		 Improve solution by repack 0.5818284735286213->0.5802082773447997 , unplacedBoxesSize:6
currentRepackCostTime:3.293s , currentRepackMaxTime:89.967s
iter202		 Improve solution by repack 0.5802082773447997->0.5741104541789841 , unplacedBoxesSize:7
currentRepackCostTime:3.523s , currentRepackMaxTime:89.967s
iter204		 Improve solution by repack 0.5741104541789841->0.5701693093254502 , unplacedBoxesSize:7
currentRepackCostTime:3.551s , currentRepackMaxTime:89.967s
iter209		 Improve solution by repack 0.5701693093254502->0.5612335393711368 , unplacedBoxesSize:4
currentRepackCostTime:3.615s , currentRepackMaxTime:89.967s
iter332		 Improve solution by repack 0.5612335393711368->0.5607968288094598 , unplacedBoxesSize:7
currentRepackCostTime:4.914s , currentRepackMaxTime:89.967s
iter344		 Improve solution by repack 0.5607968288094598->0.5440348696586939 , unplacedBoxesSize:6
currentRepackCostTime:5.102s , currentRepackMaxTime:89.967s
iter358		 Improve solution by repack 0.5440348696586939->0.5299714458478904 , unplacedBoxesSize:4
currentRepackCostTime:5.311s , currentRepackMaxTime:89.967s
iter397		 Improve solution by repack 0.5299714458478904->0.5264522305831766 , unplacedBoxesSize:5
currentRepackCostTime:5.714s , currentRepackMaxTime:89.967s
iter403		 Improve solution by repack 0.5264522305831766->0.525741400161247 , unplacedBoxesSize:5
currentRepackCostTime:5.7940000000000005s , currentRepackMaxTime:89.967s
iter488		 Improve solution by repack 0.525741400161247->0.5233253829615695 , unplacedBoxesSize:5
currentRepackCostTime:6.897s , currentRepackMaxTime:89.967s
iter506		 Improve solution by repack 0.5233253829615695->0.5220132356893308 , unplacedBoxesSize:5
currentRepackCostTime:7.07s , currentRepackMaxTime:89.967s
iter541		 Improve solution by repack 0.5220132356893308->0.5193348562214459 , unplacedBoxesSize:5
currentRepackCostTime:7.498s , currentRepackMaxTime:89.967s
iter550		 Improve solution by repack 0.5193348562214459->0.5076672937382424 , unplacedBoxesSize:6
currentRepackCostTime:7.587s , currentRepackMaxTime:89.967s
iter560		 Improve solution by repack 0.5076672937382424->0.5035434023112066 , unplacedBoxesSize:6
currentRepackCostTime:7.721s , currentRepackMaxTime:89.967s
iter563		 Improve solution by repack 0.5035434023112066->0.4996694436979307 , unplacedBoxesSize:5
currentRepackCostTime:7.7620000000000005s , currentRepackMaxTime:89.967s
iter569		 Improve solution by repack 0.4996694436979307->0.48665546895995704 , unplacedBoxesSize:6
currentRepackCostTime:7.852s , currentRepackMaxTime:89.967s
iter628		 Improve solution by repack 0.48665546895995704->0.484697661918839 , unplacedBoxesSize:6
currentRepackCostTime:8.711s , currentRepackMaxTime:89.967s
iter655		 Improve solution by repack 0.484697661918839->0.4724563289438323 , unplacedBoxesSize:5
currentRepackCostTime:9.084s , currentRepackMaxTime:89.967s
iter657		 Improve solution by repack 0.4724563289438323->0.47203540714861597 , unplacedBoxesSize:7
currentRepackCostTime:9.116s , currentRepackMaxTime:89.967s
iter683		 Improve solution by repack 0.47203540714861597->0.4552697527546358 , unplacedBoxesSize:4
currentRepackCostTime:9.579s , currentRepackMaxTime:89.967s
iter711		 Improve solution by repack 0.4552697527546358->0.44372043805428646 , unplacedBoxesSize:5
currentRepackCostTime:9.933s , currentRepackMaxTime:89.967s
iter728		 Improve solution by repack 0.44372043805428646->0.435472655200215 , unplacedBoxesSize:5
currentRepackCostTime:10.132s , currentRepackMaxTime:89.967s
iter788		 Improve solution by repack 0.435472655200215->0.4258425154528353 , unplacedBoxesSize:5
currentRepackCostTime:10.887s , currentRepackMaxTime:89.967s
iter840		 Improve solution by repack 0.4258425154528353->0.42522171459285135 , unplacedBoxesSize:6
currentRepackCostTime:11.625s , currentRepackMaxTime:89.967s
iter880		 Improve solution by repack 0.42522171459285135->0.42134943563558186 , unplacedBoxesSize:7
currentRepackCostTime:12.247s , currentRepackMaxTime:89.967s
iter886		 Improve solution by repack 0.42134943563558186->0.4126484815909702 , unplacedBoxesSize:6
currentRepackCostTime:12.373000000000001s , currentRepackMaxTime:89.967s
iter892		 Improve solution by repack 0.4126484815909702->0.41125772641762964 , unplacedBoxesSize:6
currentRepackCostTime:12.452s , currentRepackMaxTime:89.967s
iter908		 Improve solution by repack 0.41125772641762964->0.4082380408492341 , unplacedBoxesSize:4
currentRepackCostTime:12.714s , currentRepackMaxTime:89.967s
iter915		 Improve solution by repack 0.4082380408492341->0.4049402042461704 , unplacedBoxesSize:4
currentRepackCostTime:12.793000000000001s , currentRepackMaxTime:89.967s
iter934		 Improve solution by repack 0.4049402042461704->0.4034449744692287 , unplacedBoxesSize:5
currentRepackCostTime:13.0s , currentRepackMaxTime:89.967s
iter955		 Improve solution by repack 0.4034449744692287->0.40253191346412254 , unplacedBoxesSize:8
currentRepackCostTime:13.292s , currentRepackMaxTime:89.967s
iter956		 Improve solution by repack 0.40253191346412254->0.3921096479441011 , unplacedBoxesSize:6
currentRepackCostTime:13.313s , currentRepackMaxTime:89.967s
iter973		 Improve solution by repack 0.3921096479441011->0.3895730314431604 , unplacedBoxesSize:4
currentRepackCostTime:13.573s , currentRepackMaxTime:89.967s
iter1016		 Improve solution by repack 0.3895730314431604->0.3859446385380274 , unplacedBoxesSize:5
currentRepackCostTime:14.151s , currentRepackMaxTime:89.967s
iter1050		 Improve solution by repack 0.3859446385380274->0.382993482934695 , unplacedBoxesSize:7
currentRepackCostTime:14.664s , currentRepackMaxTime:89.967s
iter1063		 Improve solution by repack 0.382993482934695->0.3826531846277882 , unplacedBoxesSize:5
currentRepackCostTime:14.904s , currentRepackMaxTime:89.967s
iter1195		 Improve solution by repack 0.3826531846277882->0.379692958882021 , unplacedBoxesSize:5
currentRepackCostTime:16.961000000000002s , currentRepackMaxTime:89.967s
iter1224		 Improve solution by repack 0.379692958882021->0.37939599570008065 , unplacedBoxesSize:5
currentRepackCostTime:17.421s , currentRepackMaxTime:89.967s
iter1257		 Improve solution by repack 0.37939599570008065->0.3724193765116904 , unplacedBoxesSize:7
currentRepackCostTime:17.882s , currentRepackMaxTime:89.967s
iter1260		 Improve solution by repack 0.3724193765116904->0.37194772910507923 , unplacedBoxesSize:7
currentRepackCostTime:17.923000000000002s , currentRepackMaxTime:89.967s
iter1261		 Improve solution by repack 0.37194772910507923->0.36299045955388337 , unplacedBoxesSize:7
currentRepackCostTime:17.939s , currentRepackMaxTime:89.967s
iter1284		 Improve solution by repack 0.36299045955388337->0.3577878930395055 , unplacedBoxesSize:6
currentRepackCostTime:18.368000000000002s , currentRepackMaxTime:89.967s
iter1318		 Improve solution by repack 0.3577878930395055->0.34993785272776134 , unplacedBoxesSize:6
currentRepackCostTime:18.974s , currentRepackMaxTime:89.967s
iter1331		 Improve solution by repack 0.34993785272776134->0.347128124160172 , unplacedBoxesSize:6
currentRepackCostTime:19.213s , currentRepackMaxTime:89.967s
iter1363		 Improve solution by repack 0.347128124160172->0.34357699543133563 , unplacedBoxesSize:5
currentRepackCostTime:19.737000000000002s , currentRepackMaxTime:89.967s
iter1429		 Improve solution by repack 0.34357699543133563->0.3411663531308788 , unplacedBoxesSize:5
currentRepackCostTime:20.663s , currentRepackMaxTime:89.967s
iter1518		 Improve solution by repack 0.3411663531308788->0.3381328943832303 , unplacedBoxesSize:5
currentRepackCostTime:22.056s , currentRepackMaxTime:89.967s
iter1644		 Improve solution by repack 0.3381328943832303->0.33686979306638 , unplacedBoxesSize:5
currentRepackCostTime:23.857s , currentRepackMaxTime:89.967s
iter1756		 Improve solution by repack 0.33686979306638->0.3298075114216608 , unplacedBoxesSize:7
currentRepackCostTime:25.507s , currentRepackMaxTime:89.967s
iter1762		 Improve solution by repack 0.3298075114216608->0.3233539142703575 , unplacedBoxesSize:6
currentRepackCostTime:25.632s , currentRepackMaxTime:89.967s
iter1802		 Improve solution by repack 0.3233539142703575->0.32089355415210963 , unplacedBoxesSize:6
currentRepackCostTime:26.325s , currentRepackMaxTime:89.967s
iter1880		 Improve solution by repack 0.32089355415210963->0.3020239626444504 , unplacedBoxesSize:6
currentRepackCostTime:27.636s , currentRepackMaxTime:89.967s
iter1898		 Improve solution by repack 0.3020239626444504->0.3009597325987638 , unplacedBoxesSize:6
currentRepackCostTime:28.079s , currentRepackMaxTime:89.967s
iter1958		 Improve solution by repack 0.3009597325987638->0.29829915748454716 , unplacedBoxesSize:6
currentRepackCostTime:29.169s , currentRepackMaxTime:89.967s
iter2085		 Improve solution by repack 0.29829915748454716->0.29762393576995433 , unplacedBoxesSize:5
currentRepackCostTime:31.471s , currentRepackMaxTime:89.967s
iter2148		 Improve solution by repack 0.29762393576995433->0.29078605616769687 , unplacedBoxesSize:6
currentRepackCostTime:32.438s , currentRepackMaxTime:89.967s
iter2180		 Improve solution by repack 0.29078605616769687->0.28896698871271165 , unplacedBoxesSize:6
currentRepackCostTime:33.032000000000004s , currentRepackMaxTime:89.967s
iter2192		 Improve solution by repack 0.28896698871271165->0.286717593388874 , unplacedBoxesSize:6
currentRepackCostTime:33.263s , currentRepackMaxTime:89.967s
iter2208		 Improve solution by repack 0.286717593388874->0.2852744329481322 , unplacedBoxesSize:6
currentRepackCostTime:33.547000000000004s , currentRepackMaxTime:89.967s
iter2209		 Improve solution by repack 0.2852744329481322->0.28364852593388873 , unplacedBoxesSize:6
currentRepackCostTime:33.555s , currentRepackMaxTime:89.967s
iter2295		 Improve solution by repack 0.28364852593388873->0.2797329118516528 , unplacedBoxesSize:6
currentRepackCostTime:35.044000000000004s , currentRepackMaxTime:89.967s
iter2388		 Improve solution by repack 0.2797329118516528->0.27635881886589625 , unplacedBoxesSize:6
currentRepackCostTime:36.824s , currentRepackMaxTime:89.967s
iter2391		 Improve solution by repack 0.27635881886589625->0.2759745135716205 , unplacedBoxesSize:6
currentRepackCostTime:36.874s , currentRepackMaxTime:89.967s
iter2578		 Improve solution by repack 0.2759745135716205->0.2749801572158022 , unplacedBoxesSize:6
currentRepackCostTime:40.27s , currentRepackMaxTime:89.967s
iter2605		 Improve solution by repack 0.2749801572158022->0.2737510077936039 , unplacedBoxesSize:5
currentRepackCostTime:40.730000000000004s , currentRepackMaxTime:89.967s
iter2657		 Improve solution by repack 0.2737510077936039->0.2736367911851653 , unplacedBoxesSize:5
currentRepackCostTime:41.521s , currentRepackMaxTime:89.967s
iter2732		 Improve solution by repack 0.2736367911851653->0.2730791453910239 , unplacedBoxesSize:5
currentRepackCostTime:42.645s , currentRepackMaxTime:89.967s
iter2935		 Improve solution by repack 0.2730791453910239->0.2615452606826122 , unplacedBoxesSize:6
currentRepackCostTime:45.963s , currentRepackMaxTime:89.967s
iter2962		 Improve solution by repack 0.2615452606826122->0.2570377358237033 , unplacedBoxesSize:5
currentRepackCostTime:46.444s , currentRepackMaxTime:89.967s
Selecting boards with low utilization for repacking...
iter11		 Improve solution by repack 0.963123152378393->0.305865358774523 , unplacedBoxesSize:4
currentRepackCostTime:69.116s , currentRepackMaxTime:89.967s
iter24		 Improve solution by repack 0.305865358774523->0.2800241870464929 , unplacedBoxesSize:5
currentRepackCostTime:69.272s , currentRepackMaxTime:89.967s
iter72		 Improve solution by repack 0.2800241870464929->0.2800006490190809 , unplacedBoxesSize:6
currentRepackCostTime:70.045s , currentRepackMaxTime:89.967s
iter195		 Improve solution by repack 0.2800006490190809->0.27827196990056435 , unplacedBoxesSize:4
currentRepackCostTime:72.31700000000001s , currentRepackMaxTime:89.967s
iter268		 Improve solution by repack 0.27827196990056435->0.2748978769148079 , unplacedBoxesSize:4
currentRepackCostTime:73.397s , currentRepackMaxTime:89.967s
iter403		 Improve solution by repack 0.2748978769148079->0.27337678043536684 , unplacedBoxesSize:3
currentRepackCostTime:75.352s , currentRepackMaxTime:89.967s
iter538		 Improve solution by repack 0.27337678043536684->0.26968556839559255 , unplacedBoxesSize:4
currentRepackCostTime:77.028s , currentRepackMaxTime:89.967s
iter573		 Improve solution by repack 0.26968556839559255->0.26912321956463314 , unplacedBoxesSize:4
currentRepackCostTime:77.543s , currentRepackMaxTime:89.967s
iter578		 Improve solution by repack 0.26912321956463314->0.26893576995431334 , unplacedBoxesSize:4
currentRepackCostTime:77.605s , currentRepackMaxTime:89.967s
iter652		 Improve solution by repack 0.26893576995431334->0.26754501478097287 , unplacedBoxesSize:4
currentRepackCostTime:78.642s , currentRepackMaxTime:89.967s
iter707		 Improve solution by repack 0.26754501478097287->0.26750100779360386 , unplacedBoxesSize:7
currentRepackCostTime:79.495s , currentRepackMaxTime:89.967s
iter714		 Improve solution by repack 0.26750100779360386->0.26685837140553614 , unplacedBoxesSize:6
currentRepackCostTime:79.664s , currentRepackMaxTime:89.967s
iter727		 Improve solution by repack 0.26685837140553614->0.2668355280838484 , unplacedBoxesSize:6
currentRepackCostTime:79.859s , currentRepackMaxTime:89.967s
iter797		 Improve solution by repack 0.2668355280838484->0.2596533190002687 , unplacedBoxesSize:6
currentRepackCostTime:81.02s , currentRepackMaxTime:89.967s
iter813		 Improve solution by repack 0.2596533190002687->0.2576699811878527 , unplacedBoxesSize:6
currentRepackCostTime:81.278s , currentRepackMaxTime:89.967s
iter872		 Improve solution by repack 0.2576699811878527->0.25518543402311206 , unplacedBoxesSize:3
currentRepackCostTime:82.402s , currentRepackMaxTime:89.967s
iter887		 Improve solution by repack 0.25518543402311206->0.2537946788497716 , unplacedBoxesSize:3
currentRepackCostTime:82.561s , currentRepackMaxTime:89.967s
iter1133		 Improve solution by repack 0.2537946788497716->0.2528312281644719 , unplacedBoxesSize:3
currentRepackCostTime:85.69s , currentRepackMaxTime:89.967s
iter1139		 Improve solution by repack 0.2528312281644719->0.2524039236764311 , unplacedBoxesSize:3
currentRepackCostTime:85.777s , currentRepackMaxTime:89.967s
iter1315		 Improve solution by repack 0.2524039236764311->0.25037019618382156 , unplacedBoxesSize:5
currentRepackCostTime:88.08200000000001s , currentRepackMaxTime:89.967s
iter1364		 Improve solution by repack 0.25037019618382156->0.24836267132491266 , unplacedBoxesSize:3
currentRepackCostTime:88.839s , currentRepackMaxTime:89.967s
iter1377		 Improve solution by repack 0.24836267132491266->0.24796963181940337 , unplacedBoxesSize:4
currentRepackCostTime:89.032s , currentRepackMaxTime:89.967s
Global repack result: 43 -> 42 boards.
