total number of nestable workpieces：376
Start priority-first combined packing.
Start nesting on the 1th large board, remaining blocks count: 193
Utilization of the 1th large board: 97.86559392636389, Time taken for this board: 1.0s
-------------------------------------------------------------------
Start nesting on the 2th large board, remaining blocks count: 186
Utilization of the 2th large board: 98.99314700349368, Time taken for this board: 2.0020000000000002s
-------------------------------------------------------------------
Start nesting on the 3th large board, remaining blocks count: 179
Utilization of the 3th large board: 98.34970438054286, Time taken for this board: 3.005s
-------------------------------------------------------------------
Start nesting on the 4th large board, remaining blocks count: 168
Utilization of the 4th large board: 99.20750470303682, Time taken for this board: 4.008s
-------------------------------------------------------------------
Start nesting on the 5th large board, remaining blocks count: 163
Utilization of the 5th large board: 98.38122196906075, Time taken for this board: 5.011s
-------------------------------------------------------------------
Start nesting on the 6th large board, remaining blocks count: 153
Utilization of the 6th large board: 99.10743079817253, Time taken for this board: 6.011s
-------------------------------------------------------------------
Start nesting on the 7th large board, remaining blocks count: 142
Utilization of the 7th large board: 99.55969497446922, Time taken for this board: 7.011s
-------------------------------------------------------------------
Start nesting on the 8th large board, remaining blocks count: 134
Utilization of the 8th large board: 98.04357027680732, Time taken for this board: 8.011000000000001s
-------------------------------------------------------------------
Start nesting on the 9th large board, remaining blocks count: 124
Utilization of the 9th large board: 98.12095202902447, Time taken for this board: 9.013s
-------------------------------------------------------------------
Start nesting on the 10th large board, remaining blocks count: 118
Utilization of the 10th large board: 99.21701155603333, Time taken for this board: 10.014s
-------------------------------------------------------------------
Start nesting on the 11th large board, remaining blocks count: 112
Utilization of the 11th large board: 98.43052942757323, Time taken for this board: 11.014s
-------------------------------------------------------------------
Start nesting on the 12th large board, remaining blocks count: 104
Utilization of the 12th large board: 98.43931402848696, Time taken for this board: 12.015s
-------------------------------------------------------------------
Start nesting on the 13th large board, remaining blocks count: 94
Utilization of the 13th large board: 98.581513705993, Time taken for this board: 13.016s
-------------------------------------------------------------------
Start nesting on the 14th large board, remaining blocks count: 88
Utilization of the 14th large board: 97.87998857833917, Time taken for this board: 14.016s
-------------------------------------------------------------------
Start nesting on the 15th large board, remaining blocks count: 78
Utilization of the 15th large board: 98.24165210964793, Time taken for this board: 14.885s
-------------------------------------------------------------------
Start nesting on the 16th large board, remaining blocks count: 66
Utilization of the 16th large board: 98.2548710024187, Time taken for this board: 15.808s
-------------------------------------------------------------------
Start nesting on the 17th large board, remaining blocks count: 58
Utilization of the 17th large board: 98.26669578070411, Time taken for this board: 16.008s
-------------------------------------------------------------------
Start nesting on the 18th large board, remaining blocks count: 44
Utilization of the 18th large board: 97.56891373286749, Time taken for this board: 16.112000000000002s
-------------------------------------------------------------------
Start nesting on the 19th large board, remaining blocks count: 35
Utilization of the 19th large board: 97.53947191615157, Time taken for this board: 16.261s
-------------------------------------------------------------------
Start nesting on the 20th large board, remaining blocks count: 24
Utilization of the 20th large board: 96.47164740661114, Time taken for this board: 16.295s
-------------------------------------------------------------------
Start nesting on the 21th large board, remaining blocks count: 10
Utilization of the 21th large board: 64.70144114485353, Time taken for this board: 16.298000000000002s
-------------------------------------------------------------------
Start nesting on the 1th large board, remaining blocks count: 159
Utilization of the 1th large board: 97.95646331631282, Time taken for this board: 1.0030000000000001s
-------------------------------------------------------------------
Start nesting on the 2th large board, remaining blocks count: 158
Utilization of the 2th large board: 98.44987906476754, Time taken for this board: 2.003s
-------------------------------------------------------------------
Start nesting on the 3th large board, remaining blocks count: 152
Utilization of the 3th large board: 98.70075248589089, Time taken for this board: 3.0060000000000002s
-------------------------------------------------------------------
Start nesting on the 4th large board, remaining blocks count: 143
Utilization of the 4th large board: 98.7372682074711, Time taken for this board: 4.007s
-------------------------------------------------------------------
Start nesting on the 5th large board, remaining blocks count: 130
Utilization of the 5th large board: 98.90027882289706, Time taken for this board: 5.007s
-------------------------------------------------------------------
Start nesting on the 6th large board, remaining blocks count: 125
Utilization of the 6th large board: 96.72216809997312, Time taken for this board: 6.007000000000001s
-------------------------------------------------------------------
Start nesting on the 7th large board, remaining blocks count: 111
Utilization of the 7th large board: 99.14418167159366, Time taken for this board: 7.007000000000001s
-------------------------------------------------------------------
Start nesting on the 8th large board, remaining blocks count: 101
Utilization of the 8th large board: 98.05297635044343, Time taken for this board: 8.007s
-------------------------------------------------------------------
Start nesting on the 9th large board, remaining blocks count: 93
Utilization of the 9th large board: 98.64058720773984, Time taken for this board: 9.007s
-------------------------------------------------------------------
Start nesting on the 10th large board, remaining blocks count: 81
Utilization of the 10th large board: 98.42001478097285, Time taken for this board: 9.994s
-------------------------------------------------------------------
Start nesting on the 11th large board, remaining blocks count: 78
Utilization of the 11th large board: 97.16070948669712, Time taken for this board: 10.994s
-------------------------------------------------------------------
Start nesting on the 12th large board, remaining blocks count: 68
Utilization of the 12th large board: 97.06362536952432, Time taken for this board: 11.555s
-------------------------------------------------------------------
Start nesting on the 13th large board, remaining blocks count: 60
Utilization of the 13th large board: 97.8978097285676, Time taken for this board: 11.853s
-------------------------------------------------------------------
Start nesting on the 14th large board, remaining blocks count: 52
Utilization of the 14th large board: 98.87798978769148, Time taken for this board: 11.964s
-------------------------------------------------------------------
Start nesting on the 15th large board, remaining blocks count: 42
Utilization of the 15th large board: 97.29941547970977, Time taken for this board: 12.069s
-------------------------------------------------------------------
Start nesting on the 16th large board, remaining blocks count: 26
Utilization of the 16th large board: 96.35037624294546, Time taken for this board: 12.092s
-------------------------------------------------------------------
Start nesting on the 17th large board, remaining blocks count: 14
Utilization of the 17th large board: 81.50656745498522, Time taken for this board: 12.095s
-------------------------------------------------------------------
Start nesting on the 18th large board, remaining blocks count: 8
Utilization of the 18th large board: 68.37634372480517, Time taken for this board: 12.095s
-------------------------------------------------------------------
