total number of nestable workpieces：514
Start priority-first combined packing.
Start nesting on the 1th large board, remaining blocks count: 198
Utilization of the 1th large board: 97.66500940607365, Time taken for this board: 4.224s
-------------------------------------------------------------------
Start nesting on the 2th large board, remaining blocks count: 188
Utilization of the 2th large board: 96.58495700080623, Time taken for this board: 7.955s
-------------------------------------------------------------------
Start nesting on the 3th large board, remaining blocks count: 180
Utilization of the 3th large board: 91.90170653050257, Time taken for this board: 10.905s
-------------------------------------------------------------------
Start nesting on the 4th large board, remaining blocks count: 175
Utilization of the 4th large board: 93.87815775329213, Time taken for this board: 13.908s
-------------------------------------------------------------------
Start nesting on the 5th large board, remaining blocks count: 168
Utilization of the 5th large board: 97.49486025262027, Time taken for this board: 16.85s
-------------------------------------------------------------------
Start nesting on the 6th large board, remaining blocks count: 154
Utilization of the 6th large board: 98.05566380005375, Time taken for this board: 20.828s
-------------------------------------------------------------------
Start nesting on the 7th large board, remaining blocks count: 143
Utilization of the 7th large board: 99.18624025799515, Time taken for this board: 26.091s
-------------------------------------------------------------------
Start nesting on the 8th large board, remaining blocks count: 117
Utilization of the 8th large board: 98.64579414135984, Time taken for this board: 27.52s
-------------------------------------------------------------------
Start nesting on the 9th large board, remaining blocks count: 101
Utilization of the 9th large board: 98.47742542327332, Time taken for this board: 28.591s
-------------------------------------------------------------------
Start nesting on the 10th large board, remaining blocks count: 89
Utilization of the 10th large board: 97.9228366030637, Time taken for this board: 29.268s
-------------------------------------------------------------------
Start nesting on the 11th large board, remaining blocks count: 77
Utilization of the 11th large board: 98.36922198333781, Time taken for this board: 29.900000000000002s
-------------------------------------------------------------------
Start nesting on the 12th large board, remaining blocks count: 63
Utilization of the 12th large board: 98.35971513034131, Time taken for this board: 30.132s
-------------------------------------------------------------------
Start nesting on the 13th large board, remaining blocks count: 55
Utilization of the 13th large board: 97.84647944101049, Time taken for this board: 30.342000000000002s
-------------------------------------------------------------------
Start nesting on the 14th large board, remaining blocks count: 41
Utilization of the 14th large board: 93.95300322493952, Time taken for this board: 30.439s
-------------------------------------------------------------------
Start nesting on the 15th large board, remaining blocks count: 35
Utilization of the 15th large board: 92.3031779091642, Time taken for this board: 30.514s
-------------------------------------------------------------------
Start nesting on the 16th large board, remaining blocks count: 21
Utilization of the 16th large board: 90.59980515990326, Time taken for this board: 30.531000000000002s
-------------------------------------------------------------------
Start nesting on the 17th large board, remaining blocks count: 13
Utilization of the 17th large board: 86.45800859983875, Time taken for this board: 30.535s
-------------------------------------------------------------------
Start nesting on the 18th large board, remaining blocks count: 7
Utilization of the 18th large board: 84.67186240257995, Time taken for this board: 30.536s
-------------------------------------------------------------------
Start nesting on the 19th large board, remaining blocks count: 6
Utilization of the 19th large board: 84.5756517065305, Time taken for this board: 30.537s
-------------------------------------------------------------------
Start nesting on the 20th large board, remaining blocks count: 6
Utilization of the 20th large board: 84.5756517065305, Time taken for this board: 30.538s
-------------------------------------------------------------------
Start nesting on the 21th large board, remaining blocks count: 6
Utilization of the 21th large board: 84.5756517065305, Time taken for this board: 30.538s
-------------------------------------------------------------------
Start nesting on the 22th large board, remaining blocks count: 6
Utilization of the 22th large board: 84.5756517065305, Time taken for this board: 30.539s
-------------------------------------------------------------------
Start nesting on the 23th large board, remaining blocks count: 6
Utilization of the 23th large board: 84.5756517065305, Time taken for this board: 30.54s
-------------------------------------------------------------------
Start nesting on the 24th large board, remaining blocks count: 4
Utilization of the 24th large board: 83.6242945444773, Time taken for this board: 30.54s
-------------------------------------------------------------------
Start nesting on the 25th large board, remaining blocks count: 2
Utilization of the 25th large board: 81.05563020693361, Time taken for this board: 30.54s
-------------------------------------------------------------------
Start nesting on the 26th large board, remaining blocks count: 2
Utilization of the 26th large board: 81.05563020693361, Time taken for this board: 30.54s
-------------------------------------------------------------------
Start nesting on the 27th large board, remaining blocks count: 2
Utilization of the 27th large board: 27.018543402311206, Time taken for this board: 30.54s
-------------------------------------------------------------------
Start global repack optimization for 27 boards, time=293.015s.
Start improving solution by repacking.
Selecting boards with low utilization for repacking...
iter3		 Improve solution by repack 0.27018543402311207->0.21494490728298846 , unplacedBoxesSize:2
currentRepackCostTime:0.026000000000000002s , currentRepackMaxTime:293.015s
iter4		 Improve solution by repack 0.21494490728298846->0.19958613276001075 , unplacedBoxesSize:2
currentRepackCostTime:0.034s , currentRepackMaxTime:293.015s
iter8		 Improve solution by repack 0.19958613276001075->0.14630509271701156 , unplacedBoxesSize:2
currentRepackCostTime:0.077s , currentRepackMaxTime:293.015s
iter10		 Improve solution by repack 0.14630509271701156->0.12103869927438861 , unplacedBoxesSize:2
currentRepackCostTime:0.088s , currentRepackMaxTime:293.015s
iter17		 Improve solution by repack 0.12103869927438861->0.07224603601182478 , unplacedBoxesSize:2
currentRepackCostTime:0.163s , currentRepackMaxTime:293.015s
iter19		 Improve solution by repack 0.07224603601182478->0.04119927438860521 , unplacedBoxesSize:1
currentRepackCostTime:0.197s , currentRepackMaxTime:293.015s
iter24		 Improve solution by repack 0.04119927438860521->0.0 , unplacedBoxesSize:0
currentRepackCostTime:0.242s , currentRepackMaxTime:293.015s
Improved success. Continue searching for another removable board.
Selecting boards with low utilization for repacking...
iter16		 Improve solution by repack 0.845756517065305->0.816673945176028 , unplacedBoxesSize:10
currentRepackCostTime:0.35100000000000003s , currentRepackMaxTime:293.015s
iter17		 Improve solution by repack 0.816673945176028->0.7985255979575383 , unplacedBoxesSize:9
currentRepackCostTime:0.359s , currentRepackMaxTime:293.015s
iter24		 Improve solution by repack 0.7985255979575383->0.7894584789035206 , unplacedBoxesSize:10
currentRepackCostTime:0.421s , currentRepackMaxTime:293.015s
iter27		 Improve solution by repack 0.7894584789035206->0.7824858908895458 , unplacedBoxesSize:9
currentRepackCostTime:0.443s , currentRepackMaxTime:293.015s
iter31		 Improve solution by repack 0.7824858908895458->0.780171324912658 , unplacedBoxesSize:9
currentRepackCostTime:0.47500000000000003s , currentRepackMaxTime:293.015s
iter38		 Improve solution by repack 0.780171324912658->0.7766279226014512 , unplacedBoxesSize:9
currentRepackCostTime:0.554s , currentRepackMaxTime:293.015s
iter50		 Improve solution by repack 0.7766279226014512->0.7666386723998925 , unplacedBoxesSize:10
currentRepackCostTime:0.7010000000000001s , currentRepackMaxTime:293.015s
iter51		 Improve solution by repack 0.7666386723998925->0.7615614082235959 , unplacedBoxesSize:9
currentRepackCostTime:0.711s , currentRepackMaxTime:293.015s
iter126		 Improve solution by repack 0.7615614082235959->0.7388359983875302 , unplacedBoxesSize:9
currentRepackCostTime:1.448s , currentRepackMaxTime:293.015s
iter131		 Improve solution by repack 0.7388359983875302->0.7242260145122279 , unplacedBoxesSize:9
currentRepackCostTime:1.502s , currentRepackMaxTime:293.015s
iter170		 Improve solution by repack 0.7242260145122279->0.7194692287019617 , unplacedBoxesSize:9
currentRepackCostTime:1.8780000000000001s , currentRepackMaxTime:293.015s
iter244		 Improve solution by repack 0.7194692287019617->0.7170639613007257 , unplacedBoxesSize:9
currentRepackCostTime:2.571s , currentRepackMaxTime:293.015s
iter309		 Improve solution by repack 0.7170639613007257->0.716717952163397 , unplacedBoxesSize:8
currentRepackCostTime:3.267s , currentRepackMaxTime:293.015s
iter396		 Improve solution by repack 0.716717952163397->0.7128157753292127 , unplacedBoxesSize:9
currentRepackCostTime:4.07s , currentRepackMaxTime:293.015s
iter406		 Improve solution by repack 0.7128157753292127->0.7091144853533996 , unplacedBoxesSize:8
currentRepackCostTime:4.195s , currentRepackMaxTime:293.015s
iter415		 Improve solution by repack 0.7091144853533996->0.6933603198065036 , unplacedBoxesSize:8
currentRepackCostTime:4.292s , currentRepackMaxTime:293.015s
iter427		 Improve solution by repack 0.6933603198065036->0.6905341306100511 , unplacedBoxesSize:8
currentRepackCostTime:4.418s , currentRepackMaxTime:293.015s
iter430		 Improve solution by repack 0.6905341306100511->0.685615090029562 , unplacedBoxesSize:8
currentRepackCostTime:4.466s , currentRepackMaxTime:293.015s
iter447		 Improve solution by repack 0.685615090029562->0.6806960494490728 , unplacedBoxesSize:8
currentRepackCostTime:4.62s , currentRepackMaxTime:293.015s
iter451		 Improve solution by repack 0.6806960494490728->0.6764149422198334 , unplacedBoxesSize:8
currentRepackCostTime:4.648s , currentRepackMaxTime:293.015s
iter478		 Improve solution by repack 0.6764149422198334->0.6734610991668907 , unplacedBoxesSize:9
currentRepackCostTime:4.917s , currentRepackMaxTime:293.015s
iter479		 Improve solution by repack 0.6734610991668907->0.657228903520559 , unplacedBoxesSize:9
currentRepackCostTime:4.929s , currentRepackMaxTime:293.015s
iter494		 Improve solution by repack 0.657228903520559->0.6542327331362536 , unplacedBoxesSize:9
currentRepackCostTime:5.103s , currentRepackMaxTime:293.015s
iter495		 Improve solution by repack 0.6542327331362536->0.643360655737705 , unplacedBoxesSize:8
currentRepackCostTime:5.114s , currentRepackMaxTime:293.015s
iter508		 Improve solution by repack 0.643360655737705->0.6390795485084655 , unplacedBoxesSize:8
currentRepackCostTime:5.23s , currentRepackMaxTime:293.015s
Selecting boards with low utilization for repacking...
iter2		 Improve solution by repack 0.8739246842246708->0.8686626578876647 , unplacedBoxesSize:8
currentRepackCostTime:9.862s , currentRepackMaxTime:293.015s
iter3		 Improve solution by repack 0.8686626578876647->0.6906852996506315 , unplacedBoxesSize:8
currentRepackCostTime:9.874s , currentRepackMaxTime:293.015s
iter7		 Improve solution by repack 0.6906852996506315->0.6822467078742274 , unplacedBoxesSize:8
currentRepackCostTime:9.915000000000001s , currentRepackMaxTime:293.015s
iter12		 Improve solution by repack 0.6822467078742274->0.665274455791454 , unplacedBoxesSize:8
currentRepackCostTime:9.975s , currentRepackMaxTime:293.015s
iter32		 Improve solution by repack 0.665274455791454->0.6419282450954045 , unplacedBoxesSize:7
currentRepackCostTime:10.209s , currentRepackMaxTime:293.015s
iter70		 Improve solution by repack 0.6419282450954045->0.6371714592851384 , unplacedBoxesSize:7
currentRepackCostTime:10.547s , currentRepackMaxTime:293.015s
iter78		 Improve solution by repack 0.6371714592851384->0.6302794947594732 , unplacedBoxesSize:8
currentRepackCostTime:10.623000000000001s , currentRepackMaxTime:293.015s
iter95		 Improve solution by repack 0.6302794947594732->0.6262362268207471 , unplacedBoxesSize:8
currentRepackCostTime:10.771s , currentRepackMaxTime:293.015s
iter103		 Improve solution by repack 0.6262362268207471->0.6202146600376243 , unplacedBoxesSize:8
currentRepackCostTime:10.855s , currentRepackMaxTime:293.015s
iter119		 Improve solution by repack 0.6202146600376243->0.6161159634506853 , unplacedBoxesSize:7
currentRepackCostTime:10.975s , currentRepackMaxTime:293.015s
iter124		 Improve solution by repack 0.6161159634506853->0.6150480381617844 , unplacedBoxesSize:8
currentRepackCostTime:11.03s , currentRepackMaxTime:293.015s
iter133		 Improve solution by repack 0.6150480381617844->0.6115288228970707 , unplacedBoxesSize:7
currentRepackCostTime:11.105s , currentRepackMaxTime:293.015s
iter136		 Improve solution by repack 0.6115288228970707->0.6060145122278957 , unplacedBoxesSize:6
currentRepackCostTime:11.124s , currentRepackMaxTime:293.015s
iter140		 Improve solution by repack 0.6060145122278957->0.6032948132222521 , unplacedBoxesSize:7
currentRepackCostTime:11.158s , currentRepackMaxTime:293.015s
iter141		 Improve solution by repack 0.6032948132222521->0.5972816447191616 , unplacedBoxesSize:7
currentRepackCostTime:11.165000000000001s , currentRepackMaxTime:293.015s
iter146		 Improve solution by repack 0.5972816447191616->0.5778201424348294 , unplacedBoxesSize:8
currentRepackCostTime:11.217s , currentRepackMaxTime:293.015s
iter161		 Improve solution by repack 0.5778201424348294->0.5692192958882021 , unplacedBoxesSize:8
currentRepackCostTime:11.395s , currentRepackMaxTime:293.015s
iter163		 Improve solution by repack 0.5692192958882021->0.5539330825047031 , unplacedBoxesSize:7
currentRepackCostTime:11.419s , currentRepackMaxTime:293.015s
iter268		 Improve solution by repack 0.5539330825047031->0.5520780704111797 , unplacedBoxesSize:7
currentRepackCostTime:12.446s , currentRepackMaxTime:293.015s
iter286		 Improve solution by repack 0.5520780704111797->0.5474489384574039 , unplacedBoxesSize:7
currentRepackCostTime:12.637s , currentRepackMaxTime:293.015s
iter296		 Improve solution by repack 0.5474489384574039->0.5464935501209353 , unplacedBoxesSize:7
currentRepackCostTime:12.752s , currentRepackMaxTime:293.015s
Selecting boards with low utilization for repacking...
iter1		 Improve solution by repack 0.9051740123622682->0.9030694033861865 , unplacedBoxesSize:8
currentRepackCostTime:16.352s , currentRepackMaxTime:293.015s
iter8		 Improve solution by repack 0.9030694033861865->0.5496203977425423 , unplacedBoxesSize:8
currentRepackCostTime:16.417s , currentRepackMaxTime:293.015s
iter32		 Improve solution by repack 0.5496203977425423->0.5464935501209353 , unplacedBoxesSize:7
currentRepackCostTime:16.665s , currentRepackMaxTime:293.015s
iter232		 Improve solution by repack 0.5464935501209353->0.5428826256382693 , unplacedBoxesSize:7
currentRepackCostTime:18.719s , currentRepackMaxTime:293.015s
iter235		 Improve solution by repack 0.5428826256382693->0.5414938860521366 , unplacedBoxesSize:8
currentRepackCostTime:18.745s , currentRepackMaxTime:293.015s
iter237		 Improve solution by repack 0.5414938860521366->0.537006517065305 , unplacedBoxesSize:7
currentRepackCostTime:18.762s , currentRepackMaxTime:293.015s
iter238		 Improve solution by repack 0.537006517065305->0.5362929991937652 , unplacedBoxesSize:7
currentRepackCostTime:18.773s , currentRepackMaxTime:293.015s
iter262		 Improve solution by repack 0.5362929991937652->0.5316638672399893 , unplacedBoxesSize:7
currentRepackCostTime:19.016000000000002s , currentRepackMaxTime:293.015s
iter267		 Improve solution by repack 0.5316638672399893->0.5293493012631013 , unplacedBoxesSize:7
currentRepackCostTime:19.058s , currentRepackMaxTime:293.015s
iter274		 Improve solution by repack 0.5293493012631013->0.5166803278688524 , unplacedBoxesSize:6
currentRepackCostTime:19.127s , currentRepackMaxTime:293.015s
iter277		 Improve solution by repack 0.5166803278688524->0.5158015318462779 , unplacedBoxesSize:6
currentRepackCostTime:19.147000000000002s , currentRepackMaxTime:293.015s
iter298		 Improve solution by repack 0.5158015318462779->0.5108787960225746 , unplacedBoxesSize:6
currentRepackCostTime:19.345s , currentRepackMaxTime:293.015s
iter476		 Improve solution by repack 0.5108787960225746->0.5061220102123085 , unplacedBoxesSize:6
currentRepackCostTime:20.921s , currentRepackMaxTime:293.015s
Selecting boards with low utilization for repacking...
iter4		 Improve solution by repack 0.9060017468422468->0.8971425692018276 , unplacedBoxesSize:7
currentRepackCostTime:25.565s , currentRepackMaxTime:293.015s
iter5		 Improve solution by repack 0.8971425692018276->0.8933549449072831 , unplacedBoxesSize:7
currentRepackCostTime:25.573s , currentRepackMaxTime:293.015s
iter23		 Improve solution by repack 0.8933549449072831->0.5749099704380543 , unplacedBoxesSize:3
currentRepackCostTime:25.713s , currentRepackMaxTime:293.015s
iter29		 Improve solution by repack 0.5749099704380543->0.5650900295619457 , unplacedBoxesSize:5
currentRepackCostTime:25.745s , currentRepackMaxTime:293.015s
iter30		 Improve solution by repack 0.5650900295619457->0.5211730717549046 , unplacedBoxesSize:6
currentRepackCostTime:25.756s , currentRepackMaxTime:293.015s
iter44		 Improve solution by repack 0.5211730717549046->0.515159903251814 , unplacedBoxesSize:6
currentRepackCostTime:25.903000000000002s , currentRepackMaxTime:293.015s
iter157		 Improve solution by repack 0.515159903251814->0.5108787960225746 , unplacedBoxesSize:6
currentRepackCostTime:26.900000000000002s , currentRepackMaxTime:293.015s
iter219		 Improve solution by repack 0.5108787960225746->0.5068355280838485 , unplacedBoxesSize:6
currentRepackCostTime:27.474s , currentRepackMaxTime:293.015s
iter241		 Improve solution by repack 0.5068355280838485->0.4990728298844397 , unplacedBoxesSize:5
currentRepackCostTime:27.685000000000002s , currentRepackMaxTime:293.015s
iter253		 Improve solution by repack 0.4990728298844397->0.49618818865896264 , unplacedBoxesSize:5
currentRepackCostTime:27.806s , currentRepackMaxTime:293.015s
iter533		 Improve solution by repack 0.49618818865896264->0.48059762160709485 , unplacedBoxesSize:5
currentRepackCostTime:30.07s , currentRepackMaxTime:293.015s
iter536		 Improve solution by repack 0.48059762160709485->0.4769316044074174 , unplacedBoxesSize:6
currentRepackCostTime:30.104s , currentRepackMaxTime:293.015s
iter538		 Improve solution by repack 0.4769316044074174->0.46961401504971784 , unplacedBoxesSize:6
currentRepackCostTime:30.118000000000002s , currentRepackMaxTime:293.015s
iter545		 Improve solution by repack 0.46961401504971784->0.46469497446922875 , unplacedBoxesSize:6
currentRepackCostTime:30.177s , currentRepackMaxTime:293.015s
iter563		 Improve solution by repack 0.46469497446922875->0.4646170384305294 , unplacedBoxesSize:6
currentRepackCostTime:30.348s , currentRepackMaxTime:293.015s
iter570		 Improve solution by repack 0.4646170384305294->0.4613470841171728 , unplacedBoxesSize:6
currentRepackCostTime:30.434s , currentRepackMaxTime:293.015s
Selecting boards with low utilization for repacking...
iter4		 Improve solution by repack 0.9126340365493147->0.8957027680730986 , unplacedBoxesSize:7
currentRepackCostTime:34.52s , currentRepackMaxTime:293.015s
iter25		 Improve solution by repack 0.8957027680730986->0.5108787960225746 , unplacedBoxesSize:6
currentRepackCostTime:34.676s , currentRepackMaxTime:293.015s
iter130		 Improve solution by repack 0.5108787960225746->0.49644719161515727 , unplacedBoxesSize:6
currentRepackCostTime:35.588s , currentRepackMaxTime:293.015s
iter137		 Improve solution by repack 0.49644719161515727->0.49524455791453914 , unplacedBoxesSize:6
currentRepackCostTime:35.651s , currentRepackMaxTime:293.015s
iter190		 Improve solution by repack 0.49524455791453914->0.4811414942219834 , unplacedBoxesSize:7
currentRepackCostTime:36.179s , currentRepackMaxTime:293.015s
iter196		 Improve solution by repack 0.4811414942219834->0.4709513571620532 , unplacedBoxesSize:6
currentRepackCostTime:36.239s , currentRepackMaxTime:293.015s
iter227		 Improve solution by repack 0.4709513571620532->0.45781140822359584 , unplacedBoxesSize:5
currentRepackCostTime:36.556s , currentRepackMaxTime:293.015s
iter372		 Improve solution by repack 0.45781140822359584->0.4530841843590433 , unplacedBoxesSize:6
currentRepackCostTime:37.785000000000004s , currentRepackMaxTime:293.015s
iter443		 Improve solution by repack 0.4530841843590433->0.45225510615425957 , unplacedBoxesSize:5
currentRepackCostTime:38.411s , currentRepackMaxTime:293.015s
iter449		 Improve solution by repack 0.45225510615425957->0.44624193765116904 , unplacedBoxesSize:5
currentRepackCostTime:38.461s , currentRepackMaxTime:293.015s
Selecting boards with low utilization for repacking...
iter4		 Improve solution by repack 0.9094977828540715->0.4860860655737705 , unplacedBoxesSize:6
currentRepackCostTime:43.162s , currentRepackMaxTime:293.015s
iter30		 Improve solution by repack 0.4860860655737705->0.48299617038430526 , unplacedBoxesSize:5
currentRepackCostTime:43.446s , currentRepackMaxTime:293.015s
iter64		 Improve solution by repack 0.48299617038430526->0.46307410642300456 , unplacedBoxesSize:6
currentRepackCostTime:43.704s , currentRepackMaxTime:293.015s
iter88		 Improve solution by repack 0.46307410642300456->0.457060937919914 , unplacedBoxesSize:6
currentRepackCostTime:43.951s , currentRepackMaxTime:293.015s
iter96		 Improve solution by repack 0.457060937919914->0.4510477694168234 , unplacedBoxesSize:6
currentRepackCostTime:44.012s , currentRepackMaxTime:293.015s
iter101		 Improve solution by repack 0.4510477694168234->0.4481164337543671 , unplacedBoxesSize:6
currentRepackCostTime:44.068s , currentRepackMaxTime:293.015s
iter281		 Improve solution by repack 0.4481164337543671->0.44798810803547434 , unplacedBoxesSize:6
currentRepackCostTime:45.891s , currentRepackMaxTime:293.015s
iter337		 Improve solution by repack 0.44798810803547434->0.44598394248857837 , unplacedBoxesSize:6
currentRepackCostTime:46.461s , currentRepackMaxTime:293.015s
iter338		 Improve solution by repack 0.44598394248857837->0.4444101048105348 , unplacedBoxesSize:5
currentRepackCostTime:46.476s , currentRepackMaxTime:293.015s
iter344		 Improve solution by repack 0.4444101048105348->0.441764310669175 , unplacedBoxesSize:5
currentRepackCostTime:46.523s , currentRepackMaxTime:293.015s
iter378		 Improve solution by repack 0.441764310669175->0.44067018274657355 , unplacedBoxesSize:5
currentRepackCostTime:46.83s , currentRepackMaxTime:293.015s
iter421		 Improve solution by repack 0.44067018274657355->0.44047836603063695 , unplacedBoxesSize:4
currentRepackCostTime:47.224000000000004s , currentRepackMaxTime:293.015s
Selecting boards with low utilization for repacking...
iter11		 Improve solution by repack 0.9139565976887934->0.46605751142166085 , unplacedBoxesSize:5
currentRepackCostTime:51.681000000000004s , currentRepackMaxTime:293.015s
iter34		 Improve solution by repack 0.46605751142166085->0.46436542596076325 , unplacedBoxesSize:5
currentRepackCostTime:51.915s , currentRepackMaxTime:293.015s
iter63		 Improve solution by repack 0.46436542596076325->0.4633845068529965 , unplacedBoxesSize:5
currentRepackCostTime:52.149s , currentRepackMaxTime:293.015s
iter92		 Improve solution by repack 0.4633845068529965->0.45957437516796557 , unplacedBoxesSize:6
currentRepackCostTime:52.448s , currentRepackMaxTime:293.015s
iter95		 Improve solution by repack 0.45957437516796557->0.4513564901908089 , unplacedBoxesSize:6
currentRepackCostTime:52.478s , currentRepackMaxTime:293.015s
iter102		 Improve solution by repack 0.4513564901908089->0.4450839828003225 , unplacedBoxesSize:5
currentRepackCostTime:52.564s , currentRepackMaxTime:293.015s
iter116		 Improve solution by repack 0.4450839828003225->0.441583579682881 , unplacedBoxesSize:5
currentRepackCostTime:52.7s , currentRepackMaxTime:293.015s
iter158		 Improve solution by repack 0.441583579682881->0.4306513705993013 , unplacedBoxesSize:5
currentRepackCostTime:53.103s , currentRepackMaxTime:293.015s
iter176		 Improve solution by repack 0.4306513705993013->0.4300134372480516 , unplacedBoxesSize:5
currentRepackCostTime:53.285000000000004s , currentRepackMaxTime:293.015s
iter437		 Improve solution by repack 0.4300134372480516->0.4257323300188121 , unplacedBoxesSize:5
currentRepackCostTime:55.694s , currentRepackMaxTime:293.015s
Selecting boards with low utilization for repacking...
iter3		 Improve solution by repack 0.9130542864821285->0.5068355280838485 , unplacedBoxesSize:6
currentRepackCostTime:60.675000000000004s , currentRepackMaxTime:293.015s
iter17		 Improve solution by repack 0.5068355280838485->0.49945747110991673 , unplacedBoxesSize:6
currentRepackCostTime:60.835s , currentRepackMaxTime:293.015s
iter52		 Improve solution by repack 0.49945747110991673->0.4863232330018812 , unplacedBoxesSize:6
currentRepackCostTime:61.195s , currentRepackMaxTime:293.015s
iter64		 Improve solution by repack 0.4863232330018812->0.48202364955657084 , unplacedBoxesSize:7
currentRepackCostTime:61.32s , currentRepackMaxTime:293.015s
iter66		 Improve solution by repack 0.48202364955657084->0.47796795216339694 , unplacedBoxesSize:8
currentRepackCostTime:61.343s , currentRepackMaxTime:293.015s
iter86		 Improve solution by repack 0.47796795216339694->0.4665113544746036 , unplacedBoxesSize:6
currentRepackCostTime:61.558s , currentRepackMaxTime:293.015s
iter88		 Improve solution by repack 0.4665113544746036->0.45705522708949203 , unplacedBoxesSize:6
currentRepackCostTime:61.579s , currentRepackMaxTime:293.015s
iter172		 Improve solution by repack 0.45705522708949203->0.4444709083579683 , unplacedBoxesSize:6
currentRepackCostTime:62.476s , currentRepackMaxTime:293.015s
iter280		 Improve solution by repack 0.4444709083579683->0.4424385245901639 , unplacedBoxesSize:7
currentRepackCostTime:63.538000000000004s , currentRepackMaxTime:293.015s
iter283		 Improve solution by repack 0.4424385245901639->0.440353399623757 , unplacedBoxesSize:6
currentRepackCostTime:63.566s , currentRepackMaxTime:293.015s
iter306		 Improve solution by repack 0.440353399623757->0.4349472588013975 , unplacedBoxesSize:7
currentRepackCostTime:63.809000000000005s , currentRepackMaxTime:293.015s
iter312		 Improve solution by repack 0.4349472588013975->0.4335864015049718 , unplacedBoxesSize:5
currentRepackCostTime:63.885s , currentRepackMaxTime:293.015s
iter455		 Improve solution by repack 0.4335864015049718->0.4308357968288095 , unplacedBoxesSize:7
currentRepackCostTime:65.108s , currentRepackMaxTime:293.015s
iter465		 Improve solution by repack 0.4308357968288095->0.4229521633969363 , unplacedBoxesSize:6
currentRepackCostTime:65.264s , currentRepackMaxTime:293.015s
iter480		 Improve solution by repack 0.4229521633969363->0.42245935232464393 , unplacedBoxesSize:5
currentRepackCostTime:65.407s , currentRepackMaxTime:293.015s
iter494		 Improve solution by repack 0.42245935232464393->0.42212140553614624 , unplacedBoxesSize:6
currentRepackCostTime:65.506s , currentRepackMaxTime:293.015s
iter497		 Improve solution by repack 0.42212140553614624->0.4204373824240796 , unplacedBoxesSize:7
currentRepackCostTime:65.538s , currentRepackMaxTime:293.015s
iter501		 Improve solution by repack 0.4204373824240796->0.4176457941413599 , unplacedBoxesSize:5
currentRepackCostTime:65.595s , currentRepackMaxTime:293.015s
iter702		 Improve solution by repack 0.4176457941413599->0.41261589626444506 , unplacedBoxesSize:6
currentRepackCostTime:67.447s , currentRepackMaxTime:293.015s
iter732		 Improve solution by repack 0.41261589626444506->0.40808754367105615 , unplacedBoxesSize:6
currentRepackCostTime:67.859s , currentRepackMaxTime:293.015s
iter901		 Improve solution by repack 0.40808754367105615->0.4078651572158022 , unplacedBoxesSize:5
currentRepackCostTime:69.831s , currentRepackMaxTime:293.015s
iter1181		 Improve solution by repack 0.4078651572158022->0.40469127922601456 , unplacedBoxesSize:6
currentRepackCostTime:72.409s , currentRepackMaxTime:293.015s
iter1193		 Improve solution by repack 0.40469127922601456->0.40114384574039236 , unplacedBoxesSize:6
currentRepackCostTime:72.532s , currentRepackMaxTime:293.015s
iter1252		 Improve solution by repack 0.40114384574039236->0.3905321150228433 , unplacedBoxesSize:4
currentRepackCostTime:73.244s , currentRepackMaxTime:293.015s
Selecting boards with low utilization for repacking...
iter8		 Improve solution by repack 0.9196375302338081->0.3905321150228433 , unplacedBoxesSize:4
currentRepackCostTime:76.435s , currentRepackMaxTime:293.015s
Selecting boards with low utilization for repacking...
iter11		 Improve solution by repack 0.9222940741736092->0.9208868583714055 , unplacedBoxesSize:9
currentRepackCostTime:81.998s , currentRepackMaxTime:293.015s
iter13		 Improve solution by repack 0.9208868583714055->0.42043234345606023 , unplacedBoxesSize:5
currentRepackCostTime:82.017s , currentRepackMaxTime:293.015s
iter62		 Improve solution by repack 0.42043234345606023->0.41343825584520294 , unplacedBoxesSize:5
currentRepackCostTime:82.49s , currentRepackMaxTime:293.015s
iter115		 Improve solution by repack 0.41343825584520294->0.410704447729105 , unplacedBoxesSize:6
currentRepackCostTime:83.056s , currentRepackMaxTime:293.015s
iter126		 Improve solution by repack 0.410704447729105->0.4084923407686106 , unplacedBoxesSize:6
currentRepackCostTime:83.177s , currentRepackMaxTime:293.015s
iter137		 Improve solution by repack 0.4084923407686106->0.40677371674281104 , unplacedBoxesSize:5
currentRepackCostTime:83.312s , currentRepackMaxTime:293.015s
iter148		 Improve solution by repack 0.40677371674281104->0.39545115560333244 , unplacedBoxesSize:4
currentRepackCostTime:83.421s , currentRepackMaxTime:293.015s
iter216		 Improve solution by repack 0.39545115560333244->0.39068026068261225 , unplacedBoxesSize:5
currentRepackCostTime:83.964s , currentRepackMaxTime:293.015s
iter292		 Improve solution by repack 0.39068026068261225->0.39001478097285674 , unplacedBoxesSize:5
currentRepackCostTime:84.677s , currentRepackMaxTime:293.015s
iter299		 Improve solution by repack 0.39001478097285674->0.3889206530502553 , unplacedBoxesSize:5
currentRepackCostTime:84.73100000000001s , currentRepackMaxTime:293.015s
iter302		 Improve solution by repack 0.3889206530502553->0.37888336468691214 , unplacedBoxesSize:5
currentRepackCostTime:84.779s , currentRepackMaxTime:293.015s
Selecting boards with low utilization for repacking...
iter1		 Improve solution by repack 0.9270632894383231->0.37888336468691214 , unplacedBoxesSize:5
currentRepackCostTime:88.104s , currentRepackMaxTime:293.015s
Selecting boards with low utilization for repacking...
iter4		 Improve solution by repack 0.9329978500403117->0.37888336468691214 , unplacedBoxesSize:5
currentRepackCostTime:94.34100000000001s , currentRepackMaxTime:293.015s
Selecting boards with low utilization for repacking...
iter3		 Improve solution by repack 0.938132558452029->0.3989989250201559 , unplacedBoxesSize:5
currentRepackCostTime:100.59400000000001s , currentRepackMaxTime:293.015s
iter16		 Improve solution by repack 0.3989989250201559->0.3905321150228433 , unplacedBoxesSize:4
currentRepackCostTime:100.729s , currentRepackMaxTime:293.015s
iter78		 Improve solution by repack 0.3905321150228433->0.3857753292125773 , unplacedBoxesSize:4
currentRepackCostTime:101.226s , currentRepackMaxTime:293.015s
iter216		 Improve solution by repack 0.3857753292125773->0.37888336468691214 , unplacedBoxesSize:5
currentRepackCostTime:102.44s , currentRepackMaxTime:293.015s
Selecting boards with low utilization for repacking...
iter2		 Improve solution by repack 0.9187486562751948->0.37888336468691214 , unplacedBoxesSize:5
currentRepackCostTime:106.66s , currentRepackMaxTime:293.015s
Selecting boards with low utilization for repacking...
iter7		 Improve solution by repack 0.9387768744961031->0.9363527949475947 , unplacedBoxesSize:7
currentRepackCostTime:113.023s , currentRepackMaxTime:293.015s
iter8		 Improve solution by repack 0.9363527949475947->0.9346069604944908 , unplacedBoxesSize:6
currentRepackCostTime:113.028s , currentRepackMaxTime:293.015s
iter32		 Improve solution by repack 0.9346069604944908->0.4246418973394249 , unplacedBoxesSize:6
currentRepackCostTime:113.173s , currentRepackMaxTime:293.015s
iter41		 Improve solution by repack 0.4246418973394249->0.4195323837678044 , unplacedBoxesSize:6
currentRepackCostTime:113.26s , currentRepackMaxTime:293.015s
iter182		 Improve solution by repack 0.4195323837678044->0.4173925020155872 , unplacedBoxesSize:5
currentRepackCostTime:114.74600000000001s , currentRepackMaxTime:293.015s
iter194		 Improve solution by repack 0.4173925020155872->0.4110417226552002 , unplacedBoxesSize:4
currentRepackCostTime:114.876s , currentRepackMaxTime:293.015s
iter203		 Improve solution by repack 0.4110417226552002->0.4072315909701693 , unplacedBoxesSize:5
currentRepackCostTime:114.959s , currentRepackMaxTime:293.015s
Selecting boards with low utilization for repacking...
iter1		 Improve solution by repack 0.9446650765923139->0.9358146331631281 , unplacedBoxesSize:7
currentRepackCostTime:119.299s , currentRepackMaxTime:293.015s
iter7		 Improve solution by repack 0.9358146331631281->0.5042142569201827 , unplacedBoxesSize:6
currentRepackCostTime:119.345s , currentRepackMaxTime:293.015s
iter16		 Improve solution by repack 0.5042142569201827->0.5037190943294814 , unplacedBoxesSize:7
currentRepackCostTime:119.424s , currentRepackMaxTime:293.015s
iter34		 Improve solution by repack 0.5037190943294814->0.4900409836065574 , unplacedBoxesSize:7
currentRepackCostTime:119.614s , currentRepackMaxTime:293.015s
iter36		 Improve solution by repack 0.4900409836065574->0.46279461166353125 , unplacedBoxesSize:6
currentRepackCostTime:119.62700000000001s , currentRepackMaxTime:293.015s
iter46		 Improve solution by repack 0.46279461166353125->0.46004434291857027 , unplacedBoxesSize:5
currentRepackCostTime:119.754s , currentRepackMaxTime:293.015s
iter63		 Improve solution by repack 0.46004434291857027->0.45623421123353936 , unplacedBoxesSize:6
currentRepackCostTime:119.88s , currentRepackMaxTime:293.015s
iter103		 Improve solution by repack 0.45623421123353936->0.4545021499596883 , unplacedBoxesSize:6
currentRepackCostTime:120.313s , currentRepackMaxTime:293.015s
iter133		 Improve solution by repack 0.4545021499596883->0.45334789035205586 , unplacedBoxesSize:7
currentRepackCostTime:120.653s , currentRepackMaxTime:293.015s
iter229		 Improve solution by repack 0.45334789035205586->0.4335864015049718 , unplacedBoxesSize:5
currentRepackCostTime:121.705s , currentRepackMaxTime:293.015s
iter244		 Improve solution by repack 0.4335864015049718->0.4278621338349906 , unplacedBoxesSize:5
currentRepackCostTime:121.837s , currentRepackMaxTime:293.015s
iter327		 Improve solution by repack 0.4278621338349906->0.42484412792260146 , unplacedBoxesSize:4
currentRepackCostTime:122.58200000000001s , currentRepackMaxTime:293.015s
iter379		 Improve solution by repack 0.42484412792260146->0.42342884977156675 , unplacedBoxesSize:5
currentRepackCostTime:123.006s , currentRepackMaxTime:293.015s
iter394		 Improve solution by repack 0.42342884977156675->0.42164371136791184 , unplacedBoxesSize:5
currentRepackCostTime:123.12400000000001s , currentRepackMaxTime:293.015s
iter400		 Improve solution by repack 0.42164371136791184->0.42122950819672134 , unplacedBoxesSize:4
currentRepackCostTime:123.169s , currentRepackMaxTime:293.015s
iter420		 Improve solution by repack 0.42122950819672134->0.39780401773716745 , unplacedBoxesSize:5
currentRepackCostTime:123.36200000000001s , currentRepackMaxTime:293.015s
iter431		 Improve solution by repack 0.39780401773716745->0.39696217414673474 , unplacedBoxesSize:5
currentRepackCostTime:123.497s , currentRepackMaxTime:293.015s
iter477		 Improve solution by repack 0.39696217414673474->0.3926696452566515 , unplacedBoxesSize:4
currentRepackCostTime:123.973s , currentRepackMaxTime:293.015s
iter613		 Improve solution by repack 0.3926696452566515->0.3826837543671056 , unplacedBoxesSize:4
currentRepackCostTime:125.128s , currentRepackMaxTime:293.015s
iter878		 Improve solution by repack 0.3826837543671056->0.38163934426229507 , unplacedBoxesSize:5
currentRepackCostTime:127.369s , currentRepackMaxTime:293.015s
iter912		 Improve solution by repack 0.38163934426229507->0.3721892636388068 , unplacedBoxesSize:4
currentRepackCostTime:127.687s , currentRepackMaxTime:293.015s
iter915		 Improve solution by repack 0.3721892636388068->0.3679081564095673 , unplacedBoxesSize:4
currentRepackCostTime:127.711s , currentRepackMaxTime:293.015s
Selecting boards with low utilization for repacking...
iter26		 Improve solution by repack 0.9132450954044612->0.38978231658156404 , unplacedBoxesSize:5
currentRepackCostTime:131.278s , currentRepackMaxTime:293.015s
iter35		 Improve solution by repack 0.38978231658156404->0.3862842649825316 , unplacedBoxesSize:6
currentRepackCostTime:131.373s , currentRepackMaxTime:293.015s
iter48		 Improve solution by repack 0.3862842649825316->0.38319436979306637 , unplacedBoxesSize:5
currentRepackCostTime:131.526s , currentRepackMaxTime:293.015s
iter164		 Improve solution by repack 0.38319436979306637->0.3788944504165547 , unplacedBoxesSize:5
currentRepackCostTime:132.686s , currentRepackMaxTime:293.015s
iter200		 Improve solution by repack 0.3788944504165547->0.37366198602526207 , unplacedBoxesSize:5
currentRepackCostTime:133.022s , currentRepackMaxTime:293.015s
iter224		 Improve solution by repack 0.37366198602526207->0.363367710292932 , unplacedBoxesSize:5
currentRepackCostTime:133.233s , currentRepackMaxTime:293.015s
Selecting boards with low utilization for repacking...
iter2		 Improve solution by repack 0.9441638672399892->0.9343133566245633 , unplacedBoxesSize:8
currentRepackCostTime:137.42600000000002s , currentRepackMaxTime:293.015s
iter27		 Improve solution by repack 0.9343133566245633->0.43118113410373554 , unplacedBoxesSize:5
currentRepackCostTime:137.612s , currentRepackMaxTime:293.015s
iter112		 Improve solution by repack 0.43118113410373554->0.4189838081160978 , unplacedBoxesSize:6
currentRepackCostTime:138.371s , currentRepackMaxTime:293.015s
iter113		 Improve solution by repack 0.4189838081160978->0.4173713383499059 , unplacedBoxesSize:6
currentRepackCostTime:138.376s , currentRepackMaxTime:293.015s
iter141		 Improve solution by repack 0.4173713383499059->0.4084856221445848 , unplacedBoxesSize:5
currentRepackCostTime:138.697s , currentRepackMaxTime:293.015s
iter187		 Improve solution by repack 0.4084856221445848->0.4078651572158022 , unplacedBoxesSize:5
currentRepackCostTime:139.109s , currentRepackMaxTime:293.015s
iter231		 Improve solution by repack 0.4078651572158022->0.40242407954850845 , unplacedBoxesSize:4
currentRepackCostTime:139.531s , currentRepackMaxTime:293.015s
iter258		 Improve solution by repack 0.40242407954850845->0.4000456866433754 , unplacedBoxesSize:4
currentRepackCostTime:139.761s , currentRepackMaxTime:293.015s
iter463		 Improve solution by repack 0.4000456866433754->0.3965452835259339 , unplacedBoxesSize:4
currentRepackCostTime:141.52700000000002s , currentRepackMaxTime:293.015s
iter472		 Improve solution by repack 0.3965452835259339->0.3905321150228433 , unplacedBoxesSize:4
currentRepackCostTime:141.606s , currentRepackMaxTime:293.015s
iter499		 Improve solution by repack 0.3905321150228433->0.38857162053211497 , unplacedBoxesSize:5
currentRepackCostTime:141.818s , currentRepackMaxTime:293.015s
iter519		 Improve solution by repack 0.38857162053211497->0.38386757592045145 , unplacedBoxesSize:4
currentRepackCostTime:142.03s , currentRepackMaxTime:293.015s
iter529		 Improve solution by repack 0.38386757592045145->0.37489787691480786 , unplacedBoxesSize:4
currentRepackCostTime:142.111s , currentRepackMaxTime:293.015s
iter629		 Improve solution by repack 0.37489787691480786->0.3726649422198334 , unplacedBoxesSize:4
currentRepackCostTime:142.976s , currentRepackMaxTime:293.015s
Selecting boards with low utilization for repacking...
iter6		 Improve solution by repack 0.9379642569201827->0.4917441547970976 , unplacedBoxesSize:6
currentRepackCostTime:146.094s , currentRepackMaxTime:293.015s
iter11		 Improve solution by repack 0.4917441547970976->0.47876209352324645 , unplacedBoxesSize:6
currentRepackCostTime:146.159s , currentRepackMaxTime:293.015s
iter15		 Improve solution by repack 0.47876209352324645->0.4769349637194303 , unplacedBoxesSize:5
currentRepackCostTime:146.204s , currentRepackMaxTime:293.015s
iter40		 Improve solution by repack 0.4769349637194303->0.45961099166890623 , unplacedBoxesSize:6
currentRepackCostTime:146.42000000000002s , currentRepackMaxTime:293.015s
iter46		 Improve solution by repack 0.45961099166890623->0.43626478097285676 , unplacedBoxesSize:5
currentRepackCostTime:146.477s , currentRepackMaxTime:293.015s
iter145		 Improve solution by repack 0.43626478097285676->0.4328214861596345 , unplacedBoxesSize:6
currentRepackCostTime:147.351s , currentRepackMaxTime:293.015s
iter159		 Improve solution by repack 0.4328214861596345->0.43099435635581834 , unplacedBoxesSize:5
currentRepackCostTime:147.519s , currentRepackMaxTime:293.015s
iter224		 Improve solution by repack 0.43099435635581834->0.42423844396667565 , unplacedBoxesSize:5
currentRepackCostTime:148.115s , currentRepackMaxTime:293.015s
iter265		 Improve solution by repack 0.42423844396667565->0.420232800322494 , unplacedBoxesSize:4
currentRepackCostTime:148.473s , currentRepackMaxTime:293.015s
iter270		 Improve solution by repack 0.420232800322494->0.41627519484009673 , unplacedBoxesSize:6
currentRepackCostTime:148.516s , currentRepackMaxTime:293.015s
iter273		 Improve solution by repack 0.41627519484009673->0.4129625772641763 , unplacedBoxesSize:5
currentRepackCostTime:148.561s , currentRepackMaxTime:293.015s
iter333		 Improve solution by repack 0.4129625772641763->0.4086814700349368 , unplacedBoxesSize:5
currentRepackCostTime:149.14000000000001s , currentRepackMaxTime:293.015s
iter396		 Improve solution by repack 0.4086814700349368->0.40654393980112874 , unplacedBoxesSize:5
currentRepackCostTime:149.764s , currentRepackMaxTime:293.015s
iter420		 Improve solution by repack 0.40654393980112874->0.4044994625100779 , unplacedBoxesSize:5
currentRepackCostTime:149.946s , currentRepackMaxTime:293.015s
iter531		 Improve solution by repack 0.4044994625100779->0.40323669712442894 , unplacedBoxesSize:5
currentRepackCostTime:150.951s , currentRepackMaxTime:293.015s
Selecting boards with low utilization for repacking...
iter1		 Improve solution by repack 0.925159903251814->0.917466406879871 , unplacedBoxesSize:6
currentRepackCostTime:155.12800000000001s , currentRepackMaxTime:293.015s
iter2		 Improve solution by repack 0.917466406879871->0.9161888605213653 , unplacedBoxesSize:7
currentRepackCostTime:155.131s , currentRepackMaxTime:293.015s
iter6		 Improve solution by repack 0.9161888605213653->0.5110410507927976 , unplacedBoxesSize:6
currentRepackCostTime:155.168s , currentRepackMaxTime:293.015s
iter7		 Improve solution by repack 0.5110410507927976->0.4873716742811072 , unplacedBoxesSize:2
currentRepackCostTime:155.17600000000002s , currentRepackMaxTime:293.015s
iter106		 Improve solution by repack 0.4873716742811072->0.48254871002418703 , unplacedBoxesSize:6
currentRepackCostTime:155.78s , currentRepackMaxTime:293.015s
iter127		 Improve solution by repack 0.48254871002418703->0.47567858102660576 , unplacedBoxesSize:5
currentRepackCostTime:155.997s , currentRepackMaxTime:293.015s
iter205		 Improve solution by repack 0.47567858102660576->0.47276639344262295 , unplacedBoxesSize:6
currentRepackCostTime:156.673s , currentRepackMaxTime:293.015s
iter233		 Improve solution by repack 0.47276639344262295->0.46956664875033594 , unplacedBoxesSize:6
currentRepackCostTime:156.951s , currentRepackMaxTime:293.015s
iter261		 Improve solution by repack 0.46956664875033594->0.4652643778554152 , unplacedBoxesSize:6
currentRepackCostTime:157.239s , currentRepackMaxTime:293.015s
iter268		 Improve solution by repack 0.4652643778554152->0.45793973394248855 , unplacedBoxesSize:5
currentRepackCostTime:157.31s , currentRepackMaxTime:293.015s
iter331		 Improve solution by repack 0.45793973394248855->0.4330499193765117 , unplacedBoxesSize:5
currentRepackCostTime:157.823s , currentRepackMaxTime:293.015s
iter348		 Improve solution by repack 0.4330499193765117->0.43174549852190275 , unplacedBoxesSize:5
currentRepackCostTime:157.966s , currentRepackMaxTime:293.015s
iter376		 Improve solution by repack 0.43174549852190275->0.4300134372480516 , unplacedBoxesSize:5
currentRepackCostTime:158.244s , currentRepackMaxTime:293.015s
iter415		 Improve solution by repack 0.4300134372480516->0.42617407954850844 , unplacedBoxesSize:5
currentRepackCostTime:158.58s , currentRepackMaxTime:293.015s
iter626		 Improve solution by repack 0.42617407954850844->0.4257323300188121 , unplacedBoxesSize:5
currentRepackCostTime:160.618s , currentRepackMaxTime:293.015s
Selecting boards with low utilization for repacking...
iter1		 Improve solution by repack 0.9329131953775867->0.9300557645794142 , unplacedBoxesSize:7
currentRepackCostTime:163.87800000000001s , currentRepackMaxTime:293.015s
iter7		 Improve solution by repack 0.9300557645794142->0.5485507927976351 , unplacedBoxesSize:7
currentRepackCostTime:163.925s , currentRepackMaxTime:293.015s
iter32		 Improve solution by repack 0.5485507927976351->0.5261865090029562 , unplacedBoxesSize:6
currentRepackCostTime:164.165s , currentRepackMaxTime:293.015s
iter52		 Improve solution by repack 0.5261865090029562->0.5201347084117173 , unplacedBoxesSize:7
currentRepackCostTime:164.356s , currentRepackMaxTime:293.015s
iter55		 Improve solution by repack 0.5201347084117173->0.5139350980919108 , unplacedBoxesSize:6
currentRepackCostTime:164.383s , currentRepackMaxTime:293.015s
iter65		 Improve solution by repack 0.5139350980919108->0.5104346949744692 , unplacedBoxesSize:6
currentRepackCostTime:164.473s , currentRepackMaxTime:293.015s
iter88		 Improve solution by repack 0.5104346949744692->0.5099882424079548 , unplacedBoxesSize:8
currentRepackCostTime:164.66400000000002s , currentRepackMaxTime:293.015s
iter90		 Improve solution by repack 0.5099882424079548->0.5087254770223057 , unplacedBoxesSize:8
currentRepackCostTime:164.687s , currentRepackMaxTime:293.015s
iter99		 Improve solution by repack 0.5087254770223057->0.4969779629131954 , unplacedBoxesSize:6
currentRepackCostTime:164.80700000000002s , currentRepackMaxTime:293.015s
iter104		 Improve solution by repack 0.4969779629131954->0.49192690137059936 , unplacedBoxesSize:7
currentRepackCostTime:164.854s , currentRepackMaxTime:293.015s
iter140		 Improve solution by repack 0.49192690137059936->0.4909647944101048 , unplacedBoxesSize:6
currentRepackCostTime:165.243s , currentRepackMaxTime:293.015s
iter192		 Improve solution by repack 0.4909647944101048->0.4816675624832034 , unplacedBoxesSize:7
currentRepackCostTime:165.703s , currentRepackMaxTime:293.015s
iter197		 Improve solution by repack 0.4816675624832034->0.46638134909970436 , unplacedBoxesSize:6
currentRepackCostTime:165.754s , currentRepackMaxTime:293.015s
iter235		 Improve solution by repack 0.46638134909970436->0.4642290378930395 , unplacedBoxesSize:6
currentRepackCostTime:166.143s , currentRepackMaxTime:293.015s
iter238		 Improve solution by repack 0.4642290378930395->0.46004434291857027 , unplacedBoxesSize:5
currentRepackCostTime:166.16400000000002s , currentRepackMaxTime:293.015s
iter272		 Improve solution by repack 0.46004434291857027->0.4592024993281376 , unplacedBoxesSize:5
currentRepackCostTime:166.468s , currentRepackMaxTime:293.015s
iter288		 Improve solution by repack 0.4592024993281376->0.45563255845202905 , unplacedBoxesSize:6
currentRepackCostTime:166.632s , currentRepackMaxTime:293.015s
iter301		 Improve solution by repack 0.45563255845202905->0.44961938994893846 , unplacedBoxesSize:6
currentRepackCostTime:166.782s , currentRepackMaxTime:293.015s
iter406		 Improve solution by repack 0.44961938994893846->0.4486384708411717 , unplacedBoxesSize:6
currentRepackCostTime:167.845s , currentRepackMaxTime:293.015s
Selecting boards with low utilization for repacking...
iter8		 Improve solution by repack 0.922571889277076->0.47567858102660576 , unplacedBoxesSize:5
currentRepackCostTime:173.82500000000002s , currentRepackMaxTime:293.015s
iter12		 Improve solution by repack 0.47567858102660576->0.47247816447191615 , unplacedBoxesSize:6
currentRepackCostTime:173.861s , currentRepackMaxTime:293.015s
iter129		 Improve solution by repack 0.47247816447191615->0.456002082773448 , unplacedBoxesSize:6
currentRepackCostTime:175.043s , currentRepackMaxTime:293.015s
iter137		 Improve solution by repack 0.456002082773448->0.45461099166890623 , unplacedBoxesSize:6
currentRepackCostTime:175.138s , currentRepackMaxTime:293.015s
iter273		 Improve solution by repack 0.45461099166890623->0.4486384708411717 , unplacedBoxesSize:6
currentRepackCostTime:176.497s , currentRepackMaxTime:293.015s
Selecting boards with low utilization for repacking...
iter1		 Improve solution by repack 0.9338400295619458->0.9308754367105617 , unplacedBoxesSize:9
currentRepackCostTime:180.619s , currentRepackMaxTime:293.015s
iter8		 Improve solution by repack 0.9308754367105617->0.5092414673474872 , unplacedBoxesSize:7
currentRepackCostTime:180.68800000000002s , currentRepackMaxTime:293.015s
iter15		 Improve solution by repack 0.5092414673474872->0.49806268476216065 , unplacedBoxesSize:6
currentRepackCostTime:180.808s , currentRepackMaxTime:293.015s
iter39		 Improve solution by repack 0.49806268476216065->0.49805898951894656 , unplacedBoxesSize:6
currentRepackCostTime:181.06900000000002s , currentRepackMaxTime:293.015s
iter50		 Improve solution by repack 0.49805898951894656->0.49313994893845736 , unplacedBoxesSize:6
currentRepackCostTime:181.16s , currentRepackMaxTime:293.015s
iter103		 Improve solution by repack 0.49313994893845736->0.4908495700080623 , unplacedBoxesSize:7
currentRepackCostTime:181.713s , currentRepackMaxTime:293.015s
iter140		 Improve solution by repack 0.4908495700080623->0.4808129535071217 , unplacedBoxesSize:6
currentRepackCostTime:182.204s , currentRepackMaxTime:293.015s
iter144		 Improve solution by repack 0.4808129535071217->0.47567858102660576 , unplacedBoxesSize:5
currentRepackCostTime:182.234s , currentRepackMaxTime:293.015s
iter173		 Improve solution by repack 0.47567858102660576->0.47186844934157485 , unplacedBoxesSize:6
currentRepackCostTime:182.478s , currentRepackMaxTime:293.015s
iter185		 Improve solution by repack 0.47186844934157485->0.47151068261220097 , unplacedBoxesSize:6
currentRepackCostTime:182.582s , currentRepackMaxTime:293.015s
iter194		 Improve solution by repack 0.47151068261220097->0.4540456194571352 , unplacedBoxesSize:5
currentRepackCostTime:182.681s , currentRepackMaxTime:293.015s
iter240		 Improve solution by repack 0.4540456194571352->0.4511609782316581 , unplacedBoxesSize:5
currentRepackCostTime:183.095s , currentRepackMaxTime:293.015s
iter306		 Improve solution by repack 0.4511609782316581->0.44912657887664603 , unplacedBoxesSize:5
currentRepackCostTime:183.675s , currentRepackMaxTime:293.015s
iter395		 Improve solution by repack 0.44912657887664603->0.4486384708411717 , unplacedBoxesSize:6
currentRepackCostTime:184.552s , currentRepackMaxTime:293.015s
Selecting boards with low utilization for repacking...
iter8		 Improve solution by repack 0.961601048105348->0.9421993415748454 , unplacedBoxesSize:9
currentRepackCostTime:190.815s , currentRepackMaxTime:293.015s
iter17		 Improve solution by repack 0.9421993415748454->0.4837153990862671 , unplacedBoxesSize:6
currentRepackCostTime:190.887s , currentRepackMaxTime:293.015s
iter32		 Improve solution by repack 0.4837153990862671->0.47525933888739585 , unplacedBoxesSize:6
currentRepackCostTime:191.04500000000002s , currentRepackMaxTime:293.015s
iter44		 Improve solution by repack 0.47525933888739585->0.4692461703843053 , unplacedBoxesSize:6
currentRepackCostTime:191.167s , currentRepackMaxTime:293.015s
iter86		 Improve solution by repack 0.4692461703843053->0.46585528083848426 , unplacedBoxesSize:6
currentRepackCostTime:191.641s , currentRepackMaxTime:293.015s
iter172		 Improve solution by repack 0.46585528083848426->0.4481164337543671 , unplacedBoxesSize:6
currentRepackCostTime:192.53900000000002s , currentRepackMaxTime:293.015s
iter336		 Improve solution by repack 0.4481164337543671->0.44798810803547434 , unplacedBoxesSize:6
currentRepackCostTime:194.167s , currentRepackMaxTime:293.015s
Selecting boards with low utilization for repacking...
iter5		 Improve solution by repack 0.9635212308519215->0.48918738242407955 , unplacedBoxesSize:7
currentRepackCostTime:200.87800000000001s , currentRepackMaxTime:293.015s
iter132		 Improve solution by repack 0.48918738242407955->0.4873054958344531 , unplacedBoxesSize:6
currentRepackCostTime:202.20600000000002s , currentRepackMaxTime:293.015s
iter264		 Improve solution by repack 0.4873054958344531->0.48377149959688254 , unplacedBoxesSize:7
currentRepackCostTime:203.479s , currentRepackMaxTime:293.015s
iter279		 Improve solution by repack 0.48377149959688254->0.4808129535071217 , unplacedBoxesSize:6
currentRepackCostTime:203.654s , currentRepackMaxTime:293.015s
iter286		 Improve solution by repack 0.4808129535071217->0.48060131685030905 , unplacedBoxesSize:5
currentRepackCostTime:203.719s , currentRepackMaxTime:293.015s
iter309		 Improve solution by repack 0.48060131685030905->0.4758740929857565 , unplacedBoxesSize:6
currentRepackCostTime:203.92600000000002s , currentRepackMaxTime:293.015s
iter313		 Improve solution by repack 0.4758740929857565->0.47436072292394516 , unplacedBoxesSize:7
currentRepackCostTime:203.971s , currentRepackMaxTime:293.015s
iter320		 Improve solution by repack 0.47436072292394516->0.47263605213652243 , unplacedBoxesSize:5
currentRepackCostTime:204.059s , currentRepackMaxTime:293.015s
iter340		 Improve solution by repack 0.47263605213652243->0.46993113410373555 , unplacedBoxesSize:5
currentRepackCostTime:204.26s , currentRepackMaxTime:293.015s
iter382		 Improve solution by repack 0.46993113410373555->0.46501209352324646 , unplacedBoxesSize:5
currentRepackCostTime:204.613s , currentRepackMaxTime:293.015s
iter459		 Improve solution by repack 0.46501209352324646->0.4635763235689331 , unplacedBoxesSize:6
currentRepackCostTime:205.284s , currentRepackMaxTime:293.015s
iter463		 Improve solution by repack 0.4635763235689331->0.4633845068529965 , unplacedBoxesSize:5
currentRepackCostTime:205.318s , currentRepackMaxTime:293.015s
iter500		 Improve solution by repack 0.4633845068529965->0.46196922870196183 , unplacedBoxesSize:6
currentRepackCostTime:205.616s , currentRepackMaxTime:293.015s
iter516		 Improve solution by repack 0.46196922870196183->0.45865728298844394 , unplacedBoxesSize:6
currentRepackCostTime:205.78s , currentRepackMaxTime:293.015s
iter531		 Improve solution by repack 0.45865728298844394->0.4584217952163397 , unplacedBoxesSize:6
currentRepackCostTime:205.966s , currentRepackMaxTime:293.015s
iter610		 Improve solution by repack 0.4584217952163397->0.4582380408492341 , unplacedBoxesSize:7
currentRepackCostTime:206.82500000000002s , currentRepackMaxTime:293.015s
iter611		 Improve solution by repack 0.4582380408492341->0.4450910373555496 , unplacedBoxesSize:6
currentRepackCostTime:206.846s , currentRepackMaxTime:293.015s
iter691		 Improve solution by repack 0.4450910373555496->0.4410185434023112 , unplacedBoxesSize:6
currentRepackCostTime:207.731s , currentRepackMaxTime:293.015s
iter908		 Improve solution by repack 0.4410185434023112->0.43789371136791183 , unplacedBoxesSize:6
currentRepackCostTime:210.029s , currentRepackMaxTime:293.015s
iter919		 Improve solution by repack 0.43789371136791183->0.43089962375705454 , unplacedBoxesSize:6
currentRepackCostTime:210.14000000000001s , currentRepackMaxTime:293.015s
iter969		 Improve solution by repack 0.43089962375705454->0.4257323300188121 , unplacedBoxesSize:5
currentRepackCostTime:210.703s , currentRepackMaxTime:293.015s
Selecting boards with low utilization for repacking...
iter4		 Improve solution by repack 0.970435702768073->0.9429803816178446 , unplacedBoxesSize:8
currentRepackCostTime:213.84900000000002s , currentRepackMaxTime:293.015s
iter7		 Improve solution by repack 0.9429803816178446->0.5108787960225746 , unplacedBoxesSize:6
currentRepackCostTime:213.88s , currentRepackMaxTime:293.015s
iter56		 Improve solution by repack 0.5108787960225746->0.4762217817790917 , unplacedBoxesSize:6
currentRepackCostTime:214.322s , currentRepackMaxTime:293.015s
iter66		 Improve solution by repack 0.4762217817790917->0.47567858102660576 , unplacedBoxesSize:5
currentRepackCostTime:214.404s , currentRepackMaxTime:293.015s
iter118		 Improve solution by repack 0.47567858102660576->0.4709217952163397 , unplacedBoxesSize:5
currentRepackCostTime:214.872s , currentRepackMaxTime:293.015s
iter147		 Improve solution by repack 0.4709217952163397->0.4677213786616501 , unplacedBoxesSize:6
currentRepackCostTime:215.15s , currentRepackMaxTime:293.015s
iter305		 Improve solution by repack 0.4677213786616501->0.46585528083848426 , unplacedBoxesSize:6
currentRepackCostTime:216.741s , currentRepackMaxTime:293.015s
iter310		 Improve solution by repack 0.46585528083848426->0.4615425960763236 , unplacedBoxesSize:7
currentRepackCostTime:216.796s , currentRepackMaxTime:293.015s
iter313		 Improve solution by repack 0.4615425960763236->0.4565902983069068 , unplacedBoxesSize:6
currentRepackCostTime:216.815s , currentRepackMaxTime:293.015s
iter317		 Improve solution by repack 0.4565902983069068->0.44047836603063695 , unplacedBoxesSize:4
currentRepackCostTime:216.848s , currentRepackMaxTime:293.015s
Selecting boards with low utilization for repacking...
Completed repack sweep without reducing board count. No-reduction sweeps: 1/3
Selecting boards with low utilization for repacking...
Selecting boards with low utilization for repacking...
iter4		 Improve solution by repack 0.9109527008868583->0.9053386186509004 , unplacedBoxesSize:8
currentRepackCostTime:222.161s , currentRepackMaxTime:293.015s
iter14		 Improve solution by repack 0.9053386186509004->0.8899798441279226 , unplacedBoxesSize:8
currentRepackCostTime:222.243s , currentRepackMaxTime:293.015s
iter31		 Improve solution by repack 0.8899798441279226->0.43775866702499333 , unplacedBoxesSize:5
currentRepackCostTime:222.379s , currentRepackMaxTime:293.015s
iter186		 Improve solution by repack 0.43775866702499333->0.43065506584251545 , unplacedBoxesSize:5
currentRepackCostTime:223.84s , currentRepackMaxTime:293.015s
iter202		 Improve solution by repack 0.43065506584251545->0.4300134372480516 , unplacedBoxesSize:5
currentRepackCostTime:223.982s , currentRepackMaxTime:293.015s
iter295		 Improve solution by repack 0.4300134372480516->0.4257323300188121 , unplacedBoxesSize:5
currentRepackCostTime:224.885s , currentRepackMaxTime:293.015s
Selecting boards with low utilization for repacking...
iter4		 Improve solution by repack 0.8878366030636925->0.5168919645256651 , unplacedBoxesSize:6
currentRepackCostTime:228.244s , currentRepackMaxTime:293.015s
iter8		 Improve solution by repack 0.5168919645256651->0.5134681537221177 , unplacedBoxesSize:6
currentRepackCostTime:228.275s , currentRepackMaxTime:293.015s
iter21		 Improve solution by repack 0.5134681537221177->0.46095639613007255 , unplacedBoxesSize:6
currentRepackCostTime:228.393s , currentRepackMaxTime:293.015s
iter35		 Improve solution by repack 0.46095639613007255->0.45781140822359584 , unplacedBoxesSize:5
currentRepackCostTime:228.543s , currentRepackMaxTime:293.015s
iter76		 Improve solution by repack 0.45781140822359584->0.43174549852190275 , unplacedBoxesSize:5
currentRepackCostTime:228.875s , currentRepackMaxTime:293.015s
iter109		 Improve solution by repack 0.43174549852190275->0.4300134372480516 , unplacedBoxesSize:5
currentRepackCostTime:229.199s , currentRepackMaxTime:293.015s
iter115		 Improve solution by repack 0.4300134372480516->0.4257323300188121 , unplacedBoxesSize:5
currentRepackCostTime:229.246s , currentRepackMaxTime:293.015s
Selecting boards with low utilization for repacking...
iter7		 Improve solution by repack 0.9136532518140285->0.8989088954582101 , unplacedBoxesSize:6
currentRepackCostTime:234.363s , currentRepackMaxTime:293.015s
iter15		 Improve solution by repack 0.8989088954582101->0.4738753023380812 , unplacedBoxesSize:6
currentRepackCostTime:234.42600000000002s , currentRepackMaxTime:293.015s
iter40		 Improve solution by repack 0.4738753023380812->0.4669316044074174 , unplacedBoxesSize:6
currentRepackCostTime:234.661s , currentRepackMaxTime:293.015s
iter71		 Improve solution by repack 0.4669316044074174->0.4300134372480516 , unplacedBoxesSize:5
currentRepackCostTime:234.965s , currentRepackMaxTime:293.015s
iter106		 Improve solution by repack 0.4300134372480516->0.4291205321150228 , unplacedBoxesSize:6
currentRepackCostTime:235.303s , currentRepackMaxTime:293.015s
iter108		 Improve solution by repack 0.4291205321150228->0.4248394248857834 , unplacedBoxesSize:6
currentRepackCostTime:235.321s , currentRepackMaxTime:293.015s
iter232		 Improve solution by repack 0.4248394248857834->0.4237631013168503 , unplacedBoxesSize:6
currentRepackCostTime:236.604s , currentRepackMaxTime:293.015s
Selecting boards with low utilization for repacking...
iter2		 Improve solution by repack 0.8945700080623489->0.4335864015049718 , unplacedBoxesSize:5
currentRepackCostTime:240.942s , currentRepackMaxTime:293.015s
iter72		 Improve solution by repack 0.4335864015049718->0.4237631013168503 , unplacedBoxesSize:6
currentRepackCostTime:241.546s , currentRepackMaxTime:293.015s
Selecting boards with low utilization for repacking...
iter1		 Improve solution by repack 0.9220212980381618->0.9202754635850577 , unplacedBoxesSize:9
currentRepackCostTime:247.535s , currentRepackMaxTime:293.015s
iter4		 Improve solution by repack 0.9202754635850577->0.43412960225745767 , unplacedBoxesSize:6
currentRepackCostTime:247.553s , currentRepackMaxTime:293.015s
iter8		 Improve solution by repack 0.43412960225745767->0.43174549852190275 , unplacedBoxesSize:5
currentRepackCostTime:247.588s , currentRepackMaxTime:293.015s
iter50		 Improve solution by repack 0.43174549852190275->0.4306513705993013 , unplacedBoxesSize:5
currentRepackCostTime:248.00900000000001s , currentRepackMaxTime:293.015s
Selecting boards with low utilization for repacking...
iter16		 Improve solution by repack 0.9271476081698468->0.5061220102123085 , unplacedBoxesSize:6
currentRepackCostTime:253.804s , currentRepackMaxTime:293.015s
Selecting boards with low utilization for repacking...
iter2		 Improve solution by repack 0.9141722655200214->0.5576797231926901 , unplacedBoxesSize:7
currentRepackCostTime:259.94s , currentRepackMaxTime:293.015s
iter5		 Improve solution by repack 0.5576797231926901->0.555260682612201 , unplacedBoxesSize:7
currentRepackCostTime:259.964s , currentRepackMaxTime:293.015s
iter6		 Improve solution by repack 0.555260682612201->0.5407531577532921 , unplacedBoxesSize:8
currentRepackCostTime:259.984s , currentRepackMaxTime:293.015s
iter7		 Improve solution by repack 0.5407531577532921->0.5134395995700081 , unplacedBoxesSize:6
currentRepackCostTime:259.993s , currentRepackMaxTime:293.015s
iter34		 Improve solution by repack 0.5134395995700081->0.5020787422735824 , unplacedBoxesSize:6
currentRepackCostTime:260.282s , currentRepackMaxTime:293.015s
iter100		 Improve solution by repack 0.5020787422735824->0.4980354743348562 , unplacedBoxesSize:6
currentRepackCostTime:260.956s , currentRepackMaxTime:293.015s
iter186		 Improve solution by repack 0.4980354743348562->0.4817051867777479 , unplacedBoxesSize:6
currentRepackCostTime:261.746s , currentRepackMaxTime:293.015s
iter216		 Improve solution by repack 0.4817051867777479->0.4709217952163397 , unplacedBoxesSize:5
currentRepackCostTime:262.05s , currentRepackMaxTime:293.015s
iter231		 Improve solution by repack 0.4709217952163397->0.4671116635313088 , unplacedBoxesSize:6
currentRepackCostTime:262.197s , currentRepackMaxTime:293.015s
iter327		 Improve solution by repack 0.4671116635313088->0.4613470841171728 , unplacedBoxesSize:6
currentRepackCostTime:263.195s , currentRepackMaxTime:293.015s
iter330		 Improve solution by repack 0.4613470841171728->0.45865728298844394 , unplacedBoxesSize:6
currentRepackCostTime:263.229s , currentRepackMaxTime:293.015s
iter348		 Improve solution by repack 0.45865728298844394->0.45781140822359584 , unplacedBoxesSize:5
currentRepackCostTime:263.414s , currentRepackMaxTime:293.015s
iter359		 Improve solution by repack 0.45781140822359584->0.45739216608438593 , unplacedBoxesSize:6
currentRepackCostTime:263.495s , currentRepackMaxTime:293.015s
iter400		 Improve solution by repack 0.45739216608438593->0.4437573904864284 , unplacedBoxesSize:6
currentRepackCostTime:263.98s , currentRepackMaxTime:293.015s
iter414		 Improve solution by repack 0.4437573904864284->0.43966406879871006 , unplacedBoxesSize:6
currentRepackCostTime:264.123s , currentRepackMaxTime:293.015s
iter448		 Improve solution by repack 0.43966406879871006->0.42829313356624565 , unplacedBoxesSize:5
currentRepackCostTime:264.483s , currentRepackMaxTime:293.015s
iter452		 Improve solution by repack 0.42829313356624565->0.42698871271163663 , unplacedBoxesSize:5
currentRepackCostTime:264.529s , currentRepackMaxTime:293.015s
Selecting boards with low utilization for repacking...
iter9		 Improve solution by repack 0.9137190943294813->0.9064861596345068 , unplacedBoxesSize:8
currentRepackCostTime:269.627s , currentRepackMaxTime:293.015s
iter16		 Improve solution by repack 0.9064861596345068->0.5140056436441817 , unplacedBoxesSize:7
currentRepackCostTime:269.671s , currentRepackMaxTime:293.015s
iter18		 Improve solution by repack 0.5140056436441817->0.46402983069067455 , unplacedBoxesSize:6
currentRepackCostTime:269.698s , currentRepackMaxTime:293.015s
iter177		 Improve solution by repack 0.46402983069067455->0.45231053480247246 , unplacedBoxesSize:6
currentRepackCostTime:271.357s , currentRepackMaxTime:293.015s
iter186		 Improve solution by repack 0.45231053480247246->0.4509194436979307 , unplacedBoxesSize:6
currentRepackCostTime:271.454s , currentRepackMaxTime:293.015s
iter244		 Improve solution by repack 0.4509194436979307->0.4486384708411717 , unplacedBoxesSize:6
currentRepackCostTime:272.041s , currentRepackMaxTime:293.015s
iter314		 Improve solution by repack 0.4486384708411717->0.4438816850309057 , unplacedBoxesSize:6
currentRepackCostTime:272.767s , currentRepackMaxTime:293.015s
iter414		 Improve solution by repack 0.4438816850309057->0.4390630878796023 , unplacedBoxesSize:5
currentRepackCostTime:273.834s , currentRepackMaxTime:293.015s
iter456		 Improve solution by repack 0.4390630878796023->0.43775866702499333 , unplacedBoxesSize:5
currentRepackCostTime:274.271s , currentRepackMaxTime:293.015s
iter508		 Improve solution by repack 0.43775866702499333->0.4257323300188121 , unplacedBoxesSize:5
currentRepackCostTime:274.779s , currentRepackMaxTime:293.015s
Selecting boards with low utilization for repacking...
iter4		 Improve solution by repack 0.9242955522708949->0.9226763638806772 , unplacedBoxesSize:9
currentRepackCostTime:279.235s , currentRepackMaxTime:293.015s
iter7		 Improve solution by repack 0.9226763638806772->0.9193691212039775 , unplacedBoxesSize:9
currentRepackCostTime:279.258s , currentRepackMaxTime:293.015s
iter9		 Improve solution by repack 0.9193691212039775->0.47567858102660576 , unplacedBoxesSize:5
currentRepackCostTime:279.27500000000003s , currentRepackMaxTime:293.015s
iter83		 Improve solution by repack 0.47567858102660576->0.46771701155603335 , unplacedBoxesSize:5
currentRepackCostTime:279.912s , currentRepackMaxTime:293.015s
iter323		 Improve solution by repack 0.46771701155603335->0.46736025262026337 , unplacedBoxesSize:6
currentRepackCostTime:282.139s , currentRepackMaxTime:293.015s
iter388		 Improve solution by repack 0.46736025262026337->0.4662698199408761 , unplacedBoxesSize:6
currentRepackCostTime:282.84000000000003s , currentRepackMaxTime:293.015s
iter399		 Improve solution by repack 0.4662698199408761->0.4630694033861865 , unplacedBoxesSize:7
currentRepackCostTime:282.926s , currentRepackMaxTime:293.015s
iter407		 Improve solution by repack 0.4630694033861865->0.4613470841171728 , unplacedBoxesSize:6
currentRepackCostTime:282.983s , currentRepackMaxTime:293.015s
iter512		 Improve solution by repack 0.4613470841171728->0.45781140822359584 , unplacedBoxesSize:5
currentRepackCostTime:284.049s , currentRepackMaxTime:293.015s
iter789		 Improve solution by repack 0.45781140822359584->0.4530841843590433 , unplacedBoxesSize:6
currentRepackCostTime:286.48900000000003s , currentRepackMaxTime:293.015s
iter835		 Improve solution by repack 0.4530841843590433->0.4509194436979307 , unplacedBoxesSize:6
currentRepackCostTime:286.97700000000003s , currentRepackMaxTime:293.015s
iter887		 Improve solution by repack 0.4509194436979307->0.4486384708411717 , unplacedBoxesSize:6
currentRepackCostTime:287.556s , currentRepackMaxTime:293.015s
iter954		 Improve solution by repack 0.4486384708411717->0.4450910373555496 , unplacedBoxesSize:6
currentRepackCostTime:288.266s , currentRepackMaxTime:293.015s
Selecting boards with low utilization for repacking...
iter6		 Improve solution by repack 0.9282810400429992->0.9254595538833646 , unplacedBoxesSize:10
currentRepackCostTime:292.048s , currentRepackMaxTime:293.015s
iter8		 Improve solution by repack 0.9254595538833646->0.9015311744154798 , unplacedBoxesSize:12
currentRepackCostTime:292.068s , currentRepackMaxTime:293.015s
iter13		 Improve solution by repack 0.9015311744154798->0.8985014109110454 , unplacedBoxesSize:11
currentRepackCostTime:292.119s , currentRepackMaxTime:293.015s
iter14		 Improve solution by repack 0.8985014109110454->0.8984822628325718 , unplacedBoxesSize:11
currentRepackCostTime:292.129s , currentRepackMaxTime:293.015s
iter21		 Improve solution by repack 0.8984822628325718->0.8928466809997312 , unplacedBoxesSize:12
currentRepackCostTime:292.206s , currentRepackMaxTime:293.015s
iter26		 Improve solution by repack 0.8928466809997312->0.8908022037086805 , unplacedBoxesSize:12
currentRepackCostTime:292.259s , currentRepackMaxTime:293.015s
iter27		 Improve solution by repack 0.8908022037086805->0.8877123085192153 , unplacedBoxesSize:11
currentRepackCostTime:292.269s , currentRepackMaxTime:293.015s
iter31		 Improve solution by repack 0.8877123085192153->0.48814532383767806 , unplacedBoxesSize:7
currentRepackCostTime:292.313s , currentRepackMaxTime:293.015s
iter40		 Improve solution by repack 0.48814532383767806->0.4850480381617845 , unplacedBoxesSize:7
currentRepackCostTime:292.418s , currentRepackMaxTime:293.015s
iter49		 Improve solution by repack 0.4850480381617845->0.4839757457672669 , unplacedBoxesSize:7
currentRepackCostTime:292.559s , currentRepackMaxTime:293.015s
iter80		 Improve solution by repack 0.4839757457672669->0.48272809728567584 , unplacedBoxesSize:6
currentRepackCostTime:292.97s , currentRepackMaxTime:293.015s
Global repack result: 27 -> 26 boards.
Start nesting on the 1th large board, remaining blocks count: 270
Utilization of the 1th large board: 98.8214021768342, Time taken for this board: 44.035000000000004s
-------------------------------------------------------------------
Start nesting on the 2th large board, remaining blocks count: 250
Utilization of the 2th large board: 99.44593187315239, Time taken for this board: 61.687000000000005s
-------------------------------------------------------------------
Start nesting on the 3th large board, remaining blocks count: 234
Utilization of the 3th large board: 99.51723327062618, Time taken for this board: 79.49s
-------------------------------------------------------------------
Start nesting on the 4th large board, remaining blocks count: 215
Utilization of the 4th large board: 99.41131416285945, Time taken for this board: 94.051s
-------------------------------------------------------------------
Start nesting on the 5th large board, remaining blocks count: 202
Utilization of the 5th large board: 99.4277076054824, Time taken for this board: 107.099s
-------------------------------------------------------------------
Start nesting on the 6th large board, remaining blocks count: 182
Utilization of the 6th large board: 99.5240862671325, Time taken for this board: 120.17s
-------------------------------------------------------------------
Start nesting on the 7th large board, remaining blocks count: 170
Utilization of the 7th large board: 99.38818529965064, Time taken for this board: 134.674s
-------------------------------------------------------------------
Start nesting on the 8th large board, remaining blocks count: 150
Utilization of the 8th large board: 99.21573501746842, Time taken for this board: 148.799s
-------------------------------------------------------------------
Start nesting on the 9th large board, remaining blocks count: 132
Utilization of the 9th large board: 99.1750537489922, Time taken for this board: 159.764s
-------------------------------------------------------------------
Start nesting on the 10th large board, remaining blocks count: 118
Utilization of the 10th large board: 99.34063423810804, Time taken for this board: 163.826s
-------------------------------------------------------------------
Start nesting on the 11th large board, remaining blocks count: 90
Utilization of the 11th large board: 99.06483472184897, Time taken for this board: 166.377s
-------------------------------------------------------------------
Start nesting on the 12th large board, remaining blocks count: 70
Utilization of the 12th large board: 98.20854608976082, Time taken for this board: 168.54s
-------------------------------------------------------------------
Start nesting on the 13th large board, remaining blocks count: 54
Utilization of the 13th large board: 97.91111260413868, Time taken for this board: 169.755s
-------------------------------------------------------------------
Start nesting on the 14th large board, remaining blocks count: 31
Utilization of the 14th large board: 84.31732061273851, Time taken for this board: 170.317s
-------------------------------------------------------------------
Start global repack optimization for 14 boards, time=103.109s.
Start improving solution by repacking.
Selecting boards with low utilization for repacking...
Selecting boards with low utilization for repacking...
iter6		 Improve solution by repack 0.9791111260413867->0.8640909701693092 , unplacedBoxesSize:31
currentRepackCostTime:7.235s , currentRepackMaxTime:103.109s
iter22		 Improve solution by repack 0.8640909701693092->0.8636962510077937 , unplacedBoxesSize:28
currentRepackCostTime:8.767s , currentRepackMaxTime:103.109s
Selecting boards with low utilization for repacking...
iter2		 Improve solution by repack 0.9820854608976081->0.8746378661650094 , unplacedBoxesSize:23
currentRepackCostTime:21.417s , currentRepackMaxTime:103.109s
iter66		 Improve solution by repack 0.8746378661650094->0.8711979306638 , unplacedBoxesSize:25
currentRepackCostTime:25.729s , currentRepackMaxTime:103.109s
Selecting boards with low utilization for repacking...
iter3		 Improve solution by repack 0.9882140217683418->0.8813077801666218 , unplacedBoxesSize:30
currentRepackCostTime:34.36s , currentRepackMaxTime:103.109s
iter7		 Improve solution by repack 0.8813077801666218->0.8759792394517603 , unplacedBoxesSize:30
currentRepackCostTime:34.683s , currentRepackMaxTime:103.109s
iter53		 Improve solution by repack 0.8759792394517603->0.8741369927438861 , unplacedBoxesSize:29
currentRepackCostTime:38.583s , currentRepackMaxTime:103.109s
Selecting boards with low utilization for repacking...
iter2		 Improve solution by repack 0.9906483472184896->0.8872574576726686 , unplacedBoxesSize:26
currentRepackCostTime:49.403s , currentRepackMaxTime:103.109s
iter11		 Improve solution by repack 0.8872574576726686->0.8775943966675624 , unplacedBoxesSize:28
currentRepackCostTime:50.065s , currentRepackMaxTime:103.109s
Selecting boards with low utilization for repacking...
iter7		 Improve solution by repack 0.991750537489922->0.9098011287288363 , unplacedBoxesSize:13
currentRepackCostTime:65.211s , currentRepackMaxTime:103.109s
iter63		 Improve solution by repack 0.9098011287288363->0.8969843456060199 , unplacedBoxesSize:23
currentRepackCostTime:68.33s , currentRepackMaxTime:103.109s
iter140		 Improve solution by repack 0.8969843456060199->0.8851545283525935 , unplacedBoxesSize:22
currentRepackCostTime:74.35300000000001s , currentRepackMaxTime:103.109s
Selecting boards with low utilization for repacking...
iter27		 Improve solution by repack 0.9921573501746842->0.886473730180059 , unplacedBoxesSize:26
currentRepackCostTime:85.037s , currentRepackMaxTime:103.109s
iter58		 Improve solution by repack 0.886473730180059->0.8801572158022037 , unplacedBoxesSize:26
currentRepackCostTime:87.735s , currentRepackMaxTime:103.109s
iter90		 Improve solution by repack 0.8801572158022037->0.8705717549045956 , unplacedBoxesSize:22
currentRepackCostTime:89.999s , currentRepackMaxTime:103.109s
iter149		 Improve solution by repack 0.8705717549045956->0.8700836468691213 , unplacedBoxesSize:22
currentRepackCostTime:94.23s , currentRepackMaxTime:103.109s
Selecting boards with low utilization for repacking...
iter7		 Improve solution by repack 0.9934063423810804->0.8689982531577533 , unplacedBoxesSize:29
currentRepackCostTime:102.937s , currentRepackMaxTime:103.109s
Global repack result: 14 -> 14 boards.
