total number of nestable workpieces：504
Start priority-first combined packing.
Start nesting on the 1th large board, remaining blocks count: 3
Utilization of the 1th large board: 67.85998387530235, Time taken for this board: 0.007s
-------------------------------------------------------------------
Start nesting on the 2th large board, remaining blocks count: 2
Utilization of the 2th large board: 62.71015855952702, Time taken for this board: 0.012s
-------------------------------------------------------------------
Start nesting on the 3th large board, remaining blocks count: 2
Utilization of the 3th large board: 62.71015855952702, Time taken for this board: 0.012s
-------------------------------------------------------------------
Start nesting on the 4th large board, remaining blocks count: 2
Utilization of the 4th large board: 62.71015855952702, Time taken for this board: 0.013000000000000001s
-------------------------------------------------------------------
Start nesting on the 5th large board, remaining blocks count: 1
Utilization of the 5th large board: 53.940741736092455, Time taken for this board: 0.013000000000000001s
-------------------------------------------------------------------
Start global repack optimization for 5 boards, time=26.073s.
Start improving solution by repacking.
Selecting boards with low utilization for repacking...
Selecting boards with low utilization for repacking...
iter2		 Improve solution by repack 0.6271015855952701->0.5394074173609245 , unplacedBoxesSize:2
currentRepackCostTime:0.017s , currentRepackMaxTime:26.073s
Selecting boards with low utilization for repacking...
iter4		 Improve solution by repack 0.6271015855952701->0.5394074173609245 , unplacedBoxesSize:2
currentRepackCostTime:0.032s , currentRepackMaxTime:26.073s
Selecting boards with low utilization for repacking...
iter1		 Improve solution by repack 0.6271015855952701->0.5394074173609245 , unplacedBoxesSize:2
currentRepackCostTime:0.036000000000000004s , currentRepackMaxTime:26.073s
Selecting boards with low utilization for repacking...
iter1		 Improve solution by repack 0.6785998387530234->0.5394074173609245 , unplacedBoxesSize:2
currentRepackCostTime:0.04s , currentRepackMaxTime:26.073s
Selecting boards with low utilization for repacking...
All low-utilization boards have been repacked once. Restarting repacking process...
Selecting boards with low utilization for repacking...
Selecting boards with low utilization for repacking...
iter1		 Improve solution by repack 0.6271015855952701->0.5394074173609245 , unplacedBoxesSize:2
currentRepackCostTime:0.046s , currentRepackMaxTime:26.073s
Selecting boards with low utilization for repacking...
iter3		 Improve solution by repack 0.6271015855952701->0.5394074173609245 , unplacedBoxesSize:2
currentRepackCostTime:0.05s , currentRepackMaxTime:26.073s
Selecting boards with low utilization for repacking...
iter1		 Improve solution by repack 0.6271015855952701->0.5394074173609245 , unplacedBoxesSize:2
currentRepackCostTime:0.054s , currentRepackMaxTime:26.073s
Selecting boards with low utilization for repacking...
iter1		 Improve solution by repack 0.6271015855952701->0.5394074173609245 , unplacedBoxesSize:2
currentRepackCostTime:0.058s , currentRepackMaxTime:26.073s
Selecting boards with low utilization for repacking...
All low-utilization boards have been repacked once. Restarting repacking process...
Selecting boards with low utilization for repacking...
Selecting boards with low utilization for repacking...
iter1		 Improve solution by repack 0.6271015855952701->0.5394074173609245 , unplacedBoxesSize:2
currentRepackCostTime:0.067s , currentRepackMaxTime:26.073s
Selecting boards with low utilization for repacking...
iter1		 Improve solution by repack 0.6271015855952701->0.5394074173609245 , unplacedBoxesSize:2
currentRepackCostTime:0.07s , currentRepackMaxTime:26.073s
Selecting boards with low utilization for repacking...
iter1		 Improve solution by repack 0.6271015855952701->0.5394074173609245 , unplacedBoxesSize:2
currentRepackCostTime:0.073s , currentRepackMaxTime:26.073s
Selecting boards with low utilization for repacking...
iter1		 Improve solution by repack 0.6785998387530234->0.6271015855952701 , unplacedBoxesSize:2
currentRepackCostTime:0.076s , currentRepackMaxTime:26.073s
iter1		 Improve solution by repack 0.6271015855952701->0.5394074173609245 , unplacedBoxesSize:2
currentRepackCostTime:0.076s , currentRepackMaxTime:26.073s
Selecting boards with low utilization for repacking...
All low-utilization boards have been repacked once. Restarting repacking process...
Global repack result: 5 -> 5 boards.
Start nesting on the 1th large board, remaining blocks count: 87
Utilization of the 1th large board: 94.7826525127654, Time taken for this board: 0.151s
-------------------------------------------------------------------
Start nesting on the 2th large board, remaining blocks count: 87
Utilization of the 2th large board: 94.7826525127654, Time taken for this board: 0.311s
-------------------------------------------------------------------
Start nesting on the 3th large board, remaining blocks count: 86
Utilization of the 3th large board: 91.46954279763501, Time taken for this board: 0.486s
-------------------------------------------------------------------
Start nesting on the 4th large board, remaining blocks count: 85
Utilization of the 4th large board: 94.09691615157215, Time taken for this board: 0.668s
-------------------------------------------------------------------
Start nesting on the 5th large board, remaining blocks count: 85
Utilization of the 5th large board: 94.09691615157215, Time taken for this board: 0.835s
-------------------------------------------------------------------
Start nesting on the 6th large board, remaining blocks count: 82
Utilization of the 6th large board: 93.37338753023381, Time taken for this board: 1.061s
-------------------------------------------------------------------
Start nesting on the 7th large board, remaining blocks count: 82
Utilization of the 7th large board: 93.37338753023381, Time taken for this board: 1.2550000000000001s
-------------------------------------------------------------------
Start nesting on the 8th large board, remaining blocks count: 82
Utilization of the 8th large board: 93.37338753023381, Time taken for this board: 1.453s
-------------------------------------------------------------------
Start nesting on the 9th large board, remaining blocks count: 82
Utilization of the 9th large board: 93.37338753023381, Time taken for this board: 1.649s
-------------------------------------------------------------------
Start nesting on the 10th large board, remaining blocks count: 80
Utilization of the 10th large board: 92.3783593120129, Time taken for this board: 1.839s
-------------------------------------------------------------------
Start nesting on the 11th large board, remaining blocks count: 80
Utilization of the 11th large board: 92.3783593120129, Time taken for this board: 2.027s
-------------------------------------------------------------------
Start nesting on the 12th large board, remaining blocks count: 80
Utilization of the 12th large board: 92.3783593120129, Time taken for this board: 2.221s
-------------------------------------------------------------------
Start nesting on the 13th large board, remaining blocks count: 80
Utilization of the 13th large board: 92.3783593120129, Time taken for this board: 2.406s
-------------------------------------------------------------------
Start nesting on the 14th large board, remaining blocks count: 79
Utilization of the 14th large board: 90.26661011824777, Time taken for this board: 2.637s
-------------------------------------------------------------------
Start nesting on the 15th large board, remaining blocks count: 79
Utilization of the 15th large board: 90.26661011824777, Time taken for this board: 2.866s
-------------------------------------------------------------------
Start nesting on the 16th large board, remaining blocks count: 79
Utilization of the 16th large board: 90.26661011824777, Time taken for this board: 3.096s
-------------------------------------------------------------------
Start nesting on the 17th large board, remaining blocks count: 78
Utilization of the 17th large board: 95.32042797635044, Time taken for this board: 3.364s
-------------------------------------------------------------------
Start nesting on the 18th large board, remaining blocks count: 74
Utilization of the 18th large board: 95.31508667024994, Time taken for this board: 3.611s
-------------------------------------------------------------------
Start nesting on the 19th large board, remaining blocks count: 71
Utilization of the 19th large board: 84.02939398011287, Time taken for this board: 3.854s
-------------------------------------------------------------------
Start nesting on the 20th large board, remaining blocks count: 71
Utilization of the 20th large board: 84.02939398011287, Time taken for this board: 4.083s
-------------------------------------------------------------------
Start nesting on the 21th large board, remaining blocks count: 70
Utilization of the 21th large board: 95.48681470034936, Time taken for this board: 4.325s
-------------------------------------------------------------------
Start nesting on the 22th large board, remaining blocks count: 67
Utilization of the 22th large board: 95.24492743886053, Time taken for this board: 4.554s
-------------------------------------------------------------------
Start nesting on the 23th large board, remaining blocks count: 65
Utilization of the 23th large board: 94.86690405804892, Time taken for this board: 4.766s
-------------------------------------------------------------------
Start nesting on the 24th large board, remaining blocks count: 64
Utilization of the 24th large board: 95.51384036549315, Time taken for this board: 4.8500000000000005s
-------------------------------------------------------------------
Start nesting on the 25th large board, remaining blocks count: 64
Utilization of the 25th large board: 95.51384036549315, Time taken for this board: 4.9350000000000005s
-------------------------------------------------------------------
Start nesting on the 26th large board, remaining blocks count: 63
Utilization of the 26th large board: 94.69604944907283, Time taken for this board: 5.041s
-------------------------------------------------------------------
Start nesting on the 27th large board, remaining blocks count: 62
Utilization of the 27th large board: 96.71660843859179, Time taken for this board: 5.163s
-------------------------------------------------------------------
Start nesting on the 28th large board, remaining blocks count: 61
Utilization of the 28th large board: 93.7435669174953, Time taken for this board: 5.288s
-------------------------------------------------------------------
Start nesting on the 29th large board, remaining blocks count: 57
Utilization of the 29th large board: 92.35381953775867, Time taken for this board: 5.3950000000000005s
-------------------------------------------------------------------
Start nesting on the 30th large board, remaining blocks count: 56
Utilization of the 30th large board: 95.66490862671324, Time taken for this board: 5.502s
-------------------------------------------------------------------
Start nesting on the 31th large board, remaining blocks count: 55
Utilization of the 31th large board: 95.5538833646869, Time taken for this board: 5.652s
-------------------------------------------------------------------
Start nesting on the 32th large board, remaining blocks count: 53
Utilization of the 32th large board: 95.10850577801666, Time taken for this board: 5.7940000000000005s
-------------------------------------------------------------------
Start nesting on the 33th large board, remaining blocks count: 53
Utilization of the 33th large board: 95.10850577801666, Time taken for this board: 5.928s
-------------------------------------------------------------------
Start nesting on the 34th large board, remaining blocks count: 53
Utilization of the 34th large board: 95.10850577801666, Time taken for this board: 6.062s
-------------------------------------------------------------------
Start nesting on the 35th large board, remaining blocks count: 53
Utilization of the 35th large board: 95.10850577801666, Time taken for this board: 6.196s
-------------------------------------------------------------------
Start nesting on the 36th large board, remaining blocks count: 53
Utilization of the 36th large board: 95.10850577801666, Time taken for this board: 6.333s
-------------------------------------------------------------------
Start nesting on the 37th large board, remaining blocks count: 53
Utilization of the 37th large board: 95.37568865896263, Time taken for this board: 6.4670000000000005s
-------------------------------------------------------------------
Start nesting on the 38th large board, remaining blocks count: 49
Utilization of the 38th large board: 93.00900295619458, Time taken for this board: 6.591s
-------------------------------------------------------------------
Start nesting on the 39th large board, remaining blocks count: 46
Utilization of the 39th large board: 92.25907014243482, Time taken for this board: 6.688s
-------------------------------------------------------------------
Start nesting on the 40th large board, remaining blocks count: 44
Utilization of the 40th large board: 92.17764041924214, Time taken for this board: 6.781000000000001s
-------------------------------------------------------------------
Start nesting on the 41th large board, remaining blocks count: 44
Utilization of the 41th large board: 92.17764041924214, Time taken for this board: 6.875s
-------------------------------------------------------------------
Start nesting on the 42th large board, remaining blocks count: 44
Utilization of the 42th large board: 92.17764041924214, Time taken for this board: 6.9670000000000005s
-------------------------------------------------------------------
Start nesting on the 43th large board, remaining blocks count: 44
Utilization of the 43th large board: 92.17764041924214, Time taken for this board: 7.061s
-------------------------------------------------------------------
Start nesting on the 44th large board, remaining blocks count: 42
Utilization of the 44th large board: 92.12476484815909, Time taken for this board: 7.138s
-------------------------------------------------------------------
Start nesting on the 45th large board, remaining blocks count: 42
Utilization of the 45th large board: 92.12476484815909, Time taken for this board: 7.206s
-------------------------------------------------------------------
Start nesting on the 46th large board, remaining blocks count: 42
Utilization of the 46th large board: 89.63212174146734, Time taken for this board: 7.266s
-------------------------------------------------------------------
Start nesting on the 47th large board, remaining blocks count: 40
Utilization of the 47th large board: 86.05579817253427, Time taken for this board: 7.304s
-------------------------------------------------------------------
Start nesting on the 48th large board, remaining blocks count: 38
Utilization of the 48th large board: 86.02593388873957, Time taken for this board: 7.341s
-------------------------------------------------------------------
Start nesting on the 49th large board, remaining blocks count: 38
Utilization of the 49th large board: 85.71741467347486, Time taken for this board: 7.376s
-------------------------------------------------------------------
Start nesting on the 50th large board, remaining blocks count: 36
Utilization of the 50th large board: 84.65452835259339, Time taken for this board: 7.407s
-------------------------------------------------------------------
Start nesting on the 51th large board, remaining blocks count: 32
Utilization of the 51th large board: 83.90016124697662, Time taken for this board: 7.418s
-------------------------------------------------------------------
Start nesting on the 52th large board, remaining blocks count: 32
Utilization of the 52th large board: 82.94116165009406, Time taken for this board: 7.429s
-------------------------------------------------------------------
Start nesting on the 53th large board, remaining blocks count: 30
Utilization of the 53th large board: 95.53332437516796, Time taken for this board: 7.439s
-------------------------------------------------------------------
Start nesting on the 54th large board, remaining blocks count: 27
Utilization of the 54th large board: 90.18110051061542, Time taken for this board: 7.448s
-------------------------------------------------------------------
Start nesting on the 55th large board, remaining blocks count: 24
Utilization of the 55th large board: 97.05022171459285, Time taken for this board: 7.455s
-------------------------------------------------------------------
Start nesting on the 56th large board, remaining blocks count: 22
Utilization of the 56th large board: 96.82435837140552, Time taken for this board: 7.463s
-------------------------------------------------------------------
Start nesting on the 57th large board, remaining blocks count: 20
Utilization of the 57th large board: 96.81107229239453, Time taken for this board: 7.47s
-------------------------------------------------------------------
Start nesting on the 58th large board, remaining blocks count: 20
Utilization of the 58th large board: 96.81107229239453, Time taken for this board: 7.479s
-------------------------------------------------------------------
Start nesting on the 59th large board, remaining blocks count: 20
Utilization of the 59th large board: 96.81107229239453, Time taken for this board: 7.486s
-------------------------------------------------------------------
Start nesting on the 60th large board, remaining blocks count: 20
Utilization of the 60th large board: 96.81107229239453, Time taken for this board: 7.494s
-------------------------------------------------------------------
Start nesting on the 61th large board, remaining blocks count: 20
Utilization of the 61th large board: 96.81107229239453, Time taken for this board: 7.501s
-------------------------------------------------------------------
Start nesting on the 62th large board, remaining blocks count: 16
Utilization of the 62th large board: 92.95985622144585, Time taken for this board: 7.505s
-------------------------------------------------------------------
Start nesting on the 63th large board, remaining blocks count: 16
Utilization of the 63th large board: 94.25272104273044, Time taken for this board: 7.509s
-------------------------------------------------------------------
Start nesting on the 64th large board, remaining blocks count: 12
Utilization of the 64th large board: 94.40227761354475, Time taken for this board: 7.5120000000000005s
-------------------------------------------------------------------
Start nesting on the 65th large board, remaining blocks count: 12
Utilization of the 65th large board: 94.34913329750067, Time taken for this board: 7.516s
-------------------------------------------------------------------
Start nesting on the 66th large board, remaining blocks count: 10
Utilization of the 66th large board: 91.38175221714592, Time taken for this board: 7.519s
-------------------------------------------------------------------
Start nesting on the 67th large board, remaining blocks count: 4
Utilization of the 67th large board: 82.54309997312549, Time taken for this board: 7.5200000000000005s
-------------------------------------------------------------------
Start nesting on the 68th large board, remaining blocks count: 4
Utilization of the 68th large board: 72.43476216070948, Time taken for this board: 7.5200000000000005s
-------------------------------------------------------------------
Start nesting on the 69th large board, remaining blocks count: 4
Utilization of the 69th large board: 83.03413061005106, Time taken for this board: 7.5200000000000005s
-------------------------------------------------------------------
Start nesting on the 70th large board, remaining blocks count: 4
Utilization of the 70th large board: 72.43476216070948, Time taken for this board: 7.5200000000000005s
-------------------------------------------------------------------
Start nesting on the 71th large board, remaining blocks count: 4
Utilization of the 71th large board: 82.05206933619995, Time taken for this board: 7.5200000000000005s
-------------------------------------------------------------------
Start nesting on the 72th large board, remaining blocks count: 2
Utilization of the 72th large board: 81.07000806234883, Time taken for this board: 7.5200000000000005s
-------------------------------------------------------------------
Start nesting on the 73th large board, remaining blocks count: 2
Utilization of the 73th large board: 81.07000806234883, Time taken for this board: 7.5200000000000005s
-------------------------------------------------------------------
Start nesting on the 74th large board, remaining blocks count: 2
Utilization of the 74th large board: 57.90714861596345, Time taken for this board: 7.5200000000000005s
-------------------------------------------------------------------
Start global repack optimization for 74 boards, time=592.022s.
Start improving solution by repacking.
Selecting boards with low utilization for repacking...
iter4		 Improve solution by repack 0.5790714861596346->0.4779881080354743 , unplacedBoxesSize:4
currentRepackCostTime:0.021s , currentRepackMaxTime:592.022s
iter1		 Improve solution by repack 0.4779881080354743->0.4551142166084386 , unplacedBoxesSize:2
currentRepackCostTime:0.023s , currentRepackMaxTime:592.022s
iter18		 Improve solution by repack 0.4551142166084386->0.4389616366568127 , unplacedBoxesSize:3
currentRepackCostTime:0.077s , currentRepackMaxTime:592.022s
iter15		 Improve solution by repack 0.4389616366568127->0.4202912523515184 , unplacedBoxesSize:4
currentRepackCostTime:0.167s , currentRepackMaxTime:592.022s
iter1		 Improve solution by repack 0.4202912523515184->0.4179178984144047 , unplacedBoxesSize:3
currentRepackCostTime:0.17300000000000001s , currentRepackMaxTime:592.022s
iter1		 Improve solution by repack 0.4179178984144047->0.4104706396130072 , unplacedBoxesSize:4
currentRepackCostTime:0.18s , currentRepackMaxTime:592.022s
iter5		 Improve solution by repack 0.4104706396130072->0.3523531980650363 , unplacedBoxesSize:3
currentRepackCostTime:0.198s , currentRepackMaxTime:592.022s
iter2		 Improve solution by repack 0.3523531980650363->0.3474428916957807 , unplacedBoxesSize:3
currentRepackCostTime:0.20500000000000002s , currentRepackMaxTime:592.022s
iter9		 Improve solution by repack 0.3474428916957807->0.34043973394248855 , unplacedBoxesSize:3
currentRepackCostTime:0.26s , currentRepackMaxTime:592.022s
iter3		 Improve solution by repack 0.34043973394248855->0.28686038699274385 , unplacedBoxesSize:3
currentRepackCostTime:0.28600000000000003s , currentRepackMaxTime:592.022s
iter6		 Improve solution by repack 0.28686038699274385->0.23653890083310938 , unplacedBoxesSize:2
currentRepackCostTime:0.319s , currentRepackMaxTime:592.022s
iter12		 Improve solution by repack 0.23653890083310938->0.2316285944638538 , unplacedBoxesSize:2
currentRepackCostTime:0.362s , currentRepackMaxTime:592.022s
iter8		 Improve solution by repack 0.2316285944638538->0.19279914673474874 , unplacedBoxesSize:2
currentRepackCostTime:0.393s , currentRepackMaxTime:592.022s
iter3		 Improve solution by repack 0.19279914673474874->0.17389696990056436 , unplacedBoxesSize:3
currentRepackCostTime:0.40900000000000003s , currentRepackMaxTime:592.022s
iter2		 Improve solution by repack 0.17389696990056436->0.12072460360118248 , unplacedBoxesSize:1
currentRepackCostTime:0.418s , currentRepackMaxTime:592.022s
iter45		 Improve solution by repack 0.12072460360118248->0.103897137866165 , unplacedBoxesSize:1
currentRepackCostTime:0.582s , currentRepackMaxTime:592.022s
iter2		 Improve solution by repack 0.103897137866165->0.06919645256651437 , unplacedBoxesSize:1
currentRepackCostTime:0.592s , currentRepackMaxTime:592.022s
iter7		 Improve solution by repack 0.06919645256651437->0.06908626713249127 , unplacedBoxesSize:1
currentRepackCostTime:0.62s , currentRepackMaxTime:592.022s
iter5		 Improve solution by repack 0.06908626713249127->0.06768375436710561 , unplacedBoxesSize:2
currentRepackCostTime:0.636s , currentRepackMaxTime:592.022s
iter2		 Improve solution by repack 0.06768375436710561->0.06748018005912389 , unplacedBoxesSize:2
currentRepackCostTime:0.648s , currentRepackMaxTime:592.022s
iter2		 Improve solution by repack 0.06748018005912389->0.06656879871002418 , unplacedBoxesSize:2
currentRepackCostTime:0.66s , currentRepackMaxTime:592.022s
iter1		 Improve solution by repack 0.06656879871002418->0.06636522440204246 , unplacedBoxesSize:2
currentRepackCostTime:0.669s , currentRepackMaxTime:592.022s
iter4		 Improve solution by repack 0.06636522440204246->0.06095370868046224 , unplacedBoxesSize:1
currentRepackCostTime:0.678s , currentRepackMaxTime:592.022s
iter14		 Improve solution by repack 0.06095370868046224->0.0 , unplacedBoxesSize:0
currentRepackCostTime:0.725s , currentRepackMaxTime:592.022s
Improved success.
Global repack result: 74 -> 73 boards.
