total number of nestable workpieces：120
Start priority-first combined packing.
Start nesting on the 1th large board, remaining blocks count: 54
Utilization of the 1th large board: 98.264579414136, Time taken for this board: 0.13s
-------------------------------------------------------------------
Start nesting on the 2th large board, remaining blocks count: 54
Utilization of the 2th large board: 98.8520558989519, Time taken for this board: 0.247s
-------------------------------------------------------------------
Start nesting on the 3th large board, remaining blocks count: 53
Utilization of the 3th large board: 96.35279494759475, Time taken for this board: 0.34700000000000003s
-------------------------------------------------------------------
Start nesting on the 4th large board, remaining blocks count: 47
Utilization of the 4th large board: 95.52561475409836, Time taken for this board: 0.442s
-------------------------------------------------------------------
Start nesting on the 5th large board, remaining blocks count: 37
Utilization of the 5th large board: 84.0615090029562, Time taken for this board: 0.47300000000000003s
-------------------------------------------------------------------
Start nesting on the 6th large board, remaining blocks count: 32
Utilization of the 6th large board: 86.78742273582371, Time taken for this board: 0.482s
-------------------------------------------------------------------
Start nesting on the 7th large board, remaining blocks count: 29
Utilization of the 7th large board: 86.98783929051329, Time taken for this board: 0.486s
-------------------------------------------------------------------
Start nesting on the 8th large board, remaining blocks count: 26
Utilization of the 8th large board: 89.34305294275732, Time taken for this board: 0.493s
-------------------------------------------------------------------
Start nesting on the 9th large board, remaining blocks count: 16
Utilization of the 9th large board: 84.35951357162052, Time taken for this board: 0.494s
-------------------------------------------------------------------
Start nesting on the 10th large board, remaining blocks count: 6
Utilization of the 10th large board: 71.4168234345606, Time taken for this board: 0.494s
-------------------------------------------------------------------
Start nesting on the 1th large board, remaining blocks count: 29
Utilization of the 1th large board: 89.07786885245902, Time taken for this board: 0.008s
-------------------------------------------------------------------
Start nesting on the 2th large board, remaining blocks count: 27
Utilization of the 2th large board: 90.17443227626983, Time taken for this board: 0.015s
-------------------------------------------------------------------
Start nesting on the 3th large board, remaining blocks count: 22
Utilization of the 3th large board: 89.34567320612739, Time taken for this board: 0.023s
-------------------------------------------------------------------
Start nesting on the 4th large board, remaining blocks count: 10
Utilization of the 4th large board: 81.90251276538565, Time taken for this board: 0.026000000000000002s
-------------------------------------------------------------------
