total number of nestable workpieces：442
Start priority-first combined packing.
Start nesting on the 1th large board, remaining blocks count: 278
Utilization of the 1th large board: 99.33001881214727, Time taken for this board: 19.743000000000002s
-------------------------------------------------------------------
Start nesting on the 2th large board, remaining blocks count: 271
Utilization of the 2th large board: 98.3233048911583, Time taken for this board: 42.517s
-------------------------------------------------------------------
Start nesting on the 3th large board, remaining blocks count: 260
Utilization of the 3th large board: 98.38922668637464, Time taken for this board: 66.515s
-------------------------------------------------------------------
Start nesting on the 4th large board, remaining blocks count: 252
Utilization of the 4th large board: 98.47171459285138, Time taken for this board: 77.176s
-------------------------------------------------------------------
Start nesting on the 5th large board, remaining blocks count: 241
Utilization of the 5th large board: 98.03712039774256, Time taken for this board: 84.419s
-------------------------------------------------------------------
Start nesting on the 6th large board, remaining blocks count: 235
Utilization of the 6th large board: 99.01973595807578, Time taken for this board: 93.031s
-------------------------------------------------------------------
Start nesting on the 7th large board, remaining blocks count: 222
Utilization of the 7th large board: 98.02445579145392, Time taken for this board: 99.572s
-------------------------------------------------------------------
Start nesting on the 8th large board, remaining blocks count: 215
Utilization of the 8th large board: 98.94140016124699, Time taken for this board: 111.799s
-------------------------------------------------------------------
Start nesting on the 9th large board, remaining blocks count: 204
Utilization of the 9th large board: 97.59313692555764, Time taken for this board: 117.973s
-------------------------------------------------------------------
Start nesting on the 10th large board, remaining blocks count: 196
Utilization of the 10th large board: 98.23783929051329, Time taken for this board: 124.605s
-------------------------------------------------------------------
Start nesting on the 11th large board, remaining blocks count: 188
Utilization of the 11th large board: 97.95626175759203, Time taken for this board: 132.236s
-------------------------------------------------------------------
Start nesting on the 12th large board, remaining blocks count: 178
Utilization of the 12th large board: 98.39055361461972, Time taken for this board: 139.081s
-------------------------------------------------------------------
Start nesting on the 13th large board, remaining blocks count: 168
Utilization of the 13th large board: 98.19322762698198, Time taken for this board: 144.847s
-------------------------------------------------------------------
Start nesting on the 14th large board, remaining blocks count: 161
Utilization of the 14th large board: 98.02007188927706, Time taken for this board: 151.177s
-------------------------------------------------------------------
Start nesting on the 15th large board, remaining blocks count: 153
Utilization of the 15th large board: 98.9883095941951, Time taken for this board: 157.267s
-------------------------------------------------------------------
Start nesting on the 16th large board, remaining blocks count: 144
Utilization of the 16th large board: 97.72070679924752, Time taken for this board: 164.27700000000002s
-------------------------------------------------------------------
Start nesting on the 17th large board, remaining blocks count: 132
Utilization of the 17th large board: 99.47097554420854, Time taken for this board: 168.048s
-------------------------------------------------------------------
Start nesting on the 18th large board, remaining blocks count: 124
Utilization of the 18th large board: 99.264579414136, Time taken for this board: 169.725s
-------------------------------------------------------------------
Start nesting on the 19th large board, remaining blocks count: 110
Utilization of the 19th large board: 99.02267535608706, Time taken for this board: 171.12s
-------------------------------------------------------------------
Start nesting on the 20th large board, remaining blocks count: 100
Utilization of the 20th large board: 98.98073434560602, Time taken for this board: 172.18200000000002s
-------------------------------------------------------------------
Start nesting on the 21th large board, remaining blocks count: 88
Utilization of the 21th large board: 98.81977291050792, Time taken for this board: 173.28300000000002s
-------------------------------------------------------------------
Start nesting on the 22th large board, remaining blocks count: 70
Utilization of the 22th large board: 98.31046761623219, Time taken for this board: 173.87800000000001s
-------------------------------------------------------------------
Start nesting on the 23th large board, remaining blocks count: 60
Utilization of the 23th large board: 97.55660440741737, Time taken for this board: 174.339s
-------------------------------------------------------------------
Start nesting on the 24th large board, remaining blocks count: 46
Utilization of the 24th large board: 97.90578809459824, Time taken for this board: 174.614s
-------------------------------------------------------------------
Start nesting on the 25th large board, remaining blocks count: 34
Utilization of the 25th large board: 98.39230045686644, Time taken for this board: 174.809s
-------------------------------------------------------------------
Start nesting on the 26th large board, remaining blocks count: 22
Utilization of the 26th large board: 95.67008196721312, Time taken for this board: 174.855s
-------------------------------------------------------------------
Start nesting on the 27th large board, remaining blocks count: 10
Utilization of the 27th large board: 77.98473192690138, Time taken for this board: 174.866s
-------------------------------------------------------------------
Start global repack optimization for 27 boards, time=289.146s.
Start improving solution by repacking.
Selecting boards with low utilization for repacking...
iter52		 Improve solution by repack 0.7798473192690137->0.7617643106691749 , unplacedBoxesSize:9
currentRepackCostTime:0.894s , currentRepackMaxTime:289.146s
Selecting boards with low utilization for repacking...
iter16		 Improve solution by repack 0.975297131147541->0.8024477626981994 , unplacedBoxesSize:13
currentRepackCostTime:11.518s , currentRepackMaxTime:289.146s
iter19		 Improve solution by repack 0.8024477626981994->0.7819349637194302 , unplacedBoxesSize:16
currentRepackCostTime:11.85s , currentRepackMaxTime:289.146s
iter1		 Improve solution by repack 0.7819349637194302->0.7815479709755443 , unplacedBoxesSize:16
currentRepackCostTime:11.859s , currentRepackMaxTime:289.146s
iter23		 Improve solution by repack 0.7815479709755443->0.7743597151303412 , unplacedBoxesSize:15
currentRepackCostTime:12.375s , currentRepackMaxTime:289.146s
iter14		 Improve solution by repack 0.7743597151303412->0.7683727492609513 , unplacedBoxesSize:14
currentRepackCostTime:12.684000000000001s , currentRepackMaxTime:289.146s
iter82		 Improve solution by repack 0.7683727492609513->0.760920283525934 , unplacedBoxesSize:9
currentRepackCostTime:14.513s , currentRepackMaxTime:289.146s
Selecting boards with low utilization for repacking...
iter20		 Improve solution by repack 0.9755660440741736->0.7890550255307713 , unplacedBoxesSize:9
currentRepackCostTime:23.650000000000002s , currentRepackMaxTime:289.146s
iter7		 Improve solution by repack 0.7890550255307713->0.7833623353937115 , unplacedBoxesSize:10
currentRepackCostTime:23.746000000000002s , currentRepackMaxTime:289.146s
iter9		 Improve solution by repack 0.7833623353937115->0.7831087073367374 , unplacedBoxesSize:6
currentRepackCostTime:23.908s , currentRepackMaxTime:289.146s
iter10		 Improve solution by repack 0.7831087073367374->0.7810239183015318 , unplacedBoxesSize:11
currentRepackCostTime:24.054000000000002s , currentRepackMaxTime:289.146s
iter77		 Improve solution by repack 0.7810239183015318->0.7746160306369255 , unplacedBoxesSize:15
currentRepackCostTime:25.543s , currentRepackMaxTime:289.146s
iter3		 Improve solution by repack 0.7746160306369255->0.7741215399086266 , unplacedBoxesSize:16
currentRepackCostTime:25.623s , currentRepackMaxTime:289.146s
iter9		 Improve solution by repack 0.7741215399086266->0.7707237637731792 , unplacedBoxesSize:15
currentRepackCostTime:25.852s , currentRepackMaxTime:289.146s
iter3		 Improve solution by repack 0.7707237637731792->0.7704227694168234 , unplacedBoxesSize:15
currentRepackCostTime:25.934s , currentRepackMaxTime:289.146s
iter48		 Improve solution by repack 0.7704227694168234->0.770328876646063 , unplacedBoxesSize:13
currentRepackCostTime:27.169s , currentRepackMaxTime:289.146s
iter5		 Improve solution by repack 0.770328876646063->0.7689394651975276 , unplacedBoxesSize:13
currentRepackCostTime:27.249000000000002s , currentRepackMaxTime:289.146s
iter14		 Improve solution by repack 0.7689394651975276->0.7682931335662456 , unplacedBoxesSize:13
currentRepackCostTime:27.518s , currentRepackMaxTime:289.146s
iter124		 Improve solution by repack 0.7682931335662456->0.7657365291588282 , unplacedBoxesSize:18
currentRepackCostTime:30.135s , currentRepackMaxTime:289.146s
iter58		 Improve solution by repack 0.7657365291588282->0.7654664404729911 , unplacedBoxesSize:18
currentRepackCostTime:31.539s , currentRepackMaxTime:289.146s
iter30		 Improve solution by repack 0.7654664404729911->0.763949207202365 , unplacedBoxesSize:11
currentRepackCostTime:32.267s , currentRepackMaxTime:289.146s
iter2		 Improve solution by repack 0.763949207202365->0.7619772910507928 , unplacedBoxesSize:11
currentRepackCostTime:32.294000000000004s , currentRepackMaxTime:289.146s
Selecting boards with low utilization for repacking...
iter7		 Improve solution by repack 0.9714567656543939->0.797350510615426 , unplacedBoxesSize:20
currentRepackCostTime:44.058s , currentRepackMaxTime:289.146s
iter28		 Improve solution by repack 0.797350510615426->0.7921728030099436 , unplacedBoxesSize:19
currentRepackCostTime:44.929s , currentRepackMaxTime:289.146s
iter28		 Improve solution by repack 0.7921728030099436->0.7891883902176835 , unplacedBoxesSize:17
currentRepackCostTime:45.614000000000004s , currentRepackMaxTime:289.146s
iter15		 Improve solution by repack 0.7891883902176835->0.776397641762967 , unplacedBoxesSize:16
currentRepackCostTime:45.957s , currentRepackMaxTime:289.146s
iter3		 Improve solution by repack 0.776397641762967->0.7668741601719967 , unplacedBoxesSize:14
currentRepackCostTime:46.019s , currentRepackMaxTime:289.146s
Selecting boards with low utilization for repacking...
iter4		 Improve solution by repack 0.976332807041118->0.7918603869927439 , unplacedBoxesSize:9
currentRepackCostTime:58.791000000000004s , currentRepackMaxTime:289.146s
iter14		 Improve solution by repack 0.7918603869927439->0.7879301599032518 , unplacedBoxesSize:10
currentRepackCostTime:59.008s , currentRepackMaxTime:289.146s
iter16		 Improve solution by repack 0.7879301599032518->0.7862564297231928 , unplacedBoxesSize:7
currentRepackCostTime:59.298s , currentRepackMaxTime:289.146s
iter20		 Improve solution by repack 0.7862564297231928->0.7840110655737704 , unplacedBoxesSize:8
currentRepackCostTime:59.629s , currentRepackMaxTime:289.146s
iter7		 Improve solution by repack 0.7840110655737704->0.7837456799247514 , unplacedBoxesSize:8
currentRepackCostTime:59.76s , currentRepackMaxTime:289.146s
iter59		 Improve solution by repack 0.7837456799247514->0.7832296425692018 , unplacedBoxesSize:6
currentRepackCostTime:60.736000000000004s , currentRepackMaxTime:289.146s
iter124		 Improve solution by repack 0.7832296425692018->0.7787347151303412 , unplacedBoxesSize:9
currentRepackCostTime:62.587s , currentRepackMaxTime:289.146s
iter59		 Improve solution by repack 0.7787347151303412->0.7761416621875841 , unplacedBoxesSize:9
currentRepackCostTime:63.532000000000004s , currentRepackMaxTime:289.146s
iter30		 Improve solution by repack 0.7761416621875841->0.7755277479172265 , unplacedBoxesSize:10
currentRepackCostTime:64.074s , currentRepackMaxTime:289.146s
iter105		 Improve solution by repack 0.7755277479172265->0.7744351316850309 , unplacedBoxesSize:9
currentRepackCostTime:66.179s , currentRepackMaxTime:289.146s
iter91		 Improve solution by repack 0.7744351316850309->0.7732938054286482 , unplacedBoxesSize:10
currentRepackCostTime:67.773s , currentRepackMaxTime:289.146s
iter45		 Improve solution by repack 0.7732938054286482->0.7661760951357163 , unplacedBoxesSize:6
currentRepackCostTime:68.648s , currentRepackMaxTime:289.146s
iter156		 Improve solution by repack 0.7661760951357163->0.763886723998925 , unplacedBoxesSize:7
currentRepackCostTime:70.923s , currentRepackMaxTime:289.146s
Selecting boards with low utilization for repacking...
iter3		 Improve solution by repack 0.977402076054824->0.9745149153453373 , unplacedBoxesSize:17
currentRepackCostTime:82.297s , currentRepackMaxTime:289.146s
iter1		 Improve solution by repack 0.9745149153453373->0.7832993482934695 , unplacedBoxesSize:13
currentRepackCostTime:82.32600000000001s , currentRepackMaxTime:289.146s
iter13		 Improve solution by repack 0.7832993482934695->0.7771605415210964 , unplacedBoxesSize:13
currentRepackCostTime:82.575s , currentRepackMaxTime:289.146s
iter5		 Improve solution by repack 0.7771605415210964->0.7765331900026874 , unplacedBoxesSize:13
currentRepackCostTime:82.653s , currentRepackMaxTime:289.146s
iter83		 Improve solution by repack 0.7765331900026874->0.7749492743886053 , unplacedBoxesSize:11
currentRepackCostTime:84.397s , currentRepackMaxTime:289.146s
iter1		 Improve solution by repack 0.7749492743886053->0.7747881953775867 , unplacedBoxesSize:9
currentRepackCostTime:84.417s , currentRepackMaxTime:289.146s
iter58		 Improve solution by repack 0.7747881953775867->0.7694500806234883 , unplacedBoxesSize:11
currentRepackCostTime:85.446s , currentRepackMaxTime:289.146s
iter19		 Improve solution by repack 0.7694500806234883->0.7687051531846277 , unplacedBoxesSize:11
currentRepackCostTime:85.919s , currentRepackMaxTime:289.146s
iter26		 Improve solution by repack 0.7687051531846277->0.7658883700618113 , unplacedBoxesSize:7
currentRepackCostTime:86.417s , currentRepackMaxTime:289.146s
Selecting boards with low utilization for repacking...
iter6		 Improve solution by repack 0.9722258801397473->0.9684535407148617 , unplacedBoxesSize:14
currentRepackCostTime:94.261s , currentRepackMaxTime:289.146s
iter11		 Improve solution by repack 0.9684535407148617->0.7750204918032787 , unplacedBoxesSize:13
currentRepackCostTime:94.494s , currentRepackMaxTime:289.146s
iter24		 Improve solution by repack 0.7750204918032787->0.7726340365493147 , unplacedBoxesSize:13
currentRepackCostTime:94.94500000000001s , currentRepackMaxTime:289.146s
iter62		 Improve solution by repack 0.7726340365493147->0.7705270760548241 , unplacedBoxesSize:13
currentRepackCostTime:96.3s , currentRepackMaxTime:289.146s
iter46		 Improve solution by repack 0.7705270760548241->0.76870313759742 , unplacedBoxesSize:20
currentRepackCostTime:97.39s , currentRepackMaxTime:289.146s
iter33		 Improve solution by repack 0.76870313759742->0.7682889344262295 , unplacedBoxesSize:21
currentRepackCostTime:98.402s , currentRepackMaxTime:289.146s
iter25		 Improve solution by repack 0.7682889344262295->0.7641631953775867 , unplacedBoxesSize:19
currentRepackCostTime:99.136s , currentRepackMaxTime:289.146s
iter12		 Improve solution by repack 0.7641631953775867->0.7612704918032787 , unplacedBoxesSize:12
currentRepackCostTime:99.399s , currentRepackMaxTime:289.146s
iter14		 Improve solution by repack 0.7612704918032787->0.7574319739317388 , unplacedBoxesSize:12
currentRepackCostTime:99.666s , currentRepackMaxTime:289.146s
iter18		 Improve solution by repack 0.7574319739317388->0.7570019819940876 , unplacedBoxesSize:12
currentRepackCostTime:100.035s , currentRepackMaxTime:289.146s
iter1		 Improve solution by repack 0.7570019819940876->0.754964055361462 , unplacedBoxesSize:12
currentRepackCostTime:100.054s , currentRepackMaxTime:289.146s
iter28		 Improve solution by repack 0.754964055361462->0.749258599838753 , unplacedBoxesSize:12
currentRepackCostTime:100.666s , currentRepackMaxTime:289.146s
iter117		 Improve solution by repack 0.749258599838753->0.7463286079011019 , unplacedBoxesSize:11
currentRepackCostTime:103.104s , currentRepackMaxTime:289.146s
iter149		 Improve solution by repack 0.7463286079011019->0.7434345606019886 , unplacedBoxesSize:11
currentRepackCostTime:106.244s , currentRepackMaxTime:289.146s
iter20		 Improve solution by repack 0.7434345606019886->0.7431340701424348 , unplacedBoxesSize:11
currentRepackCostTime:106.566s , currentRepackMaxTime:289.146s
iter25		 Improve solution by repack 0.7431340701424348->0.7420003023380811 , unplacedBoxesSize:11
currentRepackCostTime:107.061s , currentRepackMaxTime:289.146s
iter132		 Improve solution by repack 0.7420003023380811->0.7414530704111798 , unplacedBoxesSize:10
currentRepackCostTime:109.447s , currentRepackMaxTime:289.146s
iter65		 Improve solution by repack 0.7414530704111798->0.7405139747379738 , unplacedBoxesSize:12
currentRepackCostTime:110.605s , currentRepackMaxTime:289.146s
iter30		 Improve solution by repack 0.7405139747379738->0.7402633700618113 , unplacedBoxesSize:11
currentRepackCostTime:111.186s , currentRepackMaxTime:289.146s
Selecting boards with low utilization for repacking...
iter9		 Improve solution by repack 0.9773545417898415->0.7694574711099167 , unplacedBoxesSize:15
currentRepackCostTime:122.806s , currentRepackMaxTime:289.146s
iter10		 Improve solution by repack 0.7694574711099167->0.7581597688793336 , unplacedBoxesSize:13
currentRepackCostTime:123.009s , currentRepackMaxTime:289.146s
iter9		 Improve solution by repack 0.7581597688793336->0.7566685702768072 , unplacedBoxesSize:16
currentRepackCostTime:123.179s , currentRepackMaxTime:289.146s
iter33		 Improve solution by repack 0.7566685702768072->0.7497594732598764 , unplacedBoxesSize:16
currentRepackCostTime:123.997s , currentRepackMaxTime:289.146s
iter24		 Improve solution by repack 0.7497594732598764->0.7481631281913464 , unplacedBoxesSize:16
currentRepackCostTime:124.456s , currentRepackMaxTime:289.146s
iter12		 Improve solution by repack 0.7481631281913464->0.7443313289438324 , unplacedBoxesSize:17
currentRepackCostTime:124.739s , currentRepackMaxTime:289.146s
iter50		 Improve solution by repack 0.7443313289438324->0.7381548978769148 , unplacedBoxesSize:16
currentRepackCostTime:125.955s , currentRepackMaxTime:289.146s
iter122		 Improve solution by repack 0.7381548978769148->0.7377025665143779 , unplacedBoxesSize:14
currentRepackCostTime:129.054s , currentRepackMaxTime:289.146s
iter109		 Improve solution by repack 0.7377025665143779->0.7372270558989519 , unplacedBoxesSize:15
currentRepackCostTime:131.494s , currentRepackMaxTime:289.146s
iter34		 Improve solution by repack 0.7372270558989519->0.7312127116366568 , unplacedBoxesSize:10
currentRepackCostTime:132.30100000000002s , currentRepackMaxTime:289.146s
iter258		 Improve solution by repack 0.7312127116366568->0.7312012899758129 , unplacedBoxesSize:11
currentRepackCostTime:137.061s , currentRepackMaxTime:289.146s
iter5		 Improve solution by repack 0.7312012899758129->0.7293516527815104 , unplacedBoxesSize:9
currentRepackCostTime:137.18s , currentRepackMaxTime:289.146s
iter92		 Improve solution by repack 0.7293516527815104->0.7292095538833646 , unplacedBoxesSize:9
currentRepackCostTime:138.773s , currentRepackMaxTime:289.146s
iter45		 Improve solution by repack 0.7292095538833646->0.7274909298575652 , unplacedBoxesSize:11
currentRepackCostTime:139.495s , currentRepackMaxTime:289.146s
iter134		 Improve solution by repack 0.7274909298575652->0.7236448535339963 , unplacedBoxesSize:13
currentRepackCostTime:142.324s , currentRepackMaxTime:289.146s
iter50		 Improve solution by repack 0.7236448535339963->0.7222544342918571 , unplacedBoxesSize:13
currentRepackCostTime:143.541s , currentRepackMaxTime:289.146s
iter62		 Improve solution by repack 0.7222544342918571->0.7201382356893309 , unplacedBoxesSize:8
currentRepackCostTime:145.012s , currentRepackMaxTime:289.146s
Selecting boards with low utilization for repacking...
iter16		 Improve solution by repack 0.9796832168771836->0.7349622077398549 , unplacedBoxesSize:10
currentRepackCostTime:156.638s , currentRepackMaxTime:289.146s
iter152		 Improve solution by repack 0.7349622077398549->0.7347423407686106 , unplacedBoxesSize:8
currentRepackCostTime:159.458s , currentRepackMaxTime:289.146s
iter43		 Improve solution by repack 0.7347423407686106->0.7329501478097286 , unplacedBoxesSize:9
currentRepackCostTime:160.097s , currentRepackMaxTime:289.146s
iter79		 Improve solution by repack 0.7329501478097286->0.7309002956194571 , unplacedBoxesSize:9
currentRepackCostTime:161.48s , currentRepackMaxTime:289.146s
Selecting boards with low utilization for repacking...
iter1		 Improve solution by repack 0.9810297970975543->0.9774140016124697 , unplacedBoxesSize:12
currentRepackCostTime:168.334s , currentRepackMaxTime:289.146s
iter16		 Improve solution by repack 0.9774140016124697->0.7807126780435366 , unplacedBoxesSize:10
currentRepackCostTime:168.64000000000001s , currentRepackMaxTime:289.146s
iter49		 Improve solution by repack 0.7807126780435366->0.7597588013974739 , unplacedBoxesSize:6
currentRepackCostTime:169.481s , currentRepackMaxTime:289.146s
iter72		 Improve solution by repack 0.7597588013974739->0.7550006718624026 , unplacedBoxesSize:7
currentRepackCostTime:170.437s , currentRepackMaxTime:289.146s
iter130		 Improve solution by repack 0.7550006718624026->0.7528031779091642 , unplacedBoxesSize:8
currentRepackCostTime:172.42600000000002s , currentRepackMaxTime:289.146s
iter28		 Improve solution by repack 0.7528031779091642->0.7508154729911314 , unplacedBoxesSize:11
currentRepackCostTime:172.84300000000002s , currentRepackMaxTime:289.146s
iter15		 Improve solution by repack 0.7508154729911314->0.7478831295350712 , unplacedBoxesSize:15
currentRepackCostTime:173.14600000000002s , currentRepackMaxTime:289.146s
iter25		 Improve solution by repack 0.7478831295350712->0.7473204447729106 , unplacedBoxesSize:13
currentRepackCostTime:173.737s , currentRepackMaxTime:289.146s
iter31		 Improve solution by repack 0.7473204447729106->0.7453233337812416 , unplacedBoxesSize:13
currentRepackCostTime:174.447s , currentRepackMaxTime:289.146s
iter1		 Improve solution by repack 0.7453233337812416->0.7446729709755442 , unplacedBoxesSize:14
currentRepackCostTime:174.484s , currentRepackMaxTime:289.146s
iter18		 Improve solution by repack 0.7446729709755442->0.7436828607901101 , unplacedBoxesSize:13
currentRepackCostTime:174.924s , currentRepackMaxTime:289.146s
iter29		 Improve solution by repack 0.7436828607901101->0.7418781913464122 , unplacedBoxesSize:12
currentRepackCostTime:175.586s , currentRepackMaxTime:289.146s
iter26		 Improve solution by repack 0.7418781913464122->0.7369144719161516 , unplacedBoxesSize:11
currentRepackCostTime:176.061s , currentRepackMaxTime:289.146s
iter345		 Improve solution by repack 0.7369144719161516->0.7338359983875302 , unplacedBoxesSize:13
currentRepackCostTime:182.514s , currentRepackMaxTime:289.146s
iter6		 Improve solution by repack 0.7338359983875302->0.7311472050524053 , unplacedBoxesSize:13
currentRepackCostTime:182.605s , currentRepackMaxTime:289.146s
iter118		 Improve solution by repack 0.7311472050524053->0.7308394920720236 , unplacedBoxesSize:12
currentRepackCostTime:185.043s , currentRepackMaxTime:289.146s
iter123		 Improve solution by repack 0.7308394920720236->0.7270972184896534 , unplacedBoxesSize:13
currentRepackCostTime:187.56900000000002s , currentRepackMaxTime:289.146s
iter42		 Improve solution by repack 0.7270972184896534->0.7267533929051331 , unplacedBoxesSize:13
currentRepackCostTime:188.541s , currentRepackMaxTime:289.146s
iter4		 Improve solution by repack 0.7267533929051331->0.7261997782854072 , unplacedBoxesSize:13
currentRepackCostTime:188.618s , currentRepackMaxTime:289.146s
iter64		 Improve solution by repack 0.7261997782854072->0.7258698938457403 , unplacedBoxesSize:13
currentRepackCostTime:189.93200000000002s , currentRepackMaxTime:289.146s
iter5		 Improve solution by repack 0.7258698938457403->0.7232165412523515 , unplacedBoxesSize:13
currentRepackCostTime:190.024s , currentRepackMaxTime:289.146s
iter59		 Improve solution by repack 0.7232165412523515->0.7206849637194302 , unplacedBoxesSize:13
currentRepackCostTime:191.201s , currentRepackMaxTime:289.146s
iter22		 Improve solution by repack 0.7206849637194302->0.7204555227089493 , unplacedBoxesSize:12
currentRepackCostTime:191.69400000000002s , currentRepackMaxTime:289.146s
iter11		 Improve solution by repack 0.7204555227089493->0.7180537825853266 , unplacedBoxesSize:13
currentRepackCostTime:191.919s , currentRepackMaxTime:289.146s
iter42		 Improve solution by repack 0.7180537825853266->0.7133354608976081 , unplacedBoxesSize:11
currentRepackCostTime:192.818s , currentRepackMaxTime:289.146s
iter265		 Improve solution by repack 0.7133354608976081->0.712523179252889 , unplacedBoxesSize:11
currentRepackCostTime:198.139s , currentRepackMaxTime:289.146s
iter58		 Improve solution by repack 0.712523179252889->0.7122221848965331 , unplacedBoxesSize:11
currentRepackCostTime:199.21s , currentRepackMaxTime:289.146s
Selecting boards with low utilization for repacking...
iter1		 Improve solution by repack 0.9818382625638269->0.8052595068529965 , unplacedBoxesSize:10
currentRepackCostTime:209.001s , currentRepackMaxTime:289.146s
iter4		 Improve solution by repack 0.8052595068529965->0.7913828607901102 , unplacedBoxesSize:7
currentRepackCostTime:209.09300000000002s , currentRepackMaxTime:289.146s
iter39		 Improve solution by repack 0.7913828607901102->0.7868779024455792 , unplacedBoxesSize:15
currentRepackCostTime:209.77s , currentRepackMaxTime:289.146s
iter3		 Improve solution by repack 0.7868779024455792->0.7732706732061274 , unplacedBoxesSize:10
currentRepackCostTime:209.83s , currentRepackMaxTime:289.146s
iter5		 Improve solution by repack 0.7732706732061274->0.7724183687180866 , unplacedBoxesSize:11
currentRepackCostTime:209.916s , currentRepackMaxTime:289.146s
iter18		 Improve solution by repack 0.7724183687180866->0.7638546425692018 , unplacedBoxesSize:13
currentRepackCostTime:210.232s , currentRepackMaxTime:289.146s
iter44		 Improve solution by repack 0.7638546425692018->0.7612792260145121 , unplacedBoxesSize:11
currentRepackCostTime:211.126s , currentRepackMaxTime:289.146s
iter23		 Improve solution by repack 0.7612792260145121->0.7586959150765923 , unplacedBoxesSize:10
currentRepackCostTime:211.553s , currentRepackMaxTime:289.146s
iter39		 Improve solution by repack 0.7586959150765923->0.7566633633431873 , unplacedBoxesSize:10
currentRepackCostTime:212.246s , currentRepackMaxTime:289.146s
iter39		 Improve solution by repack 0.7566633633431873->0.7544959352324645 , unplacedBoxesSize:10
currentRepackCostTime:212.91400000000002s , currentRepackMaxTime:289.146s
iter10		 Improve solution by repack 0.7544959352324645->0.7541626914807847 , unplacedBoxesSize:7
currentRepackCostTime:213.091s , currentRepackMaxTime:289.146s
iter345		 Improve solution by repack 0.7541626914807847->0.7539947729105079 , unplacedBoxesSize:10
currentRepackCostTime:217.866s , currentRepackMaxTime:289.146s
iter6		 Improve solution by repack 0.7539947729105079->0.7538817186240258 , unplacedBoxesSize:10
currentRepackCostTime:217.97400000000002s , currentRepackMaxTime:289.146s
iter96		 Improve solution by repack 0.7538817186240258->0.7516833848427842 , unplacedBoxesSize:10
currentRepackCostTime:219.733s , currentRepackMaxTime:289.146s
iter40		 Improve solution by repack 0.7516833848427842->0.7503149690943296 , unplacedBoxesSize:10
currentRepackCostTime:220.583s , currentRepackMaxTime:289.146s
iter136		 Improve solution by repack 0.7503149690943296->0.747215130341306 , unplacedBoxesSize:13
currentRepackCostTime:223.11700000000002s , currentRepackMaxTime:289.146s
iter1		 Improve solution by repack 0.747215130341306->0.7465620800859984 , unplacedBoxesSize:12
currentRepackCostTime:223.125s , currentRepackMaxTime:289.146s
iter10		 Improve solution by repack 0.7465620800859984->0.7449904595538834 , unplacedBoxesSize:9
currentRepackCostTime:223.332s , currentRepackMaxTime:289.146s
Selecting boards with low utilization for repacking...
iter12		 Improve solution by repack 0.9773254837409299->0.7714522305831766 , unplacedBoxesSize:11
currentRepackCostTime:234.37300000000002s , currentRepackMaxTime:289.146s
iter17		 Improve solution by repack 0.7714522305831766->0.7698180932545015 , unplacedBoxesSize:11
currentRepackCostTime:234.75s , currentRepackMaxTime:289.146s
iter43		 Improve solution by repack 0.7698180932545015->0.7689344262295082 , unplacedBoxesSize:16
currentRepackCostTime:235.548s , currentRepackMaxTime:289.146s
iter6		 Improve solution by repack 0.7689344262295082->0.760919779629132 , unplacedBoxesSize:7
currentRepackCostTime:235.668s , currentRepackMaxTime:289.146s
iter99		 Improve solution by repack 0.760919779629132->0.7588118113410374 , unplacedBoxesSize:18
currentRepackCostTime:237.328s , currentRepackMaxTime:289.146s
iter4		 Improve solution by repack 0.7588118113410374->0.7550320814297232 , unplacedBoxesSize:17
currentRepackCostTime:237.448s , currentRepackMaxTime:289.146s
iter13		 Improve solution by repack 0.7550320814297232->0.7519788027411987 , unplacedBoxesSize:14
currentRepackCostTime:237.768s , currentRepackMaxTime:289.146s
iter6		 Improve solution by repack 0.7519788027411987->0.746358841709218 , unplacedBoxesSize:11
currentRepackCostTime:237.89000000000001s , currentRepackMaxTime:289.146s
iter4		 Improve solution by repack 0.746358841709218->0.7459691615157216 , unplacedBoxesSize:10
currentRepackCostTime:237.973s , currentRepackMaxTime:289.146s
iter71		 Improve solution by repack 0.7459691615157216->0.7431013168503091 , unplacedBoxesSize:12
currentRepackCostTime:239.27s , currentRepackMaxTime:289.146s
iter2		 Improve solution by repack 0.7431013168503091->0.7402781510346682 , unplacedBoxesSize:9
currentRepackCostTime:239.306s , currentRepackMaxTime:289.146s
iter19		 Improve solution by repack 0.7402781510346682->0.7352035743079817 , unplacedBoxesSize:14
currentRepackCostTime:239.637s , currentRepackMaxTime:289.146s
iter49		 Improve solution by repack 0.7352035743079817->0.7308539707067992 , unplacedBoxesSize:11
currentRepackCostTime:240.69400000000002s , currentRepackMaxTime:289.146s
iter18		 Improve solution by repack 0.7308539707067992->0.7302130139747379 , unplacedBoxesSize:12
currentRepackCostTime:241.1s , currentRepackMaxTime:289.146s
iter33		 Improve solution by repack 0.7302130139747379->0.7288303211502284 , unplacedBoxesSize:12
currentRepackCostTime:241.848s , currentRepackMaxTime:289.146s
iter1		 Improve solution by repack 0.7288303211502284->0.7274242475141091 , unplacedBoxesSize:11
currentRepackCostTime:241.859s , currentRepackMaxTime:289.146s
iter15		 Improve solution by repack 0.7274242475141091->0.722414841440473 , unplacedBoxesSize:11
currentRepackCostTime:242.245s , currentRepackMaxTime:289.146s
iter11		 Improve solution by repack 0.722414841440473->0.7217698535339963 , unplacedBoxesSize:11
currentRepackCostTime:242.469s , currentRepackMaxTime:289.146s
iter24		 Improve solution by repack 0.7217698535339963->0.7157949811878527 , unplacedBoxesSize:12
currentRepackCostTime:242.941s , currentRepackMaxTime:289.146s
iter35		 Improve solution by repack 0.7157949811878527->0.7156771029293202 , unplacedBoxesSize:15
currentRepackCostTime:243.73600000000002s , currentRepackMaxTime:289.146s
iter46		 Improve solution by repack 0.7156771029293202->0.7129279763504435 , unplacedBoxesSize:15
currentRepackCostTime:244.85500000000002s , currentRepackMaxTime:289.146s
iter71		 Improve solution by repack 0.7129279763504435->0.71115627519484 , unplacedBoxesSize:14
currentRepackCostTime:246.62s , currentRepackMaxTime:289.146s
iter49		 Improve solution by repack 0.71115627519484->0.708272641762967 , unplacedBoxesSize:12
currentRepackCostTime:247.732s , currentRepackMaxTime:289.146s
iter4		 Improve solution by repack 0.708272641762967->0.7078748992206396 , unplacedBoxesSize:12
currentRepackCostTime:247.81900000000002s , currentRepackMaxTime:289.146s
Selecting boards with low utilization for repacking...
iter4		 Improve solution by repack 0.9819322762698199->0.7303507121741467 , unplacedBoxesSize:16
currentRepackCostTime:256.517s , currentRepackMaxTime:289.146s
iter21		 Improve solution by repack 0.7303507121741467->0.7255724267669981 , unplacedBoxesSize:11
currentRepackCostTime:256.983s , currentRepackMaxTime:289.146s
iter38		 Improve solution by repack 0.7255724267669981->0.7241929252889008 , unplacedBoxesSize:10
currentRepackCostTime:257.754s , currentRepackMaxTime:289.146s
iter42		 Improve solution by repack 0.7241929252889008->0.7210459217952164 , unplacedBoxesSize:9
currentRepackCostTime:258.461s , currentRepackMaxTime:289.146s
iter60		 Improve solution by repack 0.7210459217952164->0.7182440876108572 , unplacedBoxesSize:14
currentRepackCostTime:259.454s , currentRepackMaxTime:289.146s
iter36		 Improve solution by repack 0.7182440876108572->0.71803648212846 , unplacedBoxesSize:15
currentRepackCostTime:260.279s , currentRepackMaxTime:289.146s
iter257		 Improve solution by repack 0.71803648212846->0.7163220572426767 , unplacedBoxesSize:14
currentRepackCostTime:266.479s , currentRepackMaxTime:289.146s
iter74		 Improve solution by repack 0.7163220572426767->0.7154770223058318 , unplacedBoxesSize:16
currentRepackCostTime:268.176s , currentRepackMaxTime:289.146s
iter21		 Improve solution by repack 0.7154770223058318->0.7146733069067456 , unplacedBoxesSize:16
currentRepackCostTime:268.802s , currentRepackMaxTime:289.146s
iter55		 Improve solution by repack 0.7146733069067456->0.7135929521633969 , unplacedBoxesSize:14
currentRepackCostTime:270.424s , currentRepackMaxTime:289.146s
iter19		 Improve solution by repack 0.7135929521633969->0.7104630811609781 , unplacedBoxesSize:14
currentRepackCostTime:271.00100000000003s , currentRepackMaxTime:289.146s
iter19		 Improve solution by repack 0.7104630811609781->0.7102104608976081 , unplacedBoxesSize:14
currentRepackCostTime:271.529s , currentRepackMaxTime:289.146s
iter30		 Improve solution by repack 0.7102104608976081->0.7098234681537222 , unplacedBoxesSize:14
currentRepackCostTime:272.361s , currentRepackMaxTime:289.146s
iter5		 Improve solution by repack 0.7098234681537222->0.7056464995968826 , unplacedBoxesSize:12
currentRepackCostTime:272.459s , currentRepackMaxTime:289.146s
iter16		 Improve solution by repack 0.7056464995968826->0.7042342448266594 , unplacedBoxesSize:13
currentRepackCostTime:272.788s , currentRepackMaxTime:289.146s
iter19		 Improve solution by repack 0.7042342448266594->0.7041558048911583 , unplacedBoxesSize:10
currentRepackCostTime:273.19s , currentRepackMaxTime:289.146s
iter264		 Improve solution by repack 0.7041558048911583->0.6971738108035475 , unplacedBoxesSize:10
currentRepackCostTime:278.361s , currentRepackMaxTime:289.146s
iter52		 Improve solution by repack 0.6971738108035475->0.6905480717549046 , unplacedBoxesSize:10
currentRepackCostTime:279.503s , currentRepackMaxTime:289.146s
iter31		 Improve solution by repack 0.6905480717549046->0.6890457874227358 , unplacedBoxesSize:10
currentRepackCostTime:280.037s , currentRepackMaxTime:289.146s
iter154		 Improve solution by repack 0.6890457874227358->0.6889960696049449 , unplacedBoxesSize:10
currentRepackCostTime:283.0s , currentRepackMaxTime:289.146s
Global repack result: 27 -> 27 boards.
Start nesting on the 1th large board, remaining blocks count: 183
Utilization of the 1th large board: 98.7348159097017, Time taken for this board: 7.922000000000001s
-------------------------------------------------------------------
Start nesting on the 2th large board, remaining blocks count: 173
Utilization of the 2th large board: 99.11482128460092, Time taken for this board: 18.159s
-------------------------------------------------------------------
Start nesting on the 3th large board, remaining blocks count: 163
Utilization of the 3th large board: 98.54205858640151, Time taken for this board: 28.039s
-------------------------------------------------------------------
Start nesting on the 4th large board, remaining blocks count: 148
Utilization of the 4th large board: 99.56436441816716, Time taken for this board: 36.014s
-------------------------------------------------------------------
Start nesting on the 5th large board, remaining blocks count: 140
Utilization of the 5th large board: 98.35037624294546, Time taken for this board: 45.992000000000004s
-------------------------------------------------------------------
Start nesting on the 6th large board, remaining blocks count: 127
Utilization of the 6th large board: 98.88798794006988, Time taken for this board: 49.159s
-------------------------------------------------------------------
Start nesting on the 7th large board, remaining blocks count: 110
Utilization of the 7th large board: 99.53781611126043, Time taken for this board: 52.072s
-------------------------------------------------------------------
Start nesting on the 8th large board, remaining blocks count: 95
Utilization of the 8th large board: 98.54549146734749, Time taken for this board: 55.267s
-------------------------------------------------------------------
Start nesting on the 9th large board, remaining blocks count: 78
Utilization of the 9th large board: 97.92209755442086, Time taken for this board: 57.146s
-------------------------------------------------------------------
Start nesting on the 10th large board, remaining blocks count: 58
Utilization of the 10th large board: 98.90287254770223, Time taken for this board: 57.611000000000004s
-------------------------------------------------------------------
Start nesting on the 11th large board, remaining blocks count: 40
Utilization of the 11th large board: 97.93044023783929, Time taken for this board: 57.887s
-------------------------------------------------------------------
Start nesting on the 12th large board, remaining blocks count: 22
Utilization of the 12th large board: 89.8310934560602, Time taken for this board: 57.958s
-------------------------------------------------------------------
Start global repack optimization for 12 boards, time=74.116s.
Start improving solution by repacking.
Selecting boards with low utilization for repacking...
iter24		 Improve solution by repack 0.8983109345606021->0.8983010951357162 , unplacedBoxesSize:14
currentRepackCostTime:0.634s , currentRepackMaxTime:74.116s
iter58		 Improve solution by repack 0.8983010951357162->0.8967084453104004 , unplacedBoxesSize:13
currentRepackCostTime:2.3770000000000002s , currentRepackMaxTime:74.116s
iter6		 Improve solution by repack 0.8967084453104004->0.8946089727223865 , unplacedBoxesSize:13
currentRepackCostTime:2.504s , currentRepackMaxTime:74.116s
iter36		 Improve solution by repack 0.8946089727223865->0.8933092582639075 , unplacedBoxesSize:18
currentRepackCostTime:3.495s , currentRepackMaxTime:74.116s
iter3		 Improve solution by repack 0.8933092582639075->0.8876541924213921 , unplacedBoxesSize:20
currentRepackCostTime:3.613s , currentRepackMaxTime:74.116s
iter25		 Improve solution by repack 0.8876541924213921->0.8861062180865359 , unplacedBoxesSize:19
currentRepackCostTime:4.6450000000000005s , currentRepackMaxTime:74.116s
iter32		 Improve solution by repack 0.8861062180865359->0.8844158089223327 , unplacedBoxesSize:17
currentRepackCostTime:5.8790000000000004s , currentRepackMaxTime:74.116s
Selecting boards with low utilization for repacking...
iter3		 Improve solution by repack 0.9792209755442085->0.9025275429991938 , unplacedBoxesSize:18
currentRepackCostTime:8.851s , currentRepackMaxTime:74.116s
iter28		 Improve solution by repack 0.9025275429991938->0.9001928211502285 , unplacedBoxesSize:18
currentRepackCostTime:9.796s , currentRepackMaxTime:74.116s
iter61		 Improve solution by repack 0.9001928211502285->0.8994742676699812 , unplacedBoxesSize:19
currentRepackCostTime:11.903s , currentRepackMaxTime:74.116s
iter64		 Improve solution by repack 0.8994742676699812->0.8981169830018813 , unplacedBoxesSize:19
currentRepackCostTime:14.164s , currentRepackMaxTime:74.116s
iter9		 Improve solution by repack 0.8981169830018813->0.8950532904461166 , unplacedBoxesSize:21
currentRepackCostTime:14.517s , currentRepackMaxTime:74.116s
iter38		 Improve solution by repack 0.8950532904461166->0.8944329481322225 , unplacedBoxesSize:21
currentRepackCostTime:16.03s , currentRepackMaxTime:74.116s
iter16		 Improve solution by repack 0.8944329481322225->0.8919010346680999 , unplacedBoxesSize:15
currentRepackCostTime:16.663s , currentRepackMaxTime:74.116s
iter16		 Improve solution by repack 0.8919010346680999->0.8914971479441011 , unplacedBoxesSize:16
currentRepackCostTime:17.178s , currentRepackMaxTime:74.116s
iter45		 Improve solution by repack 0.8914971479441011->0.8888432914539102 , unplacedBoxesSize:15
currentRepackCostTime:18.565s , currentRepackMaxTime:74.116s
iter24		 Improve solution by repack 0.8888432914539102->0.8877548743617307 , unplacedBoxesSize:15
currentRepackCostTime:19.261s , currentRepackMaxTime:74.116s
Selecting boards with low utilization for repacking...
iter5		 Improve solution by repack 0.9793044023783929->0.9367394416823435 , unplacedBoxesSize:18
currentRepackCostTime:21.955000000000002s , currentRepackMaxTime:74.116s
iter13		 Improve solution by repack 0.9367394416823435->0.9354223444638539 , unplacedBoxesSize:23
currentRepackCostTime:22.396s , currentRepackMaxTime:74.116s
iter4		 Improve solution by repack 0.9354223444638539->0.9305144450416555 , unplacedBoxesSize:25
currentRepackCostTime:22.594s , currentRepackMaxTime:74.116s
iter1		 Improve solution by repack 0.9305144450416555->0.9229105012093524 , unplacedBoxesSize:24
currentRepackCostTime:22.627s , currentRepackMaxTime:74.116s
iter2		 Improve solution by repack 0.9229105012093524->0.9226975208277345 , unplacedBoxesSize:26
currentRepackCostTime:22.685s , currentRepackMaxTime:74.116s
iter1		 Improve solution by repack 0.9226975208277345->0.9158378056973933 , unplacedBoxesSize:22
currentRepackCostTime:22.696s , currentRepackMaxTime:74.116s
iter13		 Improve solution by repack 0.9158378056973933->0.9129440909701693 , unplacedBoxesSize:23
currentRepackCostTime:23.177s , currentRepackMaxTime:74.116s
iter3		 Improve solution by repack 0.9129440909701693->0.910867703574308 , unplacedBoxesSize:22
currentRepackCostTime:23.299s , currentRepackMaxTime:74.116s
iter4		 Improve solution by repack 0.910867703574308->0.9059016359849503 , unplacedBoxesSize:20
currentRepackCostTime:23.514s , currentRepackMaxTime:74.116s
iter1		 Improve solution by repack 0.9059016359849503->0.9016104541789841 , unplacedBoxesSize:26
currentRepackCostTime:23.57s , currentRepackMaxTime:74.116s
iter12		 Improve solution by repack 0.9016104541789841->0.8964237402579952 , unplacedBoxesSize:21
currentRepackCostTime:24.057000000000002s , currentRepackMaxTime:74.116s
iter14		 Improve solution by repack 0.8964237402579952->0.8897855751142165 , unplacedBoxesSize:20
currentRepackCostTime:24.539s , currentRepackMaxTime:74.116s
iter49		 Improve solution by repack 0.8897855751142165->0.8889217700214996 , unplacedBoxesSize:20
currentRepackCostTime:26.274s , currentRepackMaxTime:74.116s
iter47		 Improve solution by repack 0.8889217700214996->0.8857600829750066 , unplacedBoxesSize:20
currentRepackCostTime:27.843s , currentRepackMaxTime:74.116s
Selecting boards with low utilization for repacking...
iter5		 Improve solution by repack 0.9835037624294545->0.9315291588282719 , unplacedBoxesSize:16
currentRepackCostTime:31.242s , currentRepackMaxTime:74.116s
iter5		 Improve solution by repack 0.9315291588282719->0.9300859983875303 , unplacedBoxesSize:16
currentRepackCostTime:31.384s , currentRepackMaxTime:74.116s
iter4		 Improve solution by repack 0.9300859983875303->0.9163642166084387 , unplacedBoxesSize:20
currentRepackCostTime:31.517s , currentRepackMaxTime:74.116s
iter9		 Improve solution by repack 0.9163642166084387->0.9139908626713248 , unplacedBoxesSize:16
currentRepackCostTime:31.803s , currentRepackMaxTime:74.116s
iter1		 Improve solution by repack 0.9139908626713248->0.9078517166084386 , unplacedBoxesSize:19
currentRepackCostTime:31.810000000000002s , currentRepackMaxTime:74.116s
iter13		 Improve solution by repack 0.9078517166084386->0.9016717095538834 , unplacedBoxesSize:18
currentRepackCostTime:32.18s , currentRepackMaxTime:74.116s
iter22		 Improve solution by repack 0.9016717095538834->0.8939295031577533 , unplacedBoxesSize:15
currentRepackCostTime:33.056s , currentRepackMaxTime:74.116s
Selecting boards with low utilization for repacking...
iter5		 Improve solution by repack 0.985420585864015->0.9174576693093254 , unplacedBoxesSize:19
currentRepackCostTime:35.469s , currentRepackMaxTime:74.116s
Selecting boards with low utilization for repacking...
iter6		 Improve solution by repack 0.9854549146734748->0.9247453574307982 , unplacedBoxesSize:14
currentRepackCostTime:40.17s , currentRepackMaxTime:74.116s
iter24		 Improve solution by repack 0.9247453574307982->0.9237358875302338 , unplacedBoxesSize:18
currentRepackCostTime:40.859s , currentRepackMaxTime:74.116s
iter7		 Improve solution by repack 0.9237358875302338->0.919640378930395 , unplacedBoxesSize:19
currentRepackCostTime:41.154s , currentRepackMaxTime:74.116s
iter36		 Improve solution by repack 0.919640378930395->0.9170933485622145 , unplacedBoxesSize:19
currentRepackCostTime:42.31s , currentRepackMaxTime:74.116s
iter17		 Improve solution by repack 0.9170933485622145->0.9115988578339156 , unplacedBoxesSize:23
currentRepackCostTime:42.799s , currentRepackMaxTime:74.116s
iter32		 Improve solution by repack 0.9115988578339156->0.9112001108572965 , unplacedBoxesSize:26
currentRepackCostTime:44.153s , currentRepackMaxTime:74.116s
iter15		 Improve solution by repack 0.9112001108572965->0.9085821502956194 , unplacedBoxesSize:23
currentRepackCostTime:44.941s , currentRepackMaxTime:74.116s
iter35		 Improve solution by repack 0.9085821502956194->0.9054374983203439 , unplacedBoxesSize:23
currentRepackCostTime:46.335s , currentRepackMaxTime:74.116s
iter7		 Improve solution by repack 0.9054374983203439->0.9040225561005107 , unplacedBoxesSize:22
currentRepackCostTime:46.643s , currentRepackMaxTime:74.116s
Selecting boards with low utilization for repacking...
iter5		 Improve solution by repack 0.9873481590970169->0.9344183284063423 , unplacedBoxesSize:15
currentRepackCostTime:50.014s , currentRepackMaxTime:74.116s
iter8		 Improve solution by repack 0.9344183284063423->0.9326630878796022 , unplacedBoxesSize:16
currentRepackCostTime:50.306000000000004s , currentRepackMaxTime:74.116s
iter2		 Improve solution by repack 0.9326630878796022->0.9289722117710293 , unplacedBoxesSize:18
currentRepackCostTime:50.342s , currentRepackMaxTime:74.116s
iter6		 Improve solution by repack 0.9289722117710293->0.9280934123891427 , unplacedBoxesSize:18
currentRepackCostTime:50.561s , currentRepackMaxTime:74.116s
iter14		 Improve solution by repack 0.9280934123891427->0.9238886354474604 , unplacedBoxesSize:17
currentRepackCostTime:51.071s , currentRepackMaxTime:74.116s
iter2		 Improve solution by repack 0.9238886354474604->0.9187716642031712 , unplacedBoxesSize:16
currentRepackCostTime:51.127s , currentRepackMaxTime:74.116s
iter1		 Improve solution by repack 0.9187716642031712->0.9136191547970975 , unplacedBoxesSize:15
currentRepackCostTime:51.158s , currentRepackMaxTime:74.116s
iter3		 Improve solution by repack 0.9136191547970975->0.9094603265251276 , unplacedBoxesSize:20
currentRepackCostTime:51.205s , currentRepackMaxTime:74.116s
iter10		 Improve solution by repack 0.9094603265251276->0.9084588181940338 , unplacedBoxesSize:15
currentRepackCostTime:51.592s , currentRepackMaxTime:74.116s
iter43		 Improve solution by repack 0.9084588181940338->0.9039290513302877 , unplacedBoxesSize:16
currentRepackCostTime:52.953s , currentRepackMaxTime:74.116s
iter22		 Improve solution by repack 0.9039290513302877->0.903584385917764 , unplacedBoxesSize:19
currentRepackCostTime:53.572s , currentRepackMaxTime:74.116s
iter1		 Improve solution by repack 0.903584385917764->0.8973305680596614 , unplacedBoxesSize:17
currentRepackCostTime:53.61s , currentRepackMaxTime:74.116s
iter30		 Improve solution by repack 0.8973305680596614->0.8950831883230314 , unplacedBoxesSize:17
currentRepackCostTime:54.626s , currentRepackMaxTime:74.116s
iter54		 Improve solution by repack 0.8950831883230314->0.8926524086267132 , unplacedBoxesSize:20
currentRepackCostTime:56.554s , currentRepackMaxTime:74.116s
iter38		 Improve solution by repack 0.8926524086267132->0.890010917764042 , unplacedBoxesSize:18
currentRepackCostTime:58.034s , currentRepackMaxTime:74.116s
iter29		 Improve solution by repack 0.890010917764042->0.888226038027412 , unplacedBoxesSize:18
currentRepackCostTime:58.929s , currentRepackMaxTime:74.116s
iter11		 Improve solution by repack 0.888226038027412->0.8874798441279226 , unplacedBoxesSize:18
currentRepackCostTime:59.336s , currentRepackMaxTime:74.116s
Selecting boards with low utilization for repacking...
iter2		 Improve solution by repack 0.9888798794006988->0.9137600745767267 , unplacedBoxesSize:20
currentRepackCostTime:63.4s , currentRepackMaxTime:74.116s
iter7		 Improve solution by repack 0.9137600745767267->0.9097462459688256 , unplacedBoxesSize:20
currentRepackCostTime:63.619s , currentRepackMaxTime:74.116s
iter14		 Improve solution by repack 0.9097462459688256->0.9059662540311744 , unplacedBoxesSize:20
currentRepackCostTime:63.955s , currentRepackMaxTime:74.116s
iter5		 Improve solution by repack 0.9059662540311744->0.9049518392233271 , unplacedBoxesSize:17
currentRepackCostTime:64.146s , currentRepackMaxTime:74.116s
iter34		 Improve solution by repack 0.9049518392233271->0.9019954313356625 , unplacedBoxesSize:17
currentRepackCostTime:65.45100000000001s , currentRepackMaxTime:74.116s
iter44		 Improve solution by repack 0.9019954313356625->0.8980573098629401 , unplacedBoxesSize:18
currentRepackCostTime:66.87s , currentRepackMaxTime:74.116s
iter38		 Improve solution by repack 0.8980573098629401->0.897139545821016 , unplacedBoxesSize:17
currentRepackCostTime:68.20400000000001s , currentRepackMaxTime:74.116s
iter9		 Improve solution by repack 0.897139545821016->0.8957776807309863 , unplacedBoxesSize:17
currentRepackCostTime:68.408s , currentRepackMaxTime:74.116s
iter10		 Improve solution by repack 0.8957776807309863->0.8907118382155336 , unplacedBoxesSize:17
currentRepackCostTime:68.752s , currentRepackMaxTime:74.116s
Selecting boards with low utilization for repacking...
iter11		 Improve solution by repack 0.9890287254770224->0.9885060165278151 , unplacedBoxesSize:11
currentRepackCostTime:72.699s , currentRepackMaxTime:74.116s
iter3		 Improve solution by repack 0.9885060165278151->0.935178372749261 , unplacedBoxesSize:10
currentRepackCostTime:72.82300000000001s , currentRepackMaxTime:74.116s
iter13		 Improve solution by repack 0.935178372749261->0.9314961082370331 , unplacedBoxesSize:13
currentRepackCostTime:73.123s , currentRepackMaxTime:74.116s
iter13		 Improve solution by repack 0.9314961082370331->0.9253431923542058 , unplacedBoxesSize:13
currentRepackCostTime:73.526s , currentRepackMaxTime:74.116s
iter13		 Improve solution by repack 0.9253431923542058->0.9219376444504166 , unplacedBoxesSize:21
currentRepackCostTime:73.974s , currentRepackMaxTime:74.116s
iter3		 Improve solution by repack 0.9219376444504166->0.9166951021230852 , unplacedBoxesSize:25
currentRepackCostTime:74.121s , currentRepackMaxTime:74.116s
Global repack result: 12 -> 12 boards.
