total number of nestable workpieces：428
Processing color group: 0 (1/2), boxes: 162
Allocated time: 227.1s
searchTime: 1000
Start nesting on the 1th large board, remaining blocks count: 193
Utilization of the 1th large board: 98.8949207202365, Time taken for this board: 1.0030000000000001s
-------------------------------------------------------------------
Start nesting on the 2th large board, remaining blocks count: 183
Utilization of the 2th large board: 99.23730180059124, Time taken for this board: 2.004s
-------------------------------------------------------------------
Start nesting on the 3th large board, remaining blocks count: 174
Utilization of the 3th large board: 99.31906745498523, Time taken for this board: 3.0060000000000002s
-------------------------------------------------------------------
Start nesting on the 4th large board, remaining blocks count: 165
Utilization of the 4th large board: 99.48834318731524, Time taken for this board: 4.009s
-------------------------------------------------------------------
Start nesting on the 5th large board, remaining blocks count: 153
Utilization of the 5th large board: 99.37975342649825, Time taken for this board: 5.009s
-------------------------------------------------------------------
Start nesting on the 6th large board, remaining blocks count: 141
Utilization of the 6th large board: 98.32186475409836, Time taken for this board: 6.009s
-------------------------------------------------------------------
Start nesting on the 7th large board, remaining blocks count: 124
Utilization of the 7th large board: 99.33664539102392, Time taken for this board: 7.0120000000000005s
-------------------------------------------------------------------
Start nesting on the 8th large board, remaining blocks count: 107
Utilization of the 8th large board: 97.65896264445043, Time taken for this board: 8.013s
-------------------------------------------------------------------
Start nesting on the 9th large board, remaining blocks count: 89
Utilization of the 9th large board: 97.09131013168503, Time taken for this board: 9.013s
-------------------------------------------------------------------
Start nesting on the 10th large board, remaining blocks count: 68
Utilization of the 10th large board: 99.10345706799247, Time taken for this board: 9.814s
-------------------------------------------------------------------
Start nesting on the 11th large board, remaining blocks count: 46
Utilization of the 11th large board: 97.724737973663, Time taken for this board: 10.025s
-------------------------------------------------------------------
Start nesting on the 12th large board, remaining blocks count: 20
Utilization of the 12th large board: 94.53661650094061, Time taken for this board: 10.036s
-------------------------------------------------------------------
Start nesting on the 13th large board, remaining blocks count: 8
Utilization of the 13th large board: 24.20975477022306, Time taken for this board: 10.037s
-------------------------------------------------------------------
Found solution: 13


Start improving solution by repacking.
Selecting boards with low utilization for repacking...
iter3		 Improve solution by repack 0.2420975477022306->0.2379548508465466 , unplacedBoxesSize:5
currentRepackCostTime:0.096s , currentRepackMaxTime:217.06580373831775s
iter19		 Improve solution by repack 0.2379548508465466->0.23109580757860793 , unplacedBoxesSize:5
currentRepackCostTime:0.686s , currentRepackMaxTime:217.06580373831775s
iter17		 Improve solution by repack 0.23109580757860793->0.22636589626444503 , unplacedBoxesSize:5
currentRepackCostTime:1.282s , currentRepackMaxTime:217.06580373831775s
Selecting boards with low utilization for repacking...
iter3		 Improve solution by repack 0.9689777613544746->0.26708210158559526 , unplacedBoxesSize:6
currentRepackCostTime:4.434s , currentRepackMaxTime:217.06580373831775s
iter5		 Improve solution by repack 0.26708210158559526->0.26610857296425694 , unplacedBoxesSize:6
currentRepackCostTime:4.598s , currentRepackMaxTime:217.06580373831775s
iter1		 Improve solution by repack 0.26610857296425694->0.2657504703036818 , unplacedBoxesSize:6
currentRepackCostTime:4.6450000000000005s , currentRepackMaxTime:217.06580373831775s
iter2		 Improve solution by repack 0.2657504703036818->0.2649332370330556 , unplacedBoxesSize:9
currentRepackCostTime:4.711s , currentRepackMaxTime:217.06580373831775s
iter11		 Improve solution by repack 0.2649332370330556->0.26067643946519753 , unplacedBoxesSize:9
currentRepackCostTime:5.124s , currentRepackMaxTime:217.06580373831775s
iter3		 Improve solution by repack 0.26067643946519753->0.25334709587476484 , unplacedBoxesSize:10
currentRepackCostTime:5.256s , currentRepackMaxTime:217.06580373831775s
iter8		 Improve solution by repack 0.25334709587476484->0.2452378392905133 , unplacedBoxesSize:6
currentRepackCostTime:5.573s , currentRepackMaxTime:217.06580373831775s
iter19		 Improve solution by repack 0.2452378392905133->0.24350443429185703 , unplacedBoxesSize:6
currentRepackCostTime:6.306s , currentRepackMaxTime:217.06580373831775s
iter7		 Improve solution by repack 0.24350443429185703->0.24322225208277345 , unplacedBoxesSize:7
currentRepackCostTime:6.507000000000001s , currentRepackMaxTime:217.06580373831775s
iter5		 Improve solution by repack 0.24322225208277345->0.2408243751679656 , unplacedBoxesSize:7
currentRepackCostTime:6.731s , currentRepackMaxTime:217.06580373831775s
iter7		 Improve solution by repack 0.2408243751679656->0.24043603869927438 , unplacedBoxesSize:8
currentRepackCostTime:6.9990000000000006s , currentRepackMaxTime:217.06580373831775s
iter9		 Improve solution by repack 0.24043603869927438->0.2399496103198065 , unplacedBoxesSize:6
currentRepackCostTime:7.386s , currentRepackMaxTime:217.06580373831775s
iter6		 Improve solution by repack 0.2399496103198065->0.22959150765923136 , unplacedBoxesSize:7
currentRepackCostTime:7.5760000000000005s , currentRepackMaxTime:217.06580373831775s
iter20		 Improve solution by repack 0.22959150765923136->0.2252821822090836 , unplacedBoxesSize:8
currentRepackCostTime:8.346s , currentRepackMaxTime:217.06580373831775s
iter3		 Improve solution by repack 0.2252821822090836->0.22113007256113945 , unplacedBoxesSize:8
currentRepackCostTime:8.46s , currentRepackMaxTime:217.06580373831775s
iter3		 Improve solution by repack 0.22113007256113945->0.20881147540983608 , unplacedBoxesSize:7
currentRepackCostTime:8.577s , currentRepackMaxTime:217.06580373831775s
iter27		 Improve solution by repack 0.20881147540983608->0.20873353937113678 , unplacedBoxesSize:7
currentRepackCostTime:9.622s , currentRepackMaxTime:217.06580373831775s
iter13		 Improve solution by repack 0.20873353937113678->0.20649287825853266 , unplacedBoxesSize:7
currentRepackCostTime:10.162s , currentRepackMaxTime:217.06580373831775s
iter23		 Improve solution by repack 0.20649287825853266->0.20536280569739318 , unplacedBoxesSize:6
currentRepackCostTime:10.953s , currentRepackMaxTime:217.06580373831775s
Selecting boards with low utilization for repacking...
iter9		 Improve solution by repack 0.9763561509002956->0.21537389142703575 , unplacedBoxesSize:7
currentRepackCostTime:14.578000000000001s , currentRepackMaxTime:217.06580373831775s
iter12		 Improve solution by repack 0.21537389142703575->0.21246438793335126 , unplacedBoxesSize:7
currentRepackCostTime:15.1s , currentRepackMaxTime:217.06580373831775s
iter3		 Improve solution by repack 0.21246438793335126->0.2116896365224402 , unplacedBoxesSize:6
currentRepackCostTime:15.268s , currentRepackMaxTime:217.06580373831775s
iter60		 Improve solution by repack 0.2116896365224402->0.2061172097554421 , unplacedBoxesSize:6
currentRepackCostTime:17.31s , currentRepackMaxTime:217.06580373831775s
iter23		 Improve solution by repack 0.2061172097554421->0.20560323501746844 , unplacedBoxesSize:6
currentRepackCostTime:18.148s , currentRepackMaxTime:217.06580373831775s
Selecting boards with low utilization for repacking...
iter5		 Improve solution by repack 0.9741128056973932->0.9686383482262831 , unplacedBoxesSize:24
currentRepackCostTime:21.497s , currentRepackMaxTime:217.06580373831775s
iter4		 Improve solution by repack 0.9686383482262831->0.2484419510884171 , unplacedBoxesSize:7
currentRepackCostTime:21.672s , currentRepackMaxTime:217.06580373831775s
iter8		 Improve solution by repack 0.2484419510884171->0.24742609513571623 , unplacedBoxesSize:7
currentRepackCostTime:21.889s , currentRepackMaxTime:217.06580373831775s
iter7		 Improve solution by repack 0.24742609513571623->0.24739115493147004 , unplacedBoxesSize:8
currentRepackCostTime:22.171s , currentRepackMaxTime:217.06580373831775s
iter2		 Improve solution by repack 0.24739115493147004->0.23800792797635045 , unplacedBoxesSize:7
currentRepackCostTime:22.289s , currentRepackMaxTime:217.06580373831775s
iter2		 Improve solution by repack 0.23800792797635045->0.23032047836603065 , unplacedBoxesSize:8
currentRepackCostTime:22.374s , currentRepackMaxTime:217.06580373831775s
iter20		 Improve solution by repack 0.23032047836603065->0.22850846546627251 , unplacedBoxesSize:8
currentRepackCostTime:23.237000000000002s , currentRepackMaxTime:217.06580373831775s
iter14		 Improve solution by repack 0.22850846546627251->0.22657954850846546 , unplacedBoxesSize:6
currentRepackCostTime:23.675s , currentRepackMaxTime:217.06580373831775s
iter13		 Improve solution by repack 0.22657954850846546->0.2149918150362806 , unplacedBoxesSize:9
currentRepackCostTime:24.157s , currentRepackMaxTime:217.06580373831775s
iter7		 Improve solution by repack 0.2149918150362806->0.21206866433754368 , unplacedBoxesSize:8
currentRepackCostTime:24.427s , currentRepackMaxTime:217.06580373831775s
Selecting boards with low utilization for repacking...
iter2		 Improve solution by repack 0.9788040849234076->0.9779096680999732 , unplacedBoxesSize:17
currentRepackCostTime:29.074s , currentRepackMaxTime:217.06580373831775s
iter2		 Improve solution by repack 0.9779096680999732->0.2502180193496372 , unplacedBoxesSize:5
currentRepackCostTime:29.139s , currentRepackMaxTime:217.06580373831775s
iter22		 Improve solution by repack 0.2502180193496372->0.24794477291050793 , unplacedBoxesSize:7
currentRepackCostTime:29.861s , currentRepackMaxTime:217.06580373831775s
iter2		 Improve solution by repack 0.24794477291050793->0.24718926363880678 , unplacedBoxesSize:8
currentRepackCostTime:29.889s , currentRepackMaxTime:217.06580373831775s
iter5		 Improve solution by repack 0.24718926363880678->0.23028126511690405 , unplacedBoxesSize:9
currentRepackCostTime:30.065s , currentRepackMaxTime:217.06580373831775s
iter15		 Improve solution by repack 0.23028126511690405->0.22684762160709487 , unplacedBoxesSize:5
currentRepackCostTime:30.934s , currentRepackMaxTime:217.06580373831775s
iter20		 Improve solution by repack 0.22684762160709487->0.22436777411986028 , unplacedBoxesSize:6
currentRepackCostTime:31.534s , currentRepackMaxTime:217.06580373831775s
iter66		 Improve solution by repack 0.22436777411986028->0.21846093120128998 , unplacedBoxesSize:6
currentRepackCostTime:33.878s , currentRepackMaxTime:217.06580373831775s
iter1		 Improve solution by repack 0.21846093120128998->0.21829564969094328 , unplacedBoxesSize:6
currentRepackCostTime:33.891s , currentRepackMaxTime:217.06580373831775s
iter28		 Improve solution by repack 0.21829564969094328->0.21778906543939802 , unplacedBoxesSize:6
currentRepackCostTime:34.791000000000004s , currentRepackMaxTime:217.06580373831775s
iter9		 Improve solution by repack 0.21778906543939802->0.21344615022843322 , unplacedBoxesSize:7
currentRepackCostTime:35.089s , currentRepackMaxTime:217.06580373831775s
iter37		 Improve solution by repack 0.21344615022843322->0.20922131147540984 , unplacedBoxesSize:7
currentRepackCostTime:36.62s , currentRepackMaxTime:217.06580373831775s
iter15		 Improve solution by repack 0.20922131147540984->0.20765251276538563 , unplacedBoxesSize:6
currentRepackCostTime:37.223s , currentRepackMaxTime:217.06580373831775s
iter30		 Improve solution by repack 0.20765251276538563->0.2054058048911583 , unplacedBoxesSize:7
currentRepackCostTime:38.232s , currentRepackMaxTime:217.06580373831775s
Selecting boards with low utilization for repacking...
iter1		 Improve solution by repack 0.9724141427035743->0.2239613007256114 , unplacedBoxesSize:10
currentRepackCostTime:41.32s , currentRepackMaxTime:217.06580373831775s
iter8		 Improve solution by repack 0.2239613007256114->0.22115560333243753 , unplacedBoxesSize:7
currentRepackCostTime:41.648s , currentRepackMaxTime:217.06580373831775s
iter2		 Improve solution by repack 0.22115560333243753->0.21991937651169038 , unplacedBoxesSize:7
currentRepackCostTime:41.724000000000004s , currentRepackMaxTime:217.06580373831775s
iter9		 Improve solution by repack 0.21991937651169038->0.21940998219564634 , unplacedBoxesSize:8
currentRepackCostTime:42.059s , currentRepackMaxTime:217.06580373831775s
iter5		 Improve solution by repack 0.21940998219564634->0.21614821284600913 , unplacedBoxesSize:5
currentRepackCostTime:42.192s , currentRepackMaxTime:217.06580373831775s
iter13		 Improve solution by repack 0.21614821284600913->0.21465063155065842 , unplacedBoxesSize:6
currentRepackCostTime:42.69s , currentRepackMaxTime:217.06580373831775s
iter2		 Improve solution by repack 0.21465063155065842->0.21331631281913466 , unplacedBoxesSize:7
currentRepackCostTime:42.75s , currentRepackMaxTime:217.06580373831775s
iter25		 Improve solution by repack 0.21331631281913466->0.20992609513571622 , unplacedBoxesSize:7
currentRepackCostTime:43.693s , currentRepackMaxTime:217.06580373831775s
iter10		 Improve solution by repack 0.20992609513571622->0.20585393711367914 , unplacedBoxesSize:7
currentRepackCostTime:44.009s , currentRepackMaxTime:217.06580373831775s
iter31		 Improve solution by repack 0.20585393711367914->0.2040614082235958 , unplacedBoxesSize:6
currentRepackCostTime:45.173s , currentRepackMaxTime:217.06580373831775s
iter40		 Improve solution by repack 0.2040614082235958->0.20305898951894652 , unplacedBoxesSize:7
currentRepackCostTime:46.575s , currentRepackMaxTime:217.06580373831775s
iter32		 Improve solution by repack 0.20305898951894652->0.2023817522171459 , unplacedBoxesSize:10
currentRepackCostTime:47.796s , currentRepackMaxTime:217.06580373831775s
iter2		 Improve solution by repack 0.2023817522171459->0.20058384842784197 , unplacedBoxesSize:9
currentRepackCostTime:47.865s , currentRepackMaxTime:217.06580373831775s
iter3		 Improve solution by repack 0.20058384842784197->0.1982034399355012 , unplacedBoxesSize:8
currentRepackCostTime:47.994s , currentRepackMaxTime:217.06580373831775s
iter5		 Improve solution by repack 0.1982034399355012->0.19652244020424617 , unplacedBoxesSize:7
currentRepackCostTime:48.19s , currentRepackMaxTime:217.06580373831775s
iter2		 Improve solution by repack 0.19652244020424617->0.19422332706261758 , unplacedBoxesSize:7
currentRepackCostTime:48.265s , currentRepackMaxTime:217.06580373831775s
iter9		 Improve solution by repack 0.19422332706261758->0.19312953507121744 , unplacedBoxesSize:6
currentRepackCostTime:48.653s , currentRepackMaxTime:217.06580373831775s
iter3		 Improve solution by repack 0.19312953507121744->0.19134103735554958 , unplacedBoxesSize:7
currentRepackCostTime:48.727000000000004s , currentRepackMaxTime:217.06580373831775s
iter19		 Improve solution by repack 0.19134103735554958->0.19116366568126847 , unplacedBoxesSize:7
currentRepackCostTime:49.384s , currentRepackMaxTime:217.06580373831775s
iter33		 Improve solution by repack 0.19116366568126847->0.18959688255845203 , unplacedBoxesSize:6
currentRepackCostTime:50.636s , currentRepackMaxTime:217.06580373831775s
Selecting boards with low utilization for repacking...
iter2		 Improve solution by repack 0.9763144920720236->0.19885649019080892 , unplacedBoxesSize:7
currentRepackCostTime:53.379s , currentRepackMaxTime:217.06580373831775s
iter25		 Improve solution by repack 0.19885649019080892->0.19784063423810802 , unplacedBoxesSize:7
currentRepackCostTime:54.389s , currentRepackMaxTime:217.06580373831775s
iter4		 Improve solution by repack 0.19784063423810802->0.1940180730986294 , unplacedBoxesSize:5
currentRepackCostTime:54.559000000000005s , currentRepackMaxTime:217.06580373831775s
iter37		 Improve solution by repack 0.1940180730986294->0.19159668099973126 , unplacedBoxesSize:7
currentRepackCostTime:55.800000000000004s , currentRepackMaxTime:217.06580373831775s
iter23		 Improve solution by repack 0.19159668099973126->0.19022205052405267 , unplacedBoxesSize:6
currentRepackCostTime:56.719s , currentRepackMaxTime:217.06580373831775s
iter35		 Improve solution by repack 0.19022205052405267->0.1901038027411986 , unplacedBoxesSize:5
currentRepackCostTime:58.153s , currentRepackMaxTime:217.06580373831775s
Selecting boards with low utilization for repacking...
iter6		 Improve solution by repack 0.9787106893308252->0.21179756785810266 , unplacedBoxesSize:6
currentRepackCostTime:61.115s , currentRepackMaxTime:217.06580373831775s
iter15		 Improve solution by repack 0.21179756785810266->0.20832269551195914 , unplacedBoxesSize:6
currentRepackCostTime:61.686s , currentRepackMaxTime:217.06580373831775s
iter6		 Improve solution by repack 0.20832269551195914->0.20822527546358507 , unplacedBoxesSize:7
currentRepackCostTime:61.865s , currentRepackMaxTime:217.06580373831775s
iter14		 Improve solution by repack 0.20822527546358507->0.2061058821553346 , unplacedBoxesSize:5
currentRepackCostTime:62.373000000000005s , currentRepackMaxTime:217.06580373831775s
iter16		 Improve solution by repack 0.2061058821553346->0.19801229508196722 , unplacedBoxesSize:5
currentRepackCostTime:62.933s , currentRepackMaxTime:217.06580373831775s
iter2		 Improve solution by repack 0.19801229508196722->0.1976709889814566 , unplacedBoxesSize:6
currentRepackCostTime:63.033s , currentRepackMaxTime:217.06580373831775s
iter24		 Improve solution by repack 0.1976709889814566->0.1937371119994625 , unplacedBoxesSize:6
currentRepackCostTime:63.824s , currentRepackMaxTime:217.06580373831775s
iter38		 Improve solution by repack 0.1937371119994625->0.19365917596076324 , unplacedBoxesSize:6
currentRepackCostTime:65.224s , currentRepackMaxTime:217.06580373831775s
iter14		 Improve solution by repack 0.19365917596076324->0.1896355146466004 , unplacedBoxesSize:6
currentRepackCostTime:65.893s , currentRepackMaxTime:217.06580373831775s
iter39		 Improve solution by repack 0.1896355146466004->0.18764982531577534 , unplacedBoxesSize:6
currentRepackCostTime:67.19800000000001s , currentRepackMaxTime:217.06580373831775s
iter13		 Improve solution by repack 0.18764982531577534->0.18757188927707608 , unplacedBoxesSize:6
currentRepackCostTime:67.62s , currentRepackMaxTime:217.06580373831775s
iter27		 Improve solution by repack 0.18757188927707608->0.18414068798710023 , unplacedBoxesSize:6
currentRepackCostTime:68.665s , currentRepackMaxTime:217.06580373831775s
iter4		 Improve solution by repack 0.18414068798710023->0.18363813490997044 , unplacedBoxesSize:5
currentRepackCostTime:68.802s , currentRepackMaxTime:217.06580373831775s
Selecting boards with low utilization for repacking...
iter5		 Improve solution by repack 0.9855148112066648->0.9742355851921527 , unplacedBoxesSize:28
currentRepackCostTime:72.734s , currentRepackMaxTime:217.06580373831775s
iter1		 Improve solution by repack 0.9742355851921527->0.21260279494759474 , unplacedBoxesSize:6
currentRepackCostTime:72.827s , currentRepackMaxTime:217.06580373831775s
iter12		 Improve solution by repack 0.21260279494759474->0.20931071452566513 , unplacedBoxesSize:7
currentRepackCostTime:73.165s , currentRepackMaxTime:217.06580373831775s
Selecting boards with low utilization for repacking...
iter2		 Improve solution by repack 0.9912656661515722->0.9696712140553615 , unplacedBoxesSize:25
currentRepackCostTime:77.49s , currentRepackMaxTime:217.06580373831775s
iter4		 Improve solution by repack 0.9696712140553615->0.9692573468153722 , unplacedBoxesSize:25
currentRepackCostTime:77.678s , currentRepackMaxTime:217.06580373831775s
iter6		 Improve solution by repack 0.9692573468153722->0.9655993012631013 , unplacedBoxesSize:24
currentRepackCostTime:77.98s , currentRepackMaxTime:217.06580373831775s
iter1		 Improve solution by repack 0.9655993012631013->0.2152827314565977 , unplacedBoxesSize:7
currentRepackCostTime:78.063s , currentRepackMaxTime:217.06580373831775s
iter1		 Improve solution by repack 0.2152827314565977->0.2091620649690943 , unplacedBoxesSize:7
currentRepackCostTime:78.113s , currentRepackMaxTime:217.06580373831775s
iter55		 Improve solution by repack 0.2091620649690943->0.2086263773179253 , unplacedBoxesSize:6
currentRepackCostTime:80.10600000000001s , currentRepackMaxTime:217.06580373831775s
iter42		 Improve solution by repack 0.2086263773179253->0.20804185702768072 , unplacedBoxesSize:6
currentRepackCostTime:81.54s , currentRepackMaxTime:217.06580373831775s
iter3		 Improve solution by repack 0.20804185702768072->0.20453473528621338 , unplacedBoxesSize:8
currentRepackCostTime:81.666s , currentRepackMaxTime:217.06580373831775s
iter8		 Improve solution by repack 0.20453473528621338->0.2019043939801129 , unplacedBoxesSize:6
currentRepackCostTime:82.017s , currentRepackMaxTime:217.06580373831775s
iter13		 Improve solution by repack 0.2019043939801129->0.20129098360655737 , unplacedBoxesSize:7
currentRepackCostTime:82.468s , currentRepackMaxTime:217.06580373831775s
iter9		 Improve solution by repack 0.20129098360655737->0.19674268845740392 , unplacedBoxesSize:8
currentRepackCostTime:82.714s , currentRepackMaxTime:217.06580373831775s
iter1		 Improve solution by repack 0.19674268845740392->0.1911836989384574 , unplacedBoxesSize:7
currentRepackCostTime:82.801s , currentRepackMaxTime:217.06580373831775s
iter1		 Improve solution by repack 0.1911836989384574->0.19017107968288094 , unplacedBoxesSize:7
currentRepackCostTime:82.857s , currentRepackMaxTime:217.06580373831775s
iter3		 Improve solution by repack 0.19017107968288094->0.1900610168637463 , unplacedBoxesSize:7
currentRepackCostTime:82.982s , currentRepackMaxTime:217.06580373831775s
iter52		 Improve solution by repack 0.1900610168637463->0.1885829195780704 , unplacedBoxesSize:7
currentRepackCostTime:85.045s , currentRepackMaxTime:217.06580373831775s
iter23		 Improve solution by repack 0.1885829195780704->0.18586905401773715 , unplacedBoxesSize:5
currentRepackCostTime:85.872s , currentRepackMaxTime:217.06580373831775s
Selecting boards with low utilization for repacking...
iter1		 Improve solution by repack 0.9913369087610857->0.22873958613276 , unplacedBoxesSize:5
currentRepackCostTime:89.496s , currentRepackMaxTime:217.06580373831775s
iter2		 Improve solution by repack 0.22873958613276->0.2110722923945176 , unplacedBoxesSize:7
currentRepackCostTime:89.53s , currentRepackMaxTime:217.06580373831775s
iter5		 Improve solution by repack 0.2110722923945176->0.2083249496103198 , unplacedBoxesSize:6
currentRepackCostTime:89.671s , currentRepackMaxTime:217.06580373831775s
iter10		 Improve solution by repack 0.2083249496103198->0.20597755979575383 , unplacedBoxesSize:7
currentRepackCostTime:90.012s , currentRepackMaxTime:217.06580373831775s
iter26		 Improve solution by repack 0.20597755979575383->0.20007860790110185 , unplacedBoxesSize:8
currentRepackCostTime:91.115s , currentRepackMaxTime:217.06580373831775s
iter8		 Improve solution by repack 0.20007860790110185->0.19941816715936575 , unplacedBoxesSize:9
currentRepackCostTime:91.465s , currentRepackMaxTime:217.06580373831775s
iter1		 Improve solution by repack 0.19941816715936575->0.19697582471109917 , unplacedBoxesSize:8
currentRepackCostTime:91.483s , currentRepackMaxTime:217.06580373831775s
iter54		 Improve solution by repack 0.19697582471109917->0.19516313994893847 , unplacedBoxesSize:7
currentRepackCostTime:93.58500000000001s , currentRepackMaxTime:217.06580373831775s
iter7		 Improve solution by repack 0.19516313994893847->0.19477345975544208 , unplacedBoxesSize:7
currentRepackCostTime:93.941s , currentRepackMaxTime:217.06580373831775s
iter36		 Improve solution by repack 0.19477345975544208->0.1942287019618382 , unplacedBoxesSize:7
currentRepackCostTime:95.114s , currentRepackMaxTime:217.06580373831775s
iter39		 Improve solution by repack 0.1942287019618382->0.19405670518677776 , unplacedBoxesSize:7
currentRepackCostTime:96.72800000000001s , currentRepackMaxTime:217.06580373831775s
iter5		 Improve solution by repack 0.19405670518677776->0.19337476484815908 , unplacedBoxesSize:7
currentRepackCostTime:96.888s , currentRepackMaxTime:217.06580373831775s
iter24		 Improve solution by repack 0.19337476484815908->0.19277076054823972 , unplacedBoxesSize:7
currentRepackCostTime:97.651s , currentRepackMaxTime:217.06580373831775s
iter18		 Improve solution by repack 0.19277076054823972->0.19007512597420048 , unplacedBoxesSize:7
currentRepackCostTime:98.406s , currentRepackMaxTime:217.06580373831775s
iter3		 Improve solution by repack 0.19007512597420048->0.18695444772910508 , unplacedBoxesSize:7
currentRepackCostTime:98.54s , currentRepackMaxTime:217.06580373831775s
iter23		 Improve solution by repack 0.18695444772910508->0.1862503359312013 , unplacedBoxesSize:7
currentRepackCostTime:99.399s , currentRepackMaxTime:217.06580373831775s
iter30		 Improve solution by repack 0.1862503359312013->0.1847614888470841 , unplacedBoxesSize:8
currentRepackCostTime:100.458s , currentRepackMaxTime:217.06580373831775s
iter36		 Improve solution by repack 0.1847614888470841->0.18244759473259875 , unplacedBoxesSize:7
currentRepackCostTime:102.09100000000001s , currentRepackMaxTime:217.06580373831775s
Selecting boards with low utilization for repacking...
iter2		 Improve solution by repack 0.9921024959688256->0.9920310366836871 , unplacedBoxesSize:17
currentRepackCostTime:104.69500000000001s , currentRepackMaxTime:217.06580373831775s
iter1		 Improve solution by repack 0.9920310366836871->0.22851787153990863 , unplacedBoxesSize:5
currentRepackCostTime:104.746s , currentRepackMaxTime:217.06580373831775s
iter4		 Improve solution by repack 0.22851787153990863->0.22387529897876915 , unplacedBoxesSize:7
currentRepackCostTime:104.914s , currentRepackMaxTime:217.06580373831775s
iter22		 Improve solution by repack 0.22387529897876915->0.22238276001074977 , unplacedBoxesSize:7
currentRepackCostTime:105.805s , currentRepackMaxTime:217.06580373831775s
iter4		 Improve solution by repack 0.22238276001074977->0.22016124697661918 , unplacedBoxesSize:6
currentRepackCostTime:105.95700000000001s , currentRepackMaxTime:217.06580373831775s
iter25		 Improve solution by repack 0.22016124697661918->0.21992475141091103 , unplacedBoxesSize:5
currentRepackCostTime:106.711s , currentRepackMaxTime:217.06580373831775s
iter3		 Improve solution by repack 0.21992475141091103->0.21485286213383498 , unplacedBoxesSize:8
currentRepackCostTime:106.805s , currentRepackMaxTime:217.06580373831775s
iter2		 Improve solution by repack 0.21485286213383498->0.21450214995968825 , unplacedBoxesSize:8
currentRepackCostTime:106.885s , currentRepackMaxTime:217.06580373831775s
iter12		 Improve solution by repack 0.21450214995968825->0.2124287792260145 , unplacedBoxesSize:5
currentRepackCostTime:107.395s , currentRepackMaxTime:217.06580373831775s
iter28		 Improve solution by repack 0.2124287792260145->0.21210561676968556 , unplacedBoxesSize:5
currentRepackCostTime:108.411s , currentRepackMaxTime:217.06580373831775s
iter14		 Improve solution by repack 0.21210561676968556->0.2115458579682881 , unplacedBoxesSize:4
currentRepackCostTime:108.778s , currentRepackMaxTime:217.06580373831775s
iter48		 Improve solution by repack 0.2115458579682881->0.21146331631281912 , unplacedBoxesSize:5
currentRepackCostTime:110.399s , currentRepackMaxTime:217.06580373831775s
iter37		 Improve solution by repack 0.21146331631281912->0.210407820478366 , unplacedBoxesSize:6
currentRepackCostTime:111.552s , currentRepackMaxTime:217.06580373831775s
iter7		 Improve solution by repack 0.210407820478366->0.21006651437785542 , unplacedBoxesSize:7
currentRepackCostTime:111.781s , currentRepackMaxTime:217.06580373831775s
iter8		 Improve solution by repack 0.21006651437785542->0.209449744692287 , unplacedBoxesSize:3
currentRepackCostTime:112.161s , currentRepackMaxTime:217.06580373831775s
Selecting boards with low utilization for repacking...
iter1		 Improve solution by repack 0.994819269013706->0.994161179790379 , unplacedBoxesSize:8
currentRepackCostTime:115.44800000000001s , currentRepackMaxTime:217.06580373831775s
iter1		 Improve solution by repack 0.994161179790379->0.2826316850309057 , unplacedBoxesSize:5
currentRepackCostTime:115.455s , currentRepackMaxTime:217.06580373831775s
iter13		 Improve solution by repack 0.2826316850309057->0.2791887261488847 , unplacedBoxesSize:8
currentRepackCostTime:115.872s , currentRepackMaxTime:217.06580373831775s
iter1		 Improve solution by repack 0.2791887261488847->0.2421247648481591 , unplacedBoxesSize:7
currentRepackCostTime:115.894s , currentRepackMaxTime:217.06580373831775s
iter13		 Improve solution by repack 0.2421247648481591->0.23774187046492878 , unplacedBoxesSize:8
currentRepackCostTime:116.468s , currentRepackMaxTime:217.06580373831775s
iter13		 Improve solution by repack 0.23774187046492878->0.23022305831765655 , unplacedBoxesSize:6
currentRepackCostTime:116.95100000000001s , currentRepackMaxTime:217.06580373831775s
iter2		 Improve solution by repack 0.23022305831765655->0.227592713652244 , unplacedBoxesSize:6
currentRepackCostTime:117.028s , currentRepackMaxTime:217.06580373831775s
iter26		 Improve solution by repack 0.227592713652244->0.22691077331362536 , unplacedBoxesSize:6
currentRepackCostTime:117.904s , currentRepackMaxTime:217.06580373831775s
iter22		 Improve solution by repack 0.22691077331362536->0.22632625302338083 , unplacedBoxesSize:6
currentRepackCostTime:118.777s , currentRepackMaxTime:217.06580373831775s
iter2		 Improve solution by repack 0.22632625302338083->0.22491400161246977 , unplacedBoxesSize:6
currentRepackCostTime:118.836s , currentRepackMaxTime:217.06580373831775s
iter37		 Improve solution by repack 0.22491400161246977->0.22242139209889814 , unplacedBoxesSize:6
currentRepackCostTime:120.069s , currentRepackMaxTime:217.06580373831775s
iter4		 Improve solution by repack 0.22242139209889814->0.2209110454178984 , unplacedBoxesSize:7
currentRepackCostTime:120.254s , currentRepackMaxTime:217.06580373831775s
iter30		 Improve solution by repack 0.2209110454178984->0.21958613276001077 , unplacedBoxesSize:6
currentRepackCostTime:121.461s , currentRepackMaxTime:217.06580373831775s
iter33		 Improve solution by repack 0.21958613276001077->0.21780636589626443 , unplacedBoxesSize:5
currentRepackCostTime:122.523s , currentRepackMaxTime:217.06580373831775s
iter25		 Improve solution by repack 0.21780636589626443->0.2166789807847353 , unplacedBoxesSize:6
currentRepackCostTime:123.5s , currentRepackMaxTime:217.06580373831775s
Selecting boards with low utilization for repacking...
All low-utilization boards have been repacked once. Restarting repacking process...
Selecting boards with low utilization for repacking...
Selecting boards with low utilization for repacking...
iter3		 Improve solution by repack 0.9746124059392637->0.9729262933351249 , unplacedBoxesSize:15
currentRepackCostTime:129.531s , currentRepackMaxTime:217.06580373831775s
iter3		 Improve solution by repack 0.9729262933351249->0.2454615694705724 , unplacedBoxesSize:5
currentRepackCostTime:129.663s , currentRepackMaxTime:217.06580373831775s
iter16		 Improve solution by repack 0.2454615694705724->0.23713181604407416 , unplacedBoxesSize:7
currentRepackCostTime:130.18200000000002s , currentRepackMaxTime:217.06580373831775s
iter5		 Improve solution by repack 0.23713181604407416->0.2334009641225477 , unplacedBoxesSize:7
currentRepackCostTime:130.371s , currentRepackMaxTime:217.06580373831775s
iter3		 Improve solution by repack 0.2334009641225477->0.2304118482934695 , unplacedBoxesSize:7
currentRepackCostTime:130.483s , currentRepackMaxTime:217.06580373831775s
iter45		 Improve solution by repack 0.2304118482934695->0.22664068798710021 , unplacedBoxesSize:7
currentRepackCostTime:132.095s , currentRepackMaxTime:217.06580373831775s
iter9		 Improve solution by repack 0.22664068798710021->0.22560189129266325 , unplacedBoxesSize:6
currentRepackCostTime:132.437s , currentRepackMaxTime:217.06580373831775s
Selecting boards with low utilization for repacking...
iter1		 Improve solution by repack 0.9739004938188659->0.2488944504165547 , unplacedBoxesSize:5
currentRepackCostTime:136.296s , currentRepackMaxTime:217.06580373831775s
iter17		 Improve solution by repack 0.2488944504165547->0.24669745364149423 , unplacedBoxesSize:6
currentRepackCostTime:136.806s , currentRepackMaxTime:217.06580373831775s
iter27		 Improve solution by repack 0.24669745364149423->0.24660339290513303 , unplacedBoxesSize:6
currentRepackCostTime:137.76s , currentRepackMaxTime:217.06580373831775s
iter4		 Improve solution by repack 0.24660339290513303->0.24479877385111531 , unplacedBoxesSize:10
currentRepackCostTime:137.879s , currentRepackMaxTime:217.06580373831775s
iter3		 Improve solution by repack 0.24479877385111531->0.24300053413061007 , unplacedBoxesSize:8
currentRepackCostTime:137.98s , currentRepackMaxTime:217.06580373831775s
iter2		 Improve solution by repack 0.24300053413061007->0.23478634775597956 , unplacedBoxesSize:7
currentRepackCostTime:138.07500000000002s , currentRepackMaxTime:217.06580373831775s
iter1		 Improve solution by repack 0.23478634775597956->0.2306396130072561 , unplacedBoxesSize:7
currentRepackCostTime:138.093s , currentRepackMaxTime:217.06580373831775s
iter3		 Improve solution by repack 0.2306396130072561->0.22229239115829078 , unplacedBoxesSize:7
currentRepackCostTime:138.189s , currentRepackMaxTime:217.06580373831775s
iter2		 Improve solution by repack 0.22229239115829078->0.22056368919645258 , unplacedBoxesSize:6
currentRepackCostTime:138.291s , currentRepackMaxTime:217.06580373831775s
iter1		 Improve solution by repack 0.22056368919645258->0.21631751545283526 , unplacedBoxesSize:5
currentRepackCostTime:138.323s , currentRepackMaxTime:217.06580373831775s
iter13		 Improve solution by repack 0.21631751545283526->0.20399891830153186 , unplacedBoxesSize:6
currentRepackCostTime:138.773s , currentRepackMaxTime:217.06580373831775s
iter12		 Improve solution by repack 0.20399891830153186->0.20331697796291318 , unplacedBoxesSize:6
currentRepackCostTime:139.155s , currentRepackMaxTime:217.06580373831775s
iter22		 Improve solution by repack 0.20331697796291318->0.20289025127653856 , unplacedBoxesSize:6
currentRepackCostTime:139.956s , currentRepackMaxTime:217.06580373831775s
iter20		 Improve solution by repack 0.20289025127653856->0.20175758868583715 , unplacedBoxesSize:7
currentRepackCostTime:140.65800000000002s , currentRepackMaxTime:217.06580373831775s
iter14		 Improve solution by repack 0.20175758868583715->0.19788564565976888 , unplacedBoxesSize:7
currentRepackCostTime:141.17600000000002s , currentRepackMaxTime:217.06580373831775s
Selecting boards with low utilization for repacking...
iter7		 Improve solution by repack 0.9817950483740929->0.22756046425692017 , unplacedBoxesSize:6
currentRepackCostTime:146.14000000000001s , currentRepackMaxTime:217.06580373831775s
iter12		 Improve solution by repack 0.22756046425692017->0.22009271701155603 , unplacedBoxesSize:7
currentRepackCostTime:146.639s , currentRepackMaxTime:217.06580373831775s
iter8		 Improve solution by repack 0.22009271701155603->0.2197823165815641 , unplacedBoxesSize:9
currentRepackCostTime:146.915s , currentRepackMaxTime:217.06580373831775s
iter15		 Improve solution by repack 0.2197823165815641->0.21953943832303144 , unplacedBoxesSize:11
currentRepackCostTime:147.495s , currentRepackMaxTime:217.06580373831775s
iter3		 Improve solution by repack 0.21953943832303144->0.21911986025262026 , unplacedBoxesSize:7
currentRepackCostTime:147.651s , currentRepackMaxTime:217.06580373831775s
iter33		 Improve solution by repack 0.21911986025262026->0.21876914807847356 , unplacedBoxesSize:7
currentRepackCostTime:148.903s , currentRepackMaxTime:217.06580373831775s
iter29		 Improve solution by repack 0.21876914807847356->0.21821553345874764 , unplacedBoxesSize:6
currentRepackCostTime:150.01s , currentRepackMaxTime:217.06580373831775s
iter4		 Improve solution by repack 0.21821553345874764->0.21740761891964525 , unplacedBoxesSize:9
currentRepackCostTime:150.171s , currentRepackMaxTime:217.06580373831775s
iter3		 Improve solution by repack 0.21740761891964525->0.21115358774522977 , unplacedBoxesSize:8
currentRepackCostTime:150.29500000000002s , currentRepackMaxTime:217.06580373831775s
iter12		 Improve solution by repack 0.21115358774522977->0.205235151840903 , unplacedBoxesSize:6
currentRepackCostTime:150.773s , currentRepackMaxTime:217.06580373831775s
iter33		 Improve solution by repack 0.205235151840903->0.20154326793872618 , unplacedBoxesSize:6
currentRepackCostTime:151.919s , currentRepackMaxTime:217.06580373831775s
Selecting boards with low utilization for repacking...
iter4		 Improve solution by repack 0.9826578876646064->0.2069739317387799 , unplacedBoxesSize:6
currentRepackCostTime:155.684s , currentRepackMaxTime:217.06580373831775s
iter42		 Improve solution by repack 0.2069739317387799->0.20448804084923408 , unplacedBoxesSize:6
currentRepackCostTime:157.086s , currentRepackMaxTime:217.06580373831775s
iter47		 Improve solution by repack 0.20448804084923408->0.20415513302875574 , unplacedBoxesSize:9
currentRepackCostTime:158.725s , currentRepackMaxTime:217.06580373831775s
iter1		 Improve solution by repack 0.20415513302875574->0.20414270357430797 , unplacedBoxesSize:8
currentRepackCostTime:158.768s , currentRepackMaxTime:217.06580373831775s
iter10		 Improve solution by repack 0.20414270357430797->0.19957672668637463 , unplacedBoxesSize:6
currentRepackCostTime:159.144s , currentRepackMaxTime:217.06580373831775s
iter18		 Improve solution by repack 0.19957672668637463->0.19467616232195645 , unplacedBoxesSize:8
currentRepackCostTime:159.71s , currentRepackMaxTime:217.06580373831775s
iter5		 Improve solution by repack 0.19467616232195645->0.1927841977962913 , unplacedBoxesSize:8
currentRepackCostTime:159.903s , currentRepackMaxTime:217.06580373831775s
iter36		 Improve solution by repack 0.1927841977962913->0.19030435366836873 , unplacedBoxesSize:8
currentRepackCostTime:161.35s , currentRepackMaxTime:217.06580373831775s
iter15		 Improve solution by repack 0.19030435366836873->0.19022641762966946 , unplacedBoxesSize:8
currentRepackCostTime:161.862s , currentRepackMaxTime:217.06580373831775s
Selecting boards with low utilization for repacking...
iter1		 Improve solution by repack 0.9839724183687182->0.19888470841171726 , unplacedBoxesSize:10
currentRepackCostTime:165.257s , currentRepackMaxTime:217.06580373831775s
iter11		 Improve solution by repack 0.19888470841171726->0.19503493684493414 , unplacedBoxesSize:9
currentRepackCostTime:165.677s , currentRepackMaxTime:217.06580373831775s
iter6		 Improve solution by repack 0.19503493684493414->0.19370196183821553 , unplacedBoxesSize:8
currentRepackCostTime:165.975s , currentRepackMaxTime:217.06580373831775s
iter40		 Improve solution by repack 0.19370196183821553->0.19163665681268477 , unplacedBoxesSize:6
currentRepackCostTime:167.464s , currentRepackMaxTime:217.06580373831775s
iter38		 Improve solution by repack 0.19163665681268477->0.1910521365224402 , unplacedBoxesSize:6
currentRepackCostTime:168.863s , currentRepackMaxTime:217.06580373831775s
Selecting boards with low utilization for repacking...
iter3		 Improve solution by repack 0.9853506147540984->0.21781366232195645 , unplacedBoxesSize:5
currentRepackCostTime:172.472s , currentRepackMaxTime:217.06580373831775s
iter34		 Improve solution by repack 0.21781366232195645->0.2167494322762698 , unplacedBoxesSize:5
currentRepackCostTime:173.542s , currentRepackMaxTime:217.06580373831775s
iter1		 Improve solution by repack 0.2167494322762698->0.2072896096479441 , unplacedBoxesSize:6
currentRepackCostTime:173.561s , currentRepackMaxTime:217.06580373831775s
iter18		 Improve solution by repack 0.2072896096479441->0.2063442992475141 , unplacedBoxesSize:4
currentRepackCostTime:174.20600000000002s , currentRepackMaxTime:217.06580373831775s
iter1		 Improve solution by repack 0.2063442992475141->0.2045410205589895 , unplacedBoxesSize:5
currentRepackCostTime:174.238s , currentRepackMaxTime:217.06580373831775s
iter10		 Improve solution by repack 0.2045410205589895->0.20266998118785273 , unplacedBoxesSize:4
currentRepackCostTime:174.53300000000002s , currentRepackMaxTime:217.06580373831775s
Selecting boards with low utilization for repacking...
iter7		 Improve solution by repack 0.9739481019887127->0.22593715063155068 , unplacedBoxesSize:5
currentRepackCostTime:178.792s , currentRepackMaxTime:217.06580373831775s
iter6		 Improve solution by repack 0.22593715063155068->0.2209110454178984 , unplacedBoxesSize:7
currentRepackCostTime:178.985s , currentRepackMaxTime:217.06580373831775s
Selecting boards with low utilization for repacking...
iter4		 Improve solution by repack 0.977381752217146->0.9727995532115024 , unplacedBoxesSize:12
currentRepackCostTime:183.374s , currentRepackMaxTime:217.06580373831775s
iter7		 Improve solution by repack 0.9727995532115024->0.9608256533861865 , unplacedBoxesSize:22
currentRepackCostTime:183.582s , currentRepackMaxTime:217.06580373831775s
iter1		 Improve solution by repack 0.9608256533861865->0.22574748555495835 , unplacedBoxesSize:7
currentRepackCostTime:183.66s , currentRepackMaxTime:217.06580373831775s
iter7		 Improve solution by repack 0.22574748555495835->0.22475464760816985 , unplacedBoxesSize:11
currentRepackCostTime:183.981s , currentRepackMaxTime:217.06580373831775s
iter1		 Improve solution by repack 0.22475464760816985->0.20986831496909433 , unplacedBoxesSize:11
currentRepackCostTime:184.036s , currentRepackMaxTime:217.06580373831775s
iter4		 Improve solution by repack 0.20986831496909433->0.20972990795485083 , unplacedBoxesSize:7
currentRepackCostTime:184.244s , currentRepackMaxTime:217.06580373831775s
iter4		 Improve solution by repack 0.20972990795485083->0.20267959721848966 , unplacedBoxesSize:9
currentRepackCostTime:184.421s , currentRepackMaxTime:217.06580373831775s
iter17		 Improve solution by repack 0.20267959721848966->0.20200685299650634 , unplacedBoxesSize:8
currentRepackCostTime:185.07s , currentRepackMaxTime:217.06580373831775s
iter3		 Improve solution by repack 0.20200685299650634->0.20112906476753561 , unplacedBoxesSize:6
currentRepackCostTime:185.161s , currentRepackMaxTime:217.06580373831775s
iter19		 Improve solution by repack 0.20112906476753561->0.2005383263907552 , unplacedBoxesSize:7
currentRepackCostTime:185.794s , currentRepackMaxTime:217.06580373831775s
iter17		 Improve solution by repack 0.2005383263907552->0.20041201961838215 , unplacedBoxesSize:10
currentRepackCostTime:186.446s , currentRepackMaxTime:217.06580373831775s
iter14		 Improve solution by repack 0.20041201961838215->0.19912876242945443 , unplacedBoxesSize:11
currentRepackCostTime:187.142s , currentRepackMaxTime:217.06580373831775s
iter4		 Improve solution by repack 0.19912876242945443->0.19446654125235152 , unplacedBoxesSize:8
currentRepackCostTime:187.281s , currentRepackMaxTime:217.06580373831775s
iter11		 Improve solution by repack 0.19446654125235152->0.19274019080892235 , unplacedBoxesSize:7
currentRepackCostTime:187.671s , currentRepackMaxTime:217.06580373831775s
Selecting boards with low utilization for repacking...
iter10		 Improve solution by repack 0.9870362923273315->0.9807874227358236 , unplacedBoxesSize:17
currentRepackCostTime:191.138s , currentRepackMaxTime:217.06580373831775s
iter1		 Improve solution by repack 0.9807874227358236->0.22314969094329482 , unplacedBoxesSize:5
currentRepackCostTime:191.183s , currentRepackMaxTime:217.06580373831775s
iter8		 Improve solution by repack 0.22314969094329482->0.21655737704918032 , unplacedBoxesSize:6
currentRepackCostTime:191.44s , currentRepackMaxTime:217.06580373831775s
Selecting boards with low utilization for repacking...
iter4		 Improve solution by repack 0.9886982598763773->0.21655737704918032 , unplacedBoxesSize:6
currentRepackCostTime:195.385s , currentRepackMaxTime:217.06580373831775s
Selecting boards with low utilization for repacking...
iter2		 Improve solution by repack 0.9891850728970706->0.985582550053749 , unplacedBoxesSize:14
currentRepackCostTime:199.84s , currentRepackMaxTime:217.06580373831775s
iter2		 Improve solution by repack 0.985582550053749->0.24737721714592853 , unplacedBoxesSize:5
currentRepackCostTime:199.889s , currentRepackMaxTime:217.06580373831775s
iter1		 Improve solution by repack 0.24737721714592853->0.23844262295081967 , unplacedBoxesSize:6
currentRepackCostTime:199.916s , currentRepackMaxTime:217.06580373831775s
iter5		 Improve solution by repack 0.23844262295081967->0.2320359110454179 , unplacedBoxesSize:5
currentRepackCostTime:200.084s , currentRepackMaxTime:217.06580373831775s
iter9		 Improve solution by repack 0.2320359110454179->0.22855348024724537 , unplacedBoxesSize:7
currentRepackCostTime:200.4s , currentRepackMaxTime:217.06580373831775s
iter9		 Improve solution by repack 0.22855348024724537->0.2204326793872615 , unplacedBoxesSize:6
currentRepackCostTime:200.689s , currentRepackMaxTime:217.06580373831775s
iter6		 Improve solution by repack 0.2204326793872615->0.21883767804353668 , unplacedBoxesSize:7
currentRepackCostTime:200.942s , currentRepackMaxTime:217.06580373831775s
iter42		 Improve solution by repack 0.21883767804353668->0.21433418435904328 , unplacedBoxesSize:5
currentRepackCostTime:202.476s , currentRepackMaxTime:217.06580373831775s
iter19		 Improve solution by repack 0.21433418435904328->0.2137301800591239 , unplacedBoxesSize:6
currentRepackCostTime:203.017s , currentRepackMaxTime:217.06580373831775s
iter22		 Improve solution by repack 0.2137301800591239->0.2121644013705993 , unplacedBoxesSize:6
currentRepackCostTime:203.91400000000002s , currentRepackMaxTime:217.06580373831775s
iter3		 Improve solution by repack 0.2121644013705993->0.21069357531577534 , unplacedBoxesSize:6
currentRepackCostTime:203.991s , currentRepackMaxTime:217.06580373831775s
iter17		 Improve solution by repack 0.21069357531577534->0.20515989989250202 , unplacedBoxesSize:5
currentRepackCostTime:204.574s , currentRepackMaxTime:217.06580373831775s
iter24		 Improve solution by repack 0.20515989989250202->0.20317509574039236 , unplacedBoxesSize:6
currentRepackCostTime:205.267s , currentRepackMaxTime:217.06580373831775s
iter3		 Improve solution by repack 0.20317509574039236->0.20307511085729643 , unplacedBoxesSize:6
currentRepackCostTime:205.41s , currentRepackMaxTime:217.06580373831775s
iter22		 Improve solution by repack 0.20307511085729643->0.20209956664875034 , unplacedBoxesSize:7
currentRepackCostTime:206.184s , currentRepackMaxTime:217.06580373831775s
iter5		 Improve solution by repack 0.20209956664875034->0.20204166386723998 , unplacedBoxesSize:7
currentRepackCostTime:206.365s , currentRepackMaxTime:217.06580373831775s
iter12		 Improve solution by repack 0.20204166386723998->0.20100956060198874 , unplacedBoxesSize:8
currentRepackCostTime:206.812s , currentRepackMaxTime:217.06580373831775s
iter8		 Improve solution by repack 0.20100956060198874->0.20025487436173073 , unplacedBoxesSize:6
currentRepackCostTime:207.108s , currentRepackMaxTime:217.06580373831775s
iter19		 Improve solution by repack 0.20025487436173073->0.19697484211233537 , unplacedBoxesSize:7
currentRepackCostTime:207.725s , currentRepackMaxTime:217.06580373831775s
iter33		 Improve solution by repack 0.19697484211233537->0.19662412993818865 , unplacedBoxesSize:7
currentRepackCostTime:208.958s , currentRepackMaxTime:217.06580373831775s
iter8		 Improve solution by repack 0.19662412993818865->0.1955444470572427 , unplacedBoxesSize:7
currentRepackCostTime:209.226s , currentRepackMaxTime:217.06580373831775s
iter52		 Improve solution by repack 0.1955444470572427->0.19337802674012364 , unplacedBoxesSize:8
currentRepackCostTime:211.09900000000002s , currentRepackMaxTime:217.06580373831775s
iter5		 Improve solution by repack 0.19337802674012364->0.18691605415210963 , unplacedBoxesSize:6
currentRepackCostTime:211.33s , currentRepackMaxTime:217.06580373831775s
Selecting boards with low utilization for repacking...
iter2		 Improve solution by repack 0.9929419880408492->0.1941127082773448 , unplacedBoxesSize:6
currentRepackCostTime:213.748s , currentRepackMaxTime:217.06580373831775s
iter24		 Improve solution by repack 0.1941127082773448->0.1901722352862134 , unplacedBoxesSize:7
currentRepackCostTime:214.548s , currentRepackMaxTime:217.06580373831775s
iter18		 Improve solution by repack 0.1901722352862134->0.18985899623757055 , unplacedBoxesSize:8
currentRepackCostTime:215.266s , currentRepackMaxTime:217.06580373831775s
iter27		 Improve solution by repack 0.18985899623757055->0.18942060601988714 , unplacedBoxesSize:9
currentRepackCostTime:216.298s , currentRepackMaxTime:217.06580373831775s
iter9		 Improve solution by repack 0.18942060601988714->0.18460738376780436 , unplacedBoxesSize:9
currentRepackCostTime:216.678s , currentRepackMaxTime:217.06580373831775s
Processing color group: 1 (2/2), boxes: 266
Allocated time: 372.9s
searchTime: 1000
Start nesting on the 1th large board, remaining blocks count: 271
Utilization of the 1th large board: 98.43912926632625, Time taken for this board: 1.002s
-------------------------------------------------------------------
Start nesting on the 2th large board, remaining blocks count: 266
Utilization of the 2th large board: 98.50511085729643, Time taken for this board: 2.003s
-------------------------------------------------------------------
Start nesting on the 3th large board, remaining blocks count: 254
Utilization of the 3th large board: 97.37002821822091, Time taken for this board: 3.005s
-------------------------------------------------------------------
Start nesting on the 4th large board, remaining blocks count: 249
Utilization of the 4th large board: 98.905468959957, Time taken for this board: 4.008s
-------------------------------------------------------------------
Start nesting on the 5th large board, remaining blocks count: 242
Utilization of the 5th large board: 99.55198535339962, Time taken for this board: 5.009s
-------------------------------------------------------------------
Start nesting on the 6th large board, remaining blocks count: 236
Utilization of the 6th large board: 99.03097285675895, Time taken for this board: 6.0120000000000005s
-------------------------------------------------------------------
Start nesting on the 7th large board, remaining blocks count: 225
Utilization of the 7th large board: 97.90058452029024, Time taken for this board: 7.013s
-------------------------------------------------------------------
Start nesting on the 8th large board, remaining blocks count: 216
Utilization of the 8th large board: 98.86764310669174, Time taken for this board: 8.014s
-------------------------------------------------------------------
Start nesting on the 9th large board, remaining blocks count: 205
Utilization of the 9th large board: 97.55522708949208, Time taken for this board: 9.016s
-------------------------------------------------------------------
Start nesting on the 10th large board, remaining blocks count: 197
Utilization of the 10th large board: 96.56298710024187, Time taken for this board: 10.016s
-------------------------------------------------------------------
Start nesting on the 11th large board, remaining blocks count: 191
Utilization of the 11th large board: 97.46642367643108, Time taken for this board: 11.016s
-------------------------------------------------------------------
Start nesting on the 12th large board, remaining blocks count: 188
Utilization of the 12th large board: 98.31839559258263, Time taken for this board: 12.017s
-------------------------------------------------------------------
Start nesting on the 13th large board, remaining blocks count: 178
Utilization of the 13th large board: 97.90738376780436, Time taken for this board: 13.021s
-------------------------------------------------------------------
Start nesting on the 14th large board, remaining blocks count: 165
Utilization of the 14th large board: 98.37899758129535, Time taken for this board: 14.021s
-------------------------------------------------------------------
Start nesting on the 15th large board, remaining blocks count: 157
Utilization of the 15th large board: 99.13027411986026, Time taken for this board: 15.022s
-------------------------------------------------------------------
Start nesting on the 16th large board, remaining blocks count: 148
Utilization of the 16th large board: 98.6433586401505, Time taken for this board: 16.022000000000002s
-------------------------------------------------------------------
Start nesting on the 17th large board, remaining blocks count: 130
Utilization of the 17th large board: 98.71632289707067, Time taken for this board: 17.022000000000002s
-------------------------------------------------------------------
Start nesting on the 18th large board, remaining blocks count: 120
Utilization of the 18th large board: 99.14068798710024, Time taken for this board: 18.022000000000002s
-------------------------------------------------------------------
Start nesting on the 19th large board, remaining blocks count: 110
Utilization of the 19th large board: 99.17639747379737, Time taken for this board: 19.022000000000002s
-------------------------------------------------------------------
Start nesting on the 20th large board, remaining blocks count: 100
Utilization of the 20th large board: 98.99119860252621, Time taken for this board: 19.786s
-------------------------------------------------------------------
Start nesting on the 21th large board, remaining blocks count: 88
Utilization of the 21th large board: 98.70916756248322, Time taken for this board: 20.529s
-------------------------------------------------------------------
Start nesting on the 22th large board, remaining blocks count: 78
Utilization of the 22th large board: 98.53374428916958, Time taken for this board: 21.119s
-------------------------------------------------------------------
Start nesting on the 23th large board, remaining blocks count: 64
Utilization of the 23th large board: 98.81617844665412, Time taken for this board: 21.351s
-------------------------------------------------------------------
Start nesting on the 24th large board, remaining blocks count: 52
Utilization of the 24th large board: 97.94579750067186, Time taken for this board: 21.531s
-------------------------------------------------------------------
Start nesting on the 25th large board, remaining blocks count: 38
Utilization of the 25th large board: 97.28935434023113, Time taken for this board: 21.608s
-------------------------------------------------------------------
Start nesting on the 26th large board, remaining blocks count: 22
Utilization of the 26th large board: 95.90891225477021, Time taken for this board: 21.628s
-------------------------------------------------------------------
Start nesting on the 27th large board, remaining blocks count: 8
Utilization of the 27th large board: 81.18842381080356, Time taken for this board: 21.629s
-------------------------------------------------------------------
Found solution: 27


Start improving solution by repacking.
Selecting boards with low utilization for repacking...
Selecting boards with low utilization for repacking...
iter9		 Improve solution by repack 0.9590891225477023->0.8302902445579146 , unplacedBoxesSize:11
currentRepackCostTime:4.126s , currentRepackMaxTime:351.26819626168225s
iter62		 Improve solution by repack 0.8302902445579146->0.8278997581295351 , unplacedBoxesSize:7
currentRepackCostTime:4.99s , currentRepackMaxTime:351.26819626168225s
iter135		 Improve solution by repack 0.8278997581295351->0.8184019752754635 , unplacedBoxesSize:8
currentRepackCostTime:6.466s , currentRepackMaxTime:351.26819626168225s
Selecting boards with low utilization for repacking...
iter3		 Improve solution by repack 0.964641897339425->0.8453036818059662 , unplacedBoxesSize:8
currentRepackCostTime:11.897s , currentRepackMaxTime:351.26819626168225s
iter83		 Improve solution by repack 0.8453036818059662->0.8390115224402042 , unplacedBoxesSize:17
currentRepackCostTime:12.879s , currentRepackMaxTime:351.26819626168225s
iter7		 Improve solution by repack 0.8390115224402042->0.8265585528083849 , unplacedBoxesSize:13
currentRepackCostTime:13.021s , currentRepackMaxTime:351.26819626168225s
iter9		 Improve solution by repack 0.8265585528083849->0.8215145458210159 , unplacedBoxesSize:12
currentRepackCostTime:13.168000000000001s , currentRepackMaxTime:351.26819626168225s
iter26		 Improve solution by repack 0.8215145458210159->0.8203243415748455 , unplacedBoxesSize:13
currentRepackCostTime:13.608s , currentRepackMaxTime:351.26819626168225s
iter131		 Improve solution by repack 0.8203243415748455->0.8194444033861864 , unplacedBoxesSize:14
currentRepackCostTime:15.755s , currentRepackMaxTime:351.26819626168225s
iter31		 Improve solution by repack 0.8194444033861864->0.8167926968556839 , unplacedBoxesSize:14
currentRepackCostTime:16.327s , currentRepackMaxTime:351.26819626168225s
iter11		 Improve solution by repack 0.8167926968556839->0.8167475141091104 , unplacedBoxesSize:15
currentRepackCostTime:16.552s , currentRepackMaxTime:351.26819626168225s
iter27		 Improve solution by repack 0.8167475141091104->0.8118822225208278 , unplacedBoxesSize:13
currentRepackCostTime:17.124s , currentRepackMaxTime:351.26819626168225s
iter125		 Improve solution by repack 0.8118822225208278->0.8110785071217415 , unplacedBoxesSize:13
currentRepackCostTime:19.21s , currentRepackMaxTime:351.26819626168225s
iter161		 Improve solution by repack 0.8110785071217415->0.8102625302338081 , unplacedBoxesSize:13
currentRepackCostTime:21.777s , currentRepackMaxTime:351.26819626168225s
iter251		 Improve solution by repack 0.8102625302338081->0.8080541185165279 , unplacedBoxesSize:13
currentRepackCostTime:25.85s , currentRepackMaxTime:351.26819626168225s
iter17		 Improve solution by repack 0.8080541185165279->0.8055566380005375 , unplacedBoxesSize:16
currentRepackCostTime:26.133s , currentRepackMaxTime:351.26819626168225s
iter11		 Improve solution by repack 0.8055566380005375->0.8017636388067725 , unplacedBoxesSize:9
currentRepackCostTime:26.304000000000002s , currentRepackMaxTime:351.26819626168225s
iter10		 Improve solution by repack 0.8017636388067725->0.7977240661112603 , unplacedBoxesSize:9
currentRepackCostTime:26.421s , currentRepackMaxTime:351.26819626168225s
iter216		 Improve solution by repack 0.7977240661112603->0.7976113611932276 , unplacedBoxesSize:9
currentRepackCostTime:29.12s , currentRepackMaxTime:351.26819626168225s
iter30		 Improve solution by repack 0.7976113611932276->0.7972982733136253 , unplacedBoxesSize:10
currentRepackCostTime:29.479s , currentRepackMaxTime:351.26819626168225s
iter79		 Improve solution by repack 0.7972982733136253->0.7961824778285408 , unplacedBoxesSize:10
currentRepackCostTime:30.534s , currentRepackMaxTime:351.26819626168225s
iter48		 Improve solution by repack 0.7961824778285408->0.7926891292663263 , unplacedBoxesSize:9
currentRepackCostTime:31.174s , currentRepackMaxTime:351.26819626168225s
iter74		 Improve solution by repack 0.7926891292663263->0.7920770626175759 , unplacedBoxesSize:8
currentRepackCostTime:32.22s , currentRepackMaxTime:351.26819626168225s
iter11		 Improve solution by repack 0.7920770626175759->0.7843556839559259 , unplacedBoxesSize:8
currentRepackCostTime:32.356s , currentRepackMaxTime:351.26819626168225s
Selecting boards with low utilization for repacking...
iter3		 Improve solution by repack 0.960425288900833->0.8128629736629939 , unplacedBoxesSize:11
currentRepackCostTime:39.965s , currentRepackMaxTime:351.26819626168225s
iter12		 Improve solution by repack 0.8128629736629939->0.8017968959957001 , unplacedBoxesSize:9
currentRepackCostTime:40.116s , currentRepackMaxTime:351.26819626168225s
iter28		 Improve solution by repack 0.8017968959957001->0.7976352123085192 , unplacedBoxesSize:9
currentRepackCostTime:40.538000000000004s , currentRepackMaxTime:351.26819626168225s
iter25		 Improve solution by repack 0.7976352123085192->0.796800759204515 , unplacedBoxesSize:9
currentRepackCostTime:40.839s , currentRepackMaxTime:351.26819626168225s
iter137		 Improve solution by repack 0.796800759204515->0.7875619793066381 , unplacedBoxesSize:6
currentRepackCostTime:42.480000000000004s , currentRepackMaxTime:351.26819626168225s
iter55		 Improve solution by repack 0.7875619793066381->0.787058082504703 , unplacedBoxesSize:6
currentRepackCostTime:43.114000000000004s , currentRepackMaxTime:351.26819626168225s
iter68		 Improve solution by repack 0.787058082504703->0.7807157014243482 , unplacedBoxesSize:7
currentRepackCostTime:43.843s , currentRepackMaxTime:351.26819626168225s
iter258		 Improve solution by repack 0.7807157014243482->0.779881248320344 , unplacedBoxesSize:7
currentRepackCostTime:46.827s , currentRepackMaxTime:351.26819626168225s
iter52		 Improve solution by repack 0.779881248320344->0.7796111596345069 , unplacedBoxesSize:7
currentRepackCostTime:47.504s , currentRepackMaxTime:351.26819626168225s
iter273		 Improve solution by repack 0.7796111596345069->0.7791636992743887 , unplacedBoxesSize:7
currentRepackCostTime:50.654s , currentRepackMaxTime:351.26819626168225s
Selecting boards with low utilization for repacking...
iter11		 Improve solution by repack 0.9724388605213652->0.9637033055630208 , unplacedBoxesSize:6
currentRepackCostTime:55.229s , currentRepackMaxTime:351.26819626168225s
iter18		 Improve solution by repack 0.9637033055630208->0.8029236092448266 , unplacedBoxesSize:8
currentRepackCostTime:55.406s , currentRepackMaxTime:351.26819626168225s
iter10		 Improve solution by repack 0.8029236092448266->0.8012877922601451 , unplacedBoxesSize:6
currentRepackCostTime:55.531s , currentRepackMaxTime:351.26819626168225s
iter315		 Improve solution by repack 0.8012877922601451->0.7980868718086536 , unplacedBoxesSize:7
currentRepackCostTime:58.813s , currentRepackMaxTime:351.26819626168225s
iter30		 Improve solution by repack 0.7980868718086536->0.7917423071754904 , unplacedBoxesSize:9
currentRepackCostTime:59.167s , currentRepackMaxTime:351.26819626168225s
iter25		 Improve solution by repack 0.7917423071754904->0.7884402714324107 , unplacedBoxesSize:6
currentRepackCostTime:59.497s , currentRepackMaxTime:351.26819626168225s
iter58		 Improve solution by repack 0.7884402714324107->0.7846879199140016 , unplacedBoxesSize:6
currentRepackCostTime:60.142s , currentRepackMaxTime:351.26819626168225s
iter73		 Improve solution by repack 0.7846879199140016->0.782961938994894 , unplacedBoxesSize:8
currentRepackCostTime:60.86s , currentRepackMaxTime:351.26819626168225s
iter13		 Improve solution by repack 0.782961938994894->0.7828512496640688 , unplacedBoxesSize:8
currentRepackCostTime:61.035000000000004s , currentRepackMaxTime:351.26819626168225s
iter44		 Improve solution by repack 0.7828512496640688->0.7813324711099167 , unplacedBoxesSize:8
currentRepackCostTime:61.54s , currentRepackMaxTime:351.26819626168225s
iter55		 Improve solution by repack 0.7813324711099167->0.7760806906745499 , unplacedBoxesSize:11
currentRepackCostTime:62.267s , currentRepackMaxTime:351.26819626168225s
iter234		 Improve solution by repack 0.7760806906745499->0.7759273380811609 , unplacedBoxesSize:8
currentRepackCostTime:65.631s , currentRepackMaxTime:351.26819626168225s
iter248		 Improve solution by repack 0.7759273380811609->0.7754178984144048 , unplacedBoxesSize:7
currentRepackCostTime:68.645s , currentRepackMaxTime:351.26819626168225s
iter264		 Improve solution by repack 0.7754178984144048->0.7753681805966138 , unplacedBoxesSize:7
currentRepackCostTime:71.683s , currentRepackMaxTime:351.26819626168225s
Selecting boards with low utilization for repacking...
iter5		 Improve solution by repack 0.9766030636925558->0.8081611126041386 , unplacedBoxesSize:9
currentRepackCostTime:77.991s , currentRepackMaxTime:351.26819626168225s
iter178		 Improve solution by repack 0.8081611126041386->0.8068657618919646 , unplacedBoxesSize:14
currentRepackCostTime:80.748s , currentRepackMaxTime:351.26819626168225s
iter57		 Improve solution by repack 0.8068657618919646->0.799885951357162 , unplacedBoxesSize:15
currentRepackCostTime:81.827s , currentRepackMaxTime:351.26819626168225s
iter108		 Improve solution by repack 0.799885951357162->0.7889772574576726 , unplacedBoxesSize:15
currentRepackCostTime:83.828s , currentRepackMaxTime:351.26819626168225s
iter76		 Improve solution by repack 0.7889772574576726->0.7846696116635313 , unplacedBoxesSize:16
currentRepackCostTime:85.217s , currentRepackMaxTime:351.26819626168225s
iter3		 Improve solution by repack 0.7846696116635313->0.7833756046761624 , unplacedBoxesSize:15
currentRepackCostTime:85.277s , currentRepackMaxTime:351.26819626168225s
iter17		 Improve solution by repack 0.7833756046761624->0.7808354608976081 , unplacedBoxesSize:13
currentRepackCostTime:85.593s , currentRepackMaxTime:351.26819626168225s
iter4		 Improve solution by repack 0.7808354608976081->0.7778559191077667 , unplacedBoxesSize:12
currentRepackCostTime:85.647s , currentRepackMaxTime:351.26819626168225s
iter14		 Improve solution by repack 0.7778559191077667->0.776704178984144 , unplacedBoxesSize:12
currentRepackCostTime:85.893s , currentRepackMaxTime:351.26819626168225s
iter44		 Improve solution by repack 0.776704178984144->0.7757212442891696 , unplacedBoxesSize:12
currentRepackCostTime:86.676s , currentRepackMaxTime:351.26819626168225s
iter2		 Improve solution by repack 0.7757212442891696->0.7750586199946251 , unplacedBoxesSize:14
currentRepackCostTime:86.706s , currentRepackMaxTime:351.26819626168225s
iter20		 Improve solution by repack 0.7750586199946251->0.7738709352324644 , unplacedBoxesSize:12
currentRepackCostTime:87.066s , currentRepackMaxTime:351.26819626168225s
iter12		 Improve solution by repack 0.7738709352324644->0.7738212174146735 , unplacedBoxesSize:12
currentRepackCostTime:87.237s , currentRepackMaxTime:351.26819626168225s
iter69		 Improve solution by repack 0.7738212174146735->0.7723459755442086 , unplacedBoxesSize:13
currentRepackCostTime:88.279s , currentRepackMaxTime:351.26819626168225s
iter23		 Improve solution by repack 0.7723459755442086->0.7719824979844129 , unplacedBoxesSize:13
currentRepackCostTime:88.622s , currentRepackMaxTime:351.26819626168225s
iter16		 Improve solution by repack 0.7719824979844129->0.7719752754635851 , unplacedBoxesSize:13
currentRepackCostTime:88.864s , currentRepackMaxTime:351.26819626168225s
Selecting boards with low utilization for repacking...
iter8		 Improve solution by repack 0.9763932746573502->0.8005153184627788 , unplacedBoxesSize:20
currentRepackCostTime:94.01s , currentRepackMaxTime:351.26819626168225s
iter4		 Improve solution by repack 0.8005153184627788->0.7973152378392905 , unplacedBoxesSize:14
currentRepackCostTime:94.127s , currentRepackMaxTime:351.26819626168225s
iter6		 Improve solution by repack 0.7973152378392905->0.7972655200214996 , unplacedBoxesSize:14
currentRepackCostTime:94.23400000000001s , currentRepackMaxTime:351.26819626168225s
iter18		 Improve solution by repack 0.7972655200214996->0.7969961031980651 , unplacedBoxesSize:17
currentRepackCostTime:94.547s , currentRepackMaxTime:351.26819626168225s
iter48		 Improve solution by repack 0.7969961031980651->0.7957168771835528 , unplacedBoxesSize:17
currentRepackCostTime:95.473s , currentRepackMaxTime:351.26819626168225s
iter14		 Improve solution by repack 0.7957168771835528->0.79493751679656 , unplacedBoxesSize:17
currentRepackCostTime:95.72500000000001s , currentRepackMaxTime:351.26819626168225s
iter22		 Improve solution by repack 0.79493751679656->0.7933868583714054 , unplacedBoxesSize:16
currentRepackCostTime:96.127s , currentRepackMaxTime:351.26819626168225s
iter98		 Improve solution by repack 0.7933868583714054->0.7844638538027412 , unplacedBoxesSize:16
currentRepackCostTime:97.947s , currentRepackMaxTime:351.26819626168225s
iter42		 Improve solution by repack 0.7844638538027412->0.7825505576457941 , unplacedBoxesSize:12
currentRepackCostTime:98.764s , currentRepackMaxTime:351.26819626168225s
iter190		 Improve solution by repack 0.7825505576457941->0.7815071553345875 , unplacedBoxesSize:13
currentRepackCostTime:101.946s , currentRepackMaxTime:351.26819626168225s
iter35		 Improve solution by repack 0.7815071553345875->0.779393476216071 , unplacedBoxesSize:14
currentRepackCostTime:102.529s , currentRepackMaxTime:351.26819626168225s
iter10		 Improve solution by repack 0.779393476216071->0.7783265587207739 , unplacedBoxesSize:14
currentRepackCostTime:102.694s , currentRepackMaxTime:351.26819626168225s
iter93		 Improve solution by repack 0.7783265587207739->0.7782768409029831 , unplacedBoxesSize:14
currentRepackCostTime:104.35300000000001s , currentRepackMaxTime:351.26819626168225s
iter16		 Improve solution by repack 0.7782768409029831->0.7771251007793604 , unplacedBoxesSize:14
currentRepackCostTime:104.662s , currentRepackMaxTime:351.26819626168225s
iter3		 Improve solution by repack 0.7771251007793604->0.7751150564364417 , unplacedBoxesSize:16
currentRepackCostTime:104.706s , currentRepackMaxTime:351.26819626168225s
iter83		 Improve solution by repack 0.7751150564364417->0.7745189465197527 , unplacedBoxesSize:11
currentRepackCostTime:106.423s , currentRepackMaxTime:351.26819626168225s
iter76		 Improve solution by repack 0.7745189465197527->0.7733974402042462 , unplacedBoxesSize:17
currentRepackCostTime:107.48100000000001s , currentRepackMaxTime:351.26819626168225s
iter44		 Improve solution by repack 0.7733974402042462->0.7685022507390488 , unplacedBoxesSize:17
currentRepackCostTime:108.354s , currentRepackMaxTime:351.26819626168225s
iter136		 Improve solution by repack 0.7685022507390488->0.7674702700886858 , unplacedBoxesSize:17
currentRepackCostTime:111.18900000000001s , currentRepackMaxTime:351.26819626168225s
iter38		 Improve solution by repack 0.7674702700886858->0.7672579615694706 , unplacedBoxesSize:13
currentRepackCostTime:112.033s , currentRepackMaxTime:351.26819626168225s
iter14		 Improve solution by repack 0.7672579615694706->0.7637402579951627 , unplacedBoxesSize:9
currentRepackCostTime:112.311s , currentRepackMaxTime:351.26819626168225s
iter195		 Improve solution by repack 0.7637402579951627->0.7606999126578876 , unplacedBoxesSize:8
currentRepackCostTime:114.773s , currentRepackMaxTime:351.26819626168225s
iter241		 Improve solution by repack 0.7606999126578876->0.7525557645794142 , unplacedBoxesSize:8
currentRepackCostTime:117.845s , currentRepackMaxTime:351.26819626168225s
Selecting boards with low utilization for repacking...
iter20		 Improve solution by repack 0.9740731658156409->0.7698253157753292 , unplacedBoxesSize:9
currentRepackCostTime:124.31700000000001s , currentRepackMaxTime:351.26819626168225s
iter18		 Improve solution by repack 0.7698253157753292->0.7693481255038969 , unplacedBoxesSize:9
currentRepackCostTime:124.535s , currentRepackMaxTime:351.26819626168225s
iter214		 Improve solution by repack 0.7693481255038969->0.7663818529965063 , unplacedBoxesSize:11
currentRepackCostTime:127.247s , currentRepackMaxTime:351.26819626168225s
iter189		 Improve solution by repack 0.7663818529965063->0.7660378594463854 , unplacedBoxesSize:11
currentRepackCostTime:130.042s , currentRepackMaxTime:351.26819626168225s
iter48		 Improve solution by repack 0.7660378594463854->0.7659948602526203 , unplacedBoxesSize:11
currentRepackCostTime:130.758s , currentRepackMaxTime:351.26819626168225s
iter68		 Improve solution by repack 0.7659948602526203->0.7631910104810535 , unplacedBoxesSize:10
currentRepackCostTime:131.78300000000002s , currentRepackMaxTime:351.26819626168225s
iter278		 Improve solution by repack 0.7631910104810535->0.7610573434560601 , unplacedBoxesSize:10
currentRepackCostTime:135.791s , currentRepackMaxTime:351.26819626168225s
iter3		 Improve solution by repack 0.7610573434560601->0.7609152445579145 , unplacedBoxesSize:10
currentRepackCostTime:135.843s , currentRepackMaxTime:351.26819626168225s
iter43		 Improve solution by repack 0.7609152445579145->0.7597514109110455 , unplacedBoxesSize:9
currentRepackCostTime:136.473s , currentRepackMaxTime:351.26819626168225s
iter80		 Improve solution by repack 0.7597514109110455->0.7595513638806772 , unplacedBoxesSize:9
currentRepackCostTime:137.619s , currentRepackMaxTime:351.26819626168225s
Selecting boards with low utilization for repacking...
iter64		 Improve solution by repack 0.9744295888202096->0.764755442085461 , unplacedBoxesSize:9
currentRepackCostTime:143.269s , currentRepackMaxTime:351.26819626168225s
iter105		 Improve solution by repack 0.764755442085461->0.7634580757860789 , unplacedBoxesSize:7
currentRepackCostTime:144.679s , currentRepackMaxTime:351.26819626168225s
iter300		 Improve solution by repack 0.7634580757860789->0.7563603533996238 , unplacedBoxesSize:8
currentRepackCostTime:148.278s , currentRepackMaxTime:351.26819626168225s
iter94		 Improve solution by repack 0.7563603533996238->0.7563106355818328 , unplacedBoxesSize:8
currentRepackCostTime:149.584s , currentRepackMaxTime:351.26819626168225s
iter134		 Improve solution by repack 0.7563106355818328->0.7549395323837679 , unplacedBoxesSize:7
currentRepackCostTime:151.27100000000002s , currentRepackMaxTime:351.26819626168225s
iter52		 Improve solution by repack 0.7549395323837679->0.7490294947594732 , unplacedBoxesSize:7
currentRepackCostTime:151.928s , currentRepackMaxTime:351.26819626168225s
iter70		 Improve solution by repack 0.7490294947594732->0.7482257793603869 , unplacedBoxesSize:7
currentRepackCostTime:152.77s , currentRepackMaxTime:351.26819626168225s
Selecting boards with low utilization for repacking...
iter15		 Improve solution by repack 0.9757049516259071->0.7875678581026605 , unplacedBoxesSize:15
currentRepackCostTime:158.87s , currentRepackMaxTime:351.26819626168225s
iter5		 Improve solution by repack 0.7875678581026605->0.7849145055092717 , unplacedBoxesSize:14
currentRepackCostTime:158.978s , currentRepackMaxTime:351.26819626168225s
iter25		 Improve solution by repack 0.7849145055092717->0.7843141964525665 , unplacedBoxesSize:13
currentRepackCostTime:159.386s , currentRepackMaxTime:351.26819626168225s
iter13		 Improve solution by repack 0.7843141964525665->0.7705435366836872 , unplacedBoxesSize:11
currentRepackCostTime:159.649s , currentRepackMaxTime:351.26819626168225s
iter308		 Improve solution by repack 0.7705435366836872->0.7702393509809191 , unplacedBoxesSize:13
currentRepackCostTime:164.576s , currentRepackMaxTime:351.26819626168225s
iter35		 Improve solution by repack 0.7702393509809191->0.7696462644450417 , unplacedBoxesSize:12
currentRepackCostTime:165.241s , currentRepackMaxTime:351.26819626168225s
iter6		 Improve solution by repack 0.7696462644450417->0.7690066514377856 , unplacedBoxesSize:12
currentRepackCostTime:165.318s , currentRepackMaxTime:351.26819626168225s
iter45		 Improve solution by repack 0.7690066514377856->0.7645350712174147 , unplacedBoxesSize:12
currentRepackCostTime:166.113s , currentRepackMaxTime:351.26819626168225s
iter39		 Improve solution by repack 0.7645350712174147->0.7603735554958345 , unplacedBoxesSize:6
currentRepackCostTime:166.728s , currentRepackMaxTime:351.26819626168225s
iter135		 Improve solution by repack 0.7603735554958345->0.7602405267401237 , unplacedBoxesSize:6
currentRepackCostTime:168.145s , currentRepackMaxTime:351.26819626168225s
iter105		 Improve solution by repack 0.7602405267401237->0.7595542192958883 , unplacedBoxesSize:12
currentRepackCostTime:169.27100000000002s , currentRepackMaxTime:351.26819626168225s
iter222		 Improve solution by repack 0.7595542192958883->0.7581379333512497 , unplacedBoxesSize:13
currentRepackCostTime:172.555s , currentRepackMaxTime:351.26819626168225s
Selecting boards with low utilization for repacking...
iter3		 Improve solution by repack 0.9770048374092986->0.7785464256920184 , unplacedBoxesSize:14
currentRepackCostTime:178.46200000000002s , currentRepackMaxTime:351.26819626168225s
iter91		 Improve solution by repack 0.7785464256920184->0.7768086535877452 , unplacedBoxesSize:12
currentRepackCostTime:180.02100000000002s , currentRepackMaxTime:351.26819626168225s
iter61		 Improve solution by repack 0.7768086535877452->0.7765407484547165 , unplacedBoxesSize:10
currentRepackCostTime:180.986s , currentRepackMaxTime:351.26819626168225s
iter33		 Improve solution by repack 0.7765407484547165->0.7764910306369255 , unplacedBoxesSize:10
currentRepackCostTime:181.511s , currentRepackMaxTime:351.26819626168225s
iter59		 Improve solution by repack 0.7764910306369255->0.7755025530771298 , unplacedBoxesSize:9
currentRepackCostTime:182.41400000000002s , currentRepackMaxTime:351.26819626168225s
iter41		 Improve solution by repack 0.7755025530771298->0.7726597352862133 , unplacedBoxesSize:12
currentRepackCostTime:183.011s , currentRepackMaxTime:351.26819626168225s
iter4		 Improve solution by repack 0.7726597352862133->0.7695866366568127 , unplacedBoxesSize:12
currentRepackCostTime:183.061s , currentRepackMaxTime:351.26819626168225s
iter39		 Improve solution by repack 0.7695866366568127->0.7660811945713517 , unplacedBoxesSize:13
currentRepackCostTime:183.68800000000002s , currentRepackMaxTime:351.26819626168225s
iter33		 Improve solution by repack 0.7660811945713517->0.7645469967750606 , unplacedBoxesSize:13
currentRepackCostTime:184.26s , currentRepackMaxTime:351.26819626168225s
iter197		 Improve solution by repack 0.7645469967750606->0.7631587610857297 , unplacedBoxesSize:15
currentRepackCostTime:187.517s , currentRepackMaxTime:351.26819626168225s
iter31		 Improve solution by repack 0.7631587610857297->0.7631305428648212 , unplacedBoxesSize:15
currentRepackCostTime:188.09900000000002s , currentRepackMaxTime:351.26819626168225s
iter30		 Improve solution by repack 0.7631305428648212->0.7599499462510079 , unplacedBoxesSize:14
currentRepackCostTime:188.711s , currentRepackMaxTime:351.26819626168225s
iter163		 Improve solution by repack 0.7599499462510079->0.7572611529158828 , unplacedBoxesSize:14
currentRepackCostTime:191.923s , currentRepackMaxTime:351.26819626168225s
iter12		 Improve solution by repack 0.7572611529158828->0.7571687718355281 , unplacedBoxesSize:15
currentRepackCostTime:192.13s , currentRepackMaxTime:351.26819626168225s
iter8		 Improve solution by repack 0.7571687718355281->0.7537674684224671 , unplacedBoxesSize:6
currentRepackCostTime:192.293s , currentRepackMaxTime:351.26819626168225s
iter286		 Improve solution by repack 0.7537674684224671->0.752067992475141 , unplacedBoxesSize:13
currentRepackCostTime:195.482s , currentRepackMaxTime:351.26819626168225s
iter261		 Improve solution by repack 0.752067992475141->0.7518734883095941 , unplacedBoxesSize:13
currentRepackCostTime:200.055s , currentRepackMaxTime:351.26819626168225s
iter42		 Improve solution by repack 0.7518734883095941->0.749246338349906 , unplacedBoxesSize:15
currentRepackCostTime:200.828s , currentRepackMaxTime:351.26819626168225s
iter22		 Improve solution by repack 0.749246338349906->0.7478219900564365 , unplacedBoxesSize:15
currentRepackCostTime:201.28s , currentRepackMaxTime:351.26819626168225s
Selecting boards with low utilization for repacking...
iter5		 Improve solution by repack 0.9776600712174146->0.7782926296694437 , unplacedBoxesSize:16
currentRepackCostTime:211.713s , currentRepackMaxTime:351.26819626168225s
iter1		 Improve solution by repack 0.7782926296694437->0.7778285407148616 , unplacedBoxesSize:17
currentRepackCostTime:211.73000000000002s , currentRepackMaxTime:351.26819626168225s
iter5		 Improve solution by repack 0.7778285407148616->0.7717213114754098 , unplacedBoxesSize:15
currentRepackCostTime:211.832s , currentRepackMaxTime:351.26819626168225s
iter10		 Improve solution by repack 0.7717213114754098->0.7677595068529965 , unplacedBoxesSize:15
currentRepackCostTime:212.016s , currentRepackMaxTime:351.26819626168225s
iter62		 Improve solution by repack 0.7677595068529965->0.7635830421929589 , unplacedBoxesSize:11
currentRepackCostTime:213.187s , currentRepackMaxTime:351.26819626168225s
iter53		 Improve solution by repack 0.7635830421929589->0.7611821418973395 , unplacedBoxesSize:12
currentRepackCostTime:213.971s , currentRepackMaxTime:351.26819626168225s
iter243		 Improve solution by repack 0.7611821418973395->0.7606653117441547 , unplacedBoxesSize:19
currentRepackCostTime:217.689s , currentRepackMaxTime:351.26819626168225s
iter82		 Improve solution by repack 0.7606653117441547->0.7562325315775329 , unplacedBoxesSize:12
currentRepackCostTime:219.484s , currentRepackMaxTime:351.26819626168225s
Selecting boards with low utilization for repacking...
iter5		 Improve solution by repack 0.9846314834721849->0.9828995901639345 , unplacedBoxesSize:11
currentRepackCostTime:227.826s , currentRepackMaxTime:351.26819626168225s
iter5		 Improve solution by repack 0.9828995901639345->0.8109898212846008 , unplacedBoxesSize:9
currentRepackCostTime:227.907s , currentRepackMaxTime:351.26819626168225s
iter35		 Improve solution by repack 0.8109898212846008->0.801433586401505 , unplacedBoxesSize:14
currentRepackCostTime:228.364s , currentRepackMaxTime:351.26819626168225s
iter7		 Improve solution by repack 0.801433586401505->0.7963756382692824 , unplacedBoxesSize:13
currentRepackCostTime:228.522s , currentRepackMaxTime:351.26819626168225s
iter8		 Improve solution by repack 0.7963756382692824->0.7934370800859984 , unplacedBoxesSize:7
currentRepackCostTime:228.687s , currentRepackMaxTime:351.26819626168225s
iter34		 Improve solution by repack 0.7934370800859984->0.7930500873421124 , unplacedBoxesSize:10
currentRepackCostTime:229.076s , currentRepackMaxTime:351.26819626168225s
iter52		 Improve solution by repack 0.7930500873421124->0.7923076793872614 , unplacedBoxesSize:12
currentRepackCostTime:229.799s , currentRepackMaxTime:351.26819626168225s
iter57		 Improve solution by repack 0.7923076793872614->0.7887632692824509 , unplacedBoxesSize:10
currentRepackCostTime:230.671s , currentRepackMaxTime:351.26819626168225s
iter3		 Improve solution by repack 0.7887632692824509->0.7866190204246171 , unplacedBoxesSize:8
currentRepackCostTime:230.71800000000002s , currentRepackMaxTime:351.26819626168225s
iter14		 Improve solution by repack 0.7866190204246171->0.7849939532383768 , unplacedBoxesSize:8
currentRepackCostTime:230.86100000000002s , currentRepackMaxTime:351.26819626168225s
iter29		 Improve solution by repack 0.7849939532383768->0.7844930798172534 , unplacedBoxesSize:15
currentRepackCostTime:231.191s , currentRepackMaxTime:351.26819626168225s
iter107		 Improve solution by repack 0.7844930798172534->0.7829184023112066 , unplacedBoxesSize:11
currentRepackCostTime:233.26s , currentRepackMaxTime:351.26819626168225s
iter13		 Improve solution by repack 0.7829184023112066->0.7812098562214459 , unplacedBoxesSize:10
currentRepackCostTime:233.478s , currentRepackMaxTime:351.26819626168225s
iter8		 Improve solution by repack 0.7812098562214459->0.7773987167428111 , unplacedBoxesSize:11
currentRepackCostTime:233.601s , currentRepackMaxTime:351.26819626168225s
Selecting boards with low utilization for repacking...
iter3		 Improve solution by repack 0.9766892300456865->0.974511723998925 , unplacedBoxesSize:11
currentRepackCostTime:242.53300000000002s , currentRepackMaxTime:351.26819626168225s
iter8		 Improve solution by repack 0.974511723998925->0.789636186509003 , unplacedBoxesSize:12
currentRepackCostTime:242.65200000000002s , currentRepackMaxTime:351.26819626168225s
iter78		 Improve solution by repack 0.789636186509003->0.7837879602257458 , unplacedBoxesSize:13
currentRepackCostTime:243.906s , currentRepackMaxTime:351.26819626168225s
iter2		 Improve solution by repack 0.7837879602257458->0.7749610319806503 , unplacedBoxesSize:12
currentRepackCostTime:243.928s , currentRepackMaxTime:351.26819626168225s
iter8		 Improve solution by repack 0.7749610319806503->0.7716576525127654 , unplacedBoxesSize:12
currentRepackCostTime:244.056s , currentRepackMaxTime:351.26819626168225s
iter143		 Improve solution by repack 0.7716576525127654->0.7709243147003493 , unplacedBoxesSize:9
currentRepackCostTime:246.28s , currentRepackMaxTime:351.26819626168225s
iter11		 Improve solution by repack 0.7709243147003493->0.7677264176296695 , unplacedBoxesSize:10
currentRepackCostTime:246.412s , currentRepackMaxTime:351.26819626168225s
iter42		 Improve solution by repack 0.7677264176296695->0.7661838215533459 , unplacedBoxesSize:9
currentRepackCostTime:247.01500000000001s , currentRepackMaxTime:351.26819626168225s
iter36		 Improve solution by repack 0.7661838215533459->0.7659137328675086 , unplacedBoxesSize:9
currentRepackCostTime:247.518s , currentRepackMaxTime:351.26819626168225s
iter83		 Improve solution by repack 0.7659137328675086->0.7654662725073904 , unplacedBoxesSize:9
currentRepackCostTime:248.591s , currentRepackMaxTime:351.26819626168225s
iter58		 Improve solution by repack 0.7654662725073904->0.7507760010749799 , unplacedBoxesSize:10
currentRepackCostTime:249.36700000000002s , currentRepackMaxTime:351.26819626168225s
iter2		 Improve solution by repack 0.7507760010749799->0.7489149422198335 , unplacedBoxesSize:10
currentRepackCostTime:249.391s , currentRepackMaxTime:351.26819626168225s
iter151		 Improve solution by repack 0.7489149422198335->0.7483384842784198 , unplacedBoxesSize:8
currentRepackCostTime:251.586s , currentRepackMaxTime:351.26819626168225s
iter11		 Improve solution by repack 0.7483384842784198->0.7482605482397204 , unplacedBoxesSize:8
currentRepackCostTime:251.739s , currentRepackMaxTime:351.26819626168225s
Selecting boards with low utilization for repacking...
iter11		 Improve solution by repack 0.9847729105079279->0.7720612738511152 , unplacedBoxesSize:11
currentRepackCostTime:256.159s , currentRepackMaxTime:351.26819626168225s
iter20		 Improve solution by repack 0.7720612738511152->0.7702741198602526 , unplacedBoxesSize:9
currentRepackCostTime:256.455s , currentRepackMaxTime:351.26819626168225s
iter21		 Improve solution by repack 0.7702741198602526->0.7603003224939532 , unplacedBoxesSize:10
currentRepackCostTime:256.72700000000003s , currentRepackMaxTime:351.26819626168225s
iter9		 Improve solution by repack 0.7603003224939532->0.7585722923945176 , unplacedBoxesSize:8
currentRepackCostTime:256.865s , currentRepackMaxTime:351.26819626168225s
Selecting boards with low utilization for repacking...
iter5		 Improve solution by repack 0.9707612201021231->0.7964199811878527 , unplacedBoxesSize:10
currentRepackCostTime:264.551s , currentRepackMaxTime:351.26819626168225s
iter34		 Improve solution by repack 0.7964199811878527->0.7963702633700619 , unplacedBoxesSize:10
currentRepackCostTime:265.053s , currentRepackMaxTime:351.26819626168225s
iter61		 Improve solution by repack 0.7963702633700619->0.7954951625907014 , unplacedBoxesSize:12
currentRepackCostTime:265.945s , currentRepackMaxTime:351.26819626168225s
iter23		 Improve solution by repack 0.7954951625907014->0.7920043335124967 , unplacedBoxesSize:17
currentRepackCostTime:266.272s , currentRepackMaxTime:351.26819626168225s
iter42		 Improve solution by repack 0.7920043335124967->0.7873437919914003 , unplacedBoxesSize:15
currentRepackCostTime:267.121s , currentRepackMaxTime:351.26819626168225s
iter152		 Improve solution by repack 0.7873437919914003->0.7872107632356894 , unplacedBoxesSize:15
currentRepackCostTime:269.839s , currentRepackMaxTime:351.26819626168225s
iter42		 Improve solution by repack 0.7872107632356894->0.7859610991668907 , unplacedBoxesSize:12
currentRepackCostTime:270.653s , currentRepackMaxTime:351.26819626168225s
iter34		 Improve solution by repack 0.7859610991668907->0.7835617105616769 , unplacedBoxesSize:17
currentRepackCostTime:271.193s , currentRepackMaxTime:351.26819626168225s
iter2		 Improve solution by repack 0.7835617105616769->0.7823679790378931 , unplacedBoxesSize:17
currentRepackCostTime:271.222s , currentRepackMaxTime:351.26819626168225s
iter6		 Improve solution by repack 0.7823679790378931->0.7808354608976081 , unplacedBoxesSize:16
currentRepackCostTime:271.338s , currentRepackMaxTime:351.26819626168225s
iter113		 Improve solution by repack 0.7808354608976081->0.7793393912926632 , unplacedBoxesSize:17
currentRepackCostTime:273.63800000000003s , currentRepackMaxTime:351.26819626168225s
iter27		 Improve solution by repack 0.7793393912926632->0.7779788699274389 , unplacedBoxesSize:15
currentRepackCostTime:274.183s , currentRepackMaxTime:351.26819626168225s
iter180		 Improve solution by repack 0.7779788699274389->0.7777175154528352 , unplacedBoxesSize:15
currentRepackCostTime:277.736s , currentRepackMaxTime:351.26819626168225s
iter48		 Improve solution by repack 0.7777175154528352->0.7766289303950551 , unplacedBoxesSize:15
currentRepackCostTime:278.685s , currentRepackMaxTime:351.26819626168225s
iter31		 Improve solution by repack 0.7766289303950551->0.7723894786347756 , unplacedBoxesSize:16
currentRepackCostTime:279.303s , currentRepackMaxTime:351.26819626168225s
iter53		 Improve solution by repack 0.7723894786347756->0.7709444705724267 , unplacedBoxesSize:13
currentRepackCostTime:280.379s , currentRepackMaxTime:351.26819626168225s
Selecting boards with low utilization for repacking...
iter3		 Improve solution by repack 0.9847976014512227->0.7930220370868046 , unplacedBoxesSize:9
currentRepackCostTime:288.096s , currentRepackMaxTime:351.26819626168225s
iter3		 Improve solution by repack 0.7930220370868046->0.790583848427842 , unplacedBoxesSize:5
currentRepackCostTime:288.13800000000003s , currentRepackMaxTime:351.26819626168225s
iter9		 Improve solution by repack 0.790583848427842->0.7897801330287556 , unplacedBoxesSize:5
currentRepackCostTime:288.243s , currentRepackMaxTime:351.26819626168225s
iter55		 Improve solution by repack 0.7897801330287556->0.776781779091642 , unplacedBoxesSize:5
currentRepackCostTime:288.825s , currentRepackMaxTime:351.26819626168225s
Selecting boards with low utilization for repacking...
iter6		 Improve solution by repack 0.9843325047030368->0.9786574509540445 , unplacedBoxesSize:8
currentRepackCostTime:295.36400000000003s , currentRepackMaxTime:351.26819626168225s
iter8		 Improve solution by repack 0.9786574509540445->0.7863302875571082 , unplacedBoxesSize:5
currentRepackCostTime:295.444s , currentRepackMaxTime:351.26819626168225s
iter49		 Improve solution by repack 0.7863302875571082->0.7858828271969901 , unplacedBoxesSize:5
currentRepackCostTime:295.97s , currentRepackMaxTime:351.26819626168225s
iter220		 Improve solution by repack 0.7858828271969901->0.7760642300456866 , unplacedBoxesSize:5
currentRepackCostTime:298.402s , currentRepackMaxTime:351.26819626168225s
iter18		 Improve solution by repack 0.7760642300456866->0.7756772373018006 , unplacedBoxesSize:5
currentRepackCostTime:298.615s , currentRepackMaxTime:351.26819626168225s
Selecting boards with low utilization for repacking...
iter9		 Improve solution by repack 0.9864335864015049->0.8271838887395861 , unplacedBoxesSize:8
currentRepackCostTime:302.659s , currentRepackMaxTime:351.26819626168225s
iter33		 Improve solution by repack 0.8271838887395861->0.8198799045955388 , unplacedBoxesSize:11
currentRepackCostTime:303.115s , currentRepackMaxTime:351.26819626168225s
iter32		 Improve solution by repack 0.8198799045955388->0.814680193496372 , unplacedBoxesSize:12
currentRepackCostTime:303.624s , currentRepackMaxTime:351.26819626168225s
iter32		 Improve solution by repack 0.814680193496372->0.8106728701961838 , unplacedBoxesSize:12
currentRepackCostTime:304.13800000000003s , currentRepackMaxTime:351.26819626168225s
iter8		 Improve solution by repack 0.8106728701961838->0.8022823165815641 , unplacedBoxesSize:18
currentRepackCostTime:304.265s , currentRepackMaxTime:351.26819626168225s
iter10		 Improve solution by repack 0.8022823165815641->0.8021911112604138 , unplacedBoxesSize:16
currentRepackCostTime:304.486s , currentRepackMaxTime:351.26819626168225s
iter27		 Improve solution by repack 0.8021911112604138->0.8000136052136523 , unplacedBoxesSize:17
currentRepackCostTime:305.051s , currentRepackMaxTime:351.26819626168225s
iter23		 Improve solution by repack 0.8000136052136523->0.7996230851921526 , unplacedBoxesSize:17
currentRepackCostTime:305.573s , currentRepackMaxTime:351.26819626168225s
iter9		 Improve solution by repack 0.7996230851921526->0.7962478164471917 , unplacedBoxesSize:17
currentRepackCostTime:305.802s , currentRepackMaxTime:351.26819626168225s
iter7		 Improve solution by repack 0.7962478164471917->0.7936846613813491 , unplacedBoxesSize:14
currentRepackCostTime:305.968s , currentRepackMaxTime:351.26819626168225s
iter90		 Improve solution by repack 0.7936846613813491->0.7915708142972319 , unplacedBoxesSize:7
currentRepackCostTime:307.627s , currentRepackMaxTime:351.26819626168225s
iter104		 Improve solution by repack 0.7915708142972319->0.786601048105348 , unplacedBoxesSize:6
currentRepackCostTime:308.981s , currentRepackMaxTime:351.26819626168225s
iter311		 Improve solution by repack 0.786601048105348->0.785275799516259 , unplacedBoxesSize:5
currentRepackCostTime:312.659s , currentRepackMaxTime:351.26819626168225s
iter66		 Improve solution by repack 0.785275799516259->0.784126578876646 , unplacedBoxesSize:12
currentRepackCostTime:313.428s , currentRepackMaxTime:351.26819626168225s
iter21		 Improve solution by repack 0.784126578876646->0.784037221177103 , unplacedBoxesSize:10
currentRepackCostTime:313.81600000000003s , currentRepackMaxTime:351.26819626168225s
iter5		 Improve solution by repack 0.784037221177103->0.7793872614888471 , unplacedBoxesSize:8
currentRepackCostTime:313.869s , currentRepackMaxTime:351.26819626168225s
iter189		 Improve solution by repack 0.7793872614888471->0.7793382155334588 , unplacedBoxesSize:8
currentRepackCostTime:316.15500000000003s , currentRepackMaxTime:351.26819626168225s
Selecting boards with low utilization for repacking...
iter16		 Improve solution by repack 0.9858875302338082->0.803654427573233 , unplacedBoxesSize:13
currentRepackCostTime:324.277s , currentRepackMaxTime:351.26819626168225s
iter55		 Improve solution by repack 0.803654427573233->0.8003461771029293 , unplacedBoxesSize:13
currentRepackCostTime:325.308s , currentRepackMaxTime:351.26819626168225s
iter7		 Improve solution by repack 0.8003461771029293->0.7966050792797635 , unplacedBoxesSize:13
currentRepackCostTime:325.442s , currentRepackMaxTime:351.26819626168225s
iter13		 Improve solution by repack 0.7966050792797635->0.7922016930932545 , unplacedBoxesSize:9
currentRepackCostTime:325.664s , currentRepackMaxTime:351.26819626168225s
iter22		 Improve solution by repack 0.7922016930932545->0.7905845202902446 , unplacedBoxesSize:9
currentRepackCostTime:325.95s , currentRepackMaxTime:351.26819626168225s
iter319		 Improve solution by repack 0.7905845202902446->0.7903752351518409 , unplacedBoxesSize:9
currentRepackCostTime:330.416s , currentRepackMaxTime:351.26819626168225s
iter29		 Improve solution by repack 0.7903752351518409->0.7886947393173878 , unplacedBoxesSize:10
currentRepackCostTime:330.831s , currentRepackMaxTime:351.26819626168225s
iter48		 Improve solution by repack 0.7886947393173878->0.7886060534802473 , unplacedBoxesSize:9
currentRepackCostTime:331.522s , currentRepackMaxTime:351.26819626168225s
Selecting boards with low utilization for repacking...
iter4		 Improve solution by repack 0.9741447191615157->0.7886060534802473 , unplacedBoxesSize:9
currentRepackCostTime:338.261s , currentRepackMaxTime:351.26819626168225s
Selecting boards with low utilization for repacking...
iter20		 Improve solution by repack 0.9750537489922063->0.8134920048374094 , unplacedBoxesSize:10
currentRepackCostTime:347.815s , currentRepackMaxTime:351.26819626168225s
iter8		 Improve solution by repack 0.8134920048374094->0.8126313490997045 , unplacedBoxesSize:10
currentRepackCostTime:347.928s , currentRepackMaxTime:351.26819626168225s
iter20		 Improve solution by repack 0.8126313490997045->0.8120965466272507 , unplacedBoxesSize:12
currentRepackCostTime:348.214s , currentRepackMaxTime:351.26819626168225s
iter1		 Improve solution by repack 0.8120965466272507->0.8086347755979576 , unplacedBoxesSize:11
currentRepackCostTime:348.22700000000003s , currentRepackMaxTime:351.26819626168225s
iter17		 Improve solution by repack 0.8086347755979576->0.8036626578876647 , unplacedBoxesSize:10
currentRepackCostTime:348.50100000000003s , currentRepackMaxTime:351.26819626168225s
iter80		 Improve solution by repack 0.8036626578876647->0.8023812483203441 , unplacedBoxesSize:11
currentRepackCostTime:349.668s , currentRepackMaxTime:351.26819626168225s
iter61		 Improve solution by repack 0.8023812483203441->0.799046627250739 , unplacedBoxesSize:9
currentRepackCostTime:350.64s , currentRepackMaxTime:351.26819626168225s
iter47		 Improve solution by repack 0.799046627250739->0.7952170115560333 , unplacedBoxesSize:9
currentRepackCostTime:351.25100000000003s , currentRepackMaxTime:351.26819626168225s
