total number of nestable workpieces：428
Processing color group: 0 (1/2), boxes: 162
Allocated time: 227.1s
searchTime: 1000
Start nesting on the 1th large board, remaining blocks count: 193
Utilization of the 1th large board: 98.8949207202365, Time taken for this board: 1.002s
-------------------------------------------------------------------
Start nesting on the 2th large board, remaining blocks count: 183
Utilization of the 2th large board: 99.23730180059124, Time taken for this board: 2.005s
-------------------------------------------------------------------
Start nesting on the 3th large board, remaining blocks count: 174
Utilization of the 3th large board: 99.31906745498523, Time taken for this board: 3.007s
-------------------------------------------------------------------
Start nesting on the 4th large board, remaining blocks count: 165
Utilization of the 4th large board: 99.48834318731524, Time taken for this board: 4.008s
-------------------------------------------------------------------
Start nesting on the 5th large board, remaining blocks count: 153
Utilization of the 5th large board: 99.37975342649825, Time taken for this board: 5.008s
-------------------------------------------------------------------
Start nesting on the 6th large board, remaining blocks count: 141
Utilization of the 6th large board: 98.32186475409836, Time taken for this board: 6.009s
-------------------------------------------------------------------
Start nesting on the 7th large board, remaining blocks count: 124
Utilization of the 7th large board: 99.33664539102392, Time taken for this board: 7.009s
-------------------------------------------------------------------
Start nesting on the 8th large board, remaining blocks count: 107
Utilization of the 8th large board: 97.65896264445043, Time taken for this board: 8.011000000000001s
-------------------------------------------------------------------
Start nesting on the 9th large board, remaining blocks count: 89
Utilization of the 9th large board: 97.59381584251545, Time taken for this board: 9.012s
-------------------------------------------------------------------
Start nesting on the 10th large board, remaining blocks count: 56
Utilization of the 10th large board: 98.36198904864284, Time taken for this board: 9.214s
-------------------------------------------------------------------
Start nesting on the 11th large board, remaining blocks count: 36
Utilization of the 11th large board: 97.86688423810803, Time taken for this board: 9.311s
-------------------------------------------------------------------
Start nesting on the 12th large board, remaining blocks count: 22
Utilization of the 12th large board: 95.22534264982531, Time taken for this board: 9.336s
-------------------------------------------------------------------
Start nesting on the 13th large board, remaining blocks count: 6
Utilization of the 13th large board: 23.617844665412523, Time taken for this board: 9.336s
-------------------------------------------------------------------
Found solution: 13


Start improving solution by repacking.
Selecting boards with low utilization for repacking...
iter42		 Improve solution by repack 0.23617844665412524->0.23505912053211503 , unplacedBoxesSize:6
currentRepackCostTime:1.209s , currentRepackMaxTime:217.76680373831775s
iter8		 Improve solution by repack 0.23505912053211503->0.23256382356893307 , unplacedBoxesSize:7
currentRepackCostTime:1.476s , currentRepackMaxTime:217.76680373831775s
iter66		 Improve solution by repack 0.23256382356893307->0.23225409500134372 , unplacedBoxesSize:9
currentRepackCostTime:3.875s , currentRepackMaxTime:217.76680373831775s
iter4		 Improve solution by repack 0.23225409500134372->0.23014176296694436 , unplacedBoxesSize:8
currentRepackCostTime:4.0760000000000005s , currentRepackMaxTime:217.76680373831775s
iter34		 Improve solution by repack 0.23014176296694436->0.2265525765923139 , unplacedBoxesSize:6
currentRepackCostTime:5.258s , currentRepackMaxTime:217.76680373831775s
iter4		 Improve solution by repack 0.2265525765923139->0.22450608371405537 , unplacedBoxesSize:7
currentRepackCostTime:5.418s , currentRepackMaxTime:217.76680373831775s
iter13		 Improve solution by repack 0.22450608371405537->0.2221243314969094 , unplacedBoxesSize:5
currentRepackCostTime:5.934s , currentRepackMaxTime:217.76680373831775s
Selecting boards with low utilization for repacking...
iter1		 Improve solution by repack 0.9643858136253695->0.9587190876108573 , unplacedBoxesSize:19
currentRepackCostTime:8.886000000000001s , currentRepackMaxTime:217.76680373831775s
iter2		 Improve solution by repack 0.9587190876108573->0.23880542864821283 , unplacedBoxesSize:6
currentRepackCostTime:8.987s , currentRepackMaxTime:217.76680373831775s
iter34		 Improve solution by repack 0.23880542864821283->0.23383229978500406 , unplacedBoxesSize:6
currentRepackCostTime:10.014s , currentRepackMaxTime:217.76680373831775s
iter14		 Improve solution by repack 0.23383229978500406->0.2235788850443429 , unplacedBoxesSize:6
currentRepackCostTime:10.459s , currentRepackMaxTime:217.76680373831775s
Selecting boards with low utilization for repacking...
iter5		 Improve solution by repack 0.9712281611126041->0.22665210628863208 , unplacedBoxesSize:5
currentRepackCostTime:13.497s , currentRepackMaxTime:217.76680373831775s
iter19		 Improve solution by repack 0.22665210628863208->0.222050520693362 , unplacedBoxesSize:7
currentRepackCostTime:14.162s , currentRepackMaxTime:217.76680373831775s
iter11		 Improve solution by repack 0.222050520693362->0.21191077331362537 , unplacedBoxesSize:6
currentRepackCostTime:14.577s , currentRepackMaxTime:217.76680373831775s
iter15		 Improve solution by repack 0.21191077331362537->0.21110185098091913 , unplacedBoxesSize:6
currentRepackCostTime:15.153s , currentRepackMaxTime:217.76680373831775s
iter47		 Improve solution by repack 0.21110185098091913->0.20825306033324373 , unplacedBoxesSize:5
currentRepackCostTime:16.795s , currentRepackMaxTime:217.76680373831775s
iter35		 Improve solution by repack 0.20825306033324373->0.20488040849234077 , unplacedBoxesSize:6
currentRepackCostTime:17.863s , currentRepackMaxTime:217.76680373831775s
iter19		 Improve solution by repack 0.20488040849234077->0.2037570545552271 , unplacedBoxesSize:7
currentRepackCostTime:18.551000000000002s , currentRepackMaxTime:217.76680373831775s
iter5		 Improve solution by repack 0.2037570545552271->0.19790513302875573 , unplacedBoxesSize:7
currentRepackCostTime:18.76s , currentRepackMaxTime:217.76680373831775s
Selecting boards with low utilization for repacking...
iter4		 Improve solution by repack 0.9753959654662726->0.21312751948400968 , unplacedBoxesSize:5
currentRepackCostTime:22.948s , currentRepackMaxTime:217.76680373831775s
iter17		 Improve solution by repack 0.21312751948400968->0.2108790345337275 , unplacedBoxesSize:9
currentRepackCostTime:23.51s , currentRepackMaxTime:217.76680373831775s
iter3		 Improve solution by repack 0.2108790345337275->0.20890687315237838 , unplacedBoxesSize:10
currentRepackCostTime:23.636s , currentRepackMaxTime:217.76680373831775s
iter3		 Improve solution by repack 0.20890687315237838->0.20819011858371406 , unplacedBoxesSize:10
currentRepackCostTime:23.761s , currentRepackMaxTime:217.76680373831775s
iter17		 Improve solution by repack 0.20819011858371406->0.2068993482934695 , unplacedBoxesSize:11
currentRepackCostTime:24.423000000000002s , currentRepackMaxTime:217.76680373831775s
iter4		 Improve solution by repack 0.2068993482934695->0.2063409147406611 , unplacedBoxesSize:7
currentRepackCostTime:24.7s , currentRepackMaxTime:217.76680373831775s
iter7		 Improve solution by repack 0.2063409147406611->0.20604059224670787 , unplacedBoxesSize:7
currentRepackCostTime:25.042s , currentRepackMaxTime:217.76680373831775s
iter35		 Improve solution by repack 0.20604059224670787->0.2057510195511959 , unplacedBoxesSize:7
currentRepackCostTime:26.293s , currentRepackMaxTime:217.76680373831775s
iter31		 Improve solution by repack 0.2057510195511959->0.2044919494087611 , unplacedBoxesSize:9
currentRepackCostTime:27.621000000000002s , currentRepackMaxTime:217.76680373831775s
iter4		 Improve solution by repack 0.2044919494087611->0.20267792092179523 , unplacedBoxesSize:9
currentRepackCostTime:27.724s , currentRepackMaxTime:217.76680373831775s
iter56		 Improve solution by repack 0.20267792092179523->0.20077990963450684 , unplacedBoxesSize:8
currentRepackCostTime:30.174s , currentRepackMaxTime:217.76680373831775s
iter38		 Improve solution by repack 0.20077990963450684->0.2003962762026337 , unplacedBoxesSize:8
currentRepackCostTime:31.723s , currentRepackMaxTime:217.76680373831775s
iter3		 Improve solution by repack 0.2003962762026337->0.19864821284600914 , unplacedBoxesSize:8
currentRepackCostTime:31.817s , currentRepackMaxTime:217.76680373831775s
iter30		 Improve solution by repack 0.19864821284600914->0.19634909970438055 , unplacedBoxesSize:8
currentRepackCostTime:33.035000000000004s , currentRepackMaxTime:217.76680373831775s
iter36		 Improve solution by repack 0.19634909970438055->0.1963235689330825 , unplacedBoxesSize:8
currentRepackCostTime:34.469s , currentRepackMaxTime:217.76680373831775s
iter30		 Improve solution by repack 0.1963235689330825->0.19524321418973395 , unplacedBoxesSize:6
currentRepackCostTime:35.7s , currentRepackMaxTime:217.76680373831775s
Selecting boards with low utilization for repacking...
iter4		 Improve solution by repack 0.9836198904864284->0.9807556436441817 , unplacedBoxesSize:24
currentRepackCostTime:38.635s , currentRepackMaxTime:217.76680373831775s
iter4		 Improve solution by repack 0.9807556436441817->0.2344772910507928 , unplacedBoxesSize:8
currentRepackCostTime:38.844s , currentRepackMaxTime:217.76680373831775s
iter7		 Improve solution by repack 0.2344772910507928->0.2344348411045418 , unplacedBoxesSize:7
currentRepackCostTime:39.134s , currentRepackMaxTime:217.76680373831775s
iter8		 Improve solution by repack 0.2344348411045418->0.23306503628056974 , unplacedBoxesSize:5
currentRepackCostTime:39.381s , currentRepackMaxTime:217.76680373831775s
Selecting boards with low utilization for repacking...
iter3		 Improve solution by repack 0.9700095404461165->0.241908079145391 , unplacedBoxesSize:9
currentRepackCostTime:43.173s , currentRepackMaxTime:217.76680373831775s
iter2		 Improve solution by repack 0.241908079145391->0.23697248387530231 , unplacedBoxesSize:8
currentRepackCostTime:43.261s , currentRepackMaxTime:217.76680373831775s
iter3		 Improve solution by repack 0.23697248387530231->0.23432589525665143 , unplacedBoxesSize:9
currentRepackCostTime:43.333s , currentRepackMaxTime:217.76680373831775s
iter3		 Improve solution by repack 0.23432589525665143->0.23264511556033324 , unplacedBoxesSize:7
currentRepackCostTime:43.468s , currentRepackMaxTime:217.76680373831775s
iter6		 Improve solution by repack 0.23264511556033324->0.22732598091910777 , unplacedBoxesSize:7
currentRepackCostTime:43.622s , currentRepackMaxTime:217.76680373831775s
iter4		 Improve solution by repack 0.22732598091910777->0.22576961502284335 , unplacedBoxesSize:8
currentRepackCostTime:43.774s , currentRepackMaxTime:217.76680373831775s
iter8		 Improve solution by repack 0.22576961502284335->0.22131651101854338 , unplacedBoxesSize:9
currentRepackCostTime:44.088s , currentRepackMaxTime:217.76680373831775s
iter13		 Improve solution by repack 0.22131651101854338->0.22022406275194842 , unplacedBoxesSize:9
currentRepackCostTime:44.618s , currentRepackMaxTime:217.76680373831775s
iter4		 Improve solution by repack 0.22022406275194842->0.21360710662456328 , unplacedBoxesSize:8
currentRepackCostTime:44.757s , currentRepackMaxTime:217.76680373831775s
iter9		 Improve solution by repack 0.21360710662456328->0.2127058032115023 , unplacedBoxesSize:8
currentRepackCostTime:45.078s , currentRepackMaxTime:217.76680373831775s
iter11		 Improve solution by repack 0.2127058032115023->0.21204334688255846 , unplacedBoxesSize:8
currentRepackCostTime:45.575s , currentRepackMaxTime:217.76680373831775s
iter3		 Improve solution by repack 0.21204334688255846->0.21056256214727223 , unplacedBoxesSize:9
currentRepackCostTime:45.718s , currentRepackMaxTime:217.76680373831775s
iter15		 Improve solution by repack 0.21056256214727223->0.20964314364418166 , unplacedBoxesSize:9
currentRepackCostTime:46.244s , currentRepackMaxTime:217.76680373831775s
iter2		 Improve solution by repack 0.20964314364418166->0.2024837778822897 , unplacedBoxesSize:9
currentRepackCostTime:46.301s , currentRepackMaxTime:217.76680373831775s
iter26		 Improve solution by repack 0.2024837778822897->0.19946586938994895 , unplacedBoxesSize:7
currentRepackCostTime:47.482s , currentRepackMaxTime:217.76680373831775s
iter4		 Improve solution by repack 0.19946586938994895->0.19865670182746573 , unplacedBoxesSize:8
currentRepackCostTime:47.625s , currentRepackMaxTime:217.76680373831775s
iter4		 Improve solution by repack 0.19865670182746573->0.19857876578876646 , unplacedBoxesSize:8
currentRepackCostTime:47.754s , currentRepackMaxTime:217.76680373831775s
iter3		 Improve solution by repack 0.19857876578876646->0.19620944302606824 , unplacedBoxesSize:7
currentRepackCostTime:47.866s , currentRepackMaxTime:217.76680373831775s
iter2		 Improve solution by repack 0.19620944302606824->0.1901878040177372 , unplacedBoxesSize:7
currentRepackCostTime:47.945s , currentRepackMaxTime:217.76680373831775s
iter36		 Improve solution by repack 0.1901878040177372->0.1901098679790379 , unplacedBoxesSize:7
currentRepackCostTime:49.308s , currentRepackMaxTime:217.76680373831775s
iter9		 Improve solution by repack 0.1901098679790379->0.1871257205724268 , unplacedBoxesSize:8
currentRepackCostTime:49.592s , currentRepackMaxTime:217.76680373831775s
iter16		 Improve solution by repack 0.1871257205724268->0.18668161952432144 , unplacedBoxesSize:7
currentRepackCostTime:50.294000000000004s , currentRepackMaxTime:217.76680373831775s
iter38		 Improve solution by repack 0.18668161952432144->0.18643113746304757 , unplacedBoxesSize:7
currentRepackCostTime:51.785000000000004s , currentRepackMaxTime:217.76680373831775s
Selecting boards with low utilization for repacking...
iter2		 Improve solution by repack 0.9848802858774524->0.20692600947325987 , unplacedBoxesSize:8
currentRepackCostTime:55.847s , currentRepackMaxTime:217.76680373831775s
iter14		 Improve solution by repack 0.20692600947325987->0.19487224872346143 , unplacedBoxesSize:7
currentRepackCostTime:56.471000000000004s , currentRepackMaxTime:217.76680373831775s
iter36		 Improve solution by repack 0.19487224872346143->0.1947678681805966 , unplacedBoxesSize:6
currentRepackCostTime:57.731s , currentRepackMaxTime:217.76680373831775s
Selecting boards with low utilization for repacking...
iter4		 Improve solution by repack 0.9838771953104004->0.21802863309594195 , unplacedBoxesSize:6
currentRepackCostTime:60.693s , currentRepackMaxTime:217.76680373831775s
iter59		 Improve solution by repack 0.21802863309594195->0.21433216877183553 , unplacedBoxesSize:3
currentRepackCostTime:62.829s , currentRepackMaxTime:217.76680373831775s
iter66		 Improve solution by repack 0.21433216877183553->0.21251175759204513 , unplacedBoxesSize:5
currentRepackCostTime:64.923s , currentRepackMaxTime:217.76680373831775s
Selecting boards with low utilization for repacking...
iter4		 Improve solution by repack 0.9861478769148079->0.9854715466272508 , unplacedBoxesSize:20
currentRepackCostTime:67.562s , currentRepackMaxTime:217.76680373831775s
iter2		 Improve solution by repack 0.9854715466272508->0.9796782585326526 , unplacedBoxesSize:18
currentRepackCostTime:67.637s , currentRepackMaxTime:217.76680373831775s
iter4		 Improve solution by repack 0.9796782585326526->0.2224557477828541 , unplacedBoxesSize:10
currentRepackCostTime:67.791s , currentRepackMaxTime:217.76680373831775s
iter33		 Improve solution by repack 0.2224557477828541->0.21861202297769416 , unplacedBoxesSize:9
currentRepackCostTime:69.15s , currentRepackMaxTime:217.76680373831775s
iter1		 Improve solution by repack 0.21861202297769416->0.21689373488309593 , unplacedBoxesSize:9
currentRepackCostTime:69.163s , currentRepackMaxTime:217.76680373831775s
iter32		 Improve solution by repack 0.21689373488309593->0.20892031375974202 , unplacedBoxesSize:6
currentRepackCostTime:70.60000000000001s , currentRepackMaxTime:217.76680373831775s
iter35		 Improve solution by repack 0.20892031375974202->0.2035991635313088 , unplacedBoxesSize:7
currentRepackCostTime:71.711s , currentRepackMaxTime:217.76680373831775s
iter27		 Improve solution by repack 0.2035991635313088->0.1999502821822091 , unplacedBoxesSize:6
currentRepackCostTime:72.836s , currentRepackMaxTime:217.76680373831775s
iter19		 Improve solution by repack 0.1999502821822091->0.19855818328406344 , unplacedBoxesSize:5
currentRepackCostTime:73.52s , currentRepackMaxTime:217.76680373831775s
iter21		 Improve solution by repack 0.19855818328406344->0.19604541789841443 , unplacedBoxesSize:5
currentRepackCostTime:74.045s , currentRepackMaxTime:217.76680373831775s
iter9		 Improve solution by repack 0.19604541789841443->0.19420518677774792 , unplacedBoxesSize:8
currentRepackCostTime:74.413s , currentRepackMaxTime:217.76680373831775s
iter20		 Improve solution by repack 0.19420518677774792->0.19340701424348294 , unplacedBoxesSize:7
currentRepackCostTime:75.255s , currentRepackMaxTime:217.76680373831775s
Selecting boards with low utilization for repacking...
iter9		 Improve solution by repack 0.9785684862940071->0.2051315624160172 , unplacedBoxesSize:10
currentRepackCostTime:80.18900000000001s , currentRepackMaxTime:217.76680373831775s
iter14		 Improve solution by repack 0.2051315624160172->0.2025870061811341 , unplacedBoxesSize:9
currentRepackCostTime:80.858s , currentRepackMaxTime:217.76680373831775s
iter4		 Improve solution by repack 0.2025870061811341->0.20062516796560065 , unplacedBoxesSize:8
currentRepackCostTime:81.017s , currentRepackMaxTime:217.76680373831775s
iter49		 Improve solution by repack 0.20062516796560065->0.19821284600913733 , unplacedBoxesSize:9
currentRepackCostTime:82.886s , currentRepackMaxTime:217.76680373831775s
Selecting boards with low utilization for repacking...
iter2		 Improve solution by repack 0.9867293738242409->0.20483337812416016 , unplacedBoxesSize:7
currentRepackCostTime:87.986s , currentRepackMaxTime:217.76680373831775s
iter1		 Improve solution by repack 0.20483337812416016->0.20216260245901638 , unplacedBoxesSize:8
currentRepackCostTime:88.008s , currentRepackMaxTime:217.76680373831775s
iter2		 Improve solution by repack 0.20216260245901638->0.2019852307847353 , unplacedBoxesSize:7
currentRepackCostTime:88.078s , currentRepackMaxTime:217.76680373831775s
iter50		 Improve solution by repack 0.2019852307847353->0.20197661918839022 , unplacedBoxesSize:7
currentRepackCostTime:89.993s , currentRepackMaxTime:217.76680373831775s
iter11		 Improve solution by repack 0.20197661918839022->0.20053211502284332 , unplacedBoxesSize:7
currentRepackCostTime:90.39s , currentRepackMaxTime:217.76680373831775s
iter2		 Improve solution by repack 0.20053211502284332->0.1946990056436442 , unplacedBoxesSize:7
currentRepackCostTime:90.438s , currentRepackMaxTime:217.76680373831775s
iter50		 Improve solution by repack 0.1946990056436442->0.1923965331900027 , unplacedBoxesSize:6
currentRepackCostTime:92.348s , currentRepackMaxTime:217.76680373831775s
iter66		 Improve solution by repack 0.1923965331900027->0.18837397037086803 , unplacedBoxesSize:5
currentRepackCostTime:94.639s , currentRepackMaxTime:217.76680373831775s
iter27		 Improve solution by repack 0.18837397037086803->0.18718288094598226 , unplacedBoxesSize:7
currentRepackCostTime:95.43900000000001s , currentRepackMaxTime:217.76680373831775s
Selecting boards with low utilization for repacking...
iter2		 Improve solution by repack 0.9886986025262027->0.19628963988175224 , unplacedBoxesSize:8
currentRepackCostTime:100.01s , currentRepackMaxTime:217.76680373831775s
iter35		 Improve solution by repack 0.19628963988175224->0.1950198199408761 , unplacedBoxesSize:8
currentRepackCostTime:101.47500000000001s , currentRepackMaxTime:217.76680373831775s
iter33		 Improve solution by repack 0.1950198199408761->0.19475073904864285 , unplacedBoxesSize:8
currentRepackCostTime:102.726s , currentRepackMaxTime:217.76680373831775s
iter52		 Improve solution by repack 0.19475073904864285->0.19285529259607634 , unplacedBoxesSize:8
currentRepackCostTime:104.708s , currentRepackMaxTime:217.76680373831775s
Selecting boards with low utilization for repacking...
iter1		 Improve solution by repack 0.9899704380542865->0.9871486159634507 , unplacedBoxesSize:12
currentRepackCostTime:107.87s , currentRepackMaxTime:217.76680373831775s
iter1		 Improve solution by repack 0.9871486159634507->0.9814930462241334 , unplacedBoxesSize:18
currentRepackCostTime:107.897s , currentRepackMaxTime:217.76680373831775s
iter2		 Improve solution by repack 0.9814930462241334->0.20280636925557646 , unplacedBoxesSize:6
currentRepackCostTime:107.99300000000001s , currentRepackMaxTime:217.76680373831775s
iter46		 Improve solution by repack 0.20280636925557646->0.20080409668099972 , unplacedBoxesSize:6
currentRepackCostTime:109.655s , currentRepackMaxTime:217.76680373831775s
iter19		 Improve solution by repack 0.20080409668099972->0.198646869121204 , unplacedBoxesSize:4
currentRepackCostTime:110.386s , currentRepackMaxTime:217.76680373831775s
Selecting boards with low utilization for repacking...
All low-utilization boards have been repacked once. Restarting repacking process...
Selecting boards with low utilization for repacking...
Selecting boards with low utilization for repacking...
iter1		 Improve solution by repack 0.9807859815909701->0.206528389545821 , unplacedBoxesSize:4
currentRepackCostTime:116.882s , currentRepackMaxTime:217.76680373831775s
Selecting boards with low utilization for repacking...
iter10		 Improve solution by repack 0.9783371405536146->0.2200597957538296 , unplacedBoxesSize:6
currentRepackCostTime:121.637s , currentRepackMaxTime:217.76680373831775s
iter47		 Improve solution by repack 0.2200597957538296->0.21048306906745498 , unplacedBoxesSize:7
currentRepackCostTime:123.395s , currentRepackMaxTime:217.76680373831775s
iter3		 Improve solution by repack 0.21048306906745498->0.20769001444504165 , unplacedBoxesSize:6
currentRepackCostTime:123.479s , currentRepackMaxTime:217.76680373831775s
iter11		 Improve solution by repack 0.20769001444504165->0.2070404461166353 , unplacedBoxesSize:5
currentRepackCostTime:123.825s , currentRepackMaxTime:217.76680373831775s
iter5		 Improve solution by repack 0.2070404461166353->0.2054628157753292 , unplacedBoxesSize:4
currentRepackCostTime:124.066s , currentRepackMaxTime:217.76680373831775s
Selecting boards with low utilization for repacking...
iter2		 Improve solution by repack 0.9826162321956463->0.97426094799785 , unplacedBoxesSize:20
currentRepackCostTime:128.179s , currentRepackMaxTime:217.76680373831775s
iter2		 Improve solution by repack 0.97426094799785->0.23265587207739855 , unplacedBoxesSize:6
currentRepackCostTime:128.237s , currentRepackMaxTime:217.76680373831775s
iter4		 Improve solution by repack 0.23265587207739855->0.22535128661650095 , unplacedBoxesSize:6
currentRepackCostTime:128.43200000000002s , currentRepackMaxTime:217.76680373831775s
iter18		 Improve solution by repack 0.22535128661650095->0.22360847554420854 , unplacedBoxesSize:6
currentRepackCostTime:129.044s , currentRepackMaxTime:217.76680373831775s
iter3		 Improve solution by repack 0.22360847554420854->0.22159634506852996 , unplacedBoxesSize:5
currentRepackCostTime:129.121s , currentRepackMaxTime:217.76680373831775s
Selecting boards with low utilization for repacking...
iter3		 Improve solution by repack 0.9811009775597958->0.9787730717549046 , unplacedBoxesSize:21
currentRepackCostTime:132.615s , currentRepackMaxTime:217.76680373831775s
iter8		 Improve solution by repack 0.9787730717549046->0.23819033861865088 , unplacedBoxesSize:7
currentRepackCostTime:133.013s , currentRepackMaxTime:217.76680373831775s
iter10		 Improve solution by repack 0.23819033861865088->0.23783962644450415 , unplacedBoxesSize:7
currentRepackCostTime:133.359s , currentRepackMaxTime:217.76680373831775s
iter16		 Improve solution by repack 0.23783962644450415->0.23508868583714054 , unplacedBoxesSize:8
currentRepackCostTime:133.949s , currentRepackMaxTime:217.76680373831775s
iter12		 Improve solution by repack 0.23508868583714054->0.23462913195377585 , unplacedBoxesSize:8
currentRepackCostTime:134.387s , currentRepackMaxTime:217.76680373831775s
iter6		 Improve solution by repack 0.23462913195377585->0.22889423038161782 , unplacedBoxesSize:10
currentRepackCostTime:134.607s , currentRepackMaxTime:217.76680373831775s
iter1		 Improve solution by repack 0.22889423038161782->0.22462980381617847 , unplacedBoxesSize:7
currentRepackCostTime:134.637s , currentRepackMaxTime:217.76680373831775s
iter58		 Improve solution by repack 0.22462980381617847->0.2241084385917764 , unplacedBoxesSize:7
currentRepackCostTime:136.815s , currentRepackMaxTime:217.76680373831775s
iter1		 Improve solution by repack 0.2241084385917764->0.22338282719699004 , unplacedBoxesSize:7
currentRepackCostTime:136.83s , currentRepackMaxTime:217.76680373831775s
iter24		 Improve solution by repack 0.22338282719699004->0.22047289371136788 , unplacedBoxesSize:6
currentRepackCostTime:137.629s , currentRepackMaxTime:217.76680373831775s
Selecting boards with low utilization for repacking...
iter1		 Improve solution by repack 0.978725275463585->0.25009674818597155 , unplacedBoxesSize:7
currentRepackCostTime:142.054s , currentRepackMaxTime:217.76680373831775s
iter8		 Improve solution by repack 0.25009674818597155->0.24202633700618115 , unplacedBoxesSize:7
currentRepackCostTime:142.359s , currentRepackMaxTime:217.76680373831775s
iter20		 Improve solution by repack 0.24202633700618115->0.23380828406342383 , unplacedBoxesSize:7
currentRepackCostTime:143.19400000000002s , currentRepackMaxTime:217.76680373831775s
iter9		 Improve solution by repack 0.23380828406342383->0.23351529998656276 , unplacedBoxesSize:8
currentRepackCostTime:143.49s , currentRepackMaxTime:217.76680373831775s
iter41		 Improve solution by repack 0.23351529998656276->0.23085628863208815 , unplacedBoxesSize:7
currentRepackCostTime:144.993s , currentRepackMaxTime:217.76680373831775s
iter63		 Improve solution by repack 0.23085628863208815->0.23042931671593656 , unplacedBoxesSize:9
currentRepackCostTime:147.212s , currentRepackMaxTime:217.76680373831775s
iter10		 Improve solution by repack 0.23042931671593656->0.22604395155872076 , unplacedBoxesSize:9
currentRepackCostTime:147.57500000000002s , currentRepackMaxTime:217.76680373831775s
iter9		 Improve solution by repack 0.22604395155872076->0.2259697107632357 , unplacedBoxesSize:11
currentRepackCostTime:147.949s , currentRepackMaxTime:217.76680373831775s
iter4		 Improve solution by repack 0.2259697107632357->0.22247211771029293 , unplacedBoxesSize:10
currentRepackCostTime:148.085s , currentRepackMaxTime:217.76680373831775s
iter8		 Improve solution by repack 0.22247211771029293->0.22142938726148886 , unplacedBoxesSize:11
currentRepackCostTime:148.431s , currentRepackMaxTime:217.76680373831775s
iter4		 Improve solution by repack 0.22142938726148886->0.22118600510615427 , unplacedBoxesSize:9
currentRepackCostTime:148.589s , currentRepackMaxTime:217.76680373831775s
iter22		 Improve solution by repack 0.22118600510615427->0.22029079380542863 , unplacedBoxesSize:10
currentRepackCostTime:149.497s , currentRepackMaxTime:217.76680373831775s
iter8		 Improve solution by repack 0.22029079380542863->0.21797097554420852 , unplacedBoxesSize:10
currentRepackCostTime:149.77700000000002s , currentRepackMaxTime:217.76680373831775s
iter5		 Improve solution by repack 0.21797097554420852->0.21558888739586132 , unplacedBoxesSize:9
currentRepackCostTime:149.986s , currentRepackMaxTime:217.76680373831775s
iter7		 Improve solution by repack 0.21558888739586132->0.21416588282719698 , unplacedBoxesSize:9
currentRepackCostTime:150.24s , currentRepackMaxTime:217.76680373831775s
iter9		 Improve solution by repack 0.21416588282719698->0.21265956732061272 , unplacedBoxesSize:10
currentRepackCostTime:150.584s , currentRepackMaxTime:217.76680373831775s
Selecting boards with low utilization for repacking...
iter10		 Improve solution by repack 0.9759557645794141->0.9746019584789035 , unplacedBoxesSize:11
currentRepackCostTime:155.196s , currentRepackMaxTime:217.76680373831775s
iter8		 Improve solution by repack 0.9746019584789035->0.23404058048911583 , unplacedBoxesSize:4
currentRepackCostTime:155.411s , currentRepackMaxTime:217.76680373831775s
iter40		 Improve solution by repack 0.23404058048911583->0.22945041655468962 , unplacedBoxesSize:3
currentRepackCostTime:156.679s , currentRepackMaxTime:217.76680373831775s
iter57		 Improve solution by repack 0.22945041655468962->0.22929857229239453 , unplacedBoxesSize:4
currentRepackCostTime:158.276s , currentRepackMaxTime:217.76680373831775s
iter9		 Improve solution by repack 0.22929857229239453->0.22366131080354743 , unplacedBoxesSize:5
currentRepackCostTime:158.56s , currentRepackMaxTime:217.76680373831775s
Selecting boards with low utilization for repacking...
iter7		 Improve solution by repack 0.9795974570008061->0.2570290177371674 , unplacedBoxesSize:6
currentRepackCostTime:161.062s , currentRepackMaxTime:217.76680373831775s
iter5		 Improve solution by repack 0.2570290177371674->0.25337846009137327 , unplacedBoxesSize:10
currentRepackCostTime:161.21200000000002s , currentRepackMaxTime:217.76680373831775s
iter2		 Improve solution by repack 0.25337846009137327->0.243392710292932 , unplacedBoxesSize:6
currentRepackCostTime:161.308s , currentRepackMaxTime:217.76680373831775s
iter3		 Improve solution by repack 0.243392710292932->0.23591622547702232 , unplacedBoxesSize:7
currentRepackCostTime:161.409s , currentRepackMaxTime:217.76680373831775s
iter56		 Improve solution by repack 0.23591622547702232->0.23065285541521097 , unplacedBoxesSize:9
currentRepackCostTime:163.27s , currentRepackMaxTime:217.76680373831775s
iter7		 Improve solution by repack 0.23065285541521097->0.23028554152109648 , unplacedBoxesSize:10
currentRepackCostTime:163.568s , currentRepackMaxTime:217.76680373831775s
iter2		 Improve solution by repack 0.23028554152109648->0.2257571889277076 , unplacedBoxesSize:9
currentRepackCostTime:163.63s , currentRepackMaxTime:217.76680373831775s
iter32		 Improve solution by repack 0.2257571889277076->0.22552069336199945 , unplacedBoxesSize:7
currentRepackCostTime:164.815s , currentRepackMaxTime:217.76680373831775s
Selecting boards with low utilization for repacking...
iter2		 Improve solution by repack 0.9841437080085998->0.2356042428110723 , unplacedBoxesSize:8
currentRepackCostTime:167.738s , currentRepackMaxTime:217.76680373831775s
iter3		 Improve solution by repack 0.2356042428110723->0.23431503292125772 , unplacedBoxesSize:9
currentRepackCostTime:167.845s , currentRepackMaxTime:217.76680373831775s
iter6		 Improve solution by repack 0.23431503292125772->0.23091764142703575 , unplacedBoxesSize:9
currentRepackCostTime:168.061s , currentRepackMaxTime:217.76680373831775s
iter22		 Improve solution by repack 0.23091764142703575->0.22669712442891696 , unplacedBoxesSize:10
currentRepackCostTime:168.921s , currentRepackMaxTime:217.76680373831775s
iter46		 Improve solution by repack 0.22669712442891696->0.2265022843321688 , unplacedBoxesSize:9
currentRepackCostTime:170.749s , currentRepackMaxTime:217.76680373831775s
iter1		 Improve solution by repack 0.2265022843321688->0.22462027512765387 , unplacedBoxesSize:10
currentRepackCostTime:170.80700000000002s , currentRepackMaxTime:217.76680373831775s
iter19		 Improve solution by repack 0.22462027512765387->0.21996976619188388 , unplacedBoxesSize:10
currentRepackCostTime:171.59300000000002s , currentRepackMaxTime:217.76680373831775s
iter23		 Improve solution by repack 0.21996976619188388->0.21866433754367104 , unplacedBoxesSize:10
currentRepackCostTime:172.53900000000002s , currentRepackMaxTime:217.76680373831775s
iter17		 Improve solution by repack 0.21866433754367104->0.21610655401773715 , unplacedBoxesSize:8
currentRepackCostTime:173.25s , currentRepackMaxTime:217.76680373831775s
iter43		 Improve solution by repack 0.21610655401773715->0.21576524791722657 , unplacedBoxesSize:8
currentRepackCostTime:174.804s , currentRepackMaxTime:217.76680373831775s
iter6		 Improve solution by repack 0.21576524791722657->0.2120947695511959 , unplacedBoxesSize:7
currentRepackCostTime:175.04500000000002s , currentRepackMaxTime:217.76680373831775s
iter59		 Improve solution by repack 0.2120947695511959->0.21196805294275733 , unplacedBoxesSize:9
currentRepackCostTime:177.11s , currentRepackMaxTime:217.76680373831775s
Selecting boards with low utilization for repacking...
iter8		 Improve solution by repack 0.9831885581832841->0.9764759809191077 , unplacedBoxesSize:17
currentRepackCostTime:180.595s , currentRepackMaxTime:217.76680373831775s
iter3		 Improve solution by repack 0.9764759809191077->0.21968775194840098 , unplacedBoxesSize:6
currentRepackCostTime:180.739s , currentRepackMaxTime:217.76680373831775s
iter16		 Improve solution by repack 0.21968775194840098->0.21961384708411716 , unplacedBoxesSize:7
currentRepackCostTime:181.257s , currentRepackMaxTime:217.76680373831775s
iter15		 Improve solution by repack 0.21961384708411716->0.21794628460091373 , unplacedBoxesSize:8
currentRepackCostTime:181.898s , currentRepackMaxTime:217.76680373831775s
iter2		 Improve solution by repack 0.21794628460091373->0.21726266460628862 , unplacedBoxesSize:7
currentRepackCostTime:181.971s , currentRepackMaxTime:217.76680373831775s
iter19		 Improve solution by repack 0.21726266460628862->0.21577443731523782 , unplacedBoxesSize:6
currentRepackCostTime:182.647s , currentRepackMaxTime:217.76680373831775s
iter63		 Improve solution by repack 0.21577443731523782->0.2150919477291051 , unplacedBoxesSize:6
currentRepackCostTime:184.734s , currentRepackMaxTime:217.76680373831775s
Selecting boards with low utilization for repacking...
iter4		 Improve solution by repack 0.9817917344127922->0.9781204615694705 , unplacedBoxesSize:16
currentRepackCostTime:187.237s , currentRepackMaxTime:217.76680373831775s
iter1		 Improve solution by repack 0.9781204615694705->0.24685518005912388 , unplacedBoxesSize:6
currentRepackCostTime:187.275s , currentRepackMaxTime:217.76680373831775s
iter23		 Improve solution by repack 0.24685518005912388->0.2451389075517334 , unplacedBoxesSize:6
currentRepackCostTime:187.942s , currentRepackMaxTime:217.76680373831775s
iter4		 Improve solution by repack 0.2451389075517334->0.23867072023649558 , unplacedBoxesSize:9
currentRepackCostTime:188.09300000000002s , currentRepackMaxTime:217.76680373831775s
iter7		 Improve solution by repack 0.23867072023649558->0.23704346949744692 , unplacedBoxesSize:9
currentRepackCostTime:188.348s , currentRepackMaxTime:217.76680373831775s
iter1		 Improve solution by repack 0.23704346949744692->0.23162002821822092 , unplacedBoxesSize:9
currentRepackCostTime:188.4s , currentRepackMaxTime:217.76680373831775s
iter9		 Improve solution by repack 0.23162002821822092->0.22756752217145929 , unplacedBoxesSize:10
currentRepackCostTime:188.747s , currentRepackMaxTime:217.76680373831775s
iter7		 Improve solution by repack 0.22756752217145929->0.22594194772910509 , unplacedBoxesSize:8
currentRepackCostTime:188.992s , currentRepackMaxTime:217.76680373831775s
iter36		 Improve solution by repack 0.22594194772910509->0.2257914539102392 , unplacedBoxesSize:6
currentRepackCostTime:190.419s , currentRepackMaxTime:217.76680373831775s
iter22		 Improve solution by repack 0.2257914539102392->0.2180884288497716 , unplacedBoxesSize:7
currentRepackCostTime:191.118s , currentRepackMaxTime:217.76680373831775s
iter6		 Improve solution by repack 0.2180884288497716->0.21758587577264174 , unplacedBoxesSize:7
currentRepackCostTime:191.29s , currentRepackMaxTime:217.76680373831775s
iter39		 Improve solution by repack 0.21758587577264174->0.2157403890083311 , unplacedBoxesSize:6
currentRepackCostTime:192.733s , currentRepackMaxTime:217.76680373831775s
iter1		 Improve solution by repack 0.2157403890083311->0.20944839760816986 , unplacedBoxesSize:8
currentRepackCostTime:192.769s , currentRepackMaxTime:217.76680373831775s
iter9		 Improve solution by repack 0.20944839760816986->0.20942085460897608 , unplacedBoxesSize:7
currentRepackCostTime:193.165s , currentRepackMaxTime:217.76680373831775s
Selecting boards with low utilization for repacking...
iter7		 Improve solution by repack 0.9774596882558453->0.22621203977425422 , unplacedBoxesSize:4
currentRepackCostTime:196.9s , currentRepackMaxTime:217.76680373831775s
iter22		 Improve solution by repack 0.22621203977425422->0.22443832303144318 , unplacedBoxesSize:5
currentRepackCostTime:197.486s , currentRepackMaxTime:217.76680373831775s
iter1		 Improve solution by repack 0.22443832303144318->0.22252082773447998 , unplacedBoxesSize:8
currentRepackCostTime:197.531s , currentRepackMaxTime:217.76680373831775s
iter8		 Improve solution by repack 0.22252082773447998->0.21952633700618115 , unplacedBoxesSize:5
currentRepackCostTime:197.785s , currentRepackMaxTime:217.76680373831775s
iter19		 Improve solution by repack 0.21952633700618115->0.2181369255576458 , unplacedBoxesSize:6
currentRepackCostTime:198.44400000000002s , currentRepackMaxTime:217.76680373831775s
Selecting boards with low utilization for repacking...
iter1		 Improve solution by repack 0.9911112604138673->0.9803026672937382 , unplacedBoxesSize:20
currentRepackCostTime:201.089s , currentRepackMaxTime:217.76680373831775s
iter1		 Improve solution by repack 0.9803026672937382->0.9765472957538296 , unplacedBoxesSize:20
currentRepackCostTime:201.12800000000001s , currentRepackMaxTime:217.76680373831775s
iter1		 Improve solution by repack 0.9765472957538296->0.25178446654125236 , unplacedBoxesSize:7
currentRepackCostTime:201.199s , currentRepackMaxTime:217.76680373831775s
iter16		 Improve solution by repack 0.25178446654125236->0.24873891427035744 , unplacedBoxesSize:7
currentRepackCostTime:201.767s , currentRepackMaxTime:217.76680373831775s
iter4		 Improve solution by repack 0.24873891427035744->0.24709217952163398 , unplacedBoxesSize:7
currentRepackCostTime:201.84900000000002s , currentRepackMaxTime:217.76680373831775s
iter17		 Improve solution by repack 0.24709217952163398->0.2467024993281376 , unplacedBoxesSize:7
currentRepackCostTime:202.448s , currentRepackMaxTime:217.76680373831775s
iter16		 Improve solution by repack 0.2467024993281376->0.2425194806503628 , unplacedBoxesSize:10
currentRepackCostTime:203.05s , currentRepackMaxTime:217.76680373831775s
iter5		 Improve solution by repack 0.2425194806503628->0.23785944302606826 , unplacedBoxesSize:11
currentRepackCostTime:203.228s , currentRepackMaxTime:217.76680373831775s
iter9		 Improve solution by repack 0.23785944302606826->0.23512954682880946 , unplacedBoxesSize:9
currentRepackCostTime:203.619s , currentRepackMaxTime:217.76680373831775s
iter3		 Improve solution by repack 0.23512954682880946->0.23444693462778823 , unplacedBoxesSize:9
currentRepackCostTime:203.719s , currentRepackMaxTime:217.76680373831775s
iter1		 Improve solution by repack 0.23444693462778823->0.23096131248320345 , unplacedBoxesSize:8
currentRepackCostTime:203.764s , currentRepackMaxTime:217.76680373831775s
iter16		 Improve solution by repack 0.23096131248320345->0.23005173340499865 , unplacedBoxesSize:8
currentRepackCostTime:204.385s , currentRepackMaxTime:217.76680373831775s
iter6		 Improve solution by repack 0.23005173340499865->0.22547689969094328 , unplacedBoxesSize:8
currentRepackCostTime:204.614s , currentRepackMaxTime:217.76680373831775s
iter5		 Improve solution by repack 0.22547689969094328->0.222201570478366 , unplacedBoxesSize:7
currentRepackCostTime:204.778s , currentRepackMaxTime:217.76680373831775s
iter11		 Improve solution by repack 0.222201570478366->0.22160363813490996 , unplacedBoxesSize:6
currentRepackCostTime:205.261s , currentRepackMaxTime:217.76680373831775s
iter10		 Improve solution by repack 0.22160363813490996->0.21934829346949744 , unplacedBoxesSize:7
currentRepackCostTime:205.6s , currentRepackMaxTime:217.76680373831775s
iter10		 Improve solution by repack 0.21934829346949744->0.2148555495834453 , unplacedBoxesSize:6
currentRepackCostTime:205.933s , currentRepackMaxTime:217.76680373831775s
iter21		 Improve solution by repack 0.2148555495834453->0.21298642837946788 , unplacedBoxesSize:6
currentRepackCostTime:206.644s , currentRepackMaxTime:217.76680373831775s
iter5		 Improve solution by repack 0.21298642837946788->0.21059728567589356 , unplacedBoxesSize:7
currentRepackCostTime:206.791s , currentRepackMaxTime:217.76680373831775s
Selecting boards with low utilization for repacking...
All low-utilization boards have been repacked once. Restarting repacking process...
Selecting boards with low utilization for repacking...
Selecting boards with low utilization for repacking...
iter1		 Improve solution by repack 0.9769254602257458->0.2167528890083311 , unplacedBoxesSize:6
currentRepackCostTime:213.195s , currentRepackMaxTime:217.76680373831775s
Selecting boards with low utilization for repacking...
iter4		 Improve solution by repack 0.9784788968019349->0.256848170854609 , unplacedBoxesSize:6
currentRepackCostTime:217.80700000000002s , currentRepackMaxTime:217.76680373831775s
Processing color group: 1 (2/2), boxes: 266
Allocated time: 372.9s
searchTime: 1000
Start nesting on the 1th large board, remaining blocks count: 271
Utilization of the 1th large board: 98.43912926632625, Time taken for this board: 1.002s
-------------------------------------------------------------------
Start nesting on the 2th large board, remaining blocks count: 266
Utilization of the 2th large board: 98.50511085729643, Time taken for this board: 2.003s
-------------------------------------------------------------------
Start nesting on the 3th large board, remaining blocks count: 254
Utilization of the 3th large board: 97.37002821822091, Time taken for this board: 3.005s
-------------------------------------------------------------------
Start nesting on the 4th large board, remaining blocks count: 249
Utilization of the 4th large board: 98.905468959957, Time taken for this board: 4.007s
-------------------------------------------------------------------
Start nesting on the 5th large board, remaining blocks count: 242
Utilization of the 5th large board: 99.55198535339962, Time taken for this board: 5.007s
-------------------------------------------------------------------
Start nesting on the 6th large board, remaining blocks count: 236
Utilization of the 6th large board: 99.03097285675895, Time taken for this board: 6.009s
-------------------------------------------------------------------
Start nesting on the 7th large board, remaining blocks count: 225
Utilization of the 7th large board: 97.90058452029024, Time taken for this board: 7.011s
-------------------------------------------------------------------
Start nesting on the 8th large board, remaining blocks count: 216
Utilization of the 8th large board: 98.86764310669174, Time taken for this board: 8.012s
-------------------------------------------------------------------
Start nesting on the 9th large board, remaining blocks count: 205
Utilization of the 9th large board: 97.55522708949208, Time taken for this board: 9.012s
-------------------------------------------------------------------
Start nesting on the 10th large board, remaining blocks count: 197
Utilization of the 10th large board: 96.56298710024187, Time taken for this board: 10.013s
-------------------------------------------------------------------
Start nesting on the 11th large board, remaining blocks count: 191
Utilization of the 11th large board: 97.46642367643108, Time taken for this board: 11.014s
-------------------------------------------------------------------
Start nesting on the 12th large board, remaining blocks count: 188
Utilization of the 12th large board: 98.31839559258263, Time taken for this board: 12.015s
-------------------------------------------------------------------
Start nesting on the 13th large board, remaining blocks count: 178
Utilization of the 13th large board: 97.90738376780436, Time taken for this board: 13.018s
-------------------------------------------------------------------
Start nesting on the 14th large board, remaining blocks count: 165
Utilization of the 14th large board: 98.37899758129535, Time taken for this board: 14.021s
-------------------------------------------------------------------
Start nesting on the 15th large board, remaining blocks count: 157
Utilization of the 15th large board: 99.13027411986026, Time taken for this board: 15.021s
-------------------------------------------------------------------
Start nesting on the 16th large board, remaining blocks count: 148
Utilization of the 16th large board: 98.6433586401505, Time taken for this board: 16.024s
-------------------------------------------------------------------
Start nesting on the 17th large board, remaining blocks count: 130
Utilization of the 17th large board: 98.71632289707067, Time taken for this board: 17.024s
-------------------------------------------------------------------
Start nesting on the 18th large board, remaining blocks count: 120
Utilization of the 18th large board: 99.14068798710024, Time taken for this board: 18.024s
-------------------------------------------------------------------
Start nesting on the 19th large board, remaining blocks count: 110
Utilization of the 19th large board: 99.17639747379737, Time taken for this board: 19.024s
-------------------------------------------------------------------
Start nesting on the 20th large board, remaining blocks count: 100
Utilization of the 20th large board: 98.99119860252621, Time taken for this board: 19.765s
-------------------------------------------------------------------
Start nesting on the 21th large board, remaining blocks count: 88
Utilization of the 21th large board: 98.70916756248322, Time taken for this board: 20.492s
-------------------------------------------------------------------
Start nesting on the 22th large board, remaining blocks count: 78
Utilization of the 22th large board: 98.53374428916958, Time taken for this board: 21.062s
-------------------------------------------------------------------
Start nesting on the 23th large board, remaining blocks count: 64
Utilization of the 23th large board: 98.81617844665412, Time taken for this board: 21.289s
-------------------------------------------------------------------
Start nesting on the 24th large board, remaining blocks count: 52
Utilization of the 24th large board: 97.94579750067186, Time taken for this board: 21.461000000000002s
-------------------------------------------------------------------
Start nesting on the 25th large board, remaining blocks count: 38
Utilization of the 25th large board: 97.28935434023113, Time taken for this board: 21.537s
-------------------------------------------------------------------
Start nesting on the 26th large board, remaining blocks count: 22
Utilization of the 26th large board: 95.90891225477021, Time taken for this board: 21.556s
-------------------------------------------------------------------
Start nesting on the 27th large board, remaining blocks count: 8
Utilization of the 27th large board: 81.18842381080356, Time taken for this board: 21.557000000000002s
-------------------------------------------------------------------
Found solution: 27


Start improving solution by repacking.
Selecting boards with low utilization for repacking...
Selecting boards with low utilization for repacking...
iter9		 Improve solution by repack 0.9590891225477023->0.8302902445579146 , unplacedBoxesSize:11
currentRepackCostTime:4.027s , currentRepackMaxTime:351.34019626168225s
iter62		 Improve solution by repack 0.8302902445579146->0.8278997581295351 , unplacedBoxesSize:7
currentRepackCostTime:4.872s , currentRepackMaxTime:351.34019626168225s
iter135		 Improve solution by repack 0.8278997581295351->0.8184019752754635 , unplacedBoxesSize:8
currentRepackCostTime:6.312s , currentRepackMaxTime:351.34019626168225s
Selecting boards with low utilization for repacking...
iter3		 Improve solution by repack 0.964641897339425->0.8453036818059662 , unplacedBoxesSize:8
currentRepackCostTime:11.624s , currentRepackMaxTime:351.34019626168225s
iter83		 Improve solution by repack 0.8453036818059662->0.8390115224402042 , unplacedBoxesSize:17
currentRepackCostTime:12.588000000000001s , currentRepackMaxTime:351.34019626168225s
iter7		 Improve solution by repack 0.8390115224402042->0.8265585528083849 , unplacedBoxesSize:13
currentRepackCostTime:12.723s , currentRepackMaxTime:351.34019626168225s
iter9		 Improve solution by repack 0.8265585528083849->0.8215145458210159 , unplacedBoxesSize:12
currentRepackCostTime:12.866s , currentRepackMaxTime:351.34019626168225s
iter26		 Improve solution by repack 0.8215145458210159->0.8203243415748455 , unplacedBoxesSize:13
currentRepackCostTime:13.278s , currentRepackMaxTime:351.34019626168225s
iter131		 Improve solution by repack 0.8203243415748455->0.8194444033861864 , unplacedBoxesSize:14
currentRepackCostTime:15.35s , currentRepackMaxTime:351.34019626168225s
iter31		 Improve solution by repack 0.8194444033861864->0.8167926968556839 , unplacedBoxesSize:14
currentRepackCostTime:15.904s , currentRepackMaxTime:351.34019626168225s
iter11		 Improve solution by repack 0.8167926968556839->0.8167475141091104 , unplacedBoxesSize:15
currentRepackCostTime:16.114s , currentRepackMaxTime:351.34019626168225s
iter27		 Improve solution by repack 0.8167475141091104->0.8118822225208278 , unplacedBoxesSize:13
currentRepackCostTime:16.667s , currentRepackMaxTime:351.34019626168225s
iter125		 Improve solution by repack 0.8118822225208278->0.8110785071217415 , unplacedBoxesSize:13
currentRepackCostTime:18.693s , currentRepackMaxTime:351.34019626168225s
iter161		 Improve solution by repack 0.8110785071217415->0.8102625302338081 , unplacedBoxesSize:13
currentRepackCostTime:21.218s , currentRepackMaxTime:351.34019626168225s
iter251		 Improve solution by repack 0.8102625302338081->0.8080541185165279 , unplacedBoxesSize:13
currentRepackCostTime:25.228s , currentRepackMaxTime:351.34019626168225s
iter17		 Improve solution by repack 0.8080541185165279->0.8055566380005375 , unplacedBoxesSize:16
currentRepackCostTime:25.504s , currentRepackMaxTime:351.34019626168225s
iter11		 Improve solution by repack 0.8055566380005375->0.8017636388067725 , unplacedBoxesSize:9
currentRepackCostTime:25.675s , currentRepackMaxTime:351.34019626168225s
iter10		 Improve solution by repack 0.8017636388067725->0.7977240661112603 , unplacedBoxesSize:9
currentRepackCostTime:25.79s , currentRepackMaxTime:351.34019626168225s
iter216		 Improve solution by repack 0.7977240661112603->0.7976113611932276 , unplacedBoxesSize:9
currentRepackCostTime:28.435000000000002s , currentRepackMaxTime:351.34019626168225s
iter30		 Improve solution by repack 0.7976113611932276->0.7972982733136253 , unplacedBoxesSize:10
currentRepackCostTime:28.788s , currentRepackMaxTime:351.34019626168225s
iter79		 Improve solution by repack 0.7972982733136253->0.7961824778285408 , unplacedBoxesSize:10
currentRepackCostTime:29.826s , currentRepackMaxTime:351.34019626168225s
iter48		 Improve solution by repack 0.7961824778285408->0.7926891292663263 , unplacedBoxesSize:9
currentRepackCostTime:30.448s , currentRepackMaxTime:351.34019626168225s
iter74		 Improve solution by repack 0.7926891292663263->0.7920770626175759 , unplacedBoxesSize:8
currentRepackCostTime:31.473s , currentRepackMaxTime:351.34019626168225s
iter11		 Improve solution by repack 0.7920770626175759->0.7843556839559259 , unplacedBoxesSize:8
currentRepackCostTime:31.607s , currentRepackMaxTime:351.34019626168225s
Selecting boards with low utilization for repacking...
iter3		 Improve solution by repack 0.960425288900833->0.8128629736629939 , unplacedBoxesSize:11
currentRepackCostTime:39.113s , currentRepackMaxTime:351.34019626168225s
iter12		 Improve solution by repack 0.8128629736629939->0.8017968959957001 , unplacedBoxesSize:9
currentRepackCostTime:39.26s , currentRepackMaxTime:351.34019626168225s
iter28		 Improve solution by repack 0.8017968959957001->0.7976352123085192 , unplacedBoxesSize:9
currentRepackCostTime:39.674s , currentRepackMaxTime:351.34019626168225s
iter25		 Improve solution by repack 0.7976352123085192->0.796800759204515 , unplacedBoxesSize:9
currentRepackCostTime:39.980000000000004s , currentRepackMaxTime:351.34019626168225s
iter137		 Improve solution by repack 0.796800759204515->0.7875619793066381 , unplacedBoxesSize:6
currentRepackCostTime:41.606s , currentRepackMaxTime:351.34019626168225s
iter55		 Improve solution by repack 0.7875619793066381->0.787058082504703 , unplacedBoxesSize:6
currentRepackCostTime:42.224000000000004s , currentRepackMaxTime:351.34019626168225s
iter68		 Improve solution by repack 0.787058082504703->0.7807157014243482 , unplacedBoxesSize:7
currentRepackCostTime:42.94s , currentRepackMaxTime:351.34019626168225s
iter258		 Improve solution by repack 0.7807157014243482->0.779881248320344 , unplacedBoxesSize:7
currentRepackCostTime:45.845s , currentRepackMaxTime:351.34019626168225s
iter52		 Improve solution by repack 0.779881248320344->0.7796111596345069 , unplacedBoxesSize:7
currentRepackCostTime:46.424s , currentRepackMaxTime:351.34019626168225s
iter273		 Improve solution by repack 0.7796111596345069->0.7791636992743887 , unplacedBoxesSize:7
currentRepackCostTime:49.472s , currentRepackMaxTime:351.34019626168225s
Selecting boards with low utilization for repacking...
iter11		 Improve solution by repack 0.9724388605213652->0.9637033055630208 , unplacedBoxesSize:6
currentRepackCostTime:53.912s , currentRepackMaxTime:351.34019626168225s
iter18		 Improve solution by repack 0.9637033055630208->0.8029236092448266 , unplacedBoxesSize:8
currentRepackCostTime:54.08s , currentRepackMaxTime:351.34019626168225s
iter10		 Improve solution by repack 0.8029236092448266->0.8012877922601451 , unplacedBoxesSize:6
currentRepackCostTime:54.202s , currentRepackMaxTime:351.34019626168225s
iter315		 Improve solution by repack 0.8012877922601451->0.7980868718086536 , unplacedBoxesSize:7
currentRepackCostTime:57.353s , currentRepackMaxTime:351.34019626168225s
iter30		 Improve solution by repack 0.7980868718086536->0.7917423071754904 , unplacedBoxesSize:9
currentRepackCostTime:57.695s , currentRepackMaxTime:351.34019626168225s
iter25		 Improve solution by repack 0.7917423071754904->0.7884402714324107 , unplacedBoxesSize:6
currentRepackCostTime:58.02s , currentRepackMaxTime:351.34019626168225s
iter58		 Improve solution by repack 0.7884402714324107->0.7846879199140016 , unplacedBoxesSize:6
currentRepackCostTime:58.649s , currentRepackMaxTime:351.34019626168225s
iter73		 Improve solution by repack 0.7846879199140016->0.782961938994894 , unplacedBoxesSize:8
currentRepackCostTime:59.338s , currentRepackMaxTime:351.34019626168225s
iter13		 Improve solution by repack 0.782961938994894->0.7828512496640688 , unplacedBoxesSize:8
currentRepackCostTime:59.509s , currentRepackMaxTime:351.34019626168225s
iter44		 Improve solution by repack 0.7828512496640688->0.7813324711099167 , unplacedBoxesSize:8
currentRepackCostTime:59.999s , currentRepackMaxTime:351.34019626168225s
iter55		 Improve solution by repack 0.7813324711099167->0.7760806906745499 , unplacedBoxesSize:11
currentRepackCostTime:60.701s , currentRepackMaxTime:351.34019626168225s
iter234		 Improve solution by repack 0.7760806906745499->0.7759273380811609 , unplacedBoxesSize:8
currentRepackCostTime:63.938s , currentRepackMaxTime:351.34019626168225s
iter248		 Improve solution by repack 0.7759273380811609->0.7754178984144048 , unplacedBoxesSize:7
currentRepackCostTime:66.875s , currentRepackMaxTime:351.34019626168225s
iter264		 Improve solution by repack 0.7754178984144048->0.7753681805966138 , unplacedBoxesSize:7
currentRepackCostTime:69.84100000000001s , currentRepackMaxTime:351.34019626168225s
Selecting boards with low utilization for repacking...
iter5		 Improve solution by repack 0.9766030636925558->0.8081611126041386 , unplacedBoxesSize:9
currentRepackCostTime:76.008s , currentRepackMaxTime:351.34019626168225s
iter178		 Improve solution by repack 0.8081611126041386->0.8068657618919646 , unplacedBoxesSize:14
currentRepackCostTime:78.664s , currentRepackMaxTime:351.34019626168225s
iter57		 Improve solution by repack 0.8068657618919646->0.799885951357162 , unplacedBoxesSize:15
currentRepackCostTime:79.71600000000001s , currentRepackMaxTime:351.34019626168225s
iter108		 Improve solution by repack 0.799885951357162->0.7889772574576726 , unplacedBoxesSize:15
currentRepackCostTime:81.672s , currentRepackMaxTime:351.34019626168225s
iter76		 Improve solution by repack 0.7889772574576726->0.7846696116635313 , unplacedBoxesSize:16
currentRepackCostTime:83.017s , currentRepackMaxTime:351.34019626168225s
iter3		 Improve solution by repack 0.7846696116635313->0.7833756046761624 , unplacedBoxesSize:15
currentRepackCostTime:83.074s , currentRepackMaxTime:351.34019626168225s
iter17		 Improve solution by repack 0.7833756046761624->0.7808354608976081 , unplacedBoxesSize:13
currentRepackCostTime:83.383s , currentRepackMaxTime:351.34019626168225s
iter4		 Improve solution by repack 0.7808354608976081->0.7778559191077667 , unplacedBoxesSize:12
currentRepackCostTime:83.436s , currentRepackMaxTime:351.34019626168225s
iter14		 Improve solution by repack 0.7778559191077667->0.776704178984144 , unplacedBoxesSize:12
currentRepackCostTime:83.676s , currentRepackMaxTime:351.34019626168225s
iter44		 Improve solution by repack 0.776704178984144->0.7757212442891696 , unplacedBoxesSize:12
currentRepackCostTime:84.44s , currentRepackMaxTime:351.34019626168225s
iter2		 Improve solution by repack 0.7757212442891696->0.7750586199946251 , unplacedBoxesSize:14
currentRepackCostTime:84.47s , currentRepackMaxTime:351.34019626168225s
iter20		 Improve solution by repack 0.7750586199946251->0.7738709352324644 , unplacedBoxesSize:12
currentRepackCostTime:84.822s , currentRepackMaxTime:351.34019626168225s
iter12		 Improve solution by repack 0.7738709352324644->0.7738212174146735 , unplacedBoxesSize:12
currentRepackCostTime:84.99s , currentRepackMaxTime:351.34019626168225s
iter69		 Improve solution by repack 0.7738212174146735->0.7723459755442086 , unplacedBoxesSize:13
currentRepackCostTime:86.013s , currentRepackMaxTime:351.34019626168225s
iter23		 Improve solution by repack 0.7723459755442086->0.7719824979844129 , unplacedBoxesSize:13
currentRepackCostTime:86.348s , currentRepackMaxTime:351.34019626168225s
iter16		 Improve solution by repack 0.7719824979844129->0.7719752754635851 , unplacedBoxesSize:13
currentRepackCostTime:86.584s , currentRepackMaxTime:351.34019626168225s
Selecting boards with low utilization for repacking...
iter8		 Improve solution by repack 0.9763932746573502->0.8005153184627788 , unplacedBoxesSize:20
currentRepackCostTime:91.524s , currentRepackMaxTime:351.34019626168225s
iter4		 Improve solution by repack 0.8005153184627788->0.7973152378392905 , unplacedBoxesSize:14
currentRepackCostTime:91.64s , currentRepackMaxTime:351.34019626168225s
iter6		 Improve solution by repack 0.7973152378392905->0.7972655200214996 , unplacedBoxesSize:14
currentRepackCostTime:91.746s , currentRepackMaxTime:351.34019626168225s
iter18		 Improve solution by repack 0.7972655200214996->0.7969961031980651 , unplacedBoxesSize:17
currentRepackCostTime:92.054s , currentRepackMaxTime:351.34019626168225s
iter48		 Improve solution by repack 0.7969961031980651->0.7957168771835528 , unplacedBoxesSize:17
currentRepackCostTime:92.962s , currentRepackMaxTime:351.34019626168225s
iter14		 Improve solution by repack 0.7957168771835528->0.79493751679656 , unplacedBoxesSize:17
currentRepackCostTime:93.211s , currentRepackMaxTime:351.34019626168225s
iter22		 Improve solution by repack 0.79493751679656->0.7933868583714054 , unplacedBoxesSize:16
currentRepackCostTime:93.60600000000001s , currentRepackMaxTime:351.34019626168225s
iter98		 Improve solution by repack 0.7933868583714054->0.7844638538027412 , unplacedBoxesSize:16
currentRepackCostTime:95.4s , currentRepackMaxTime:351.34019626168225s
iter42		 Improve solution by repack 0.7844638538027412->0.7825505576457941 , unplacedBoxesSize:12
currentRepackCostTime:96.20100000000001s , currentRepackMaxTime:351.34019626168225s
iter190		 Improve solution by repack 0.7825505576457941->0.7815071553345875 , unplacedBoxesSize:13
currentRepackCostTime:99.318s , currentRepackMaxTime:351.34019626168225s
iter35		 Improve solution by repack 0.7815071553345875->0.779393476216071 , unplacedBoxesSize:14
currentRepackCostTime:99.884s , currentRepackMaxTime:351.34019626168225s
iter10		 Improve solution by repack 0.779393476216071->0.7783265587207739 , unplacedBoxesSize:14
currentRepackCostTime:100.047s , currentRepackMaxTime:351.34019626168225s
iter93		 Improve solution by repack 0.7783265587207739->0.7782768409029831 , unplacedBoxesSize:14
currentRepackCostTime:101.669s , currentRepackMaxTime:351.34019626168225s
iter16		 Improve solution by repack 0.7782768409029831->0.7771251007793604 , unplacedBoxesSize:14
currentRepackCostTime:101.96900000000001s , currentRepackMaxTime:351.34019626168225s
iter3		 Improve solution by repack 0.7771251007793604->0.7751150564364417 , unplacedBoxesSize:16
currentRepackCostTime:102.013s , currentRepackMaxTime:351.34019626168225s
iter83		 Improve solution by repack 0.7751150564364417->0.7745189465197527 , unplacedBoxesSize:11
currentRepackCostTime:103.766s , currentRepackMaxTime:351.34019626168225s
iter76		 Improve solution by repack 0.7745189465197527->0.7733974402042462 , unplacedBoxesSize:17
currentRepackCostTime:104.819s , currentRepackMaxTime:351.34019626168225s
iter44		 Improve solution by repack 0.7733974402042462->0.7685022507390488 , unplacedBoxesSize:17
currentRepackCostTime:105.691s , currentRepackMaxTime:351.34019626168225s
iter136		 Improve solution by repack 0.7685022507390488->0.7674702700886858 , unplacedBoxesSize:17
currentRepackCostTime:108.48100000000001s , currentRepackMaxTime:351.34019626168225s
iter38		 Improve solution by repack 0.7674702700886858->0.7672579615694706 , unplacedBoxesSize:13
currentRepackCostTime:109.305s , currentRepackMaxTime:351.34019626168225s
iter14		 Improve solution by repack 0.7672579615694706->0.7637402579951627 , unplacedBoxesSize:9
currentRepackCostTime:109.577s , currentRepackMaxTime:351.34019626168225s
iter195		 Improve solution by repack 0.7637402579951627->0.7606999126578876 , unplacedBoxesSize:8
currentRepackCostTime:111.98700000000001s , currentRepackMaxTime:351.34019626168225s
iter241		 Improve solution by repack 0.7606999126578876->0.7525557645794142 , unplacedBoxesSize:8
currentRepackCostTime:115.0s , currentRepackMaxTime:351.34019626168225s
Selecting boards with low utilization for repacking...
iter20		 Improve solution by repack 0.9740731658156409->0.7698253157753292 , unplacedBoxesSize:9
currentRepackCostTime:121.349s , currentRepackMaxTime:351.34019626168225s
iter18		 Improve solution by repack 0.7698253157753292->0.7693481255038969 , unplacedBoxesSize:9
currentRepackCostTime:121.565s , currentRepackMaxTime:351.34019626168225s
iter214		 Improve solution by repack 0.7693481255038969->0.7663818529965063 , unplacedBoxesSize:11
currentRepackCostTime:124.214s , currentRepackMaxTime:351.34019626168225s
iter189		 Improve solution by repack 0.7663818529965063->0.7660378594463854 , unplacedBoxesSize:11
currentRepackCostTime:126.96600000000001s , currentRepackMaxTime:351.34019626168225s
iter48		 Improve solution by repack 0.7660378594463854->0.7659948602526203 , unplacedBoxesSize:11
currentRepackCostTime:127.669s , currentRepackMaxTime:351.34019626168225s
iter68		 Improve solution by repack 0.7659948602526203->0.7631910104810535 , unplacedBoxesSize:10
currentRepackCostTime:128.68s , currentRepackMaxTime:351.34019626168225s
iter278		 Improve solution by repack 0.7631910104810535->0.7610573434560601 , unplacedBoxesSize:10
currentRepackCostTime:132.605s , currentRepackMaxTime:351.34019626168225s
iter3		 Improve solution by repack 0.7610573434560601->0.7609152445579145 , unplacedBoxesSize:10
currentRepackCostTime:132.656s , currentRepackMaxTime:351.34019626168225s
iter43		 Improve solution by repack 0.7609152445579145->0.7597514109110455 , unplacedBoxesSize:9
currentRepackCostTime:133.275s , currentRepackMaxTime:351.34019626168225s
iter80		 Improve solution by repack 0.7597514109110455->0.7595513638806772 , unplacedBoxesSize:9
currentRepackCostTime:134.39600000000002s , currentRepackMaxTime:351.34019626168225s
Selecting boards with low utilization for repacking...
iter64		 Improve solution by repack 0.9744295888202096->0.764755442085461 , unplacedBoxesSize:9
currentRepackCostTime:139.937s , currentRepackMaxTime:351.34019626168225s
iter105		 Improve solution by repack 0.764755442085461->0.7634580757860789 , unplacedBoxesSize:7
currentRepackCostTime:141.33s , currentRepackMaxTime:351.34019626168225s
iter300		 Improve solution by repack 0.7634580757860789->0.7563603533996238 , unplacedBoxesSize:8
currentRepackCostTime:144.827s , currentRepackMaxTime:351.34019626168225s
iter94		 Improve solution by repack 0.7563603533996238->0.7563106355818328 , unplacedBoxesSize:8
currentRepackCostTime:146.101s , currentRepackMaxTime:351.34019626168225s
iter134		 Improve solution by repack 0.7563106355818328->0.7549395323837679 , unplacedBoxesSize:7
currentRepackCostTime:147.754s , currentRepackMaxTime:351.34019626168225s
iter52		 Improve solution by repack 0.7549395323837679->0.7490294947594732 , unplacedBoxesSize:7
currentRepackCostTime:148.397s , currentRepackMaxTime:351.34019626168225s
iter70		 Improve solution by repack 0.7490294947594732->0.7482257793603869 , unplacedBoxesSize:7
currentRepackCostTime:149.222s , currentRepackMaxTime:351.34019626168225s
Selecting boards with low utilization for repacking...
iter15		 Improve solution by repack 0.9757049516259071->0.7875678581026605 , unplacedBoxesSize:15
currentRepackCostTime:155.201s , currentRepackMaxTime:351.34019626168225s
iter5		 Improve solution by repack 0.7875678581026605->0.7849145055092717 , unplacedBoxesSize:14
currentRepackCostTime:155.306s , currentRepackMaxTime:351.34019626168225s
iter25		 Improve solution by repack 0.7849145055092717->0.7843141964525665 , unplacedBoxesSize:13
currentRepackCostTime:155.704s , currentRepackMaxTime:351.34019626168225s
iter13		 Improve solution by repack 0.7843141964525665->0.7705435366836872 , unplacedBoxesSize:11
currentRepackCostTime:155.959s , currentRepackMaxTime:351.34019626168225s
iter308		 Improve solution by repack 0.7705435366836872->0.7702393509809191 , unplacedBoxesSize:13
currentRepackCostTime:160.77s , currentRepackMaxTime:351.34019626168225s
iter35		 Improve solution by repack 0.7702393509809191->0.7696462644450417 , unplacedBoxesSize:12
currentRepackCostTime:161.42000000000002s , currentRepackMaxTime:351.34019626168225s
iter6		 Improve solution by repack 0.7696462644450417->0.7690066514377856 , unplacedBoxesSize:12
currentRepackCostTime:161.494s , currentRepackMaxTime:351.34019626168225s
iter45		 Improve solution by repack 0.7690066514377856->0.7645350712174147 , unplacedBoxesSize:12
currentRepackCostTime:162.266s , currentRepackMaxTime:351.34019626168225s
iter39		 Improve solution by repack 0.7645350712174147->0.7603735554958345 , unplacedBoxesSize:6
currentRepackCostTime:162.866s , currentRepackMaxTime:351.34019626168225s
iter135		 Improve solution by repack 0.7603735554958345->0.7602405267401237 , unplacedBoxesSize:6
currentRepackCostTime:164.25300000000001s , currentRepackMaxTime:351.34019626168225s
iter105		 Improve solution by repack 0.7602405267401237->0.7595542192958883 , unplacedBoxesSize:12
currentRepackCostTime:165.362s , currentRepackMaxTime:351.34019626168225s
iter222		 Improve solution by repack 0.7595542192958883->0.7581379333512497 , unplacedBoxesSize:13
currentRepackCostTime:168.577s , currentRepackMaxTime:351.34019626168225s
Selecting boards with low utilization for repacking...
iter3		 Improve solution by repack 0.9770048374092986->0.7785464256920184 , unplacedBoxesSize:14
currentRepackCostTime:174.39000000000001s , currentRepackMaxTime:351.34019626168225s
iter91		 Improve solution by repack 0.7785464256920184->0.7768086535877452 , unplacedBoxesSize:12
currentRepackCostTime:175.882s , currentRepackMaxTime:351.34019626168225s
iter61		 Improve solution by repack 0.7768086535877452->0.7765407484547165 , unplacedBoxesSize:10
currentRepackCostTime:176.80700000000002s , currentRepackMaxTime:351.34019626168225s
iter33		 Improve solution by repack 0.7765407484547165->0.7764910306369255 , unplacedBoxesSize:10
currentRepackCostTime:177.314s , currentRepackMaxTime:351.34019626168225s
iter59		 Improve solution by repack 0.7764910306369255->0.7755025530771298 , unplacedBoxesSize:9
currentRepackCostTime:178.168s , currentRepackMaxTime:351.34019626168225s
iter41		 Improve solution by repack 0.7755025530771298->0.7726597352862133 , unplacedBoxesSize:12
currentRepackCostTime:178.743s , currentRepackMaxTime:351.34019626168225s
iter4		 Improve solution by repack 0.7726597352862133->0.7695866366568127 , unplacedBoxesSize:12
currentRepackCostTime:178.791s , currentRepackMaxTime:351.34019626168225s
iter39		 Improve solution by repack 0.7695866366568127->0.7660811945713517 , unplacedBoxesSize:13
currentRepackCostTime:179.391s , currentRepackMaxTime:351.34019626168225s
iter33		 Improve solution by repack 0.7660811945713517->0.7645469967750606 , unplacedBoxesSize:13
currentRepackCostTime:179.941s , currentRepackMaxTime:351.34019626168225s
iter197		 Improve solution by repack 0.7645469967750606->0.7631587610857297 , unplacedBoxesSize:15
currentRepackCostTime:183.077s , currentRepackMaxTime:351.34019626168225s
iter31		 Improve solution by repack 0.7631587610857297->0.7631305428648212 , unplacedBoxesSize:15
currentRepackCostTime:183.616s , currentRepackMaxTime:351.34019626168225s
iter30		 Improve solution by repack 0.7631305428648212->0.7599499462510079 , unplacedBoxesSize:14
currentRepackCostTime:184.12s , currentRepackMaxTime:351.34019626168225s
iter163		 Improve solution by repack 0.7599499462510079->0.7572611529158828 , unplacedBoxesSize:14
currentRepackCostTime:186.835s , currentRepackMaxTime:351.34019626168225s
iter12		 Improve solution by repack 0.7572611529158828->0.7571687718355281 , unplacedBoxesSize:15
currentRepackCostTime:187.028s , currentRepackMaxTime:351.34019626168225s
iter8		 Improve solution by repack 0.7571687718355281->0.7537674684224671 , unplacedBoxesSize:6
currentRepackCostTime:187.184s , currentRepackMaxTime:351.34019626168225s
iter286		 Improve solution by repack 0.7537674684224671->0.752067992475141 , unplacedBoxesSize:13
currentRepackCostTime:190.247s , currentRepackMaxTime:351.34019626168225s
iter261		 Improve solution by repack 0.752067992475141->0.7518734883095941 , unplacedBoxesSize:13
currentRepackCostTime:194.572s , currentRepackMaxTime:351.34019626168225s
iter42		 Improve solution by repack 0.7518734883095941->0.749246338349906 , unplacedBoxesSize:15
currentRepackCostTime:195.279s , currentRepackMaxTime:351.34019626168225s
iter22		 Improve solution by repack 0.749246338349906->0.7478219900564365 , unplacedBoxesSize:15
currentRepackCostTime:195.691s , currentRepackMaxTime:351.34019626168225s
Selecting boards with low utilization for repacking...
iter5		 Improve solution by repack 0.9776600712174146->0.7782926296694437 , unplacedBoxesSize:16
currentRepackCostTime:205.733s , currentRepackMaxTime:351.34019626168225s
iter1		 Improve solution by repack 0.7782926296694437->0.7778285407148616 , unplacedBoxesSize:17
currentRepackCostTime:205.75s , currentRepackMaxTime:351.34019626168225s
iter5		 Improve solution by repack 0.7778285407148616->0.7717213114754098 , unplacedBoxesSize:15
currentRepackCostTime:205.851s , currentRepackMaxTime:351.34019626168225s
iter10		 Improve solution by repack 0.7717213114754098->0.7677595068529965 , unplacedBoxesSize:15
currentRepackCostTime:206.03s , currentRepackMaxTime:351.34019626168225s
iter62		 Improve solution by repack 0.7677595068529965->0.7635830421929589 , unplacedBoxesSize:11
currentRepackCostTime:207.148s , currentRepackMaxTime:351.34019626168225s
iter53		 Improve solution by repack 0.7635830421929589->0.7611821418973395 , unplacedBoxesSize:12
currentRepackCostTime:207.917s , currentRepackMaxTime:351.34019626168225s
iter243		 Improve solution by repack 0.7611821418973395->0.7606653117441547 , unplacedBoxesSize:19
currentRepackCostTime:211.535s , currentRepackMaxTime:351.34019626168225s
iter82		 Improve solution by repack 0.7606653117441547->0.7562325315775329 , unplacedBoxesSize:12
currentRepackCostTime:213.287s , currentRepackMaxTime:351.34019626168225s
Selecting boards with low utilization for repacking...
iter5		 Improve solution by repack 0.9846314834721849->0.9828995901639345 , unplacedBoxesSize:11
currentRepackCostTime:221.441s , currentRepackMaxTime:351.34019626168225s
iter5		 Improve solution by repack 0.9828995901639345->0.8109898212846008 , unplacedBoxesSize:9
currentRepackCostTime:221.52100000000002s , currentRepackMaxTime:351.34019626168225s
iter35		 Improve solution by repack 0.8109898212846008->0.801433586401505 , unplacedBoxesSize:14
currentRepackCostTime:221.964s , currentRepackMaxTime:351.34019626168225s
iter7		 Improve solution by repack 0.801433586401505->0.7963756382692824 , unplacedBoxesSize:13
currentRepackCostTime:222.116s , currentRepackMaxTime:351.34019626168225s
iter8		 Improve solution by repack 0.7963756382692824->0.7934370800859984 , unplacedBoxesSize:7
currentRepackCostTime:222.27700000000002s , currentRepackMaxTime:351.34019626168225s
iter34		 Improve solution by repack 0.7934370800859984->0.7930500873421124 , unplacedBoxesSize:10
currentRepackCostTime:222.655s , currentRepackMaxTime:351.34019626168225s
iter52		 Improve solution by repack 0.7930500873421124->0.7923076793872614 , unplacedBoxesSize:12
currentRepackCostTime:223.36100000000002s , currentRepackMaxTime:351.34019626168225s
iter57		 Improve solution by repack 0.7923076793872614->0.7887632692824509 , unplacedBoxesSize:10
currentRepackCostTime:224.199s , currentRepackMaxTime:351.34019626168225s
iter3		 Improve solution by repack 0.7887632692824509->0.7866190204246171 , unplacedBoxesSize:8
currentRepackCostTime:224.243s , currentRepackMaxTime:351.34019626168225s
iter14		 Improve solution by repack 0.7866190204246171->0.7849939532383768 , unplacedBoxesSize:8
currentRepackCostTime:224.382s , currentRepackMaxTime:351.34019626168225s
iter29		 Improve solution by repack 0.7849939532383768->0.7844930798172534 , unplacedBoxesSize:15
currentRepackCostTime:224.702s , currentRepackMaxTime:351.34019626168225s
iter107		 Improve solution by repack 0.7844930798172534->0.7829184023112066 , unplacedBoxesSize:11
currentRepackCostTime:226.715s , currentRepackMaxTime:351.34019626168225s
iter13		 Improve solution by repack 0.7829184023112066->0.7812098562214459 , unplacedBoxesSize:10
currentRepackCostTime:226.929s , currentRepackMaxTime:351.34019626168225s
iter8		 Improve solution by repack 0.7812098562214459->0.7773987167428111 , unplacedBoxesSize:11
currentRepackCostTime:227.047s , currentRepackMaxTime:351.34019626168225s
Selecting boards with low utilization for repacking...
iter3		 Improve solution by repack 0.9766892300456865->0.974511723998925 , unplacedBoxesSize:11
currentRepackCostTime:235.683s , currentRepackMaxTime:351.34019626168225s
iter8		 Improve solution by repack 0.974511723998925->0.789636186509003 , unplacedBoxesSize:12
currentRepackCostTime:235.8s , currentRepackMaxTime:351.34019626168225s
iter78		 Improve solution by repack 0.789636186509003->0.7837879602257458 , unplacedBoxesSize:13
currentRepackCostTime:237.049s , currentRepackMaxTime:351.34019626168225s
iter2		 Improve solution by repack 0.7837879602257458->0.7749610319806503 , unplacedBoxesSize:12
currentRepackCostTime:237.06900000000002s , currentRepackMaxTime:351.34019626168225s
iter8		 Improve solution by repack 0.7749610319806503->0.7716576525127654 , unplacedBoxesSize:12
currentRepackCostTime:237.196s , currentRepackMaxTime:351.34019626168225s
iter143		 Improve solution by repack 0.7716576525127654->0.7709243147003493 , unplacedBoxesSize:9
currentRepackCostTime:239.358s , currentRepackMaxTime:351.34019626168225s
iter11		 Improve solution by repack 0.7709243147003493->0.7677264176296695 , unplacedBoxesSize:10
currentRepackCostTime:239.491s , currentRepackMaxTime:351.34019626168225s
iter42		 Improve solution by repack 0.7677264176296695->0.7661838215533459 , unplacedBoxesSize:9
currentRepackCostTime:240.077s , currentRepackMaxTime:351.34019626168225s
iter36		 Improve solution by repack 0.7661838215533459->0.7659137328675086 , unplacedBoxesSize:9
currentRepackCostTime:240.56900000000002s , currentRepackMaxTime:351.34019626168225s
iter83		 Improve solution by repack 0.7659137328675086->0.7654662725073904 , unplacedBoxesSize:9
currentRepackCostTime:241.595s , currentRepackMaxTime:351.34019626168225s
iter58		 Improve solution by repack 0.7654662725073904->0.7507760010749799 , unplacedBoxesSize:10
currentRepackCostTime:242.34s , currentRepackMaxTime:351.34019626168225s
iter2		 Improve solution by repack 0.7507760010749799->0.7489149422198335 , unplacedBoxesSize:10
currentRepackCostTime:242.363s , currentRepackMaxTime:351.34019626168225s
iter151		 Improve solution by repack 0.7489149422198335->0.7483384842784198 , unplacedBoxesSize:8
currentRepackCostTime:244.473s , currentRepackMaxTime:351.34019626168225s
iter11		 Improve solution by repack 0.7483384842784198->0.7482605482397204 , unplacedBoxesSize:8
currentRepackCostTime:244.624s , currentRepackMaxTime:351.34019626168225s
Selecting boards with low utilization for repacking...
iter11		 Improve solution by repack 0.9847729105079279->0.7720612738511152 , unplacedBoxesSize:11
currentRepackCostTime:248.893s , currentRepackMaxTime:351.34019626168225s
iter20		 Improve solution by repack 0.7720612738511152->0.7702741198602526 , unplacedBoxesSize:9
currentRepackCostTime:249.184s , currentRepackMaxTime:351.34019626168225s
iter21		 Improve solution by repack 0.7702741198602526->0.7603003224939532 , unplacedBoxesSize:10
currentRepackCostTime:249.44400000000002s , currentRepackMaxTime:351.34019626168225s
iter9		 Improve solution by repack 0.7603003224939532->0.7585722923945176 , unplacedBoxesSize:8
currentRepackCostTime:249.578s , currentRepackMaxTime:351.34019626168225s
Selecting boards with low utilization for repacking...
iter5		 Improve solution by repack 0.9707612201021231->0.7964199811878527 , unplacedBoxesSize:10
currentRepackCostTime:257.011s , currentRepackMaxTime:351.34019626168225s
iter34		 Improve solution by repack 0.7964199811878527->0.7963702633700619 , unplacedBoxesSize:10
currentRepackCostTime:257.499s , currentRepackMaxTime:351.34019626168225s
iter61		 Improve solution by repack 0.7963702633700619->0.7954951625907014 , unplacedBoxesSize:12
currentRepackCostTime:258.363s , currentRepackMaxTime:351.34019626168225s
iter23		 Improve solution by repack 0.7954951625907014->0.7920043335124967 , unplacedBoxesSize:17
currentRepackCostTime:258.683s , currentRepackMaxTime:351.34019626168225s
iter42		 Improve solution by repack 0.7920043335124967->0.7873437919914003 , unplacedBoxesSize:15
currentRepackCostTime:259.494s , currentRepackMaxTime:351.34019626168225s
iter152		 Improve solution by repack 0.7873437919914003->0.7872107632356894 , unplacedBoxesSize:15
currentRepackCostTime:262.134s , currentRepackMaxTime:351.34019626168225s
iter42		 Improve solution by repack 0.7872107632356894->0.7859610991668907 , unplacedBoxesSize:12
currentRepackCostTime:262.932s , currentRepackMaxTime:351.34019626168225s
iter34		 Improve solution by repack 0.7859610991668907->0.7835617105616769 , unplacedBoxesSize:17
currentRepackCostTime:263.456s , currentRepackMaxTime:351.34019626168225s
iter2		 Improve solution by repack 0.7835617105616769->0.7823679790378931 , unplacedBoxesSize:17
currentRepackCostTime:263.485s , currentRepackMaxTime:351.34019626168225s
iter6		 Improve solution by repack 0.7823679790378931->0.7808354608976081 , unplacedBoxesSize:16
currentRepackCostTime:263.596s , currentRepackMaxTime:351.34019626168225s
iter113		 Improve solution by repack 0.7808354608976081->0.7793393912926632 , unplacedBoxesSize:17
currentRepackCostTime:265.83s , currentRepackMaxTime:351.34019626168225s
iter27		 Improve solution by repack 0.7793393912926632->0.7779788699274389 , unplacedBoxesSize:15
currentRepackCostTime:266.353s , currentRepackMaxTime:351.34019626168225s
iter180		 Improve solution by repack 0.7779788699274389->0.7777175154528352 , unplacedBoxesSize:15
currentRepackCostTime:269.801s , currentRepackMaxTime:351.34019626168225s
iter48		 Improve solution by repack 0.7777175154528352->0.7766289303950551 , unplacedBoxesSize:15
currentRepackCostTime:270.724s , currentRepackMaxTime:351.34019626168225s
iter31		 Improve solution by repack 0.7766289303950551->0.7723894786347756 , unplacedBoxesSize:16
currentRepackCostTime:271.32s , currentRepackMaxTime:351.34019626168225s
iter53		 Improve solution by repack 0.7723894786347756->0.7709444705724267 , unplacedBoxesSize:13
currentRepackCostTime:272.339s , currentRepackMaxTime:351.34019626168225s
Selecting boards with low utilization for repacking...
iter3		 Improve solution by repack 0.9847976014512227->0.7930220370868046 , unplacedBoxesSize:9
currentRepackCostTime:279.851s , currentRepackMaxTime:351.34019626168225s
iter3		 Improve solution by repack 0.7930220370868046->0.790583848427842 , unplacedBoxesSize:5
currentRepackCostTime:279.891s , currentRepackMaxTime:351.34019626168225s
iter9		 Improve solution by repack 0.790583848427842->0.7897801330287556 , unplacedBoxesSize:5
currentRepackCostTime:279.993s , currentRepackMaxTime:351.34019626168225s
iter55		 Improve solution by repack 0.7897801330287556->0.776781779091642 , unplacedBoxesSize:5
currentRepackCostTime:280.555s , currentRepackMaxTime:351.34019626168225s
Selecting boards with low utilization for repacking...
iter6		 Improve solution by repack 0.9843325047030368->0.9786574509540445 , unplacedBoxesSize:8
currentRepackCostTime:286.924s , currentRepackMaxTime:351.34019626168225s
iter8		 Improve solution by repack 0.9786574509540445->0.7863302875571082 , unplacedBoxesSize:5
currentRepackCostTime:287.003s , currentRepackMaxTime:351.34019626168225s
iter49		 Improve solution by repack 0.7863302875571082->0.7858828271969901 , unplacedBoxesSize:5
currentRepackCostTime:287.521s , currentRepackMaxTime:351.34019626168225s
iter220		 Improve solution by repack 0.7858828271969901->0.7760642300456866 , unplacedBoxesSize:5
currentRepackCostTime:289.871s , currentRepackMaxTime:351.34019626168225s
iter18		 Improve solution by repack 0.7760642300456866->0.7756772373018006 , unplacedBoxesSize:5
currentRepackCostTime:290.077s , currentRepackMaxTime:351.34019626168225s
Selecting boards with low utilization for repacking...
iter9		 Improve solution by repack 0.9864335864015049->0.8271838887395861 , unplacedBoxesSize:8
currentRepackCostTime:294.007s , currentRepackMaxTime:351.34019626168225s
iter33		 Improve solution by repack 0.8271838887395861->0.8198799045955388 , unplacedBoxesSize:11
currentRepackCostTime:294.45s , currentRepackMaxTime:351.34019626168225s
iter32		 Improve solution by repack 0.8198799045955388->0.814680193496372 , unplacedBoxesSize:12
currentRepackCostTime:294.946s , currentRepackMaxTime:351.34019626168225s
iter32		 Improve solution by repack 0.814680193496372->0.8106728701961838 , unplacedBoxesSize:12
currentRepackCostTime:295.444s , currentRepackMaxTime:351.34019626168225s
iter8		 Improve solution by repack 0.8106728701961838->0.8022823165815641 , unplacedBoxesSize:18
currentRepackCostTime:295.569s , currentRepackMaxTime:351.34019626168225s
iter10		 Improve solution by repack 0.8022823165815641->0.8021911112604138 , unplacedBoxesSize:16
currentRepackCostTime:295.778s , currentRepackMaxTime:351.34019626168225s
iter27		 Improve solution by repack 0.8021911112604138->0.8000136052136523 , unplacedBoxesSize:17
currentRepackCostTime:296.327s , currentRepackMaxTime:351.34019626168225s
iter23		 Improve solution by repack 0.8000136052136523->0.7996230851921526 , unplacedBoxesSize:17
currentRepackCostTime:296.838s , currentRepackMaxTime:351.34019626168225s
iter9		 Improve solution by repack 0.7996230851921526->0.7962478164471917 , unplacedBoxesSize:17
currentRepackCostTime:297.06s , currentRepackMaxTime:351.34019626168225s
iter7		 Improve solution by repack 0.7962478164471917->0.7936846613813491 , unplacedBoxesSize:14
currentRepackCostTime:297.221s , currentRepackMaxTime:351.34019626168225s
iter90		 Improve solution by repack 0.7936846613813491->0.7915708142972319 , unplacedBoxesSize:7
currentRepackCostTime:298.838s , currentRepackMaxTime:351.34019626168225s
iter104		 Improve solution by repack 0.7915708142972319->0.786601048105348 , unplacedBoxesSize:6
currentRepackCostTime:300.158s , currentRepackMaxTime:351.34019626168225s
iter311		 Improve solution by repack 0.786601048105348->0.785275799516259 , unplacedBoxesSize:5
currentRepackCostTime:303.765s , currentRepackMaxTime:351.34019626168225s
iter66		 Improve solution by repack 0.785275799516259->0.784126578876646 , unplacedBoxesSize:12
currentRepackCostTime:304.519s , currentRepackMaxTime:351.34019626168225s
iter21		 Improve solution by repack 0.784126578876646->0.784037221177103 , unplacedBoxesSize:10
currentRepackCostTime:304.897s , currentRepackMaxTime:351.34019626168225s
iter5		 Improve solution by repack 0.784037221177103->0.7793872614888471 , unplacedBoxesSize:8
currentRepackCostTime:304.947s , currentRepackMaxTime:351.34019626168225s
iter189		 Improve solution by repack 0.7793872614888471->0.7793382155334588 , unplacedBoxesSize:8
currentRepackCostTime:307.185s , currentRepackMaxTime:351.34019626168225s
Selecting boards with low utilization for repacking...
iter16		 Improve solution by repack 0.9858875302338082->0.803654427573233 , unplacedBoxesSize:13
currentRepackCostTime:315.058s , currentRepackMaxTime:351.34019626168225s
iter55		 Improve solution by repack 0.803654427573233->0.8003461771029293 , unplacedBoxesSize:13
currentRepackCostTime:316.06s , currentRepackMaxTime:351.34019626168225s
iter7		 Improve solution by repack 0.8003461771029293->0.7966050792797635 , unplacedBoxesSize:13
currentRepackCostTime:316.19100000000003s , currentRepackMaxTime:351.34019626168225s
iter13		 Improve solution by repack 0.7966050792797635->0.7922016930932545 , unplacedBoxesSize:9
currentRepackCostTime:316.407s , currentRepackMaxTime:351.34019626168225s
iter22		 Improve solution by repack 0.7922016930932545->0.7905845202902446 , unplacedBoxesSize:9
currentRepackCostTime:316.684s , currentRepackMaxTime:351.34019626168225s
iter319		 Improve solution by repack 0.7905845202902446->0.7903752351518409 , unplacedBoxesSize:9
currentRepackCostTime:321.019s , currentRepackMaxTime:351.34019626168225s
iter29		 Improve solution by repack 0.7903752351518409->0.7886947393173878 , unplacedBoxesSize:10
currentRepackCostTime:321.425s , currentRepackMaxTime:351.34019626168225s
iter48		 Improve solution by repack 0.7886947393173878->0.7886060534802473 , unplacedBoxesSize:9
currentRepackCostTime:322.099s , currentRepackMaxTime:351.34019626168225s
Selecting boards with low utilization for repacking...
iter4		 Improve solution by repack 0.9741447191615157->0.7886060534802473 , unplacedBoxesSize:9
currentRepackCostTime:328.637s , currentRepackMaxTime:351.34019626168225s
Selecting boards with low utilization for repacking...
iter20		 Improve solution by repack 0.9750537489922063->0.8134920048374094 , unplacedBoxesSize:10
currentRepackCostTime:337.855s , currentRepackMaxTime:351.34019626168225s
iter8		 Improve solution by repack 0.8134920048374094->0.8126313490997045 , unplacedBoxesSize:10
currentRepackCostTime:337.967s , currentRepackMaxTime:351.34019626168225s
iter20		 Improve solution by repack 0.8126313490997045->0.8120965466272507 , unplacedBoxesSize:12
currentRepackCostTime:338.246s , currentRepackMaxTime:351.34019626168225s
iter1		 Improve solution by repack 0.8120965466272507->0.8086347755979576 , unplacedBoxesSize:11
currentRepackCostTime:338.258s , currentRepackMaxTime:351.34019626168225s
iter17		 Improve solution by repack 0.8086347755979576->0.8036626578876647 , unplacedBoxesSize:10
currentRepackCostTime:338.52s , currentRepackMaxTime:351.34019626168225s
iter80		 Improve solution by repack 0.8036626578876647->0.8023812483203441 , unplacedBoxesSize:11
currentRepackCostTime:339.649s , currentRepackMaxTime:351.34019626168225s
iter61		 Improve solution by repack 0.8023812483203441->0.799046627250739 , unplacedBoxesSize:9
currentRepackCostTime:340.592s , currentRepackMaxTime:351.34019626168225s
iter47		 Improve solution by repack 0.799046627250739->0.7952170115560333 , unplacedBoxesSize:9
currentRepackCostTime:341.18600000000004s , currentRepackMaxTime:351.34019626168225s
iter117		 Improve solution by repack 0.7952170115560333->0.7947465399086266 , unplacedBoxesSize:14
currentRepackCostTime:342.863s , currentRepackMaxTime:351.34019626168225s
iter24		 Improve solution by repack 0.7947465399086266->0.7905267401236227 , unplacedBoxesSize:7
currentRepackCostTime:343.265s , currentRepackMaxTime:351.34019626168225s
iter210		 Improve solution by repack 0.7905267401236227->0.7868924684224671 , unplacedBoxesSize:9
currentRepackCostTime:345.87600000000003s , currentRepackMaxTime:351.34019626168225s
iter144		 Improve solution by repack 0.7868924684224671->0.7858035474334857 , unplacedBoxesSize:7
currentRepackCostTime:347.984s , currentRepackMaxTime:351.34019626168225s
