total number of nestable workpieces：124
Processing color group: 0 (1/2), boxes: 47
Allocated time: 227.4s
searchTime: 1000
Start nesting on the 1th large board, remaining blocks count: 51
Utilization of the 1th large board: 96.8463282719699, Time taken for this board: 0.14100000000000001s
-------------------------------------------------------------------
Start nesting on the 2th large board, remaining blocks count: 46
Utilization of the 2th large board: 97.62999193765116, Time taken for this board: 0.47800000000000004s
-------------------------------------------------------------------
Start nesting on the 3th large board, remaining blocks count: 30
Utilization of the 3th large board: 98.37355213652245, Time taken for this board: 0.544s
-------------------------------------------------------------------
Start nesting on the 4th large board, remaining blocks count: 18
Utilization of the 4th large board: 84.89255240526741, Time taken for this board: 0.56s
-------------------------------------------------------------------
Found solution: 4


Start improving solution by repacking.
Selecting boards with low utilization for repacking...
Selecting boards with low utilization for repacking...
iter1		 Improve solution by repack 0.9684632827196991->0.8518586737436173 , unplacedBoxesSize:12
currentRepackCostTime:0.076s , currentRepackMaxTime:226.85935483870966s
Selecting boards with low utilization for repacking...
iter1		 Improve solution by repack 0.9762999193765116->0.8465577465735018 , unplacedBoxesSize:12
currentRepackCostTime:0.21s , currentRepackMaxTime:226.85935483870966s
Selecting boards with low utilization for repacking...
iter1		 Improve solution by repack 0.9837355213652244->0.8895465264713788 , unplacedBoxesSize:15
currentRepackCostTime:0.34700000000000003s , currentRepackMaxTime:226.85935483870966s
iter1		 Improve solution by repack 0.8895465264713788->0.8658263907551733 , unplacedBoxesSize:15
currentRepackCostTime:0.373s , currentRepackMaxTime:226.85935483870966s
iter1		 Improve solution by repack 0.8658263907551733->0.8644991265788767 , unplacedBoxesSize:13
currentRepackCostTime:0.399s , currentRepackMaxTime:226.85935483870966s
iter2		 Improve solution by repack 0.8644991265788767->0.8510813625369523 , unplacedBoxesSize:14
currentRepackCostTime:0.437s , currentRepackMaxTime:226.85935483870966s
Selecting boards with low utilization for repacking...
All low-utilization boards have been repacked once. Restarting repacking process...
Selecting boards with low utilization for repacking...
Selecting boards with low utilization for repacking...
iter1		 Improve solution by repack 0.9744504165546896->0.8596808653587744 , unplacedBoxesSize:13
currentRepackCostTime:0.616s , currentRepackMaxTime:226.85935483870966s
iter1		 Improve solution by repack 0.8596808653587744->0.8519591507659231 , unplacedBoxesSize:12
currentRepackCostTime:0.634s , currentRepackMaxTime:226.85935483870966s
iter1		 Improve solution by repack 0.8519591507659231->0.8507801666218758 , unplacedBoxesSize:15
currentRepackCostTime:0.653s , currentRepackMaxTime:226.85935483870966s
iter1		 Improve solution by repack 0.8507801666218758->0.8446269819940876 , unplacedBoxesSize:16
currentRepackCostTime:0.676s , currentRepackMaxTime:226.85935483870966s
Selecting boards with low utilization for repacking...
iter1		 Improve solution by repack 0.9699325450147809->0.8468804084923407 , unplacedBoxesSize:17
currentRepackCostTime:0.8140000000000001s , currentRepackMaxTime:226.85935483870966s
Selecting boards with low utilization for repacking...
iter2		 Improve solution by repack 0.9813580018812147->0.8468804084923407 , unplacedBoxesSize:17
currentRepackCostTime:0.971s , currentRepackMaxTime:226.85935483870966s
Selecting boards with low utilization for repacking...
All low-utilization boards have been repacked once. Restarting repacking process...
Selecting boards with low utilization for repacking...
Selecting boards with low utilization for repacking...
iter2		 Improve solution by repack 0.9676791185165278->0.8468804084923407 , unplacedBoxesSize:17
currentRepackCostTime:1.175s , currentRepackMaxTime:226.85935483870966s
Selecting boards with low utilization for repacking...
iter1		 Improve solution by repack 0.9813580018812147->0.8563280704111798 , unplacedBoxesSize:17
currentRepackCostTime:1.298s , currentRepackMaxTime:226.85935483870966s
Selecting boards with low utilization for repacking...
iter1		 Improve solution by repack 0.9815067186240257->0.8468804084923407 , unplacedBoxesSize:17
currentRepackCostTime:1.437s , currentRepackMaxTime:226.85935483870966s
Selecting boards with low utilization for repacking...
All low-utilization boards have been repacked once. Restarting repacking process...
Processing color group: 1 (2/2), boxes: 77
Allocated time: 372.6s
searchTime: 1000
Start nesting on the 1th large board, remaining blocks count: 77
Utilization of the 1th large board: 97.95780704111797, Time taken for this board: 0.756s
-------------------------------------------------------------------
Start nesting on the 2th large board, remaining blocks count: 74
Utilization of the 2th large board: 98.09702532921257, Time taken for this board: 1.756s
-------------------------------------------------------------------
Start nesting on the 3th large board, remaining blocks count: 59
Utilization of the 3th large board: 99.12795619457135, Time taken for this board: 2.145s
-------------------------------------------------------------------
Start nesting on the 4th large board, remaining blocks count: 45
Utilization of the 4th large board: 97.57988443966676, Time taken for this board: 2.322s
-------------------------------------------------------------------
Start nesting on the 5th large board, remaining blocks count: 34
Utilization of the 5th large board: 97.7650497178178, Time taken for this board: 2.512s
-------------------------------------------------------------------
Start nesting on the 6th large board, remaining blocks count: 21
Utilization of the 6th large board: 79.82635716205321, Time taken for this board: 2.537s
-------------------------------------------------------------------
Found solution: 6


Start improving solution by repacking.
Selecting boards with low utilization for repacking...
Selecting boards with low utilization for repacking...
iter2		 Improve solution by repack 0.9757988443966675->0.8279452768073099 , unplacedBoxesSize:11
currentRepackCostTime:0.41400000000000003s , currentRepackMaxTime:370.0436451612903s
iter7		 Improve solution by repack 0.8279452768073099->0.8152516124697662 , unplacedBoxesSize:13
currentRepackCostTime:0.647s , currentRepackMaxTime:370.0436451612903s
iter1		 Improve solution by repack 0.8152516124697662->0.8136992743886052 , unplacedBoxesSize:14
currentRepackCostTime:0.6920000000000001s , currentRepackMaxTime:370.0436451612903s
iter2		 Improve solution by repack 0.8136992743886052->0.807239317387799 , unplacedBoxesSize:13
currentRepackCostTime:0.767s , currentRepackMaxTime:370.0436451612903s
iter1		 Improve solution by repack 0.807239317387799->0.8071859043267938 , unplacedBoxesSize:15
currentRepackCostTime:0.8210000000000001s , currentRepackMaxTime:370.0436451612903s
iter2		 Improve solution by repack 0.8071859043267938->0.8065301666218758 , unplacedBoxesSize:13
currentRepackCostTime:0.892s , currentRepackMaxTime:370.0436451612903s
iter9		 Improve solution by repack 0.8065301666218758->0.800033593120129 , unplacedBoxesSize:18
currentRepackCostTime:1.1400000000000001s , currentRepackMaxTime:370.0436451612903s
iter1		 Improve solution by repack 0.800033593120129->0.7891165009406074 , unplacedBoxesSize:18
currentRepackCostTime:1.17s , currentRepackMaxTime:370.0436451612903s
iter8		 Improve solution by repack 0.7891165009406074->0.787306503628057 , unplacedBoxesSize:15
currentRepackCostTime:1.469s , currentRepackMaxTime:370.0436451612903s
Selecting boards with low utilization for repacking...
iter2		 Improve solution by repack 0.9723149019080892->0.80908593120129 , unplacedBoxesSize:17
currentRepackCostTime:2.188s , currentRepackMaxTime:370.0436451612903s
iter1		 Improve solution by repack 0.80908593120129->0.8039727223864553 , unplacedBoxesSize:13
currentRepackCostTime:2.238s , currentRepackMaxTime:370.0436451612903s
iter1		 Improve solution by repack 0.8039727223864553->0.7966131416285945 , unplacedBoxesSize:18
currentRepackCostTime:2.2640000000000002s , currentRepackMaxTime:370.0436451612903s
Selecting boards with low utilization for repacking...
iter3		 Improve solution by repack 0.9758509137328675->0.9709070142434829 , unplacedBoxesSize:15
currentRepackCostTime:2.981s , currentRepackMaxTime:370.0436451612903s
iter1		 Improve solution by repack 0.9709070142434829->0.814482833915614 , unplacedBoxesSize:15
currentRepackCostTime:3.0180000000000002s , currentRepackMaxTime:370.0436451612903s
iter1		 Improve solution by repack 0.814482833915614->0.8107178849771567 , unplacedBoxesSize:15
currentRepackCostTime:3.0700000000000003s , currentRepackMaxTime:370.0436451612903s
iter4		 Improve solution by repack 0.8107178849771567->0.8023128863208815 , unplacedBoxesSize:14
currentRepackCostTime:3.204s , currentRepackMaxTime:370.0436451612903s
iter4		 Improve solution by repack 0.8023128863208815->0.7888081160978232 , unplacedBoxesSize:14
currentRepackCostTime:3.371s , currentRepackMaxTime:370.0436451612903s
Selecting boards with low utilization for repacking...
iter1		 Improve solution by repack 0.9730378258532654->0.813142720370868 , unplacedBoxesSize:14
currentRepackCostTime:4.023s , currentRepackMaxTime:370.0436451612903s
iter1		 Improve solution by repack 0.813142720370868->0.8025331732061274 , unplacedBoxesSize:18
currentRepackCostTime:4.063s , currentRepackMaxTime:370.0436451612903s
iter1		 Improve solution by repack 0.8025331732061274->0.7976432746573502 , unplacedBoxesSize:17
currentRepackCostTime:4.091s , currentRepackMaxTime:370.0436451612903s
Selecting boards with low utilization for repacking...
iter1		 Improve solution by repack 0.9859752082773448->0.9734147406611126 , unplacedBoxesSize:13
currentRepackCostTime:4.712s , currentRepackMaxTime:370.0436451612903s
iter3		 Improve solution by repack 0.9734147406611126->0.8086738276001075 , unplacedBoxesSize:12
currentRepackCostTime:4.8100000000000005s , currentRepackMaxTime:370.0436451612903s
iter5		 Improve solution by repack 0.8086738276001075->0.8035428144316044 , unplacedBoxesSize:15
currentRepackCostTime:4.952s , currentRepackMaxTime:370.0436451612903s
iter3		 Improve solution by repack 0.8035428144316044->0.8026108572964258 , unplacedBoxesSize:18
currentRepackCostTime:5.066s , currentRepackMaxTime:370.0436451612903s
iter4		 Improve solution by repack 0.8026108572964258->0.8024265150497178 , unplacedBoxesSize:16
currentRepackCostTime:5.223s , currentRepackMaxTime:370.0436451612903s
iter9		 Improve solution by repack 0.8024265150497178->0.7992031711905402 , unplacedBoxesSize:18
currentRepackCostTime:5.546s , currentRepackMaxTime:370.0436451612903s
iter1		 Improve solution by repack 0.7992031711905402->0.7947262160709486 , unplacedBoxesSize:14
currentRepackCostTime:5.588s , currentRepackMaxTime:370.0436451612903s
iter1		 Improve solution by repack 0.7947262160709486->0.7929504837409298 , unplacedBoxesSize:15
currentRepackCostTime:5.63s , currentRepackMaxTime:370.0436451612903s
iter2		 Improve solution by repack 0.7929504837409298->0.7905314431604407 , unplacedBoxesSize:17
currentRepackCostTime:5.6690000000000005s , currentRepackMaxTime:370.0436451612903s
Selecting boards with low utilization for repacking...
All low-utilization boards have been repacked once. Restarting repacking process...
Selecting boards with low utilization for repacking...
Selecting boards with low utilization for repacking...
iter2		 Improve solution by repack 0.9757196486159635->0.8002499328137598 , unplacedBoxesSize:22
currentRepackCostTime:6.538s , currentRepackMaxTime:370.0436451612903s
iter3		 Improve solution by repack 0.8002499328137598->0.7944776269819941 , unplacedBoxesSize:23
currentRepackCostTime:6.628s , currentRepackMaxTime:370.0436451612903s
iter1		 Improve solution by repack 0.7944776269819941->0.7891678984144048 , unplacedBoxesSize:24
currentRepackCostTime:6.664s , currentRepackMaxTime:370.0436451612903s
iter6		 Improve solution by repack 0.7891678984144048->0.7810165278151034 , unplacedBoxesSize:15
currentRepackCostTime:6.9590000000000005s , currentRepackMaxTime:370.0436451612903s
Selecting boards with low utilization for repacking...
iter1		 Improve solution by repack 0.977544006987369->0.7813017334049986 , unplacedBoxesSize:15
currentRepackCostTime:7.686s , currentRepackMaxTime:370.0436451612903s
iter10		 Improve solution by repack 0.7813017334049986->0.7810165278151034 , unplacedBoxesSize:15
currentRepackCostTime:8.061s , currentRepackMaxTime:370.0436451612903s
iter10		 Improve solution by repack 0.7810165278151034->0.7788363343187316 , unplacedBoxesSize:13
currentRepackCostTime:8.447000000000001s , currentRepackMaxTime:370.0436451612903s
Selecting boards with low utilization for repacking...
iter1		 Improve solution by repack 0.982848696586939->0.8125201558720774 , unplacedBoxesSize:15
currentRepackCostTime:9.128s , currentRepackMaxTime:370.0436451612903s
iter4		 Improve solution by repack 0.8125201558720774->0.8021180462241333 , unplacedBoxesSize:13
currentRepackCostTime:9.274000000000001s , currentRepackMaxTime:370.0436451612903s
iter6		 Improve solution by repack 0.8021180462241333->0.8010743079817253 , unplacedBoxesSize:16
currentRepackCostTime:9.491s , currentRepackMaxTime:370.0436451612903s
iter8		 Improve solution by repack 0.8010743079817253->0.7853083848427842 , unplacedBoxesSize:14
currentRepackCostTime:9.77s , currentRepackMaxTime:370.0436451612903s
iter1		 Improve solution by repack 0.7853083848427842->0.7821410575114216 , unplacedBoxesSize:12
currentRepackCostTime:9.798s , currentRepackMaxTime:370.0436451612903s
iter10		 Improve solution by repack 0.7821410575114216->0.7818770155872077 , unplacedBoxesSize:12
currentRepackCostTime:10.124s , currentRepackMaxTime:370.0436451612903s
Selecting boards with low utilization for repacking...
iter4		 Improve solution by repack 0.9873011287288364->0.8031601048105348 , unplacedBoxesSize:12
currentRepackCostTime:10.532s , currentRepackMaxTime:370.0436451612903s
Selecting boards with low utilization for repacking...
iter1		 Improve solution by repack 0.982544006987369->0.9810857296425692 , unplacedBoxesSize:12
currentRepackCostTime:11.08s , currentRepackMaxTime:370.0436451612903s
iter3		 Improve solution by repack 0.9810857296425692->0.980583848427842 , unplacedBoxesSize:15
currentRepackCostTime:11.19s , currentRepackMaxTime:370.0436451612903s
iter2		 Improve solution by repack 0.980583848427842->0.8349939532383768 , unplacedBoxesSize:12
currentRepackCostTime:11.267s , currentRepackMaxTime:370.0436451612903s
iter6		 Improve solution by repack 0.8349939532383768->0.8313719430260682 , unplacedBoxesSize:12
currentRepackCostTime:11.477s , currentRepackMaxTime:370.0436451612903s
iter3		 Improve solution by repack 0.8313719430260682->0.822983069067455 , unplacedBoxesSize:15
currentRepackCostTime:11.564s , currentRepackMaxTime:370.0436451612903s
iter1		 Improve solution by repack 0.822983069067455->0.810168973394249 , unplacedBoxesSize:16
currentRepackCostTime:11.616s , currentRepackMaxTime:370.0436451612903s
iter3		 Improve solution by repack 0.810168973394249->0.8026864418167159 , unplacedBoxesSize:16
currentRepackCostTime:11.718s , currentRepackMaxTime:370.0436451612903s
iter5		 Improve solution by repack 0.8026864418167159->0.7964975812953508 , unplacedBoxesSize:18
currentRepackCostTime:11.916s , currentRepackMaxTime:370.0436451612903s
iter1		 Improve solution by repack 0.7964975812953508->0.7880610051061543 , unplacedBoxesSize:15
currentRepackCostTime:11.947000000000001s , currentRepackMaxTime:370.0436451612903s
Selecting boards with low utilization for repacking...
All low-utilization boards have been repacked once. Restarting repacking process...
Selecting boards with low utilization for repacking...
Selecting boards with low utilization for repacking...
iter3		 Improve solution by repack 0.9768076457941414->0.7880610051061543 , unplacedBoxesSize:15
currentRepackCostTime:12.977s , currentRepackMaxTime:370.0436451612903s
Selecting boards with low utilization for repacking...
iter3		 Improve solution by repack 0.9774929454447729->0.8008465466272507 , unplacedBoxesSize:17
currentRepackCostTime:13.685s , currentRepackMaxTime:370.0436451612903s
Selecting boards with low utilization for repacking...
iter1		 Improve solution by repack 0.9783664505509272->0.9771746506315506 , unplacedBoxesSize:13
currentRepackCostTime:14.371s , currentRepackMaxTime:370.0436451612903s
iter1		 Improve solution by repack 0.9771746506315506->0.810172668637463 , unplacedBoxesSize:14
currentRepackCostTime:14.405000000000001s , currentRepackMaxTime:370.0436451612903s
iter4		 Improve solution by repack 0.810172668637463->0.8036050456866433 , unplacedBoxesSize:19
currentRepackCostTime:14.556000000000001s , currentRepackMaxTime:370.0436451612903s
iter9		 Improve solution by repack 0.8036050456866433->0.7974783324375168 , unplacedBoxesSize:18
currentRepackCostTime:14.871s , currentRepackMaxTime:370.0436451612903s
iter1		 Improve solution by repack 0.7974783324375168->0.7899902579951626 , unplacedBoxesSize:16
currentRepackCostTime:14.902000000000001s , currentRepackMaxTime:370.0436451612903s
Selecting boards with low utilization for repacking...
iter3		 Improve solution by repack 0.9790862671324914->0.8095649690943294 , unplacedBoxesSize:16
currentRepackCostTime:15.552s , currentRepackMaxTime:370.0436451612903s
iter3		 Improve solution by repack 0.8095649690943294->0.8067129131953775 , unplacedBoxesSize:17
currentRepackCostTime:15.641s , currentRepackMaxTime:370.0436451612903s
iter3		 Improve solution by repack 0.8067129131953775->0.8049936173071756 , unplacedBoxesSize:18
currentRepackCostTime:15.76s , currentRepackMaxTime:370.0436451612903s
iter2		 Improve solution by repack 0.8049936173071756->0.8047517468422467 , unplacedBoxesSize:17
currentRepackCostTime:15.822000000000001s , currentRepackMaxTime:370.0436451612903s
Selecting boards with low utilization for repacking...
iter1		 Improve solution by repack 0.9855300994356356->0.7995182746573501 , unplacedBoxesSize:17
currentRepackCostTime:16.566s , currentRepackMaxTime:370.0436451612903s
iter1		 Improve solution by repack 0.7995182746573501->0.7906423844396667 , unplacedBoxesSize:17
currentRepackCostTime:16.599s , currentRepackMaxTime:370.0436451612903s
Selecting boards with low utilization for repacking...
All low-utilization boards have been repacked once. Restarting repacking process...
